{"timestamp":"2025-12-07T03:48:07.987633","level":"info","event":"DAG bundles loaded: dags-folder, example_dags","logger":"airflow.dag_processing.bundles.manager.DagBundlesManager"}
{"timestamp":"2025-12-07T03:48:07.988367","level":"info","event":"Filling up the DagBag from /opt/airflow/dags/music_load_dag.py","logger":"airflow.models.dagbag.DagBag"}
{"timestamp":"2025-12-07T03:48:08.079975Z","level":"info","event":"postgresql+psycopg2://airflow:airflow@postgres/airflow","chan":"stdout","logger":"task"}
{"timestamp":"2025-12-07T03:48:08.114570Z","level":"info","event":"Task instance is in running state","chan":"stdout","logger":"task"}
{"timestamp":"2025-12-07T03:48:08.114790Z","level":"info","event":" Previous state of the Task instance: TaskInstanceState.QUEUED","chan":"stdout","logger":"task"}
{"timestamp":"2025-12-07T03:48:08.114906Z","level":"info","event":"Current task name:load_music_data","chan":"stdout","logger":"task"}
{"timestamp":"2025-12-07T03:48:08.114988Z","level":"info","event":"Dag name:weekly_music_pipeline","chan":"stdout","logger":"task"}
{"timestamp":"2025-12-07T03:48:24.309535Z","level":"info","event":"  Searching Spotify for 100 songs...","chan":"stdout","logger":"task"}
{"timestamp":"2025-12-07T03:48:24.314071Z","level":"info","event":"  Processing song 1/100: Blurred Lines by Robin Thicke Featuring T.I. + Pharrell","chan":"stdout","logger":"task"}
{"timestamp":"2025-12-07T03:48:25.117013Z","level":"info","event":"1","chan":"stdout","logger":"task"}
{"timestamp":"2025-12-07T03:48:25.816343Z","level":"info","event":"2","chan":"stdout","logger":"task"}
{"timestamp":"2025-12-07T03:48:26.789408Z","level":"info","event":"3","chan":"stdout","logger":"task"}
{"timestamp":"2025-12-07T03:48:27.784863Z","level":"info","event":"4","chan":"stdout","logger":"task"}
{"timestamp":"2025-12-07T03:48:28.598212Z","level":"info","event":"5","chan":"stdout","logger":"task"}
{"timestamp":"2025-12-07T03:48:29.250914Z","level":"info","event":"6","chan":"stdout","logger":"task"}
{"timestamp":"2025-12-07T03:48:29.926475Z","level":"info","event":"7","chan":"stdout","logger":"task"}
{"timestamp":"2025-12-07T03:48:30.642814Z","level":"info","event":"8","chan":"stdout","logger":"task"}
{"timestamp":"2025-12-07T03:48:31.220897Z","level":"info","event":"9","chan":"stdout","logger":"task"}
{"timestamp":"2025-12-07T03:48:31.223818Z","level":"info","event":"  Processing song 10/100: I Love It by Icona Pop Featuring Charli xcx","chan":"stdout","logger":"task"}
{"timestamp":"2025-12-07T03:48:31.996721Z","level":"info","event":"10","chan":"stdout","logger":"task"}
{"timestamp":"2025-12-07T03:48:32.794600Z","level":"info","event":"11","chan":"stdout","logger":"task"}
{"timestamp":"2025-12-07T03:48:33.463639Z","level":"info","event":"12","chan":"stdout","logger":"task"}
{"timestamp":"2025-12-07T03:48:34.278646Z","level":"info","event":"13","chan":"stdout","logger":"task"}
{"timestamp":"2025-12-07T03:48:35.089995Z","level":"info","event":"14","chan":"stdout","logger":"task"}
{"timestamp":"2025-12-07T03:48:35.888106Z","level":"info","event":"15","chan":"stdout","logger":"task"}
{"timestamp":"2025-12-07T03:48:36.496694Z","level":"info","event":"16","chan":"stdout","logger":"task"}
{"timestamp":"2025-12-07T03:48:37.178836Z","level":"info","event":"17","chan":"stdout","logger":"task"}
{"timestamp":"2025-12-07T03:48:37.813026Z","level":"info","event":"18","chan":"stdout","logger":"task"}
{"timestamp":"2025-12-07T03:48:38.563035Z","level":"info","event":"19","chan":"stdout","logger":"task"}
{"timestamp":"2025-12-07T03:48:38.564082Z","level":"info","event":"  Processing song 20/100: Here's To Never Growing Up by Avril Lavigne","chan":"stdout","logger":"task"}
{"timestamp":"2025-12-07T03:48:39.451943Z","level":"info","event":"20","chan":"stdout","logger":"task"}
{"timestamp":"2025-12-07T03:48:40.051109Z","level":"info","event":"21","chan":"stdout","logger":"task"}
{"timestamp":"2025-12-07T03:48:40.657782Z","level":"info","event":"22","chan":"stdout","logger":"task"}
{"timestamp":"2025-12-07T03:48:41.457141Z","level":"info","event":"23","chan":"stdout","logger":"task"}
{"timestamp":"2025-12-07T03:48:42.181205Z","level":"info","event":"24","chan":"stdout","logger":"task"}
{"timestamp":"2025-12-07T03:48:43.140333Z","level":"info","event":"25","chan":"stdout","logger":"task"}
{"timestamp":"2025-12-07T03:48:43.813425Z","level":"info","event":"26","chan":"stdout","logger":"task"}
{"timestamp":"2025-12-07T03:48:44.554432Z","level":"info","event":"27","chan":"stdout","logger":"task"}
{"timestamp":"2025-12-07T03:48:45.295446Z","level":"info","event":"28","chan":"stdout","logger":"task"}
{"timestamp":"2025-12-07T03:48:46.037239Z","level":"info","event":"29","chan":"stdout","logger":"task"}
{"timestamp":"2025-12-07T03:48:46.038750Z","level":"info","event":"  Processing song 30/100: I Need Your Love by Calvin Harris Featuring Ellie Goulding","chan":"stdout","logger":"task"}
{"timestamp":"2025-12-07T03:48:46.857373Z","level":"info","event":"30","chan":"stdout","logger":"task"}
{"timestamp":"2025-12-07T03:48:47.523520Z","level":"info","event":"31","chan":"stdout","logger":"task"}
{"timestamp":"2025-12-07T03:48:48.221787Z","level":"info","event":"32","chan":"stdout","logger":"task"}
{"timestamp":"2025-12-07T03:48:48.942833Z","level":"info","event":"33","chan":"stdout","logger":"task"}
{"timestamp":"2025-12-07T03:48:49.809640Z","level":"info","event":"34","chan":"stdout","logger":"task"}
{"timestamp":"2025-12-07T03:48:50.768221Z","level":"info","event":"35","chan":"stdout","logger":"task"}
{"timestamp":"2025-12-07T03:48:51.475861Z","level":"info","event":"36","chan":"stdout","logger":"task"}
{"timestamp":"2025-12-07T03:48:52.071156Z","level":"info","event":"37","chan":"stdout","logger":"task"}
{"timestamp":"2025-12-07T03:48:52.968436Z","level":"info","event":"38","chan":"stdout","logger":"task"}
{"timestamp":"2025-12-07T03:48:53.789539Z","level":"info","event":"39","chan":"stdout","logger":"task"}
{"timestamp":"2025-12-07T03:48:53.790284Z","level":"info","event":"  Processing song 40/100: Body Party by Ciara","chan":"stdout","logger":"task"}
{"timestamp":"2025-12-07T03:48:54.927968Z","level":"info","event":"40","chan":"stdout","logger":"task"}
{"timestamp":"2025-12-07T03:48:55.673351Z","level":"info","event":"41","chan":"stdout","logger":"task"}
{"timestamp":"2025-12-07T03:48:56.453859Z","level":"info","event":"42","chan":"stdout","logger":"task"}
{"timestamp":"2025-12-07T03:48:57.137954Z","level":"info","event":"43","chan":"stdout","logger":"task"}
{"timestamp":"2025-12-07T03:48:58.061687Z","level":"info","event":"44","chan":"stdout","logger":"task"}
{"timestamp":"2025-12-07T03:48:58.748913Z","level":"info","event":"45","chan":"stdout","logger":"task"}
{"timestamp":"2025-12-07T03:48:59.532658Z","level":"info","event":"46","chan":"stdout","logger":"task"}
{"timestamp":"2025-12-07T03:49:00.235061Z","level":"info","event":"47","chan":"stdout","logger":"task"}
{"timestamp":"2025-12-07T03:49:00.980625Z","level":"info","event":"48","chan":"stdout","logger":"task"}
{"timestamp":"2025-12-07T03:49:01.584904Z","level":"info","event":"49","chan":"stdout","logger":"task"}
{"timestamp":"2025-12-07T03:49:01.587754Z","level":"info","event":"  Processing song 50/100: Lego House by Ed Sheeran","chan":"stdout","logger":"task"}
{"timestamp":"2025-12-07T03:49:02.252244Z","level":"info","event":"50","chan":"stdout","logger":"task"}
{"timestamp":"2025-12-07T03:49:03.008963Z","level":"info","event":"51","chan":"stdout","logger":"task"}
{"timestamp":"2025-12-07T03:49:03.697645Z","level":"info","event":"52","chan":"stdout","logger":"task"}
{"timestamp":"2025-12-07T03:49:04.410931Z","level":"info","event":"53","chan":"stdout","logger":"task"}
{"timestamp":"2025-12-07T03:49:05.358666Z","level":"info","event":"54","chan":"stdout","logger":"task"}
{"timestamp":"2025-12-07T03:49:06.182085Z","level":"info","event":"55","chan":"stdout","logger":"task"}
{"timestamp":"2025-12-07T03:49:06.866608Z","level":"info","event":"56","chan":"stdout","logger":"task"}
{"timestamp":"2025-12-07T03:49:07.813084Z","level":"info","event":"57","chan":"stdout","logger":"task"}
{"timestamp":"2025-12-07T03:49:08.739990Z","level":"info","event":"58","chan":"stdout","logger":"task"}
{"timestamp":"2025-12-07T03:49:09.370575Z","level":"info","event":"59","chan":"stdout","logger":"task"}
{"timestamp":"2025-12-07T03:49:09.371294Z","level":"info","event":"  Processing song 60/100: Harlem Shake by Baauer","chan":"stdout","logger":"task"}
{"timestamp":"2025-12-07T03:49:10.030190Z","level":"info","event":"60","chan":"stdout","logger":"task"}
{"timestamp":"2025-12-07T03:49:10.728639Z","level":"info","event":"61","chan":"stdout","logger":"task"}
{"timestamp":"2025-12-07T03:49:11.340617Z","level":"info","event":"62","chan":"stdout","logger":"task"}
{"timestamp":"2025-12-07T03:49:12.005044Z","level":"info","event":"63","chan":"stdout","logger":"task"}
{"timestamp":"2025-12-07T03:49:12.935610Z","level":"info","event":"64","chan":"stdout","logger":"task"}
{"timestamp":"2025-12-07T03:49:13.571859Z","level":"info","event":"65","chan":"stdout","logger":"task"}
{"timestamp":"2025-12-07T03:49:14.291250Z","level":"info","event":"66","chan":"stdout","logger":"task"}
{"timestamp":"2025-12-07T03:49:14.987233Z","level":"info","event":"67","chan":"stdout","logger":"task"}
{"timestamp":"2025-12-07T03:49:15.814813Z","level":"info","event":"68","chan":"stdout","logger":"task"}
{"timestamp":"2025-12-07T03:49:16.485878Z","level":"info","event":"69","chan":"stdout","logger":"task"}
{"timestamp":"2025-12-07T03:49:16.486371Z","level":"info","event":"  Processing song 70/100: Jump Right In by Zac Brown Band","chan":"stdout","logger":"task"}
{"timestamp":"2025-12-07T03:49:17.245382Z","level":"info","event":"70","chan":"stdout","logger":"task"}
{"timestamp":"2025-12-07T03:49:17.919939Z","level":"info","event":"71","chan":"stdout","logger":"task"}
{"timestamp":"2025-12-07T03:49:18.776784Z","level":"info","event":"72","chan":"stdout","logger":"task"}
{"timestamp":"2025-12-07T03:49:19.449224Z","level":"info","event":"73","chan":"stdout","logger":"task"}
{"timestamp":"2025-12-07T03:49:20.529545Z","level":"info","event":"74","chan":"stdout","logger":"task"}
{"timestamp":"2025-12-07T03:49:21.239471Z","level":"info","event":"75","chan":"stdout","logger":"task"}
{"timestamp":"2025-12-07T03:49:22.065732Z","level":"info","event":"76","chan":"stdout","logger":"task"}
{"timestamp":"2025-12-07T03:49:23.181437Z","level":"info","event":"77","chan":"stdout","logger":"task"}
{"timestamp":"2025-12-07T03:49:23.858338Z","level":"info","event":"78","chan":"stdout","logger":"task"}
{"timestamp":"2025-12-07T03:49:24.541019Z","level":"info","event":"79","chan":"stdout","logger":"task"}
{"timestamp":"2025-12-07T03:49:24.543946Z","level":"info","event":"  Processing song 80/100: More Than Miles by Brantley Gilbert","chan":"stdout","logger":"task"}
{"timestamp":"2025-12-07T03:49:25.222237Z","level":"info","event":"80","chan":"stdout","logger":"task"}
{"timestamp":"2025-12-07T03:49:25.981210Z","level":"info","event":"81","chan":"stdout","logger":"task"}
{"timestamp":"2025-12-07T03:49:26.784346Z","level":"info","event":"82","chan":"stdout","logger":"task"}
{"timestamp":"2025-12-07T03:49:27.587554Z","level":"info","event":"83","chan":"stdout","logger":"task"}
{"timestamp":"2025-12-07T03:49:28.567426Z","level":"info","event":"84","chan":"stdout","logger":"task"}
{"timestamp":"2025-12-07T03:49:29.265709Z","level":"info","event":"85","chan":"stdout","logger":"task"}
{"timestamp":"2025-12-07T03:49:30.012444Z","level":"info","event":"86","chan":"stdout","logger":"task"}
{"timestamp":"2025-12-07T03:49:30.903808Z","level":"info","event":"87","chan":"stdout","logger":"task"}
{"timestamp":"2025-12-07T03:49:31.784121Z","level":"info","event":"88","chan":"stdout","logger":"task"}
{"timestamp":"2025-12-07T03:49:32.565783Z","level":"info","event":"89","chan":"stdout","logger":"task"}
{"timestamp":"2025-12-07T03:49:32.566645Z","level":"info","event":"  Processing song 90/100: Turn The Page by The Swon Brothers","chan":"stdout","logger":"task"}
{"timestamp":"2025-12-07T03:49:33.182320Z","level":"info","event":"90","chan":"stdout","logger":"task"}
{"timestamp":"2025-12-07T03:49:33.957861Z","level":"info","event":"91","chan":"stdout","logger":"task"}
{"timestamp":"2025-12-07T03:49:34.624118Z","level":"info","event":"92","chan":"stdout","logger":"task"}
{"timestamp":"2025-12-07T03:49:35.281286Z","level":"info","event":"93","chan":"stdout","logger":"task"}
{"timestamp":"2025-12-07T03:49:35.930739Z","level":"info","event":"94","chan":"stdout","logger":"task"}
{"timestamp":"2025-12-07T03:49:36.864810Z","level":"info","event":"95","chan":"stdout","logger":"task"}
{"timestamp":"2025-12-07T03:49:37.535526Z","level":"info","event":"96","chan":"stdout","logger":"task"}
{"timestamp":"2025-12-07T03:49:38.183489Z","level":"info","event":"97","chan":"stdout","logger":"task"}
{"timestamp":"2025-12-07T03:49:39.040473Z","level":"info","event":"98","chan":"stdout","logger":"task"}
{"timestamp":"2025-12-07T03:49:39.747384Z","level":"info","event":"99","chan":"stdout","logger":"task"}
{"timestamp":"2025-12-07T03:49:39.748583Z","level":"info","event":"  Processing song 100/100: Beneath Your Beautiful by Labrinth Featuring Emeli Sande","chan":"stdout","logger":"task"}
{"timestamp":"2025-12-07T03:49:40.595353Z","level":"info","event":"100","chan":"stdout","logger":"task"}
{"timestamp":"2025-12-07T03:49:40.597773Z","level":"info","event":"{'name': 'Robin Thicke', 'id': '0ZrpamOxcZybMHGg1AYtHP', 'url': 'https://open.spotify.com/artist/0ZrpamOxcZybMHGg1AYtHP'}","chan":"stdout","logger":"task"}
{"timestamp":"2025-12-07T03:49:40.598255Z","level":"info","event":"https://musicbrainz.org/ws/2/url?resource=https://open.spotify.com/artist/0ZrpamOxcZybMHGg1AYtHP&inc=artist-rels&fmt=json","chan":"stdout","logger":"task"}
{"timestamp":"2025-12-07T03:49:40.963133Z","level":"info","event":"https://musicbrainz.org/ws/2/artist/ddfd9b2f-186e-4b2c-ad09-01aa5380c225?inc=tags&fmt=json","chan":"stdout","logger":"task"}
{"timestamp":"2025-12-07T03:49:42.083249Z","level":"info","event":"{'name': 'T.I.', 'id': '4OBJLual30L7gRl5UkeRcT', 'url': 'https://open.spotify.com/artist/4OBJLual30L7gRl5UkeRcT'}","chan":"stdout","logger":"task"}
{"timestamp":"2025-12-07T03:49:42.084480Z","level":"info","event":"https://musicbrainz.org/ws/2/url?resource=https://open.spotify.com/artist/4OBJLual30L7gRl5UkeRcT&inc=artist-rels&fmt=json","chan":"stdout","logger":"task"}
{"timestamp":"2025-12-07T03:49:42.199087Z","level":"info","event":"https://musicbrainz.org/ws/2/artist/f7ba7fbe-c6bd-4ac0-bee9-c25c558d7d62?inc=tags&fmt=json","chan":"stdout","logger":"task"}
{"timestamp":"2025-12-07T03:49:43.314019Z","level":"info","event":"{'name': 'Pharrell Williams', 'id': '2RdwBSPQiwcmiDo9kixcl8', 'url': 'https://open.spotify.com/artist/2RdwBSPQiwcmiDo9kixcl8'}","chan":"stdout","logger":"task"}
{"timestamp":"2025-12-07T03:49:43.314422Z","level":"info","event":"https://musicbrainz.org/ws/2/url?resource=https://open.spotify.com/artist/2RdwBSPQiwcmiDo9kixcl8&inc=artist-rels&fmt=json","chan":"stdout","logger":"task"}
{"timestamp":"2025-12-07T03:49:43.435916Z","level":"info","event":"https://musicbrainz.org/ws/2/artist/149f91ef-1287-46da-9a8e-87fee02f1471?inc=tags&fmt=json","chan":"stdout","logger":"task"}
{"timestamp":"2025-12-07T03:49:44.551852Z","level":"info","event":"{'name': 'Daft Punk', 'id': '4tZwfgrHOc3mvqYlEYSvVi', 'url': 'https://open.spotify.com/artist/4tZwfgrHOc3mvqYlEYSvVi'}","chan":"stdout","logger":"task"}
{"timestamp":"2025-12-07T03:49:44.553079Z","level":"info","event":"https://musicbrainz.org/ws/2/url?resource=https://open.spotify.com/artist/4tZwfgrHOc3mvqYlEYSvVi&inc=artist-rels&fmt=json","chan":"stdout","logger":"task"}
{"timestamp":"2025-12-07T03:49:44.666965Z","level":"info","event":"https://musicbrainz.org/ws/2/artist/056e4f3e-d505-4dad-8ec1-d04f521cbb56?inc=tags&fmt=json","chan":"stdout","logger":"task"}
{"timestamp":"2025-12-07T03:49:45.835150Z","level":"info","event":"{'name': 'Nile Rodgers', 'id': '3yDIp0kaq9EFKe07X1X2rz', 'url': 'https://open.spotify.com/artist/3yDIp0kaq9EFKe07X1X2rz'}","chan":"stdout","logger":"task"}
{"timestamp":"2025-12-07T03:49:45.836346Z","level":"info","event":"https://musicbrainz.org/ws/2/url?resource=https://open.spotify.com/artist/3yDIp0kaq9EFKe07X1X2rz&inc=artist-rels&fmt=json","chan":"stdout","logger":"task"}
{"timestamp":"2025-12-07T03:49:46.028786Z","level":"info","event":"https://musicbrainz.org/ws/2/artist/c6d571dd-c0ae-4ac8-9500-780b1b9b25e5?inc=tags&fmt=json","chan":"stdout","logger":"task"}
{"timestamp":"2025-12-07T03:49:47.146924Z","level":"info","event":"{'name': 'Macklemore', 'id': '3JhNCzhSMTxs9WLGJJxWOY', 'url': 'https://open.spotify.com/artist/3JhNCzhSMTxs9WLGJJxWOY'}","chan":"stdout","logger":"task"}
{"timestamp":"2025-12-07T03:49:47.148139Z","level":"info","event":"https://musicbrainz.org/ws/2/url?resource=https://open.spotify.com/artist/3JhNCzhSMTxs9WLGJJxWOY&inc=artist-rels&fmt=json","chan":"stdout","logger":"task"}
{"timestamp":"2025-12-07T03:49:47.267894Z","level":"info","event":"https://musicbrainz.org/ws/2/artist/b6d7ec94-830c-44dd-b699-ce66556b7e55?inc=tags&fmt=json","chan":"stdout","logger":"task"}
{"timestamp":"2025-12-07T03:49:48.381710Z","level":"info","event":"{'name': 'Ryan Lewis', 'id': '5mZJerulcERBZV7xnhrVp1', 'url': 'https://open.spotify.com/artist/5mZJerulcERBZV7xnhrVp1'}","chan":"stdout","logger":"task"}
{"timestamp":"2025-12-07T03:49:48.381973Z","level":"info","event":"https://musicbrainz.org/ws/2/url?resource=https://open.spotify.com/artist/5mZJerulcERBZV7xnhrVp1&inc=artist-rels&fmt=json","chan":"stdout","logger":"task"}
{"timestamp":"2025-12-07T03:49:48.508815Z","level":"info","event":"HTTP 404: Not Found","chan":"stdout","logger":"task"}
{"timestamp":"2025-12-07T03:49:48.509185Z","level":"info","event":"unable to get mbid for https://open.spotify.com/artist/5mZJerulcERBZV7xnhrVp1","chan":"stdout","logger":"task"}
{"timestamp":"2025-12-07T03:49:49.511758Z","level":"info","event":"{'name': 'Macklemore & Ryan Lewis', 'id': '5BcAKTbp20cv7tC5VqPFoC', 'url': 'https://open.spotify.com/artist/5BcAKTbp20cv7tC5VqPFoC'}","chan":"stdout","logger":"task"}
{"timestamp":"2025-12-07T03:49:49.514151Z","level":"info","event":"https://musicbrainz.org/ws/2/url?resource=https://open.spotify.com/artist/5BcAKTbp20cv7tC5VqPFoC&inc=artist-rels&fmt=json","chan":"stdout","logger":"task"}
{"timestamp":"2025-12-07T03:49:49.625843Z","level":"info","event":"https://musicbrainz.org/ws/2/artist/97b226c8-7140-4da3-91ac-15e62e131a81?inc=tags&fmt=json","chan":"stdout","logger":"task"}
{"timestamp":"2025-12-07T03:49:50.768804Z","level":"info","event":"{'name': 'Ray Dalton', 'id': '4e0nWw2r4BoQSKPQ2zpU13', 'url': 'https://open.spotify.com/artist/4e0nWw2r4BoQSKPQ2zpU13'}","chan":"stdout","logger":"task"}
{"timestamp":"2025-12-07T03:49:50.774772Z","level":"info","event":"https://musicbrainz.org/ws/2/url?resource=https://open.spotify.com/artist/4e0nWw2r4BoQSKPQ2zpU13&inc=artist-rels&fmt=json","chan":"stdout","logger":"task"}
{"timestamp":"2025-12-07T03:49:50.889658Z","level":"info","event":"Rate limit hit. Retrying in 1s...","chan":"stdout","logger":"task"}
{"timestamp":"2025-12-07T03:49:52.012837Z","level":"info","event":"https://musicbrainz.org/ws/2/artist/6c7f57c4-8f11-4c59-9d63-bca189f343c1?inc=tags&fmt=json","chan":"stdout","logger":"task"}
{"timestamp":"2025-12-07T03:49:53.139198Z","level":"info","event":"{'name': 'Imagine Dragons', 'id': '53XhwfbYqKCa1cC15pYq2q', 'url': 'https://open.spotify.com/artist/53XhwfbYqKCa1cC15pYq2q'}","chan":"stdout","logger":"task"}
{"timestamp":"2025-12-07T03:49:53.141076Z","level":"info","event":"https://musicbrainz.org/ws/2/url?resource=https://open.spotify.com/artist/53XhwfbYqKCa1cC15pYq2q&inc=artist-rels&fmt=json","chan":"stdout","logger":"task"}
{"timestamp":"2025-12-07T03:49:53.254911Z","level":"info","event":"https://musicbrainz.org/ws/2/artist/012151a8-0f9a-44c9-997f-ebd68b5389f9?inc=tags&fmt=json","chan":"stdout","logger":"task"}
{"timestamp":"2025-12-07T03:49:54.373209Z","level":"info","event":"{'name': 'Justin Timberlake', 'id': '31TPClRtHm23RisEBtV3X7', 'url': 'https://open.spotify.com/artist/31TPClRtHm23RisEBtV3X7'}","chan":"stdout","logger":"task"}
{"timestamp":"2025-12-07T03:49:54.375286Z","level":"info","event":"https://musicbrainz.org/ws/2/url?resource=https://open.spotify.com/artist/31TPClRtHm23RisEBtV3X7&inc=artist-rels&fmt=json","chan":"stdout","logger":"task"}
{"timestamp":"2025-12-07T03:49:54.482884Z","level":"info","event":"https://musicbrainz.org/ws/2/artist/596ffa74-3d08-44ef-b113-765d43d12738?inc=tags&fmt=json","chan":"stdout","logger":"task"}
{"timestamp":"2025-12-07T03:49:55.595350Z","level":"info","event":"{'name': 'Florida Georgia Line', 'id': '3b8QkneNDz4JHKKKlLgYZg', 'url': 'https://open.spotify.com/artist/3b8QkneNDz4JHKKKlLgYZg'}","chan":"stdout","logger":"task"}
{"timestamp":"2025-12-07T03:49:55.596080Z","level":"info","event":"https://musicbrainz.org/ws/2/url?resource=https://open.spotify.com/artist/3b8QkneNDz4JHKKKlLgYZg&inc=artist-rels&fmt=json","chan":"stdout","logger":"task"}
{"timestamp":"2025-12-07T03:49:55.707775Z","level":"info","event":"https://musicbrainz.org/ws/2/artist/c16817df-0160-490d-a437-c128cbca9218?inc=tags&fmt=json","chan":"stdout","logger":"task"}
{"timestamp":"2025-12-07T03:49:56.815562Z","level":"info","event":"{'name': 'P!nk', 'id': '1KCSPY1glIKqW2TotWuXOR', 'url': 'https://open.spotify.com/artist/1KCSPY1glIKqW2TotWuXOR'}","chan":"stdout","logger":"task"}
{"timestamp":"2025-12-07T03:49:56.817037Z","level":"info","event":"https://musicbrainz.org/ws/2/url?resource=https://open.spotify.com/artist/1KCSPY1glIKqW2TotWuXOR&inc=artist-rels&fmt=json","chan":"stdout","logger":"task"}
{"timestamp":"2025-12-07T03:49:56.949098Z","level":"info","event":"https://musicbrainz.org/ws/2/artist/f4d5cc07-3bc9-4836-9b15-88a08359bc63?inc=tags&fmt=json","chan":"stdout","logger":"task"}
{"timestamp":"2025-12-07T03:49:58.059159Z","level":"info","event":"{'name': 'Nate Ruess', 'id': '1qUjOF5fzrpoNycD36b2jZ', 'url': 'https://open.spotify.com/artist/1qUjOF5fzrpoNycD36b2jZ'}","chan":"stdout","logger":"task"}
{"timestamp":"2025-12-07T03:49:58.059895Z","level":"info","event":"https://musicbrainz.org/ws/2/url?resource=https://open.spotify.com/artist/1qUjOF5fzrpoNycD36b2jZ&inc=artist-rels&fmt=json","chan":"stdout","logger":"task"}
{"timestamp":"2025-12-07T03:49:58.168998Z","level":"info","event":"https://musicbrainz.org/ws/2/artist/a049a513-f794-4b8d-8c3a-f106cfd22841?inc=tags&fmt=json","chan":"stdout","logger":"task"}
{"timestamp":"2025-12-07T03:49:59.301872Z","level":"info","event":"{'name': 'Selena Gomez', 'id': '0C8ZW7ezQVs4URX5aX7Kqx', 'url': 'https://open.spotify.com/artist/0C8ZW7ezQVs4URX5aX7Kqx'}","chan":"stdout","logger":"task"}
{"timestamp":"2025-12-07T03:49:59.303900Z","level":"info","event":"https://musicbrainz.org/ws/2/url?resource=https://open.spotify.com/artist/0C8ZW7ezQVs4URX5aX7Kqx&inc=artist-rels&fmt=json","chan":"stdout","logger":"task"}
{"timestamp":"2025-12-07T03:49:59.428905Z","level":"info","event":"https://musicbrainz.org/ws/2/artist/e4bc69e2-a064-4f93-ada1-f7f209cc1cc3?inc=tags&fmt=json","chan":"stdout","logger":"task"}
{"timestamp":"2025-12-07T03:50:00.548128Z","level":"info","event":"{'name': 'Ariana Grande', 'id': '66CXWjxzNUsdJxJ2JdwvnR', 'url': 'https://open.spotify.com/artist/66CXWjxzNUsdJxJ2JdwvnR'}","chan":"stdout","logger":"task"}
{"timestamp":"2025-12-07T03:50:00.548634Z","level":"info","event":"https://musicbrainz.org/ws/2/url?resource=https://open.spotify.com/artist/66CXWjxzNUsdJxJ2JdwvnR&inc=artist-rels&fmt=json","chan":"stdout","logger":"task"}
{"timestamp":"2025-12-07T03:50:00.665016Z","level":"info","event":"https://musicbrainz.org/ws/2/artist/f4fdbb4c-e4b7-47a0-b83b-d91bbfcfa387?inc=tags&fmt=json","chan":"stdout","logger":"task"}
{"timestamp":"2025-12-07T03:50:00.778974Z","level":"info","event":"Rate limit hit. Retrying in 1s...","chan":"stdout","logger":"task"}
{"timestamp":"2025-12-07T03:50:01.926048Z","level":"info","event":"Rate limit hit. Retrying in 2s...","chan":"stdout","logger":"task"}
{"timestamp":"2025-12-07T03:50:05.044309Z","level":"info","event":"{'name': 'Mac Miller', 'id': '4LLpKhyESsyAXpc4laK94U', 'url': 'https://open.spotify.com/artist/4LLpKhyESsyAXpc4laK94U'}","chan":"stdout","logger":"task"}
{"timestamp":"2025-12-07T03:50:05.045476Z","level":"info","event":"https://musicbrainz.org/ws/2/url?resource=https://open.spotify.com/artist/4LLpKhyESsyAXpc4laK94U&inc=artist-rels&fmt=json","chan":"stdout","logger":"task"}
{"timestamp":"2025-12-07T03:50:05.153964Z","level":"info","event":"https://musicbrainz.org/ws/2/artist/a0e8a1b1-5f8f-475a-a253-17415c17d0ff?inc=tags&fmt=json","chan":"stdout","logger":"task"}
{"timestamp":"2025-12-07T03:50:06.277065Z","level":"info","event":"{'name': 'Icona Pop', 'id': '1VBflYyxBhnDc9uVib98rw', 'url': 'https://open.spotify.com/artist/1VBflYyxBhnDc9uVib98rw'}","chan":"stdout","logger":"task"}
{"timestamp":"2025-12-07T03:50:06.283130Z","level":"info","event":"https://musicbrainz.org/ws/2/url?resource=https://open.spotify.com/artist/1VBflYyxBhnDc9uVib98rw&inc=artist-rels&fmt=json","chan":"stdout","logger":"task"}
{"timestamp":"2025-12-07T03:50:06.403050Z","level":"info","event":"https://musicbrainz.org/ws/2/artist/c5f259d0-abd8-418e-81ee-3965fd4e4e9a?inc=tags&fmt=json","chan":"stdout","logger":"task"}
{"timestamp":"2025-12-07T03:50:07.523062Z","level":"info","event":"{'name': 'Charli xcx', 'id': '25uiPmTg16RbhZWAqwLBy5', 'url': 'https://open.spotify.com/artist/25uiPmTg16RbhZWAqwLBy5'}","chan":"stdout","logger":"task"}
{"timestamp":"2025-12-07T03:50:07.524362Z","level":"info","event":"https://musicbrainz.org/ws/2/url?resource=https://open.spotify.com/artist/25uiPmTg16RbhZWAqwLBy5&inc=artist-rels&fmt=json","chan":"stdout","logger":"task"}
{"timestamp":"2025-12-07T03:50:07.639062Z","level":"info","event":"https://musicbrainz.org/ws/2/artist/260b6184-8828-48eb-945c-bc4cb6fc34ca?inc=tags&fmt=json","chan":"stdout","logger":"task"}
{"timestamp":"2025-12-07T03:50:08.772212Z","level":"info","event":"{'name': 'Bruno Mars', 'id': '0du5cEVh5yTK9QJze8zA0C', 'url': 'https://open.spotify.com/artist/0du5cEVh5yTK9QJze8zA0C'}","chan":"stdout","logger":"task"}
{"timestamp":"2025-12-07T03:50:08.775154Z","level":"info","event":"https://musicbrainz.org/ws/2/url?resource=https://open.spotify.com/artist/0du5cEVh5yTK9QJze8zA0C&inc=artist-rels&fmt=json","chan":"stdout","logger":"task"}
{"timestamp":"2025-12-07T03:50:08.887970Z","level":"info","event":"https://musicbrainz.org/ws/2/artist/afb680f2-b6eb-4cd7-a70b-a63b25c763d5?inc=tags&fmt=json","chan":"stdout","logger":"task"}
{"timestamp":"2025-12-07T03:50:10.012320Z","level":"info","event":"{'name': 'Blake Shelton', 'id': '1UTPBmNbXNTittyMJrNkvw', 'url': 'https://open.spotify.com/artist/1UTPBmNbXNTittyMJrNkvw'}","chan":"stdout","logger":"task"}
{"timestamp":"2025-12-07T03:50:10.019075Z","level":"info","event":"https://musicbrainz.org/ws/2/url?resource=https://open.spotify.com/artist/1UTPBmNbXNTittyMJrNkvw&inc=artist-rels&fmt=json","chan":"stdout","logger":"task"}
{"timestamp":"2025-12-07T03:50:10.146968Z","level":"info","event":"https://musicbrainz.org/ws/2/artist/2ad66473-ccb3-41d2-8756-b56680cdfe62?inc=tags&fmt=json","chan":"stdout","logger":"task"}
{"timestamp":"2025-12-07T03:50:11.263105Z","level":"info","event":"{'name': 'Pistol Annies', 'id': '2wSgVsgLUZeDJwoLcPO7ny', 'url': 'https://open.spotify.com/artist/2wSgVsgLUZeDJwoLcPO7ny'}","chan":"stdout","logger":"task"}
{"timestamp":"2025-12-07T03:50:11.264211Z","level":"info","event":"https://musicbrainz.org/ws/2/url?resource=https://open.spotify.com/artist/2wSgVsgLUZeDJwoLcPO7ny&inc=artist-rels&fmt=json","chan":"stdout","logger":"task"}
{"timestamp":"2025-12-07T03:50:11.373993Z","level":"info","event":"https://musicbrainz.org/ws/2/artist/c8b457e5-cfb7-42bf-99a2-af151867f6cc?inc=tags&fmt=json","chan":"stdout","logger":"task"}
{"timestamp":"2025-12-07T03:50:12.488839Z","level":"info","event":"{'name': 'Fall Out Boy', 'id': '4UXqAaa6dQYAk18Lv7PEgX', 'url': 'https://open.spotify.com/artist/4UXqAaa6dQYAk18Lv7PEgX'}","chan":"stdout","logger":"task"}
{"timestamp":"2025-12-07T03:50:12.493659Z","level":"info","event":"https://musicbrainz.org/ws/2/url?resource=https://open.spotify.com/artist/4UXqAaa6dQYAk18Lv7PEgX&inc=artist-rels&fmt=json","chan":"stdout","logger":"task"}
{"timestamp":"2025-12-07T03:50:12.625722Z","level":"info","event":"https://musicbrainz.org/ws/2/artist/516cef4d-0718-4007-9939-f9b38af3f784?inc=tags&fmt=json","chan":"stdout","logger":"task"}
{"timestamp":"2025-12-07T03:50:13.742827Z","level":"info","event":"{'name': 'Zedd', 'id': '2qxJFvFYMEDqd7ui6kSAcq', 'url': 'https://open.spotify.com/artist/2qxJFvFYMEDqd7ui6kSAcq'}","chan":"stdout","logger":"task"}
{"timestamp":"2025-12-07T03:50:13.744342Z","level":"info","event":"https://musicbrainz.org/ws/2/url?resource=https://open.spotify.com/artist/2qxJFvFYMEDqd7ui6kSAcq&inc=artist-rels&fmt=json","chan":"stdout","logger":"task"}
{"timestamp":"2025-12-07T03:50:13.855976Z","level":"info","event":"Rate limit hit. Retrying in 1s...","chan":"stdout","logger":"task"}
{"timestamp":"2025-12-07T03:50:14.972757Z","level":"info","event":"https://musicbrainz.org/ws/2/artist/56c4b861-0922-4c3a-a9b9-3bfcb00f8274?inc=tags&fmt=json","chan":"stdout","logger":"task"}
{"timestamp":"2025-12-07T03:50:16.084254Z","level":"info","event":"{'name': 'Foxes', 'id': '7qRll6DYV06u2VuRPAVqug', 'url': 'https://open.spotify.com/artist/7qRll6DYV06u2VuRPAVqug'}","chan":"stdout","logger":"task"}
{"timestamp":"2025-12-07T03:50:16.085472Z","level":"info","event":"https://musicbrainz.org/ws/2/url?resource=https://open.spotify.com/artist/7qRll6DYV06u2VuRPAVqug&inc=artist-rels&fmt=json","chan":"stdout","logger":"task"}
{"timestamp":"2025-12-07T03:50:16.193587Z","level":"info","event":"https://musicbrainz.org/ws/2/artist/19fccfa3-84ad-42b2-b52d-d5d9a5a6046e?inc=tags&fmt=json","chan":"stdout","logger":"task"}
{"timestamp":"2025-12-07T03:50:17.303222Z","level":"info","event":"{'name': 'Mariah Carey', 'id': '4iHNK0tOyZPYnBU7nGAgpQ', 'url': 'https://open.spotify.com/artist/4iHNK0tOyZPYnBU7nGAgpQ'}","chan":"stdout","logger":"task"}
{"timestamp":"2025-12-07T03:50:17.306090Z","level":"info","event":"https://musicbrainz.org/ws/2/url?resource=https://open.spotify.com/artist/4iHNK0tOyZPYnBU7nGAgpQ&inc=artist-rels&fmt=json","chan":"stdout","logger":"task"}
{"timestamp":"2025-12-07T03:50:17.424581Z","level":"info","event":"https://musicbrainz.org/ws/2/artist/494e8d09-f85b-4543-892f-a5096aed1cd4?inc=tags&fmt=json","chan":"stdout","logger":"task"}
{"timestamp":"2025-12-07T03:50:18.548835Z","level":"info","event":"{'name': 'Miguel', 'id': '360IAlyVv4PCEVjgyMZrxK', 'url': 'https://open.spotify.com/artist/360IAlyVv4PCEVjgyMZrxK'}","chan":"stdout","logger":"task"}
{"timestamp":"2025-12-07T03:50:18.549153Z","level":"info","event":"https://musicbrainz.org/ws/2/url?resource=https://open.spotify.com/artist/360IAlyVv4PCEVjgyMZrxK&inc=artist-rels&fmt=json","chan":"stdout","logger":"task"}
{"timestamp":"2025-12-07T03:50:18.663612Z","level":"info","event":"https://musicbrainz.org/ws/2/artist/285e1285-aecc-478f-a8da-0c8cf69e1217?inc=tags&fmt=json","chan":"stdout","logger":"task"}
{"timestamp":"2025-12-07T03:50:19.789840Z","level":"info","event":"{'name': 'Rihanna', 'id': '5pKCCKE2ajJHZ9KAiaK11H', 'url': 'https://open.spotify.com/artist/5pKCCKE2ajJHZ9KAiaK11H'}","chan":"stdout","logger":"task"}
{"timestamp":"2025-12-07T03:50:19.791020Z","level":"info","event":"https://musicbrainz.org/ws/2/url?resource=https://open.spotify.com/artist/5pKCCKE2ajJHZ9KAiaK11H&inc=artist-rels&fmt=json","chan":"stdout","logger":"task"}
{"timestamp":"2025-12-07T03:50:19.912720Z","level":"info","event":"https://musicbrainz.org/ws/2/artist/73e5e69d-3554-40d8-8516-00cb38737a1c?inc=tags&fmt=json","chan":"stdout","logger":"task"}
{"timestamp":"2025-12-07T03:50:21.031997Z","level":"info","event":"{'name': 'Mikky Ekko', 'id': '1buzCmyYZE4kcdLRudsb8V', 'url': 'https://open.spotify.com/artist/1buzCmyYZE4kcdLRudsb8V'}","chan":"stdout","logger":"task"}
{"timestamp":"2025-12-07T03:50:21.033014Z","level":"info","event":"https://musicbrainz.org/ws/2/url?resource=https://open.spotify.com/artist/1buzCmyYZE4kcdLRudsb8V&inc=artist-rels&fmt=json","chan":"stdout","logger":"task"}
{"timestamp":"2025-12-07T03:50:21.153381Z","level":"info","event":"https://musicbrainz.org/ws/2/artist/ff4fc9b6-bdcd-44ee-b053-c1ccbe47fe4b?inc=tags&fmt=json","chan":"stdout","logger":"task"}
{"timestamp":"2025-12-07T03:50:22.272391Z","level":"info","event":"{'name': 'Anna Kendrick', 'id': '6xfqnpe2HnLVUaYXs2F8YS', 'url': 'https://open.spotify.com/artist/6xfqnpe2HnLVUaYXs2F8YS'}","chan":"stdout","logger":"task"}
{"timestamp":"2025-12-07T03:50:22.272804Z","level":"info","event":"https://musicbrainz.org/ws/2/url?resource=https://open.spotify.com/artist/6xfqnpe2HnLVUaYXs2F8YS&inc=artist-rels&fmt=json","chan":"stdout","logger":"task"}
{"timestamp":"2025-12-07T03:50:22.385277Z","level":"info","event":"https://musicbrainz.org/ws/2/artist/5c3dffd4-dc80-4331-a98e-101046d6b747?inc=tags&fmt=json","chan":"stdout","logger":"task"}
{"timestamp":"2025-12-07T03:50:23.498222Z","level":"info","event":"{'name': 'Wanz', 'id': '56xTxG4nQMAs1GW9kvn0uA', 'url': 'https://open.spotify.com/artist/56xTxG4nQMAs1GW9kvn0uA'}","chan":"stdout","logger":"task"}
{"timestamp":"2025-12-07T03:50:23.499136Z","level":"info","event":"https://musicbrainz.org/ws/2/url?resource=https://open.spotify.com/artist/56xTxG4nQMAs1GW9kvn0uA&inc=artist-rels&fmt=json","chan":"stdout","logger":"task"}
{"timestamp":"2025-12-07T03:50:23.612082Z","level":"info","event":"https://musicbrainz.org/ws/2/artist/1f6cdf02-c7d3-4165-bbde-b4e54420a00b?inc=tags&fmt=json","chan":"stdout","logger":"task"}
{"timestamp":"2025-12-07T03:50:23.719040Z","level":"info","event":"Rate limit hit. Retrying in 1s...","chan":"stdout","logger":"task"}
{"timestamp":"2025-12-07T03:50:24.847084Z","level":"info","event":"Rate limit hit. Retrying in 2s...","chan":"stdout","logger":"task"}
{"timestamp":"2025-12-07T03:50:27.960950Z","level":"info","event":"{'name': 'Avril Lavigne', 'id': '0p4nmQO2msCgU4IF37Wi3j', 'url': 'https://open.spotify.com/artist/0p4nmQO2msCgU4IF37Wi3j'}","chan":"stdout","logger":"task"}
{"timestamp":"2025-12-07T03:50:27.962072Z","level":"info","event":"https://musicbrainz.org/ws/2/url?resource=https://open.spotify.com/artist/0p4nmQO2msCgU4IF37Wi3j&inc=artist-rels&fmt=json","chan":"stdout","logger":"task"}
{"timestamp":"2025-12-07T03:50:28.076089Z","level":"info","event":"https://musicbrainz.org/ws/2/artist/0103c1cc-4a09-4a5d-a344-56ad99a77193?inc=tags&fmt=json","chan":"stdout","logger":"task"}
{"timestamp":"2025-12-07T03:50:29.184597Z","level":"info","event":"{'name': 'J. Cole', 'id': '6l3HvQ5sa6mXTsMTB19rO5', 'url': 'https://open.spotify.com/artist/6l3HvQ5sa6mXTsMTB19rO5'}","chan":"stdout","logger":"task"}
{"timestamp":"2025-12-07T03:50:29.184926Z","level":"info","event":"https://musicbrainz.org/ws/2/url?resource=https://open.spotify.com/artist/6l3HvQ5sa6mXTsMTB19rO5&inc=artist-rels&fmt=json","chan":"stdout","logger":"task"}
{"timestamp":"2025-12-07T03:50:29.303374Z","level":"info","event":"https://musicbrainz.org/ws/2/artist/875203e1-8e58-4b86-8dcb-7190faf411c5?inc=tags&fmt=json","chan":"stdout","logger":"task"}
{"timestamp":"2025-12-07T03:50:30.431146Z","level":"info","event":"{'name': 'Darius Rucker', 'id': '7FY5V3XMwlNBPitEjXowHQ', 'url': 'https://open.spotify.com/artist/7FY5V3XMwlNBPitEjXowHQ'}","chan":"stdout","logger":"task"}
{"timestamp":"2025-12-07T03:50:30.432821Z","level":"info","event":"https://musicbrainz.org/ws/2/url?resource=https://open.spotify.com/artist/7FY5V3XMwlNBPitEjXowHQ&inc=artist-rels&fmt=json","chan":"stdout","logger":"task"}
{"timestamp":"2025-12-07T03:50:30.555978Z","level":"info","event":"https://musicbrainz.org/ws/2/artist/3ae70f76-ea53-4cc5-906e-d47a384202a1?inc=tags&fmt=json","chan":"stdout","logger":"task"}
{"timestamp":"2025-12-07T03:50:31.678348Z","level":"info","event":"{'name': 'Wale', 'id': '67nwj3Y5sZQLl72VNUHEYE', 'url': 'https://open.spotify.com/artist/67nwj3Y5sZQLl72VNUHEYE'}","chan":"stdout","logger":"task"}
{"timestamp":"2025-12-07T03:50:31.679266Z","level":"info","event":"https://musicbrainz.org/ws/2/url?resource=https://open.spotify.com/artist/67nwj3Y5sZQLl72VNUHEYE&inc=artist-rels&fmt=json","chan":"stdout","logger":"task"}
{"timestamp":"2025-12-07T03:50:31.801938Z","level":"info","event":"https://musicbrainz.org/ws/2/artist/e34e41f2-f480-45d3-8190-a3ce5ab34fab?inc=tags&fmt=json","chan":"stdout","logger":"task"}
{"timestamp":"2025-12-07T03:50:32.919266Z","level":"info","event":"{'name': 'Maroon 5', 'id': '04gDigrS5kc9YWfZHwBETP', 'url': 'https://open.spotify.com/artist/04gDigrS5kc9YWfZHwBETP'}","chan":"stdout","logger":"task"}
{"timestamp":"2025-12-07T03:50:32.920906Z","level":"info","event":"https://musicbrainz.org/ws/2/url?resource=https://open.spotify.com/artist/04gDigrS5kc9YWfZHwBETP&inc=artist-rels&fmt=json","chan":"stdout","logger":"task"}
{"timestamp":"2025-12-07T03:50:33.042697Z","level":"info","event":"https://musicbrainz.org/ws/2/artist/0ab49580-c84f-44d4-875f-d83760ea2cfe?inc=tags&fmt=json","chan":"stdout","logger":"task"}
{"timestamp":"2025-12-07T03:50:34.156876Z","level":"info","event":"{'name': 'Jason Derulo', 'id': '07YZf4WDAMNwqr4jfgOZ8y', 'url': 'https://open.spotify.com/artist/07YZf4WDAMNwqr4jfgOZ8y'}","chan":"stdout","logger":"task"}
{"timestamp":"2025-12-07T03:50:34.158618Z","level":"info","event":"https://musicbrainz.org/ws/2/url?resource=https://open.spotify.com/artist/07YZf4WDAMNwqr4jfgOZ8y&inc=artist-rels&fmt=json","chan":"stdout","logger":"task"}
{"timestamp":"2025-12-07T03:50:34.273502Z","level":"info","event":"https://musicbrainz.org/ws/2/artist/6de0f914-3e60-4418-be3b-42e0feb6eb4d?inc=tags&fmt=json","chan":"stdout","logger":"task"}
{"timestamp":"2025-12-07T03:50:35.381082Z","level":"info","event":"{'name': 'Demi Lovato', 'id': '6S2OmqARrzebs0tKUEyXyp', 'url': 'https://open.spotify.com/artist/6S2OmqARrzebs0tKUEyXyp'}","chan":"stdout","logger":"task"}
{"timestamp":"2025-12-07T03:50:35.383636Z","level":"info","event":"https://musicbrainz.org/ws/2/url?resource=https://open.spotify.com/artist/6S2OmqARrzebs0tKUEyXyp&inc=artist-rels&fmt=json","chan":"stdout","logger":"task"}
{"timestamp":"2025-12-07T03:50:35.493023Z","level":"info","event":"https://musicbrainz.org/ws/2/artist/faf4cefb-036c-4c88-b93a-5b03dd0a0e6b?inc=tags&fmt=json","chan":"stdout","logger":"task"}
{"timestamp":"2025-12-07T03:50:36.605634Z","level":"info","event":"{'name': 'Miley Cyrus', 'id': '5YGY8feqx7naU7z4HrwZM6', 'url': 'https://open.spotify.com/artist/5YGY8feqx7naU7z4HrwZM6'}","chan":"stdout","logger":"task"}
{"timestamp":"2025-12-07T03:50:36.606070Z","level":"info","event":"https://musicbrainz.org/ws/2/url?resource=https://open.spotify.com/artist/5YGY8feqx7naU7z4HrwZM6&inc=artist-rels&fmt=json","chan":"stdout","logger":"task"}
{"timestamp":"2025-12-07T03:50:36.719308Z","level":"info","event":"Rate limit hit. Retrying in 1s...","chan":"stdout","logger":"task"}
{"timestamp":"2025-12-07T03:50:37.873716Z","level":"info","event":"https://musicbrainz.org/ws/2/artist/7e9bd05a-117f-4cce-87bc-e011527a8b18?inc=tags&fmt=json","chan":"stdout","logger":"task"}
{"timestamp":"2025-12-07T03:50:39.037702Z","level":"info","event":"{'name': 'Luke Bryan', 'id': '0BvkDsjIUla7X0k6CSWh1I', 'url': 'https://open.spotify.com/artist/0BvkDsjIUla7X0k6CSWh1I'}","chan":"stdout","logger":"task"}
{"timestamp":"2025-12-07T03:50:39.040203Z","level":"info","event":"https://musicbrainz.org/ws/2/url?resource=https://open.spotify.com/artist/0BvkDsjIUla7X0k6CSWh1I&inc=artist-rels&fmt=json","chan":"stdout","logger":"task"}
{"timestamp":"2025-12-07T03:50:39.144707Z","level":"info","event":"https://musicbrainz.org/ws/2/artist/aab35942-f176-4f77-bbf9-1d6aa98ccf3f?inc=tags&fmt=json","chan":"stdout","logger":"task"}
{"timestamp":"2025-12-07T03:50:40.267703Z","level":"info","event":"{'name': 'Tim McGraw', 'id': '6roFdX1y5BYSbp60OTJWMd', 'url': 'https://open.spotify.com/artist/6roFdX1y5BYSbp60OTJWMd'}","chan":"stdout","logger":"task"}
{"timestamp":"2025-12-07T03:50:40.268235Z","level":"info","event":"https://musicbrainz.org/ws/2/url?resource=https://open.spotify.com/artist/6roFdX1y5BYSbp60OTJWMd&inc=artist-rels&fmt=json","chan":"stdout","logger":"task"}
{"timestamp":"2025-12-07T03:50:40.386264Z","level":"info","event":"https://musicbrainz.org/ws/2/artist/7e5cfc9a-e9e1-46f1-b81a-861b12049488?inc=tags&fmt=json","chan":"stdout","logger":"task"}
{"timestamp":"2025-12-07T03:50:41.505673Z","level":"info","event":"{'name': 'Taylor Swift', 'id': '06HL4z0CvFAxyc27GXpf02', 'url': 'https://open.spotify.com/artist/06HL4z0CvFAxyc27GXpf02'}","chan":"stdout","logger":"task"}
{"timestamp":"2025-12-07T03:50:41.506100Z","level":"info","event":"https://musicbrainz.org/ws/2/url?resource=https://open.spotify.com/artist/06HL4z0CvFAxyc27GXpf02&inc=artist-rels&fmt=json","chan":"stdout","logger":"task"}
{"timestamp":"2025-12-07T03:50:41.618463Z","level":"info","event":"https://musicbrainz.org/ws/2/artist/20244d07-534f-4eff-b4d4-930878889970?inc=tags&fmt=json","chan":"stdout","logger":"task"}
{"timestamp":"2025-12-07T03:50:42.734344Z","level":"info","event":"{'name': 'Keith Urban', 'id': '0u2FHSq3ln94y5Q57xazwf', 'url': 'https://open.spotify.com/artist/0u2FHSq3ln94y5Q57xazwf'}","chan":"stdout","logger":"task"}
{"timestamp":"2025-12-07T03:50:42.735023Z","level":"info","event":"https://musicbrainz.org/ws/2/url?resource=https://open.spotify.com/artist/0u2FHSq3ln94y5Q57xazwf&inc=artist-rels&fmt=json","chan":"stdout","logger":"task"}
{"timestamp":"2025-12-07T03:50:42.857039Z","level":"info","event":"https://musicbrainz.org/ws/2/artist/f45da029-7b00-4bf3-962c-0eeb20309cc4?inc=tags&fmt=json","chan":"stdout","logger":"task"}
{"timestamp":"2025-12-07T03:50:43.974333Z","level":"info","event":"{'name': 'Calvin Harris', 'id': '7CajNmpbOovFoOoasH2HaY', 'url': 'https://open.spotify.com/artist/7CajNmpbOovFoOoasH2HaY'}","chan":"stdout","logger":"task"}
{"timestamp":"2025-12-07T03:50:43.974681Z","level":"info","event":"https://musicbrainz.org/ws/2/url?resource=https://open.spotify.com/artist/7CajNmpbOovFoOoasH2HaY&inc=artist-rels&fmt=json","chan":"stdout","logger":"task"}
{"timestamp":"2025-12-07T03:50:44.090234Z","level":"info","event":"https://musicbrainz.org/ws/2/artist/8dd98bdc-80ec-4e93-8509-2f46bafc09a7?inc=tags&fmt=json","chan":"stdout","logger":"task"}
{"timestamp":"2025-12-07T03:50:45.197347Z","level":"info","event":"{'name': 'Ellie Goulding', 'id': '0X2BH1fck6amBIoJhDVmmJ', 'url': 'https://open.spotify.com/artist/0X2BH1fck6amBIoJhDVmmJ'}","chan":"stdout","logger":"task"}
{"timestamp":"2025-12-07T03:50:45.198492Z","level":"info","event":"https://musicbrainz.org/ws/2/url?resource=https://open.spotify.com/artist/0X2BH1fck6amBIoJhDVmmJ&inc=artist-rels&fmt=json","chan":"stdout","logger":"task"}
{"timestamp":"2025-12-07T03:50:45.318771Z","level":"info","event":"https://musicbrainz.org/ws/2/artist/33ca19f4-18c8-4411-98df-ac23890ce9f5?inc=tags&fmt=json","chan":"stdout","logger":"task"}
{"timestamp":"2025-12-07T03:50:46.440160Z","level":"info","event":"{'name': 'Hunter Hayes', 'id': '7H6dkUChT5EoOQtUVMg4cN', 'url': 'https://open.spotify.com/artist/7H6dkUChT5EoOQtUVMg4cN'}","chan":"stdout","logger":"task"}
{"timestamp":"2025-12-07T03:50:46.441538Z","level":"info","event":"https://musicbrainz.org/ws/2/url?resource=https://open.spotify.com/artist/7H6dkUChT5EoOQtUVMg4cN&inc=artist-rels&fmt=json","chan":"stdout","logger":"task"}
{"timestamp":"2025-12-07T03:50:46.554949Z","level":"info","event":"https://musicbrainz.org/ws/2/artist/0c75ddc6-2b5d-4b01-8c99-3d9479a14683?inc=tags&fmt=json","chan":"stdout","logger":"task"}
{"timestamp":"2025-12-07T03:50:46.672644Z","level":"info","event":"Rate limit hit. Retrying in 1s...","chan":"stdout","logger":"task"}
{"timestamp":"2025-12-07T03:50:47.805190Z","level":"info","event":"Rate limit hit. Retrying in 2s...","chan":"stdout","logger":"task"}
{"timestamp":"2025-12-07T03:50:50.936829Z","level":"info","event":"{'name': 'Macklemore & Ryan Lewis', 'id': '6WLvgbfYXQPO396oJEYCsi', 'url': 'https://open.spotify.com/artist/6WLvgbfYXQPO396oJEYCsi'}","chan":"stdout","logger":"task"}
{"timestamp":"2025-12-07T03:50:50.940149Z","level":"info","event":"https://musicbrainz.org/ws/2/url?resource=https://open.spotify.com/artist/6WLvgbfYXQPO396oJEYCsi&inc=artist-rels&fmt=json","chan":"stdout","logger":"task"}
{"timestamp":"2025-12-07T03:50:51.072357Z","level":"info","event":"HTTP 404: Not Found","chan":"stdout","logger":"task"}
{"timestamp":"2025-12-07T03:50:51.072819Z","level":"info","event":"unable to get mbid for https://open.spotify.com/artist/6WLvgbfYXQPO396oJEYCsi","chan":"stdout","logger":"task"}
{"timestamp":"2025-12-07T03:50:52.079194Z","level":"info","event":"{'name': 'Ryan Lewis', 'id': '4myTppRgh0rojLxx8RycOp', 'url': 'https://open.spotify.com/artist/4myTppRgh0rojLxx8RycOp'}","chan":"stdout","logger":"task"}
{"timestamp":"2025-12-07T03:50:52.081280Z","level":"info","event":"https://musicbrainz.org/ws/2/url?resource=https://open.spotify.com/artist/4myTppRgh0rojLxx8RycOp&inc=artist-rels&fmt=json","chan":"stdout","logger":"task"}
{"timestamp":"2025-12-07T03:50:52.198171Z","level":"info","event":"https://musicbrainz.org/ws/2/artist/c01560d1-6f69-48cf-a3c6-c94b65f099b1?inc=tags&fmt=json","chan":"stdout","logger":"task"}
{"timestamp":"2025-12-07T03:50:53.317225Z","level":"info","event":"{'name': 'Mary Lambert', 'id': '5Z2NUZiY3FA00HKu5WTMhA', 'url': 'https://open.spotify.com/artist/5Z2NUZiY3FA00HKu5WTMhA'}","chan":"stdout","logger":"task"}
{"timestamp":"2025-12-07T03:50:53.320385Z","level":"info","event":"https://musicbrainz.org/ws/2/url?resource=https://open.spotify.com/artist/5Z2NUZiY3FA00HKu5WTMhA&inc=artist-rels&fmt=json","chan":"stdout","logger":"task"}
{"timestamp":"2025-12-07T03:50:53.437741Z","level":"info","event":"https://musicbrainz.org/ws/2/artist/5479488b-0818-4da7-93c3-fed04336af3e?inc=tags&fmt=json","chan":"stdout","logger":"task"}
{"timestamp":"2025-12-07T03:50:54.564321Z","level":"info","event":"{'name': 'Pitbull', 'id': '0TnOYISbd1XYRBk9myaseg', 'url': 'https://open.spotify.com/artist/0TnOYISbd1XYRBk9myaseg'}","chan":"stdout","logger":"task"}
{"timestamp":"2025-12-07T03:50:54.566264Z","level":"info","event":"https://musicbrainz.org/ws/2/url?resource=https://open.spotify.com/artist/0TnOYISbd1XYRBk9myaseg&inc=artist-rels&fmt=json","chan":"stdout","logger":"task"}
{"timestamp":"2025-12-07T03:50:54.686023Z","level":"info","event":"https://musicbrainz.org/ws/2/artist/d262ea27-3ffe-40f7-b922-85c42d625e67?inc=tags&fmt=json","chan":"stdout","logger":"task"}
{"timestamp":"2025-12-07T03:50:55.798208Z","level":"info","event":"{'name': 'Christina Aguilera', 'id': '1l7ZsJRRS8wlW3WfJfPfNS', 'url': 'https://open.spotify.com/artist/1l7ZsJRRS8wlW3WfJfPfNS'}","chan":"stdout","logger":"task"}
{"timestamp":"2025-12-07T03:50:55.800091Z","level":"info","event":"https://musicbrainz.org/ws/2/url?resource=https://open.spotify.com/artist/1l7ZsJRRS8wlW3WfJfPfNS&inc=artist-rels&fmt=json","chan":"stdout","logger":"task"}
{"timestamp":"2025-12-07T03:50:55.907142Z","level":"info","event":"https://musicbrainz.org/ws/2/artist/b202beb7-99bd-47e7-8b72-195c8d72ebdd?inc=tags&fmt=json","chan":"stdout","logger":"task"}
{"timestamp":"2025-12-07T03:50:57.022284Z","level":"info","event":"{'name': 'Drake', 'id': '3TVXtAsR1Inumwj472S9r4', 'url': 'https://open.spotify.com/artist/3TVXtAsR1Inumwj472S9r4'}","chan":"stdout","logger":"task"}
{"timestamp":"2025-12-07T03:50:57.023822Z","level":"info","event":"https://musicbrainz.org/ws/2/url?resource=https://open.spotify.com/artist/3TVXtAsR1Inumwj472S9r4&inc=artist-rels&fmt=json","chan":"stdout","logger":"task"}
{"timestamp":"2025-12-07T03:50:57.137945Z","level":"info","event":"https://musicbrainz.org/ws/2/artist/9fff2f8a-21e6-47de-a2b8-7f449929d43f?inc=tags&fmt=json","chan":"stdout","logger":"task"}
{"timestamp":"2025-12-07T03:50:58.263233Z","level":"info","event":"{'name': 'Rocko', 'id': '0T5OJgMVjKIX3b3W3ekqOl', 'url': 'https://open.spotify.com/artist/0T5OJgMVjKIX3b3W3ekqOl'}","chan":"stdout","logger":"task"}
{"timestamp":"2025-12-07T03:50:58.263825Z","level":"info","event":"https://musicbrainz.org/ws/2/url?resource=https://open.spotify.com/artist/0T5OJgMVjKIX3b3W3ekqOl&inc=artist-rels&fmt=json","chan":"stdout","logger":"task"}
{"timestamp":"2025-12-07T03:50:58.376124Z","level":"info","event":"https://musicbrainz.org/ws/2/artist/0dc215ac-3186-474a-aab5-443f7168fcc8?inc=tags&fmt=json","chan":"stdout","logger":"task"}
{"timestamp":"2025-12-07T03:50:59.492638Z","level":"info","event":"{'name': 'Emeli Sandé', 'id': '7sfgqEdoeBTjd8lQsPT3Cy', 'url': 'https://open.spotify.com/artist/7sfgqEdoeBTjd8lQsPT3Cy'}","chan":"stdout","logger":"task"}
{"timestamp":"2025-12-07T03:50:59.493186Z","level":"info","event":"https://musicbrainz.org/ws/2/url?resource=https://open.spotify.com/artist/7sfgqEdoeBTjd8lQsPT3Cy&inc=artist-rels&fmt=json","chan":"stdout","logger":"task"}
{"timestamp":"2025-12-07T03:50:59.598944Z","level":"info","event":"https://musicbrainz.org/ws/2/artist/7cfaac66-62e5-4fcd-af1b-9d3aa8f68e8b?inc=tags&fmt=json","chan":"stdout","logger":"task"}
{"timestamp":"2025-12-07T03:50:59.704156Z","level":"info","event":"Rate limit hit. Retrying in 1s...","chan":"stdout","logger":"task"}
{"timestamp":"2025-12-07T03:51:01.854054Z","level":"info","event":"{'name': 'Lil Wayne', 'id': '55Aa2cqylxrFIXC767Z865', 'url': 'https://open.spotify.com/artist/55Aa2cqylxrFIXC767Z865'}","chan":"stdout","logger":"task"}
{"timestamp":"2025-12-07T03:51:01.856700Z","level":"info","event":"https://musicbrainz.org/ws/2/url?resource=https://open.spotify.com/artist/55Aa2cqylxrFIXC767Z865&inc=artist-rels&fmt=json","chan":"stdout","logger":"task"}
{"timestamp":"2025-12-07T03:51:01.960693Z","level":"info","event":"https://musicbrainz.org/ws/2/artist/ac9a487a-d9d2-4f27-bb23-0f4686488345?inc=tags&fmt=json","chan":"stdout","logger":"task"}
{"timestamp":"2025-12-07T03:51:03.068211Z","level":"info","event":"{'name': '2 Chainz', 'id': '17lzZA2AlOHwCwFALHttmp', 'url': 'https://open.spotify.com/artist/17lzZA2AlOHwCwFALHttmp'}","chan":"stdout","logger":"task"}
{"timestamp":"2025-12-07T03:51:03.068836Z","level":"info","event":"https://musicbrainz.org/ws/2/url?resource=https://open.spotify.com/artist/17lzZA2AlOHwCwFALHttmp&inc=artist-rels&fmt=json","chan":"stdout","logger":"task"}
{"timestamp":"2025-12-07T03:51:03.186575Z","level":"info","event":"https://musicbrainz.org/ws/2/artist/dff0d392-4cd5-4052-9fbb-f485df3891e5?inc=tags&fmt=json","chan":"stdout","logger":"task"}
{"timestamp":"2025-12-07T03:51:04.311950Z","level":"info","event":"{'name': 'The Lumineers', 'id': '16oZKvXb6WkQlVAjwo2Wbg', 'url': 'https://open.spotify.com/artist/16oZKvXb6WkQlVAjwo2Wbg'}","chan":"stdout","logger":"task"}
{"timestamp":"2025-12-07T03:51:04.312738Z","level":"info","event":"https://musicbrainz.org/ws/2/url?resource=https://open.spotify.com/artist/16oZKvXb6WkQlVAjwo2Wbg&inc=artist-rels&fmt=json","chan":"stdout","logger":"task"}
{"timestamp":"2025-12-07T03:51:04.429986Z","level":"info","event":"https://musicbrainz.org/ws/2/artist/bfcb6630-9b31-4e63-b11f-7b0363be72b5?inc=tags&fmt=json","chan":"stdout","logger":"task"}
{"timestamp":"2025-12-07T03:51:05.590010Z","level":"info","event":"{'name': 'Ciara', 'id': '2NdeV5rLm47xAvogXrYhJX', 'url': 'https://open.spotify.com/artist/2NdeV5rLm47xAvogXrYhJX'}","chan":"stdout","logger":"task"}
{"timestamp":"2025-12-07T03:51:05.597133Z","level":"info","event":"https://musicbrainz.org/ws/2/url?resource=https://open.spotify.com/artist/2NdeV5rLm47xAvogXrYhJX&inc=artist-rels&fmt=json","chan":"stdout","logger":"task"}
{"timestamp":"2025-12-07T03:51:05.704314Z","level":"info","event":"https://musicbrainz.org/ws/2/artist/03172286-f7ed-4864-a4db-459cd5ca9790?inc=tags&fmt=json","chan":"stdout","logger":"task"}
{"timestamp":"2025-12-07T03:51:06.817502Z","level":"info","event":"{'name': 'AWOLNATION', 'id': '4njdEjTnLfcGImKZu1iSrz', 'url': 'https://open.spotify.com/artist/4njdEjTnLfcGImKZu1iSrz'}","chan":"stdout","logger":"task"}
{"timestamp":"2025-12-07T03:51:06.818466Z","level":"info","event":"https://musicbrainz.org/ws/2/url?resource=https://open.spotify.com/artist/4njdEjTnLfcGImKZu1iSrz&inc=artist-rels&fmt=json","chan":"stdout","logger":"task"}
{"timestamp":"2025-12-07T03:51:06.932127Z","level":"info","event":"https://musicbrainz.org/ws/2/artist/77b29df2-056e-409e-a1b2-5e2bbfe421c4?inc=tags&fmt=json","chan":"stdout","logger":"task"}
{"timestamp":"2025-12-07T03:51:08.054597Z","level":"info","event":"{'name': 'Kendrick Lamar', 'id': '2YZyLoL8N0Wb9xBt1NhZWg', 'url': 'https://open.spotify.com/artist/2YZyLoL8N0Wb9xBt1NhZWg'}","chan":"stdout","logger":"task"}
{"timestamp":"2025-12-07T03:51:08.065003Z","level":"info","event":"https://musicbrainz.org/ws/2/url?resource=https://open.spotify.com/artist/2YZyLoL8N0Wb9xBt1NhZWg&inc=artist-rels&fmt=json","chan":"stdout","logger":"task"}
{"timestamp":"2025-12-07T03:51:08.183102Z","level":"info","event":"https://musicbrainz.org/ws/2/artist/381086ea-f511-4aba-bdf9-71c753dc5077?inc=tags&fmt=json","chan":"stdout","logger":"task"}
{"timestamp":"2025-12-07T03:51:09.301518Z","level":"info","event":"{'name': 'Phillip Phillips', 'id': '6p5JxpTc7USNnBnLzctyd4', 'url': 'https://open.spotify.com/artist/6p5JxpTc7USNnBnLzctyd4'}","chan":"stdout","logger":"task"}
{"timestamp":"2025-12-07T03:51:09.303846Z","level":"info","event":"https://musicbrainz.org/ws/2/url?resource=https://open.spotify.com/artist/6p5JxpTc7USNnBnLzctyd4&inc=artist-rels&fmt=json","chan":"stdout","logger":"task"}
{"timestamp":"2025-12-07T03:51:09.428973Z","level":"info","event":"https://musicbrainz.org/ws/2/artist/838483d3-a803-4194-9754-ad634fba8553?inc=tags&fmt=json","chan":"stdout","logger":"task"}
{"timestamp":"2025-12-07T03:51:10.539223Z","level":"info","event":"{'name': 'JAY-Z', 'id': '3nFkdlSjzX9mRTtwJOzDYB', 'url': 'https://open.spotify.com/artist/3nFkdlSjzX9mRTtwJOzDYB'}","chan":"stdout","logger":"task"}
{"timestamp":"2025-12-07T03:51:10.542425Z","level":"info","event":"https://musicbrainz.org/ws/2/url?resource=https://open.spotify.com/artist/3nFkdlSjzX9mRTtwJOzDYB&inc=artist-rels&fmt=json","chan":"stdout","logger":"task"}
{"timestamp":"2025-12-07T03:51:10.664021Z","level":"info","event":"Rate limit hit. Retrying in 1s...","chan":"stdout","logger":"task"}
{"timestamp":"2025-12-07T03:51:11.786745Z","level":"info","event":"https://musicbrainz.org/ws/2/artist/f82bcf78-5b69-4622-a5ef-73800768d9ac?inc=tags&fmt=json","chan":"stdout","logger":"task"}
{"timestamp":"2025-12-07T03:51:12.915177Z","level":"info","event":"{'name': 'DJ Khaled', 'id': '0QHgL1lAIqAw0HtD7YldmP', 'url': 'https://open.spotify.com/artist/0QHgL1lAIqAw0HtD7YldmP'}","chan":"stdout","logger":"task"}
{"timestamp":"2025-12-07T03:51:12.918151Z","level":"info","event":"https://musicbrainz.org/ws/2/url?resource=https://open.spotify.com/artist/0QHgL1lAIqAw0HtD7YldmP&inc=artist-rels&fmt=json","chan":"stdout","logger":"task"}
{"timestamp":"2025-12-07T03:51:13.038999Z","level":"info","event":"https://musicbrainz.org/ws/2/artist/081a2d60-9791-4e05-a075-f1890355eeee?inc=tags&fmt=json","chan":"stdout","logger":"task"}
{"timestamp":"2025-12-07T03:51:14.158840Z","level":"info","event":"{'name': 'Rick Ross', 'id': '1sBkRIssrMs1AbVkOJbc7a', 'url': 'https://open.spotify.com/artist/1sBkRIssrMs1AbVkOJbc7a'}","chan":"stdout","logger":"task"}
{"timestamp":"2025-12-07T03:51:14.159331Z","level":"info","event":"https://musicbrainz.org/ws/2/url?resource=https://open.spotify.com/artist/1sBkRIssrMs1AbVkOJbc7a&inc=artist-rels&fmt=json","chan":"stdout","logger":"task"}
{"timestamp":"2025-12-07T03:51:14.268735Z","level":"info","event":"https://musicbrainz.org/ws/2/artist/13bcb2bb-db37-4397-baf5-e0f085be2d64?inc=tags&fmt=json","chan":"stdout","logger":"task"}
{"timestamp":"2025-12-07T03:51:15.395939Z","level":"info","event":"{'name': 'Jake Owen', 'id': '1n2pb9Tsfe4SwAjmUac6YT', 'url': 'https://open.spotify.com/artist/1n2pb9Tsfe4SwAjmUac6YT'}","chan":"stdout","logger":"task"}
{"timestamp":"2025-12-07T03:51:15.397761Z","level":"info","event":"https://musicbrainz.org/ws/2/url?resource=https://open.spotify.com/artist/1n2pb9Tsfe4SwAjmUac6YT&inc=artist-rels&fmt=json","chan":"stdout","logger":"task"}
{"timestamp":"2025-12-07T03:51:15.510924Z","level":"info","event":"https://musicbrainz.org/ws/2/artist/508f4f83-26dc-4d21-98d9-1a8c04d5ad4a?inc=tags&fmt=json","chan":"stdout","logger":"task"}
{"timestamp":"2025-12-07T03:51:16.630329Z","level":"info","event":"{'name': 'Future', 'id': '1RyvyyTE3xzB2ZywiAwp0i', 'url': 'https://open.spotify.com/artist/1RyvyyTE3xzB2ZywiAwp0i'}","chan":"stdout","logger":"task"}
{"timestamp":"2025-12-07T03:51:16.632089Z","level":"info","event":"https://musicbrainz.org/ws/2/url?resource=https://open.spotify.com/artist/1RyvyyTE3xzB2ZywiAwp0i&inc=artist-rels&fmt=json","chan":"stdout","logger":"task"}
{"timestamp":"2025-12-07T03:51:16.744970Z","level":"info","event":"https://musicbrainz.org/ws/2/artist/48262e82-db9f-4a92-b650-dfef979b73ec?inc=tags&fmt=json","chan":"stdout","logger":"task"}
{"timestamp":"2025-12-07T03:51:17.857643Z","level":"info","event":"{'name': 'Randy Houser', 'id': '56x8mYvS3cyDGAi8N2FxbB', 'url': 'https://open.spotify.com/artist/56x8mYvS3cyDGAi8N2FxbB'}","chan":"stdout","logger":"task"}
{"timestamp":"2025-12-07T03:51:17.858947Z","level":"info","event":"https://musicbrainz.org/ws/2/url?resource=https://open.spotify.com/artist/56x8mYvS3cyDGAi8N2FxbB&inc=artist-rels&fmt=json","chan":"stdout","logger":"task"}
{"timestamp":"2025-12-07T03:51:17.966354Z","level":"info","event":"https://musicbrainz.org/ws/2/artist/50e3dd64-6b87-4b9a-a511-c375ae4ff1ca?inc=tags&fmt=json","chan":"stdout","logger":"task"}
{"timestamp":"2025-12-07T03:51:19.080786Z","level":"info","event":"{'name': 'Ed Sheeran', 'id': '6eUKZXaKkcviH0Ku9w2n3V', 'url': 'https://open.spotify.com/artist/6eUKZXaKkcviH0Ku9w2n3V'}","chan":"stdout","logger":"task"}
{"timestamp":"2025-12-07T03:51:19.082153Z","level":"info","event":"https://musicbrainz.org/ws/2/url?resource=https://open.spotify.com/artist/6eUKZXaKkcviH0Ku9w2n3V&inc=artist-rels&fmt=json","chan":"stdout","logger":"task"}
{"timestamp":"2025-12-07T03:51:19.198358Z","level":"info","event":"https://musicbrainz.org/ws/2/artist/b8a7c51f-362c-4dcb-a259-bc6e0095f0a6?inc=tags&fmt=json","chan":"stdout","logger":"task"}
{"timestamp":"2025-12-07T03:51:20.316060Z","level":"info","event":"{'name': 'Carrie Underwood', 'id': '4xFUf1FHVy696Q1JQZMTRj', 'url': 'https://open.spotify.com/artist/4xFUf1FHVy696Q1JQZMTRj'}","chan":"stdout","logger":"task"}
{"timestamp":"2025-12-07T03:51:20.320215Z","level":"info","event":"https://musicbrainz.org/ws/2/url?resource=https://open.spotify.com/artist/4xFUf1FHVy696Q1JQZMTRj&inc=artist-rels&fmt=json","chan":"stdout","logger":"task"}
{"timestamp":"2025-12-07T03:51:20.447958Z","level":"info","event":"https://musicbrainz.org/ws/2/artist/70f0e309-5418-49b6-a130-666e2f76eecd?inc=tags&fmt=json","chan":"stdout","logger":"task"}
{"timestamp":"2025-12-07T03:51:20.559798Z","level":"info","event":"Rate limit hit. Retrying in 1s...","chan":"stdout","logger":"task"}
{"timestamp":"2025-12-07T03:51:21.667148Z","level":"info","event":"Rate limit hit. Retrying in 2s...","chan":"stdout","logger":"task"}
{"timestamp":"2025-12-07T03:51:24.800316Z","level":"info","event":"{'name': 'Brad Paisley', 'id': '13YmWQJFwgZrd4bf5IjMY4', 'url': 'https://open.spotify.com/artist/13YmWQJFwgZrd4bf5IjMY4'}","chan":"stdout","logger":"task"}
{"timestamp":"2025-12-07T03:51:24.802633Z","level":"info","event":"https://musicbrainz.org/ws/2/url?resource=https://open.spotify.com/artist/13YmWQJFwgZrd4bf5IjMY4&inc=artist-rels&fmt=json","chan":"stdout","logger":"task"}
{"timestamp":"2025-12-07T03:51:24.922331Z","level":"info","event":"https://musicbrainz.org/ws/2/artist/6cfd7ffc-824f-4219-8e27-4b9417700f44?inc=tags&fmt=json","chan":"stdout","logger":"task"}
{"timestamp":"2025-12-07T03:51:26.037881Z","level":"info","event":"{'name': 'The Band Perry', 'id': '75FnCoo4FBxH5K1Rrx0k5A', 'url': 'https://open.spotify.com/artist/75FnCoo4FBxH5K1Rrx0k5A'}","chan":"stdout","logger":"task"}
{"timestamp":"2025-12-07T03:51:26.038555Z","level":"info","event":"https://musicbrainz.org/ws/2/url?resource=https://open.spotify.com/artist/75FnCoo4FBxH5K1Rrx0k5A&inc=artist-rels&fmt=json","chan":"stdout","logger":"task"}
{"timestamp":"2025-12-07T03:51:26.157857Z","level":"info","event":"https://musicbrainz.org/ws/2/artist/28955336-2348-488a-9381-e3a7b0107343?inc=tags&fmt=json","chan":"stdout","logger":"task"}
{"timestamp":"2025-12-07T03:51:27.264751Z","level":"info","event":"{'name': 'will.i.am', 'id': '085pc2PYOi8bGKj0PNjekA', 'url': 'https://open.spotify.com/artist/085pc2PYOi8bGKj0PNjekA'}","chan":"stdout","logger":"task"}
{"timestamp":"2025-12-07T03:51:27.265925Z","level":"info","event":"https://musicbrainz.org/ws/2/url?resource=https://open.spotify.com/artist/085pc2PYOi8bGKj0PNjekA&inc=artist-rels&fmt=json","chan":"stdout","logger":"task"}
{"timestamp":"2025-12-07T03:51:27.384125Z","level":"info","event":"https://musicbrainz.org/ws/2/artist/d574c9bd-46f6-440a-8d6a-8412a283eeb1?inc=tags&fmt=json","chan":"stdout","logger":"task"}
{"timestamp":"2025-12-07T03:51:28.505279Z","level":"info","event":"{'name': 'Justin Bieber', 'id': '1uNFoZAHBGtllmzznpCI3s', 'url': 'https://open.spotify.com/artist/1uNFoZAHBGtllmzznpCI3s'}","chan":"stdout","logger":"task"}
{"timestamp":"2025-12-07T03:51:28.513105Z","level":"info","event":"https://musicbrainz.org/ws/2/url?resource=https://open.spotify.com/artist/1uNFoZAHBGtllmzznpCI3s&inc=artist-rels&fmt=json","chan":"stdout","logger":"task"}
{"timestamp":"2025-12-07T03:51:28.633696Z","level":"info","event":"https://musicbrainz.org/ws/2/artist/e0140a67-e4d1-4f13-8a01-364355bee46e?inc=tags&fmt=json","chan":"stdout","logger":"task"}
{"timestamp":"2025-12-07T03:51:29.748801Z","level":"info","event":"{'name': 'Wiz Khalifa', 'id': '137W8MRPWKqSmrBGDBFSop', 'url': 'https://open.spotify.com/artist/137W8MRPWKqSmrBGDBFSop'}","chan":"stdout","logger":"task"}
{"timestamp":"2025-12-07T03:51:29.751460Z","level":"info","event":"https://musicbrainz.org/ws/2/url?resource=https://open.spotify.com/artist/137W8MRPWKqSmrBGDBFSop&inc=artist-rels&fmt=json","chan":"stdout","logger":"task"}
{"timestamp":"2025-12-07T03:51:29.863419Z","level":"info","event":"https://musicbrainz.org/ws/2/artist/f5dfa020-ad69-41cd-b3d4-fd7af0414e94?inc=tags&fmt=json","chan":"stdout","logger":"task"}
{"timestamp":"2025-12-07T03:51:30.976636Z","level":"info","event":"{'name': 'Capital Cities', 'id': '4gwpcMTbLWtBUlOijbVpuu', 'url': 'https://open.spotify.com/artist/4gwpcMTbLWtBUlOijbVpuu'}","chan":"stdout","logger":"task"}
{"timestamp":"2025-12-07T03:51:30.978278Z","level":"info","event":"https://musicbrainz.org/ws/2/url?resource=https://open.spotify.com/artist/4gwpcMTbLWtBUlOijbVpuu&inc=artist-rels&fmt=json","chan":"stdout","logger":"task"}
{"timestamp":"2025-12-07T03:51:31.109747Z","level":"info","event":"https://musicbrainz.org/ws/2/artist/119a2c67-e6d6-41cf-a58c-c51b75c80daa?inc=tags&fmt=json","chan":"stdout","logger":"task"}
{"timestamp":"2025-12-07T03:51:32.221150Z","level":"info","event":"{'name': 'Chris Brown', 'id': '7bXgB6jMjp9ATFy66eO08Z', 'url': 'https://open.spotify.com/artist/7bXgB6jMjp9ATFy66eO08Z'}","chan":"stdout","logger":"task"}
{"timestamp":"2025-12-07T03:51:32.224989Z","level":"info","event":"https://musicbrainz.org/ws/2/url?resource=https://open.spotify.com/artist/7bXgB6jMjp9ATFy66eO08Z&inc=artist-rels&fmt=json","chan":"stdout","logger":"task"}
{"timestamp":"2025-12-07T03:51:32.335462Z","level":"info","event":"https://musicbrainz.org/ws/2/artist/c234fa42-e6a6-443e-937e-2f4b073538a3?inc=tags&fmt=json","chan":"stdout","logger":"task"}
{"timestamp":"2025-12-07T03:51:33.473190Z","level":"info","event":"{'name': 'Brett Eldredge', 'id': '0qSX3s5pJnAlSsgsCne8Cz', 'url': 'https://open.spotify.com/artist/0qSX3s5pJnAlSsgsCne8Cz'}","chan":"stdout","logger":"task"}
{"timestamp":"2025-12-07T03:51:33.479310Z","level":"info","event":"https://musicbrainz.org/ws/2/url?resource=https://open.spotify.com/artist/0qSX3s5pJnAlSsgsCne8Cz&inc=artist-rels&fmt=json","chan":"stdout","logger":"task"}
{"timestamp":"2025-12-07T03:51:33.598958Z","level":"info","event":"Rate limit hit. Retrying in 1s...","chan":"stdout","logger":"task"}
{"timestamp":"2025-12-07T03:51:34.724726Z","level":"info","event":"https://musicbrainz.org/ws/2/artist/46510d46-ce20-4dde-b9ea-207e474353f4?inc=tags&fmt=json","chan":"stdout","logger":"task"}
{"timestamp":"2025-12-07T03:51:35.831809Z","level":"info","event":"{'name': 'Rich Gang', 'id': '5pU9lKGn9IUnVvOCONrcIS', 'url': 'https://open.spotify.com/artist/5pU9lKGn9IUnVvOCONrcIS'}","chan":"stdout","logger":"task"}
{"timestamp":"2025-12-07T03:51:35.832123Z","level":"info","event":"https://musicbrainz.org/ws/2/url?resource=https://open.spotify.com/artist/5pU9lKGn9IUnVvOCONrcIS&inc=artist-rels&fmt=json","chan":"stdout","logger":"task"}
{"timestamp":"2025-12-07T03:51:35.958155Z","level":"info","event":"HTTP 404: Not Found","chan":"stdout","logger":"task"}
{"timestamp":"2025-12-07T03:51:35.958475Z","level":"info","event":"unable to get mbid for https://open.spotify.com/artist/5pU9lKGn9IUnVvOCONrcIS","chan":"stdout","logger":"task"}
{"timestamp":"2025-12-07T03:51:36.964321Z","level":"info","event":"{'name': 'Birdman', 'id': '35sCXuy5gN6Or69rZ9vqBs', 'url': 'https://open.spotify.com/artist/35sCXuy5gN6Or69rZ9vqBs'}","chan":"stdout","logger":"task"}
{"timestamp":"2025-12-07T03:51:36.967561Z","level":"info","event":"https://musicbrainz.org/ws/2/url?resource=https://open.spotify.com/artist/35sCXuy5gN6Or69rZ9vqBs&inc=artist-rels&fmt=json","chan":"stdout","logger":"task"}
{"timestamp":"2025-12-07T03:51:37.093854Z","level":"info","event":"https://musicbrainz.org/ws/2/artist/dcf5807c-ef1f-4291-b452-6824080ecac4?inc=tags&fmt=json","chan":"stdout","logger":"task"}
{"timestamp":"2025-12-07T03:51:38.206744Z","level":"info","event":"{'name': 'Mack Maine', 'id': '18AOdS1Qw4XXnQSiPJQr1B', 'url': 'https://open.spotify.com/artist/18AOdS1Qw4XXnQSiPJQr1B'}","chan":"stdout","logger":"task"}
{"timestamp":"2025-12-07T03:51:38.208606Z","level":"info","event":"https://musicbrainz.org/ws/2/url?resource=https://open.spotify.com/artist/18AOdS1Qw4XXnQSiPJQr1B&inc=artist-rels&fmt=json","chan":"stdout","logger":"task"}
{"timestamp":"2025-12-07T03:51:38.337095Z","level":"info","event":"HTTP 404: Not Found","chan":"stdout","logger":"task"}
{"timestamp":"2025-12-07T03:51:38.337414Z","level":"info","event":"unable to get mbid for https://open.spotify.com/artist/18AOdS1Qw4XXnQSiPJQr1B","chan":"stdout","logger":"task"}
{"timestamp":"2025-12-07T03:51:39.340980Z","level":"info","event":"{'name': 'Nicki Minaj', 'id': '0hCNtLu0JehylgoiP8L4Gh', 'url': 'https://open.spotify.com/artist/0hCNtLu0JehylgoiP8L4Gh'}","chan":"stdout","logger":"task"}
{"timestamp":"2025-12-07T03:51:39.342156Z","level":"info","event":"https://musicbrainz.org/ws/2/url?resource=https://open.spotify.com/artist/0hCNtLu0JehylgoiP8L4Gh&inc=artist-rels&fmt=json","chan":"stdout","logger":"task"}
{"timestamp":"2025-12-07T03:51:39.457697Z","level":"info","event":"https://musicbrainz.org/ws/2/artist/1036b808-f58c-4a3e-b461-a2c4492ecf1b?inc=tags&fmt=json","chan":"stdout","logger":"task"}
{"timestamp":"2025-12-07T03:51:40.579022Z","level":"info","event":"{'name': 'Baauer', 'id': '25fqWEebq6PoiGQIHIrdtv', 'url': 'https://open.spotify.com/artist/25fqWEebq6PoiGQIHIrdtv'}","chan":"stdout","logger":"task"}
{"timestamp":"2025-12-07T03:51:40.579701Z","level":"info","event":"https://musicbrainz.org/ws/2/url?resource=https://open.spotify.com/artist/25fqWEebq6PoiGQIHIrdtv&inc=artist-rels&fmt=json","chan":"stdout","logger":"task"}
{"timestamp":"2025-12-07T03:51:40.696089Z","level":"info","event":"https://musicbrainz.org/ws/2/artist/61a54a1e-3fa1-4ccc-bfc2-86c1a27e27de?inc=tags&fmt=json","chan":"stdout","logger":"task"}
{"timestamp":"2025-12-07T03:51:41.804142Z","level":"info","event":"{'name': 'Kip Moore', 'id': '2hJPr4lk7Q8SSvCVBl9fWM', 'url': 'https://open.spotify.com/artist/2hJPr4lk7Q8SSvCVBl9fWM'}","chan":"stdout","logger":"task"}
{"timestamp":"2025-12-07T03:51:41.804975Z","level":"info","event":"https://musicbrainz.org/ws/2/url?resource=https://open.spotify.com/artist/2hJPr4lk7Q8SSvCVBl9fWM&inc=artist-rels&fmt=json","chan":"stdout","logger":"task"}
{"timestamp":"2025-12-07T03:51:41.920016Z","level":"info","event":"https://musicbrainz.org/ws/2/artist/3afa378a-4a7f-46f5-b686-f41ee2287c0c?inc=tags&fmt=json","chan":"stdout","logger":"task"}
{"timestamp":"2025-12-07T03:51:43.036684Z","level":"info","event":"{'name': 'Kesha', 'id': '6LqNN22kT3074XbTVUrhzX', 'url': 'https://open.spotify.com/artist/6LqNN22kT3074XbTVUrhzX'}","chan":"stdout","logger":"task"}
{"timestamp":"2025-12-07T03:51:43.044179Z","level":"info","event":"https://musicbrainz.org/ws/2/url?resource=https://open.spotify.com/artist/6LqNN22kT3074XbTVUrhzX&inc=artist-rels&fmt=json","chan":"stdout","logger":"task"}
{"timestamp":"2025-12-07T03:51:43.155041Z","level":"info","event":"https://musicbrainz.org/ws/2/artist/fab34286-b8e1-4879-bce3-194e1358fbd2?inc=tags&fmt=json","chan":"stdout","logger":"task"}
{"timestamp":"2025-12-07T03:51:44.261754Z","level":"info","event":"{'name': 'Ace Hood', 'id': '31HjiqargV4NAw4GZqUale', 'url': 'https://open.spotify.com/artist/31HjiqargV4NAw4GZqUale'}","chan":"stdout","logger":"task"}
{"timestamp":"2025-12-07T03:51:44.262381Z","level":"info","event":"https://musicbrainz.org/ws/2/url?resource=https://open.spotify.com/artist/31HjiqargV4NAw4GZqUale&inc=artist-rels&fmt=json","chan":"stdout","logger":"task"}
{"timestamp":"2025-12-07T03:51:44.380347Z","level":"info","event":"https://musicbrainz.org/ws/2/artist/986ee464-cf8a-4e59-a71f-74756102067f?inc=tags&fmt=json","chan":"stdout","logger":"task"}
{"timestamp":"2025-12-07T03:51:44.505996Z","level":"info","event":"Rate limit hit. Retrying in 1s...","chan":"stdout","logger":"task"}
{"timestamp":"2025-12-07T03:51:46.652309Z","level":"info","event":"{'name': 'Sean Kingston', 'id': '6S0dmVVn4udvppDhZIWxCr', 'url': 'https://open.spotify.com/artist/6S0dmVVn4udvppDhZIWxCr'}","chan":"stdout","logger":"task"}
{"timestamp":"2025-12-07T03:51:46.656996Z","level":"info","event":"https://musicbrainz.org/ws/2/url?resource=https://open.spotify.com/artist/6S0dmVVn4udvppDhZIWxCr&inc=artist-rels&fmt=json","chan":"stdout","logger":"task"}
{"timestamp":"2025-12-07T03:51:46.759237Z","level":"info","event":"https://musicbrainz.org/ws/2/artist/f7eb3be3-1065-4a53-94d4-e2d0c15c0b33?inc=tags&fmt=json","chan":"stdout","logger":"task"}
{"timestamp":"2025-12-07T03:51:47.873268Z","level":"info","event":"{'name': 'B.o.B', 'id': '5ndkK3dpZLKtBklKjxNQwT', 'url': 'https://open.spotify.com/artist/5ndkK3dpZLKtBklKjxNQwT'}","chan":"stdout","logger":"task"}
{"timestamp":"2025-12-07T03:51:47.873880Z","level":"info","event":"https://musicbrainz.org/ws/2/url?resource=https://open.spotify.com/artist/5ndkK3dpZLKtBklKjxNQwT&inc=artist-rels&fmt=json","chan":"stdout","logger":"task"}
{"timestamp":"2025-12-07T03:51:47.993906Z","level":"info","event":"https://musicbrainz.org/ws/2/artist/94c338ff-1985-4429-9dc8-997b61bb5932?inc=tags&fmt=json","chan":"stdout","logger":"task"}
{"timestamp":"2025-12-07T03:51:49.118838Z","level":"info","event":"{'name': 'Juicy J', 'id': '5gCRApTajqwbnHHPbr2Fpi', 'url': 'https://open.spotify.com/artist/5gCRApTajqwbnHHPbr2Fpi'}","chan":"stdout","logger":"task"}
{"timestamp":"2025-12-07T03:51:49.123639Z","level":"info","event":"https://musicbrainz.org/ws/2/url?resource=https://open.spotify.com/artist/5gCRApTajqwbnHHPbr2Fpi&inc=artist-rels&fmt=json","chan":"stdout","logger":"task"}
{"timestamp":"2025-12-07T03:51:49.232304Z","level":"info","event":"https://musicbrainz.org/ws/2/artist/c45d161f-83ce-4464-ba41-44202e6916d9?inc=tags&fmt=json","chan":"stdout","logger":"task"}
{"timestamp":"2025-12-07T03:51:50.375083Z","level":"info","event":"{'name': 'The Swon Brothers', 'id': '1nf0nRF0W4ybnJdda00pKY', 'url': 'https://open.spotify.com/artist/1nf0nRF0W4ybnJdda00pKY'}","chan":"stdout","logger":"task"}
{"timestamp":"2025-12-07T03:51:50.376054Z","level":"info","event":"https://musicbrainz.org/ws/2/url?resource=https://open.spotify.com/artist/1nf0nRF0W4ybnJdda00pKY&inc=artist-rels&fmt=json","chan":"stdout","logger":"task"}
{"timestamp":"2025-12-07T03:51:50.495894Z","level":"info","event":"HTTP 404: Not Found","chan":"stdout","logger":"task"}
{"timestamp":"2025-12-07T03:51:50.496196Z","level":"info","event":"unable to get mbid for https://open.spotify.com/artist/1nf0nRF0W4ybnJdda00pKY","chan":"stdout","logger":"task"}
{"timestamp":"2025-12-07T03:51:51.499729Z","level":"info","event":"{'name': 'Lana Del Rey', 'id': '00FQb4jTyendYWaN8pK0wa', 'url': 'https://open.spotify.com/artist/00FQb4jTyendYWaN8pK0wa'}","chan":"stdout","logger":"task"}
{"timestamp":"2025-12-07T03:51:51.507861Z","level":"info","event":"https://musicbrainz.org/ws/2/url?resource=https://open.spotify.com/artist/00FQb4jTyendYWaN8pK0wa&inc=artist-rels&fmt=json","chan":"stdout","logger":"task"}
{"timestamp":"2025-12-07T03:51:51.639728Z","level":"info","event":"https://musicbrainz.org/ws/2/artist/b7539c32-53e7-4908-bda3-81449c367da6?inc=tags&fmt=json","chan":"stdout","logger":"task"}
{"timestamp":"2025-12-07T03:51:52.754280Z","level":"info","event":"{'name': 'Zac Brown Band', 'id': '6yJCxee7QumYr820xdIsjo', 'url': 'https://open.spotify.com/artist/6yJCxee7QumYr820xdIsjo'}","chan":"stdout","logger":"task"}
{"timestamp":"2025-12-07T03:51:52.758097Z","level":"info","event":"https://musicbrainz.org/ws/2/url?resource=https://open.spotify.com/artist/6yJCxee7QumYr820xdIsjo&inc=artist-rels&fmt=json","chan":"stdout","logger":"task"}
{"timestamp":"2025-12-07T03:51:52.877481Z","level":"info","event":"https://musicbrainz.org/ws/2/artist/507226f4-0842-4f43-950e-81a7017230ec?inc=tags&fmt=json","chan":"stdout","logger":"task"}
{"timestamp":"2025-12-07T03:51:54.093327Z","level":"info","event":"{'name': 'Easton Corbin', 'id': '070kGpqtESdDsLb3gdMIyx', 'url': 'https://open.spotify.com/artist/070kGpqtESdDsLb3gdMIyx'}","chan":"stdout","logger":"task"}
{"timestamp":"2025-12-07T03:51:54.094120Z","level":"info","event":"https://musicbrainz.org/ws/2/url?resource=https://open.spotify.com/artist/070kGpqtESdDsLb3gdMIyx&inc=artist-rels&fmt=json","chan":"stdout","logger":"task"}
{"timestamp":"2025-12-07T03:51:54.202684Z","level":"info","event":"https://musicbrainz.org/ws/2/artist/c6ada25c-8590-4b75-8013-883a8df55882?inc=tags&fmt=json","chan":"stdout","logger":"task"}
{"timestamp":"2025-12-07T03:51:55.308600Z","level":"info","event":"{'name': 'Krewella', 'id': '0Cd6nHYwecCNM1sVEXKlYr', 'url': 'https://open.spotify.com/artist/0Cd6nHYwecCNM1sVEXKlYr'}","chan":"stdout","logger":"task"}
{"timestamp":"2025-12-07T03:51:55.309032Z","level":"info","event":"https://musicbrainz.org/ws/2/url?resource=https://open.spotify.com/artist/0Cd6nHYwecCNM1sVEXKlYr&inc=artist-rels&fmt=json","chan":"stdout","logger":"task"}
{"timestamp":"2025-12-07T03:51:55.427745Z","level":"info","event":"https://musicbrainz.org/ws/2/artist/d87475fa-76a1-4e12-962c-fc9941fdda72?inc=tags&fmt=json","chan":"stdout","logger":"task"}
{"timestamp":"2025-12-07T03:51:55.549259Z","level":"info","event":"Rate limit hit. Retrying in 1s...","chan":"stdout","logger":"task"}
{"timestamp":"2025-12-07T03:51:57.673465Z","level":"info","event":"{'name': 'Kelly Clarkson', 'id': '3BmGtnKgCSGYIUhmivXKWX', 'url': 'https://open.spotify.com/artist/3BmGtnKgCSGYIUhmivXKWX'}","chan":"stdout","logger":"task"}
{"timestamp":"2025-12-07T03:51:57.675346Z","level":"info","event":"https://musicbrainz.org/ws/2/url?resource=https://open.spotify.com/artist/3BmGtnKgCSGYIUhmivXKWX&inc=artist-rels&fmt=json","chan":"stdout","logger":"task"}
{"timestamp":"2025-12-07T03:51:57.847966Z","level":"info","event":"https://musicbrainz.org/ws/2/artist/d339efbb-77b9-4147-ba9e-59f2f24550b2?inc=tags&fmt=json","chan":"stdout","logger":"task"}
{"timestamp":"2025-12-07T03:51:58.970947Z","level":"info","event":"{'name': 'Austin Mahone', 'id': '04abdnqPQe2N4fjztDea6z', 'url': 'https://open.spotify.com/artist/04abdnqPQe2N4fjztDea6z'}","chan":"stdout","logger":"task"}
{"timestamp":"2025-12-07T03:51:58.974120Z","level":"info","event":"https://musicbrainz.org/ws/2/url?resource=https://open.spotify.com/artist/04abdnqPQe2N4fjztDea6z&inc=artist-rels&fmt=json","chan":"stdout","logger":"task"}
{"timestamp":"2025-12-07T03:51:59.153422Z","level":"info","event":"https://musicbrainz.org/ws/2/artist/b69b9854-f568-4a50-b076-309c459946a8?inc=tags&fmt=json","chan":"stdout","logger":"task"}
{"timestamp":"2025-12-07T03:52:00.380776Z","level":"info","event":"{'name': 'PSY', 'id': '2dd5mrQZvg6SmahdgVKDzh', 'url': 'https://open.spotify.com/artist/2dd5mrQZvg6SmahdgVKDzh'}","chan":"stdout","logger":"task"}
{"timestamp":"2025-12-07T03:52:00.385418Z","level":"info","event":"https://musicbrainz.org/ws/2/url?resource=https://open.spotify.com/artist/2dd5mrQZvg6SmahdgVKDzh&inc=artist-rels&fmt=json","chan":"stdout","logger":"task"}
{"timestamp":"2025-12-07T03:52:00.504805Z","level":"info","event":"https://musicbrainz.org/ws/2/artist/f99b7d67-4e63-4678-aa66-4c6ac0f7d24a?inc=tags&fmt=json","chan":"stdout","logger":"task"}
{"timestamp":"2025-12-07T03:52:01.623083Z","level":"info","event":"{'name': 'Lady A', 'id': '32WkQRZEVKSzVAAYqukAEA', 'url': 'https://open.spotify.com/artist/32WkQRZEVKSzVAAYqukAEA'}","chan":"stdout","logger":"task"}
{"timestamp":"2025-12-07T03:52:01.624474Z","level":"info","event":"https://musicbrainz.org/ws/2/url?resource=https://open.spotify.com/artist/32WkQRZEVKSzVAAYqukAEA&inc=artist-rels&fmt=json","chan":"stdout","logger":"task"}
{"timestamp":"2025-12-07T03:52:01.734800Z","level":"info","event":"https://musicbrainz.org/ws/2/artist/0eedfc95-e79a-4fd9-832a-cd816a0b3fda?inc=tags&fmt=json","chan":"stdout","logger":"task"}
{"timestamp":"2025-12-07T03:52:02.855342Z","level":"info","event":"{'name': 'Tyler Farr', 'id': '3vHV92ecrylnUHDM4d2MtC', 'url': 'https://open.spotify.com/artist/3vHV92ecrylnUHDM4d2MtC'}","chan":"stdout","logger":"task"}
{"timestamp":"2025-12-07T03:52:02.857542Z","level":"info","event":"https://musicbrainz.org/ws/2/url?resource=https://open.spotify.com/artist/3vHV92ecrylnUHDM4d2MtC&inc=artist-rels&fmt=json","chan":"stdout","logger":"task"}
{"timestamp":"2025-12-07T03:52:02.975419Z","level":"info","event":"https://musicbrainz.org/ws/2/artist/0a623782-931b-4f2d-8d8b-e8bfc8b95cda?inc=tags&fmt=json","chan":"stdout","logger":"task"}
{"timestamp":"2025-12-07T03:52:04.089437Z","level":"info","event":"{'name': 'Danielle Bradbery', 'id': '5iqStkZi6QmG8sgQZQrfGN', 'url': 'https://open.spotify.com/artist/5iqStkZi6QmG8sgQZQrfGN'}","chan":"stdout","logger":"task"}
{"timestamp":"2025-12-07T03:52:04.092275Z","level":"info","event":"https://musicbrainz.org/ws/2/url?resource=https://open.spotify.com/artist/5iqStkZi6QmG8sgQZQrfGN&inc=artist-rels&fmt=json","chan":"stdout","logger":"task"}
{"timestamp":"2025-12-07T03:52:04.207322Z","level":"info","event":"https://musicbrainz.org/ws/2/artist/efe7d853-d381-4887-be9b-dec26ff27705?inc=tags&fmt=json","chan":"stdout","logger":"task"}
{"timestamp":"2025-12-07T03:52:05.312350Z","level":"info","event":"{'name': 'Brantley Gilbert', 'id': '5q8HGNo0BjLWaTAhRtbwxa', 'url': 'https://open.spotify.com/artist/5q8HGNo0BjLWaTAhRtbwxa'}","chan":"stdout","logger":"task"}
{"timestamp":"2025-12-07T03:52:05.314818Z","level":"info","event":"https://musicbrainz.org/ws/2/url?resource=https://open.spotify.com/artist/5q8HGNo0BjLWaTAhRtbwxa&inc=artist-rels&fmt=json","chan":"stdout","logger":"task"}
{"timestamp":"2025-12-07T03:52:05.428708Z","level":"info","event":"https://musicbrainz.org/ws/2/artist/9ad8aede-6938-48f2-93fa-908bc4da9ef6?inc=tags&fmt=json","chan":"stdout","logger":"task"}
{"timestamp":"2025-12-07T03:52:06.542041Z","level":"info","event":"{'name': 'Jennifer Lopez', 'id': '2DlGxzQSjYe5N6G9nkYghR', 'url': 'https://open.spotify.com/artist/2DlGxzQSjYe5N6G9nkYghR'}","chan":"stdout","logger":"task"}
{"timestamp":"2025-12-07T03:52:06.546832Z","level":"info","event":"https://musicbrainz.org/ws/2/url?resource=https://open.spotify.com/artist/2DlGxzQSjYe5N6G9nkYghR&inc=artist-rels&fmt=json","chan":"stdout","logger":"task"}
{"timestamp":"2025-12-07T03:52:06.679679Z","level":"info","event":"Rate limit hit. Retrying in 1s...","chan":"stdout","logger":"task"}
{"timestamp":"2025-12-07T03:52:07.817567Z","level":"info","event":"https://musicbrainz.org/ws/2/artist/f0602f55-1770-483d-89bd-4bae0d0ac086?inc=tags&fmt=json","chan":"stdout","logger":"task"}
{"timestamp":"2025-12-07T03:52:08.931143Z","level":"info","event":"{'name': 'A$AP Rocky', 'id': '13ubrt8QOOCPljQ2FL1Kca', 'url': 'https://open.spotify.com/artist/13ubrt8QOOCPljQ2FL1Kca'}","chan":"stdout","logger":"task"}
{"timestamp":"2025-12-07T03:52:08.938642Z","level":"info","event":"https://musicbrainz.org/ws/2/url?resource=https://open.spotify.com/artist/13ubrt8QOOCPljQ2FL1Kca&inc=artist-rels&fmt=json","chan":"stdout","logger":"task"}
{"timestamp":"2025-12-07T03:52:09.088922Z","level":"info","event":"https://musicbrainz.org/ws/2/artist/25b7b584-d952-4662-a8b9-dd8cdfbfeb64?inc=tags&fmt=json","chan":"stdout","logger":"task"}
{"timestamp":"2025-12-07T03:52:10.222301Z","level":"info","event":"{'name': 'Skrillex', 'id': '5he5w2lnU9x7JFhnwcekXX', 'url': 'https://open.spotify.com/artist/5he5w2lnU9x7JFhnwcekXX'}","chan":"stdout","logger":"task"}
{"timestamp":"2025-12-07T03:52:10.225907Z","level":"info","event":"https://musicbrainz.org/ws/2/url?resource=https://open.spotify.com/artist/5he5w2lnU9x7JFhnwcekXX&inc=artist-rels&fmt=json","chan":"stdout","logger":"task"}
{"timestamp":"2025-12-07T03:52:10.507306Z","level":"info","event":"https://musicbrainz.org/ws/2/artist/ae002c5d-aac6-490b-a39a-30aa9e2edf2b?inc=tags&fmt=json","chan":"stdout","logger":"task"}
{"timestamp":"2025-12-07T03:52:11.657328Z","level":"info","event":"{'name': 'Birdy Nam Nam', 'id': '4e7qJTThm5uI3CplqZObfT', 'url': 'https://open.spotify.com/artist/4e7qJTThm5uI3CplqZObfT'}","chan":"stdout","logger":"task"}
{"timestamp":"2025-12-07T03:52:11.658525Z","level":"info","event":"https://musicbrainz.org/ws/2/url?resource=https://open.spotify.com/artist/4e7qJTThm5uI3CplqZObfT&inc=artist-rels&fmt=json","chan":"stdout","logger":"task"}
{"timestamp":"2025-12-07T03:52:11.770253Z","level":"info","event":"https://musicbrainz.org/ws/2/artist/3255ddb2-bd7f-4850-b314-bdfa10d14706?inc=tags&fmt=json","chan":"stdout","logger":"task"}
{"timestamp":"2025-12-07T03:52:12.888835Z","level":"info","event":"{'name': 'Lord Flacko', 'id': '5XJdV8h0NLbf3CZdfwX3lg', 'url': 'https://open.spotify.com/artist/5XJdV8h0NLbf3CZdfwX3lg'}","chan":"stdout","logger":"task"}
{"timestamp":"2025-12-07T03:52:12.890305Z","level":"info","event":"https://musicbrainz.org/ws/2/url?resource=https://open.spotify.com/artist/5XJdV8h0NLbf3CZdfwX3lg&inc=artist-rels&fmt=json","chan":"stdout","logger":"task"}
{"timestamp":"2025-12-07T03:52:13.072672Z","level":"info","event":"HTTP 404: Not Found","chan":"stdout","logger":"task"}
{"timestamp":"2025-12-07T03:52:13.072836Z","level":"info","event":"unable to get mbid for https://open.spotify.com/artist/5XJdV8h0NLbf3CZdfwX3lg","chan":"stdout","logger":"task"}
{"timestamp":"2025-12-07T03:52:14.079180Z","level":"info","event":"{'name': 'Eric Church', 'id': '2IvkS5MXK0vPGnwyJsrEyV', 'url': 'https://open.spotify.com/artist/2IvkS5MXK0vPGnwyJsrEyV'}","chan":"stdout","logger":"task"}
{"timestamp":"2025-12-07T03:52:14.080633Z","level":"info","event":"https://musicbrainz.org/ws/2/url?resource=https://open.spotify.com/artist/2IvkS5MXK0vPGnwyJsrEyV&inc=artist-rels&fmt=json","chan":"stdout","logger":"task"}
{"timestamp":"2025-12-07T03:52:14.206199Z","level":"info","event":"https://musicbrainz.org/ws/2/artist/15856215-cc51-4423-879c-9ac955ccb11a?inc=tags&fmt=json","chan":"stdout","logger":"task"}
{"timestamp":"2025-12-07T03:52:15.330010Z","level":"info","event":"{'name': 'Billy Currington', 'id': '1By9QBFnjZAoI83BZppHlt', 'url': 'https://open.spotify.com/artist/1By9QBFnjZAoI83BZppHlt'}","chan":"stdout","logger":"task"}
{"timestamp":"2025-12-07T03:52:15.336062Z","level":"info","event":"https://musicbrainz.org/ws/2/url?resource=https://open.spotify.com/artist/1By9QBFnjZAoI83BZppHlt&inc=artist-rels&fmt=json","chan":"stdout","logger":"task"}
{"timestamp":"2025-12-07T03:52:15.451932Z","level":"info","event":"https://musicbrainz.org/ws/2/artist/dbf94c49-0dd9-4f72-85d5-f548beb453f6?inc=tags&fmt=json","chan":"stdout","logger":"task"}
{"timestamp":"2025-12-07T03:52:16.557753Z","level":"info","event":"{'name': 'Justin Moore', 'id': '30e8DmahrEamvLbFRPdWmk', 'url': 'https://open.spotify.com/artist/30e8DmahrEamvLbFRPdWmk'}","chan":"stdout","logger":"task"}
{"timestamp":"2025-12-07T03:52:16.559293Z","level":"info","event":"https://musicbrainz.org/ws/2/url?resource=https://open.spotify.com/artist/30e8DmahrEamvLbFRPdWmk&inc=artist-rels&fmt=json","chan":"stdout","logger":"task"}
{"timestamp":"2025-12-07T03:52:16.680405Z","level":"info","event":"https://musicbrainz.org/ws/2/artist/ab5d785b-ff87-48b5-b9e1-027e3c21ec0d?inc=tags&fmt=json","chan":"stdout","logger":"task"}
{"timestamp":"2025-12-07T03:52:17.801555Z","level":"info","event":"{'name': 'Jack Johnson', 'id': '3GBPw9NK25X1Wt2OUvOwY3', 'url': 'https://open.spotify.com/artist/3GBPw9NK25X1Wt2OUvOwY3'}","chan":"stdout","logger":"task"}
{"timestamp":"2025-12-07T03:52:17.812219Z","level":"info","event":"https://musicbrainz.org/ws/2/url?resource=https://open.spotify.com/artist/3GBPw9NK25X1Wt2OUvOwY3&inc=artist-rels&fmt=json","chan":"stdout","logger":"task"}
{"timestamp":"2025-12-07T03:52:17.959433Z","level":"info","event":"https://musicbrainz.org/ws/2/artist/ff6e677f-91dd-4986-a174-8db0474b1799?inc=tags&fmt=json","chan":"stdout","logger":"task"}
{"timestamp":"2025-12-07T03:52:19.108062Z","level":"info","event":"{'name': 'Amber Carrington', 'id': '6YdYhEJqzEypHPI4KA0KyF', 'url': 'https://open.spotify.com/artist/6YdYhEJqzEypHPI4KA0KyF'}","chan":"stdout","logger":"task"}
{"timestamp":"2025-12-07T03:52:19.110303Z","level":"info","event":"https://musicbrainz.org/ws/2/url?resource=https://open.spotify.com/artist/6YdYhEJqzEypHPI4KA0KyF&inc=artist-rels&fmt=json","chan":"stdout","logger":"task"}
{"timestamp":"2025-12-07T03:52:19.232689Z","level":"info","event":"HTTP 404: Not Found","chan":"stdout","logger":"task"}
{"timestamp":"2025-12-07T03:52:19.233761Z","level":"info","event":"unable to get mbid for https://open.spotify.com/artist/6YdYhEJqzEypHPI4KA0KyF","chan":"stdout","logger":"task"}
{"timestamp":"2025-12-07T03:52:20.241573Z","level":"info","event":"{'name': 'The Neighbourhood', 'id': '77SW9BnxLY8rJ0RciFqkHh', 'url': 'https://open.spotify.com/artist/77SW9BnxLY8rJ0RciFqkHh'}","chan":"stdout","logger":"task"}
{"timestamp":"2025-12-07T03:52:20.245433Z","level":"info","event":"https://musicbrainz.org/ws/2/url?resource=https://open.spotify.com/artist/77SW9BnxLY8rJ0RciFqkHh&inc=artist-rels&fmt=json","chan":"stdout","logger":"task"}
{"timestamp":"2025-12-07T03:52:20.535329Z","level":"info","event":"https://musicbrainz.org/ws/2/artist/97b8d224-5660-419c-8dff-4b3bf0c33983?inc=tags&fmt=json","chan":"stdout","logger":"task"}
{"timestamp":"2025-12-07T03:52:21.671484Z","level":"info","event":"{'name': 'Thomas Rhett', 'id': '6x2LnllRG5uGarZMsD4iO8', 'url': 'https://open.spotify.com/artist/6x2LnllRG5uGarZMsD4iO8'}","chan":"stdout","logger":"task"}
{"timestamp":"2025-12-07T03:52:21.674006Z","level":"info","event":"https://musicbrainz.org/ws/2/url?resource=https://open.spotify.com/artist/6x2LnllRG5uGarZMsD4iO8&inc=artist-rels&fmt=json","chan":"stdout","logger":"task"}
{"timestamp":"2025-12-07T03:52:21.812379Z","level":"info","event":"https://musicbrainz.org/ws/2/artist/bca8bfc0-9d5b-449b-b713-914596f88d56?inc=tags&fmt=json","chan":"stdout","logger":"task"}
{"timestamp":"2025-12-07T03:52:22.974137Z","level":"info","event":"{'name': 'Major Lazer', 'id': '738wLrAtLtCtFOLvQBXOXp', 'url': 'https://open.spotify.com/artist/738wLrAtLtCtFOLvQBXOXp'}","chan":"stdout","logger":"task"}
{"timestamp":"2025-12-07T03:52:22.980210Z","level":"info","event":"https://musicbrainz.org/ws/2/url?resource=https://open.spotify.com/artist/738wLrAtLtCtFOLvQBXOXp&inc=artist-rels&fmt=json","chan":"stdout","logger":"task"}
{"timestamp":"2025-12-07T03:52:23.137175Z","level":"info","event":"https://musicbrainz.org/ws/2/artist/75be165a-ad83-4d12-bd28-f589a15c479f?inc=tags&fmt=json","chan":"stdout","logger":"task"}
{"timestamp":"2025-12-07T03:52:24.342080Z","level":"info","event":"{'name': 'Tyga', 'id': '5LHRHt1k9lMyONurDHEdrp', 'url': 'https://open.spotify.com/artist/5LHRHt1k9lMyONurDHEdrp'}","chan":"stdout","logger":"task"}
{"timestamp":"2025-12-07T03:52:24.343574Z","level":"info","event":"https://musicbrainz.org/ws/2/url?resource=https://open.spotify.com/artist/5LHRHt1k9lMyONurDHEdrp&inc=artist-rels&fmt=json","chan":"stdout","logger":"task"}
{"timestamp":"2025-12-07T03:52:24.456835Z","level":"info","event":"https://musicbrainz.org/ws/2/artist/ce09ea31-3d4a-4487-a797-e315175457a0?inc=tags&fmt=json","chan":"stdout","logger":"task"}
{"timestamp":"2025-12-07T03:52:25.568888Z","level":"info","event":"{'name': 'Mystic', 'id': '2hLBMpnVLdS8kOLFyFlq58', 'url': 'https://open.spotify.com/artist/2hLBMpnVLdS8kOLFyFlq58'}","chan":"stdout","logger":"task"}
{"timestamp":"2025-12-07T03:52:25.570147Z","level":"info","event":"https://musicbrainz.org/ws/2/url?resource=https://open.spotify.com/artist/2hLBMpnVLdS8kOLFyFlq58&inc=artist-rels&fmt=json","chan":"stdout","logger":"task"}
{"timestamp":"2025-12-07T03:52:25.686349Z","level":"info","event":"HTTP 404: Not Found","chan":"stdout","logger":"task"}
{"timestamp":"2025-12-07T03:52:25.686595Z","level":"info","event":"unable to get mbid for https://open.spotify.com/artist/2hLBMpnVLdS8kOLFyFlq58","chan":"stdout","logger":"task"}
{"timestamp":"2025-12-07T03:52:26.690533Z","level":"info","event":"{'name': 'Fabolous', 'id': '0YWxKQj2Go9CGHCp77UOyy', 'url': 'https://open.spotify.com/artist/0YWxKQj2Go9CGHCp77UOyy'}","chan":"stdout","logger":"task"}
{"timestamp":"2025-12-07T03:52:26.691286Z","level":"info","event":"https://musicbrainz.org/ws/2/url?resource=https://open.spotify.com/artist/0YWxKQj2Go9CGHCp77UOyy&inc=artist-rels&fmt=json","chan":"stdout","logger":"task"}
{"timestamp":"2025-12-07T03:52:26.801777Z","level":"info","event":"https://musicbrainz.org/ws/2/artist/d2299099-e617-46dd-b013-ba0b4c72bc63?inc=tags&fmt=json","chan":"stdout","logger":"task"}
{"timestamp":"2025-12-07T03:52:27.919335Z","level":"info","event":"{'name': 'David Guetta', 'id': '1Cs0zKBU1kc0i8ypK3B9ai', 'url': 'https://open.spotify.com/artist/1Cs0zKBU1kc0i8ypK3B9ai'}","chan":"stdout","logger":"task"}
{"timestamp":"2025-12-07T03:52:27.921235Z","level":"info","event":"https://musicbrainz.org/ws/2/url?resource=https://open.spotify.com/artist/1Cs0zKBU1kc0i8ypK3B9ai&inc=artist-rels&fmt=json","chan":"stdout","logger":"task"}
{"timestamp":"2025-12-07T03:52:28.040564Z","level":"info","event":"https://musicbrainz.org/ws/2/artist/302bd7b9-d012-4360-897a-93b00c855680?inc=tags&fmt=json","chan":"stdout","logger":"task"}
{"timestamp":"2025-12-07T03:52:29.268997Z","level":"info","event":"{'name': 'Ne-Yo', 'id': '21E3waRsmPlU7jZsS13rcj', 'url': 'https://open.spotify.com/artist/21E3waRsmPlU7jZsS13rcj'}","chan":"stdout","logger":"task"}
{"timestamp":"2025-12-07T03:52:29.272243Z","level":"info","event":"https://musicbrainz.org/ws/2/url?resource=https://open.spotify.com/artist/21E3waRsmPlU7jZsS13rcj&inc=artist-rels&fmt=json","chan":"stdout","logger":"task"}
{"timestamp":"2025-12-07T03:52:29.397752Z","level":"info","event":"https://musicbrainz.org/ws/2/artist/a4a01f5d-18e7-4571-8c3a-76ec0e24e2d7?inc=tags&fmt=json","chan":"stdout","logger":"task"}
{"timestamp":"2025-12-07T03:52:30.514679Z","level":"info","event":"{'name': 'Akon', 'id': '0z4gvV4rjIZ9wHck67ucSV', 'url': 'https://open.spotify.com/artist/0z4gvV4rjIZ9wHck67ucSV'}","chan":"stdout","logger":"task"}
{"timestamp":"2025-12-07T03:52:30.517082Z","level":"info","event":"https://musicbrainz.org/ws/2/url?resource=https://open.spotify.com/artist/0z4gvV4rjIZ9wHck67ucSV&inc=artist-rels&fmt=json","chan":"stdout","logger":"task"}
{"timestamp":"2025-12-07T03:52:30.624388Z","level":"info","event":"https://musicbrainz.org/ws/2/artist/1138a764-2212-4d0a-b02d-0dc14df91e08?inc=tags&fmt=json","chan":"stdout","logger":"task"}
{"timestamp":"2025-12-07T03:52:31.745915Z","level":"info","event":"{'name': 'Labrinth', 'id': '2feDdbD5araYcm6JhFHHw7', 'url': 'https://open.spotify.com/artist/2feDdbD5araYcm6JhFHHw7'}","chan":"stdout","logger":"task"}
{"timestamp":"2025-12-07T03:52:31.751157Z","level":"info","event":"https://musicbrainz.org/ws/2/url?resource=https://open.spotify.com/artist/2feDdbD5araYcm6JhFHHw7&inc=artist-rels&fmt=json","chan":"stdout","logger":"task"}
{"timestamp":"2025-12-07T03:52:31.908934Z","level":"info","event":"https://musicbrainz.org/ws/2/artist/dc99e6fd-c710-4f79-b74b-127b4d0b7849?inc=tags&fmt=json","chan":"stdout","logger":"task"}
{"timestamp":"2025-12-07T03:52:33.058977Z","level":"info","event":"Fetching audio details for 100 songs...","chan":"stdout","logger":"task"}
{"timestamp":"2025-12-07T03:52:33.062263Z","level":"info","event":"  Fetching batch 1/3 (40 songs)...","chan":"stdout","logger":"task"}
{"timestamp":"2025-12-07T03:52:34.138524Z","level":"info","event":"  Retrieved 30 song details","chan":"stdout","logger":"task"}
{"timestamp":"2025-12-07T03:52:36.158577Z","level":"info","event":"  Fetching batch 2/3 (40 songs)...","chan":"stdout","logger":"task"}
{"timestamp":"2025-12-07T03:52:37.238818Z","level":"info","event":"  Retrieved 34 song details","chan":"stdout","logger":"task"}
{"timestamp":"2025-12-07T03:52:39.237495Z","level":"info","event":"  Fetching batch 3/3 (20 songs)...","chan":"stdout","logger":"task"}
{"timestamp":"2025-12-07T03:52:40.309556Z","level":"info","event":"  Retrieved 11 song details","chan":"stdout","logger":"task"}
{"timestamp":"2025-12-07T03:52:40.313180Z","level":"info","event":"Fetching audio analysis for 75 songs...","chan":"stdout","logger":"task"}
{"timestamp":"2025-12-07T03:52:50.957755Z","level":"info","event":"  Processing audio analysis 10/75...","chan":"stdout","logger":"task"}
{"timestamp":"2025-12-07T03:53:03.919710Z","level":"info","event":"  Processing audio analysis 20/75...","chan":"stdout","logger":"task"}
{"timestamp":"2025-12-07T03:53:15.626095Z","level":"info","event":"  Processing audio analysis 30/75...","chan":"stdout","logger":"task"}
{"timestamp":"2025-12-07T03:53:25.582758Z","level":"info","event":"  Processing audio analysis 40/75...","chan":"stdout","logger":"task"}
{"timestamp":"2025-12-07T03:53:35.772611Z","level":"info","event":"  Processing audio analysis 50/75...","chan":"stdout","logger":"task"}
{"timestamp":"2025-12-07T03:53:47.576375Z","level":"info","event":"  Processing audio analysis 60/75...","chan":"stdout","logger":"task"}
{"timestamp":"2025-12-07T03:53:58.716088Z","level":"info","event":"  Processing audio analysis 70/75...","chan":"stdout","logger":"task"}
{"timestamp":"2025-12-07T03:54:04.178445Z","level":"info","event":"Completed fetching audio details for 75 songs","chan":"stdout","logger":"task"}
{"timestamp":"2025-12-07T03:54:04.293215Z","level":"info","event":"DEBUG: DATABASE_URL value: postgresql+psycopg2:****@postgres/music_warehouse","chan":"stdout","logger":"task"}
{"timestamp":"2025-12-07T03:54:04.390586Z","level":"info","event":"TYPE OF ENGINE: <class 'sqlalchemy.engine.base.Engine'>","chan":"stdout","logger":"task"}
{"timestamp":"2025-12-07T03:54:04.391000Z","level":"info","event":"ENGINE DIR: ['__class__', '__delattr__', '__dict__', '__dir__', '__doc__', '__eq__', '__format__', '__ge__', '__getattribute__', '__getstate__', '__gt__', '__hash__', '__init__', '__init_subclass__', '__le__', '__lt__', '__module__', '__ne__', '__new__', '__reduce__', '__reduce_ex__', '__repr__', '__setattr__', '__sizeof__', '__str__', '__subclasshook__', '__weakref__', '_compiled_cache', '_connection_cls', '_echo', '_execute_clauseelement', '_execute_compiled', '_execute_default', '_execution_options', '_has_events', '_is_future', '_lru_size_alert', '_option_cls', '_optional_conn_ctx_manager', '_run_ddl_visitor', '_run_visitor', '_schema_translate_map', '_should_log_debug', '_should_log_info', '_sqla_logger_namespace', '_trans_ctx', '_wrap_pool_connect', 'begin', 'clear_compiled_cache', 'connect', 'dialect', 'dispatch', 'dispose', 'driver', 'echo', 'engine', 'execute', 'execution_options', 'get_execution_options', 'has_table', 'hide_parameters', 'logger', 'logging_name', 'name', 'pool', 'raw_connection', 'run_callable', 'scalar', 'table_names', 'transaction', 'update_execution_options', 'url']","chan":"stdout","logger":"task"}
{"timestamp":"2025-12-07T03:54:04.391135Z","level":"info","event":"IS SQLALCHEMY ENGINE: True","chan":"stdout","logger":"task"}
{"timestamp":"2025-12-07T03:54:04.391380Z","level":"info","event":"Database connection successful","chan":"stdout","logger":"task"}
{"timestamp":"2025-12-07T03:54:04.391451Z","level":"info","event":"Loading chart_weeks (1 rows)...","chan":"stdout","logger":"task"}
{"timestamp":"2025-12-07T03:54:04.462531Z","level":"info","event":"  Exported CSV to data_exports/chart_weeks.csv","chan":"stdout","logger":"task"}
{"timestamp":"2025-12-07T03:54:04.463629Z","level":"info","event":"Loading songs (100 rows)...","chan":"stdout","logger":"task"}
{"timestamp":"2025-12-07T03:54:04.480816Z","level":"info","event":"  Exported CSV to data_exports/songs.csv","chan":"stdout","logger":"task"}
{"timestamp":"2025-12-07T03:54:04.480923Z","level":"info","event":"Loading artists (120 rows)...","chan":"stdout","logger":"task"}
{"timestamp":"2025-12-07T03:54:04.489322Z","level":"info","event":"  Exported CSV to data_exports/artists.csv","chan":"stdout","logger":"task"}
{"timestamp":"2025-12-07T03:54:04.489623Z","level":"info","event":"Loading song_artists (161 rows)...","chan":"stdout","logger":"task"}
{"timestamp":"2025-12-07T03:54:04.502891Z","level":"info","event":"  Exported CSV to data_exports/song_artists.csv","chan":"stdout","logger":"task"}
{"timestamp":"2025-12-07T03:54:04.503537Z","level":"info","event":"Loading chart_entries (100 rows)...","chan":"stdout","logger":"task"}
{"timestamp":"2025-12-07T03:54:04.527126Z","level":"info","event":"  Exported CSV to data_exports/chart_entries.csv","chan":"stdout","logger":"task"}
{"timestamp":"2025-12-07T03:54:04.529057","level":"info","event":"Done. Returned value was: None","logger":"airflow.task.operators.airflow.providers.standard.operators.python.PythonOperator"}
{"timestamp":"2025-12-07T03:54:04.580211Z","level":"info","event":"Task instance in success state","chan":"stdout","logger":"task"}
{"timestamp":"2025-12-07T03:54:04.580444Z","level":"info","event":" Previous state of the Task instance: TaskInstanceState.RUNNING","chan":"stdout","logger":"task"}
{"timestamp":"2025-12-07T03:54:04.581866Z","level":"info","event":"Task operator:<Task(PythonOperator): load_music_data>","chan":"stdout","logger":"task"}
