{"timestamp":"2025-12-06T23:43:56.628480","level":"info","event":"DAG bundles loaded: dags-folder, example_dags","logger":"airflow.dag_processing.bundles.manager.DagBundlesManager"}
{"timestamp":"2025-12-06T23:43:56.629068","level":"info","event":"Filling up the DagBag from /opt/airflow/dags/music_load_dag.py","logger":"airflow.models.dagbag.DagBag"}
{"timestamp":"2025-12-06T23:43:56.712742Z","level":"info","event":"postgresql+psycopg2://airflow:airflow@postgres/airflow","chan":"stdout","logger":"task"}
{"timestamp":"2025-12-06T23:43:56.753027Z","level":"info","event":"Task instance is in running state","chan":"stdout","logger":"task"}
{"timestamp":"2025-12-06T23:43:56.753583Z","level":"info","event":" Previous state of the Task instance: TaskInstanceState.QUEUED","chan":"stdout","logger":"task"}
{"timestamp":"2025-12-06T23:43:56.755563Z","level":"info","event":"Current task name:load_music_data","chan":"stdout","logger":"task"}
{"timestamp":"2025-12-06T23:43:56.755631Z","level":"info","event":"Dag name:weekly_music_pipeline","chan":"stdout","logger":"task"}
{"timestamp":"2025-12-06T23:44:20.807728Z","level":"info","event":"  Searching Spotify for 100 songs...","chan":"stdout","logger":"task"}
{"timestamp":"2025-12-06T23:44:20.811502Z","level":"info","event":"  Processing song 1/100: Just Give Me A Reason by P!nk Featuring Nate Ruess","chan":"stdout","logger":"task"}
{"timestamp":"2025-12-06T23:48:55.684066Z","level":"info","event":"1","chan":"stdout","logger":"task"}
{"timestamp":"2025-12-06T23:48:56.574350Z","level":"info","event":"2","chan":"stdout","logger":"task"}
{"timestamp":"2025-12-06T23:48:57.334414Z","level":"info","event":"3","chan":"stdout","logger":"task"}
{"timestamp":"2025-12-06T23:48:58.511476Z","level":"info","event":"Network error: HTTPSConnectionPool(host='api.spotify.com', port=443): Max retries exceeded with url: /v1/search?q=track%3AThrift%20Shop%20artist%3AMacklemore%20&type=track&limit=1 (Caused by SSLError(SSLEOFError(8, '[SSL: UNEXPECTED_EOF_WHILE_READING] EOF occurred in violation of protocol (_ssl.c:1010)'))). Retrying in 1s (attempt 1/3)...","chan":"stdout","logger":"task"}
{"timestamp":"2025-12-06T23:49:00.449549Z","level":"info","event":"4","chan":"stdout","logger":"task"}
{"timestamp":"2025-12-06T23:49:02.136053Z","level":"info","event":"5","chan":"stdout","logger":"task"}
{"timestamp":"2025-12-06T23:49:03.208879Z","level":"info","event":"6","chan":"stdout","logger":"task"}
{"timestamp":"2025-12-06T23:49:03.879334Z","level":"info","event":"7","chan":"stdout","logger":"task"}
{"timestamp":"2025-12-06T23:49:04.612019Z","level":"info","event":"8","chan":"stdout","logger":"task"}
{"timestamp":"2025-12-06T23:49:05.402208Z","level":"info","event":"9","chan":"stdout","logger":"task"}
{"timestamp":"2025-12-06T23:49:05.402541Z","level":"info","event":"  Processing song 10/100: Radioactive by Imagine Dragons","chan":"stdout","logger":"task"}
{"timestamp":"2025-12-06T23:49:06.941539Z","level":"info","event":"Network error getting access token: ('Connection aborted.', RemoteDisconnected('Remote end closed connection without response')). Retrying in 1s (attempt 1/3)...","chan":"stdout","logger":"task"}
{"timestamp":"2025-12-06T23:49:09.902516Z","level":"info","event":"10","chan":"stdout","logger":"task"}
{"timestamp":"2025-12-06T23:49:11.710133Z","level":"info","event":"11","chan":"stdout","logger":"task"}
{"timestamp":"2025-12-06T23:49:13.756535Z","level":"info","event":"12","chan":"stdout","logger":"task"}
{"timestamp":"2025-12-06T23:49:15.236128Z","level":"info","event":"13","chan":"stdout","logger":"task"}
{"timestamp":"2025-12-06T23:49:16.448708Z","level":"info","event":"14","chan":"stdout","logger":"task"}
{"timestamp":"2025-12-06T23:49:17.275134Z","level":"info","event":"15","chan":"stdout","logger":"task"}
{"timestamp":"2025-12-06T23:49:18.288071Z","level":"info","event":"16","chan":"stdout","logger":"task"}
{"timestamp":"2025-12-06T23:49:19.172525Z","level":"info","event":"17","chan":"stdout","logger":"task"}
{"timestamp":"2025-12-06T23:49:20.242408Z","level":"info","event":"18","chan":"stdout","logger":"task"}
{"timestamp":"2025-12-06T23:49:21.242322Z","level":"info","event":"19","chan":"stdout","logger":"task"}
{"timestamp":"2025-12-06T23:49:21.244124Z","level":"info","event":"  Processing song 20/100: 22 by Taylor Swift","chan":"stdout","logger":"task"}
{"timestamp":"2025-12-06T23:49:22.477416Z","level":"info","event":"20","chan":"stdout","logger":"task"}
{"timestamp":"2025-12-06T23:49:23.921459Z","level":"info","event":"21","chan":"stdout","logger":"task"}
{"timestamp":"2025-12-07T00:02:35.079391Z","level":"info","event":"22","chan":"stdout","logger":"task"}
{"timestamp":"2025-12-07T00:02:36.332464Z","level":"info","event":"23","chan":"stdout","logger":"task"}
{"timestamp":"2025-12-07T00:02:38.171642Z","level":"info","event":"24","chan":"stdout","logger":"task"}
