{"timestamp":"2025-12-08T20:51:59.705368","level":"info","event":"DAG bundles loaded: dags-folder, example_dags","logger":"airflow.dag_processing.bundles.manager.DagBundlesManager"}
{"timestamp":"2025-12-08T20:51:59.707534","level":"info","event":"Filling up the DagBag from /opt/airflow/dags/load_dag.py","logger":"airflow.models.dagbag.DagBag"}
{"timestamp":"2025-12-08T20:51:59.882647Z","level":"info","event":"postgresql+psycopg2://airflow:airflow@postgres/airflow","chan":"stdout","logger":"task"}
{"timestamp":"2025-12-08T20:52:00.011478Z","level":"info","event":"Task instance is in running state","chan":"stdout","logger":"task"}
{"timestamp":"2025-12-08T20:52:00.011770Z","level":"info","event":" Previous state of the Task instance: TaskInstanceState.QUEUED","chan":"stdout","logger":"task"}
{"timestamp":"2025-12-08T20:52:00.012268Z","level":"info","event":"Current task name:load_weekly_music_data","chan":"stdout","logger":"task"}
{"timestamp":"2025-12-08T20:52:00.012482Z","level":"info","event":"Dag name:weekly_billboard_pipeline","chan":"stdout","logger":"task"}
{"timestamp":"2025-12-08T20:52:00.019390Z","level":"info","event":"hello: 2025-12-08","chan":"stdout","logger":"task"}
{"timestamp":"2025-12-08T20:52:00.019977Z","level":"info","event":"getting dataframes","chan":"stdout","logger":"task"}
{"timestamp":"2025-12-08T20:52:00.628037Z","level":"info","event":"  Searching Spotify for 0 songs...","chan":"stdout","logger":"task"}
{"timestamp":"2025-12-08T20:52:00.632635Z","level":"info","event":"No song IDs provided, returning empty dataframe","chan":"stdout","logger":"task"}
{"timestamp":"2025-12-08T20:52:00.661605Z","level":"info","event":"DEBUG: DATABASE_URL value: postgresql+psycopg2:****@postgres/music_warehouse","chan":"stdout","logger":"task"}
{"timestamp":"2025-12-08T20:52:00.776253Z","level":"info","event":"TYPE OF ENGINE: <class 'sqlalchemy.engine.base.Engine'>","chan":"stdout","logger":"task"}
{"timestamp":"2025-12-08T20:52:00.776563Z","level":"info","event":"ENGINE DIR: ['__class__', '__delattr__', '__dict__', '__dir__', '__doc__', '__eq__', '__format__', '__ge__', '__getattribute__', '__getstate__', '__gt__', '__hash__', '__init__', '__init_subclass__', '__le__', '__lt__', '__module__', '__ne__', '__new__', '__reduce__', '__reduce_ex__', '__repr__', '__setattr__', '__sizeof__', '__str__', '__subclasshook__', '__weakref__', '_compiled_cache', '_connection_cls', '_echo', '_execute_clauseelement', '_execute_compiled', '_execute_default', '_execution_options', '_has_events', '_is_future', '_lru_size_alert', '_option_cls', '_optional_conn_ctx_manager', '_run_ddl_visitor', '_run_visitor', '_schema_translate_map', '_should_log_debug', '_should_log_info', '_sqla_logger_namespace', '_trans_ctx', '_wrap_pool_connect', 'begin', 'clear_compiled_cache', 'connect', 'dialect', 'dispatch', 'dispose', 'driver', 'echo', 'engine', 'execute', 'execution_options', 'get_execution_options', 'has_table', 'hide_parameters', 'logger', 'logging_name', 'name', 'pool', 'raw_connection', 'run_callable', 'scalar', 'table_names', 'transaction', 'update_execution_options', 'url']","chan":"stdout","logger":"task"}
{"timestamp":"2025-12-08T20:52:00.776639Z","level":"info","event":"IS SQLALCHEMY ENGINE: True","chan":"stdout","logger":"task"}
{"timestamp":"2025-12-08T20:52:00.776776Z","level":"info","event":"Database connection successful","chan":"stdout","logger":"task"}
{"timestamp":"2025-12-08T20:52:00.776890Z","level":"info","event":"Loading chart_weeks (1 rows)...","chan":"stdout","logger":"task"}
{"timestamp":"2025-12-08T20:52:00.807454Z","level":"info","event":"  Exported CSV to data_exports/chart_weeks.csv","chan":"stdout","logger":"task"}
{"timestamp":"2025-12-08T20:52:00.807611Z","level":"info","event":"Skipping songs: dataframe is empty or None","chan":"stdout","logger":"task"}
{"timestamp":"2025-12-08T20:52:00.807691Z","level":"info","event":"Skipping artists: dataframe is empty or None","chan":"stdout","logger":"task"}
{"timestamp":"2025-12-08T20:52:00.807748Z","level":"info","event":"Skipping song_artists: dataframe is empty or None","chan":"stdout","logger":"task"}
{"timestamp":"2025-12-08T20:52:00.807851Z","level":"info","event":"Skipping chart_entries: dataframe is empty or None","chan":"stdout","logger":"task"}
{"timestamp":"2025-12-08T20:52:00.808052","level":"info","event":"Done. Returned value was: None","logger":"airflow.task.operators.airflow.providers.standard.operators.python.PythonOperator"}
{"timestamp":"2025-12-08T20:52:00.865872Z","level":"info","event":"Task instance in success state","chan":"stdout","logger":"task"}
{"timestamp":"2025-12-08T20:52:00.866155Z","level":"info","event":" Previous state of the Task instance: TaskInstanceState.RUNNING","chan":"stdout","logger":"task"}
{"timestamp":"2025-12-08T20:52:00.866896Z","level":"info","event":"Task operator:<Task(PythonOperator): load_weekly_music_data>","chan":"stdout","logger":"task"}
