{"timestamp":"2025-12-05T05:03:16.252942","level":"info","event":"DAG bundles loaded: dags-folder, example_dags","logger":"airflow.dag_processing.bundles.manager.DagBundlesManager"}
{"timestamp":"2025-12-05T05:03:16.253845","level":"info","event":"Filling up the DagBag from /opt/airflow/dags/music_load_dag.py","logger":"airflow.models.dagbag.DagBag"}
{"timestamp":"2025-12-05T05:03:16.841378Z","level":"info","event":"postgresql+psycopg2://airflow:airflow@postgres/airflow","chan":"stdout","logger":"task"}
{"timestamp":"2025-12-05T05:03:16.971125Z","level":"info","event":"Task instance is in running state","chan":"stdout","logger":"task"}
{"timestamp":"2025-12-05T05:03:16.971770Z","level":"info","event":" Previous state of the Task instance: TaskInstanceState.QUEUED","chan":"stdout","logger":"task"}
{"timestamp":"2025-12-05T05:03:16.972693Z","level":"info","event":"Current task name:load_music_data","chan":"stdout","logger":"task"}
{"timestamp":"2025-12-05T05:03:16.974304Z","level":"info","event":"Dag name:weekly_music_pipeline","chan":"stdout","logger":"task"}
{"timestamp":"2025-12-05T05:03:33.747147Z","level":"info","event":"  Searching Spotify for 100 songs...","chan":"stdout","logger":"task"}
{"timestamp":"2025-12-05T05:03:33.750699Z","level":"info","event":"  Processing song 1/100: Rolling In The Deep by Adele","chan":"stdout","logger":"task"}
{"timestamp":"2025-12-05T05:03:34.452030Z","level":"info","event":"1","chan":"stdout","logger":"task"}
{"timestamp":"2025-12-05T05:03:35.030335Z","level":"info","event":"2","chan":"stdout","logger":"task"}
{"timestamp":"2025-12-05T05:03:35.708182Z","level":"info","event":"3","chan":"stdout","logger":"task"}
{"timestamp":"2025-12-05T05:03:36.488090Z","level":"info","event":"4","chan":"stdout","logger":"task"}
{"timestamp":"2025-12-05T05:03:37.072108Z","level":"info","event":"5","chan":"stdout","logger":"task"}
{"timestamp":"2025-12-05T05:03:37.683887Z","level":"info","event":"6","chan":"stdout","logger":"task"}
{"timestamp":"2025-12-05T05:03:38.423207Z","level":"info","event":"7","chan":"stdout","logger":"task"}
{"timestamp":"2025-12-05T05:03:39.072412Z","level":"info","event":"8","chan":"stdout","logger":"task"}
{"timestamp":"2025-12-05T05:03:39.689281Z","level":"info","event":"9","chan":"stdout","logger":"task"}
{"timestamp":"2025-12-05T05:03:39.689580Z","level":"info","event":"  Processing song 10/100: I'm On One by DJ Khaled Featuring Drake, Rick Ross & Lil Wayne","chan":"stdout","logger":"task"}
{"timestamp":"2025-12-05T05:03:40.347782Z","level":"info","event":"10","chan":"stdout","logger":"task"}
{"timestamp":"2025-12-05T05:03:40.978960Z","level":"info","event":"11","chan":"stdout","logger":"task"}
{"timestamp":"2025-12-05T05:03:41.812184Z","level":"info","event":"12","chan":"stdout","logger":"task"}
{"timestamp":"2025-12-05T05:03:42.741145Z","level":"info","event":"13","chan":"stdout","logger":"task"}
{"timestamp":"2025-12-05T05:03:43.390910Z","level":"info","event":"14","chan":"stdout","logger":"task"}
{"timestamp":"2025-12-05T05:03:44.154421Z","level":"info","event":"15","chan":"stdout","logger":"task"}
{"timestamp":"2025-12-05T05:03:44.431337Z","level":"info","event":"16","chan":"stdout","logger":"task"}
{"timestamp":"2025-12-05T05:03:45.277241Z","level":"info","event":"17","chan":"stdout","logger":"task"}
{"timestamp":"2025-12-05T05:03:46.024098Z","level":"info","event":"18","chan":"stdout","logger":"task"}
{"timestamp":"2025-12-05T05:03:46.760159Z","level":"info","event":"19","chan":"stdout","logger":"task"}
{"timestamp":"2025-12-05T05:03:46.761845Z","level":"info","event":"  Processing song 20/100: Like My Mother Does by Lauren Alaina","chan":"stdout","logger":"task"}
{"timestamp":"2025-12-05T05:03:47.362676Z","level":"info","event":"20","chan":"stdout","logger":"task"}
{"timestamp":"2025-12-05T05:03:47.661462Z","level":"info","event":"21","chan":"stdout","logger":"task"}
{"timestamp":"2025-12-05T05:03:48.457746Z","level":"info","event":"22","chan":"stdout","logger":"task"}
{"timestamp":"2025-12-05T05:03:48.740214Z","level":"info","event":"23","chan":"stdout","logger":"task"}
{"timestamp":"2025-12-05T05:03:49.409765Z","level":"info","event":"24","chan":"stdout","logger":"task"}
{"timestamp":"2025-12-05T05:03:50.061833Z","level":"info","event":"25","chan":"stdout","logger":"task"}
{"timestamp":"2025-12-05T05:03:50.682157Z","level":"info","event":"26","chan":"stdout","logger":"task"}
{"timestamp":"2025-12-05T05:03:51.383637Z","level":"info","event":"27","chan":"stdout","logger":"task"}
{"timestamp":"2025-12-05T05:03:52.088205Z","level":"info","event":"28","chan":"stdout","logger":"task"}
{"timestamp":"2025-12-05T05:03:52.912242Z","level":"info","event":"29","chan":"stdout","logger":"task"}
{"timestamp":"2025-12-05T05:03:52.918236Z","level":"info","event":"  Processing song 30/100: For The First Time by The Script","chan":"stdout","logger":"task"}
{"timestamp":"2025-12-05T05:03:53.492717Z","level":"info","event":"30","chan":"stdout","logger":"task"}
{"timestamp":"2025-12-05T05:03:54.317528Z","level":"info","event":"31","chan":"stdout","logger":"task"}
{"timestamp":"2025-12-05T05:03:54.969626Z","level":"info","event":"32","chan":"stdout","logger":"task"}
{"timestamp":"2025-12-05T05:03:55.964100Z","level":"info","event":"33","chan":"stdout","logger":"task"}
{"timestamp":"2025-12-05T05:03:56.850845Z","level":"info","event":"34","chan":"stdout","logger":"task"}
{"timestamp":"2025-12-05T05:03:57.472508Z","level":"info","event":"35","chan":"stdout","logger":"task"}
{"timestamp":"2025-12-05T05:03:58.196778Z","level":"info","event":"36","chan":"stdout","logger":"task"}
{"timestamp":"2025-12-05T05:03:58.880960Z","level":"info","event":"37","chan":"stdout","logger":"task"}
{"timestamp":"2025-12-05T05:03:59.456633Z","level":"info","event":"38","chan":"stdout","logger":"task"}
{"timestamp":"2025-12-05T05:04:00.088541Z","level":"info","event":"39","chan":"stdout","logger":"task"}
{"timestamp":"2025-12-05T05:04:00.089245Z","level":"info","event":"  Processing song 40/100: Pretending by Glee Cast","chan":"stdout","logger":"task"}
{"timestamp":"2025-12-05T05:04:00.743982Z","level":"info","event":"40","chan":"stdout","logger":"task"}
{"timestamp":"2025-12-05T05:04:01.572695Z","level":"info","event":"41","chan":"stdout","logger":"task"}
{"timestamp":"2025-12-05T05:04:02.310510Z","level":"info","event":"42","chan":"stdout","logger":"task"}
{"timestamp":"2025-12-05T05:04:02.942343Z","level":"info","event":"43","chan":"stdout","logger":"task"}
{"timestamp":"2025-12-05T05:04:03.556918Z","level":"info","event":"44","chan":"stdout","logger":"task"}
{"timestamp":"2025-12-05T05:04:04.242673Z","level":"info","event":"45","chan":"stdout","logger":"task"}
{"timestamp":"2025-12-05T05:04:04.929654Z","level":"info","event":"46","chan":"stdout","logger":"task"}
{"timestamp":"2025-12-05T05:04:05.573063Z","level":"info","event":"47","chan":"stdout","logger":"task"}
{"timestamp":"2025-12-05T05:04:06.196384Z","level":"info","event":"48","chan":"stdout","logger":"task"}
{"timestamp":"2025-12-05T05:04:06.949790Z","level":"info","event":"49","chan":"stdout","logger":"task"}
{"timestamp":"2025-12-05T05:04:06.950284Z","level":"info","event":"  Processing song 50/100: Grenade by Bruno Mars","chan":"stdout","logger":"task"}
{"timestamp":"2025-12-05T05:04:07.610699Z","level":"info","event":"50","chan":"stdout","logger":"task"}
{"timestamp":"2025-12-05T05:04:08.361449Z","level":"info","event":"51","chan":"stdout","logger":"task"}
{"timestamp":"2025-12-05T05:04:08.973754Z","level":"info","event":"52","chan":"stdout","logger":"task"}
{"timestamp":"2025-12-05T05:04:09.711691Z","level":"info","event":"53","chan":"stdout","logger":"task"}
{"timestamp":"2025-12-05T05:04:10.408286Z","level":"info","event":"54","chan":"stdout","logger":"task"}
{"timestamp":"2025-12-05T05:04:10.993170Z","level":"info","event":"55","chan":"stdout","logger":"task"}
{"timestamp":"2025-12-05T05:04:11.621721Z","level":"info","event":"56","chan":"stdout","logger":"task"}
{"timestamp":"2025-12-05T05:04:12.274911Z","level":"info","event":"57","chan":"stdout","logger":"task"}
{"timestamp":"2025-12-05T05:04:12.850069Z","level":"info","event":"58","chan":"stdout","logger":"task"}
{"timestamp":"2025-12-05T05:04:13.742439Z","level":"info","event":"59","chan":"stdout","logger":"task"}
{"timestamp":"2025-12-05T05:04:13.743143Z","level":"info","event":"  Processing song 60/100: Heart Like Mine by Miranda Lambert","chan":"stdout","logger":"task"}
{"timestamp":"2025-12-05T05:04:14.332596Z","level":"info","event":"60","chan":"stdout","logger":"task"}
{"timestamp":"2025-12-05T05:04:15.175883Z","level":"info","event":"61","chan":"stdout","logger":"task"}
{"timestamp":"2025-12-05T05:04:15.761745Z","level":"info","event":"62","chan":"stdout","logger":"task"}
{"timestamp":"2025-12-05T05:04:16.416186Z","level":"info","event":"63","chan":"stdout","logger":"task"}
{"timestamp":"2025-12-05T05:04:17.220198Z","level":"info","event":"64","chan":"stdout","logger":"task"}
{"timestamp":"2025-12-05T05:04:18.007264Z","level":"info","event":"65","chan":"stdout","logger":"task"}
{"timestamp":"2025-12-05T05:04:18.653700Z","level":"info","event":"66","chan":"stdout","logger":"task"}
{"timestamp":"2025-12-05T05:04:19.362007Z","level":"info","event":"67","chan":"stdout","logger":"task"}
{"timestamp":"2025-12-05T05:04:20.191011Z","level":"info","event":"68","chan":"stdout","logger":"task"}
{"timestamp":"2025-12-05T05:04:20.912879Z","level":"info","event":"69","chan":"stdout","logger":"task"}
{"timestamp":"2025-12-05T05:04:20.914864Z","level":"info","event":"  Processing song 70/100: Bow Chicka Wow Wow by Mike Posner Featuring Lil Wayne","chan":"stdout","logger":"task"}
{"timestamp":"2025-12-05T05:04:21.839352Z","level":"info","event":"70","chan":"stdout","logger":"task"}
{"timestamp":"2025-12-05T05:04:22.467120Z","level":"info","event":"71","chan":"stdout","logger":"task"}
{"timestamp":"2025-12-05T05:04:23.265851Z","level":"info","event":"72","chan":"stdout","logger":"task"}
{"timestamp":"2025-12-05T05:04:23.914435Z","level":"info","event":"73","chan":"stdout","logger":"task"}
{"timestamp":"2025-12-05T05:04:24.607965Z","level":"info","event":"74","chan":"stdout","logger":"task"}
{"timestamp":"2025-12-05T05:04:25.727431Z","level":"info","event":"75","chan":"stdout","logger":"task"}
{"timestamp":"2025-12-05T05:04:26.293415Z","level":"info","event":"76","chan":"stdout","logger":"task"}
{"timestamp":"2025-12-05T05:04:26.973041Z","level":"info","event":"77","chan":"stdout","logger":"task"}
{"timestamp":"2025-12-05T05:04:27.663616Z","level":"info","event":"78","chan":"stdout","logger":"task"}
{"timestamp":"2025-12-05T05:04:28.403824Z","level":"info","event":"79","chan":"stdout","logger":"task"}
{"timestamp":"2025-12-05T05:04:28.405091Z","level":"info","event":"  Processing song 80/100: Donald Trump by Mac Miller","chan":"stdout","logger":"task"}
{"timestamp":"2025-12-05T05:04:29.098832Z","level":"info","event":"80","chan":"stdout","logger":"task"}
{"timestamp":"2025-12-05T05:04:30.033830Z","level":"info","event":"81","chan":"stdout","logger":"task"}
{"timestamp":"2025-12-05T05:04:30.673086Z","level":"info","event":"82","chan":"stdout","logger":"task"}
{"timestamp":"2025-12-05T05:04:31.471769Z","level":"info","event":"83","chan":"stdout","logger":"task"}
{"timestamp":"2025-12-05T05:04:32.247124Z","level":"info","event":"84","chan":"stdout","logger":"task"}
{"timestamp":"2025-12-05T05:04:33.167400Z","level":"info","event":"85","chan":"stdout","logger":"task"}
{"timestamp":"2025-12-05T05:04:33.951948Z","level":"info","event":"86","chan":"stdout","logger":"task"}
{"timestamp":"2025-12-05T05:04:34.610499Z","level":"info","event":"87","chan":"stdout","logger":"task"}
{"timestamp":"2025-12-05T05:04:35.398370Z","level":"info","event":"88","chan":"stdout","logger":"task"}
{"timestamp":"2025-12-05T05:04:36.375198Z","level":"info","event":"89","chan":"stdout","logger":"task"}
{"timestamp":"2025-12-05T05:04:36.377248Z","level":"info","event":"  Processing song 90/100: Live A Little by Kenny Chesney","chan":"stdout","logger":"task"}
{"timestamp":"2025-12-05T05:04:37.047684Z","level":"info","event":"90","chan":"stdout","logger":"task"}
{"timestamp":"2025-12-05T05:04:38.110876Z","level":"info","event":"91","chan":"stdout","logger":"task"}
{"timestamp":"2025-12-05T05:04:38.923867Z","level":"info","event":"92","chan":"stdout","logger":"task"}
{"timestamp":"2025-12-05T05:04:39.586381Z","level":"info","event":"93","chan":"stdout","logger":"task"}
{"timestamp":"2025-12-05T05:04:40.447573Z","level":"info","event":"94","chan":"stdout","logger":"task"}
{"timestamp":"2025-12-05T05:04:41.056810Z","level":"info","event":"95","chan":"stdout","logger":"task"}
{"timestamp":"2025-12-05T05:04:41.704858Z","level":"info","event":"96","chan":"stdout","logger":"task"}
{"timestamp":"2025-12-05T05:04:42.484904Z","level":"info","event":"97","chan":"stdout","logger":"task"}
{"timestamp":"2025-12-05T05:04:43.096987Z","level":"info","event":"98","chan":"stdout","logger":"task"}
{"timestamp":"2025-12-05T05:04:43.811221Z","level":"info","event":"99","chan":"stdout","logger":"task"}
{"timestamp":"2025-12-05T05:04:43.811504Z","level":"info","event":"  Processing song 100/100: Rope by Foo Fighters","chan":"stdout","logger":"task"}
{"timestamp":"2025-12-05T05:04:44.446736Z","level":"info","event":"100","chan":"stdout","logger":"task"}
{"timestamp":"2025-12-05T05:04:44.450852Z","level":"info","event":"{'name': 'Adele', 'id': '4dpARuHxo51G3z768sgnrY', 'url': 'https://open.spotify.com/artist/4dpARuHxo51G3z768sgnrY'}","chan":"stdout","logger":"task"}
{"timestamp":"2025-12-05T05:04:44.451072Z","level":"info","event":"https://musicbrainz.org/ws/2/url?resource=https://open.spotify.com/artist/4dpARuHxo51G3z768sgnrY&inc=artist-rels&fmt=json","chan":"stdout","logger":"task"}
{"timestamp":"2025-12-05T05:04:44.898175Z","level":"info","event":"https://musicbrainz.org/ws/2/artist/cc2c9c3c-b7bc-4b8b-84d8-4fbd8779e493?inc=tags&fmt=json","chan":"stdout","logger":"task"}
{"timestamp":"2025-12-05T05:04:46.022822Z","level":"info","event":"{'name': 'Pitbull', 'id': '0TnOYISbd1XYRBk9myaseg', 'url': 'https://open.spotify.com/artist/0TnOYISbd1XYRBk9myaseg'}","chan":"stdout","logger":"task"}
{"timestamp":"2025-12-05T05:04:46.024405Z","level":"info","event":"https://musicbrainz.org/ws/2/url?resource=https://open.spotify.com/artist/0TnOYISbd1XYRBk9myaseg&inc=artist-rels&fmt=json","chan":"stdout","logger":"task"}
{"timestamp":"2025-12-05T05:04:46.155153Z","level":"info","event":"https://musicbrainz.org/ws/2/artist/d262ea27-3ffe-40f7-b922-85c42d625e67?inc=tags&fmt=json","chan":"stdout","logger":"task"}
{"timestamp":"2025-12-05T05:04:47.279709Z","level":"info","event":"{'name': 'AFROJACK', 'id': '4D75GcNG95ebPtNvoNVXhz', 'url': 'https://open.spotify.com/artist/4D75GcNG95ebPtNvoNVXhz'}","chan":"stdout","logger":"task"}
{"timestamp":"2025-12-05T05:04:47.281055Z","level":"info","event":"https://musicbrainz.org/ws/2/url?resource=https://open.spotify.com/artist/4D75GcNG95ebPtNvoNVXhz&inc=artist-rels&fmt=json","chan":"stdout","logger":"task"}
{"timestamp":"2025-12-05T05:04:47.407510Z","level":"info","event":"https://musicbrainz.org/ws/2/artist/a3ee920f-4e7f-4993-8aca-4b8538cfaa4a?inc=tags&fmt=json","chan":"stdout","logger":"task"}
{"timestamp":"2025-12-05T05:04:48.535626Z","level":"info","event":"{'name': 'Ne-Yo', 'id': '21E3waRsmPlU7jZsS13rcj', 'url': 'https://open.spotify.com/artist/21E3waRsmPlU7jZsS13rcj'}","chan":"stdout","logger":"task"}
{"timestamp":"2025-12-05T05:04:48.537612Z","level":"info","event":"https://musicbrainz.org/ws/2/url?resource=https://open.spotify.com/artist/21E3waRsmPlU7jZsS13rcj&inc=artist-rels&fmt=json","chan":"stdout","logger":"task"}
{"timestamp":"2025-12-05T05:04:48.663515Z","level":"info","event":"https://musicbrainz.org/ws/2/artist/a4a01f5d-18e7-4571-8c3a-76ec0e24e2d7?inc=tags&fmt=json","chan":"stdout","logger":"task"}
{"timestamp":"2025-12-05T05:04:49.787889Z","level":"info","event":"{'name': 'Nayer', 'id': '1ruutHJcECI7cos2n5TqpO', 'url': 'https://open.spotify.com/artist/1ruutHJcECI7cos2n5TqpO'}","chan":"stdout","logger":"task"}
{"timestamp":"2025-12-05T05:04:49.788942Z","level":"info","event":"https://musicbrainz.org/ws/2/url?resource=https://open.spotify.com/artist/1ruutHJcECI7cos2n5TqpO&inc=artist-rels&fmt=json","chan":"stdout","logger":"task"}
{"timestamp":"2025-12-05T05:04:49.912670Z","level":"info","event":"https://musicbrainz.org/ws/2/artist/276d7d13-c0c4-4e67-a165-8e3764e4a2f3?inc=tags&fmt=json","chan":"stdout","logger":"task"}
{"timestamp":"2025-12-05T05:04:51.037666Z","level":"info","event":"{'name': 'Katy Perry', 'id': '6jJ0s89eD6GaHleKKya26X', 'url': 'https://open.spotify.com/artist/6jJ0s89eD6GaHleKKya26X'}","chan":"stdout","logger":"task"}
{"timestamp":"2025-12-05T05:04:51.039232Z","level":"info","event":"https://musicbrainz.org/ws/2/url?resource=https://open.spotify.com/artist/6jJ0s89eD6GaHleKKya26X&inc=artist-rels&fmt=json","chan":"stdout","logger":"task"}
{"timestamp":"2025-12-05T05:04:51.167040Z","level":"info","event":"https://musicbrainz.org/ws/2/artist/122d63fc-8671-43e4-9752-34e846d62a9c?inc=tags&fmt=json","chan":"stdout","logger":"task"}
{"timestamp":"2025-12-05T05:04:52.288601Z","level":"info","event":"{'name': 'Jennifer Lopez', 'id': '2DlGxzQSjYe5N6G9nkYghR', 'url': 'https://open.spotify.com/artist/2DlGxzQSjYe5N6G9nkYghR'}","chan":"stdout","logger":"task"}
{"timestamp":"2025-12-05T05:04:52.289804Z","level":"info","event":"https://musicbrainz.org/ws/2/url?resource=https://open.spotify.com/artist/2DlGxzQSjYe5N6G9nkYghR&inc=artist-rels&fmt=json","chan":"stdout","logger":"task"}
{"timestamp":"2025-12-05T05:04:52.417447Z","level":"info","event":"https://musicbrainz.org/ws/2/artist/f0602f55-1770-483d-89bd-4bae0d0ac086?inc=tags&fmt=json","chan":"stdout","logger":"task"}
{"timestamp":"2025-12-05T05:04:53.543011Z","level":"info","event":"{'name': 'Black Eyed Peas', 'id': '1yxSLGMDHlW21z4YXirZDS', 'url': 'https://open.spotify.com/artist/1yxSLGMDHlW21z4YXirZDS'}","chan":"stdout","logger":"task"}
{"timestamp":"2025-12-05T05:04:53.550000Z","level":"info","event":"https://musicbrainz.org/ws/2/url?resource=https://open.spotify.com/artist/1yxSLGMDHlW21z4YXirZDS&inc=artist-rels&fmt=json","chan":"stdout","logger":"task"}
{"timestamp":"2025-12-05T05:04:53.681016Z","level":"info","event":"https://musicbrainz.org/ws/2/artist/d5be5333-4171-427e-8e12-732087c6b78e?inc=tags&fmt=json","chan":"stdout","logger":"task"}
{"timestamp":"2025-12-05T05:04:53.803762Z","level":"info","event":"Rate limit hit. Retrying in 1s...","chan":"stdout","logger":"task"}
{"timestamp":"2025-12-05T05:04:55.934076Z","level":"info","event":"{'name': 'Bruno Mars', 'id': '0du5cEVh5yTK9QJze8zA0C', 'url': 'https://open.spotify.com/artist/0du5cEVh5yTK9QJze8zA0C'}","chan":"stdout","logger":"task"}
{"timestamp":"2025-12-05T05:04:55.937724Z","level":"info","event":"https://musicbrainz.org/ws/2/url?resource=https://open.spotify.com/artist/0du5cEVh5yTK9QJze8zA0C&inc=artist-rels&fmt=json","chan":"stdout","logger":"task"}
{"timestamp":"2025-12-05T05:04:56.060698Z","level":"info","event":"https://musicbrainz.org/ws/2/artist/afb680f2-b6eb-4cd7-a70b-a63b25c763d5?inc=tags&fmt=json","chan":"stdout","logger":"task"}
{"timestamp":"2025-12-05T05:04:57.178615Z","level":"info","event":"{'name': 'Britney Spears', 'id': '26dSoYclwsYLMAKD3tpOr4', 'url': 'https://open.spotify.com/artist/26dSoYclwsYLMAKD3tpOr4'}","chan":"stdout","logger":"task"}
{"timestamp":"2025-12-05T05:04:57.178970Z","level":"info","event":"https://musicbrainz.org/ws/2/url?resource=https://open.spotify.com/artist/26dSoYclwsYLMAKD3tpOr4&inc=artist-rels&fmt=json","chan":"stdout","logger":"task"}
{"timestamp":"2025-12-05T05:04:57.302054Z","level":"info","event":"https://musicbrainz.org/ws/2/artist/45a663b5-b1cb-4a91-bff6-2bef7bbfdd76?inc=tags&fmt=json","chan":"stdout","logger":"task"}
{"timestamp":"2025-12-05T05:04:58.429470Z","level":"info","event":"{'name': 'Lady Gaga', 'id': '1HY2Jd0NmPuamShAr6KMms', 'url': 'https://open.spotify.com/artist/1HY2Jd0NmPuamShAr6KMms'}","chan":"stdout","logger":"task"}
{"timestamp":"2025-12-05T05:04:58.434359Z","level":"info","event":"https://musicbrainz.org/ws/2/url?resource=https://open.spotify.com/artist/1HY2Jd0NmPuamShAr6KMms&inc=artist-rels&fmt=json","chan":"stdout","logger":"task"}
{"timestamp":"2025-12-05T05:04:58.565360Z","level":"info","event":"https://musicbrainz.org/ws/2/artist/650e7db6-b795-4eb5-a702-5ea2fc46c848?inc=tags&fmt=json","chan":"stdout","logger":"task"}
{"timestamp":"2025-12-05T05:04:59.699860Z","level":"info","event":"{'name': 'LMFAO', 'id': '3sgFRtyBnxXD5ESfmbK4dl', 'url': 'https://open.spotify.com/artist/3sgFRtyBnxXD5ESfmbK4dl'}","chan":"stdout","logger":"task"}
{"timestamp":"2025-12-05T05:04:59.702507Z","level":"info","event":"https://musicbrainz.org/ws/2/url?resource=https://open.spotify.com/artist/3sgFRtyBnxXD5ESfmbK4dl&inc=artist-rels&fmt=json","chan":"stdout","logger":"task"}
{"timestamp":"2025-12-05T05:04:59.832726Z","level":"info","event":"https://musicbrainz.org/ws/2/artist/ed5d9086-e8cd-473a-b96c-d81ad6c98f0d?inc=tags&fmt=json","chan":"stdout","logger":"task"}
{"timestamp":"2025-12-05T05:05:00.957268Z","level":"info","event":"{'name': 'Lauren Bennett', 'id': '2jLE4BoXHriQ96JagEtiDP', 'url': 'https://open.spotify.com/artist/2jLE4BoXHriQ96JagEtiDP'}","chan":"stdout","logger":"task"}
{"timestamp":"2025-12-05T05:05:00.957925Z","level":"info","event":"https://musicbrainz.org/ws/2/url?resource=https://open.spotify.com/artist/2jLE4BoXHriQ96JagEtiDP&inc=artist-rels&fmt=json","chan":"stdout","logger":"task"}
{"timestamp":"2025-12-05T05:05:01.094508Z","level":"info","event":"https://musicbrainz.org/ws/2/artist/131a8268-b0aa-4c5c-89fc-d0e618af3f45?inc=tags&fmt=json","chan":"stdout","logger":"task"}
{"timestamp":"2025-12-05T05:05:02.219996Z","level":"info","event":"{'name': 'GoonRock', 'id': '53sIBaVjXQhfH89Vu6nEGh', 'url': 'https://open.spotify.com/artist/53sIBaVjXQhfH89Vu6nEGh'}","chan":"stdout","logger":"task"}
{"timestamp":"2025-12-05T05:05:02.225677Z","level":"info","event":"https://musicbrainz.org/ws/2/url?resource=https://open.spotify.com/artist/53sIBaVjXQhfH89Vu6nEGh&inc=artist-rels&fmt=json","chan":"stdout","logger":"task"}
{"timestamp":"2025-12-05T05:05:02.352014Z","level":"info","event":"https://musicbrainz.org/ws/2/artist/727b0e62-ad3e-4e14-ae3c-f068b0a84195?inc=tags&fmt=json","chan":"stdout","logger":"task"}
{"timestamp":"2025-12-05T05:05:03.474795Z","level":"info","event":"{'name': 'DJ Khaled', 'id': '0QHgL1lAIqAw0HtD7YldmP', 'url': 'https://open.spotify.com/artist/0QHgL1lAIqAw0HtD7YldmP'}","chan":"stdout","logger":"task"}
{"timestamp":"2025-12-05T05:05:03.483628Z","level":"info","event":"https://musicbrainz.org/ws/2/url?resource=https://open.spotify.com/artist/0QHgL1lAIqAw0HtD7YldmP&inc=artist-rels&fmt=json","chan":"stdout","logger":"task"}
{"timestamp":"2025-12-05T05:05:03.645509Z","level":"info","event":"https://musicbrainz.org/ws/2/artist/081a2d60-9791-4e05-a075-f1890355eeee?inc=tags&fmt=json","chan":"stdout","logger":"task"}
{"timestamp":"2025-12-05T05:05:04.846854Z","level":"info","event":"{'name': 'Drake', 'id': '3TVXtAsR1Inumwj472S9r4', 'url': 'https://open.spotify.com/artist/3TVXtAsR1Inumwj472S9r4'}","chan":"stdout","logger":"task"}
{"timestamp":"2025-12-05T05:05:04.847901Z","level":"info","event":"https://musicbrainz.org/ws/2/url?resource=https://open.spotify.com/artist/3TVXtAsR1Inumwj472S9r4&inc=artist-rels&fmt=json","chan":"stdout","logger":"task"}
{"timestamp":"2025-12-05T05:05:04.977375Z","level":"info","event":"https://musicbrainz.org/ws/2/artist/9fff2f8a-21e6-47de-a2b8-7f449929d43f?inc=tags&fmt=json","chan":"stdout","logger":"task"}
{"timestamp":"2025-12-05T05:05:06.092038Z","level":"info","event":"{'name': 'Rick Ross', 'id': '1sBkRIssrMs1AbVkOJbc7a', 'url': 'https://open.spotify.com/artist/1sBkRIssrMs1AbVkOJbc7a'}","chan":"stdout","logger":"task"}
{"timestamp":"2025-12-05T05:05:06.094261Z","level":"info","event":"https://musicbrainz.org/ws/2/url?resource=https://open.spotify.com/artist/1sBkRIssrMs1AbVkOJbc7a&inc=artist-rels&fmt=json","chan":"stdout","logger":"task"}
{"timestamp":"2025-12-05T05:05:06.211016Z","level":"info","event":"https://musicbrainz.org/ws/2/artist/13bcb2bb-db37-4397-baf5-e0f085be2d64?inc=tags&fmt=json","chan":"stdout","logger":"task"}
{"timestamp":"2025-12-05T05:05:07.325745Z","level":"info","event":"{'name': 'Lil Wayne', 'id': '55Aa2cqylxrFIXC767Z865', 'url': 'https://open.spotify.com/artist/55Aa2cqylxrFIXC767Z865'}","chan":"stdout","logger":"task"}
{"timestamp":"2025-12-05T05:05:07.326176Z","level":"info","event":"https://musicbrainz.org/ws/2/url?resource=https://open.spotify.com/artist/55Aa2cqylxrFIXC767Z865&inc=artist-rels&fmt=json","chan":"stdout","logger":"task"}
{"timestamp":"2025-12-05T05:05:07.449532Z","level":"info","event":"https://musicbrainz.org/ws/2/artist/ac9a487a-d9d2-4f27-bb23-0f4686488345?inc=tags&fmt=json","chan":"stdout","logger":"task"}
{"timestamp":"2025-12-05T05:05:08.579074Z","level":"info","event":"{'name': 'Scotty McCreery', 'id': '6ZV6lGY0prbqpTD0Md8i29', 'url': 'https://open.spotify.com/artist/6ZV6lGY0prbqpTD0Md8i29'}","chan":"stdout","logger":"task"}
{"timestamp":"2025-12-05T05:05:08.581961Z","level":"info","event":"https://musicbrainz.org/ws/2/url?resource=https://open.spotify.com/artist/6ZV6lGY0prbqpTD0Md8i29&inc=artist-rels&fmt=json","chan":"stdout","logger":"task"}
{"timestamp":"2025-12-05T05:05:08.801212Z","level":"info","event":"https://musicbrainz.org/ws/2/artist/2294c553-58e4-425b-8bab-bee01f2d477a?inc=tags&fmt=json","chan":"stdout","logger":"task"}
{"timestamp":"2025-12-05T05:05:09.942555Z","level":"info","event":"{'name': 'Lupe Fiasco', 'id': '01QTIT5P1pFP3QnnFSdsJf', 'url': 'https://open.spotify.com/artist/01QTIT5P1pFP3QnnFSdsJf'}","chan":"stdout","logger":"task"}
{"timestamp":"2025-12-05T05:05:09.943622Z","level":"info","event":"https://musicbrainz.org/ws/2/url?resource=https://open.spotify.com/artist/01QTIT5P1pFP3QnnFSdsJf&inc=artist-rels&fmt=json","chan":"stdout","logger":"task"}
{"timestamp":"2025-12-05T05:05:10.067514Z","level":"info","event":"https://musicbrainz.org/ws/2/artist/cf15719f-51f9-4db8-a15d-5eed9664ce69?inc=tags&fmt=json","chan":"stdout","logger":"task"}
{"timestamp":"2025-12-05T05:05:11.193919Z","level":"info","event":"{'name': 'Chris Brown', 'id': '7bXgB6jMjp9ATFy66eO08Z', 'url': 'https://open.spotify.com/artist/7bXgB6jMjp9ATFy66eO08Z'}","chan":"stdout","logger":"task"}
{"timestamp":"2025-12-05T05:05:11.195081Z","level":"info","event":"https://musicbrainz.org/ws/2/url?resource=https://open.spotify.com/artist/7bXgB6jMjp9ATFy66eO08Z&inc=artist-rels&fmt=json","chan":"stdout","logger":"task"}
{"timestamp":"2025-12-05T05:05:11.319586Z","level":"info","event":"https://musicbrainz.org/ws/2/artist/c234fa42-e6a6-443e-937e-2f4b073538a3?inc=tags&fmt=json","chan":"stdout","logger":"task"}
{"timestamp":"2025-12-05T05:05:12.444470Z","level":"info","event":"{'name': 'Busta Rhymes', 'id': '1YfEcTuGvBQ8xSD1f53UnK', 'url': 'https://open.spotify.com/artist/1YfEcTuGvBQ8xSD1f53UnK'}","chan":"stdout","logger":"task"}
{"timestamp":"2025-12-05T05:05:12.446361Z","level":"info","event":"https://musicbrainz.org/ws/2/url?resource=https://open.spotify.com/artist/1YfEcTuGvBQ8xSD1f53UnK&inc=artist-rels&fmt=json","chan":"stdout","logger":"task"}
{"timestamp":"2025-12-05T05:05:12.572652Z","level":"info","event":"https://musicbrainz.org/ws/2/artist/10a9ff92-9637-4498-afea-7044b2ab0dc0?inc=tags&fmt=json","chan":"stdout","logger":"task"}
{"timestamp":"2025-12-05T05:05:13.689559Z","level":"info","event":"{'name': 'Nicki Minaj', 'id': '0hCNtLu0JehylgoiP8L4Gh', 'url': 'https://open.spotify.com/artist/0hCNtLu0JehylgoiP8L4Gh'}","chan":"stdout","logger":"task"}
{"timestamp":"2025-12-05T05:05:13.690319Z","level":"info","event":"https://musicbrainz.org/ws/2/url?resource=https://open.spotify.com/artist/0hCNtLu0JehylgoiP8L4Gh&inc=artist-rels&fmt=json","chan":"stdout","logger":"task"}
{"timestamp":"2025-12-05T05:05:13.816824Z","level":"info","event":"https://musicbrainz.org/ws/2/artist/1036b808-f58c-4a3e-b461-a2c4492ecf1b?inc=tags&fmt=json","chan":"stdout","logger":"task"}
{"timestamp":"2025-12-05T05:05:13.947019Z","level":"info","event":"Rate limit hit. Retrying in 1s...","chan":"stdout","logger":"task"}
{"timestamp":"2025-12-05T05:05:16.084957Z","level":"info","event":"{'name': 'Wiz Khalifa', 'id': '137W8MRPWKqSmrBGDBFSop', 'url': 'https://open.spotify.com/artist/137W8MRPWKqSmrBGDBFSop'}","chan":"stdout","logger":"task"}
{"timestamp":"2025-12-05T05:05:16.086989Z","level":"info","event":"https://musicbrainz.org/ws/2/url?resource=https://open.spotify.com/artist/137W8MRPWKqSmrBGDBFSop&inc=artist-rels&fmt=json","chan":"stdout","logger":"task"}
{"timestamp":"2025-12-05T05:05:16.205089Z","level":"info","event":"https://musicbrainz.org/ws/2/artist/f5dfa020-ad69-41cd-b3d4-fd7af0414e94?inc=tags&fmt=json","chan":"stdout","logger":"task"}
{"timestamp":"2025-12-05T05:05:17.333928Z","level":"info","event":"{'name': 'Jeremih', 'id': '3KV3p5EY4AvKxOlhGHORLg', 'url': 'https://open.spotify.com/artist/3KV3p5EY4AvKxOlhGHORLg'}","chan":"stdout","logger":"task"}
{"timestamp":"2025-12-05T05:05:17.335582Z","level":"info","event":"https://musicbrainz.org/ws/2/url?resource=https://open.spotify.com/artist/3KV3p5EY4AvKxOlhGHORLg&inc=artist-rels&fmt=json","chan":"stdout","logger":"task"}
{"timestamp":"2025-12-05T05:05:17.464286Z","level":"info","event":"https://musicbrainz.org/ws/2/artist/1c009a08-74d1-4682-bc56-8bfbe9e66b62?inc=tags&fmt=json","chan":"stdout","logger":"task"}
{"timestamp":"2025-12-05T05:05:18.594308Z","level":"info","event":"{'name': '50 Cent', 'id': '3q7HBObVc0L8jNeTe5Gofh', 'url': 'https://open.spotify.com/artist/3q7HBObVc0L8jNeTe5Gofh'}","chan":"stdout","logger":"task"}
{"timestamp":"2025-12-05T05:05:18.597111Z","level":"info","event":"https://musicbrainz.org/ws/2/url?resource=https://open.spotify.com/artist/3q7HBObVc0L8jNeTe5Gofh&inc=artist-rels&fmt=json","chan":"stdout","logger":"task"}
{"timestamp":"2025-12-05T05:05:18.728390Z","level":"info","event":"https://musicbrainz.org/ws/2/artist/8e68819d-71be-4e7d-b41d-f1df81b01d3f?inc=tags&fmt=json","chan":"stdout","logger":"task"}
{"timestamp":"2025-12-05T05:05:19.858853Z","level":"info","event":"{'name': 'Jason Derulo', 'id': '07YZf4WDAMNwqr4jfgOZ8y', 'url': 'https://open.spotify.com/artist/07YZf4WDAMNwqr4jfgOZ8y'}","chan":"stdout","logger":"task"}
{"timestamp":"2025-12-05T05:05:19.861128Z","level":"info","event":"https://musicbrainz.org/ws/2/url?resource=https://open.spotify.com/artist/07YZf4WDAMNwqr4jfgOZ8y&inc=artist-rels&fmt=json","chan":"stdout","logger":"task"}
{"timestamp":"2025-12-05T05:05:20.064675Z","level":"info","event":"https://musicbrainz.org/ws/2/artist/6de0f914-3e60-4418-be3b-42e0feb6eb4d?inc=tags&fmt=json","chan":"stdout","logger":"task"}
{"timestamp":"2025-12-05T05:05:21.206869Z","level":"info","event":"{'name': 'Kesha', 'id': '6LqNN22kT3074XbTVUrhzX', 'url': 'https://open.spotify.com/artist/6LqNN22kT3074XbTVUrhzX'}","chan":"stdout","logger":"task"}
{"timestamp":"2025-12-05T05:05:21.207466Z","level":"info","event":"https://musicbrainz.org/ws/2/url?resource=https://open.spotify.com/artist/6LqNN22kT3074XbTVUrhzX&inc=artist-rels&fmt=json","chan":"stdout","logger":"task"}
{"timestamp":"2025-12-05T05:05:21.331686Z","level":"info","event":"https://musicbrainz.org/ws/2/artist/fab34286-b8e1-4879-bce3-194e1358fbd2?inc=tags&fmt=json","chan":"stdout","logger":"task"}
{"timestamp":"2025-12-05T05:05:22.449049Z","level":"info","event":"{'name': 'Lauren Alaina', 'id': '1v3tdpIdBSW14rHUfiEVOv', 'url': 'https://open.spotify.com/artist/1v3tdpIdBSW14rHUfiEVOv'}","chan":"stdout","logger":"task"}
{"timestamp":"2025-12-05T05:05:22.449711Z","level":"info","event":"https://musicbrainz.org/ws/2/url?resource=https://open.spotify.com/artist/1v3tdpIdBSW14rHUfiEVOv&inc=artist-rels&fmt=json","chan":"stdout","logger":"task"}
{"timestamp":"2025-12-05T05:05:22.642645Z","level":"info","event":"https://musicbrainz.org/ws/2/artist/f2506ff4-4091-4e57-ac5b-156110732aa9?inc=tags&fmt=json","chan":"stdout","logger":"task"}
{"timestamp":"2025-12-05T05:05:23.911481Z","level":"info","event":"{'name': 'Tinie Tempah', 'id': '0Tob4H0FLtEONHU1MjpUEp', 'url': 'https://open.spotify.com/artist/0Tob4H0FLtEONHU1MjpUEp'}","chan":"stdout","logger":"task"}
{"timestamp":"2025-12-05T05:05:23.913002Z","level":"info","event":"https://musicbrainz.org/ws/2/url?resource=https://open.spotify.com/artist/0Tob4H0FLtEONHU1MjpUEp&inc=artist-rels&fmt=json","chan":"stdout","logger":"task"}
{"timestamp":"2025-12-05T05:05:24.032878Z","level":"info","event":"https://musicbrainz.org/ws/2/artist/3cce3d37-d44f-46a2-b1e3-cd7247d5015c?inc=tags&fmt=json","chan":"stdout","logger":"task"}
{"timestamp":"2025-12-05T05:05:25.170284Z","level":"info","event":"{'name': 'Eric Turner', 'id': '79DOwuMzV2h4es3em0t002', 'url': 'https://open.spotify.com/artist/79DOwuMzV2h4es3em0t002'}","chan":"stdout","logger":"task"}
{"timestamp":"2025-12-05T05:05:25.173149Z","level":"info","event":"https://musicbrainz.org/ws/2/url?resource=https://open.spotify.com/artist/79DOwuMzV2h4es3em0t002&inc=artist-rels&fmt=json","chan":"stdout","logger":"task"}
{"timestamp":"2025-12-05T05:05:25.292382Z","level":"info","event":"https://musicbrainz.org/ws/2/artist/df2f7876-e731-4bde-965c-bd4a67b3fadd?inc=tags&fmt=json","chan":"stdout","logger":"task"}
{"timestamp":"2025-12-05T05:05:26.410436Z","level":"info","event":"{'name': 'Blake Shelton', 'id': '1UTPBmNbXNTittyMJrNkvw', 'url': 'https://open.spotify.com/artist/1UTPBmNbXNTittyMJrNkvw'}","chan":"stdout","logger":"task"}
{"timestamp":"2025-12-05T05:05:26.414077Z","level":"info","event":"https://musicbrainz.org/ws/2/url?resource=https://open.spotify.com/artist/1UTPBmNbXNTittyMJrNkvw&inc=artist-rels&fmt=json","chan":"stdout","logger":"task"}
{"timestamp":"2025-12-05T05:05:26.536401Z","level":"info","event":"https://musicbrainz.org/ws/2/artist/2ad66473-ccb3-41d2-8756-b56680cdfe62?inc=tags&fmt=json","chan":"stdout","logger":"task"}
{"timestamp":"2025-12-05T05:05:27.653122Z","level":"info","event":"{'name': 'Kelly Rowland', 'id': '3AuMNF8rQAKOzjYppFNAoB', 'url': 'https://open.spotify.com/artist/3AuMNF8rQAKOzjYppFNAoB'}","chan":"stdout","logger":"task"}
{"timestamp":"2025-12-05T05:05:27.653860Z","level":"info","event":"https://musicbrainz.org/ws/2/url?resource=https://open.spotify.com/artist/3AuMNF8rQAKOzjYppFNAoB&inc=artist-rels&fmt=json","chan":"stdout","logger":"task"}
{"timestamp":"2025-12-05T05:05:27.772998Z","level":"info","event":"https://musicbrainz.org/ws/2/artist/31bea673-d23a-4889-8da1-7cb040863268?inc=tags&fmt=json","chan":"stdout","logger":"task"}
{"timestamp":"2025-12-05T05:05:28.901406Z","level":"info","event":"{'name': 'Lady A', 'id': '32WkQRZEVKSzVAAYqukAEA', 'url': 'https://open.spotify.com/artist/32WkQRZEVKSzVAAYqukAEA'}","chan":"stdout","logger":"task"}
{"timestamp":"2025-12-05T05:05:28.903444Z","level":"info","event":"https://musicbrainz.org/ws/2/url?resource=https://open.spotify.com/artist/32WkQRZEVKSzVAAYqukAEA&inc=artist-rels&fmt=json","chan":"stdout","logger":"task"}
{"timestamp":"2025-12-05T05:05:29.030394Z","level":"info","event":"https://musicbrainz.org/ws/2/artist/0eedfc95-e79a-4fd9-832a-cd816a0b3fda?inc=tags&fmt=json","chan":"stdout","logger":"task"}
{"timestamp":"2025-12-05T05:05:30.156526Z","level":"info","event":"{'name': 'Jason Aldean', 'id': '3FfvYsEGaIb52QPXhg4DcH', 'url': 'https://open.spotify.com/artist/3FfvYsEGaIb52QPXhg4DcH'}","chan":"stdout","logger":"task"}
{"timestamp":"2025-12-05T05:05:30.157375Z","level":"info","event":"https://musicbrainz.org/ws/2/url?resource=https://open.spotify.com/artist/3FfvYsEGaIb52QPXhg4DcH&inc=artist-rels&fmt=json","chan":"stdout","logger":"task"}
{"timestamp":"2025-12-05T05:05:30.285604Z","level":"info","event":"https://musicbrainz.org/ws/2/artist/f24df11a-7e35-4979-a4db-a3b2a170ce27?inc=tags&fmt=json","chan":"stdout","logger":"task"}
{"timestamp":"2025-12-05T05:05:31.416400Z","level":"info","event":"{'name': 'P!nk', 'id': '1KCSPY1glIKqW2TotWuXOR', 'url': 'https://open.spotify.com/artist/1KCSPY1glIKqW2TotWuXOR'}","chan":"stdout","logger":"task"}
{"timestamp":"2025-12-05T05:05:31.418238Z","level":"info","event":"https://musicbrainz.org/ws/2/url?resource=https://open.spotify.com/artist/1KCSPY1glIKqW2TotWuXOR&inc=artist-rels&fmt=json","chan":"stdout","logger":"task"}
{"timestamp":"2025-12-05T05:05:31.548410Z","level":"info","event":"https://musicbrainz.org/ws/2/artist/f4d5cc07-3bc9-4836-9b15-88a08359bc63?inc=tags&fmt=json","chan":"stdout","logger":"task"}
{"timestamp":"2025-12-05T05:05:32.674213Z","level":"info","event":"{'name': 'Beyoncé', 'id': '6vWDO969PvNqNYHIOW5v0m', 'url': 'https://open.spotify.com/artist/6vWDO969PvNqNYHIOW5v0m'}","chan":"stdout","logger":"task"}
{"timestamp":"2025-12-05T05:05:32.674679Z","level":"info","event":"https://musicbrainz.org/ws/2/url?resource=https://open.spotify.com/artist/6vWDO969PvNqNYHIOW5v0m&inc=artist-rels&fmt=json","chan":"stdout","logger":"task"}
{"timestamp":"2025-12-05T05:05:32.798522Z","level":"info","event":"https://musicbrainz.org/ws/2/artist/859d0860-d480-4efd-970c-c05d5f1776b8?inc=tags&fmt=json","chan":"stdout","logger":"task"}
{"timestamp":"2025-12-05T05:05:33.991491Z","level":"info","event":"{'name': 'The Script', 'id': '3AQRLZ9PuTAozP28Skbq8V', 'url': 'https://open.spotify.com/artist/3AQRLZ9PuTAozP28Skbq8V'}","chan":"stdout","logger":"task"}
{"timestamp":"2025-12-05T05:05:33.994512Z","level":"info","event":"https://musicbrainz.org/ws/2/url?resource=https://open.spotify.com/artist/3AQRLZ9PuTAozP28Skbq8V&inc=artist-rels&fmt=json","chan":"stdout","logger":"task"}
{"timestamp":"2025-12-05T05:05:34.127280Z","level":"info","event":"https://musicbrainz.org/ws/2/artist/4c98aa1b-34eb-4336-987f-5e50aa059c00?inc=tags&fmt=json","chan":"stdout","logger":"task"}
{"timestamp":"2025-12-05T05:05:34.257256Z","level":"info","event":"Rate limit hit. Retrying in 1s...","chan":"stdout","logger":"task"}
{"timestamp":"2025-12-05T05:05:36.402088Z","level":"info","event":"{'name': 'Rascal Flatts', 'id': '0a1gHP0HAqALbEyxaD5Ngn', 'url': 'https://open.spotify.com/artist/0a1gHP0HAqALbEyxaD5Ngn'}","chan":"stdout","logger":"task"}
{"timestamp":"2025-12-05T05:05:36.404845Z","level":"info","event":"https://musicbrainz.org/ws/2/url?resource=https://open.spotify.com/artist/0a1gHP0HAqALbEyxaD5Ngn&inc=artist-rels&fmt=json","chan":"stdout","logger":"task"}
{"timestamp":"2025-12-05T05:05:36.526872Z","level":"info","event":"https://musicbrainz.org/ws/2/artist/6e0ae159-8449-4262-bba5-18ec87fa529f?inc=tags&fmt=json","chan":"stdout","logger":"task"}
{"timestamp":"2025-12-05T05:05:37.649000Z","level":"info","event":"{'name': 'Kanye West', 'id': '5K4W6rqBFWDnAN6FQUkS6x', 'url': 'https://open.spotify.com/artist/5K4W6rqBFWDnAN6FQUkS6x'}","chan":"stdout","logger":"task"}
{"timestamp":"2025-12-05T05:05:37.650312Z","level":"info","event":"https://musicbrainz.org/ws/2/url?resource=https://open.spotify.com/artist/5K4W6rqBFWDnAN6FQUkS6x&inc=artist-rels&fmt=json","chan":"stdout","logger":"task"}
{"timestamp":"2025-12-05T05:05:37.769704Z","level":"info","event":"https://musicbrainz.org/ws/2/artist/164f0d73-1234-4e2c-8743-d77bf2191051?inc=tags&fmt=json","chan":"stdout","logger":"task"}
{"timestamp":"2025-12-05T05:05:38.900098Z","level":"info","event":"{'name': 'Glee Cast', 'id': '0SCbttzoZTnLFebDYmAWCm', 'url': 'https://open.spotify.com/artist/0SCbttzoZTnLFebDYmAWCm'}","chan":"stdout","logger":"task"}
{"timestamp":"2025-12-05T05:05:38.902313Z","level":"info","event":"https://musicbrainz.org/ws/2/url?resource=https://open.spotify.com/artist/0SCbttzoZTnLFebDYmAWCm&inc=artist-rels&fmt=json","chan":"stdout","logger":"task"}
{"timestamp":"2025-12-05T05:05:39.030784Z","level":"info","event":"https://musicbrainz.org/ws/2/artist/29542149-a818-4167-aa91-439adc9d61f5?inc=tags&fmt=json","chan":"stdout","logger":"task"}
{"timestamp":"2025-12-05T05:05:40.157850Z","level":"info","event":"{'name': 'New Boyz', 'id': '1ZKqrja0WvbSssYNFO3lzs', 'url': 'https://open.spotify.com/artist/1ZKqrja0WvbSssYNFO3lzs'}","chan":"stdout","logger":"task"}
{"timestamp":"2025-12-05T05:05:40.159292Z","level":"info","event":"https://musicbrainz.org/ws/2/url?resource=https://open.spotify.com/artist/1ZKqrja0WvbSssYNFO3lzs&inc=artist-rels&fmt=json","chan":"stdout","logger":"task"}
{"timestamp":"2025-12-05T05:05:40.288402Z","level":"info","event":"https://musicbrainz.org/ws/2/artist/8e1d63a3-2980-4d69-ba61-1024e8a6df4b?inc=tags&fmt=json","chan":"stdout","logger":"task"}
{"timestamp":"2025-12-05T05:05:41.551955Z","level":"info","event":"{'name': 'The Cataracs', 'id': '7C64wNX3howEFZjAYRKsfP', 'url': 'https://open.spotify.com/artist/7C64wNX3howEFZjAYRKsfP'}","chan":"stdout","logger":"task"}
{"timestamp":"2025-12-05T05:05:41.552552Z","level":"info","event":"https://musicbrainz.org/ws/2/url?resource=https://open.spotify.com/artist/7C64wNX3howEFZjAYRKsfP&inc=artist-rels&fmt=json","chan":"stdout","logger":"task"}
{"timestamp":"2025-12-05T05:05:41.671853Z","level":"info","event":"https://musicbrainz.org/ws/2/artist/50d9d3ee-8947-4079-9d73-b01dd3e71d8a?inc=tags&fmt=json","chan":"stdout","logger":"task"}
{"timestamp":"2025-12-05T05:05:42.871903Z","level":"info","event":"{'name': 'DEV', 'id': '7Ip2u3e5Nv6fFb5xyIHxEE', 'url': 'https://open.spotify.com/artist/7Ip2u3e5Nv6fFb5xyIHxEE'}","chan":"stdout","logger":"task"}
{"timestamp":"2025-12-05T05:05:42.873667Z","level":"info","event":"https://musicbrainz.org/ws/2/url?resource=https://open.spotify.com/artist/7Ip2u3e5Nv6fFb5xyIHxEE&inc=artist-rels&fmt=json","chan":"stdout","logger":"task"}
{"timestamp":"2025-12-05T05:05:43.006158Z","level":"info","event":"https://musicbrainz.org/ws/2/artist/7cc04f00-4c8f-40ea-894c-5f65777b3575?inc=tags&fmt=json","chan":"stdout","logger":"task"}
{"timestamp":"2025-12-05T05:05:44.209923Z","level":"info","event":"{'name': 'Selena Gomez & The Scene', 'id': '6dJeKm76NjfXBNTpHmOhfO', 'url': 'https://open.spotify.com/artist/6dJeKm76NjfXBNTpHmOhfO'}","chan":"stdout","logger":"task"}
{"timestamp":"2025-12-05T05:05:44.212470Z","level":"info","event":"https://musicbrainz.org/ws/2/url?resource=https://open.spotify.com/artist/6dJeKm76NjfXBNTpHmOhfO&inc=artist-rels&fmt=json","chan":"stdout","logger":"task"}
{"timestamp":"2025-12-05T05:05:44.340321Z","level":"info","event":"https://musicbrainz.org/ws/2/artist/37d0a847-32d3-480f-bd1e-101f50a3d332?inc=tags&fmt=json","chan":"stdout","logger":"task"}
{"timestamp":"2025-12-05T05:05:45.462717Z","level":"info","event":"{'name': 'Jessie J', 'id': '2gsggkzM5R49q6jpPvazou', 'url': 'https://open.spotify.com/artist/2gsggkzM5R49q6jpPvazou'}","chan":"stdout","logger":"task"}
{"timestamp":"2025-12-05T05:05:45.465464Z","level":"info","event":"https://musicbrainz.org/ws/2/url?resource=https://open.spotify.com/artist/2gsggkzM5R49q6jpPvazou&inc=artist-rels&fmt=json","chan":"stdout","logger":"task"}
{"timestamp":"2025-12-05T05:05:45.594321Z","level":"info","event":"https://musicbrainz.org/ws/2/artist/d24fb461-dee8-41fc-bb15-2f13bb2644a6?inc=tags&fmt=json","chan":"stdout","logger":"task"}
{"timestamp":"2025-12-05T05:05:46.723642Z","level":"info","event":"{'name': 'B.o.B', 'id': '5ndkK3dpZLKtBklKjxNQwT', 'url': 'https://open.spotify.com/artist/5ndkK3dpZLKtBklKjxNQwT'}","chan":"stdout","logger":"task"}
{"timestamp":"2025-12-05T05:05:46.726113Z","level":"info","event":"https://musicbrainz.org/ws/2/url?resource=https://open.spotify.com/artist/5ndkK3dpZLKtBklKjxNQwT&inc=artist-rels&fmt=json","chan":"stdout","logger":"task"}
{"timestamp":"2025-12-05T05:05:46.844830Z","level":"info","event":"https://musicbrainz.org/ws/2/artist/94c338ff-1985-4429-9dc8-997b61bb5932?inc=tags&fmt=json","chan":"stdout","logger":"task"}
{"timestamp":"2025-12-05T05:05:47.961608Z","level":"info","event":"{'name': 'Taylor Swift', 'id': '06HL4z0CvFAxyc27GXpf02', 'url': 'https://open.spotify.com/artist/06HL4z0CvFAxyc27GXpf02'}","chan":"stdout","logger":"task"}
{"timestamp":"2025-12-05T05:05:47.962935Z","level":"info","event":"https://musicbrainz.org/ws/2/url?resource=https://open.spotify.com/artist/06HL4z0CvFAxyc27GXpf02&inc=artist-rels&fmt=json","chan":"stdout","logger":"task"}
{"timestamp":"2025-12-05T05:05:48.086387Z","level":"info","event":"https://musicbrainz.org/ws/2/artist/20244d07-534f-4eff-b4d4-930878889970?inc=tags&fmt=json","chan":"stdout","logger":"task"}
{"timestamp":"2025-12-05T05:05:49.213669Z","level":"info","event":"{'name': 'Hot Chelle Rae', 'id': '6jTnHxhb6cDCaCu4rdvsQ0', 'url': 'https://open.spotify.com/artist/6jTnHxhb6cDCaCu4rdvsQ0'}","chan":"stdout","logger":"task"}
{"timestamp":"2025-12-05T05:05:49.216065Z","level":"info","event":"https://musicbrainz.org/ws/2/url?resource=https://open.spotify.com/artist/6jTnHxhb6cDCaCu4rdvsQ0&inc=artist-rels&fmt=json","chan":"stdout","logger":"task"}
{"timestamp":"2025-12-05T05:05:49.348221Z","level":"info","event":"https://musicbrainz.org/ws/2/artist/20aee940-3b65-4d04-8768-9a5918db2973?inc=tags&fmt=json","chan":"stdout","logger":"task"}
{"timestamp":"2025-12-05T05:05:50.491945Z","level":"info","event":"{'name': 'Brad Paisley', 'id': '13YmWQJFwgZrd4bf5IjMY4', 'url': 'https://open.spotify.com/artist/13YmWQJFwgZrd4bf5IjMY4'}","chan":"stdout","logger":"task"}
{"timestamp":"2025-12-05T05:05:50.501273Z","level":"info","event":"https://musicbrainz.org/ws/2/url?resource=https://open.spotify.com/artist/13YmWQJFwgZrd4bf5IjMY4&inc=artist-rels&fmt=json","chan":"stdout","logger":"task"}
{"timestamp":"2025-12-05T05:05:50.634821Z","level":"info","event":"https://musicbrainz.org/ws/2/artist/6cfd7ffc-824f-4219-8e27-4b9417700f44?inc=tags&fmt=json","chan":"stdout","logger":"task"}
{"timestamp":"2025-12-05T05:05:51.754671Z","level":"info","event":"{'name': 'Alabama', 'id': '6rJqqRce0Kvo2dJUXoHleC', 'url': 'https://open.spotify.com/artist/6rJqqRce0Kvo2dJUXoHleC'}","chan":"stdout","logger":"task"}
{"timestamp":"2025-12-05T05:05:51.754985Z","level":"info","event":"https://musicbrainz.org/ws/2/url?resource=https://open.spotify.com/artist/6rJqqRce0Kvo2dJUXoHleC&inc=artist-rels&fmt=json","chan":"stdout","logger":"task"}
{"timestamp":"2025-12-05T05:05:51.874252Z","level":"info","event":"https://musicbrainz.org/ws/2/artist/7ac055fa-e357-4890-9098-010b8094a900?inc=tags&fmt=json","chan":"stdout","logger":"task"}
{"timestamp":"2025-12-05T05:05:52.996556Z","level":"info","event":"{'name': 'Miguel', 'id': '360IAlyVv4PCEVjgyMZrxK', 'url': 'https://open.spotify.com/artist/360IAlyVv4PCEVjgyMZrxK'}","chan":"stdout","logger":"task"}
{"timestamp":"2025-12-05T05:05:52.997231Z","level":"info","event":"https://musicbrainz.org/ws/2/url?resource=https://open.spotify.com/artist/360IAlyVv4PCEVjgyMZrxK&inc=artist-rels&fmt=json","chan":"stdout","logger":"task"}
{"timestamp":"2025-12-05T05:05:53.120027Z","level":"info","event":"https://musicbrainz.org/ws/2/artist/285e1285-aecc-478f-a8da-0c8cf69e1217?inc=tags&fmt=json","chan":"stdout","logger":"task"}
{"timestamp":"2025-12-05T05:05:54.243784Z","level":"info","event":"{'name': 'Zac Brown Band', 'id': '6yJCxee7QumYr820xdIsjo', 'url': 'https://open.spotify.com/artist/6yJCxee7QumYr820xdIsjo'}","chan":"stdout","logger":"task"}
{"timestamp":"2025-12-05T05:05:54.245192Z","level":"info","event":"https://musicbrainz.org/ws/2/url?resource=https://open.spotify.com/artist/6yJCxee7QumYr820xdIsjo&inc=artist-rels&fmt=json","chan":"stdout","logger":"task"}
{"timestamp":"2025-12-05T05:05:54.371286Z","level":"info","event":"https://musicbrainz.org/ws/2/artist/507226f4-0842-4f43-950e-81a7017230ec?inc=tags&fmt=json","chan":"stdout","logger":"task"}
{"timestamp":"2025-12-05T05:05:54.484796Z","level":"info","event":"Rate limit hit. Retrying in 1s...","chan":"stdout","logger":"task"}
{"timestamp":"2025-12-05T05:05:56.624060Z","level":"info","event":"{'name': 'Jimmy Buffett', 'id': '28AyklUmMECPwdfo8NEsV0', 'url': 'https://open.spotify.com/artist/28AyklUmMECPwdfo8NEsV0'}","chan":"stdout","logger":"task"}
{"timestamp":"2025-12-05T05:05:56.627478Z","level":"info","event":"https://musicbrainz.org/ws/2/url?resource=https://open.spotify.com/artist/28AyklUmMECPwdfo8NEsV0&inc=artist-rels&fmt=json","chan":"stdout","logger":"task"}
{"timestamp":"2025-12-05T05:05:56.749020Z","level":"info","event":"https://musicbrainz.org/ws/2/artist/16fdd9af-467f-47ce-bd29-3413b445b90f?inc=tags&fmt=json","chan":"stdout","logger":"task"}
{"timestamp":"2025-12-05T05:05:57.905720Z","level":"info","event":"{'name': 'Luke Bryan', 'id': '0BvkDsjIUla7X0k6CSWh1I', 'url': 'https://open.spotify.com/artist/0BvkDsjIUla7X0k6CSWh1I'}","chan":"stdout","logger":"task"}
{"timestamp":"2025-12-05T05:05:57.906974Z","level":"info","event":"https://musicbrainz.org/ws/2/url?resource=https://open.spotify.com/artist/0BvkDsjIUla7X0k6CSWh1I&inc=artist-rels&fmt=json","chan":"stdout","logger":"task"}
{"timestamp":"2025-12-05T05:05:58.032686Z","level":"info","event":"https://musicbrainz.org/ws/2/artist/aab35942-f176-4f77-bbf9-1d6aa98ccf3f?inc=tags&fmt=json","chan":"stdout","logger":"task"}
{"timestamp":"2025-12-05T05:05:59.212727Z","level":"info","event":"{'name': 'YC Worldwide', 'id': '1JvKSExhqV480k3qFUJwLm', 'url': 'https://open.spotify.com/artist/1JvKSExhqV480k3qFUJwLm'}","chan":"stdout","logger":"task"}
{"timestamp":"2025-12-05T05:05:59.213938Z","level":"info","event":"https://musicbrainz.org/ws/2/url?resource=https://open.spotify.com/artist/1JvKSExhqV480k3qFUJwLm&inc=artist-rels&fmt=json","chan":"stdout","logger":"task"}
{"timestamp":"2025-12-05T05:05:59.360278Z","level":"info","event":"HTTP 404: Not Found","chan":"stdout","logger":"task"}
{"timestamp":"2025-12-05T05:05:59.360553Z","level":"info","event":"unable to get mbid for https://open.spotify.com/artist/1JvKSExhqV480k3qFUJwLm","chan":"stdout","logger":"task"}
{"timestamp":"2025-12-05T05:06:00.363440Z","level":"info","event":"{'name': 'Future', 'id': '1RyvyyTE3xzB2ZywiAwp0i', 'url': 'https://open.spotify.com/artist/1RyvyyTE3xzB2ZywiAwp0i'}","chan":"stdout","logger":"task"}
{"timestamp":"2025-12-05T05:06:00.363902Z","level":"info","event":"https://musicbrainz.org/ws/2/url?resource=https://open.spotify.com/artist/1RyvyyTE3xzB2ZywiAwp0i&inc=artist-rels&fmt=json","chan":"stdout","logger":"task"}
{"timestamp":"2025-12-05T05:06:00.490464Z","level":"info","event":"https://musicbrainz.org/ws/2/artist/48262e82-db9f-4a92-b650-dfef979b73ec?inc=tags&fmt=json","chan":"stdout","logger":"task"}
{"timestamp":"2025-12-05T05:06:01.632683Z","level":"info","event":"{'name': 'Enrique Iglesias', 'id': '7qG3b048QCHVRO5Pv1T5lw', 'url': 'https://open.spotify.com/artist/7qG3b048QCHVRO5Pv1T5lw'}","chan":"stdout","logger":"task"}
{"timestamp":"2025-12-05T05:06:01.635357Z","level":"info","event":"https://musicbrainz.org/ws/2/url?resource=https://open.spotify.com/artist/7qG3b048QCHVRO5Pv1T5lw&inc=artist-rels&fmt=json","chan":"stdout","logger":"task"}
{"timestamp":"2025-12-05T05:06:01.762448Z","level":"info","event":"https://musicbrainz.org/ws/2/artist/35f866dc-c061-48ba-8157-cf2e0eac4857?inc=tags&fmt=json","chan":"stdout","logger":"task"}
{"timestamp":"2025-12-05T05:06:02.892399Z","level":"info","event":"{'name': 'USHER', 'id': '23zg3TcAtWQy7J6upgbUnj', 'url': 'https://open.spotify.com/artist/23zg3TcAtWQy7J6upgbUnj'}","chan":"stdout","logger":"task"}
{"timestamp":"2025-12-05T05:06:02.896210Z","level":"info","event":"https://musicbrainz.org/ws/2/url?resource=https://open.spotify.com/artist/23zg3TcAtWQy7J6upgbUnj&inc=artist-rels&fmt=json","chan":"stdout","logger":"task"}
{"timestamp":"2025-12-05T05:06:03.015185Z","level":"info","event":"https://musicbrainz.org/ws/2/artist/3414d446-735a-443c-931f-10634f57e5b9?inc=tags&fmt=json","chan":"stdout","logger":"task"}
{"timestamp":"2025-12-05T05:06:04.140320Z","level":"info","event":"{'name': 'Chris Young', 'id': '4BYxqVkZyFjtik7crYLg5Q', 'url': 'https://open.spotify.com/artist/4BYxqVkZyFjtik7crYLg5Q'}","chan":"stdout","logger":"task"}
{"timestamp":"2025-12-05T05:06:04.142213Z","level":"info","event":"https://musicbrainz.org/ws/2/url?resource=https://open.spotify.com/artist/4BYxqVkZyFjtik7crYLg5Q&inc=artist-rels&fmt=json","chan":"stdout","logger":"task"}
{"timestamp":"2025-12-05T05:06:04.271168Z","level":"info","event":"https://musicbrainz.org/ws/2/artist/86de027e-097d-41b1-9b97-c0a69379ff4b?inc=tags&fmt=json","chan":"stdout","logger":"task"}
{"timestamp":"2025-12-05T05:06:05.399902Z","level":"info","event":"{'name': 'Big Sean', 'id': '0c173mlxpT3dSFRgMO8XPh', 'url': 'https://open.spotify.com/artist/0c173mlxpT3dSFRgMO8XPh'}","chan":"stdout","logger":"task"}
{"timestamp":"2025-12-05T05:06:05.400882Z","level":"info","event":"https://musicbrainz.org/ws/2/url?resource=https://open.spotify.com/artist/0c173mlxpT3dSFRgMO8XPh&inc=artist-rels&fmt=json","chan":"stdout","logger":"task"}
{"timestamp":"2025-12-05T05:06:05.533465Z","level":"info","event":"https://musicbrainz.org/ws/2/artist/942a9807-9c1a-4a0e-a285-1fde2c5be9d1?inc=tags&fmt=json","chan":"stdout","logger":"task"}
{"timestamp":"2025-12-05T05:06:06.669161Z","level":"info","event":"{'name': 'Martin Solveig', 'id': '1bj5GrcLom5gZFF5t949Xl', 'url': 'https://open.spotify.com/artist/1bj5GrcLom5gZFF5t949Xl'}","chan":"stdout","logger":"task"}
{"timestamp":"2025-12-05T05:06:06.671190Z","level":"info","event":"https://musicbrainz.org/ws/2/url?resource=https://open.spotify.com/artist/1bj5GrcLom5gZFF5t949Xl&inc=artist-rels&fmt=json","chan":"stdout","logger":"task"}
{"timestamp":"2025-12-05T05:06:06.791461Z","level":"info","event":"https://musicbrainz.org/ws/2/artist/06db73fd-57e2-4a6f-bcd3-699fb7bb7af4?inc=tags&fmt=json","chan":"stdout","logger":"task"}
{"timestamp":"2025-12-05T05:06:07.913077Z","level":"info","event":"{'name': 'Dragonette', 'id': '4GLJPBj5Cdr9AgLKvLWM4n', 'url': 'https://open.spotify.com/artist/4GLJPBj5Cdr9AgLKvLWM4n'}","chan":"stdout","logger":"task"}
{"timestamp":"2025-12-05T05:06:07.914059Z","level":"info","event":"https://musicbrainz.org/ws/2/url?resource=https://open.spotify.com/artist/4GLJPBj5Cdr9AgLKvLWM4n&inc=artist-rels&fmt=json","chan":"stdout","logger":"task"}
{"timestamp":"2025-12-05T05:06:08.041109Z","level":"info","event":"https://musicbrainz.org/ws/2/artist/00ef5e52-582b-4d53-a03a-bbd5b3084197?inc=tags&fmt=json","chan":"stdout","logger":"task"}
{"timestamp":"2025-12-05T05:06:09.381426Z","level":"info","event":"{'name': 'The Band Perry', 'id': '75FnCoo4FBxH5K1Rrx0k5A', 'url': 'https://open.spotify.com/artist/75FnCoo4FBxH5K1Rrx0k5A'}","chan":"stdout","logger":"task"}
{"timestamp":"2025-12-05T05:06:09.382886Z","level":"info","event":"https://musicbrainz.org/ws/2/url?resource=https://open.spotify.com/artist/75FnCoo4FBxH5K1Rrx0k5A&inc=artist-rels&fmt=json","chan":"stdout","logger":"task"}
{"timestamp":"2025-12-05T05:06:09.506057Z","level":"info","event":"https://musicbrainz.org/ws/2/artist/28955336-2348-488a-9381-e3a7b0107343?inc=tags&fmt=json","chan":"stdout","logger":"task"}
{"timestamp":"2025-12-05T05:06:10.634479Z","level":"info","event":"{'name': 'Keith Urban', 'id': '0u2FHSq3ln94y5Q57xazwf', 'url': 'https://open.spotify.com/artist/0u2FHSq3ln94y5Q57xazwf'}","chan":"stdout","logger":"task"}
{"timestamp":"2025-12-05T05:06:10.635066Z","level":"info","event":"https://musicbrainz.org/ws/2/url?resource=https://open.spotify.com/artist/0u2FHSq3ln94y5Q57xazwf&inc=artist-rels&fmt=json","chan":"stdout","logger":"task"}
{"timestamp":"2025-12-05T05:06:10.755783Z","level":"info","event":"https://musicbrainz.org/ws/2/artist/f45da029-7b00-4bf3-962c-0eeb20309cc4?inc=tags&fmt=json","chan":"stdout","logger":"task"}
{"timestamp":"2025-12-05T05:06:11.874244Z","level":"info","event":"{'name': 'Dr. Dre', 'id': '6DPYiyq5kWVQS4RGwxzPC7', 'url': 'https://open.spotify.com/artist/6DPYiyq5kWVQS4RGwxzPC7'}","chan":"stdout","logger":"task"}
{"timestamp":"2025-12-05T05:06:11.874408Z","level":"info","event":"https://musicbrainz.org/ws/2/url?resource=https://open.spotify.com/artist/6DPYiyq5kWVQS4RGwxzPC7&inc=artist-rels&fmt=json","chan":"stdout","logger":"task"}
{"timestamp":"2025-12-05T05:06:11.997775Z","level":"info","event":"https://musicbrainz.org/ws/2/artist/5f6ab597-f57a-40da-be9e-adad48708203?inc=tags&fmt=json","chan":"stdout","logger":"task"}
{"timestamp":"2025-12-05T05:06:13.119536Z","level":"info","event":"{'name': 'Eminem', 'id': '7dGJo4pcD2V6oG8kP0tJRR', 'url': 'https://open.spotify.com/artist/7dGJo4pcD2V6oG8kP0tJRR'}","chan":"stdout","logger":"task"}
{"timestamp":"2025-12-05T05:06:13.120281Z","level":"info","event":"https://musicbrainz.org/ws/2/url?resource=https://open.spotify.com/artist/7dGJo4pcD2V6oG8kP0tJRR&inc=artist-rels&fmt=json","chan":"stdout","logger":"task"}
{"timestamp":"2025-12-05T05:06:13.239687Z","level":"info","event":"https://musicbrainz.org/ws/2/artist/b95ce3ff-3d05-4e87-9e01-c97b66af13d4?inc=tags&fmt=json","chan":"stdout","logger":"task"}
{"timestamp":"2025-12-05T05:06:14.371131Z","level":"info","event":"{'name': 'Skylar Grey', 'id': '4utLUGcTvOJFr6aqIJtYWV', 'url': 'https://open.spotify.com/artist/4utLUGcTvOJFr6aqIJtYWV'}","chan":"stdout","logger":"task"}
{"timestamp":"2025-12-05T05:06:14.372373Z","level":"info","event":"https://musicbrainz.org/ws/2/url?resource=https://open.spotify.com/artist/4utLUGcTvOJFr6aqIJtYWV&inc=artist-rels&fmt=json","chan":"stdout","logger":"task"}
{"timestamp":"2025-12-05T05:06:14.494223Z","level":"info","event":"https://musicbrainz.org/ws/2/artist/bd01c9d7-89dd-4cb4-9baa-a43bfa292bed?inc=tags&fmt=json","chan":"stdout","logger":"task"}
{"timestamp":"2025-12-05T05:06:15.623969Z","level":"info","event":"{'name': 'Miranda Lambert', 'id': '66lH4jAE7pqPlOlzUKbwA0', 'url': 'https://open.spotify.com/artist/66lH4jAE7pqPlOlzUKbwA0'}","chan":"stdout","logger":"task"}
{"timestamp":"2025-12-05T05:06:15.627360Z","level":"info","event":"https://musicbrainz.org/ws/2/url?resource=https://open.spotify.com/artist/66lH4jAE7pqPlOlzUKbwA0&inc=artist-rels&fmt=json","chan":"stdout","logger":"task"}
{"timestamp":"2025-12-05T05:06:15.751691Z","level":"info","event":"https://musicbrainz.org/ws/2/artist/4eca1aa0-c79f-481b-af8a-4a2d6c41aa5c?inc=tags&fmt=json","chan":"stdout","logger":"task"}
{"timestamp":"2025-12-05T05:06:17.212270Z","level":"info","event":"{'name': 'T-Pain', 'id': '3aQeKQSyrW4qWr35idm0cy', 'url': 'https://open.spotify.com/artist/3aQeKQSyrW4qWr35idm0cy'}","chan":"stdout","logger":"task"}
{"timestamp":"2025-12-05T05:06:17.213513Z","level":"info","event":"https://musicbrainz.org/ws/2/url?resource=https://open.spotify.com/artist/3aQeKQSyrW4qWr35idm0cy&inc=artist-rels&fmt=json","chan":"stdout","logger":"task"}
{"timestamp":"2025-12-05T05:06:17.336211Z","level":"info","event":"https://musicbrainz.org/ws/2/artist/ce55e49a-32f4-4757-9849-bf04d06d5fcc?inc=tags&fmt=json","chan":"stdout","logger":"task"}
{"timestamp":"2025-12-05T05:06:18.461838Z","level":"info","event":"{'name': 'Justin Moore', 'id': '30e8DmahrEamvLbFRPdWmk', 'url': 'https://open.spotify.com/artist/30e8DmahrEamvLbFRPdWmk'}","chan":"stdout","logger":"task"}
{"timestamp":"2025-12-05T05:06:18.462811Z","level":"info","event":"https://musicbrainz.org/ws/2/url?resource=https://open.spotify.com/artist/30e8DmahrEamvLbFRPdWmk&inc=artist-rels&fmt=json","chan":"stdout","logger":"task"}
{"timestamp":"2025-12-05T05:06:18.580058Z","level":"info","event":"https://musicbrainz.org/ws/2/artist/ab5d785b-ff87-48b5-b9e1-027e3c21ec0d?inc=tags&fmt=json","chan":"stdout","logger":"task"}
{"timestamp":"2025-12-05T05:06:19.715392Z","level":"info","event":"{'name': 'Ace Hood', 'id': '31HjiqargV4NAw4GZqUale', 'url': 'https://open.spotify.com/artist/31HjiqargV4NAw4GZqUale'}","chan":"stdout","logger":"task"}
{"timestamp":"2025-12-05T05:06:19.720914Z","level":"info","event":"https://musicbrainz.org/ws/2/url?resource=https://open.spotify.com/artist/31HjiqargV4NAw4GZqUale&inc=artist-rels&fmt=json","chan":"stdout","logger":"task"}
{"timestamp":"2025-12-05T05:06:19.846300Z","level":"info","event":"https://musicbrainz.org/ws/2/artist/986ee464-cf8a-4e59-a71f-74756102067f?inc=tags&fmt=json","chan":"stdout","logger":"task"}
{"timestamp":"2025-12-05T05:06:20.988222Z","level":"info","event":"{'name': 'David Guetta', 'id': '1Cs0zKBU1kc0i8ypK3B9ai', 'url': 'https://open.spotify.com/artist/1Cs0zKBU1kc0i8ypK3B9ai'}","chan":"stdout","logger":"task"}
{"timestamp":"2025-12-05T05:06:20.988859Z","level":"info","event":"https://musicbrainz.org/ws/2/url?resource=https://open.spotify.com/artist/1Cs0zKBU1kc0i8ypK3B9ai&inc=artist-rels&fmt=json","chan":"stdout","logger":"task"}
{"timestamp":"2025-12-05T05:06:21.114009Z","level":"info","event":"https://musicbrainz.org/ws/2/artist/302bd7b9-d012-4360-897a-93b00c855680?inc=tags&fmt=json","chan":"stdout","logger":"task"}
{"timestamp":"2025-12-05T05:06:22.256176Z","level":"info","event":"{'name': 'Flo Rida', 'id': '0jnsk9HBra6NMjO2oANoPY', 'url': 'https://open.spotify.com/artist/0jnsk9HBra6NMjO2oANoPY'}","chan":"stdout","logger":"task"}
{"timestamp":"2025-12-05T05:06:22.258102Z","level":"info","event":"https://musicbrainz.org/ws/2/url?resource=https://open.spotify.com/artist/0jnsk9HBra6NMjO2oANoPY&inc=artist-rels&fmt=json","chan":"stdout","logger":"task"}
{"timestamp":"2025-12-05T05:06:22.381458Z","level":"info","event":"https://musicbrainz.org/ws/2/artist/4593d49a-7f67-46ba-9ec0-126bd676286f?inc=tags&fmt=json","chan":"stdout","logger":"task"}
{"timestamp":"2025-12-05T05:06:23.497741Z","level":"info","event":"{'name': 'Rihanna', 'id': '5pKCCKE2ajJHZ9KAiaK11H', 'url': 'https://open.spotify.com/artist/5pKCCKE2ajJHZ9KAiaK11H'}","chan":"stdout","logger":"task"}
{"timestamp":"2025-12-05T05:06:23.502356Z","level":"info","event":"https://musicbrainz.org/ws/2/url?resource=https://open.spotify.com/artist/5pKCCKE2ajJHZ9KAiaK11H&inc=artist-rels&fmt=json","chan":"stdout","logger":"task"}
{"timestamp":"2025-12-05T05:06:23.743681Z","level":"info","event":"https://musicbrainz.org/ws/2/artist/73e5e69d-3554-40d8-8516-00cb38737a1c?inc=tags&fmt=json","chan":"stdout","logger":"task"}
{"timestamp":"2025-12-05T05:06:25.027028Z","level":"info","event":"{'name': 'Eric Church', 'id': '2IvkS5MXK0vPGnwyJsrEyV', 'url': 'https://open.spotify.com/artist/2IvkS5MXK0vPGnwyJsrEyV'}","chan":"stdout","logger":"task"}
{"timestamp":"2025-12-05T05:06:25.027251Z","level":"info","event":"https://musicbrainz.org/ws/2/url?resource=https://open.spotify.com/artist/2IvkS5MXK0vPGnwyJsrEyV&inc=artist-rels&fmt=json","chan":"stdout","logger":"task"}
{"timestamp":"2025-12-05T05:06:25.145329Z","level":"info","event":"https://musicbrainz.org/ws/2/artist/15856215-cc51-4423-879c-9ac955ccb11a?inc=tags&fmt=json","chan":"stdout","logger":"task"}
{"timestamp":"2025-12-05T05:06:25.259234Z","level":"info","event":"Rate limit hit. Retrying in 1s...","chan":"stdout","logger":"task"}
{"timestamp":"2025-12-05T05:06:27.400855Z","level":"info","event":"{'name': 'Ronnie Dunn', 'id': '1iLuTmIgxCEiEllDSWkeIy', 'url': 'https://open.spotify.com/artist/1iLuTmIgxCEiEllDSWkeIy'}","chan":"stdout","logger":"task"}
{"timestamp":"2025-12-05T05:06:27.402084Z","level":"info","event":"https://musicbrainz.org/ws/2/url?resource=https://open.spotify.com/artist/1iLuTmIgxCEiEllDSWkeIy&inc=artist-rels&fmt=json","chan":"stdout","logger":"task"}
{"timestamp":"2025-12-05T05:06:27.525478Z","level":"info","event":"https://musicbrainz.org/ws/2/artist/9b0636eb-1275-4370-94cc-6ac85d9fb5e8?inc=tags&fmt=json","chan":"stdout","logger":"task"}
{"timestamp":"2025-12-05T05:06:28.641108Z","level":"info","event":"{'name': 'Mike Posner', 'id': '2KsP6tYLJlTBvSUxnwlVWa', 'url': 'https://open.spotify.com/artist/2KsP6tYLJlTBvSUxnwlVWa'}","chan":"stdout","logger":"task"}
{"timestamp":"2025-12-05T05:06:28.641861Z","level":"info","event":"https://musicbrainz.org/ws/2/url?resource=https://open.spotify.com/artist/2KsP6tYLJlTBvSUxnwlVWa&inc=artist-rels&fmt=json","chan":"stdout","logger":"task"}
{"timestamp":"2025-12-05T05:06:28.765797Z","level":"info","event":"https://musicbrainz.org/ws/2/artist/5b64e344-b2fb-47bd-bd7b-4c793b17d472?inc=tags&fmt=json","chan":"stdout","logger":"task"}
{"timestamp":"2025-12-05T05:06:29.899043Z","level":"info","event":"{'name': 'Dierks Bentley', 'id': '7x8nK0m0cP2ksQf0mjWdPS', 'url': 'https://open.spotify.com/artist/7x8nK0m0cP2ksQf0mjWdPS'}","chan":"stdout","logger":"task"}
{"timestamp":"2025-12-05T05:06:29.900878Z","level":"info","event":"https://musicbrainz.org/ws/2/url?resource=https://open.spotify.com/artist/7x8nK0m0cP2ksQf0mjWdPS&inc=artist-rels&fmt=json","chan":"stdout","logger":"task"}
{"timestamp":"2025-12-05T05:06:30.021582Z","level":"info","event":"https://musicbrainz.org/ws/2/artist/6bd7faa9-601f-44db-a2a6-239209f83156?inc=tags&fmt=json","chan":"stdout","logger":"task"}
{"timestamp":"2025-12-05T05:06:31.136358Z","level":"info","event":"{'name': 'Maroon 5', 'id': '04gDigrS5kc9YWfZHwBETP', 'url': 'https://open.spotify.com/artist/04gDigrS5kc9YWfZHwBETP'}","chan":"stdout","logger":"task"}
{"timestamp":"2025-12-05T05:06:31.137839Z","level":"info","event":"https://musicbrainz.org/ws/2/url?resource=https://open.spotify.com/artist/04gDigrS5kc9YWfZHwBETP&inc=artist-rels&fmt=json","chan":"stdout","logger":"task"}
{"timestamp":"2025-12-05T05:06:31.257434Z","level":"info","event":"https://musicbrainz.org/ws/2/artist/0ab49580-c84f-44d4-875f-d83760ea2cfe?inc=tags&fmt=json","chan":"stdout","logger":"task"}
{"timestamp":"2025-12-05T05:06:32.421583Z","level":"info","event":"{'name': 'Jake Owen', 'id': '1n2pb9Tsfe4SwAjmUac6YT', 'url': 'https://open.spotify.com/artist/1n2pb9Tsfe4SwAjmUac6YT'}","chan":"stdout","logger":"task"}
{"timestamp":"2025-12-05T05:06:32.423070Z","level":"info","event":"https://musicbrainz.org/ws/2/url?resource=https://open.spotify.com/artist/1n2pb9Tsfe4SwAjmUac6YT&inc=artist-rels&fmt=json","chan":"stdout","logger":"task"}
{"timestamp":"2025-12-05T05:06:32.544783Z","level":"info","event":"https://musicbrainz.org/ws/2/artist/508f4f83-26dc-4d21-98d9-1a8c04d5ad4a?inc=tags&fmt=json","chan":"stdout","logger":"task"}
{"timestamp":"2025-12-05T05:06:33.666285Z","level":"info","event":"{'name': 'Reeve Carney', 'id': '7qDUWeBzKcDnh15yhYBf2U', 'url': 'https://open.spotify.com/artist/7qDUWeBzKcDnh15yhYBf2U'}","chan":"stdout","logger":"task"}
{"timestamp":"2025-12-05T05:06:33.667138Z","level":"info","event":"https://musicbrainz.org/ws/2/url?resource=https://open.spotify.com/artist/7qDUWeBzKcDnh15yhYBf2U&inc=artist-rels&fmt=json","chan":"stdout","logger":"task"}
{"timestamp":"2025-12-05T05:06:34.233464Z","level":"info","event":"https://musicbrainz.org/ws/2/artist/aa11c4f2-4205-4f48-b9b5-ce49e14d0d89?inc=tags&fmt=json","chan":"stdout","logger":"task"}
{"timestamp":"2025-12-05T05:06:35.619211Z","level":"info","event":"{'name': 'Bono', 'id': '0m2Wc2gfNUWaAuBK7URPIJ', 'url': 'https://open.spotify.com/artist/0m2Wc2gfNUWaAuBK7URPIJ'}","chan":"stdout","logger":"task"}
{"timestamp":"2025-12-05T05:06:35.621656Z","level":"info","event":"https://musicbrainz.org/ws/2/url?resource=https://open.spotify.com/artist/0m2Wc2gfNUWaAuBK7URPIJ&inc=artist-rels&fmt=json","chan":"stdout","logger":"task"}
{"timestamp":"2025-12-05T05:06:36.073899Z","level":"info","event":"https://musicbrainz.org/ws/2/artist/7f347782-eb14-40c3-98e2-17b6e1bfe56c?inc=tags&fmt=json","chan":"stdout","logger":"task"}
{"timestamp":"2025-12-05T05:06:37.485188Z","level":"info","event":"{'name': 'The Edge', 'id': '1X8wFHJFucBUmBc7spQ4jP', 'url': 'https://open.spotify.com/artist/1X8wFHJFucBUmBc7spQ4jP'}","chan":"stdout","logger":"task"}
{"timestamp":"2025-12-05T05:06:37.487268Z","level":"info","event":"https://musicbrainz.org/ws/2/url?resource=https://open.spotify.com/artist/1X8wFHJFucBUmBc7spQ4jP&inc=artist-rels&fmt=json","chan":"stdout","logger":"task"}
{"timestamp":"2025-12-05T05:06:37.726976Z","level":"info","event":"https://musicbrainz.org/ws/2/artist/a94e530f-4e9f-40e6-b44b-ebec06f7900e?inc=tags&fmt=json","chan":"stdout","logger":"task"}
{"timestamp":"2025-12-05T05:06:39.054814Z","level":"info","event":"{'name': 'Avril Lavigne', 'id': '0p4nmQO2msCgU4IF37Wi3j', 'url': 'https://open.spotify.com/artist/0p4nmQO2msCgU4IF37Wi3j'}","chan":"stdout","logger":"task"}
{"timestamp":"2025-12-05T05:06:39.060269Z","level":"info","event":"https://musicbrainz.org/ws/2/url?resource=https://open.spotify.com/artist/0p4nmQO2msCgU4IF37Wi3j&inc=artist-rels&fmt=json","chan":"stdout","logger":"task"}
{"timestamp":"2025-12-05T05:06:39.187817Z","level":"info","event":"https://musicbrainz.org/ws/2/artist/0103c1cc-4a09-4a5d-a344-56ad99a77193?inc=tags&fmt=json","chan":"stdout","logger":"task"}
{"timestamp":"2025-12-05T05:06:40.413480Z","level":"info","event":"{'name': 'Foster The People', 'id': '7gP3bB2nilZXLfPHJhMdvc', 'url': 'https://open.spotify.com/artist/7gP3bB2nilZXLfPHJhMdvc'}","chan":"stdout","logger":"task"}
{"timestamp":"2025-12-05T05:06:40.416134Z","level":"info","event":"https://musicbrainz.org/ws/2/url?resource=https://open.spotify.com/artist/7gP3bB2nilZXLfPHJhMdvc&inc=artist-rels&fmt=json","chan":"stdout","logger":"task"}
{"timestamp":"2025-12-05T05:06:40.539913Z","level":"info","event":"https://musicbrainz.org/ws/2/artist/e0e1a584-dd0a-4bd1-88d1-c4c62895039d?inc=tags&fmt=json","chan":"stdout","logger":"task"}
{"timestamp":"2025-12-05T05:06:41.671349Z","level":"info","event":"{'name': 'Mac Miller', 'id': '4LLpKhyESsyAXpc4laK94U', 'url': 'https://open.spotify.com/artist/4LLpKhyESsyAXpc4laK94U'}","chan":"stdout","logger":"task"}
{"timestamp":"2025-12-05T05:06:41.675389Z","level":"info","event":"https://musicbrainz.org/ws/2/url?resource=https://open.spotify.com/artist/4LLpKhyESsyAXpc4laK94U&inc=artist-rels&fmt=json","chan":"stdout","logger":"task"}
{"timestamp":"2025-12-05T05:06:41.913323Z","level":"info","event":"https://musicbrainz.org/ws/2/artist/a0e8a1b1-5f8f-475a-a253-17415c17d0ff?inc=tags&fmt=json","chan":"stdout","logger":"task"}
{"timestamp":"2025-12-05T05:06:43.146037Z","level":"info","event":"{'name': 'Seether', 'id': '6B5c4sch27tWHAGdarpPaW', 'url': 'https://open.spotify.com/artist/6B5c4sch27tWHAGdarpPaW'}","chan":"stdout","logger":"task"}
{"timestamp":"2025-12-05T05:06:43.148020Z","level":"info","event":"https://musicbrainz.org/ws/2/url?resource=https://open.spotify.com/artist/6B5c4sch27tWHAGdarpPaW&inc=artist-rels&fmt=json","chan":"stdout","logger":"task"}
{"timestamp":"2025-12-05T05:06:43.267875Z","level":"info","event":"https://musicbrainz.org/ws/2/artist/fbcd7b29-455f-49e6-9c4f-8249d20a055e?inc=tags&fmt=json","chan":"stdout","logger":"task"}
{"timestamp":"2025-12-05T05:06:44.407989Z","level":"info","event":"{'name': 'Toby Keith', 'id': '2bA6fzP0lMAQ4kz6CF61w8', 'url': 'https://open.spotify.com/artist/2bA6fzP0lMAQ4kz6CF61w8'}","chan":"stdout","logger":"task"}
{"timestamp":"2025-12-05T05:06:44.417789Z","level":"info","event":"https://musicbrainz.org/ws/2/url?resource=https://open.spotify.com/artist/2bA6fzP0lMAQ4kz6CF61w8&inc=artist-rels&fmt=json","chan":"stdout","logger":"task"}
{"timestamp":"2025-12-05T05:06:44.536264Z","level":"info","event":"https://musicbrainz.org/ws/2/artist/2f951906-5629-4fef-a260-5033151c162a?inc=tags&fmt=json","chan":"stdout","logger":"task"}
{"timestamp":"2025-12-05T05:06:45.676340Z","level":"info","event":"{'name': 'Marsha Ambrosius', 'id': '46VWDbmWmzvPBTmkSr25gM', 'url': 'https://open.spotify.com/artist/46VWDbmWmzvPBTmkSr25gM'}","chan":"stdout","logger":"task"}
{"timestamp":"2025-12-05T05:06:45.676588Z","level":"info","event":"https://musicbrainz.org/ws/2/url?resource=https://open.spotify.com/artist/46VWDbmWmzvPBTmkSr25gM&inc=artist-rels&fmt=json","chan":"stdout","logger":"task"}
{"timestamp":"2025-12-05T05:06:45.795613Z","level":"info","event":"https://musicbrainz.org/ws/2/artist/24285231-f192-42f1-baea-0f467dd1d8aa?inc=tags&fmt=json","chan":"stdout","logger":"task"}
{"timestamp":"2025-12-05T05:06:46.919997Z","level":"info","event":"{'name': 'Eli Young Band', 'id': '6eKWqnckwdIlSnjaYgIyxv', 'url': 'https://open.spotify.com/artist/6eKWqnckwdIlSnjaYgIyxv'}","chan":"stdout","logger":"task"}
{"timestamp":"2025-12-05T05:06:46.920651Z","level":"info","event":"https://musicbrainz.org/ws/2/url?resource=https://open.spotify.com/artist/6eKWqnckwdIlSnjaYgIyxv&inc=artist-rels&fmt=json","chan":"stdout","logger":"task"}
{"timestamp":"2025-12-05T05:06:47.042747Z","level":"info","event":"https://musicbrainz.org/ws/2/artist/80737f69-60c5-4c0d-9562-88faf8d8f2f4?inc=tags&fmt=json","chan":"stdout","logger":"task"}
{"timestamp":"2025-12-05T05:06:47.162196Z","level":"info","event":"Rate limit hit. Retrying in 1s...","chan":"stdout","logger":"task"}
{"timestamp":"2025-12-05T05:06:49.291257Z","level":"info","event":"{'name': 'Mumford & Sons', 'id': '3gd8FJtBJtkRxdfbTu19U2', 'url': 'https://open.spotify.com/artist/3gd8FJtBJtkRxdfbTu19U2'}","chan":"stdout","logger":"task"}
{"timestamp":"2025-12-05T05:06:49.293435Z","level":"info","event":"https://musicbrainz.org/ws/2/url?resource=https://open.spotify.com/artist/3gd8FJtBJtkRxdfbTu19U2&inc=artist-rels&fmt=json","chan":"stdout","logger":"task"}
{"timestamp":"2025-12-05T05:06:49.418755Z","level":"info","event":"https://musicbrainz.org/ws/2/artist/c44e9c22-ef82-4a77-9bcd-af6c958446d6?inc=tags&fmt=json","chan":"stdout","logger":"task"}
{"timestamp":"2025-12-05T05:06:50.546384Z","level":"info","event":"{'name': 'Kirk Franklin', 'id': '4akybxRTGHJZ1DXjLhJ1qu', 'url': 'https://open.spotify.com/artist/4akybxRTGHJZ1DXjLhJ1qu'}","chan":"stdout","logger":"task"}
{"timestamp":"2025-12-05T05:06:50.546825Z","level":"info","event":"https://musicbrainz.org/ws/2/url?resource=https://open.spotify.com/artist/4akybxRTGHJZ1DXjLhJ1qu&inc=artist-rels&fmt=json","chan":"stdout","logger":"task"}
{"timestamp":"2025-12-05T05:06:50.672345Z","level":"info","event":"https://musicbrainz.org/ws/2/artist/685332a4-12ed-4c3b-8d0e-04e6a37e28f0?inc=tags&fmt=json","chan":"stdout","logger":"task"}
{"timestamp":"2025-12-05T05:06:51.797191Z","level":"info","event":"{'name': 'Jeezy', 'id': '4yBK75WVCQXej1p04GWqxH', 'url': 'https://open.spotify.com/artist/4yBK75WVCQXej1p04GWqxH'}","chan":"stdout","logger":"task"}
{"timestamp":"2025-12-05T05:06:51.797593Z","level":"info","event":"https://musicbrainz.org/ws/2/url?resource=https://open.spotify.com/artist/4yBK75WVCQXej1p04GWqxH&inc=artist-rels&fmt=json","chan":"stdout","logger":"task"}
{"timestamp":"2025-12-05T05:06:52.044416Z","level":"info","event":"https://musicbrainz.org/ws/2/artist/dcad99e7-3c3e-4c78-bf8a-68203e17da48?inc=tags&fmt=json","chan":"stdout","logger":"task"}
{"timestamp":"2025-12-05T05:06:53.569573Z","level":"info","event":"{'name': 'Kenny Chesney', 'id': '3grHWM9bx2E9vwJCdlRv9O', 'url': 'https://open.spotify.com/artist/3grHWM9bx2E9vwJCdlRv9O'}","chan":"stdout","logger":"task"}
{"timestamp":"2025-12-05T05:06:53.572293Z","level":"info","event":"https://musicbrainz.org/ws/2/url?resource=https://open.spotify.com/artist/3grHWM9bx2E9vwJCdlRv9O&inc=artist-rels&fmt=json","chan":"stdout","logger":"task"}
{"timestamp":"2025-12-05T05:06:53.694192Z","level":"info","event":"https://musicbrainz.org/ws/2/artist/5dca4d22-d6c8-4e70-8ca1-4543e43353c7?inc=tags&fmt=json","chan":"stdout","logger":"task"}
{"timestamp":"2025-12-05T05:06:54.814986Z","level":"info","event":"{'name': 'Steven Tyler', 'id': '32zks9ovi0IExzUd1C7W6o', 'url': 'https://open.spotify.com/artist/32zks9ovi0IExzUd1C7W6o'}","chan":"stdout","logger":"task"}
{"timestamp":"2025-12-05T05:06:54.818116Z","level":"info","event":"https://musicbrainz.org/ws/2/url?resource=https://open.spotify.com/artist/32zks9ovi0IExzUd1C7W6o&inc=artist-rels&fmt=json","chan":"stdout","logger":"task"}
{"timestamp":"2025-12-05T05:06:54.944125Z","level":"info","event":"https://musicbrainz.org/ws/2/artist/7d3f7aed-fb9c-4e80-b198-64cd6ae31cb8?inc=tags&fmt=json","chan":"stdout","logger":"task"}
{"timestamp":"2025-12-05T05:06:56.068984Z","level":"info","event":"{'name': 'Grace Potter', 'id': '1PJVVIeS5Wu0wbZDhtC0Ht', 'url': 'https://open.spotify.com/artist/1PJVVIeS5Wu0wbZDhtC0Ht'}","chan":"stdout","logger":"task"}
{"timestamp":"2025-12-05T05:06:56.071350Z","level":"info","event":"https://musicbrainz.org/ws/2/url?resource=https://open.spotify.com/artist/1PJVVIeS5Wu0wbZDhtC0Ht&inc=artist-rels&fmt=json","chan":"stdout","logger":"task"}
{"timestamp":"2025-12-05T05:06:56.266359Z","level":"info","event":"https://musicbrainz.org/ws/2/artist/b1103b87-3b91-4ec5-9d7b-15c2d1e486af?inc=tags&fmt=json","chan":"stdout","logger":"task"}
{"timestamp":"2025-12-05T05:06:57.518336Z","level":"info","event":"{'name': 'Colbie Caillat', 'id': '6aZyMrc4doVtZyKNilOmwu', 'url': 'https://open.spotify.com/artist/6aZyMrc4doVtZyKNilOmwu'}","chan":"stdout","logger":"task"}
{"timestamp":"2025-12-05T05:06:57.518652Z","level":"info","event":"https://musicbrainz.org/ws/2/url?resource=https://open.spotify.com/artist/6aZyMrc4doVtZyKNilOmwu&inc=artist-rels&fmt=json","chan":"stdout","logger":"task"}
{"timestamp":"2025-12-05T05:06:57.634893Z","level":"info","event":"https://musicbrainz.org/ws/2/artist/efc8a006-d0c6-4a9b-8cb1-91ca770fa2b9?inc=tags&fmt=json","chan":"stdout","logger":"task"}
{"timestamp":"2025-12-05T05:06:58.753289Z","level":"info","event":"{'name': 'Don Omar', 'id': '33ScadVnbm2X8kkUqOkC6Z', 'url': 'https://open.spotify.com/artist/33ScadVnbm2X8kkUqOkC6Z'}","chan":"stdout","logger":"task"}
{"timestamp":"2025-12-05T05:06:58.753622Z","level":"info","event":"https://musicbrainz.org/ws/2/url?resource=https://open.spotify.com/artist/33ScadVnbm2X8kkUqOkC6Z&inc=artist-rels&fmt=json","chan":"stdout","logger":"task"}
{"timestamp":"2025-12-05T05:06:58.877061Z","level":"info","event":"https://musicbrainz.org/ws/2/artist/afbdfac9-2955-4404-ae22-c08bf1c1b51e?inc=tags&fmt=json","chan":"stdout","logger":"task"}
{"timestamp":"2025-12-05T05:06:59.997800Z","level":"info","event":"{'name': 'Lucenzo', 'id': '5bv5RplEOwdCvhq0EILh9E', 'url': 'https://open.spotify.com/artist/5bv5RplEOwdCvhq0EILh9E'}","chan":"stdout","logger":"task"}
{"timestamp":"2025-12-05T05:06:59.998197Z","level":"info","event":"https://musicbrainz.org/ws/2/url?resource=https://open.spotify.com/artist/5bv5RplEOwdCvhq0EILh9E&inc=artist-rels&fmt=json","chan":"stdout","logger":"task"}
{"timestamp":"2025-12-05T05:07:00.127431Z","level":"info","event":"https://musicbrainz.org/ws/2/artist/9d93fcb8-f66a-4576-9bdc-04dd4a1b27c6?inc=tags&fmt=json","chan":"stdout","logger":"task"}
{"timestamp":"2025-12-05T05:07:01.261056Z","level":"info","event":"{'name': 'Nicole Scherzinger', 'id': '40xbWSB4JPdOkRyuTDy1oP', 'url': 'https://open.spotify.com/artist/40xbWSB4JPdOkRyuTDy1oP'}","chan":"stdout","logger":"task"}
{"timestamp":"2025-12-05T05:07:01.262455Z","level":"info","event":"https://musicbrainz.org/ws/2/url?resource=https://open.spotify.com/artist/40xbWSB4JPdOkRyuTDy1oP&inc=artist-rels&fmt=json","chan":"stdout","logger":"task"}
{"timestamp":"2025-12-05T05:07:01.469366Z","level":"info","event":"https://musicbrainz.org/ws/2/artist/0f7534a6-dc5f-46ca-a2e0-13d214cdd52b?inc=tags&fmt=json","chan":"stdout","logger":"task"}
{"timestamp":"2025-12-05T05:07:02.702538Z","level":"info","event":"{'name': 'Trey Songz', 'id': '2iojnBLj0qIMiKPvVhLnsH', 'url': 'https://open.spotify.com/artist/2iojnBLj0qIMiKPvVhLnsH'}","chan":"stdout","logger":"task"}
{"timestamp":"2025-12-05T05:07:02.709559Z","level":"info","event":"https://musicbrainz.org/ws/2/url?resource=https://open.spotify.com/artist/2iojnBLj0qIMiKPvVhLnsH&inc=artist-rels&fmt=json","chan":"stdout","logger":"task"}
{"timestamp":"2025-12-05T05:07:02.842982Z","level":"info","event":"https://musicbrainz.org/ws/2/artist/4d7304f6-7fe3-4959-9d98-01a5af84afe6?inc=tags&fmt=json","chan":"stdout","logger":"task"}
{"timestamp":"2025-12-05T05:07:03.969611Z","level":"info","event":"{'name': 'My Chemical Romance', 'id': '7FBcuc1gsnv6Y1nwFtNRCb', 'url': 'https://open.spotify.com/artist/7FBcuc1gsnv6Y1nwFtNRCb'}","chan":"stdout","logger":"task"}
{"timestamp":"2025-12-05T05:07:03.974517Z","level":"info","event":"https://musicbrainz.org/ws/2/url?resource=https://open.spotify.com/artist/7FBcuc1gsnv6Y1nwFtNRCb&inc=artist-rels&fmt=json","chan":"stdout","logger":"task"}
{"timestamp":"2025-12-05T05:07:04.094882Z","level":"info","event":"https://musicbrainz.org/ws/2/artist/c07f0676-9143-4217-8a9f-4c26bd636f13?inc=tags&fmt=json","chan":"stdout","logger":"task"}
{"timestamp":"2025-12-05T05:07:05.330301Z","level":"info","event":"{'name': 'Foo Fighters', 'id': '7jy3rLJdDQY21OgRLCZ9sD', 'url': 'https://open.spotify.com/artist/7jy3rLJdDQY21OgRLCZ9sD'}","chan":"stdout","logger":"task"}
{"timestamp":"2025-12-05T05:07:05.333544Z","level":"info","event":"https://musicbrainz.org/ws/2/url?resource=https://open.spotify.com/artist/7jy3rLJdDQY21OgRLCZ9sD&inc=artist-rels&fmt=json","chan":"stdout","logger":"task"}
{"timestamp":"2025-12-05T05:07:05.481371Z","level":"info","event":"https://musicbrainz.org/ws/2/artist/67f66c07-6e61-4026-ade5-7e782fad3a5d?inc=tags&fmt=json","chan":"stdout","logger":"task"}
{"timestamp":"2025-12-05T05:07:06.610706Z","level":"info","event":"Fetching audio details for 97 songs...","chan":"stdout","logger":"task"}
{"timestamp":"2025-12-05T05:07:06.611755Z","level":"info","event":"  Fetching batch 1/3 (40 songs)...","chan":"stdout","logger":"task"}
{"timestamp":"2025-12-05T05:07:07.617689Z","level":"info","event":"  Retrieved 22 song details","chan":"stdout","logger":"task"}
{"timestamp":"2025-12-05T05:07:09.629064Z","level":"info","event":"  Fetching batch 2/3 (40 songs)...","chan":"stdout","logger":"task"}
{"timestamp":"2025-12-05T05:07:10.621663Z","level":"info","event":"  Retrieved 30 song details","chan":"stdout","logger":"task"}
{"timestamp":"2025-12-05T05:07:12.623383Z","level":"info","event":"  Fetching batch 3/3 (17 songs)...","chan":"stdout","logger":"task"}
{"timestamp":"2025-12-05T05:07:13.573708Z","level":"info","event":"  Retrieved 14 song details","chan":"stdout","logger":"task"}
{"timestamp":"2025-12-05T05:07:13.574816Z","level":"info","event":"Fetching audio analysis for 66 songs...","chan":"stdout","logger":"task"}
{"timestamp":"2025-12-05T05:07:25.015877Z","level":"info","event":"  Processing audio analysis 10/66...","chan":"stdout","logger":"task"}
{"timestamp":"2025-12-05T05:07:37.504115Z","level":"info","event":"  Processing audio analysis 20/66...","chan":"stdout","logger":"task"}
{"timestamp":"2025-12-05T05:07:49.389769Z","level":"info","event":"  Processing audio analysis 30/66...","chan":"stdout","logger":"task"}
{"timestamp":"2025-12-05T05:08:01.080441Z","level":"info","event":"  Processing audio analysis 40/66...","chan":"stdout","logger":"task"}
{"timestamp":"2025-12-05T05:08:11.513286Z","level":"info","event":"  Processing audio analysis 50/66...","chan":"stdout","logger":"task"}
{"timestamp":"2025-12-05T05:08:21.868419Z","level":"info","event":"  Processing audio analysis 60/66...","chan":"stdout","logger":"task"}
{"timestamp":"2025-12-05T05:08:28.938556Z","level":"info","event":"Completed fetching audio details for 66 songs","chan":"stdout","logger":"task"}
{"timestamp":"2025-12-05T05:08:28.999104Z","level":"info","event":"DEBUG: DATABASE_URL value: postgresql+psycopg2:****@postgres/music_warehouse","chan":"stdout","logger":"task"}
{"timestamp":"2025-12-05T05:08:29.045355Z","level":"info","event":"TYPE OF ENGINE: <class 'sqlalchemy.engine.base.Engine'>","chan":"stdout","logger":"task"}
{"timestamp":"2025-12-05T05:08:29.045557Z","level":"info","event":"ENGINE DIR: ['__class__', '__delattr__', '__dict__', '__dir__', '__doc__', '__eq__', '__format__', '__ge__', '__getattribute__', '__getstate__', '__gt__', '__hash__', '__init__', '__init_subclass__', '__le__', '__lt__', '__module__', '__ne__', '__new__', '__reduce__', '__reduce_ex__', '__repr__', '__setattr__', '__sizeof__', '__str__', '__subclasshook__', '__weakref__', '_compiled_cache', '_connection_cls', '_echo', '_execute_clauseelement', '_execute_compiled', '_execute_default', '_execution_options', '_has_events', '_is_future', '_lru_size_alert', '_option_cls', '_optional_conn_ctx_manager', '_run_ddl_visitor', '_run_visitor', '_schema_translate_map', '_should_log_debug', '_should_log_info', '_sqla_logger_namespace', '_trans_ctx', '_wrap_pool_connect', 'begin', 'clear_compiled_cache', 'connect', 'dialect', 'dispatch', 'dispose', 'driver', 'echo', 'engine', 'execute', 'execution_options', 'get_execution_options', 'has_table', 'hide_parameters', 'logger', 'logging_name', 'name', 'pool', 'raw_connection', 'run_callable', 'scalar', 'table_names', 'transaction', 'update_execution_options', 'url']","chan":"stdout","logger":"task"}
{"timestamp":"2025-12-05T05:08:29.045648Z","level":"info","event":"IS SQLALCHEMY ENGINE: True","chan":"stdout","logger":"task"}
{"timestamp":"2025-12-05T05:08:29.045757Z","level":"info","event":"Database connection successful","chan":"stdout","logger":"task"}
{"timestamp":"2025-12-05T05:08:29.045829Z","level":"info","event":"Loading chart_weeks (1 rows)...","chan":"stdout","logger":"task"}
{"timestamp":"2025-12-05T05:08:29.092898Z","level":"info","event":"  Exported CSV to data_exports/chart_weeks.csv","chan":"stdout","logger":"task"}
{"timestamp":"2025-12-05T05:08:29.093033Z","level":"info","event":"Loading songs (97 rows)...","chan":"stdout","logger":"task"}
{"timestamp":"2025-12-05T05:08:29.111878Z","level":"info","event":"  Exported CSV to data_exports/songs.csv","chan":"stdout","logger":"task"}
{"timestamp":"2025-12-05T05:08:29.112544Z","level":"info","event":"Loading artists (104 rows)...","chan":"stdout","logger":"task"}
{"timestamp":"2025-12-05T05:08:29.119096Z","level":"info","event":"  Exported CSV to data_exports/artists.csv","chan":"stdout","logger":"task"}
{"timestamp":"2025-12-05T05:08:29.119630Z","level":"info","event":"Loading song_artists (135 rows)...","chan":"stdout","logger":"task"}
{"timestamp":"2025-12-05T05:08:29.126348Z","level":"info","event":"  Exported CSV to data_exports/song_artists.csv","chan":"stdout","logger":"task"}
{"timestamp":"2025-12-05T05:08:29.127059Z","level":"info","event":"Loading chart_entries (100 rows)...","chan":"stdout","logger":"task"}
{"timestamp":"2025-12-05T05:08:29.137237Z","level":"info","event":"  Exported CSV to data_exports/chart_entries.csv","chan":"stdout","logger":"task"}
{"timestamp":"2025-12-05T05:08:29.140226","level":"info","event":"Done. Returned value was: None","logger":"airflow.task.operators.airflow.providers.standard.operators.python.PythonOperator"}
{"timestamp":"2025-12-05T05:08:29.195241Z","level":"info","event":"Task instance in success state","chan":"stdout","logger":"task"}
{"timestamp":"2025-12-05T05:08:29.195694Z","level":"info","event":" Previous state of the Task instance: TaskInstanceState.RUNNING","chan":"stdout","logger":"task"}
{"timestamp":"2025-12-05T05:08:29.196300Z","level":"info","event":"Task operator:<Task(PythonOperator): load_music_data>","chan":"stdout","logger":"task"}
