{"timestamp":"2025-12-04T23:23:43.788633","level":"info","event":"DAG bundles loaded: dags-folder, example_dags","logger":"airflow.dag_processing.bundles.manager.DagBundlesManager"}
{"timestamp":"2025-12-04T23:23:43.789376","level":"info","event":"Filling up the DagBag from /opt/airflow/dags/music_load_dag.py","logger":"airflow.models.dagbag.DagBag"}
{"timestamp":"2025-12-04T23:23:44.208886Z","level":"info","event":"postgresql+psycopg2://airflow:airflow@postgres/airflow","chan":"stdout","logger":"task"}
{"timestamp":"2025-12-04T23:23:44.270705Z","level":"info","event":"Task instance is in running state","chan":"stdout","logger":"task"}
{"timestamp":"2025-12-04T23:23:44.270902Z","level":"info","event":" Previous state of the Task instance: TaskInstanceState.QUEUED","chan":"stdout","logger":"task"}
{"timestamp":"2025-12-04T23:23:44.270999Z","level":"info","event":"Current task name:load_music_data","chan":"stdout","logger":"task"}
{"timestamp":"2025-12-04T23:23:44.271073Z","level":"info","event":"Dag name:weekly_music_pipeline","chan":"stdout","logger":"task"}
{"timestamp":"2025-12-04T23:23:58.487717Z","level":"info","event":"  Searching Spotify for 100 songs...","chan":"stdout","logger":"task"}
{"timestamp":"2025-12-04T23:23:58.494174Z","level":"info","event":"  Processing song 1/100: Rude Boy by Rihanna","chan":"stdout","logger":"task"}
{"timestamp":"2025-12-04T23:23:59.189698Z","level":"info","event":"1","chan":"stdout","logger":"task"}
{"timestamp":"2025-12-04T23:23:59.801216Z","level":"info","event":"2","chan":"stdout","logger":"task"}
{"timestamp":"2025-12-04T23:24:00.476285Z","level":"info","event":"3","chan":"stdout","logger":"task"}
{"timestamp":"2025-12-04T23:24:01.182555Z","level":"info","event":"4","chan":"stdout","logger":"task"}
{"timestamp":"2025-12-04T23:24:01.987485Z","level":"info","event":"5","chan":"stdout","logger":"task"}
{"timestamp":"2025-12-04T23:24:02.664234Z","level":"info","event":"6","chan":"stdout","logger":"task"}
{"timestamp":"2025-12-04T23:24:03.840735Z","level":"info","event":"7","chan":"stdout","logger":"task"}
{"timestamp":"2025-12-04T23:24:04.642580Z","level":"info","event":"8","chan":"stdout","logger":"task"}
{"timestamp":"2025-12-04T23:24:05.564265Z","level":"info","event":"9","chan":"stdout","logger":"task"}
{"timestamp":"2025-12-04T23:24:05.565115Z","level":"info","event":"  Processing song 10/100: BedRock by Young Money Featuring Lloyd","chan":"stdout","logger":"task"}
{"timestamp":"2025-12-04T23:24:06.246945Z","level":"info","event":"10","chan":"stdout","logger":"task"}
{"timestamp":"2025-12-04T23:24:06.882008Z","level":"info","event":"11","chan":"stdout","logger":"task"}
{"timestamp":"2025-12-04T23:24:07.582442Z","level":"info","event":"12","chan":"stdout","logger":"task"}
{"timestamp":"2025-12-04T23:24:08.236384Z","level":"info","event":"13","chan":"stdout","logger":"task"}
{"timestamp":"2025-12-04T23:24:08.928835Z","level":"info","event":"14","chan":"stdout","logger":"task"}
{"timestamp":"2025-12-04T23:24:09.629309Z","level":"info","event":"15","chan":"stdout","logger":"task"}
{"timestamp":"2025-12-04T23:24:10.377205Z","level":"info","event":"16","chan":"stdout","logger":"task"}
{"timestamp":"2025-12-04T23:24:11.160458Z","level":"info","event":"17","chan":"stdout","logger":"task"}
{"timestamp":"2025-12-04T23:24:11.996710Z","level":"info","event":"18","chan":"stdout","logger":"task"}
{"timestamp":"2025-12-04T23:24:12.705119Z","level":"info","event":"19","chan":"stdout","logger":"task"}
{"timestamp":"2025-12-04T23:24:12.705365Z","level":"info","event":"  Processing song 20/100: How Low by Ludacris","chan":"stdout","logger":"task"}
{"timestamp":"2025-12-04T23:24:13.457910Z","level":"info","event":"20","chan":"stdout","logger":"task"}
{"timestamp":"2025-12-04T23:24:14.115674Z","level":"info","event":"21","chan":"stdout","logger":"task"}
{"timestamp":"2025-12-04T23:24:14.764622Z","level":"info","event":"22","chan":"stdout","logger":"task"}
{"timestamp":"2025-12-04T23:24:15.414566Z","level":"info","event":"23","chan":"stdout","logger":"task"}
{"timestamp":"2025-12-04T23:24:16.131114Z","level":"info","event":"24","chan":"stdout","logger":"task"}
{"timestamp":"2025-12-04T23:24:16.967101Z","level":"info","event":"25","chan":"stdout","logger":"task"}
{"timestamp":"2025-12-04T23:24:17.663541Z","level":"info","event":"26","chan":"stdout","logger":"task"}
{"timestamp":"2025-12-04T23:24:18.446126Z","level":"info","event":"27","chan":"stdout","logger":"task"}
{"timestamp":"2025-12-04T23:24:19.116223Z","level":"info","event":"28","chan":"stdout","logger":"task"}
{"timestamp":"2025-12-04T23:24:19.709175Z","level":"info","event":"29","chan":"stdout","logger":"task"}
{"timestamp":"2025-12-04T23:24:19.711079Z","level":"info","event":"  Processing song 30/100: Haven't Met You Yet by Michael Buble","chan":"stdout","logger":"task"}
{"timestamp":"2025-12-04T23:24:20.326769Z","level":"info","event":"30","chan":"stdout","logger":"task"}
{"timestamp":"2025-12-04T23:24:21.024523Z","level":"info","event":"31","chan":"stdout","logger":"task"}
{"timestamp":"2025-12-04T23:24:21.624614Z","level":"info","event":"32","chan":"stdout","logger":"task"}
{"timestamp":"2025-12-04T23:24:22.276317Z","level":"info","event":"33","chan":"stdout","logger":"task"}
{"timestamp":"2025-12-04T23:24:22.927056Z","level":"info","event":"34","chan":"stdout","logger":"task"}
{"timestamp":"2025-12-04T23:24:23.529634Z","level":"info","event":"35","chan":"stdout","logger":"task"}
{"timestamp":"2025-12-04T23:24:24.268205Z","level":"info","event":"36","chan":"stdout","logger":"task"}
{"timestamp":"2025-12-04T23:24:25.041799Z","level":"info","event":"37","chan":"stdout","logger":"task"}
{"timestamp":"2025-12-04T23:24:25.669960Z","level":"info","event":"38","chan":"stdout","logger":"task"}
{"timestamp":"2025-12-04T23:24:26.432806Z","level":"info","event":"39","chan":"stdout","logger":"task"}
{"timestamp":"2025-12-04T23:24:26.433165Z","level":"info","event":"  Processing song 40/100: Naturally by Selena Gomez & The Scene","chan":"stdout","logger":"task"}
{"timestamp":"2025-12-04T23:24:27.091501Z","level":"info","event":"40","chan":"stdout","logger":"task"}
{"timestamp":"2025-12-04T23:24:27.711121Z","level":"info","event":"41","chan":"stdout","logger":"task"}
{"timestamp":"2025-12-04T23:24:28.517679Z","level":"info","event":"42","chan":"stdout","logger":"task"}
{"timestamp":"2025-12-04T23:24:29.296392Z","level":"info","event":"43","chan":"stdout","logger":"task"}
{"timestamp":"2025-12-04T23:24:29.900646Z","level":"info","event":"44","chan":"stdout","logger":"task"}
{"timestamp":"2025-12-04T23:24:30.543193Z","level":"info","event":"45","chan":"stdout","logger":"task"}
{"timestamp":"2025-12-04T23:24:31.280030Z","level":"info","event":"46","chan":"stdout","logger":"task"}
{"timestamp":"2025-12-04T23:24:31.931134Z","level":"info","event":"47","chan":"stdout","logger":"task"}
{"timestamp":"2025-12-04T23:24:32.497325Z","level":"info","event":"48","chan":"stdout","logger":"task"}
{"timestamp":"2025-12-04T23:24:33.125459Z","level":"info","event":"49","chan":"stdout","logger":"task"}
{"timestamp":"2025-12-04T23:24:33.126716Z","level":"info","event":"  Processing song 50/100: You Belong With Me by Taylor Swift","chan":"stdout","logger":"task"}
{"timestamp":"2025-12-04T23:24:34.144720Z","level":"info","event":"50","chan":"stdout","logger":"task"}
{"timestamp":"2025-12-04T23:24:34.835562Z","level":"info","event":"51","chan":"stdout","logger":"task"}
{"timestamp":"2025-12-04T23:24:35.496730Z","level":"info","event":"52","chan":"stdout","logger":"task"}
{"timestamp":"2025-12-04T23:24:36.488024Z","level":"info","event":"53","chan":"stdout","logger":"task"}
{"timestamp":"2025-12-04T23:24:37.195912Z","level":"info","event":"54","chan":"stdout","logger":"task"}
{"timestamp":"2025-12-04T23:24:37.898253Z","level":"info","event":"55","chan":"stdout","logger":"task"}
{"timestamp":"2025-12-04T23:24:38.497613Z","level":"info","event":"56","chan":"stdout","logger":"task"}
{"timestamp":"2025-12-04T23:24:39.213300Z","level":"info","event":"57","chan":"stdout","logger":"task"}
{"timestamp":"2025-12-04T23:24:39.895578Z","level":"info","event":"58","chan":"stdout","logger":"task"}
{"timestamp":"2025-12-04T23:24:40.601192Z","level":"info","event":"59","chan":"stdout","logger":"task"}
{"timestamp":"2025-12-04T23:24:40.601890Z","level":"info","event":"  Processing song 60/100: Hillbilly Bone by Blake Shelton Featuring Trace Adkins","chan":"stdout","logger":"task"}
{"timestamp":"2025-12-04T23:24:41.273093Z","level":"info","event":"60","chan":"stdout","logger":"task"}
{"timestamp":"2025-12-04T23:24:42.172343Z","level":"info","event":"61","chan":"stdout","logger":"task"}
{"timestamp":"2025-12-04T23:24:42.813192Z","level":"info","event":"62","chan":"stdout","logger":"task"}
{"timestamp":"2025-12-04T23:24:43.475018Z","level":"info","event":"63","chan":"stdout","logger":"task"}
{"timestamp":"2025-12-04T23:24:44.080120Z","level":"info","event":"64","chan":"stdout","logger":"task"}
{"timestamp":"2025-12-04T23:24:44.933121Z","level":"info","event":"65","chan":"stdout","logger":"task"}
{"timestamp":"2025-12-04T23:24:45.612393Z","level":"info","event":"66","chan":"stdout","logger":"task"}
{"timestamp":"2025-12-04T23:24:46.270058Z","level":"info","event":"67","chan":"stdout","logger":"task"}
{"timestamp":"2025-12-04T23:24:46.929721Z","level":"info","event":"68","chan":"stdout","logger":"task"}
{"timestamp":"2025-12-04T23:24:47.652195Z","level":"info","event":"69","chan":"stdout","logger":"task"}
{"timestamp":"2025-12-04T23:24:47.652604Z","level":"info","event":"  Processing song 70/100: O Let's Do It by Waka Flocka Flame","chan":"stdout","logger":"task"}
{"timestamp":"2025-12-04T23:24:48.328230Z","level":"info","event":"70","chan":"stdout","logger":"task"}
{"timestamp":"2025-12-04T23:24:48.966774Z","level":"info","event":"71","chan":"stdout","logger":"task"}
{"timestamp":"2025-12-04T23:24:49.806789Z","level":"info","event":"72","chan":"stdout","logger":"task"}
{"timestamp":"2025-12-04T23:24:50.427215Z","level":"info","event":"73","chan":"stdout","logger":"task"}
{"timestamp":"2025-12-04T23:24:51.164466Z","level":"info","event":"74","chan":"stdout","logger":"task"}
{"timestamp":"2025-12-04T23:24:51.949143Z","level":"info","event":"75","chan":"stdout","logger":"task"}
{"timestamp":"2025-12-04T23:24:52.658756Z","level":"info","event":"76","chan":"stdout","logger":"task"}
{"timestamp":"2025-12-04T23:24:53.280162Z","level":"info","event":"77","chan":"stdout","logger":"task"}
{"timestamp":"2025-12-04T23:24:54.006143Z","level":"info","event":"78","chan":"stdout","logger":"task"}
{"timestamp":"2025-12-04T23:24:54.742078Z","level":"info","event":"79","chan":"stdout","logger":"task"}
{"timestamp":"2025-12-04T23:24:54.742697Z","level":"info","event":"  Processing song 80/100: Roger That by Young Money","chan":"stdout","logger":"task"}
{"timestamp":"2025-12-04T23:24:55.372500Z","level":"info","event":"80","chan":"stdout","logger":"task"}
{"timestamp":"2025-12-04T23:24:56.138655Z","level":"info","event":"81","chan":"stdout","logger":"task"}
{"timestamp":"2025-12-04T23:24:56.764525Z","level":"info","event":"82","chan":"stdout","logger":"task"}
{"timestamp":"2025-12-04T23:24:57.490521Z","level":"info","event":"83","chan":"stdout","logger":"task"}
{"timestamp":"2025-12-04T23:24:58.354075Z","level":"info","event":"84","chan":"stdout","logger":"task"}
{"timestamp":"2025-12-04T23:24:58.985883Z","level":"info","event":"85","chan":"stdout","logger":"task"}
{"timestamp":"2025-12-04T23:24:59.607491Z","level":"info","event":"86","chan":"stdout","logger":"task"}
{"timestamp":"2025-12-04T23:25:00.238539Z","level":"info","event":"87","chan":"stdout","logger":"task"}
{"timestamp":"2025-12-04T23:25:00.972585Z","level":"info","event":"88","chan":"stdout","logger":"task"}
{"timestamp":"2025-12-04T23:25:01.590261Z","level":"info","event":"89","chan":"stdout","logger":"task"}
{"timestamp":"2025-12-04T23:25:01.592769Z","level":"info","event":"  Processing song 90/100: Try Sleeping With A Broken Heart by Alicia Keys","chan":"stdout","logger":"task"}
{"timestamp":"2025-12-04T23:25:02.426662Z","level":"info","event":"90","chan":"stdout","logger":"task"}
{"timestamp":"2025-12-04T23:25:03.177125Z","level":"info","event":"91","chan":"stdout","logger":"task"}
{"timestamp":"2025-12-04T23:25:03.869376Z","level":"info","event":"92","chan":"stdout","logger":"task"}
{"timestamp":"2025-12-04T23:25:04.563100Z","level":"info","event":"93","chan":"stdout","logger":"task"}
{"timestamp":"2025-12-04T23:25:05.237033Z","level":"info","event":"94","chan":"stdout","logger":"task"}
{"timestamp":"2025-12-04T23:25:05.863826Z","level":"info","event":"95","chan":"stdout","logger":"task"}
{"timestamp":"2025-12-04T23:25:06.290294Z","level":"info","event":"96","chan":"stdout","logger":"task"}
{"timestamp":"2025-12-04T23:25:07.110548Z","level":"info","event":"97","chan":"stdout","logger":"task"}
{"timestamp":"2025-12-04T23:25:07.828920Z","level":"info","event":"98","chan":"stdout","logger":"task"}
{"timestamp":"2025-12-04T23:25:08.485450Z","level":"info","event":"99","chan":"stdout","logger":"task"}
{"timestamp":"2025-12-04T23:25:08.490661Z","level":"info","event":"  Processing song 100/100: Fistful Of Tears by Maxwell","chan":"stdout","logger":"task"}
{"timestamp":"2025-12-04T23:25:09.437842Z","level":"info","event":"100","chan":"stdout","logger":"task"}
{"timestamp":"2025-12-04T23:25:09.440037Z","level":"info","event":"{'name': 'Rihanna', 'id': '5pKCCKE2ajJHZ9KAiaK11H', 'url': 'https://open.spotify.com/artist/5pKCCKE2ajJHZ9KAiaK11H'}","chan":"stdout","logger":"task"}
{"timestamp":"2025-12-04T23:25:09.440238Z","level":"info","event":"https://musicbrainz.org/ws/2/url?resource=https://open.spotify.com/artist/5pKCCKE2ajJHZ9KAiaK11H&inc=artist-rels&fmt=json","chan":"stdout","logger":"task"}
{"timestamp":"2025-12-04T23:25:09.774729Z","level":"info","event":"https://musicbrainz.org/ws/2/artist/73e5e69d-3554-40d8-8516-00cb38737a1c?inc=tags&fmt=json","chan":"stdout","logger":"task"}
{"timestamp":"2025-12-04T23:25:10.893099Z","level":"info","event":"{'name': 'B.o.B', 'id': '5ndkK3dpZLKtBklKjxNQwT', 'url': 'https://open.spotify.com/artist/5ndkK3dpZLKtBklKjxNQwT'}","chan":"stdout","logger":"task"}
{"timestamp":"2025-12-04T23:25:10.895993Z","level":"info","event":"https://musicbrainz.org/ws/2/url?resource=https://open.spotify.com/artist/5ndkK3dpZLKtBklKjxNQwT&inc=artist-rels&fmt=json","chan":"stdout","logger":"task"}
{"timestamp":"2025-12-04T23:25:11.009659Z","level":"info","event":"https://musicbrainz.org/ws/2/artist/94c338ff-1985-4429-9dc8-997b61bb5932?inc=tags&fmt=json","chan":"stdout","logger":"task"}
{"timestamp":"2025-12-04T23:25:12.122472Z","level":"info","event":"{'name': 'Bruno Mars', 'id': '0du5cEVh5yTK9QJze8zA0C', 'url': 'https://open.spotify.com/artist/0du5cEVh5yTK9QJze8zA0C'}","chan":"stdout","logger":"task"}
{"timestamp":"2025-12-04T23:25:12.123823Z","level":"info","event":"https://musicbrainz.org/ws/2/url?resource=https://open.spotify.com/artist/0du5cEVh5yTK9QJze8zA0C&inc=artist-rels&fmt=json","chan":"stdout","logger":"task"}
{"timestamp":"2025-12-04T23:25:12.242134Z","level":"info","event":"https://musicbrainz.org/ws/2/artist/afb680f2-b6eb-4cd7-a70b-a63b25c763d5?inc=tags&fmt=json","chan":"stdout","logger":"task"}
{"timestamp":"2025-12-04T23:25:13.359577Z","level":"info","event":"{'name': 'Train', 'id': '3FUY2gzHeIiaesXtOAdB7A', 'url': 'https://open.spotify.com/artist/3FUY2gzHeIiaesXtOAdB7A'}","chan":"stdout","logger":"task"}
{"timestamp":"2025-12-04T23:25:13.360761Z","level":"info","event":"https://musicbrainz.org/ws/2/url?resource=https://open.spotify.com/artist/3FUY2gzHeIiaesXtOAdB7A&inc=artist-rels&fmt=json","chan":"stdout","logger":"task"}
{"timestamp":"2025-12-04T23:25:13.505200Z","level":"info","event":"https://musicbrainz.org/ws/2/artist/bfd5aec5-62a2-4560-a316-7c46c17babda?inc=tags&fmt=json","chan":"stdout","logger":"task"}
{"timestamp":"2025-12-04T23:25:14.627188Z","level":"info","event":"{'name': 'Lady A', 'id': '32WkQRZEVKSzVAAYqukAEA', 'url': 'https://open.spotify.com/artist/32WkQRZEVKSzVAAYqukAEA'}","chan":"stdout","logger":"task"}
{"timestamp":"2025-12-04T23:25:14.627630Z","level":"info","event":"https://musicbrainz.org/ws/2/url?resource=https://open.spotify.com/artist/32WkQRZEVKSzVAAYqukAEA&inc=artist-rels&fmt=json","chan":"stdout","logger":"task"}
{"timestamp":"2025-12-04T23:25:14.743549Z","level":"info","event":"https://musicbrainz.org/ws/2/artist/0eedfc95-e79a-4fd9-832a-cd816a0b3fda?inc=tags&fmt=json","chan":"stdout","logger":"task"}
{"timestamp":"2025-12-04T23:25:15.869587Z","level":"info","event":"{'name': 'Lady Gaga', 'id': '1HY2Jd0NmPuamShAr6KMms', 'url': 'https://open.spotify.com/artist/1HY2Jd0NmPuamShAr6KMms'}","chan":"stdout","logger":"task"}
{"timestamp":"2025-12-04T23:25:15.871139Z","level":"info","event":"https://musicbrainz.org/ws/2/url?resource=https://open.spotify.com/artist/1HY2Jd0NmPuamShAr6KMms&inc=artist-rels&fmt=json","chan":"stdout","logger":"task"}
{"timestamp":"2025-12-04T23:25:15.986960Z","level":"info","event":"https://musicbrainz.org/ws/2/artist/650e7db6-b795-4eb5-a702-5ea2fc46c848?inc=tags&fmt=json","chan":"stdout","logger":"task"}
{"timestamp":"2025-12-04T23:25:17.130446Z","level":"info","event":"{'name': 'Beyoncé', 'id': '6vWDO969PvNqNYHIOW5v0m', 'url': 'https://open.spotify.com/artist/6vWDO969PvNqNYHIOW5v0m'}","chan":"stdout","logger":"task"}
{"timestamp":"2025-12-04T23:25:17.131881Z","level":"info","event":"https://musicbrainz.org/ws/2/url?resource=https://open.spotify.com/artist/6vWDO969PvNqNYHIOW5v0m&inc=artist-rels&fmt=json","chan":"stdout","logger":"task"}
{"timestamp":"2025-12-04T23:25:17.251626Z","level":"info","event":"https://musicbrainz.org/ws/2/artist/859d0860-d480-4efd-970c-c05d5f1776b8?inc=tags&fmt=json","chan":"stdout","logger":"task"}
{"timestamp":"2025-12-04T23:25:18.362652Z","level":"info","event":"{'name': 'Taio Cruz', 'id': '6MF9fzBmfXghAz953czmBC', 'url': 'https://open.spotify.com/artist/6MF9fzBmfXghAz953czmBC'}","chan":"stdout","logger":"task"}
{"timestamp":"2025-12-04T23:25:18.363376Z","level":"info","event":"https://musicbrainz.org/ws/2/url?resource=https://open.spotify.com/artist/6MF9fzBmfXghAz953czmBC&inc=artist-rels&fmt=json","chan":"stdout","logger":"task"}
{"timestamp":"2025-12-04T23:25:18.483492Z","level":"info","event":"https://musicbrainz.org/ws/2/artist/ba7d2626-38ce-4859-8495-bdb5732715c4?inc=tags&fmt=json","chan":"stdout","logger":"task"}
{"timestamp":"2025-12-04T23:25:18.601027Z","level":"info","event":"Rate limit hit. Retrying in 1s...","chan":"stdout","logger":"task"}
{"timestamp":"2025-12-04T23:25:19.732092Z","level":"info","event":"Rate limit hit. Retrying in 2s...","chan":"stdout","logger":"task"}
{"timestamp":"2025-12-04T23:25:22.863543Z","level":"info","event":"{'name': 'Ludacris', 'id': '3ipn9JLAPI5GUEo4y4jcoi', 'url': 'https://open.spotify.com/artist/3ipn9JLAPI5GUEo4y4jcoi'}","chan":"stdout","logger":"task"}
{"timestamp":"2025-12-04T23:25:22.865060Z","level":"info","event":"https://musicbrainz.org/ws/2/url?resource=https://open.spotify.com/artist/3ipn9JLAPI5GUEo4y4jcoi&inc=artist-rels&fmt=json","chan":"stdout","logger":"task"}
{"timestamp":"2025-12-04T23:25:22.975091Z","level":"info","event":"https://musicbrainz.org/ws/2/artist/0638ba22-040f-438d-83a5-9b670c4adaf5?inc=tags&fmt=json","chan":"stdout","logger":"task"}
{"timestamp":"2025-12-04T23:25:24.094233Z","level":"info","event":"{'name': 'Black Eyed Peas', 'id': '1yxSLGMDHlW21z4YXirZDS', 'url': 'https://open.spotify.com/artist/1yxSLGMDHlW21z4YXirZDS'}","chan":"stdout","logger":"task"}
{"timestamp":"2025-12-04T23:25:24.095554Z","level":"info","event":"https://musicbrainz.org/ws/2/url?resource=https://open.spotify.com/artist/1yxSLGMDHlW21z4YXirZDS&inc=artist-rels&fmt=json","chan":"stdout","logger":"task"}
{"timestamp":"2025-12-04T23:25:24.214512Z","level":"info","event":"https://musicbrainz.org/ws/2/artist/d5be5333-4171-427e-8e12-732087c6b78e?inc=tags&fmt=json","chan":"stdout","logger":"task"}
{"timestamp":"2025-12-04T23:25:25.317649Z","level":"info","event":"{'name': 'Justin Bieber', 'id': '1uNFoZAHBGtllmzznpCI3s', 'url': 'https://open.spotify.com/artist/1uNFoZAHBGtllmzznpCI3s'}","chan":"stdout","logger":"task"}
{"timestamp":"2025-12-04T23:25:25.318824Z","level":"info","event":"https://musicbrainz.org/ws/2/url?resource=https://open.spotify.com/artist/1uNFoZAHBGtllmzznpCI3s&inc=artist-rels&fmt=json","chan":"stdout","logger":"task"}
{"timestamp":"2025-12-04T23:25:25.436071Z","level":"info","event":"https://musicbrainz.org/ws/2/artist/e0140a67-e4d1-4f13-8a01-364355bee46e?inc=tags&fmt=json","chan":"stdout","logger":"task"}
{"timestamp":"2025-12-04T23:25:26.573473Z","level":"info","event":"{'name': 'Jason Derulo', 'id': '07YZf4WDAMNwqr4jfgOZ8y', 'url': 'https://open.spotify.com/artist/07YZf4WDAMNwqr4jfgOZ8y'}","chan":"stdout","logger":"task"}
{"timestamp":"2025-12-04T23:25:26.590225Z","level":"info","event":"https://musicbrainz.org/ws/2/url?resource=https://open.spotify.com/artist/07YZf4WDAMNwqr4jfgOZ8y&inc=artist-rels&fmt=json","chan":"stdout","logger":"task"}
{"timestamp":"2025-12-04T23:25:26.724836Z","level":"info","event":"https://musicbrainz.org/ws/2/artist/6de0f914-3e60-4418-be3b-42e0feb6eb4d?inc=tags&fmt=json","chan":"stdout","logger":"task"}
{"timestamp":"2025-12-04T23:25:27.835247Z","level":"info","event":"{'name': 'Young Money', 'id': '5OrB6Jhhrl9y2PK0pSV4VP', 'url': 'https://open.spotify.com/artist/5OrB6Jhhrl9y2PK0pSV4VP'}","chan":"stdout","logger":"task"}
{"timestamp":"2025-12-04T23:25:27.835898Z","level":"info","event":"https://musicbrainz.org/ws/2/url?resource=https://open.spotify.com/artist/5OrB6Jhhrl9y2PK0pSV4VP&inc=artist-rels&fmt=json","chan":"stdout","logger":"task"}
{"timestamp":"2025-12-04T23:25:27.955909Z","level":"info","event":"https://musicbrainz.org/ws/2/artist/3ba45541-87be-4631-896b-d148b7f70f00?inc=tags&fmt=json","chan":"stdout","logger":"task"}
{"timestamp":"2025-12-04T23:25:29.082216Z","level":"info","event":"{'name': 'Lloyd', 'id': '1Xfmvd48oOhEWkscWyEbh9', 'url': 'https://open.spotify.com/artist/1Xfmvd48oOhEWkscWyEbh9'}","chan":"stdout","logger":"task"}
{"timestamp":"2025-12-04T23:25:29.084469Z","level":"info","event":"https://musicbrainz.org/ws/2/url?resource=https://open.spotify.com/artist/1Xfmvd48oOhEWkscWyEbh9&inc=artist-rels&fmt=json","chan":"stdout","logger":"task"}
{"timestamp":"2025-12-04T23:25:29.204194Z","level":"info","event":"https://musicbrainz.org/ws/2/artist/e9296a90-9c59-4657-9165-1f1b5319de00?inc=tags&fmt=json","chan":"stdout","logger":"task"}
{"timestamp":"2025-12-04T23:25:30.312696Z","level":"info","event":"{'name': 'Trey Songz', 'id': '2iojnBLj0qIMiKPvVhLnsH', 'url': 'https://open.spotify.com/artist/2iojnBLj0qIMiKPvVhLnsH'}","chan":"stdout","logger":"task"}
{"timestamp":"2025-12-04T23:25:30.313760Z","level":"info","event":"https://musicbrainz.org/ws/2/url?resource=https://open.spotify.com/artist/2iojnBLj0qIMiKPvVhLnsH&inc=artist-rels&fmt=json","chan":"stdout","logger":"task"}
{"timestamp":"2025-12-04T23:25:30.420443Z","level":"info","event":"https://musicbrainz.org/ws/2/artist/4d7304f6-7fe3-4959-9d98-01a5af84afe6?inc=tags&fmt=json","chan":"stdout","logger":"task"}
{"timestamp":"2025-12-04T23:25:31.572089Z","level":"info","event":"{'name': 'Fabolous', 'id': '0YWxKQj2Go9CGHCp77UOyy', 'url': 'https://open.spotify.com/artist/0YWxKQj2Go9CGHCp77UOyy'}","chan":"stdout","logger":"task"}
{"timestamp":"2025-12-04T23:25:31.572830Z","level":"info","event":"https://musicbrainz.org/ws/2/url?resource=https://open.spotify.com/artist/0YWxKQj2Go9CGHCp77UOyy&inc=artist-rels&fmt=json","chan":"stdout","logger":"task"}
{"timestamp":"2025-12-04T23:25:31.682345Z","level":"info","event":"Rate limit hit. Retrying in 1s...","chan":"stdout","logger":"task"}
{"timestamp":"2025-12-04T23:25:32.805532Z","level":"info","event":"https://musicbrainz.org/ws/2/artist/d2299099-e617-46dd-b013-ba0b4c72bc63?inc=tags&fmt=json","chan":"stdout","logger":"task"}
{"timestamp":"2025-12-04T23:25:34.739458Z","level":"info","event":"{'name': 'Kesha', 'id': '6LqNN22kT3074XbTVUrhzX', 'url': 'https://open.spotify.com/artist/6LqNN22kT3074XbTVUrhzX'}","chan":"stdout","logger":"task"}
{"timestamp":"2025-12-04T23:25:34.747500Z","level":"info","event":"https://musicbrainz.org/ws/2/url?resource=https://open.spotify.com/artist/6LqNN22kT3074XbTVUrhzX&inc=artist-rels&fmt=json","chan":"stdout","logger":"task"}
{"timestamp":"2025-12-04T23:25:34.861593Z","level":"info","event":"https://musicbrainz.org/ws/2/artist/fab34286-b8e1-4879-bce3-194e1358fbd2?inc=tags&fmt=json","chan":"stdout","logger":"task"}
{"timestamp":"2025-12-04T23:25:35.975685Z","level":"info","event":"{'name': 'Timbaland', 'id': '5Y5TRrQiqgUO4S36tzjIRZ', 'url': 'https://open.spotify.com/artist/5Y5TRrQiqgUO4S36tzjIRZ'}","chan":"stdout","logger":"task"}
{"timestamp":"2025-12-04T23:25:35.976122Z","level":"info","event":"https://musicbrainz.org/ws/2/url?resource=https://open.spotify.com/artist/5Y5TRrQiqgUO4S36tzjIRZ&inc=artist-rels&fmt=json","chan":"stdout","logger":"task"}
{"timestamp":"2025-12-04T23:25:36.095319Z","level":"info","event":"https://musicbrainz.org/ws/2/artist/daa09819-5da5-4c7a-8bef-eb372bb27ff1?inc=tags&fmt=json","chan":"stdout","logger":"task"}
{"timestamp":"2025-12-04T23:25:38.088572Z","level":"info","event":"{'name': 'Justin Timberlake', 'id': '31TPClRtHm23RisEBtV3X7', 'url': 'https://open.spotify.com/artist/31TPClRtHm23RisEBtV3X7'}","chan":"stdout","logger":"task"}
{"timestamp":"2025-12-04T23:25:38.091336Z","level":"info","event":"https://musicbrainz.org/ws/2/url?resource=https://open.spotify.com/artist/31TPClRtHm23RisEBtV3X7&inc=artist-rels&fmt=json","chan":"stdout","logger":"task"}
{"timestamp":"2025-12-04T23:25:38.201090Z","level":"info","event":"https://musicbrainz.org/ws/2/artist/596ffa74-3d08-44ef-b113-765d43d12738?inc=tags&fmt=json","chan":"stdout","logger":"task"}
{"timestamp":"2025-12-04T23:25:39.989930Z","level":"info","event":"{'name': 'USHER', 'id': '23zg3TcAtWQy7J6upgbUnj', 'url': 'https://open.spotify.com/artist/23zg3TcAtWQy7J6upgbUnj'}","chan":"stdout","logger":"task"}
{"timestamp":"2025-12-04T23:25:39.994386Z","level":"info","event":"https://musicbrainz.org/ws/2/url?resource=https://open.spotify.com/artist/23zg3TcAtWQy7J6upgbUnj&inc=artist-rels&fmt=json","chan":"stdout","logger":"task"}
{"timestamp":"2025-12-04T23:25:40.166954Z","level":"info","event":"https://musicbrainz.org/ws/2/artist/3414d446-735a-443c-931f-10634f57e5b9?inc=tags&fmt=json","chan":"stdout","logger":"task"}
{"timestamp":"2025-12-04T23:25:41.259948Z","level":"info","event":"{'name': 'will.i.am', 'id': '085pc2PYOi8bGKj0PNjekA', 'url': 'https://open.spotify.com/artist/085pc2PYOi8bGKj0PNjekA'}","chan":"stdout","logger":"task"}
{"timestamp":"2025-12-04T23:25:41.264083Z","level":"info","event":"https://musicbrainz.org/ws/2/url?resource=https://open.spotify.com/artist/085pc2PYOi8bGKj0PNjekA&inc=artist-rels&fmt=json","chan":"stdout","logger":"task"}
{"timestamp":"2025-12-04T23:25:41.430115Z","level":"info","event":"https://musicbrainz.org/ws/2/artist/d574c9bd-46f6-440a-8d6a-8412a283eeb1?inc=tags&fmt=json","chan":"stdout","logger":"task"}
{"timestamp":"2025-12-04T23:25:42.586094Z","level":"info","event":"{'name': 'The Script', 'id': '3AQRLZ9PuTAozP28Skbq8V', 'url': 'https://open.spotify.com/artist/3AQRLZ9PuTAozP28Skbq8V'}","chan":"stdout","logger":"task"}
{"timestamp":"2025-12-04T23:25:42.592296Z","level":"info","event":"https://musicbrainz.org/ws/2/url?resource=https://open.spotify.com/artist/3AQRLZ9PuTAozP28Skbq8V&inc=artist-rels&fmt=json","chan":"stdout","logger":"task"}
{"timestamp":"2025-12-04T23:25:42.710224Z","level":"info","event":"https://musicbrainz.org/ws/2/artist/4c98aa1b-34eb-4336-987f-5e50aa059c00?inc=tags&fmt=json","chan":"stdout","logger":"task"}
{"timestamp":"2025-12-04T23:25:43.820715Z","level":"info","event":"{'name': 'Miley Cyrus', 'id': '5YGY8feqx7naU7z4HrwZM6', 'url': 'https://open.spotify.com/artist/5YGY8feqx7naU7z4HrwZM6'}","chan":"stdout","logger":"task"}
{"timestamp":"2025-12-04T23:25:43.822189Z","level":"info","event":"https://musicbrainz.org/ws/2/url?resource=https://open.spotify.com/artist/5YGY8feqx7naU7z4HrwZM6&inc=artist-rels&fmt=json","chan":"stdout","logger":"task"}
{"timestamp":"2025-12-04T23:25:43.938557Z","level":"info","event":"https://musicbrainz.org/ws/2/artist/7e9bd05a-117f-4cce-87bc-e011527a8b18?inc=tags&fmt=json","chan":"stdout","logger":"task"}
{"timestamp":"2025-12-04T23:25:45.059104Z","level":"info","event":"{'name': 'Nicki Minaj', 'id': '0hCNtLu0JehylgoiP8L4Gh', 'url': 'https://open.spotify.com/artist/0hCNtLu0JehylgoiP8L4Gh'}","chan":"stdout","logger":"task"}
{"timestamp":"2025-12-04T23:25:45.061775Z","level":"info","event":"https://musicbrainz.org/ws/2/url?resource=https://open.spotify.com/artist/0hCNtLu0JehylgoiP8L4Gh&inc=artist-rels&fmt=json","chan":"stdout","logger":"task"}
{"timestamp":"2025-12-04T23:25:45.186133Z","level":"info","event":"https://musicbrainz.org/ws/2/artist/1036b808-f58c-4a3e-b461-a2c4492ecf1b?inc=tags&fmt=json","chan":"stdout","logger":"task"}
{"timestamp":"2025-12-04T23:25:46.297569Z","level":"info","event":"{'name': 'OneRepublic', 'id': '5Pwc4xIPtQLFEnJriah9YJ', 'url': 'https://open.spotify.com/artist/5Pwc4xIPtQLFEnJriah9YJ'}","chan":"stdout","logger":"task"}
{"timestamp":"2025-12-04T23:25:46.299277Z","level":"info","event":"https://musicbrainz.org/ws/2/url?resource=https://open.spotify.com/artist/5Pwc4xIPtQLFEnJriah9YJ&inc=artist-rels&fmt=json","chan":"stdout","logger":"task"}
{"timestamp":"2025-12-04T23:25:46.420339Z","level":"info","event":"https://musicbrainz.org/ws/2/artist/c33c2065-b1c3-4406-b066-d33a9e2ea71a?inc=tags&fmt=json","chan":"stdout","logger":"task"}
{"timestamp":"2025-12-04T23:25:47.541664Z","level":"info","event":"{'name': 'JAY-Z', 'id': '3nFkdlSjzX9mRTtwJOzDYB', 'url': 'https://open.spotify.com/artist/3nFkdlSjzX9mRTtwJOzDYB'}","chan":"stdout","logger":"task"}
{"timestamp":"2025-12-04T23:25:47.542633Z","level":"info","event":"https://musicbrainz.org/ws/2/url?resource=https://open.spotify.com/artist/3nFkdlSjzX9mRTtwJOzDYB&inc=artist-rels&fmt=json","chan":"stdout","logger":"task"}
{"timestamp":"2025-12-04T23:25:47.663535Z","level":"info","event":"https://musicbrainz.org/ws/2/artist/f82bcf78-5b69-4622-a5ef-73800768d9ac?inc=tags&fmt=json","chan":"stdout","logger":"task"}
{"timestamp":"2025-12-04T23:25:48.781783Z","level":"info","event":"{'name': 'Mr Hudson', 'id': '1zV9UjTUevjp5VUddqIUUn', 'url': 'https://open.spotify.com/artist/1zV9UjTUevjp5VUddqIUUn'}","chan":"stdout","logger":"task"}
{"timestamp":"2025-12-04T23:25:48.783533Z","level":"info","event":"https://musicbrainz.org/ws/2/url?resource=https://open.spotify.com/artist/1zV9UjTUevjp5VUddqIUUn&inc=artist-rels&fmt=json","chan":"stdout","logger":"task"}
{"timestamp":"2025-12-04T23:25:48.901214Z","level":"info","event":"https://musicbrainz.org/ws/2/artist/585fee48-98c7-45b4-a47c-78d629b773b8?inc=tags&fmt=json","chan":"stdout","logger":"task"}
{"timestamp":"2025-12-04T23:25:50.011596Z","level":"info","event":"{'name': '3OH!3', 'id': '0FWzNDaEu9jdgcYTbcOa4F', 'url': 'https://open.spotify.com/artist/0FWzNDaEu9jdgcYTbcOa4F'}","chan":"stdout","logger":"task"}
{"timestamp":"2025-12-04T23:25:50.011809Z","level":"info","event":"https://musicbrainz.org/ws/2/url?resource=https://open.spotify.com/artist/0FWzNDaEu9jdgcYTbcOa4F&inc=artist-rels&fmt=json","chan":"stdout","logger":"task"}
{"timestamp":"2025-12-04T23:25:50.128103Z","level":"info","event":"https://musicbrainz.org/ws/2/artist/125948ec-7f91-4d1a-8b83-accbf50fae3d?inc=tags&fmt=json","chan":"stdout","logger":"task"}
{"timestamp":"2025-12-04T23:25:51.239831Z","level":"info","event":"{'name': 'Adam Lambert', 'id': '6prmLEyn4LfHlD9NnXWlf7', 'url': 'https://open.spotify.com/artist/6prmLEyn4LfHlD9NnXWlf7'}","chan":"stdout","logger":"task"}
{"timestamp":"2025-12-04T23:25:51.240634Z","level":"info","event":"https://musicbrainz.org/ws/2/url?resource=https://open.spotify.com/artist/6prmLEyn4LfHlD9NnXWlf7&inc=artist-rels&fmt=json","chan":"stdout","logger":"task"}
{"timestamp":"2025-12-04T23:25:51.354188Z","level":"info","event":"https://musicbrainz.org/ws/2/artist/e942594a-91cc-427a-8beb-6815c28e9254?inc=tags&fmt=json","chan":"stdout","logger":"task"}
{"timestamp":"2025-12-04T23:25:52.475805Z","level":"info","event":"{'name': 'Drake', 'id': '3TVXtAsR1Inumwj472S9r4', 'url': 'https://open.spotify.com/artist/3TVXtAsR1Inumwj472S9r4'}","chan":"stdout","logger":"task"}
{"timestamp":"2025-12-04T23:25:52.480274Z","level":"info","event":"https://musicbrainz.org/ws/2/url?resource=https://open.spotify.com/artist/3TVXtAsR1Inumwj472S9r4&inc=artist-rels&fmt=json","chan":"stdout","logger":"task"}
{"timestamp":"2025-12-04T23:25:52.602370Z","level":"info","event":"Rate limit hit. Retrying in 1s...","chan":"stdout","logger":"task"}
{"timestamp":"2025-12-04T23:25:53.725590Z","level":"info","event":"https://musicbrainz.org/ws/2/artist/9fff2f8a-21e6-47de-a2b8-7f449929d43f?inc=tags&fmt=json","chan":"stdout","logger":"task"}
{"timestamp":"2025-12-04T23:25:54.834077Z","level":"info","event":"{'name': 'Kris Allen', 'id': '2zwHaEmXxX6DTv4i8ajNCM', 'url': 'https://open.spotify.com/artist/2zwHaEmXxX6DTv4i8ajNCM'}","chan":"stdout","logger":"task"}
{"timestamp":"2025-12-04T23:25:54.834946Z","level":"info","event":"https://musicbrainz.org/ws/2/url?resource=https://open.spotify.com/artist/2zwHaEmXxX6DTv4i8ajNCM&inc=artist-rels&fmt=json","chan":"stdout","logger":"task"}
{"timestamp":"2025-12-04T23:25:54.962110Z","level":"info","event":"https://musicbrainz.org/ws/2/artist/9ce29a24-b118-41a3-9297-2618f26b124d?inc=tags&fmt=json","chan":"stdout","logger":"task"}
{"timestamp":"2025-12-04T23:25:56.093133Z","level":"info","event":"{'name': 'Orianthi', 'id': '0yNy8fi1yBBq526E6mx4Zs', 'url': 'https://open.spotify.com/artist/0yNy8fi1yBBq526E6mx4Zs'}","chan":"stdout","logger":"task"}
{"timestamp":"2025-12-04T23:25:56.094015Z","level":"info","event":"https://musicbrainz.org/ws/2/url?resource=https://open.spotify.com/artist/0yNy8fi1yBBq526E6mx4Zs&inc=artist-rels&fmt=json","chan":"stdout","logger":"task"}
{"timestamp":"2025-12-04T23:25:56.216221Z","level":"info","event":"https://musicbrainz.org/ws/2/artist/15674cab-ca9c-4704-b15f-c601d2f4409b?inc=tags&fmt=json","chan":"stdout","logger":"task"}
{"timestamp":"2025-12-04T23:25:57.334706Z","level":"info","event":"{'name': 'Kevin Rudolf', 'id': '0Chxmm4XMM87mJOHvyiUzL', 'url': 'https://open.spotify.com/artist/0Chxmm4XMM87mJOHvyiUzL'}","chan":"stdout","logger":"task"}
{"timestamp":"2025-12-04T23:25:57.335542Z","level":"info","event":"https://musicbrainz.org/ws/2/url?resource=https://open.spotify.com/artist/0Chxmm4XMM87mJOHvyiUzL&inc=artist-rels&fmt=json","chan":"stdout","logger":"task"}
{"timestamp":"2025-12-04T23:25:57.476439Z","level":"info","event":"https://musicbrainz.org/ws/2/artist/2a0cce30-071b-4ba9-bf78-ae76c9eb7316?inc=tags&fmt=json","chan":"stdout","logger":"task"}
{"timestamp":"2025-12-04T23:25:58.596411Z","level":"info","event":"{'name': 'Birdman', 'id': '35sCXuy5gN6Or69rZ9vqBs', 'url': 'https://open.spotify.com/artist/35sCXuy5gN6Or69rZ9vqBs'}","chan":"stdout","logger":"task"}
{"timestamp":"2025-12-04T23:25:58.601800Z","level":"info","event":"https://musicbrainz.org/ws/2/url?resource=https://open.spotify.com/artist/35sCXuy5gN6Or69rZ9vqBs&inc=artist-rels&fmt=json","chan":"stdout","logger":"task"}
{"timestamp":"2025-12-04T23:25:58.712750Z","level":"info","event":"https://musicbrainz.org/ws/2/artist/dcf5807c-ef1f-4291-b452-6824080ecac4?inc=tags&fmt=json","chan":"stdout","logger":"task"}
{"timestamp":"2025-12-04T23:25:59.830588Z","level":"info","event":"{'name': 'Jay Sean', 'id': '4pADjHPWyrlAF0FA7joK2H', 'url': 'https://open.spotify.com/artist/4pADjHPWyrlAF0FA7joK2H'}","chan":"stdout","logger":"task"}
{"timestamp":"2025-12-04T23:25:59.832010Z","level":"info","event":"https://musicbrainz.org/ws/2/url?resource=https://open.spotify.com/artist/4pADjHPWyrlAF0FA7joK2H&inc=artist-rels&fmt=json","chan":"stdout","logger":"task"}
{"timestamp":"2025-12-04T23:25:59.946516Z","level":"info","event":"https://musicbrainz.org/ws/2/artist/e03cf5b6-d2ec-4465-adee-226b518bcfcd?inc=tags&fmt=json","chan":"stdout","logger":"task"}
{"timestamp":"2025-12-04T23:26:01.079348Z","level":"info","event":"{'name': 'Lil Wayne', 'id': '55Aa2cqylxrFIXC767Z865', 'url': 'https://open.spotify.com/artist/55Aa2cqylxrFIXC767Z865'}","chan":"stdout","logger":"task"}
{"timestamp":"2025-12-04T23:26:01.081794Z","level":"info","event":"https://musicbrainz.org/ws/2/url?resource=https://open.spotify.com/artist/55Aa2cqylxrFIXC767Z865&inc=artist-rels&fmt=json","chan":"stdout","logger":"task"}
{"timestamp":"2025-12-04T23:26:01.192771Z","level":"info","event":"https://musicbrainz.org/ws/2/artist/ac9a487a-d9d2-4f27-bb23-0f4686488345?inc=tags&fmt=json","chan":"stdout","logger":"task"}
{"timestamp":"2025-12-04T23:26:02.306998Z","level":"info","event":"{'name': 'Michael Bublé', 'id': '1GxkXlMwML1oSg5eLPiAz3', 'url': 'https://open.spotify.com/artist/1GxkXlMwML1oSg5eLPiAz3'}","chan":"stdout","logger":"task"}
{"timestamp":"2025-12-04T23:26:02.313871Z","level":"info","event":"https://musicbrainz.org/ws/2/url?resource=https://open.spotify.com/artist/1GxkXlMwML1oSg5eLPiAz3&inc=artist-rels&fmt=json","chan":"stdout","logger":"task"}
{"timestamp":"2025-12-04T23:26:02.438963Z","level":"info","event":"https://musicbrainz.org/ws/2/artist/611700cf-27f0-4dc9-ae80-c513a767853e?inc=tags&fmt=json","chan":"stdout","logger":"task"}
{"timestamp":"2025-12-04T23:26:02.546730Z","level":"info","event":"Rate limit hit. Retrying in 1s...","chan":"stdout","logger":"task"}
{"timestamp":"2025-12-04T23:26:03.675273Z","level":"info","event":"Rate limit hit. Retrying in 2s...","chan":"stdout","logger":"task"}
{"timestamp":"2025-12-04T23:26:06.800044Z","level":"info","event":"{'name': 'David Guetta', 'id': '1Cs0zKBU1kc0i8ypK3B9ai', 'url': 'https://open.spotify.com/artist/1Cs0zKBU1kc0i8ypK3B9ai'}","chan":"stdout","logger":"task"}
{"timestamp":"2025-12-04T23:26:06.802987Z","level":"info","event":"https://musicbrainz.org/ws/2/url?resource=https://open.spotify.com/artist/1Cs0zKBU1kc0i8ypK3B9ai&inc=artist-rels&fmt=json","chan":"stdout","logger":"task"}
{"timestamp":"2025-12-04T23:26:06.909623Z","level":"info","event":"https://musicbrainz.org/ws/2/artist/302bd7b9-d012-4360-897a-93b00c855680?inc=tags&fmt=json","chan":"stdout","logger":"task"}
{"timestamp":"2025-12-04T23:26:08.016197Z","level":"info","event":"{'name': 'Akon', 'id': '0z4gvV4rjIZ9wHck67ucSV', 'url': 'https://open.spotify.com/artist/0z4gvV4rjIZ9wHck67ucSV'}","chan":"stdout","logger":"task"}
{"timestamp":"2025-12-04T23:26:08.017451Z","level":"info","event":"https://musicbrainz.org/ws/2/url?resource=https://open.spotify.com/artist/0z4gvV4rjIZ9wHck67ucSV&inc=artist-rels&fmt=json","chan":"stdout","logger":"task"}
{"timestamp":"2025-12-04T23:26:08.124388Z","level":"info","event":"https://musicbrainz.org/ws/2/artist/1138a764-2212-4d0a-b02d-0dc14df91e08?inc=tags&fmt=json","chan":"stdout","logger":"task"}
{"timestamp":"2025-12-04T23:26:09.230995Z","level":"info","event":"{'name': 'Sean Kingston', 'id': '6S0dmVVn4udvppDhZIWxCr', 'url': 'https://open.spotify.com/artist/6S0dmVVn4udvppDhZIWxCr'}","chan":"stdout","logger":"task"}
{"timestamp":"2025-12-04T23:26:09.236143Z","level":"info","event":"https://musicbrainz.org/ws/2/url?resource=https://open.spotify.com/artist/6S0dmVVn4udvppDhZIWxCr&inc=artist-rels&fmt=json","chan":"stdout","logger":"task"}
{"timestamp":"2025-12-04T23:26:09.343119Z","level":"info","event":"https://musicbrainz.org/ws/2/artist/f7eb3be3-1065-4a53-94d4-e2d0c15c0b33?inc=tags&fmt=json","chan":"stdout","logger":"task"}
{"timestamp":"2025-12-04T23:26:10.463820Z","level":"info","event":"{'name': 'Diddy - Dirty Money', 'id': '2QYEvpsWUOjqaYuxDPTCmV', 'url': 'https://open.spotify.com/artist/2QYEvpsWUOjqaYuxDPTCmV'}","chan":"stdout","logger":"task"}
{"timestamp":"2025-12-04T23:26:10.464631Z","level":"info","event":"https://musicbrainz.org/ws/2/url?resource=https://open.spotify.com/artist/2QYEvpsWUOjqaYuxDPTCmV&inc=artist-rels&fmt=json","chan":"stdout","logger":"task"}
{"timestamp":"2025-12-04T23:26:10.584419Z","level":"info","event":"HTTP 404: Not Found","chan":"stdout","logger":"task"}
{"timestamp":"2025-12-04T23:26:10.585387Z","level":"info","event":"unable to get mbid for https://open.spotify.com/artist/2QYEvpsWUOjqaYuxDPTCmV","chan":"stdout","logger":"task"}
{"timestamp":"2025-12-04T23:26:11.583895Z","level":"info","event":"{'name': 'Rick Ross', 'id': '1sBkRIssrMs1AbVkOJbc7a', 'url': 'https://open.spotify.com/artist/1sBkRIssrMs1AbVkOJbc7a'}","chan":"stdout","logger":"task"}
{"timestamp":"2025-12-04T23:26:11.590649Z","level":"info","event":"https://musicbrainz.org/ws/2/url?resource=https://open.spotify.com/artist/1sBkRIssrMs1AbVkOJbc7a&inc=artist-rels&fmt=json","chan":"stdout","logger":"task"}
{"timestamp":"2025-12-04T23:26:11.753764Z","level":"info","event":"https://musicbrainz.org/ws/2/artist/13bcb2bb-db37-4397-baf5-e0f085be2d64?inc=tags&fmt=json","chan":"stdout","logger":"task"}
{"timestamp":"2025-12-04T23:26:12.935488Z","level":"info","event":"{'name': 'New Boyz', 'id': '1ZKqrja0WvbSssYNFO3lzs', 'url': 'https://open.spotify.com/artist/1ZKqrja0WvbSssYNFO3lzs'}","chan":"stdout","logger":"task"}
{"timestamp":"2025-12-04T23:26:12.939291Z","level":"info","event":"https://musicbrainz.org/ws/2/url?resource=https://open.spotify.com/artist/1ZKqrja0WvbSssYNFO3lzs&inc=artist-rels&fmt=json","chan":"stdout","logger":"task"}
{"timestamp":"2025-12-04T23:26:13.073040Z","level":"info","event":"https://musicbrainz.org/ws/2/artist/8e1d63a3-2980-4d69-ba61-1024e8a6df4b?inc=tags&fmt=json","chan":"stdout","logger":"task"}
{"timestamp":"2025-12-04T23:26:14.187001Z","level":"info","event":"{'name': 'Ray J', 'id': '6gbGGM0E8Q1hE511psqxL0', 'url': 'https://open.spotify.com/artist/6gbGGM0E8Q1hE511psqxL0'}","chan":"stdout","logger":"task"}
{"timestamp":"2025-12-04T23:26:14.191257Z","level":"info","event":"https://musicbrainz.org/ws/2/url?resource=https://open.spotify.com/artist/6gbGGM0E8Q1hE511psqxL0&inc=artist-rels&fmt=json","chan":"stdout","logger":"task"}
{"timestamp":"2025-12-04T23:26:14.300013Z","level":"info","event":"https://musicbrainz.org/ws/2/artist/9a07de5c-37e5-4907-ac77-ba9674a9bd6a?inc=tags&fmt=json","chan":"stdout","logger":"task"}
{"timestamp":"2025-12-04T23:26:15.413600Z","level":"info","event":"{'name': 'Taylor Swift', 'id': '06HL4z0CvFAxyc27GXpf02', 'url': 'https://open.spotify.com/artist/06HL4z0CvFAxyc27GXpf02'}","chan":"stdout","logger":"task"}
{"timestamp":"2025-12-04T23:26:15.413899Z","level":"info","event":"https://musicbrainz.org/ws/2/url?resource=https://open.spotify.com/artist/06HL4z0CvFAxyc27GXpf02&inc=artist-rels&fmt=json","chan":"stdout","logger":"task"}
{"timestamp":"2025-12-04T23:26:15.530639Z","level":"info","event":"https://musicbrainz.org/ws/2/artist/20244d07-534f-4eff-b4d4-930878889970?inc=tags&fmt=json","chan":"stdout","logger":"task"}
{"timestamp":"2025-12-04T23:26:15.648441Z","level":"info","event":"Rate limit hit. Retrying in 1s...","chan":"stdout","logger":"task"}
{"timestamp":"2025-12-04T23:26:17.770453Z","level":"info","event":"{'name': 'Iyaz', 'id': '5tKXB9uuebKE34yowVaU3C', 'url': 'https://open.spotify.com/artist/5tKXB9uuebKE34yowVaU3C'}","chan":"stdout","logger":"task"}
{"timestamp":"2025-12-04T23:26:17.772881Z","level":"info","event":"https://musicbrainz.org/ws/2/url?resource=https://open.spotify.com/artist/5tKXB9uuebKE34yowVaU3C&inc=artist-rels&fmt=json","chan":"stdout","logger":"task"}
{"timestamp":"2025-12-04T23:26:17.882663Z","level":"info","event":"https://musicbrainz.org/ws/2/artist/3bf30073-ce4e-4207-88d2-ad83677b0387?inc=tags&fmt=json","chan":"stdout","logger":"task"}
{"timestamp":"2025-12-04T23:26:18.995323Z","level":"info","event":"{'name': 'Selena Gomez & The Scene', 'id': '6dJeKm76NjfXBNTpHmOhfO', 'url': 'https://open.spotify.com/artist/6dJeKm76NjfXBNTpHmOhfO'}","chan":"stdout","logger":"task"}
{"timestamp":"2025-12-04T23:26:18.997884Z","level":"info","event":"https://musicbrainz.org/ws/2/url?resource=https://open.spotify.com/artist/6dJeKm76NjfXBNTpHmOhfO&inc=artist-rels&fmt=json","chan":"stdout","logger":"task"}
{"timestamp":"2025-12-04T23:26:19.123115Z","level":"info","event":"https://musicbrainz.org/ws/2/artist/37d0a847-32d3-480f-bd1e-101f50a3d332?inc=tags&fmt=json","chan":"stdout","logger":"task"}
{"timestamp":"2025-12-04T23:26:20.226476Z","level":"info","event":"{'name': 'John Mayer', 'id': '0hEurMDQu99nJRq8pTxO14', 'url': 'https://open.spotify.com/artist/0hEurMDQu99nJRq8pTxO14'}","chan":"stdout","logger":"task"}
{"timestamp":"2025-12-04T23:26:20.227021Z","level":"info","event":"https://musicbrainz.org/ws/2/url?resource=https://open.spotify.com/artist/0hEurMDQu99nJRq8pTxO14&inc=artist-rels&fmt=json","chan":"stdout","logger":"task"}
{"timestamp":"2025-12-04T23:26:20.343844Z","level":"info","event":"https://musicbrainz.org/ws/2/artist/144ef525-85e9-40c3-8335-02c32d0861f3?inc=tags&fmt=json","chan":"stdout","logger":"task"}
{"timestamp":"2025-12-04T23:26:21.461015Z","level":"info","event":"{'name': 'Zac Brown Band', 'id': '6yJCxee7QumYr820xdIsjo', 'url': 'https://open.spotify.com/artist/6yJCxee7QumYr820xdIsjo'}","chan":"stdout","logger":"task"}
{"timestamp":"2025-12-04T23:26:21.461635Z","level":"info","event":"https://musicbrainz.org/ws/2/url?resource=https://open.spotify.com/artist/6yJCxee7QumYr820xdIsjo&inc=artist-rels&fmt=json","chan":"stdout","logger":"task"}
{"timestamp":"2025-12-04T23:26:21.583684Z","level":"info","event":"https://musicbrainz.org/ws/2/artist/507226f4-0842-4f43-950e-81a7017230ec?inc=tags&fmt=json","chan":"stdout","logger":"task"}
{"timestamp":"2025-12-04T23:26:22.706782Z","level":"info","event":"{'name': 'Spose', 'id': '3tM6SwRysCaIK0kW4h0mVP', 'url': 'https://open.spotify.com/artist/3tM6SwRysCaIK0kW4h0mVP'}","chan":"stdout","logger":"task"}
{"timestamp":"2025-12-04T23:26:22.707410Z","level":"info","event":"https://musicbrainz.org/ws/2/url?resource=https://open.spotify.com/artist/3tM6SwRysCaIK0kW4h0mVP&inc=artist-rels&fmt=json","chan":"stdout","logger":"task"}
{"timestamp":"2025-12-04T23:26:22.824516Z","level":"info","event":"https://musicbrainz.org/ws/2/artist/c27fb8a7-396f-4727-8101-3e8c91df8982?inc=tags&fmt=json","chan":"stdout","logger":"task"}
{"timestamp":"2025-12-04T23:26:23.951864Z","level":"info","event":"{'name': 'Daughtry', 'id': '5P5FTygHyx2G57oszR3Wot', 'url': 'https://open.spotify.com/artist/5P5FTygHyx2G57oszR3Wot'}","chan":"stdout","logger":"task"}
{"timestamp":"2025-12-04T23:26:23.953900Z","level":"info","event":"https://musicbrainz.org/ws/2/url?resource=https://open.spotify.com/artist/5P5FTygHyx2G57oszR3Wot&inc=artist-rels&fmt=json","chan":"stdout","logger":"task"}
{"timestamp":"2025-12-04T23:26:24.064641Z","level":"info","event":"https://musicbrainz.org/ws/2/artist/21e3292e-dac8-4609-b57d-402f926aa41f?inc=tags&fmt=json","chan":"stdout","logger":"task"}
{"timestamp":"2025-12-04T23:26:25.182278Z","level":"info","event":"{'name': 'Alicia Keys', 'id': '3DiDSECUqqY1AuBP8qtaIa', 'url': 'https://open.spotify.com/artist/3DiDSECUqqY1AuBP8qtaIa'}","chan":"stdout","logger":"task"}
{"timestamp":"2025-12-04T23:26:25.184527Z","level":"info","event":"https://musicbrainz.org/ws/2/url?resource=https://open.spotify.com/artist/3DiDSECUqqY1AuBP8qtaIa&inc=artist-rels&fmt=json","chan":"stdout","logger":"task"}
{"timestamp":"2025-12-04T23:26:25.304247Z","level":"info","event":"https://musicbrainz.org/ws/2/artist/8ef1df30-ae4f-4dbd-9351-1a32b208a01e?inc=tags&fmt=json","chan":"stdout","logger":"task"}
{"timestamp":"2025-12-04T23:26:26.422618Z","level":"info","event":"{'name': 'Joe Nichols', 'id': '4aJTB79uwT4sP0Nb8QGWHc', 'url': 'https://open.spotify.com/artist/4aJTB79uwT4sP0Nb8QGWHc'}","chan":"stdout","logger":"task"}
{"timestamp":"2025-12-04T23:26:26.423313Z","level":"info","event":"https://musicbrainz.org/ws/2/url?resource=https://open.spotify.com/artist/4aJTB79uwT4sP0Nb8QGWHc&inc=artist-rels&fmt=json","chan":"stdout","logger":"task"}
{"timestamp":"2025-12-04T23:26:26.540464Z","level":"info","event":"Rate limit hit. Retrying in 1s...","chan":"stdout","logger":"task"}
{"timestamp":"2025-12-04T23:26:27.652596Z","level":"info","event":"https://musicbrainz.org/ws/2/artist/e45692e4-69f6-4493-888b-7ab89d21d0a4?inc=tags&fmt=json","chan":"stdout","logger":"task"}
{"timestamp":"2025-12-04T23:26:28.760385Z","level":"info","event":"{'name': 'Monica', 'id': '6nzxy2wXs6tLgzEtqOkEi2', 'url': 'https://open.spotify.com/artist/6nzxy2wXs6tLgzEtqOkEi2'}","chan":"stdout","logger":"task"}
{"timestamp":"2025-12-04T23:26:28.760688Z","level":"info","event":"https://musicbrainz.org/ws/2/url?resource=https://open.spotify.com/artist/6nzxy2wXs6tLgzEtqOkEi2&inc=artist-rels&fmt=json","chan":"stdout","logger":"task"}
{"timestamp":"2025-12-04T23:26:28.868630Z","level":"info","event":"https://musicbrainz.org/ws/2/artist/af84073d-3b6d-4390-9d3f-bf65a91c824f?inc=tags&fmt=json","chan":"stdout","logger":"task"}
{"timestamp":"2025-12-04T23:26:30.001448Z","level":"info","event":"{'name': 'Carrie Underwood', 'id': '4xFUf1FHVy696Q1JQZMTRj', 'url': 'https://open.spotify.com/artist/4xFUf1FHVy696Q1JQZMTRj'}","chan":"stdout","logger":"task"}
{"timestamp":"2025-12-04T23:26:30.003122Z","level":"info","event":"https://musicbrainz.org/ws/2/url?resource=https://open.spotify.com/artist/4xFUf1FHVy696Q1JQZMTRj&inc=artist-rels&fmt=json","chan":"stdout","logger":"task"}
{"timestamp":"2025-12-04T23:26:30.117345Z","level":"info","event":"https://musicbrainz.org/ws/2/artist/70f0e309-5418-49b6-a130-666e2f76eecd?inc=tags&fmt=json","chan":"stdout","logger":"task"}
{"timestamp":"2025-12-04T23:26:31.227927Z","level":"info","event":"{'name': 'Easton Corbin', 'id': '070kGpqtESdDsLb3gdMIyx', 'url': 'https://open.spotify.com/artist/070kGpqtESdDsLb3gdMIyx'}","chan":"stdout","logger":"task"}
{"timestamp":"2025-12-04T23:26:31.228457Z","level":"info","event":"https://musicbrainz.org/ws/2/url?resource=https://open.spotify.com/artist/070kGpqtESdDsLb3gdMIyx&inc=artist-rels&fmt=json","chan":"stdout","logger":"task"}
{"timestamp":"2025-12-04T23:26:31.339416Z","level":"info","event":"https://musicbrainz.org/ws/2/artist/c6ada25c-8590-4b75-8013-883a8df55882?inc=tags&fmt=json","chan":"stdout","logger":"task"}
{"timestamp":"2025-12-04T23:26:32.471454Z","level":"info","event":"{'name': 'Gucci Mane', 'id': '13y7CgLHjMVRMDqxdx0Xdo', 'url': 'https://open.spotify.com/artist/13y7CgLHjMVRMDqxdx0Xdo'}","chan":"stdout","logger":"task"}
{"timestamp":"2025-12-04T23:26:32.473119Z","level":"info","event":"https://musicbrainz.org/ws/2/url?resource=https://open.spotify.com/artist/13y7CgLHjMVRMDqxdx0Xdo&inc=artist-rels&fmt=json","chan":"stdout","logger":"task"}
{"timestamp":"2025-12-04T23:26:32.588606Z","level":"info","event":"https://musicbrainz.org/ws/2/artist/36494952-f434-45d8-a958-8b4acdbcf8a8?inc=tags&fmt=json","chan":"stdout","logger":"task"}
{"timestamp":"2025-12-04T23:26:33.695131Z","level":"info","event":"{'name': 'Lifehouse', 'id': '5PokPZn11xzZXyXSfnvIM3', 'url': 'https://open.spotify.com/artist/5PokPZn11xzZXyXSfnvIM3'}","chan":"stdout","logger":"task"}
{"timestamp":"2025-12-04T23:26:33.695392Z","level":"info","event":"https://musicbrainz.org/ws/2/url?resource=https://open.spotify.com/artist/5PokPZn11xzZXyXSfnvIM3&inc=artist-rels&fmt=json","chan":"stdout","logger":"task"}
{"timestamp":"2025-12-04T23:26:33.808776Z","level":"info","event":"https://musicbrainz.org/ws/2/artist/04591295-6d94-45cb-b6c7-1ae17c6f380e?inc=tags&fmt=json","chan":"stdout","logger":"task"}
{"timestamp":"2025-12-04T23:26:34.923111Z","level":"info","event":"{'name': 'La Roux', 'id': '3K2zB87GZv1krx031en5VA', 'url': 'https://open.spotify.com/artist/3K2zB87GZv1krx031en5VA'}","chan":"stdout","logger":"task"}
{"timestamp":"2025-12-04T23:26:34.923498Z","level":"info","event":"https://musicbrainz.org/ws/2/url?resource=https://open.spotify.com/artist/3K2zB87GZv1krx031en5VA&inc=artist-rels&fmt=json","chan":"stdout","logger":"task"}
{"timestamp":"2025-12-04T23:26:35.034193Z","level":"info","event":"https://musicbrainz.org/ws/2/artist/88d1360a-bc2d-47df-90d1-d2de285560aa?inc=tags&fmt=json","chan":"stdout","logger":"task"}
{"timestamp":"2025-12-04T23:26:36.161817Z","level":"info","event":"{'name': 'Rob Thomas', 'id': '0adiY7hJfggkVNYaTGZPIU', 'url': 'https://open.spotify.com/artist/0adiY7hJfggkVNYaTGZPIU'}","chan":"stdout","logger":"task"}
{"timestamp":"2025-12-04T23:26:36.162363Z","level":"info","event":"https://musicbrainz.org/ws/2/url?resource=https://open.spotify.com/artist/0adiY7hJfggkVNYaTGZPIU&inc=artist-rels&fmt=json","chan":"stdout","logger":"task"}
{"timestamp":"2025-12-04T23:26:36.289535Z","level":"info","event":"HTTP 404: Not Found","chan":"stdout","logger":"task"}
{"timestamp":"2025-12-04T23:26:36.290028Z","level":"info","event":"unable to get mbid for https://open.spotify.com/artist/0adiY7hJfggkVNYaTGZPIU","chan":"stdout","logger":"task"}
{"timestamp":"2025-12-04T23:26:37.291816Z","level":"info","event":"{'name': 'Blake Shelton', 'id': '1UTPBmNbXNTittyMJrNkvw', 'url': 'https://open.spotify.com/artist/1UTPBmNbXNTittyMJrNkvw'}","chan":"stdout","logger":"task"}
{"timestamp":"2025-12-04T23:26:37.292083Z","level":"info","event":"https://musicbrainz.org/ws/2/url?resource=https://open.spotify.com/artist/1UTPBmNbXNTittyMJrNkvw&inc=artist-rels&fmt=json","chan":"stdout","logger":"task"}
{"timestamp":"2025-12-04T23:26:37.406669Z","level":"info","event":"Rate limit hit. Retrying in 1s...","chan":"stdout","logger":"task"}
{"timestamp":"2025-12-04T23:26:38.544161Z","level":"info","event":"https://musicbrainz.org/ws/2/artist/2ad66473-ccb3-41d2-8756-b56680cdfe62?inc=tags&fmt=json","chan":"stdout","logger":"task"}
{"timestamp":"2025-12-04T23:26:39.656517Z","level":"info","event":"{'name': 'Trace Adkins', 'id': '79FMDwzZQxHgSkIYBl3ODU', 'url': 'https://open.spotify.com/artist/79FMDwzZQxHgSkIYBl3ODU'}","chan":"stdout","logger":"task"}
{"timestamp":"2025-12-04T23:26:39.658838Z","level":"info","event":"https://musicbrainz.org/ws/2/url?resource=https://open.spotify.com/artist/79FMDwzZQxHgSkIYBl3ODU&inc=artist-rels&fmt=json","chan":"stdout","logger":"task"}
{"timestamp":"2025-12-04T23:26:39.764350Z","level":"info","event":"https://musicbrainz.org/ws/2/artist/3dc9c919-508f-4255-b05e-0eed6a28137d?inc=tags&fmt=json","chan":"stdout","logger":"task"}
{"timestamp":"2025-12-04T23:26:40.882353Z","level":"info","event":"{'name': 'T.I.', 'id': '4OBJLual30L7gRl5UkeRcT', 'url': 'https://open.spotify.com/artist/4OBJLual30L7gRl5UkeRcT'}","chan":"stdout","logger":"task"}
{"timestamp":"2025-12-04T23:26:40.884725Z","level":"info","event":"https://musicbrainz.org/ws/2/url?resource=https://open.spotify.com/artist/4OBJLual30L7gRl5UkeRcT&inc=artist-rels&fmt=json","chan":"stdout","logger":"task"}
{"timestamp":"2025-12-04T23:26:41.004767Z","level":"info","event":"https://musicbrainz.org/ws/2/artist/f7ba7fbe-c6bd-4ac0-bee9-c25c558d7d62?inc=tags&fmt=json","chan":"stdout","logger":"task"}
{"timestamp":"2025-12-04T23:26:42.260062Z","level":"info","event":"{'name': 'Eminem', 'id': '7dGJo4pcD2V6oG8kP0tJRR', 'url': 'https://open.spotify.com/artist/7dGJo4pcD2V6oG8kP0tJRR'}","chan":"stdout","logger":"task"}
{"timestamp":"2025-12-04T23:26:42.265729Z","level":"info","event":"https://musicbrainz.org/ws/2/url?resource=https://open.spotify.com/artist/7dGJo4pcD2V6oG8kP0tJRR&inc=artist-rels&fmt=json","chan":"stdout","logger":"task"}
{"timestamp":"2025-12-04T23:26:42.387256Z","level":"info","event":"https://musicbrainz.org/ws/2/artist/b95ce3ff-3d05-4e87-9e01-c97b66af13d4?inc=tags&fmt=json","chan":"stdout","logger":"task"}
{"timestamp":"2025-12-04T23:26:43.513272Z","level":"info","event":"{'name': 'Keith Urban', 'id': '0u2FHSq3ln94y5Q57xazwf', 'url': 'https://open.spotify.com/artist/0u2FHSq3ln94y5Q57xazwf'}","chan":"stdout","logger":"task"}
{"timestamp":"2025-12-04T23:26:43.513933Z","level":"info","event":"https://musicbrainz.org/ws/2/url?resource=https://open.spotify.com/artist/0u2FHSq3ln94y5Q57xazwf&inc=artist-rels&fmt=json","chan":"stdout","logger":"task"}
{"timestamp":"2025-12-04T23:26:43.638134Z","level":"info","event":"https://musicbrainz.org/ws/2/artist/f45da029-7b00-4bf3-962c-0eeb20309cc4?inc=tags&fmt=json","chan":"stdout","logger":"task"}
{"timestamp":"2025-12-04T23:26:44.748140Z","level":"info","event":"{'name': 'Kenny Chesney', 'id': '3grHWM9bx2E9vwJCdlRv9O', 'url': 'https://open.spotify.com/artist/3grHWM9bx2E9vwJCdlRv9O'}","chan":"stdout","logger":"task"}
{"timestamp":"2025-12-04T23:26:44.748534Z","level":"info","event":"https://musicbrainz.org/ws/2/url?resource=https://open.spotify.com/artist/3grHWM9bx2E9vwJCdlRv9O&inc=artist-rels&fmt=json","chan":"stdout","logger":"task"}
{"timestamp":"2025-12-04T23:26:44.860115Z","level":"info","event":"https://musicbrainz.org/ws/2/artist/5dca4d22-d6c8-4e70-8ca1-4543e43353c7?inc=tags&fmt=json","chan":"stdout","logger":"task"}
{"timestamp":"2025-12-04T23:26:45.975245Z","level":"info","event":"{'name': 'Robin Thicke', 'id': '0ZrpamOxcZybMHGg1AYtHP', 'url': 'https://open.spotify.com/artist/0ZrpamOxcZybMHGg1AYtHP'}","chan":"stdout","logger":"task"}
{"timestamp":"2025-12-04T23:26:45.975839Z","level":"info","event":"https://musicbrainz.org/ws/2/url?resource=https://open.spotify.com/artist/0ZrpamOxcZybMHGg1AYtHP&inc=artist-rels&fmt=json","chan":"stdout","logger":"task"}
{"timestamp":"2025-12-04T23:26:46.090188Z","level":"info","event":"https://musicbrainz.org/ws/2/artist/ddfd9b2f-186e-4b2c-ad09-01aa5380c225?inc=tags&fmt=json","chan":"stdout","logger":"task"}
{"timestamp":"2025-12-04T23:26:47.209140Z","level":"info","event":"{'name': 'Chris Young', 'id': '4BYxqVkZyFjtik7crYLg5Q', 'url': 'https://open.spotify.com/artist/4BYxqVkZyFjtik7crYLg5Q'}","chan":"stdout","logger":"task"}
{"timestamp":"2025-12-04T23:26:47.209613Z","level":"info","event":"https://musicbrainz.org/ws/2/url?resource=https://open.spotify.com/artist/4BYxqVkZyFjtik7crYLg5Q&inc=artist-rels&fmt=json","chan":"stdout","logger":"task"}
{"timestamp":"2025-12-04T23:26:47.336645Z","level":"info","event":"https://musicbrainz.org/ws/2/artist/86de027e-097d-41b1-9b97-c0a69379ff4b?inc=tags&fmt=json","chan":"stdout","logger":"task"}
{"timestamp":"2025-12-04T23:26:47.465562Z","level":"info","event":"Rate limit hit. Retrying in 1s...","chan":"stdout","logger":"task"}
{"timestamp":"2025-12-04T23:26:49.615791Z","level":"info","event":"{'name': 'DJ Khaled', 'id': '0QHgL1lAIqAw0HtD7YldmP', 'url': 'https://open.spotify.com/artist/0QHgL1lAIqAw0HtD7YldmP'}","chan":"stdout","logger":"task"}
{"timestamp":"2025-12-04T23:26:49.617550Z","level":"info","event":"https://musicbrainz.org/ws/2/url?resource=https://open.spotify.com/artist/0QHgL1lAIqAw0HtD7YldmP&inc=artist-rels&fmt=json","chan":"stdout","logger":"task"}
{"timestamp":"2025-12-04T23:26:49.740199Z","level":"info","event":"https://musicbrainz.org/ws/2/artist/081a2d60-9791-4e05-a075-f1890355eeee?inc=tags&fmt=json","chan":"stdout","logger":"task"}
{"timestamp":"2025-12-04T23:26:50.868095Z","level":"info","event":"{'name': 'Roscoe Dash', 'id': '0bfX8pF8kuHNCs57Ms4jZb', 'url': 'https://open.spotify.com/artist/0bfX8pF8kuHNCs57Ms4jZb'}","chan":"stdout","logger":"task"}
{"timestamp":"2025-12-04T23:26:50.871219Z","level":"info","event":"https://musicbrainz.org/ws/2/url?resource=https://open.spotify.com/artist/0bfX8pF8kuHNCs57Ms4jZb&inc=artist-rels&fmt=json","chan":"stdout","logger":"task"}
{"timestamp":"2025-12-04T23:26:50.987871Z","level":"info","event":"https://musicbrainz.org/ws/2/artist/2d79c678-e9e6-4456-a941-8ca436747a43?inc=tags&fmt=json","chan":"stdout","logger":"task"}
{"timestamp":"2025-12-04T23:26:52.097046Z","level":"info","event":"{'name': 'Soulja Boy', 'id': '6GMYJwaziB4ekv1Y6wCDWS', 'url': 'https://open.spotify.com/artist/6GMYJwaziB4ekv1Y6wCDWS'}","chan":"stdout","logger":"task"}
{"timestamp":"2025-12-04T23:26:52.098196Z","level":"info","event":"https://musicbrainz.org/ws/2/url?resource=https://open.spotify.com/artist/6GMYJwaziB4ekv1Y6wCDWS&inc=artist-rels&fmt=json","chan":"stdout","logger":"task"}
{"timestamp":"2025-12-04T23:26:52.215885Z","level":"info","event":"https://musicbrainz.org/ws/2/artist/29eead4d-3793-4625-8727-c03edbb38b8b?inc=tags&fmt=json","chan":"stdout","logger":"task"}
{"timestamp":"2025-12-04T23:26:53.327604Z","level":"info","event":"{'name': 'Jeezy', 'id': '4yBK75WVCQXej1p04GWqxH', 'url': 'https://open.spotify.com/artist/4yBK75WVCQXej1p04GWqxH'}","chan":"stdout","logger":"task"}
{"timestamp":"2025-12-04T23:26:53.328038Z","level":"info","event":"https://musicbrainz.org/ws/2/url?resource=https://open.spotify.com/artist/4yBK75WVCQXej1p04GWqxH&inc=artist-rels&fmt=json","chan":"stdout","logger":"task"}
{"timestamp":"2025-12-04T23:26:53.438871Z","level":"info","event":"https://musicbrainz.org/ws/2/artist/dcad99e7-3c3e-4c78-bf8a-68203e17da48?inc=tags&fmt=json","chan":"stdout","logger":"task"}
{"timestamp":"2025-12-04T23:26:54.754742Z","level":"info","event":"{'name': 'Waka Flocka Flame', 'id': '6f4XkbvYlXMH0QgVRzW0sM', 'url': 'https://open.spotify.com/artist/6f4XkbvYlXMH0QgVRzW0sM'}","chan":"stdout","logger":"task"}
{"timestamp":"2025-12-04T23:26:54.755695Z","level":"info","event":"https://musicbrainz.org/ws/2/url?resource=https://open.spotify.com/artist/6f4XkbvYlXMH0QgVRzW0sM&inc=artist-rels&fmt=json","chan":"stdout","logger":"task"}
{"timestamp":"2025-12-04T23:26:54.870839Z","level":"info","event":"https://musicbrainz.org/ws/2/artist/59eda569-b380-4958-b98c-051d1667b3e1?inc=tags&fmt=json","chan":"stdout","logger":"task"}
{"timestamp":"2025-12-04T23:26:56.027008Z","level":"info","event":"{'name': 'Cap', 'id': '0uwaniEjl7wxOFSM4vaHvI', 'url': 'https://open.spotify.com/artist/0uwaniEjl7wxOFSM4vaHvI'}","chan":"stdout","logger":"task"}
{"timestamp":"2025-12-04T23:26:56.029720Z","level":"info","event":"https://musicbrainz.org/ws/2/url?resource=https://open.spotify.com/artist/0uwaniEjl7wxOFSM4vaHvI&inc=artist-rels&fmt=json","chan":"stdout","logger":"task"}
{"timestamp":"2025-12-04T23:26:56.155421Z","level":"info","event":"HTTP 404: Not Found","chan":"stdout","logger":"task"}
{"timestamp":"2025-12-04T23:26:56.156005Z","level":"info","event":"unable to get mbid for https://open.spotify.com/artist/0uwaniEjl7wxOFSM4vaHvI","chan":"stdout","logger":"task"}
{"timestamp":"2025-12-04T23:26:57.165454Z","level":"info","event":"{'name': 'Lloyd Banks', 'id': '3vDUJHQtqT3jFRZ2ECXDTi', 'url': 'https://open.spotify.com/artist/3vDUJHQtqT3jFRZ2ECXDTi'}","chan":"stdout","logger":"task"}
{"timestamp":"2025-12-04T23:26:57.166485Z","level":"info","event":"https://musicbrainz.org/ws/2/url?resource=https://open.spotify.com/artist/3vDUJHQtqT3jFRZ2ECXDTi&inc=artist-rels&fmt=json","chan":"stdout","logger":"task"}
{"timestamp":"2025-12-04T23:26:57.284832Z","level":"info","event":"https://musicbrainz.org/ws/2/artist/8a6ccf62-b8fa-46d7-87df-f2dd14e6280d?inc=tags&fmt=json","chan":"stdout","logger":"task"}
{"timestamp":"2025-12-04T23:26:58.397175Z","level":"info","event":"{'name': 'Juelz Santana', 'id': '6Uh8uJyN9g7oFjDK16nJgb', 'url': 'https://open.spotify.com/artist/6Uh8uJyN9g7oFjDK16nJgb'}","chan":"stdout","logger":"task"}
{"timestamp":"2025-12-04T23:26:58.400457Z","level":"info","event":"https://musicbrainz.org/ws/2/url?resource=https://open.spotify.com/artist/6Uh8uJyN9g7oFjDK16nJgb&inc=artist-rels&fmt=json","chan":"stdout","logger":"task"}
{"timestamp":"2025-12-04T23:26:58.528233Z","level":"info","event":"https://musicbrainz.org/ws/2/artist/bea235a0-db63-44b1-881e-264d25791f5a?inc=tags&fmt=json","chan":"stdout","logger":"task"}
{"timestamp":"2025-12-04T23:26:59.650633Z","level":"info","event":"{'name': 'Swizz Beatz', 'id': '2cADQgiLMjNhbsfeN52Bf3', 'url': 'https://open.spotify.com/artist/2cADQgiLMjNhbsfeN52Bf3'}","chan":"stdout","logger":"task"}
{"timestamp":"2025-12-04T23:26:59.653819Z","level":"info","event":"https://musicbrainz.org/ws/2/url?resource=https://open.spotify.com/artist/2cADQgiLMjNhbsfeN52Bf3&inc=artist-rels&fmt=json","chan":"stdout","logger":"task"}
{"timestamp":"2025-12-04T23:26:59.782633Z","level":"info","event":"https://musicbrainz.org/ws/2/artist/698ff525-ff51-4206-8f08-60a7458aab24?inc=tags&fmt=json","chan":"stdout","logger":"task"}
{"timestamp":"2025-12-04T23:27:00.903290Z","level":"info","event":"{'name': 'Katy Perry', 'id': '6jJ0s89eD6GaHleKKya26X', 'url': 'https://open.spotify.com/artist/6jJ0s89eD6GaHleKKya26X'}","chan":"stdout","logger":"task"}
{"timestamp":"2025-12-04T23:27:00.905763Z","level":"info","event":"https://musicbrainz.org/ws/2/url?resource=https://open.spotify.com/artist/6jJ0s89eD6GaHleKKya26X&inc=artist-rels&fmt=json","chan":"stdout","logger":"task"}
{"timestamp":"2025-12-04T23:27:01.149586Z","level":"info","event":"https://musicbrainz.org/ws/2/artist/122d63fc-8671-43e4-9752-34e846d62a9c?inc=tags&fmt=json","chan":"stdout","logger":"task"}
{"timestamp":"2025-12-04T23:27:02.302760Z","level":"info","event":"{'name': 'Rascal Flatts', 'id': '0a1gHP0HAqALbEyxaD5Ngn', 'url': 'https://open.spotify.com/artist/0a1gHP0HAqALbEyxaD5Ngn'}","chan":"stdout","logger":"task"}
{"timestamp":"2025-12-04T23:27:02.303170Z","level":"info","event":"https://musicbrainz.org/ws/2/url?resource=https://open.spotify.com/artist/0a1gHP0HAqALbEyxaD5Ngn&inc=artist-rels&fmt=json","chan":"stdout","logger":"task"}
{"timestamp":"2025-12-04T23:27:02.421384Z","level":"info","event":"https://musicbrainz.org/ws/2/artist/6e0ae159-8449-4262-bba5-18ec87fa529f?inc=tags&fmt=json","chan":"stdout","logger":"task"}
{"timestamp":"2025-12-04T23:27:03.536850Z","level":"info","event":"{'name': 'Eric Church', 'id': '2IvkS5MXK0vPGnwyJsrEyV', 'url': 'https://open.spotify.com/artist/2IvkS5MXK0vPGnwyJsrEyV'}","chan":"stdout","logger":"task"}
{"timestamp":"2025-12-04T23:27:03.540268Z","level":"info","event":"https://musicbrainz.org/ws/2/url?resource=https://open.spotify.com/artist/2IvkS5MXK0vPGnwyJsrEyV&inc=artist-rels&fmt=json","chan":"stdout","logger":"task"}
{"timestamp":"2025-12-04T23:27:03.656125Z","level":"info","event":"https://musicbrainz.org/ws/2/artist/15856215-cc51-4423-879c-9ac955ccb11a?inc=tags&fmt=json","chan":"stdout","logger":"task"}
{"timestamp":"2025-12-04T23:27:04.769673Z","level":"info","event":"{'name': 'Luke Bryan', 'id': '0BvkDsjIUla7X0k6CSWh1I', 'url': 'https://open.spotify.com/artist/0BvkDsjIUla7X0k6CSWh1I'}","chan":"stdout","logger":"task"}
{"timestamp":"2025-12-04T23:27:04.770495Z","level":"info","event":"https://musicbrainz.org/ws/2/url?resource=https://open.spotify.com/artist/0BvkDsjIUla7X0k6CSWh1I&inc=artist-rels&fmt=json","chan":"stdout","logger":"task"}
{"timestamp":"2025-12-04T23:27:04.936561Z","level":"info","event":"https://musicbrainz.org/ws/2/artist/aab35942-f176-4f77-bbf9-1d6aa98ccf3f?inc=tags&fmt=json","chan":"stdout","logger":"task"}
{"timestamp":"2025-12-04T23:27:06.209599Z","level":"info","event":"{'name': 'Mariah Carey', 'id': '4iHNK0tOyZPYnBU7nGAgpQ', 'url': 'https://open.spotify.com/artist/4iHNK0tOyZPYnBU7nGAgpQ'}","chan":"stdout","logger":"task"}
{"timestamp":"2025-12-04T23:27:06.218802Z","level":"info","event":"https://musicbrainz.org/ws/2/url?resource=https://open.spotify.com/artist/4iHNK0tOyZPYnBU7nGAgpQ&inc=artist-rels&fmt=json","chan":"stdout","logger":"task"}
{"timestamp":"2025-12-04T23:27:06.350003Z","level":"info","event":"https://musicbrainz.org/ws/2/artist/494e8d09-f85b-4543-892f-a5096aed1cd4?inc=tags&fmt=json","chan":"stdout","logger":"task"}
{"timestamp":"2025-12-04T23:27:07.468065Z","level":"info","event":"{'name': 'Mary J. Blige', 'id': '1XkoF8ryArs86LZvFOkbyr', 'url': 'https://open.spotify.com/artist/1XkoF8ryArs86LZvFOkbyr'}","chan":"stdout","logger":"task"}
{"timestamp":"2025-12-04T23:27:07.468559Z","level":"info","event":"https://musicbrainz.org/ws/2/url?resource=https://open.spotify.com/artist/1XkoF8ryArs86LZvFOkbyr&inc=artist-rels&fmt=json","chan":"stdout","logger":"task"}
{"timestamp":"2025-12-04T23:27:07.582380Z","level":"info","event":"https://musicbrainz.org/ws/2/artist/db76c5ca-d555-4f09-b1db-baa1b713d875?inc=tags&fmt=json","chan":"stdout","logger":"task"}
{"timestamp":"2025-12-04T23:27:08.719449Z","level":"info","event":"{'name': 'Justin Moore', 'id': '30e8DmahrEamvLbFRPdWmk', 'url': 'https://open.spotify.com/artist/30e8DmahrEamvLbFRPdWmk'}","chan":"stdout","logger":"task"}
{"timestamp":"2025-12-04T23:27:08.725075Z","level":"info","event":"https://musicbrainz.org/ws/2/url?resource=https://open.spotify.com/artist/30e8DmahrEamvLbFRPdWmk&inc=artist-rels&fmt=json","chan":"stdout","logger":"task"}
{"timestamp":"2025-12-04T23:27:08.847949Z","level":"info","event":"https://musicbrainz.org/ws/2/artist/ab5d785b-ff87-48b5-b9e1-027e3c21ec0d?inc=tags&fmt=json","chan":"stdout","logger":"task"}
{"timestamp":"2025-12-04T23:27:09.968457Z","level":"info","event":"{'name': 'Steel Magnolia', 'id': '7sbNNaQTulMUEWxL5aDTiT', 'url': 'https://open.spotify.com/artist/7sbNNaQTulMUEWxL5aDTiT'}","chan":"stdout","logger":"task"}
{"timestamp":"2025-12-04T23:27:09.969042Z","level":"info","event":"https://musicbrainz.org/ws/2/url?resource=https://open.spotify.com/artist/7sbNNaQTulMUEWxL5aDTiT&inc=artist-rels&fmt=json","chan":"stdout","logger":"task"}
{"timestamp":"2025-12-04T23:27:10.108725Z","level":"info","event":"HTTP 404: Not Found","chan":"stdout","logger":"task"}
{"timestamp":"2025-12-04T23:27:10.109024Z","level":"info","event":"unable to get mbid for https://open.spotify.com/artist/7sbNNaQTulMUEWxL5aDTiT","chan":"stdout","logger":"task"}
{"timestamp":"2025-12-04T23:27:11.111503Z","level":"info","event":"{'name': 'Jaron And The Long Road To Love', 'id': '1gnxlAhv4TnE1Kbvcbv8QI', 'url': 'https://open.spotify.com/artist/1gnxlAhv4TnE1Kbvcbv8QI'}","chan":"stdout","logger":"task"}
{"timestamp":"2025-12-04T23:27:11.113194Z","level":"info","event":"https://musicbrainz.org/ws/2/url?resource=https://open.spotify.com/artist/1gnxlAhv4TnE1Kbvcbv8QI&inc=artist-rels&fmt=json","chan":"stdout","logger":"task"}
{"timestamp":"2025-12-04T23:27:11.318221Z","level":"info","event":"HTTP 404: Not Found","chan":"stdout","logger":"task"}
{"timestamp":"2025-12-04T23:27:11.318937Z","level":"info","event":"unable to get mbid for https://open.spotify.com/artist/1gnxlAhv4TnE1Kbvcbv8QI","chan":"stdout","logger":"task"}
{"timestamp":"2025-12-04T23:27:12.321382Z","level":"info","event":"{'name': 'Billy Currington', 'id': '1By9QBFnjZAoI83BZppHlt', 'url': 'https://open.spotify.com/artist/1By9QBFnjZAoI83BZppHlt'}","chan":"stdout","logger":"task"}
{"timestamp":"2025-12-04T23:27:12.321927Z","level":"info","event":"https://musicbrainz.org/ws/2/url?resource=https://open.spotify.com/artist/1By9QBFnjZAoI83BZppHlt&inc=artist-rels&fmt=json","chan":"stdout","logger":"task"}
{"timestamp":"2025-12-04T23:27:12.443827Z","level":"info","event":"https://musicbrainz.org/ws/2/artist/dbf94c49-0dd9-4f72-85d5-f548beb453f6?inc=tags&fmt=json","chan":"stdout","logger":"task"}
{"timestamp":"2025-12-04T23:27:13.562278Z","level":"info","event":"{'name': 'LMFAO', 'id': '3sgFRtyBnxXD5ESfmbK4dl', 'url': 'https://open.spotify.com/artist/3sgFRtyBnxXD5ESfmbK4dl'}","chan":"stdout","logger":"task"}
{"timestamp":"2025-12-04T23:27:13.562974Z","level":"info","event":"https://musicbrainz.org/ws/2/url?resource=https://open.spotify.com/artist/3sgFRtyBnxXD5ESfmbK4dl&inc=artist-rels&fmt=json","chan":"stdout","logger":"task"}
{"timestamp":"2025-12-04T23:27:13.682491Z","level":"info","event":"https://musicbrainz.org/ws/2/artist/ed5d9086-e8cd-473a-b96c-d81ad6c98f0d?inc=tags&fmt=json","chan":"stdout","logger":"task"}
{"timestamp":"2025-12-04T23:27:14.800368Z","level":"info","event":"{'name': 'Lil Jon', 'id': '7sfl4Xt5KmfyDs2T3SVSMK', 'url': 'https://open.spotify.com/artist/7sfl4Xt5KmfyDs2T3SVSMK'}","chan":"stdout","logger":"task"}
{"timestamp":"2025-12-04T23:27:14.803320Z","level":"info","event":"https://musicbrainz.org/ws/2/url?resource=https://open.spotify.com/artist/7sfl4Xt5KmfyDs2T3SVSMK&inc=artist-rels&fmt=json","chan":"stdout","logger":"task"}
{"timestamp":"2025-12-04T23:27:14.943542Z","level":"info","event":"https://musicbrainz.org/ws/2/artist/a95384b1-6aec-468c-ae0d-8c6daf87c4c2?inc=tags&fmt=json","chan":"stdout","logger":"task"}
{"timestamp":"2025-12-04T23:27:16.063623Z","level":"info","event":"{'name': 'Yo Gotti', 'id': '6Ha4aES39QiVjR0L2lwuwq', 'url': 'https://open.spotify.com/artist/6Ha4aES39QiVjR0L2lwuwq'}","chan":"stdout","logger":"task"}
{"timestamp":"2025-12-04T23:27:16.064065Z","level":"info","event":"https://musicbrainz.org/ws/2/url?resource=https://open.spotify.com/artist/6Ha4aES39QiVjR0L2lwuwq&inc=artist-rels&fmt=json","chan":"stdout","logger":"task"}
{"timestamp":"2025-12-04T23:27:16.174993Z","level":"info","event":"https://musicbrainz.org/ws/2/artist/b02ec63e-e78d-43e5-a594-462e95036e8d?inc=tags&fmt=json","chan":"stdout","logger":"task"}
{"timestamp":"2025-12-04T23:27:17.298833Z","level":"info","event":"{'name': 'Zed Zilla', 'id': '5ygIMAnMVdeTje3JtDjUTU', 'url': 'https://open.spotify.com/artist/5ygIMAnMVdeTje3JtDjUTU'}","chan":"stdout","logger":"task"}
{"timestamp":"2025-12-04T23:27:17.299458Z","level":"info","event":"https://musicbrainz.org/ws/2/url?resource=https://open.spotify.com/artist/5ygIMAnMVdeTje3JtDjUTU&inc=artist-rels&fmt=json","chan":"stdout","logger":"task"}
{"timestamp":"2025-12-04T23:27:17.416788Z","level":"info","event":"https://musicbrainz.org/ws/2/artist/f6d59825-acf1-4cf4-bc38-c222f77cdf9d?inc=tags&fmt=json","chan":"stdout","logger":"task"}
{"timestamp":"2025-12-04T23:27:18.529572Z","level":"info","event":"{'name': 'Miranda Lambert', 'id': '66lH4jAE7pqPlOlzUKbwA0', 'url': 'https://open.spotify.com/artist/66lH4jAE7pqPlOlzUKbwA0'}","chan":"stdout","logger":"task"}
{"timestamp":"2025-12-04T23:27:18.529889Z","level":"info","event":"https://musicbrainz.org/ws/2/url?resource=https://open.spotify.com/artist/66lH4jAE7pqPlOlzUKbwA0&inc=artist-rels&fmt=json","chan":"stdout","logger":"task"}
{"timestamp":"2025-12-04T23:27:18.648670Z","level":"info","event":"https://musicbrainz.org/ws/2/artist/4eca1aa0-c79f-481b-af8a-4a2d6c41aa5c?inc=tags&fmt=json","chan":"stdout","logger":"task"}
{"timestamp":"2025-12-04T23:27:18.770311Z","level":"info","event":"Rate limit hit. Retrying in 1s...","chan":"stdout","logger":"task"}
{"timestamp":"2025-12-04T23:27:20.904209Z","level":"info","event":"{'name': 'Martina McBride', 'id': '3P33qFNGBVXl86yQYWspFj', 'url': 'https://open.spotify.com/artist/3P33qFNGBVXl86yQYWspFj'}","chan":"stdout","logger":"task"}
{"timestamp":"2025-12-04T23:27:20.905883Z","level":"info","event":"https://musicbrainz.org/ws/2/url?resource=https://open.spotify.com/artist/3P33qFNGBVXl86yQYWspFj&inc=artist-rels&fmt=json","chan":"stdout","logger":"task"}
{"timestamp":"2025-12-04T23:27:21.120477Z","level":"info","event":"https://musicbrainz.org/ws/2/artist/b0a55bd8-60c7-45c1-b78e-f20e4c8adba1?inc=tags&fmt=json","chan":"stdout","logger":"task"}
{"timestamp":"2025-12-04T23:27:22.259093Z","level":"info","event":"{'name': 'Travie McCoy', 'id': '7o9Nl7K1Al6NNAHX6jn6iG', 'url': 'https://open.spotify.com/artist/7o9Nl7K1Al6NNAHX6jn6iG'}","chan":"stdout","logger":"task"}
{"timestamp":"2025-12-04T23:27:22.259471Z","level":"info","event":"https://musicbrainz.org/ws/2/url?resource=https://open.spotify.com/artist/7o9Nl7K1Al6NNAHX6jn6iG&inc=artist-rels&fmt=json","chan":"stdout","logger":"task"}
{"timestamp":"2025-12-04T23:27:22.411234Z","level":"info","event":"https://musicbrainz.org/ws/2/artist/76bf7aec-83f0-47a9-8964-eea180b99ac2?inc=tags&fmt=json","chan":"stdout","logger":"task"}
{"timestamp":"2025-12-04T23:27:23.575124Z","level":"info","event":"{'name': 'Pearl Jam', 'id': '1w5Kfo2jwwIPruYS2UWh56', 'url': 'https://open.spotify.com/artist/1w5Kfo2jwwIPruYS2UWh56'}","chan":"stdout","logger":"task"}
{"timestamp":"2025-12-04T23:27:23.577575Z","level":"info","event":"https://musicbrainz.org/ws/2/url?resource=https://open.spotify.com/artist/1w5Kfo2jwwIPruYS2UWh56&inc=artist-rels&fmt=json","chan":"stdout","logger":"task"}
{"timestamp":"2025-12-04T23:27:23.694111Z","level":"info","event":"https://musicbrainz.org/ws/2/artist/83b9cbe7-9857-49e2-ab8e-b57b01038103?inc=tags&fmt=json","chan":"stdout","logger":"task"}
{"timestamp":"2025-12-04T23:27:24.801722Z","level":"info","event":"{'name': 'Matisyahu', 'id': '5eyMzR1hYiEZtN2c9ly2kw', 'url': 'https://open.spotify.com/artist/5eyMzR1hYiEZtN2c9ly2kw'}","chan":"stdout","logger":"task"}
{"timestamp":"2025-12-04T23:27:24.802974Z","level":"info","event":"https://musicbrainz.org/ws/2/url?resource=https://open.spotify.com/artist/5eyMzR1hYiEZtN2c9ly2kw&inc=artist-rels&fmt=json","chan":"stdout","logger":"task"}
{"timestamp":"2025-12-04T23:27:24.913204Z","level":"info","event":"https://musicbrainz.org/ws/2/artist/e8993e9d-9313-4447-ad23-791459a3790d?inc=tags&fmt=json","chan":"stdout","logger":"task"}
{"timestamp":"2025-12-04T23:27:26.030575Z","level":"info","event":"{'name': 'Erykah Badu', 'id': '7IfculRW2WXyzNQ8djX8WX', 'url': 'https://open.spotify.com/artist/7IfculRW2WXyzNQ8djX8WX'}","chan":"stdout","logger":"task"}
{"timestamp":"2025-12-04T23:27:26.030971Z","level":"info","event":"https://musicbrainz.org/ws/2/url?resource=https://open.spotify.com/artist/7IfculRW2WXyzNQ8djX8WX&inc=artist-rels&fmt=json","chan":"stdout","logger":"task"}
{"timestamp":"2025-12-04T23:27:26.181468Z","level":"info","event":"https://musicbrainz.org/ws/2/artist/321531fc-db73-4ffa-a959-61a61a2908c1?inc=tags&fmt=json","chan":"stdout","logger":"task"}
{"timestamp":"2025-12-04T23:27:27.322185Z","level":"info","event":"{'name': 'Colbie Caillat', 'id': '6aZyMrc4doVtZyKNilOmwu', 'url': 'https://open.spotify.com/artist/6aZyMrc4doVtZyKNilOmwu'}","chan":"stdout","logger":"task"}
{"timestamp":"2025-12-04T23:27:27.323484Z","level":"info","event":"https://musicbrainz.org/ws/2/url?resource=https://open.spotify.com/artist/6aZyMrc4doVtZyKNilOmwu&inc=artist-rels&fmt=json","chan":"stdout","logger":"task"}
{"timestamp":"2025-12-04T23:27:27.541947Z","level":"info","event":"https://musicbrainz.org/ws/2/artist/efc8a006-d0c6-4a9b-8cb1-91ca770fa2b9?inc=tags&fmt=json","chan":"stdout","logger":"task"}
{"timestamp":"2025-12-04T23:27:28.912606Z","level":"info","event":"{'name': 'Melanie Fiona', 'id': '4O2YL4ygn6eTBC0w1hyWUM', 'url': 'https://open.spotify.com/artist/4O2YL4ygn6eTBC0w1hyWUM'}","chan":"stdout","logger":"task"}
{"timestamp":"2025-12-04T23:27:28.913796Z","level":"info","event":"https://musicbrainz.org/ws/2/url?resource=https://open.spotify.com/artist/4O2YL4ygn6eTBC0w1hyWUM&inc=artist-rels&fmt=json","chan":"stdout","logger":"task"}
{"timestamp":"2025-12-04T23:27:29.044880Z","level":"info","event":"HTTP 404: Not Found","chan":"stdout","logger":"task"}
{"timestamp":"2025-12-04T23:27:29.045067Z","level":"info","event":"unable to get mbid for https://open.spotify.com/artist/4O2YL4ygn6eTBC0w1hyWUM","chan":"stdout","logger":"task"}
{"timestamp":"2025-12-04T23:27:30.053535Z","level":"info","event":"{'name': 'Clay Walker', 'id': '4MPkNgar5uTd8Sqvrr7par', 'url': 'https://open.spotify.com/artist/4MPkNgar5uTd8Sqvrr7par'}","chan":"stdout","logger":"task"}
{"timestamp":"2025-12-04T23:27:30.053945Z","level":"info","event":"https://musicbrainz.org/ws/2/url?resource=https://open.spotify.com/artist/4MPkNgar5uTd8Sqvrr7par&inc=artist-rels&fmt=json","chan":"stdout","logger":"task"}
{"timestamp":"2025-12-04T23:27:30.195524Z","level":"info","event":"https://musicbrainz.org/ws/2/artist/961eb4d5-df1a-4959-a6fb-039278927ac4?inc=tags&fmt=json","chan":"stdout","logger":"task"}
{"timestamp":"2025-12-04T23:27:31.372020Z","level":"info","event":"{'name': 'Maxwell', 'id': '2AOt5htsbtyaHd5Eq3kl3j', 'url': 'https://open.spotify.com/artist/2AOt5htsbtyaHd5Eq3kl3j'}","chan":"stdout","logger":"task"}
{"timestamp":"2025-12-04T23:27:31.373531Z","level":"info","event":"https://musicbrainz.org/ws/2/url?resource=https://open.spotify.com/artist/2AOt5htsbtyaHd5Eq3kl3j&inc=artist-rels&fmt=json","chan":"stdout","logger":"task"}
{"timestamp":"2025-12-04T23:27:31.483705Z","level":"info","event":"https://musicbrainz.org/ws/2/artist/d252cca8-8214-43e5-b81a-101eb4a1447e?inc=tags&fmt=json","chan":"stdout","logger":"task"}
{"timestamp":"2025-12-04T23:27:32.608798Z","level":"info","event":"Fetching audio details for 99 songs...","chan":"stdout","logger":"task"}
{"timestamp":"2025-12-04T23:27:32.610663Z","level":"info","event":"  Fetching batch 1/3 (40 songs)...","chan":"stdout","logger":"task"}
{"timestamp":"2025-12-04T23:27:33.550762Z","level":"info","event":"  Retrieved 33 song details","chan":"stdout","logger":"task"}
{"timestamp":"2025-12-04T23:27:35.553365Z","level":"info","event":"  Fetching batch 2/3 (40 songs)...","chan":"stdout","logger":"task"}
{"timestamp":"2025-12-04T23:27:36.468302Z","level":"info","event":"  Retrieved 32 song details","chan":"stdout","logger":"task"}
{"timestamp":"2025-12-04T23:27:38.469939Z","level":"info","event":"  Fetching batch 3/3 (19 songs)...","chan":"stdout","logger":"task"}
{"timestamp":"2025-12-04T23:27:39.361154Z","level":"info","event":"  Retrieved 14 song details","chan":"stdout","logger":"task"}
{"timestamp":"2025-12-04T23:27:39.364170Z","level":"info","event":"Fetching audio analysis for 79 songs...","chan":"stdout","logger":"task"}
{"timestamp":"2025-12-04T23:27:50.124061Z","level":"info","event":"  Processing audio analysis 10/79...","chan":"stdout","logger":"task"}
{"timestamp":"2025-12-04T23:28:01.215480Z","level":"info","event":"  Processing audio analysis 20/79...","chan":"stdout","logger":"task"}
{"timestamp":"2025-12-04T23:28:11.112620Z","level":"info","event":"  Processing audio analysis 30/79...","chan":"stdout","logger":"task"}
{"timestamp":"2025-12-04T23:28:20.722082Z","level":"info","event":"  Processing audio analysis 40/79...","chan":"stdout","logger":"task"}
{"timestamp":"2025-12-04T23:28:31.199960Z","level":"info","event":"  Processing audio analysis 50/79...","chan":"stdout","logger":"task"}
{"timestamp":"2025-12-04T23:28:41.943258Z","level":"info","event":"  Processing audio analysis 60/79...","chan":"stdout","logger":"task"}
{"timestamp":"2025-12-04T23:28:52.906965Z","level":"info","event":"  Processing audio analysis 70/79...","chan":"stdout","logger":"task"}
{"timestamp":"2025-12-04T23:29:02.741111Z","level":"info","event":"Completed fetching audio details for 79 songs","chan":"stdout","logger":"task"}
{"timestamp":"2025-12-04T23:29:02.771780Z","level":"info","event":"DEBUG: DATABASE_URL value: postgresql+psycopg2:****@postgres/music_warehouse","chan":"stdout","logger":"task"}
{"timestamp":"2025-12-04T23:29:02.812171Z","level":"info","event":"TYPE OF ENGINE: <class 'sqlalchemy.engine.base.Engine'>","chan":"stdout","logger":"task"}
{"timestamp":"2025-12-04T23:29:02.812468Z","level":"info","event":"ENGINE DIR: ['__class__', '__delattr__', '__dict__', '__dir__', '__doc__', '__eq__', '__format__', '__ge__', '__getattribute__', '__getstate__', '__gt__', '__hash__', '__init__', '__init_subclass__', '__le__', '__lt__', '__module__', '__ne__', '__new__', '__reduce__', '__reduce_ex__', '__repr__', '__setattr__', '__sizeof__', '__str__', '__subclasshook__', '__weakref__', '_compiled_cache', '_connection_cls', '_echo', '_execute_clauseelement', '_execute_compiled', '_execute_default', '_execution_options', '_has_events', '_is_future', '_lru_size_alert', '_option_cls', '_optional_conn_ctx_manager', '_run_ddl_visitor', '_run_visitor', '_schema_translate_map', '_should_log_debug', '_should_log_info', '_sqla_logger_namespace', '_trans_ctx', '_wrap_pool_connect', 'begin', 'clear_compiled_cache', 'connect', 'dialect', 'dispatch', 'dispose', 'driver', 'echo', 'engine', 'execute', 'execution_options', 'get_execution_options', 'has_table', 'hide_parameters', 'logger', 'logging_name', 'name', 'pool', 'raw_connection', 'run_callable', 'scalar', 'table_names', 'transaction', 'update_execution_options', 'url']","chan":"stdout","logger":"task"}
{"timestamp":"2025-12-04T23:29:02.812592Z","level":"info","event":"IS SQLALCHEMY ENGINE: True","chan":"stdout","logger":"task"}
{"timestamp":"2025-12-04T23:29:02.812708Z","level":"info","event":"Database connection successful","chan":"stdout","logger":"task"}
{"timestamp":"2025-12-04T23:29:02.812793Z","level":"info","event":"Loading chart_weeks (1 rows)...","chan":"stdout","logger":"task"}
{"timestamp":"2025-12-04T23:29:02.835919Z","level":"info","event":"  Exported CSV to data_exports/chart_weeks.csv","chan":"stdout","logger":"task"}
{"timestamp":"2025-12-04T23:29:02.837001Z","level":"info","event":"Loading songs (99 rows)...","chan":"stdout","logger":"task"}
{"timestamp":"2025-12-04T23:29:02.851006Z","level":"info","event":"  Exported CSV to data_exports/songs.csv","chan":"stdout","logger":"task"}
{"timestamp":"2025-12-04T23:29:02.851593Z","level":"info","event":"Loading artists (101 rows)...","chan":"stdout","logger":"task"}
{"timestamp":"2025-12-04T23:29:02.856514Z","level":"info","event":"  Exported CSV to data_exports/artists.csv","chan":"stdout","logger":"task"}
{"timestamp":"2025-12-04T23:29:02.856860Z","level":"info","event":"Loading song_artists (135 rows)...","chan":"stdout","logger":"task"}
{"timestamp":"2025-12-04T23:29:02.860592Z","level":"info","event":"  Exported CSV to data_exports/song_artists.csv","chan":"stdout","logger":"task"}
{"timestamp":"2025-12-04T23:29:02.861190Z","level":"info","event":"Loading chart_entries (100 rows)...","chan":"stdout","logger":"task"}
{"timestamp":"2025-12-04T23:29:02.874940Z","level":"info","event":"  Exported CSV to data_exports/chart_entries.csv","chan":"stdout","logger":"task"}
{"timestamp":"2025-12-04T23:29:02.875007","level":"info","event":"Done. Returned value was: None","logger":"airflow.task.operators.airflow.providers.standard.operators.python.PythonOperator"}
{"timestamp":"2025-12-04T23:29:02.914958Z","level":"info","event":"Task instance in success state","chan":"stdout","logger":"task"}
{"timestamp":"2025-12-04T23:29:02.919947Z","level":"info","event":" Previous state of the Task instance: TaskInstanceState.RUNNING","chan":"stdout","logger":"task"}
{"timestamp":"2025-12-04T23:29:02.921940Z","level":"info","event":"Task operator:<Task(PythonOperator): load_music_data>","chan":"stdout","logger":"task"}
