{"timestamp":"2025-12-08T21:19:27.610675","level":"info","event":"DAG bundles loaded: dags-folder, example_dags","logger":"airflow.dag_processing.bundles.manager.DagBundlesManager"}
{"timestamp":"2025-12-08T21:19:27.613395","level":"info","event":"Filling up the DagBag from /opt/airflow/dags/load_dag.py","logger":"airflow.models.dagbag.DagBag"}
{"timestamp":"2025-12-08T21:19:27.810431Z","level":"info","event":"postgresql+psycopg2://airflow:airflow@postgres/airflow","chan":"stdout","logger":"task"}
{"timestamp":"2025-12-08T21:19:28.074496Z","level":"info","event":"Task instance is in running state","chan":"stdout","logger":"task"}
{"timestamp":"2025-12-08T21:19:28.077880Z","level":"info","event":" Previous state of the Task instance: TaskInstanceState.QUEUED","chan":"stdout","logger":"task"}
{"timestamp":"2025-12-08T21:19:28.078126Z","level":"info","event":"Current task name:load_weekly_music_data","chan":"stdout","logger":"task"}
{"timestamp":"2025-12-08T21:19:28.078211Z","level":"info","event":"Dag name:weekly_billboard_pipeline","chan":"stdout","logger":"task"}
{"timestamp":"2025-12-08T21:19:28.099096Z","level":"info","event":"hello: 2000-01-14","chan":"stdout","logger":"task"}
{"timestamp":"2025-12-08T21:19:28.102296Z","level":"info","event":"getting dataframes","chan":"stdout","logger":"task"}
{"timestamp":"2025-12-08T21:21:18.273968Z","level":"info","event":"  Searching Spotify for 100 songs...","chan":"stdout","logger":"task"}
{"timestamp":"2025-12-08T21:21:18.281940Z","level":"info","event":"  Processing song 1/100: What A Girl Wants by Christina Aguilera","chan":"stdout","logger":"task"}
{"timestamp":"2025-12-08T21:21:18.282540Z","level":"info","event":"1","chan":"stdout","logger":"task"}
{"timestamp":"2025-12-08T21:21:18.923286Z","level":"info","event":"2","chan":"stdout","logger":"task"}
{"timestamp":"2025-12-08T21:21:20.207064Z","level":"info","event":"3","chan":"stdout","logger":"task"}
{"timestamp":"2025-12-08T21:21:22.052838Z","level":"info","event":"4","chan":"stdout","logger":"task"}
{"timestamp":"2025-12-08T21:21:23.551844Z","level":"info","event":"5","chan":"stdout","logger":"task"}
{"timestamp":"2025-12-08T21:21:25.601303Z","level":"info","event":"6","chan":"stdout","logger":"task"}
{"timestamp":"2025-12-08T21:21:27.138288Z","level":"info","event":"7","chan":"stdout","logger":"task"}
{"timestamp":"2025-12-08T21:21:29.199856Z","level":"info","event":"8","chan":"stdout","logger":"task"}
{"timestamp":"2025-12-08T21:21:31.341420Z","level":"info","event":"9","chan":"stdout","logger":"task"}
{"timestamp":"2025-12-08T21:21:31.386010Z","level":"info","event":"  Processing song 10/100: Bring It All To Me by Blaque","chan":"stdout","logger":"task"}
{"timestamp":"2025-12-08T21:21:35.107450Z","level":"info","event":"10","chan":"stdout","logger":"task"}
{"timestamp":"2025-12-08T21:21:38.582563Z","level":"info","event":"11","chan":"stdout","logger":"task"}
{"timestamp":"2025-12-08T21:21:42.655281Z","level":"info","event":"12","chan":"stdout","logger":"task"}
{"timestamp":"2025-12-08T21:21:47.422623Z","level":"info","event":"13","chan":"stdout","logger":"task"}
{"timestamp":"2025-12-08T21:21:51.114715Z","level":"info","event":"14","chan":"stdout","logger":"task"}
{"timestamp":"2025-12-08T21:21:54.182123Z","level":"info","event":"15","chan":"stdout","logger":"task"}
{"timestamp":"2025-12-08T21:21:56.987333Z","level":"info","event":"16","chan":"stdout","logger":"task"}
{"timestamp":"2025-12-08T21:21:59.562417Z","level":"info","event":"17","chan":"stdout","logger":"task"}
{"timestamp":"2025-12-08T21:22:02.426417Z","level":"info","event":"18","chan":"stdout","logger":"task"}
{"timestamp":"2025-12-08T21:22:04.915547Z","level":"info","event":"19","chan":"stdout","logger":"task"}
{"timestamp":"2025-12-08T21:22:04.948544Z","level":"info","event":"  Processing song 20/100: Learn To Fly by Foo Fighters","chan":"stdout","logger":"task"}
{"timestamp":"2025-12-08T21:22:07.750564Z","level":"info","event":"20","chan":"stdout","logger":"task"}
{"timestamp":"2025-12-08T21:22:12.141393Z","level":"info","event":"21","chan":"stdout","logger":"task"}
{"timestamp":"2025-12-08T21:22:15.897200Z","level":"info","event":"22","chan":"stdout","logger":"task"}
{"timestamp":"2025-12-08T21:22:17.808334Z","level":"info","event":"23","chan":"stdout","logger":"task"}
{"timestamp":"2025-12-08T21:22:20.276772Z","level":"info","event":"24","chan":"stdout","logger":"task"}
{"timestamp":"2025-12-08T21:22:22.955126Z","level":"info","event":"25","chan":"stdout","logger":"task"}
{"timestamp":"2025-12-08T21:22:25.119610Z","level":"info","event":"26","chan":"stdout","logger":"task"}
{"timestamp":"2025-12-08T21:22:28.471566Z","level":"info","event":"27","chan":"stdout","logger":"task"}
{"timestamp":"2025-12-08T21:22:31.315423Z","level":"info","event":"28","chan":"stdout","logger":"task"}
