{"timestamp":"2025-12-05T06:42:08.238146","level":"info","event":"DAG bundles loaded: dags-folder, example_dags","logger":"airflow.dag_processing.bundles.manager.DagBundlesManager"}
{"timestamp":"2025-12-05T06:42:08.240193","level":"info","event":"Filling up the DagBag from /opt/airflow/dags/music_load_dag.py","logger":"airflow.models.dagbag.DagBag"}
{"timestamp":"2025-12-05T06:42:09.142928Z","level":"info","event":"postgresql+psycopg2://airflow:airflow@postgres/airflow","chan":"stdout","logger":"task"}
{"timestamp":"2025-12-05T06:42:09.254766Z","level":"info","event":"Task instance is in running state","chan":"stdout","logger":"task"}
{"timestamp":"2025-12-05T06:42:09.255311Z","level":"info","event":" Previous state of the Task instance: TaskInstanceState.QUEUED","chan":"stdout","logger":"task"}
{"timestamp":"2025-12-05T06:42:09.257154Z","level":"info","event":"Current task name:load_music_data","chan":"stdout","logger":"task"}
{"timestamp":"2025-12-05T06:42:09.257434Z","level":"info","event":"Dag name:weekly_music_pipeline","chan":"stdout","logger":"task"}
{"timestamp":"2025-12-05T06:42:38.237601Z","level":"info","event":"  Searching Spotify for 100 songs...","chan":"stdout","logger":"task"}
{"timestamp":"2025-12-05T06:42:38.241737Z","level":"info","event":"  Processing song 1/100: Someone Like You by Adele","chan":"stdout","logger":"task"}
{"timestamp":"2025-12-05T06:42:39.130927Z","level":"info","event":"1","chan":"stdout","logger":"task"}
{"timestamp":"2025-12-05T06:42:39.793297Z","level":"info","event":"2","chan":"stdout","logger":"task"}
{"timestamp":"2025-12-05T06:42:40.318744Z","level":"info","event":"3","chan":"stdout","logger":"task"}
{"timestamp":"2025-12-05T06:42:40.960520Z","level":"info","event":"4","chan":"stdout","logger":"task"}
{"timestamp":"2025-12-05T06:42:41.968272Z","level":"info","event":"5","chan":"stdout","logger":"task"}
{"timestamp":"2025-12-05T06:42:42.645231Z","level":"info","event":"6","chan":"stdout","logger":"task"}
{"timestamp":"2025-12-05T06:42:43.756286Z","level":"info","event":"7","chan":"stdout","logger":"task"}
{"timestamp":"2025-12-05T06:42:44.491827Z","level":"info","event":"8","chan":"stdout","logger":"task"}
{"timestamp":"2025-12-05T06:42:45.271836Z","level":"info","event":"9","chan":"stdout","logger":"task"}
{"timestamp":"2025-12-05T06:42:45.272197Z","level":"info","event":"  Processing song 10/100: You Make Me Feel... by Cobra Starship Featuring Sabi","chan":"stdout","logger":"task"}
{"timestamp":"2025-12-05T06:42:45.954820Z","level":"info","event":"10","chan":"stdout","logger":"task"}
{"timestamp":"2025-12-05T06:42:46.599768Z","level":"info","event":"11","chan":"stdout","logger":"task"}
{"timestamp":"2025-12-05T06:42:47.297198Z","level":"info","event":"12","chan":"stdout","logger":"task"}
{"timestamp":"2025-12-05T06:42:47.950817Z","level":"info","event":"13","chan":"stdout","logger":"task"}
{"timestamp":"2025-12-05T06:42:48.519633Z","level":"info","event":"14","chan":"stdout","logger":"task"}
{"timestamp":"2025-12-05T06:42:49.799978Z","level":"info","event":"15","chan":"stdout","logger":"task"}
{"timestamp":"2025-12-05T06:42:50.432063Z","level":"info","event":"16","chan":"stdout","logger":"task"}
{"timestamp":"2025-12-05T06:42:51.114964Z","level":"info","event":"17","chan":"stdout","logger":"task"}
{"timestamp":"2025-12-05T06:42:51.723906Z","level":"info","event":"18","chan":"stdout","logger":"task"}
{"timestamp":"2025-12-05T06:42:52.335965Z","level":"info","event":"19","chan":"stdout","logger":"task"}
{"timestamp":"2025-12-05T06:42:52.336227Z","level":"info","event":"  Processing song 20/100: The Good Life by OneRepublic","chan":"stdout","logger":"task"}
{"timestamp":"2025-12-05T06:42:52.604250Z","level":"info","event":"20","chan":"stdout","logger":"task"}
{"timestamp":"2025-12-05T06:42:53.202869Z","level":"info","event":"21","chan":"stdout","logger":"task"}
{"timestamp":"2025-12-05T06:42:54.046391Z","level":"info","event":"22","chan":"stdout","logger":"task"}
{"timestamp":"2025-12-05T06:42:54.677447Z","level":"info","event":"23","chan":"stdout","logger":"task"}
{"timestamp":"2025-12-05T06:42:55.305459Z","level":"info","event":"24","chan":"stdout","logger":"task"}
{"timestamp":"2025-12-05T06:42:55.976953Z","level":"info","event":"25","chan":"stdout","logger":"task"}
{"timestamp":"2025-12-05T06:42:56.641203Z","level":"info","event":"26","chan":"stdout","logger":"task"}
{"timestamp":"2025-12-05T06:42:57.462818Z","level":"info","event":"27","chan":"stdout","logger":"task"}
{"timestamp":"2025-12-05T06:42:58.154081Z","level":"info","event":"28","chan":"stdout","logger":"task"}
{"timestamp":"2025-12-05T06:42:58.858228Z","level":"info","event":"29","chan":"stdout","logger":"task"}
{"timestamp":"2025-12-05T06:42:58.861728Z","level":"info","event":"  Processing song 30/100: Mr. Know It All by Kelly Clarkson","chan":"stdout","logger":"task"}
{"timestamp":"2025-12-05T06:42:59.463196Z","level":"info","event":"30","chan":"stdout","logger":"task"}
{"timestamp":"2025-12-05T06:43:00.058300Z","level":"info","event":"31","chan":"stdout","logger":"task"}
{"timestamp":"2025-12-05T06:43:00.948764Z","level":"info","event":"32","chan":"stdout","logger":"task"}
{"timestamp":"2025-12-05T06:43:01.588789Z","level":"info","event":"33","chan":"stdout","logger":"task"}
{"timestamp":"2025-12-05T06:43:02.313728Z","level":"info","event":"34","chan":"stdout","logger":"task"}
{"timestamp":"2025-12-05T06:43:02.993566Z","level":"info","event":"35","chan":"stdout","logger":"task"}
{"timestamp":"2025-12-05T06:43:03.615152Z","level":"info","event":"36","chan":"stdout","logger":"task"}
{"timestamp":"2025-12-05T06:43:04.364017Z","level":"info","event":"37","chan":"stdout","logger":"task"}
{"timestamp":"2025-12-05T06:43:04.943959Z","level":"info","event":"38","chan":"stdout","logger":"task"}
{"timestamp":"2025-12-05T06:43:05.603993Z","level":"info","event":"39","chan":"stdout","logger":"task"}
{"timestamp":"2025-12-05T06:43:05.604317Z","level":"info","event":"  Processing song 40/100: Better With The Lights Off by New Boyz Feat. Chris Brown","chan":"stdout","logger":"task"}
{"timestamp":"2025-12-05T06:43:06.212258Z","level":"info","event":"40","chan":"stdout","logger":"task"}
{"timestamp":"2025-12-05T06:43:06.831198Z","level":"info","event":"41","chan":"stdout","logger":"task"}
{"timestamp":"2025-12-05T06:43:07.590395Z","level":"info","event":"42","chan":"stdout","logger":"task"}
{"timestamp":"2025-12-05T06:43:08.254816Z","level":"info","event":"43","chan":"stdout","logger":"task"}
{"timestamp":"2025-12-05T06:43:09.078443Z","level":"info","event":"44","chan":"stdout","logger":"task"}
{"timestamp":"2025-12-05T06:43:09.803948Z","level":"info","event":"45","chan":"stdout","logger":"task"}
{"timestamp":"2025-12-05T06:43:10.672346Z","level":"info","event":"46","chan":"stdout","logger":"task"}
{"timestamp":"2025-12-05T06:43:11.403183Z","level":"info","event":"47","chan":"stdout","logger":"task"}
{"timestamp":"2025-12-05T06:43:12.018744Z","level":"info","event":"48","chan":"stdout","logger":"task"}
{"timestamp":"2025-12-05T06:43:12.680402Z","level":"info","event":"49","chan":"stdout","logger":"task"}
{"timestamp":"2025-12-05T06:43:12.681098Z","level":"info","event":"  Processing song 50/100: You And Tequila by Kenny Chesney Featuring Grace Potter","chan":"stdout","logger":"task"}
{"timestamp":"2025-12-05T06:43:13.361698Z","level":"info","event":"50","chan":"stdout","logger":"task"}
{"timestamp":"2025-12-05T06:43:14.468369Z","level":"info","event":"51","chan":"stdout","logger":"task"}
{"timestamp":"2025-12-05T06:43:15.011896Z","level":"info","event":"52","chan":"stdout","logger":"task"}
{"timestamp":"2025-12-05T06:43:15.737959Z","level":"info","event":"53","chan":"stdout","logger":"task"}
{"timestamp":"2025-12-05T06:43:16.441812Z","level":"info","event":"54","chan":"stdout","logger":"task"}
{"timestamp":"2025-12-05T06:43:17.430572Z","level":"info","event":"55","chan":"stdout","logger":"task"}
{"timestamp":"2025-12-05T06:43:18.278407Z","level":"info","event":"56","chan":"stdout","logger":"task"}
{"timestamp":"2025-12-05T06:43:18.959992Z","level":"info","event":"57","chan":"stdout","logger":"task"}
{"timestamp":"2025-12-05T06:43:19.612222Z","level":"info","event":"58","chan":"stdout","logger":"task"}
{"timestamp":"2025-12-05T06:43:20.218447Z","level":"info","event":"59","chan":"stdout","logger":"task"}
{"timestamp":"2025-12-05T06:43:20.218960Z","level":"info","event":"  Processing song 60/100: Sparks Fly by Taylor Swift","chan":"stdout","logger":"task"}
{"timestamp":"2025-12-05T06:43:20.934507Z","level":"info","event":"60","chan":"stdout","logger":"task"}
{"timestamp":"2025-12-05T06:43:21.689268Z","level":"info","event":"61","chan":"stdout","logger":"task"}
{"timestamp":"2025-12-05T06:43:22.298383Z","level":"info","event":"62","chan":"stdout","logger":"task"}
{"timestamp":"2025-12-05T06:43:22.829283Z","level":"info","event":"63","chan":"stdout","logger":"task"}
{"timestamp":"2025-12-05T06:43:23.714598Z","level":"info","event":"64","chan":"stdout","logger":"task"}
{"timestamp":"2025-12-05T06:43:24.390414Z","level":"info","event":"65","chan":"stdout","logger":"task"}
{"timestamp":"2025-12-05T06:43:25.092833Z","level":"info","event":"66","chan":"stdout","logger":"task"}
{"timestamp":"2025-12-05T06:43:25.714469Z","level":"info","event":"67","chan":"stdout","logger":"task"}
{"timestamp":"2025-12-05T06:43:26.277797Z","level":"info","event":"68","chan":"stdout","logger":"task"}
{"timestamp":"2025-12-05T06:43:26.970348Z","level":"info","event":"69","chan":"stdout","logger":"task"}
{"timestamp":"2025-12-05T06:43:26.970675Z","level":"info","event":"  Processing song 70/100: That Way by Wale Featuring Jeremih & Rick Ross","chan":"stdout","logger":"task"}
{"timestamp":"2025-12-05T06:43:27.876550Z","level":"info","event":"70","chan":"stdout","logger":"task"}
{"timestamp":"2025-12-05T06:43:28.486564Z","level":"info","event":"71","chan":"stdout","logger":"task"}
{"timestamp":"2025-12-05T06:43:29.101264Z","level":"info","event":"72","chan":"stdout","logger":"task"}
{"timestamp":"2025-12-05T06:43:29.720076Z","level":"info","event":"73","chan":"stdout","logger":"task"}
{"timestamp":"2025-12-05T06:43:30.369986Z","level":"info","event":"74","chan":"stdout","logger":"task"}
{"timestamp":"2025-12-05T06:43:30.921836Z","level":"info","event":"75","chan":"stdout","logger":"task"}
{"timestamp":"2025-12-05T06:43:31.488520Z","level":"info","event":"76","chan":"stdout","logger":"task"}
{"timestamp":"2025-12-05T06:43:32.229577Z","level":"info","event":"77","chan":"stdout","logger":"task"}
{"timestamp":"2025-12-05T06:43:33.022604Z","level":"info","event":"78","chan":"stdout","logger":"task"}
{"timestamp":"2025-12-05T06:43:33.640558Z","level":"info","event":"79","chan":"stdout","logger":"task"}
{"timestamp":"2025-12-05T06:43:33.642971Z","level":"info","event":"  Processing song 80/100: One More Drinkin' Song by Jerrod Niemann","chan":"stdout","logger":"task"}
{"timestamp":"2025-12-05T06:43:34.152506Z","level":"info","event":"80","chan":"stdout","logger":"task"}
{"timestamp":"2025-12-05T06:43:34.851869Z","level":"info","event":"81","chan":"stdout","logger":"task"}
{"timestamp":"2025-12-05T06:43:35.452124Z","level":"info","event":"82","chan":"stdout","logger":"task"}
{"timestamp":"2025-12-05T06:43:36.119502Z","level":"info","event":"83","chan":"stdout","logger":"task"}
{"timestamp":"2025-12-05T06:43:36.698982Z","level":"info","event":"84","chan":"stdout","logger":"task"}
{"timestamp":"2025-12-05T06:43:37.509493Z","level":"info","event":"85","chan":"stdout","logger":"task"}
{"timestamp":"2025-12-05T06:43:38.059505Z","level":"info","event":"86","chan":"stdout","logger":"task"}
{"timestamp":"2025-12-05T06:43:38.648368Z","level":"info","event":"87","chan":"stdout","logger":"task"}
{"timestamp":"2025-12-05T06:43:39.450439Z","level":"info","event":"88","chan":"stdout","logger":"task"}
{"timestamp":"2025-12-05T06:43:40.071996Z","level":"info","event":"89","chan":"stdout","logger":"task"}
{"timestamp":"2025-12-05T06:43:40.072587Z","level":"info","event":"  Processing song 90/100: I Don't Want This Night To End by Luke Bryan","chan":"stdout","logger":"task"}
{"timestamp":"2025-12-05T06:43:40.693799Z","level":"info","event":"90","chan":"stdout","logger":"task"}
{"timestamp":"2025-12-05T06:43:41.498521Z","level":"info","event":"91","chan":"stdout","logger":"task"}
{"timestamp":"2025-12-05T06:43:42.123761Z","level":"info","event":"92","chan":"stdout","logger":"task"}
{"timestamp":"2025-12-05T06:43:42.809157Z","level":"info","event":"93","chan":"stdout","logger":"task"}
{"timestamp":"2025-12-05T06:43:43.428988Z","level":"info","event":"94","chan":"stdout","logger":"task"}
{"timestamp":"2025-12-05T06:43:44.038893Z","level":"info","event":"95","chan":"stdout","logger":"task"}
{"timestamp":"2025-12-05T06:43:44.703459Z","level":"info","event":"96","chan":"stdout","logger":"task"}
{"timestamp":"2025-12-05T06:43:45.370779Z","level":"info","event":"97","chan":"stdout","logger":"task"}
{"timestamp":"2025-12-05T06:43:46.080464Z","level":"info","event":"98","chan":"stdout","logger":"task"}
{"timestamp":"2025-12-05T06:43:46.831854Z","level":"info","event":"99","chan":"stdout","logger":"task"}
{"timestamp":"2025-12-05T06:43:46.833934Z","level":"info","event":"  Processing song 100/100: Calling All The Monsters by China Anne McClain","chan":"stdout","logger":"task"}
{"timestamp":"2025-12-05T06:43:47.547640Z","level":"info","event":"100","chan":"stdout","logger":"task"}
{"timestamp":"2025-12-05T06:43:47.552475Z","level":"info","event":"{'name': 'Adele', 'id': '4dpARuHxo51G3z768sgnrY', 'url': 'https://open.spotify.com/artist/4dpARuHxo51G3z768sgnrY'}","chan":"stdout","logger":"task"}
{"timestamp":"2025-12-05T06:43:47.552667Z","level":"info","event":"https://musicbrainz.org/ws/2/url?resource=https://open.spotify.com/artist/4dpARuHxo51G3z768sgnrY&inc=artist-rels&fmt=json","chan":"stdout","logger":"task"}
{"timestamp":"2025-12-05T06:43:47.899654Z","level":"info","event":"https://musicbrainz.org/ws/2/artist/cc2c9c3c-b7bc-4b8b-84d8-4fbd8779e493?inc=tags&fmt=json","chan":"stdout","logger":"task"}
{"timestamp":"2025-12-05T06:43:49.009311Z","level":"info","event":"{'name': 'Maroon 5', 'id': '04gDigrS5kc9YWfZHwBETP', 'url': 'https://open.spotify.com/artist/04gDigrS5kc9YWfZHwBETP'}","chan":"stdout","logger":"task"}
{"timestamp":"2025-12-05T06:43:49.014196Z","level":"info","event":"https://musicbrainz.org/ws/2/url?resource=https://open.spotify.com/artist/04gDigrS5kc9YWfZHwBETP&inc=artist-rels&fmt=json","chan":"stdout","logger":"task"}
{"timestamp":"2025-12-05T06:43:49.130728Z","level":"info","event":"https://musicbrainz.org/ws/2/artist/0ab49580-c84f-44d4-875f-d83760ea2cfe?inc=tags&fmt=json","chan":"stdout","logger":"task"}
{"timestamp":"2025-12-05T06:43:50.244952Z","level":"info","event":"{'name': 'Christina Aguilera', 'id': '1l7ZsJRRS8wlW3WfJfPfNS', 'url': 'https://open.spotify.com/artist/1l7ZsJRRS8wlW3WfJfPfNS'}","chan":"stdout","logger":"task"}
{"timestamp":"2025-12-05T06:43:50.247228Z","level":"info","event":"https://musicbrainz.org/ws/2/url?resource=https://open.spotify.com/artist/1l7ZsJRRS8wlW3WfJfPfNS&inc=artist-rels&fmt=json","chan":"stdout","logger":"task"}
{"timestamp":"2025-12-05T06:43:50.360152Z","level":"info","event":"https://musicbrainz.org/ws/2/artist/b202beb7-99bd-47e7-8b72-195c8d72ebdd?inc=tags&fmt=json","chan":"stdout","logger":"task"}
{"timestamp":"2025-12-05T06:43:51.478871Z","level":"info","event":"{'name': 'Foster The People', 'id': '7gP3bB2nilZXLfPHJhMdvc', 'url': 'https://open.spotify.com/artist/7gP3bB2nilZXLfPHJhMdvc'}","chan":"stdout","logger":"task"}
{"timestamp":"2025-12-05T06:43:51.483404Z","level":"info","event":"https://musicbrainz.org/ws/2/url?resource=https://open.spotify.com/artist/7gP3bB2nilZXLfPHJhMdvc&inc=artist-rels&fmt=json","chan":"stdout","logger":"task"}
{"timestamp":"2025-12-05T06:43:51.596236Z","level":"info","event":"https://musicbrainz.org/ws/2/artist/e0e1a584-dd0a-4bd1-88d1-c4c62895039d?inc=tags&fmt=json","chan":"stdout","logger":"task"}
{"timestamp":"2025-12-05T06:43:52.716443Z","level":"info","event":"{'name': 'Gym Class Heroes', 'id': '4IJczjB0fJ04gs4uvP0Fli', 'url': 'https://open.spotify.com/artist/4IJczjB0fJ04gs4uvP0Fli'}","chan":"stdout","logger":"task"}
{"timestamp":"2025-12-05T06:43:52.717733Z","level":"info","event":"https://musicbrainz.org/ws/2/url?resource=https://open.spotify.com/artist/4IJczjB0fJ04gs4uvP0Fli&inc=artist-rels&fmt=json","chan":"stdout","logger":"task"}
{"timestamp":"2025-12-05T06:43:52.832489Z","level":"info","event":"https://musicbrainz.org/ws/2/artist/f4d4b515-0b74-423f-a161-db184330c37c?inc=tags&fmt=json","chan":"stdout","logger":"task"}
{"timestamp":"2025-12-05T06:43:53.953479Z","level":"info","event":"{'name': 'Adam Levine', 'id': '4bYPcJP5jwMhSivRcqie2n', 'url': 'https://open.spotify.com/artist/4bYPcJP5jwMhSivRcqie2n'}","chan":"stdout","logger":"task"}
{"timestamp":"2025-12-05T06:43:53.957258Z","level":"info","event":"https://musicbrainz.org/ws/2/url?resource=https://open.spotify.com/artist/4bYPcJP5jwMhSivRcqie2n&inc=artist-rels&fmt=json","chan":"stdout","logger":"task"}
{"timestamp":"2025-12-05T06:43:54.087032Z","level":"info","event":"https://musicbrainz.org/ws/2/artist/a1421d73-1a21-484b-97ad-77c9a5676daf?inc=tags&fmt=json","chan":"stdout","logger":"task"}
{"timestamp":"2025-12-05T06:43:55.204080Z","level":"info","event":"{'name': 'LMFAO', 'id': '3sgFRtyBnxXD5ESfmbK4dl', 'url': 'https://open.spotify.com/artist/3sgFRtyBnxXD5ESfmbK4dl'}","chan":"stdout","logger":"task"}
{"timestamp":"2025-12-05T06:43:55.206135Z","level":"info","event":"https://musicbrainz.org/ws/2/url?resource=https://open.spotify.com/artist/3sgFRtyBnxXD5ESfmbK4dl&inc=artist-rels&fmt=json","chan":"stdout","logger":"task"}
{"timestamp":"2025-12-05T06:43:55.316687Z","level":"info","event":"https://musicbrainz.org/ws/2/artist/ed5d9086-e8cd-473a-b96c-d81ad6c98f0d?inc=tags&fmt=json","chan":"stdout","logger":"task"}
{"timestamp":"2025-12-05T06:43:56.582587Z","level":"info","event":"{'name': 'Lauren Bennett', 'id': '2jLE4BoXHriQ96JagEtiDP', 'url': 'https://open.spotify.com/artist/2jLE4BoXHriQ96JagEtiDP'}","chan":"stdout","logger":"task"}
{"timestamp":"2025-12-05T06:43:56.583902Z","level":"info","event":"https://musicbrainz.org/ws/2/url?resource=https://open.spotify.com/artist/2jLE4BoXHriQ96JagEtiDP&inc=artist-rels&fmt=json","chan":"stdout","logger":"task"}
{"timestamp":"2025-12-05T06:43:56.690153Z","level":"info","event":"https://musicbrainz.org/ws/2/artist/131a8268-b0aa-4c5c-89fc-d0e618af3f45?inc=tags&fmt=json","chan":"stdout","logger":"task"}
{"timestamp":"2025-12-05T06:43:56.800389Z","level":"info","event":"Rate limit hit. Retrying in 1s...","chan":"stdout","logger":"task"}
{"timestamp":"2025-12-05T06:43:58.924344Z","level":"info","event":"{'name': 'GoonRock', 'id': '53sIBaVjXQhfH89Vu6nEGh', 'url': 'https://open.spotify.com/artist/53sIBaVjXQhfH89Vu6nEGh'}","chan":"stdout","logger":"task"}
{"timestamp":"2025-12-05T06:43:58.927410Z","level":"info","event":"https://musicbrainz.org/ws/2/url?resource=https://open.spotify.com/artist/53sIBaVjXQhfH89Vu6nEGh&inc=artist-rels&fmt=json","chan":"stdout","logger":"task"}
{"timestamp":"2025-12-05T06:43:59.049600Z","level":"info","event":"https://musicbrainz.org/ws/2/artist/727b0e62-ad3e-4e14-ae3c-f068b0a84195?inc=tags&fmt=json","chan":"stdout","logger":"task"}
{"timestamp":"2025-12-05T06:44:00.171047Z","level":"info","event":"{'name': 'B.o.B', 'id': '5ndkK3dpZLKtBklKjxNQwT', 'url': 'https://open.spotify.com/artist/5ndkK3dpZLKtBklKjxNQwT'}","chan":"stdout","logger":"task"}
{"timestamp":"2025-12-05T06:44:00.172974Z","level":"info","event":"https://musicbrainz.org/ws/2/url?resource=https://open.spotify.com/artist/5ndkK3dpZLKtBklKjxNQwT&inc=artist-rels&fmt=json","chan":"stdout","logger":"task"}
{"timestamp":"2025-12-05T06:44:00.331456Z","level":"info","event":"https://musicbrainz.org/ws/2/artist/94c338ff-1985-4429-9dc8-997b61bb5932?inc=tags&fmt=json","chan":"stdout","logger":"task"}
{"timestamp":"2025-12-05T06:44:01.520157Z","level":"info","event":"{'name': 'Lil Wayne', 'id': '55Aa2cqylxrFIXC767Z865', 'url': 'https://open.spotify.com/artist/55Aa2cqylxrFIXC767Z865'}","chan":"stdout","logger":"task"}
{"timestamp":"2025-12-05T06:44:01.520469Z","level":"info","event":"https://musicbrainz.org/ws/2/url?resource=https://open.spotify.com/artist/55Aa2cqylxrFIXC767Z865&inc=artist-rels&fmt=json","chan":"stdout","logger":"task"}
{"timestamp":"2025-12-05T06:44:01.633113Z","level":"info","event":"https://musicbrainz.org/ws/2/artist/ac9a487a-d9d2-4f27-bb23-0f4686488345?inc=tags&fmt=json","chan":"stdout","logger":"task"}
{"timestamp":"2025-12-05T06:44:02.746447Z","level":"info","event":"{'name': 'David Guetta', 'id': '1Cs0zKBU1kc0i8ypK3B9ai', 'url': 'https://open.spotify.com/artist/1Cs0zKBU1kc0i8ypK3B9ai'}","chan":"stdout","logger":"task"}
{"timestamp":"2025-12-05T06:44:02.746634Z","level":"info","event":"https://musicbrainz.org/ws/2/url?resource=https://open.spotify.com/artist/1Cs0zKBU1kc0i8ypK3B9ai&inc=artist-rels&fmt=json","chan":"stdout","logger":"task"}
{"timestamp":"2025-12-05T06:44:02.866381Z","level":"info","event":"https://musicbrainz.org/ws/2/artist/302bd7b9-d012-4360-897a-93b00c855680?inc=tags&fmt=json","chan":"stdout","logger":"task"}
{"timestamp":"2025-12-05T06:44:03.987646Z","level":"info","event":"{'name': 'USHER', 'id': '23zg3TcAtWQy7J6upgbUnj', 'url': 'https://open.spotify.com/artist/23zg3TcAtWQy7J6upgbUnj'}","chan":"stdout","logger":"task"}
{"timestamp":"2025-12-05T06:44:03.994405Z","level":"info","event":"https://musicbrainz.org/ws/2/url?resource=https://open.spotify.com/artist/23zg3TcAtWQy7J6upgbUnj&inc=artist-rels&fmt=json","chan":"stdout","logger":"task"}
{"timestamp":"2025-12-05T06:44:04.123737Z","level":"info","event":"https://musicbrainz.org/ws/2/artist/3414d446-735a-443c-931f-10634f57e5b9?inc=tags&fmt=json","chan":"stdout","logger":"task"}
{"timestamp":"2025-12-05T06:44:05.235227Z","level":"info","event":"{'name': 'Rihanna', 'id': '5pKCCKE2ajJHZ9KAiaK11H', 'url': 'https://open.spotify.com/artist/5pKCCKE2ajJHZ9KAiaK11H'}","chan":"stdout","logger":"task"}
{"timestamp":"2025-12-05T06:44:05.237464Z","level":"info","event":"https://musicbrainz.org/ws/2/url?resource=https://open.spotify.com/artist/5pKCCKE2ajJHZ9KAiaK11H&inc=artist-rels&fmt=json","chan":"stdout","logger":"task"}
{"timestamp":"2025-12-05T06:44:05.356569Z","level":"info","event":"https://musicbrainz.org/ws/2/artist/73e5e69d-3554-40d8-8516-00cb38737a1c?inc=tags&fmt=json","chan":"stdout","logger":"task"}
{"timestamp":"2025-12-05T06:44:06.463962Z","level":"info","event":"{'name': 'Calvin Harris', 'id': '7CajNmpbOovFoOoasH2HaY', 'url': 'https://open.spotify.com/artist/7CajNmpbOovFoOoasH2HaY'}","chan":"stdout","logger":"task"}
{"timestamp":"2025-12-05T06:44:06.466123Z","level":"info","event":"https://musicbrainz.org/ws/2/url?resource=https://open.spotify.com/artist/7CajNmpbOovFoOoasH2HaY&inc=artist-rels&fmt=json","chan":"stdout","logger":"task"}
{"timestamp":"2025-12-05T06:44:06.604805Z","level":"info","event":"https://musicbrainz.org/ws/2/artist/8dd98bdc-80ec-4e93-8509-2f46bafc09a7?inc=tags&fmt=json","chan":"stdout","logger":"task"}
{"timestamp":"2025-12-05T06:44:07.744834Z","level":"info","event":"{'name': 'Cobra Starship', 'id': '2aYJ5LAta2ScCdfLhKgZOY', 'url': 'https://open.spotify.com/artist/2aYJ5LAta2ScCdfLhKgZOY'}","chan":"stdout","logger":"task"}
{"timestamp":"2025-12-05T06:44:07.747474Z","level":"info","event":"https://musicbrainz.org/ws/2/url?resource=https://open.spotify.com/artist/2aYJ5LAta2ScCdfLhKgZOY&inc=artist-rels&fmt=json","chan":"stdout","logger":"task"}
{"timestamp":"2025-12-05T06:44:07.865107Z","level":"info","event":"Rate limit hit. Retrying in 1s...","chan":"stdout","logger":"task"}
{"timestamp":"2025-12-05T06:44:09.026628Z","level":"info","event":"https://musicbrainz.org/ws/2/artist/ffb390b8-8df4-4b72-97d1-7b2fc008a452?inc=tags&fmt=json","chan":"stdout","logger":"task"}
{"timestamp":"2025-12-05T06:44:10.139904Z","level":"info","event":"{'name': 'Sabi', 'id': '3tB8VKd0rtEnc9x8l78ymo', 'url': 'https://open.spotify.com/artist/3tB8VKd0rtEnc9x8l78ymo'}","chan":"stdout","logger":"task"}
{"timestamp":"2025-12-05T06:44:10.141115Z","level":"info","event":"https://musicbrainz.org/ws/2/url?resource=https://open.spotify.com/artist/3tB8VKd0rtEnc9x8l78ymo&inc=artist-rels&fmt=json","chan":"stdout","logger":"task"}
{"timestamp":"2025-12-05T06:44:10.252271Z","level":"info","event":"https://musicbrainz.org/ws/2/artist/d6b9bc68-dcf7-4ec1-8416-a7f046e9354c?inc=tags&fmt=json","chan":"stdout","logger":"task"}
{"timestamp":"2025-12-05T06:44:11.364729Z","level":"info","event":"{'name': 'Bad Meets Evil', 'id': '77IURH5NC56Jn09QHi76is', 'url': 'https://open.spotify.com/artist/77IURH5NC56Jn09QHi76is'}","chan":"stdout","logger":"task"}
{"timestamp":"2025-12-05T06:44:11.366251Z","level":"info","event":"https://musicbrainz.org/ws/2/url?resource=https://open.spotify.com/artist/77IURH5NC56Jn09QHi76is&inc=artist-rels&fmt=json","chan":"stdout","logger":"task"}
{"timestamp":"2025-12-05T06:44:11.480787Z","level":"info","event":"https://musicbrainz.org/ws/2/artist/87f27b14-cbd0-44ea-93a3-6fead5cb45e7?inc=tags&fmt=json","chan":"stdout","logger":"task"}
{"timestamp":"2025-12-05T06:44:12.601535Z","level":"info","event":"{'name': 'Bruno Mars', 'id': '0du5cEVh5yTK9QJze8zA0C', 'url': 'https://open.spotify.com/artist/0du5cEVh5yTK9QJze8zA0C'}","chan":"stdout","logger":"task"}
{"timestamp":"2025-12-05T06:44:12.602215Z","level":"info","event":"https://musicbrainz.org/ws/2/url?resource=https://open.spotify.com/artist/0du5cEVh5yTK9QJze8zA0C&inc=artist-rels&fmt=json","chan":"stdout","logger":"task"}
{"timestamp":"2025-12-05T06:44:12.725193Z","level":"info","event":"https://musicbrainz.org/ws/2/artist/afb680f2-b6eb-4cd7-a70b-a63b25c763d5?inc=tags&fmt=json","chan":"stdout","logger":"task"}
{"timestamp":"2025-12-05T06:44:13.839952Z","level":"info","event":"{'name': 'Lady Gaga', 'id': '1HY2Jd0NmPuamShAr6KMms', 'url': 'https://open.spotify.com/artist/1HY2Jd0NmPuamShAr6KMms'}","chan":"stdout","logger":"task"}
{"timestamp":"2025-12-05T06:44:13.841589Z","level":"info","event":"https://musicbrainz.org/ws/2/url?resource=https://open.spotify.com/artist/1HY2Jd0NmPuamShAr6KMms&inc=artist-rels&fmt=json","chan":"stdout","logger":"task"}
{"timestamp":"2025-12-05T06:44:13.966395Z","level":"info","event":"https://musicbrainz.org/ws/2/artist/650e7db6-b795-4eb5-a702-5ea2fc46c848?inc=tags&fmt=json","chan":"stdout","logger":"task"}
{"timestamp":"2025-12-05T06:44:15.084304Z","level":"info","event":"{'name': 'DEV', 'id': '7Ip2u3e5Nv6fFb5xyIHxEE', 'url': 'https://open.spotify.com/artist/7Ip2u3e5Nv6fFb5xyIHxEE'}","chan":"stdout","logger":"task"}
{"timestamp":"2025-12-05T06:44:15.085166Z","level":"info","event":"https://musicbrainz.org/ws/2/url?resource=https://open.spotify.com/artist/7Ip2u3e5Nv6fFb5xyIHxEE&inc=artist-rels&fmt=json","chan":"stdout","logger":"task"}
{"timestamp":"2025-12-05T06:44:15.198835Z","level":"info","event":"https://musicbrainz.org/ws/2/artist/7cc04f00-4c8f-40ea-894c-5f65777b3575?inc=tags&fmt=json","chan":"stdout","logger":"task"}
{"timestamp":"2025-12-05T06:44:16.318897Z","level":"info","event":"{'name': 'Pitbull', 'id': '0TnOYISbd1XYRBk9myaseg', 'url': 'https://open.spotify.com/artist/0TnOYISbd1XYRBk9myaseg'}","chan":"stdout","logger":"task"}
{"timestamp":"2025-12-05T06:44:16.322340Z","level":"info","event":"https://musicbrainz.org/ws/2/url?resource=https://open.spotify.com/artist/0TnOYISbd1XYRBk9myaseg&inc=artist-rels&fmt=json","chan":"stdout","logger":"task"}
{"timestamp":"2025-12-05T06:44:16.475988Z","level":"info","event":"https://musicbrainz.org/ws/2/artist/d262ea27-3ffe-40f7-b922-85c42d625e67?inc=tags&fmt=json","chan":"stdout","logger":"task"}
{"timestamp":"2025-12-05T06:44:17.591563Z","level":"info","event":"{'name': 'AFROJACK', 'id': '4D75GcNG95ebPtNvoNVXhz', 'url': 'https://open.spotify.com/artist/4D75GcNG95ebPtNvoNVXhz'}","chan":"stdout","logger":"task"}
{"timestamp":"2025-12-05T06:44:17.592732Z","level":"info","event":"https://musicbrainz.org/ws/2/url?resource=https://open.spotify.com/artist/4D75GcNG95ebPtNvoNVXhz&inc=artist-rels&fmt=json","chan":"stdout","logger":"task"}
{"timestamp":"2025-12-05T06:44:17.708779Z","level":"info","event":"https://musicbrainz.org/ws/2/artist/a3ee920f-4e7f-4993-8aca-4b8538cfaa4a?inc=tags&fmt=json","chan":"stdout","logger":"task"}
{"timestamp":"2025-12-05T06:44:17.822278Z","level":"info","event":"Rate limit hit. Retrying in 1s...","chan":"stdout","logger":"task"}
{"timestamp":"2025-12-05T06:44:18.961627Z","level":"info","event":"Rate limit hit. Retrying in 2s...","chan":"stdout","logger":"task"}
{"timestamp":"2025-12-05T06:44:22.096456Z","level":"info","event":"{'name': 'Ne-Yo', 'id': '21E3waRsmPlU7jZsS13rcj', 'url': 'https://open.spotify.com/artist/21E3waRsmPlU7jZsS13rcj'}","chan":"stdout","logger":"task"}
{"timestamp":"2025-12-05T06:44:22.097848Z","level":"info","event":"https://musicbrainz.org/ws/2/url?resource=https://open.spotify.com/artist/21E3waRsmPlU7jZsS13rcj&inc=artist-rels&fmt=json","chan":"stdout","logger":"task"}
{"timestamp":"2025-12-05T06:44:22.219659Z","level":"info","event":"https://musicbrainz.org/ws/2/artist/a4a01f5d-18e7-4571-8c3a-76ec0e24e2d7?inc=tags&fmt=json","chan":"stdout","logger":"task"}
{"timestamp":"2025-12-05T06:44:23.393014Z","level":"info","event":"{'name': 'Nayer', 'id': '1ruutHJcECI7cos2n5TqpO', 'url': 'https://open.spotify.com/artist/1ruutHJcECI7cos2n5TqpO'}","chan":"stdout","logger":"task"}
{"timestamp":"2025-12-05T06:44:23.399776Z","level":"info","event":"https://musicbrainz.org/ws/2/url?resource=https://open.spotify.com/artist/1ruutHJcECI7cos2n5TqpO&inc=artist-rels&fmt=json","chan":"stdout","logger":"task"}
{"timestamp":"2025-12-05T06:44:23.529943Z","level":"info","event":"https://musicbrainz.org/ws/2/artist/276d7d13-c0c4-4e67-a165-8e3764e4a2f3?inc=tags&fmt=json","chan":"stdout","logger":"task"}
{"timestamp":"2025-12-05T06:44:24.647053Z","level":"info","event":"{'name': 'Nicki Minaj', 'id': '0hCNtLu0JehylgoiP8L4Gh', 'url': 'https://open.spotify.com/artist/0hCNtLu0JehylgoiP8L4Gh'}","chan":"stdout","logger":"task"}
{"timestamp":"2025-12-05T06:44:24.649743Z","level":"info","event":"https://musicbrainz.org/ws/2/url?resource=https://open.spotify.com/artist/0hCNtLu0JehylgoiP8L4Gh&inc=artist-rels&fmt=json","chan":"stdout","logger":"task"}
{"timestamp":"2025-12-05T06:44:24.767617Z","level":"info","event":"https://musicbrainz.org/ws/2/artist/1036b808-f58c-4a3e-b461-a2c4492ecf1b?inc=tags&fmt=json","chan":"stdout","logger":"task"}
{"timestamp":"2025-12-05T06:44:25.881758Z","level":"info","event":"{'name': 'Katy Perry', 'id': '6jJ0s89eD6GaHleKKya26X', 'url': 'https://open.spotify.com/artist/6jJ0s89eD6GaHleKKya26X'}","chan":"stdout","logger":"task"}
{"timestamp":"2025-12-05T06:44:25.882544Z","level":"info","event":"https://musicbrainz.org/ws/2/url?resource=https://open.spotify.com/artist/6jJ0s89eD6GaHleKKya26X&inc=artist-rels&fmt=json","chan":"stdout","logger":"task"}
{"timestamp":"2025-12-05T06:44:26.003283Z","level":"info","event":"https://musicbrainz.org/ws/2/artist/122d63fc-8671-43e4-9752-34e846d62a9c?inc=tags&fmt=json","chan":"stdout","logger":"task"}
{"timestamp":"2025-12-05T06:44:27.119214Z","level":"info","event":"{'name': 'Jason Derulo', 'id': '07YZf4WDAMNwqr4jfgOZ8y', 'url': 'https://open.spotify.com/artist/07YZf4WDAMNwqr4jfgOZ8y'}","chan":"stdout","logger":"task"}
{"timestamp":"2025-12-05T06:44:27.120168Z","level":"info","event":"https://musicbrainz.org/ws/2/url?resource=https://open.spotify.com/artist/07YZf4WDAMNwqr4jfgOZ8y&inc=artist-rels&fmt=json","chan":"stdout","logger":"task"}
{"timestamp":"2025-12-05T06:44:27.238948Z","level":"info","event":"https://musicbrainz.org/ws/2/artist/6de0f914-3e60-4418-be3b-42e0feb6eb4d?inc=tags&fmt=json","chan":"stdout","logger":"task"}
{"timestamp":"2025-12-05T06:44:28.358290Z","level":"info","event":"{'name': 'Drake', 'id': '3TVXtAsR1Inumwj472S9r4', 'url': 'https://open.spotify.com/artist/3TVXtAsR1Inumwj472S9r4'}","chan":"stdout","logger":"task"}
{"timestamp":"2025-12-05T06:44:28.360706Z","level":"info","event":"https://musicbrainz.org/ws/2/url?resource=https://open.spotify.com/artist/3TVXtAsR1Inumwj472S9r4&inc=artist-rels&fmt=json","chan":"stdout","logger":"task"}
{"timestamp":"2025-12-05T06:44:28.479388Z","level":"info","event":"https://musicbrainz.org/ws/2/artist/9fff2f8a-21e6-47de-a2b8-7f449929d43f?inc=tags&fmt=json","chan":"stdout","logger":"task"}
{"timestamp":"2025-12-05T06:44:29.603528Z","level":"info","event":"{'name': 'Hot Chelle Rae', 'id': '6jTnHxhb6cDCaCu4rdvsQ0', 'url': 'https://open.spotify.com/artist/6jTnHxhb6cDCaCu4rdvsQ0'}","chan":"stdout","logger":"task"}
{"timestamp":"2025-12-05T06:44:29.604446Z","level":"info","event":"https://musicbrainz.org/ws/2/url?resource=https://open.spotify.com/artist/6jTnHxhb6cDCaCu4rdvsQ0&inc=artist-rels&fmt=json","chan":"stdout","logger":"task"}
{"timestamp":"2025-12-05T06:44:29.726613Z","level":"info","event":"https://musicbrainz.org/ws/2/artist/20aee940-3b65-4d04-8768-9a5918db2973?inc=tags&fmt=json","chan":"stdout","logger":"task"}
{"timestamp":"2025-12-05T06:44:30.836855Z","level":"info","event":"{'name': 'John Summit', 'id': '7kNqXtgeIwFtelmRjWv205', 'url': 'https://open.spotify.com/artist/7kNqXtgeIwFtelmRjWv205'}","chan":"stdout","logger":"task"}
{"timestamp":"2025-12-05T06:44:30.837512Z","level":"info","event":"https://musicbrainz.org/ws/2/url?resource=https://open.spotify.com/artist/7kNqXtgeIwFtelmRjWv205&inc=artist-rels&fmt=json","chan":"stdout","logger":"task"}
{"timestamp":"2025-12-05T06:44:30.951441Z","level":"info","event":"Rate limit hit. Retrying in 1s...","chan":"stdout","logger":"task"}
{"timestamp":"2025-12-05T06:44:32.060831Z","level":"info","event":"https://musicbrainz.org/ws/2/artist/2547c5e3-314c-4332-981d-f18c902a4086?inc=tags&fmt=json","chan":"stdout","logger":"task"}
{"timestamp":"2025-12-05T06:44:33.165838Z","level":"info","event":"{'name': 'Britney Spears', 'id': '26dSoYclwsYLMAKD3tpOr4', 'url': 'https://open.spotify.com/artist/26dSoYclwsYLMAKD3tpOr4'}","chan":"stdout","logger":"task"}
{"timestamp":"2025-12-05T06:44:33.166719Z","level":"info","event":"https://musicbrainz.org/ws/2/url?resource=https://open.spotify.com/artist/26dSoYclwsYLMAKD3tpOr4&inc=artist-rels&fmt=json","chan":"stdout","logger":"task"}
{"timestamp":"2025-12-05T06:44:33.282200Z","level":"info","event":"https://musicbrainz.org/ws/2/artist/45a663b5-b1cb-4a91-bff6-2bef7bbfdd76?inc=tags&fmt=json","chan":"stdout","logger":"task"}
{"timestamp":"2025-12-05T06:44:34.389973Z","level":"info","event":"{'name': 'Blake Shelton', 'id': '1UTPBmNbXNTittyMJrNkvw', 'url': 'https://open.spotify.com/artist/1UTPBmNbXNTittyMJrNkvw'}","chan":"stdout","logger":"task"}
{"timestamp":"2025-12-05T06:44:34.390723Z","level":"info","event":"https://musicbrainz.org/ws/2/url?resource=https://open.spotify.com/artist/1UTPBmNbXNTittyMJrNkvw&inc=artist-rels&fmt=json","chan":"stdout","logger":"task"}
{"timestamp":"2025-12-05T06:44:34.518754Z","level":"info","event":"https://musicbrainz.org/ws/2/artist/2ad66473-ccb3-41d2-8756-b56680cdfe62?inc=tags&fmt=json","chan":"stdout","logger":"task"}
{"timestamp":"2025-12-05T06:44:35.688330Z","level":"info","event":"{'name': 'Alexandra Stan', 'id': '0BmLNz4nSLfoWYW1cYsElL', 'url': 'https://open.spotify.com/artist/0BmLNz4nSLfoWYW1cYsElL'}","chan":"stdout","logger":"task"}
{"timestamp":"2025-12-05T06:44:35.692234Z","level":"info","event":"https://musicbrainz.org/ws/2/url?resource=https://open.spotify.com/artist/0BmLNz4nSLfoWYW1cYsElL&inc=artist-rels&fmt=json","chan":"stdout","logger":"task"}
{"timestamp":"2025-12-05T06:44:35.796106Z","level":"info","event":"https://musicbrainz.org/ws/2/artist/70e6fee5-36b1-4cdb-b573-2132f9566dad?inc=tags&fmt=json","chan":"stdout","logger":"task"}
{"timestamp":"2025-12-05T06:44:37.393116Z","level":"info","event":"{'name': 'The Band Perry', 'id': '75FnCoo4FBxH5K1Rrx0k5A', 'url': 'https://open.spotify.com/artist/75FnCoo4FBxH5K1Rrx0k5A'}","chan":"stdout","logger":"task"}
{"timestamp":"2025-12-05T06:44:37.393724Z","level":"info","event":"https://musicbrainz.org/ws/2/url?resource=https://open.spotify.com/artist/75FnCoo4FBxH5K1Rrx0k5A&inc=artist-rels&fmt=json","chan":"stdout","logger":"task"}
{"timestamp":"2025-12-05T06:44:37.504457Z","level":"info","event":"https://musicbrainz.org/ws/2/artist/28955336-2348-488a-9381-e3a7b0107343?inc=tags&fmt=json","chan":"stdout","logger":"task"}
{"timestamp":"2025-12-05T06:44:38.619045Z","level":"info","event":"{'name': 'Kelly Clarkson', 'id': '3BmGtnKgCSGYIUhmivXKWX', 'url': 'https://open.spotify.com/artist/3BmGtnKgCSGYIUhmivXKWX'}","chan":"stdout","logger":"task"}
{"timestamp":"2025-12-05T06:44:38.621435Z","level":"info","event":"https://musicbrainz.org/ws/2/url?resource=https://open.spotify.com/artist/3BmGtnKgCSGYIUhmivXKWX&inc=artist-rels&fmt=json","chan":"stdout","logger":"task"}
{"timestamp":"2025-12-05T06:44:38.741230Z","level":"info","event":"https://musicbrainz.org/ws/2/artist/d339efbb-77b9-4147-ba9e-59f2f24550b2?inc=tags&fmt=json","chan":"stdout","logger":"task"}
{"timestamp":"2025-12-05T06:44:39.856856Z","level":"info","event":"{'name': 'Rodney Atkins', 'id': '2qgvmDsc4jrqbAbjq1HGM2', 'url': 'https://open.spotify.com/artist/2qgvmDsc4jrqbAbjq1HGM2'}","chan":"stdout","logger":"task"}
{"timestamp":"2025-12-05T06:44:39.858393Z","level":"info","event":"https://musicbrainz.org/ws/2/url?resource=https://open.spotify.com/artist/2qgvmDsc4jrqbAbjq1HGM2&inc=artist-rels&fmt=json","chan":"stdout","logger":"task"}
{"timestamp":"2025-12-05T06:44:40.003555Z","level":"info","event":"HTTP 404: Not Found","chan":"stdout","logger":"task"}
{"timestamp":"2025-12-05T06:44:40.003886Z","level":"info","event":"unable to get mbid for https://open.spotify.com/artist/2qgvmDsc4jrqbAbjq1HGM2","chan":"stdout","logger":"task"}
{"timestamp":"2025-12-05T06:44:41.006519Z","level":"info","event":"{'name': 'Lady A', 'id': '32WkQRZEVKSzVAAYqukAEA', 'url': 'https://open.spotify.com/artist/32WkQRZEVKSzVAAYqukAEA'}","chan":"stdout","logger":"task"}
{"timestamp":"2025-12-05T06:44:41.007276Z","level":"info","event":"https://musicbrainz.org/ws/2/url?resource=https://open.spotify.com/artist/32WkQRZEVKSzVAAYqukAEA&inc=artist-rels&fmt=json","chan":"stdout","logger":"task"}
{"timestamp":"2025-12-05T06:44:41.120969Z","level":"info","event":"https://musicbrainz.org/ws/2/artist/0eedfc95-e79a-4fd9-832a-cd816a0b3fda?inc=tags&fmt=json","chan":"stdout","logger":"task"}
{"timestamp":"2025-12-05T06:44:42.228068Z","level":"info","event":"{'name': 'The Script', 'id': '3AQRLZ9PuTAozP28Skbq8V', 'url': 'https://open.spotify.com/artist/3AQRLZ9PuTAozP28Skbq8V'}","chan":"stdout","logger":"task"}
{"timestamp":"2025-12-05T06:44:42.229709Z","level":"info","event":"https://musicbrainz.org/ws/2/url?resource=https://open.spotify.com/artist/3AQRLZ9PuTAozP28Skbq8V&inc=artist-rels&fmt=json","chan":"stdout","logger":"task"}
{"timestamp":"2025-12-05T06:44:42.346464Z","level":"info","event":"https://musicbrainz.org/ws/2/artist/4c98aa1b-34eb-4336-987f-5e50aa059c00?inc=tags&fmt=json","chan":"stdout","logger":"task"}
{"timestamp":"2025-12-05T06:44:43.833413Z","level":"info","event":"{'name': 'DJ Khaled', 'id': '0QHgL1lAIqAw0HtD7YldmP', 'url': 'https://open.spotify.com/artist/0QHgL1lAIqAw0HtD7YldmP'}","chan":"stdout","logger":"task"}
{"timestamp":"2025-12-05T06:44:43.837098Z","level":"info","event":"https://musicbrainz.org/ws/2/url?resource=https://open.spotify.com/artist/0QHgL1lAIqAw0HtD7YldmP&inc=artist-rels&fmt=json","chan":"stdout","logger":"task"}
{"timestamp":"2025-12-05T06:44:43.949978Z","level":"info","event":"https://musicbrainz.org/ws/2/artist/081a2d60-9791-4e05-a075-f1890355eeee?inc=tags&fmt=json","chan":"stdout","logger":"task"}
{"timestamp":"2025-12-05T06:44:45.065176Z","level":"info","event":"{'name': 'Rick Ross', 'id': '1sBkRIssrMs1AbVkOJbc7a', 'url': 'https://open.spotify.com/artist/1sBkRIssrMs1AbVkOJbc7a'}","chan":"stdout","logger":"task"}
{"timestamp":"2025-12-05T06:44:45.066577Z","level":"info","event":"https://musicbrainz.org/ws/2/url?resource=https://open.spotify.com/artist/1sBkRIssrMs1AbVkOJbc7a&inc=artist-rels&fmt=json","chan":"stdout","logger":"task"}
{"timestamp":"2025-12-05T06:44:45.187956Z","level":"info","event":"https://musicbrainz.org/ws/2/artist/13bcb2bb-db37-4397-baf5-e0f085be2d64?inc=tags&fmt=json","chan":"stdout","logger":"task"}
{"timestamp":"2025-12-05T06:44:46.318487Z","level":"info","event":"{'name': 'JAY-Z', 'id': '3nFkdlSjzX9mRTtwJOzDYB', 'url': 'https://open.spotify.com/artist/3nFkdlSjzX9mRTtwJOzDYB'}","chan":"stdout","logger":"task"}
{"timestamp":"2025-12-05T06:44:46.319881Z","level":"info","event":"https://musicbrainz.org/ws/2/url?resource=https://open.spotify.com/artist/3nFkdlSjzX9mRTtwJOzDYB&inc=artist-rels&fmt=json","chan":"stdout","logger":"task"}
{"timestamp":"2025-12-05T06:44:46.442935Z","level":"info","event":"https://musicbrainz.org/ws/2/artist/f82bcf78-5b69-4622-a5ef-73800768d9ac?inc=tags&fmt=json","chan":"stdout","logger":"task"}
{"timestamp":"2025-12-05T06:44:47.554576Z","level":"info","event":"{'name': 'Kanye West', 'id': '5K4W6rqBFWDnAN6FQUkS6x', 'url': 'https://open.spotify.com/artist/5K4W6rqBFWDnAN6FQUkS6x'}","chan":"stdout","logger":"task"}
{"timestamp":"2025-12-05T06:44:47.556011Z","level":"info","event":"https://musicbrainz.org/ws/2/url?resource=https://open.spotify.com/artist/5K4W6rqBFWDnAN6FQUkS6x&inc=artist-rels&fmt=json","chan":"stdout","logger":"task"}
{"timestamp":"2025-12-05T06:44:47.669757Z","level":"info","event":"https://musicbrainz.org/ws/2/artist/164f0d73-1234-4e2c-8743-d77bf2191051?inc=tags&fmt=json","chan":"stdout","logger":"task"}
{"timestamp":"2025-12-05T06:44:48.781145Z","level":"info","event":"{'name': 'Big Sean', 'id': '0c173mlxpT3dSFRgMO8XPh', 'url': 'https://open.spotify.com/artist/0c173mlxpT3dSFRgMO8XPh'}","chan":"stdout","logger":"task"}
{"timestamp":"2025-12-05T06:44:48.781510Z","level":"info","event":"https://musicbrainz.org/ws/2/url?resource=https://open.spotify.com/artist/0c173mlxpT3dSFRgMO8XPh&inc=artist-rels&fmt=json","chan":"stdout","logger":"task"}
{"timestamp":"2025-12-05T06:44:48.894739Z","level":"info","event":"https://musicbrainz.org/ws/2/artist/942a9807-9c1a-4a0e-a285-1fde2c5be9d1?inc=tags&fmt=json","chan":"stdout","logger":"task"}
{"timestamp":"2025-12-05T06:44:50.000516Z","level":"info","event":"{'name': 'Roscoe Dash', 'id': '0bfX8pF8kuHNCs57Ms4jZb', 'url': 'https://open.spotify.com/artist/0bfX8pF8kuHNCs57Ms4jZb'}","chan":"stdout","logger":"task"}
{"timestamp":"2025-12-05T06:44:50.001252Z","level":"info","event":"https://musicbrainz.org/ws/2/url?resource=https://open.spotify.com/artist/0bfX8pF8kuHNCs57Ms4jZb&inc=artist-rels&fmt=json","chan":"stdout","logger":"task"}
{"timestamp":"2025-12-05T06:44:50.109735Z","level":"info","event":"https://musicbrainz.org/ws/2/artist/2d79c678-e9e6-4456-a941-8ca436747a43?inc=tags&fmt=json","chan":"stdout","logger":"task"}
{"timestamp":"2025-12-05T06:44:51.614447Z","level":"info","event":"{'name': 'Eli Young Band', 'id': '6eKWqnckwdIlSnjaYgIyxv', 'url': 'https://open.spotify.com/artist/6eKWqnckwdIlSnjaYgIyxv'}","chan":"stdout","logger":"task"}
{"timestamp":"2025-12-05T06:44:51.615180Z","level":"info","event":"https://musicbrainz.org/ws/2/url?resource=https://open.spotify.com/artist/6eKWqnckwdIlSnjaYgIyxv&inc=artist-rels&fmt=json","chan":"stdout","logger":"task"}
{"timestamp":"2025-12-05T06:44:51.725456Z","level":"info","event":"https://musicbrainz.org/ws/2/artist/80737f69-60c5-4c0d-9562-88faf8d8f2f4?inc=tags&fmt=json","chan":"stdout","logger":"task"}
{"timestamp":"2025-12-05T06:44:51.854051Z","level":"info","event":"Rate limit hit. Retrying in 1s...","chan":"stdout","logger":"task"}
{"timestamp":"2025-12-05T06:44:53.995984Z","level":"info","event":"{'name': 'Jake Owen', 'id': '1n2pb9Tsfe4SwAjmUac6YT', 'url': 'https://open.spotify.com/artist/1n2pb9Tsfe4SwAjmUac6YT'}","chan":"stdout","logger":"task"}
{"timestamp":"2025-12-05T06:44:54.015344Z","level":"info","event":"https://musicbrainz.org/ws/2/url?resource=https://open.spotify.com/artist/1n2pb9Tsfe4SwAjmUac6YT&inc=artist-rels&fmt=json","chan":"stdout","logger":"task"}
{"timestamp":"2025-12-05T06:44:54.110068Z","level":"info","event":"https://musicbrainz.org/ws/2/artist/508f4f83-26dc-4d21-98d9-1a8c04d5ad4a?inc=tags&fmt=json","chan":"stdout","logger":"task"}
{"timestamp":"2025-12-05T06:44:55.817094Z","level":"info","event":"{'name': 'New Boyz', 'id': '1ZKqrja0WvbSssYNFO3lzs', 'url': 'https://open.spotify.com/artist/1ZKqrja0WvbSssYNFO3lzs'}","chan":"stdout","logger":"task"}
{"timestamp":"2025-12-05T06:44:55.820167Z","level":"info","event":"https://musicbrainz.org/ws/2/url?resource=https://open.spotify.com/artist/1ZKqrja0WvbSssYNFO3lzs&inc=artist-rels&fmt=json","chan":"stdout","logger":"task"}
{"timestamp":"2025-12-05T06:44:55.950002Z","level":"info","event":"https://musicbrainz.org/ws/2/artist/8e1d63a3-2980-4d69-ba61-1024e8a6df4b?inc=tags&fmt=json","chan":"stdout","logger":"task"}
{"timestamp":"2025-12-05T06:44:57.056784Z","level":"info","event":"{'name': 'Chris Brown', 'id': '7bXgB6jMjp9ATFy66eO08Z', 'url': 'https://open.spotify.com/artist/7bXgB6jMjp9ATFy66eO08Z'}","chan":"stdout","logger":"task"}
{"timestamp":"2025-12-05T06:44:57.060415Z","level":"info","event":"https://musicbrainz.org/ws/2/url?resource=https://open.spotify.com/artist/7bXgB6jMjp9ATFy66eO08Z&inc=artist-rels&fmt=json","chan":"stdout","logger":"task"}
{"timestamp":"2025-12-05T06:44:57.194898Z","level":"info","event":"https://musicbrainz.org/ws/2/artist/c234fa42-e6a6-443e-937e-2f4b073538a3?inc=tags&fmt=json","chan":"stdout","logger":"task"}
{"timestamp":"2025-12-05T06:44:58.324774Z","level":"info","event":"{'name': 'Toby Keith', 'id': '2bA6fzP0lMAQ4kz6CF61w8', 'url': 'https://open.spotify.com/artist/2bA6fzP0lMAQ4kz6CF61w8'}","chan":"stdout","logger":"task"}
{"timestamp":"2025-12-05T06:44:58.330231Z","level":"info","event":"https://musicbrainz.org/ws/2/url?resource=https://open.spotify.com/artist/2bA6fzP0lMAQ4kz6CF61w8&inc=artist-rels&fmt=json","chan":"stdout","logger":"task"}
{"timestamp":"2025-12-05T06:44:58.451839Z","level":"info","event":"https://musicbrainz.org/ws/2/artist/2f951906-5629-4fef-a260-5033151c162a?inc=tags&fmt=json","chan":"stdout","logger":"task"}
{"timestamp":"2025-12-05T06:44:59.568543Z","level":"info","event":"{'name': 'Eva Simons', 'id': '2d6W4cnC5XsVOaxtgaj9hA', 'url': 'https://open.spotify.com/artist/2d6W4cnC5XsVOaxtgaj9hA'}","chan":"stdout","logger":"task"}
{"timestamp":"2025-12-05T06:44:59.570357Z","level":"info","event":"https://musicbrainz.org/ws/2/url?resource=https://open.spotify.com/artist/2d6W4cnC5XsVOaxtgaj9hA&inc=artist-rels&fmt=json","chan":"stdout","logger":"task"}
{"timestamp":"2025-12-05T06:44:59.697664Z","level":"info","event":"https://musicbrainz.org/ws/2/artist/481cbdd9-02ac-46fd-825f-afed658bc505?inc=tags&fmt=json","chan":"stdout","logger":"task"}
{"timestamp":"2025-12-05T06:45:00.823920Z","level":"info","event":"{'name': 'Kelly Rowland', 'id': '3AuMNF8rQAKOzjYppFNAoB', 'url': 'https://open.spotify.com/artist/3AuMNF8rQAKOzjYppFNAoB'}","chan":"stdout","logger":"task"}
{"timestamp":"2025-12-05T06:45:00.828050Z","level":"info","event":"https://musicbrainz.org/ws/2/url?resource=https://open.spotify.com/artist/3AuMNF8rQAKOzjYppFNAoB&inc=artist-rels&fmt=json","chan":"stdout","logger":"task"}
{"timestamp":"2025-12-05T06:45:00.936579Z","level":"info","event":"https://musicbrainz.org/ws/2/artist/31bea673-d23a-4889-8da1-7cb040863268?inc=tags&fmt=json","chan":"stdout","logger":"task"}
{"timestamp":"2025-12-05T06:45:02.068897Z","level":"info","event":"{'name': 'Brad Paisley', 'id': '13YmWQJFwgZrd4bf5IjMY4', 'url': 'https://open.spotify.com/artist/13YmWQJFwgZrd4bf5IjMY4'}","chan":"stdout","logger":"task"}
{"timestamp":"2025-12-05T06:45:02.070301Z","level":"info","event":"https://musicbrainz.org/ws/2/url?resource=https://open.spotify.com/artist/13YmWQJFwgZrd4bf5IjMY4&inc=artist-rels&fmt=json","chan":"stdout","logger":"task"}
{"timestamp":"2025-12-05T06:45:02.182357Z","level":"info","event":"https://musicbrainz.org/ws/2/artist/6cfd7ffc-824f-4219-8e27-4b9417700f44?inc=tags&fmt=json","chan":"stdout","logger":"task"}
{"timestamp":"2025-12-05T06:45:03.314843Z","level":"info","event":"{'name': 'Carrie Underwood', 'id': '4xFUf1FHVy696Q1JQZMTRj', 'url': 'https://open.spotify.com/artist/4xFUf1FHVy696Q1JQZMTRj'}","chan":"stdout","logger":"task"}
{"timestamp":"2025-12-05T06:45:03.317693Z","level":"info","event":"https://musicbrainz.org/ws/2/url?resource=https://open.spotify.com/artist/4xFUf1FHVy696Q1JQZMTRj&inc=artist-rels&fmt=json","chan":"stdout","logger":"task"}
{"timestamp":"2025-12-05T06:45:03.436826Z","level":"info","event":"https://musicbrainz.org/ws/2/artist/70f0e309-5418-49b6-a130-666e2f76eecd?inc=tags&fmt=json","chan":"stdout","logger":"task"}
{"timestamp":"2025-12-05T06:45:04.728997Z","level":"info","event":"{'name': 'Keith Urban', 'id': '0u2FHSq3ln94y5Q57xazwf', 'url': 'https://open.spotify.com/artist/0u2FHSq3ln94y5Q57xazwf'}","chan":"stdout","logger":"task"}
{"timestamp":"2025-12-05T06:45:04.730102Z","level":"info","event":"https://musicbrainz.org/ws/2/url?resource=https://open.spotify.com/artist/0u2FHSq3ln94y5Q57xazwf&inc=artist-rels&fmt=json","chan":"stdout","logger":"task"}
{"timestamp":"2025-12-05T06:45:04.842222Z","level":"info","event":"https://musicbrainz.org/ws/2/artist/f45da029-7b00-4bf3-962c-0eeb20309cc4?inc=tags&fmt=json","chan":"stdout","logger":"task"}
{"timestamp":"2025-12-05T06:45:05.958474Z","level":"info","event":"{'name': 'Otis Redding', 'id': '60df5JBRRPcnSpsIMxxwQm', 'url': 'https://open.spotify.com/artist/60df5JBRRPcnSpsIMxxwQm'}","chan":"stdout","logger":"task"}
{"timestamp":"2025-12-05T06:45:05.962126Z","level":"info","event":"https://musicbrainz.org/ws/2/url?resource=https://open.spotify.com/artist/60df5JBRRPcnSpsIMxxwQm&inc=artist-rels&fmt=json","chan":"stdout","logger":"task"}
{"timestamp":"2025-12-05T06:45:06.077165Z","level":"info","event":"https://musicbrainz.org/ws/2/artist/82b1f5fd-cd31-41a9-b5d4-7e33f0eb9751?inc=tags&fmt=json","chan":"stdout","logger":"task"}
{"timestamp":"2025-12-05T06:45:07.189299Z","level":"info","event":"{'name': 'Nickelback', 'id': '6deZN1bslXzeGvOLaLMOIF', 'url': 'https://open.spotify.com/artist/6deZN1bslXzeGvOLaLMOIF'}","chan":"stdout","logger":"task"}
{"timestamp":"2025-12-05T06:45:07.190290Z","level":"info","event":"https://musicbrainz.org/ws/2/url?resource=https://open.spotify.com/artist/6deZN1bslXzeGvOLaLMOIF&inc=artist-rels&fmt=json","chan":"stdout","logger":"task"}
{"timestamp":"2025-12-05T06:45:07.510019Z","level":"info","event":"https://musicbrainz.org/ws/2/artist/bc710bcf-8815-42cf-bad2-3f1d12246aeb?inc=tags&fmt=json","chan":"stdout","logger":"task"}
{"timestamp":"2025-12-05T06:45:08.659199Z","level":"info","event":"{'name': 'Jason Aldean', 'id': '3FfvYsEGaIb52QPXhg4DcH', 'url': 'https://open.spotify.com/artist/3FfvYsEGaIb52QPXhg4DcH'}","chan":"stdout","logger":"task"}
{"timestamp":"2025-12-05T06:45:08.660437Z","level":"info","event":"https://musicbrainz.org/ws/2/url?resource=https://open.spotify.com/artist/3FfvYsEGaIb52QPXhg4DcH&inc=artist-rels&fmt=json","chan":"stdout","logger":"task"}
{"timestamp":"2025-12-05T06:45:08.771586Z","level":"info","event":"https://musicbrainz.org/ws/2/artist/f24df11a-7e35-4979-a4db-a3b2a170ce27?inc=tags&fmt=json","chan":"stdout","logger":"task"}
{"timestamp":"2025-12-05T06:45:09.885437Z","level":"info","event":"{'name': 'Kenny Chesney', 'id': '3grHWM9bx2E9vwJCdlRv9O', 'url': 'https://open.spotify.com/artist/3grHWM9bx2E9vwJCdlRv9O'}","chan":"stdout","logger":"task"}
{"timestamp":"2025-12-05T06:45:09.885619Z","level":"info","event":"https://musicbrainz.org/ws/2/url?resource=https://open.spotify.com/artist/3grHWM9bx2E9vwJCdlRv9O&inc=artist-rels&fmt=json","chan":"stdout","logger":"task"}
{"timestamp":"2025-12-05T06:45:09.994504Z","level":"info","event":"https://musicbrainz.org/ws/2/artist/5dca4d22-d6c8-4e70-8ca1-4543e43353c7?inc=tags&fmt=json","chan":"stdout","logger":"task"}
{"timestamp":"2025-12-05T06:45:11.104643Z","level":"info","event":"{'name': 'Grace Potter', 'id': '1PJVVIeS5Wu0wbZDhtC0Ht', 'url': 'https://open.spotify.com/artist/1PJVVIeS5Wu0wbZDhtC0Ht'}","chan":"stdout","logger":"task"}
{"timestamp":"2025-12-05T06:45:11.105629Z","level":"info","event":"https://musicbrainz.org/ws/2/url?resource=https://open.spotify.com/artist/1PJVVIeS5Wu0wbZDhtC0Ht&inc=artist-rels&fmt=json","chan":"stdout","logger":"task"}
{"timestamp":"2025-12-05T06:45:11.224542Z","level":"info","event":"https://musicbrainz.org/ws/2/artist/b1103b87-3b91-4ec5-9d7b-15c2d1e486af?inc=tags&fmt=json","chan":"stdout","logger":"task"}
{"timestamp":"2025-12-05T06:45:12.340240Z","level":"info","event":"{'name': 'Beyoncé', 'id': '6vWDO969PvNqNYHIOW5v0m', 'url': 'https://open.spotify.com/artist/6vWDO969PvNqNYHIOW5v0m'}","chan":"stdout","logger":"task"}
{"timestamp":"2025-12-05T06:45:12.341200Z","level":"info","event":"https://musicbrainz.org/ws/2/url?resource=https://open.spotify.com/artist/6vWDO969PvNqNYHIOW5v0m&inc=artist-rels&fmt=json","chan":"stdout","logger":"task"}
{"timestamp":"2025-12-05T06:45:12.460307Z","level":"info","event":"https://musicbrainz.org/ws/2/artist/859d0860-d480-4efd-970c-c05d5f1776b8?inc=tags&fmt=json","chan":"stdout","logger":"task"}
{"timestamp":"2025-12-05T06:45:12.574562Z","level":"info","event":"Rate limit hit. Retrying in 1s...","chan":"stdout","logger":"task"}
{"timestamp":"2025-12-05T06:45:14.707101Z","level":"info","event":"{'name': 'Rascal Flatts', 'id': '0a1gHP0HAqALbEyxaD5Ngn', 'url': 'https://open.spotify.com/artist/0a1gHP0HAqALbEyxaD5Ngn'}","chan":"stdout","logger":"task"}
{"timestamp":"2025-12-05T06:45:14.708359Z","level":"info","event":"https://musicbrainz.org/ws/2/url?resource=https://open.spotify.com/artist/0a1gHP0HAqALbEyxaD5Ngn&inc=artist-rels&fmt=json","chan":"stdout","logger":"task"}
{"timestamp":"2025-12-05T06:45:14.829185Z","level":"info","event":"https://musicbrainz.org/ws/2/artist/6e0ae159-8449-4262-bba5-18ec87fa529f?inc=tags&fmt=json","chan":"stdout","logger":"task"}
{"timestamp":"2025-12-05T06:45:15.965291Z","level":"info","event":"{'name': 'Natasha Bedingfield', 'id': '7o95ZoZt5ZYn31e9z1Hc0a', 'url': 'https://open.spotify.com/artist/7o95ZoZt5ZYn31e9z1Hc0a'}","chan":"stdout","logger":"task"}
{"timestamp":"2025-12-05T06:45:15.966078Z","level":"info","event":"https://musicbrainz.org/ws/2/url?resource=https://open.spotify.com/artist/7o95ZoZt5ZYn31e9z1Hc0a&inc=artist-rels&fmt=json","chan":"stdout","logger":"task"}
{"timestamp":"2025-12-05T06:45:16.077496Z","level":"info","event":"https://musicbrainz.org/ws/2/artist/8b477559-946e-4ef2-9fe1-446cff8fdd79?inc=tags&fmt=json","chan":"stdout","logger":"task"}
{"timestamp":"2025-12-05T06:45:17.183349Z","level":"info","event":"{'name': 'George Strait', 'id': '5vngPClqofybhPERIqQMYd', 'url': 'https://open.spotify.com/artist/5vngPClqofybhPERIqQMYd'}","chan":"stdout","logger":"task"}
{"timestamp":"2025-12-05T06:45:17.183902Z","level":"info","event":"https://musicbrainz.org/ws/2/url?resource=https://open.spotify.com/artist/5vngPClqofybhPERIqQMYd&inc=artist-rels&fmt=json","chan":"stdout","logger":"task"}
{"timestamp":"2025-12-05T06:45:17.298260Z","level":"info","event":"https://musicbrainz.org/ws/2/artist/5ab2cf34-517e-48eb-b3a5-34e1cbcd600a?inc=tags&fmt=json","chan":"stdout","logger":"task"}
{"timestamp":"2025-12-05T06:45:18.700011Z","level":"info","event":"{'name': 'Demi Lovato', 'id': '6S2OmqARrzebs0tKUEyXyp', 'url': 'https://open.spotify.com/artist/6S2OmqARrzebs0tKUEyXyp'}","chan":"stdout","logger":"task"}
{"timestamp":"2025-12-05T06:45:18.702204Z","level":"info","event":"https://musicbrainz.org/ws/2/url?resource=https://open.spotify.com/artist/6S2OmqARrzebs0tKUEyXyp&inc=artist-rels&fmt=json","chan":"stdout","logger":"task"}
{"timestamp":"2025-12-05T06:45:18.816057Z","level":"info","event":"https://musicbrainz.org/ws/2/artist/faf4cefb-036c-4c88-b93a-5b03dd0a0e6b?inc=tags&fmt=json","chan":"stdout","logger":"task"}
{"timestamp":"2025-12-05T06:45:19.942929Z","level":"info","event":"{'name': 'Selena Gomez & The Scene', 'id': '6dJeKm76NjfXBNTpHmOhfO', 'url': 'https://open.spotify.com/artist/6dJeKm76NjfXBNTpHmOhfO'}","chan":"stdout","logger":"task"}
{"timestamp":"2025-12-05T06:45:19.949189Z","level":"info","event":"https://musicbrainz.org/ws/2/url?resource=https://open.spotify.com/artist/6dJeKm76NjfXBNTpHmOhfO&inc=artist-rels&fmt=json","chan":"stdout","logger":"task"}
{"timestamp":"2025-12-05T06:45:20.057124Z","level":"info","event":"https://musicbrainz.org/ws/2/artist/37d0a847-32d3-480f-bd1e-101f50a3d332?inc=tags&fmt=json","chan":"stdout","logger":"task"}
{"timestamp":"2025-12-05T06:45:21.169653Z","level":"info","event":"{'name': 'Coldplay', 'id': '4gzpq5DPGxSnKTe4SA8HAU', 'url': 'https://open.spotify.com/artist/4gzpq5DPGxSnKTe4SA8HAU'}","chan":"stdout","logger":"task"}
{"timestamp":"2025-12-05T06:45:21.245129Z","level":"info","event":"https://musicbrainz.org/ws/2/url?resource=https://open.spotify.com/artist/4gzpq5DPGxSnKTe4SA8HAU&inc=artist-rels&fmt=json","chan":"stdout","logger":"task"}
{"timestamp":"2025-12-05T06:45:21.738259Z","level":"info","event":"https://musicbrainz.org/ws/2/artist/cc197bad-dc9c-440d-a5b5-d52ba2e14234?inc=tags&fmt=json","chan":"stdout","logger":"task"}
{"timestamp":"2025-12-05T06:45:22.848860Z","level":"info","event":"{'name': 'Gavin DeGraw', 'id': '5DYAABs8rkY9VhwtENoQCz', 'url': 'https://open.spotify.com/artist/5DYAABs8rkY9VhwtENoQCz'}","chan":"stdout","logger":"task"}
{"timestamp":"2025-12-05T06:45:22.850639Z","level":"info","event":"https://musicbrainz.org/ws/2/url?resource=https://open.spotify.com/artist/5DYAABs8rkY9VhwtENoQCz&inc=artist-rels&fmt=json","chan":"stdout","logger":"task"}
{"timestamp":"2025-12-05T06:45:22.961999Z","level":"info","event":"https://musicbrainz.org/ws/2/artist/3f2a12e9-6398-42fd-b257-2f6abd4aa5fc?inc=tags&fmt=json","chan":"stdout","logger":"task"}
{"timestamp":"2025-12-05T06:45:24.080629Z","level":"info","event":"{'name': 'Taylor Swift', 'id': '06HL4z0CvFAxyc27GXpf02', 'url': 'https://open.spotify.com/artist/06HL4z0CvFAxyc27GXpf02'}","chan":"stdout","logger":"task"}
{"timestamp":"2025-12-05T06:45:24.081208Z","level":"info","event":"https://musicbrainz.org/ws/2/url?resource=https://open.spotify.com/artist/06HL4z0CvFAxyc27GXpf02&inc=artist-rels&fmt=json","chan":"stdout","logger":"task"}
{"timestamp":"2025-12-05T06:45:24.196179Z","level":"info","event":"https://musicbrainz.org/ws/2/artist/20244d07-534f-4eff-b4d4-930878889970?inc=tags&fmt=json","chan":"stdout","logger":"task"}
{"timestamp":"2025-12-05T06:45:25.311682Z","level":"info","event":"{'name': 'Miranda Lambert', 'id': '66lH4jAE7pqPlOlzUKbwA0', 'url': 'https://open.spotify.com/artist/66lH4jAE7pqPlOlzUKbwA0'}","chan":"stdout","logger":"task"}
{"timestamp":"2025-12-05T06:45:25.314123Z","level":"info","event":"https://musicbrainz.org/ws/2/url?resource=https://open.spotify.com/artist/66lH4jAE7pqPlOlzUKbwA0&inc=artist-rels&fmt=json","chan":"stdout","logger":"task"}
{"timestamp":"2025-12-05T06:45:25.430772Z","level":"info","event":"https://musicbrainz.org/ws/2/artist/4eca1aa0-c79f-481b-af8a-4a2d6c41aa5c?inc=tags&fmt=json","chan":"stdout","logger":"task"}
{"timestamp":"2025-12-05T06:45:26.546402Z","level":"info","event":"{'name': 'T-Pain', 'id': '3aQeKQSyrW4qWr35idm0cy', 'url': 'https://open.spotify.com/artist/3aQeKQSyrW4qWr35idm0cy'}","chan":"stdout","logger":"task"}
{"timestamp":"2025-12-05T06:45:26.547117Z","level":"info","event":"https://musicbrainz.org/ws/2/url?resource=https://open.spotify.com/artist/3aQeKQSyrW4qWr35idm0cy&inc=artist-rels&fmt=json","chan":"stdout","logger":"task"}
{"timestamp":"2025-12-05T06:45:26.674605Z","level":"info","event":"https://musicbrainz.org/ws/2/artist/ce55e49a-32f4-4757-9849-bf04d06d5fcc?inc=tags&fmt=json","chan":"stdout","logger":"task"}
{"timestamp":"2025-12-05T06:45:27.913835Z","level":"info","event":"{'name': 'Lily Allen', 'id': '13saZpZnCDWOI9D4IJhp1f', 'url': 'https://open.spotify.com/artist/13saZpZnCDWOI9D4IJhp1f'}","chan":"stdout","logger":"task"}
{"timestamp":"2025-12-05T06:45:27.914738Z","level":"info","event":"https://musicbrainz.org/ws/2/url?resource=https://open.spotify.com/artist/13saZpZnCDWOI9D4IJhp1f&inc=artist-rels&fmt=json","chan":"stdout","logger":"task"}
{"timestamp":"2025-12-05T06:45:28.108165Z","level":"info","event":"https://musicbrainz.org/ws/2/artist/6e0c7c0e-cba5-4c2c-a652-38f71ef5785d?inc=tags&fmt=json","chan":"stdout","logger":"task"}
{"timestamp":"2025-12-05T06:45:29.298625Z","level":"info","event":"{'name': 'Wiz Khalifa', 'id': '137W8MRPWKqSmrBGDBFSop', 'url': 'https://open.spotify.com/artist/137W8MRPWKqSmrBGDBFSop'}","chan":"stdout","logger":"task"}
{"timestamp":"2025-12-05T06:45:29.300428Z","level":"info","event":"https://musicbrainz.org/ws/2/url?resource=https://open.spotify.com/artist/137W8MRPWKqSmrBGDBFSop&inc=artist-rels&fmt=json","chan":"stdout","logger":"task"}
{"timestamp":"2025-12-05T06:45:29.417357Z","level":"info","event":"https://musicbrainz.org/ws/2/artist/f5dfa020-ad69-41cd-b3d4-fd7af0414e94?inc=tags&fmt=json","chan":"stdout","logger":"task"}
{"timestamp":"2025-12-05T06:45:30.527214Z","level":"info","event":"{'name': 'Andy Grammer', 'id': '2oX42qP5ineK3hrhBECLmj', 'url': 'https://open.spotify.com/artist/2oX42qP5ineK3hrhBECLmj'}","chan":"stdout","logger":"task"}
{"timestamp":"2025-12-05T06:45:30.530803Z","level":"info","event":"https://musicbrainz.org/ws/2/url?resource=https://open.spotify.com/artist/2oX42qP5ineK3hrhBECLmj&inc=artist-rels&fmt=json","chan":"stdout","logger":"task"}
{"timestamp":"2025-12-05T06:45:30.662493Z","level":"info","event":"https://musicbrainz.org/ws/2/artist/9e60ea29-9607-4f7d-aa96-2092ef41f0d3?inc=tags&fmt=json","chan":"stdout","logger":"task"}
{"timestamp":"2025-12-05T06:45:31.780460Z","level":"info","event":"{'name': 'Brantley Gilbert', 'id': '5q8HGNo0BjLWaTAhRtbwxa', 'url': 'https://open.spotify.com/artist/5q8HGNo0BjLWaTAhRtbwxa'}","chan":"stdout","logger":"task"}
{"timestamp":"2025-12-05T06:45:31.785127Z","level":"info","event":"https://musicbrainz.org/ws/2/url?resource=https://open.spotify.com/artist/5q8HGNo0BjLWaTAhRtbwxa&inc=artist-rels&fmt=json","chan":"stdout","logger":"task"}
{"timestamp":"2025-12-05T06:45:31.912386Z","level":"info","event":"https://musicbrainz.org/ws/2/artist/9ad8aede-6938-48f2-93fa-908bc4da9ef6?inc=tags&fmt=json","chan":"stdout","logger":"task"}
{"timestamp":"2025-12-05T06:45:33.029706Z","level":"info","event":"{'name': 'Trace Adkins', 'id': '79FMDwzZQxHgSkIYBl3ODU', 'url': 'https://open.spotify.com/artist/79FMDwzZQxHgSkIYBl3ODU'}","chan":"stdout","logger":"task"}
{"timestamp":"2025-12-05T06:45:33.031125Z","level":"info","event":"https://musicbrainz.org/ws/2/url?resource=https://open.spotify.com/artist/79FMDwzZQxHgSkIYBl3ODU&inc=artist-rels&fmt=json","chan":"stdout","logger":"task"}
{"timestamp":"2025-12-05T06:45:33.152565Z","level":"info","event":"https://musicbrainz.org/ws/2/artist/3dc9c919-508f-4255-b05e-0eed6a28137d?inc=tags&fmt=json","chan":"stdout","logger":"task"}
{"timestamp":"2025-12-05T06:45:33.616998Z","level":"info","event":"Rate limit hit. Retrying in 1s...","chan":"stdout","logger":"task"}
{"timestamp":"2025-12-05T06:45:35.743621Z","level":"info","event":"{'name': 'J. Cole', 'id': '6l3HvQ5sa6mXTsMTB19rO5', 'url': 'https://open.spotify.com/artist/6l3HvQ5sa6mXTsMTB19rO5'}","chan":"stdout","logger":"task"}
{"timestamp":"2025-12-05T06:45:35.745982Z","level":"info","event":"https://musicbrainz.org/ws/2/url?resource=https://open.spotify.com/artist/6l3HvQ5sa6mXTsMTB19rO5&inc=artist-rels&fmt=json","chan":"stdout","logger":"task"}
{"timestamp":"2025-12-05T06:45:35.860794Z","level":"info","event":"https://musicbrainz.org/ws/2/artist/875203e1-8e58-4b86-8dcb-7190faf411c5?inc=tags&fmt=json","chan":"stdout","logger":"task"}
{"timestamp":"2025-12-05T06:45:36.982216Z","level":"info","event":"{'name': 'Red Hot Chili Peppers', 'id': '0L8ExT028jH3ddEcZwqJJ5', 'url': 'https://open.spotify.com/artist/0L8ExT028jH3ddEcZwqJJ5'}","chan":"stdout","logger":"task"}
{"timestamp":"2025-12-05T06:45:36.987835Z","level":"info","event":"https://musicbrainz.org/ws/2/url?resource=https://open.spotify.com/artist/0L8ExT028jH3ddEcZwqJJ5&inc=artist-rels&fmt=json","chan":"stdout","logger":"task"}
{"timestamp":"2025-12-05T06:45:37.109950Z","level":"info","event":"https://musicbrainz.org/ws/2/artist/8bfac288-ccc5-448d-9573-c33ea2aa5c30?inc=tags&fmt=json","chan":"stdout","logger":"task"}
{"timestamp":"2025-12-05T06:45:38.227622Z","level":"info","event":"{'name': 'Colbie Caillat', 'id': '6aZyMrc4doVtZyKNilOmwu', 'url': 'https://open.spotify.com/artist/6aZyMrc4doVtZyKNilOmwu'}","chan":"stdout","logger":"task"}
{"timestamp":"2025-12-05T06:45:38.228045Z","level":"info","event":"https://musicbrainz.org/ws/2/url?resource=https://open.spotify.com/artist/6aZyMrc4doVtZyKNilOmwu&inc=artist-rels&fmt=json","chan":"stdout","logger":"task"}
{"timestamp":"2025-12-05T06:45:38.346433Z","level":"info","event":"https://musicbrainz.org/ws/2/artist/efc8a006-d0c6-4a9b-8cb1-91ca770fa2b9?inc=tags&fmt=json","chan":"stdout","logger":"task"}
{"timestamp":"2025-12-05T06:45:39.457696Z","level":"info","event":"{'name': 'Wale', 'id': '67nwj3Y5sZQLl72VNUHEYE', 'url': 'https://open.spotify.com/artist/67nwj3Y5sZQLl72VNUHEYE'}","chan":"stdout","logger":"task"}
{"timestamp":"2025-12-05T06:45:39.459570Z","level":"info","event":"https://musicbrainz.org/ws/2/url?resource=https://open.spotify.com/artist/67nwj3Y5sZQLl72VNUHEYE&inc=artist-rels&fmt=json","chan":"stdout","logger":"task"}
{"timestamp":"2025-12-05T06:45:39.579193Z","level":"info","event":"https://musicbrainz.org/ws/2/artist/e34e41f2-f480-45d3-8190-a3ce5ab34fab?inc=tags&fmt=json","chan":"stdout","logger":"task"}
{"timestamp":"2025-12-05T06:45:40.690580Z","level":"info","event":"{'name': 'Jeremih', 'id': '3KV3p5EY4AvKxOlhGHORLg', 'url': 'https://open.spotify.com/artist/3KV3p5EY4AvKxOlhGHORLg'}","chan":"stdout","logger":"task"}
{"timestamp":"2025-12-05T06:45:40.690980Z","level":"info","event":"https://musicbrainz.org/ws/2/url?resource=https://open.spotify.com/artist/3KV3p5EY4AvKxOlhGHORLg&inc=artist-rels&fmt=json","chan":"stdout","logger":"task"}
{"timestamp":"2025-12-05T06:45:40.797308Z","level":"info","event":"https://musicbrainz.org/ws/2/artist/1c009a08-74d1-4682-bc56-8bfbe9e66b62?inc=tags&fmt=json","chan":"stdout","logger":"task"}
{"timestamp":"2025-12-05T06:45:41.910255Z","level":"info","event":"{'name': 'Miguel', 'id': '360IAlyVv4PCEVjgyMZrxK', 'url': 'https://open.spotify.com/artist/360IAlyVv4PCEVjgyMZrxK'}","chan":"stdout","logger":"task"}
{"timestamp":"2025-12-05T06:45:41.911181Z","level":"info","event":"https://musicbrainz.org/ws/2/url?resource=https://open.spotify.com/artist/360IAlyVv4PCEVjgyMZrxK&inc=artist-rels&fmt=json","chan":"stdout","logger":"task"}
{"timestamp":"2025-12-05T06:45:42.029610Z","level":"info","event":"https://musicbrainz.org/ws/2/artist/285e1285-aecc-478f-a8da-0c8cf69e1217?inc=tags&fmt=json","chan":"stdout","logger":"task"}
{"timestamp":"2025-12-05T06:45:43.134396Z","level":"info","event":"{'name': 'Iyaz', 'id': '5tKXB9uuebKE34yowVaU3C', 'url': 'https://open.spotify.com/artist/5tKXB9uuebKE34yowVaU3C'}","chan":"stdout","logger":"task"}
{"timestamp":"2025-12-05T06:45:43.135361Z","level":"info","event":"https://musicbrainz.org/ws/2/url?resource=https://open.spotify.com/artist/5tKXB9uuebKE34yowVaU3C&inc=artist-rels&fmt=json","chan":"stdout","logger":"task"}
{"timestamp":"2025-12-05T06:45:43.240591Z","level":"info","event":"https://musicbrainz.org/ws/2/artist/3bf30073-ce4e-4207-88d2-ad83677b0387?inc=tags&fmt=json","chan":"stdout","logger":"task"}
{"timestamp":"2025-12-05T06:45:44.347980Z","level":"info","event":"{'name': 'Travie McCoy', 'id': '7o9Nl7K1Al6NNAHX6jn6iG', 'url': 'https://open.spotify.com/artist/7o9Nl7K1Al6NNAHX6jn6iG'}","chan":"stdout","logger":"task"}
{"timestamp":"2025-12-05T06:45:44.349704Z","level":"info","event":"https://musicbrainz.org/ws/2/url?resource=https://open.spotify.com/artist/7o9Nl7K1Al6NNAHX6jn6iG&inc=artist-rels&fmt=json","chan":"stdout","logger":"task"}
{"timestamp":"2025-12-05T06:45:44.472761Z","level":"info","event":"Rate limit hit. Retrying in 1s...","chan":"stdout","logger":"task"}
{"timestamp":"2025-12-05T06:45:45.592180Z","level":"info","event":"https://musicbrainz.org/ws/2/artist/76bf7aec-83f0-47a9-8964-eea180b99ac2?inc=tags&fmt=json","chan":"stdout","logger":"task"}
{"timestamp":"2025-12-05T06:45:46.714437Z","level":"info","event":"{'name': 'Mindless Behavior', 'id': '2waKklOyXKNqhqIOmE4yBA', 'url': 'https://open.spotify.com/artist/2waKklOyXKNqhqIOmE4yBA'}","chan":"stdout","logger":"task"}
{"timestamp":"2025-12-05T06:45:46.719940Z","level":"info","event":"https://musicbrainz.org/ws/2/url?resource=https://open.spotify.com/artist/2waKklOyXKNqhqIOmE4yBA&inc=artist-rels&fmt=json","chan":"stdout","logger":"task"}
{"timestamp":"2025-12-05T06:45:46.846044Z","level":"info","event":"https://musicbrainz.org/ws/2/artist/b5ddbf00-9166-41a2-ba10-4e80b029dab6?inc=tags&fmt=json","chan":"stdout","logger":"task"}
{"timestamp":"2025-12-05T06:45:47.958106Z","level":"info","event":"{'name': 'Diggy Simmons', 'id': '28ABOA2akZrXN9kQpqwvVg', 'url': 'https://open.spotify.com/artist/28ABOA2akZrXN9kQpqwvVg'}","chan":"stdout","logger":"task"}
{"timestamp":"2025-12-05T06:45:47.962224Z","level":"info","event":"https://musicbrainz.org/ws/2/url?resource=https://open.spotify.com/artist/28ABOA2akZrXN9kQpqwvVg&inc=artist-rels&fmt=json","chan":"stdout","logger":"task"}
{"timestamp":"2025-12-05T06:45:48.083112Z","level":"info","event":"HTTP 404: Not Found","chan":"stdout","logger":"task"}
{"timestamp":"2025-12-05T06:45:48.083320Z","level":"info","event":"unable to get mbid for https://open.spotify.com/artist/28ABOA2akZrXN9kQpqwvVg","chan":"stdout","logger":"task"}
{"timestamp":"2025-12-05T06:45:49.089724Z","level":"info","event":"{'name': 'Marc Anthony', 'id': '4wLXwxDeWQ8mtUIRPxGiD6', 'url': 'https://open.spotify.com/artist/4wLXwxDeWQ8mtUIRPxGiD6'}","chan":"stdout","logger":"task"}
{"timestamp":"2025-12-05T06:45:49.096175Z","level":"info","event":"https://musicbrainz.org/ws/2/url?resource=https://open.spotify.com/artist/4wLXwxDeWQ8mtUIRPxGiD6&inc=artist-rels&fmt=json","chan":"stdout","logger":"task"}
{"timestamp":"2025-12-05T06:45:49.215820Z","level":"info","event":"https://musicbrainz.org/ws/2/artist/25607613-aceb-445a-8519-83a2ee0f8402?inc=tags&fmt=json","chan":"stdout","logger":"task"}
{"timestamp":"2025-12-05T06:45:50.324111Z","level":"info","event":"{'name': 'Glee Cast', 'id': '0SCbttzoZTnLFebDYmAWCm', 'url': 'https://open.spotify.com/artist/0SCbttzoZTnLFebDYmAWCm'}","chan":"stdout","logger":"task"}
{"timestamp":"2025-12-05T06:45:50.326048Z","level":"info","event":"https://musicbrainz.org/ws/2/url?resource=https://open.spotify.com/artist/0SCbttzoZTnLFebDYmAWCm&inc=artist-rels&fmt=json","chan":"stdout","logger":"task"}
{"timestamp":"2025-12-05T06:45:50.485146Z","level":"info","event":"https://musicbrainz.org/ws/2/artist/29542149-a818-4167-aa91-439adc9d61f5?inc=tags&fmt=json","chan":"stdout","logger":"task"}
{"timestamp":"2025-12-05T06:45:51.651481Z","level":"info","event":"{'name': 'Darren Criss', 'id': '3nQ59hkeciYoR6RreQL4Rv', 'url': 'https://open.spotify.com/artist/3nQ59hkeciYoR6RreQL4Rv'}","chan":"stdout","logger":"task"}
{"timestamp":"2025-12-05T06:45:51.657897Z","level":"info","event":"https://musicbrainz.org/ws/2/url?resource=https://open.spotify.com/artist/3nQ59hkeciYoR6RreQL4Rv&inc=artist-rels&fmt=json","chan":"stdout","logger":"task"}
{"timestamp":"2025-12-05T06:45:51.818915Z","level":"info","event":"https://musicbrainz.org/ws/2/artist/989a05be-85e2-4586-a5f4-4207a0a28391?inc=tags&fmt=json","chan":"stdout","logger":"task"}
{"timestamp":"2025-12-05T06:45:52.992046Z","level":"info","event":"{'name': 'Ludacris', 'id': '3ipn9JLAPI5GUEo4y4jcoi', 'url': 'https://open.spotify.com/artist/3ipn9JLAPI5GUEo4y4jcoi'}","chan":"stdout","logger":"task"}
{"timestamp":"2025-12-05T06:45:52.995789Z","level":"info","event":"https://musicbrainz.org/ws/2/url?resource=https://open.spotify.com/artist/3ipn9JLAPI5GUEo4y4jcoi&inc=artist-rels&fmt=json","chan":"stdout","logger":"task"}
{"timestamp":"2025-12-05T06:45:53.102356Z","level":"info","event":"https://musicbrainz.org/ws/2/artist/0638ba22-040f-438d-83a5-9b670c4adaf5?inc=tags&fmt=json","chan":"stdout","logger":"task"}
{"timestamp":"2025-12-05T06:45:54.214481Z","level":"info","event":"{'name': 'Eric Church', 'id': '2IvkS5MXK0vPGnwyJsrEyV', 'url': 'https://open.spotify.com/artist/2IvkS5MXK0vPGnwyJsrEyV'}","chan":"stdout","logger":"task"}
{"timestamp":"2025-12-05T06:45:54.215616Z","level":"info","event":"https://musicbrainz.org/ws/2/url?resource=https://open.spotify.com/artist/2IvkS5MXK0vPGnwyJsrEyV&inc=artist-rels&fmt=json","chan":"stdout","logger":"task"}
{"timestamp":"2025-12-05T06:45:54.362792Z","level":"info","event":"https://musicbrainz.org/ws/2/artist/15856215-cc51-4423-879c-9ac955ccb11a?inc=tags&fmt=json","chan":"stdout","logger":"task"}
{"timestamp":"2025-12-05T06:45:55.512282Z","level":"info","event":"{'name': 'Jerrod Niemann', 'id': '0RKP52f5PNDCRZ9Luq2Sr7', 'url': 'https://open.spotify.com/artist/0RKP52f5PNDCRZ9Luq2Sr7'}","chan":"stdout","logger":"task"}
{"timestamp":"2025-12-05T06:45:55.514764Z","level":"info","event":"https://musicbrainz.org/ws/2/url?resource=https://open.spotify.com/artist/0RKP52f5PNDCRZ9Luq2Sr7&inc=artist-rels&fmt=json","chan":"stdout","logger":"task"}
{"timestamp":"2025-12-05T06:45:55.622859Z","level":"info","event":"https://musicbrainz.org/ws/2/artist/0b88f9de-7c37-4800-9d6a-04ce6c20b76c?inc=tags&fmt=json","chan":"stdout","logger":"task"}
{"timestamp":"2025-12-05T06:45:56.737560Z","level":"info","event":"{'name': 'Lloyd', 'id': '1Xfmvd48oOhEWkscWyEbh9', 'url': 'https://open.spotify.com/artist/1Xfmvd48oOhEWkscWyEbh9'}","chan":"stdout","logger":"task"}
{"timestamp":"2025-12-05T06:45:56.741551Z","level":"info","event":"https://musicbrainz.org/ws/2/url?resource=https://open.spotify.com/artist/1Xfmvd48oOhEWkscWyEbh9&inc=artist-rels&fmt=json","chan":"stdout","logger":"task"}
{"timestamp":"2025-12-05T06:45:56.888998Z","level":"info","event":"https://musicbrainz.org/ws/2/artist/e9296a90-9c59-4657-9165-1f1b5319de00?inc=tags&fmt=json","chan":"stdout","logger":"task"}
{"timestamp":"2025-12-05T06:45:58.034721Z","level":"info","event":"{'name': 'André 3000', 'id': '74V3dE1a51skRkdII8y2C6', 'url': 'https://open.spotify.com/artist/74V3dE1a51skRkdII8y2C6'}","chan":"stdout","logger":"task"}
{"timestamp":"2025-12-05T06:45:58.036082Z","level":"info","event":"https://musicbrainz.org/ws/2/url?resource=https://open.spotify.com/artist/74V3dE1a51skRkdII8y2C6&inc=artist-rels&fmt=json","chan":"stdout","logger":"task"}
{"timestamp":"2025-12-05T06:45:58.194372Z","level":"info","event":"https://musicbrainz.org/ws/2/artist/f563a1a9-069b-41ed-8b3b-e1b1a6f5b34b?inc=tags&fmt=json","chan":"stdout","logger":"task"}
{"timestamp":"2025-12-05T06:45:59.480672Z","level":"info","event":"{'name': 'AWOLNATION', 'id': '4njdEjTnLfcGImKZu1iSrz', 'url': 'https://open.spotify.com/artist/4njdEjTnLfcGImKZu1iSrz'}","chan":"stdout","logger":"task"}
{"timestamp":"2025-12-05T06:45:59.484275Z","level":"info","event":"https://musicbrainz.org/ws/2/url?resource=https://open.spotify.com/artist/4njdEjTnLfcGImKZu1iSrz&inc=artist-rels&fmt=json","chan":"stdout","logger":"task"}
{"timestamp":"2025-12-05T06:45:59.607323Z","level":"info","event":"https://musicbrainz.org/ws/2/artist/77b29df2-056e-409e-a1b2-5e2bbfe421c4?inc=tags&fmt=json","chan":"stdout","logger":"task"}
{"timestamp":"2025-12-05T06:46:00.725074Z","level":"info","event":"{'name': 'Sean Paul', 'id': '3Isy6kedDrgPYoTS1dazA9', 'url': 'https://open.spotify.com/artist/3Isy6kedDrgPYoTS1dazA9'}","chan":"stdout","logger":"task"}
{"timestamp":"2025-12-05T06:46:00.729418Z","level":"info","event":"https://musicbrainz.org/ws/2/url?resource=https://open.spotify.com/artist/3Isy6kedDrgPYoTS1dazA9&inc=artist-rels&fmt=json","chan":"stdout","logger":"task"}
{"timestamp":"2025-12-05T06:46:00.848290Z","level":"info","event":"https://musicbrainz.org/ws/2/artist/c3da3346-2643-48a7-93cd-011f6834b3d7?inc=tags&fmt=json","chan":"stdout","logger":"task"}
{"timestamp":"2025-12-05T06:46:01.960808Z","level":"info","event":"{'name': 'Alexis Jordan', 'id': '5LmYIx9kSWBJOWbP4xAxb1', 'url': 'https://open.spotify.com/artist/5LmYIx9kSWBJOWbP4xAxb1'}","chan":"stdout","logger":"task"}
{"timestamp":"2025-12-05T06:46:01.961193Z","level":"info","event":"https://musicbrainz.org/ws/2/url?resource=https://open.spotify.com/artist/5LmYIx9kSWBJOWbP4xAxb1&inc=artist-rels&fmt=json","chan":"stdout","logger":"task"}
{"timestamp":"2025-12-05T06:46:02.070335Z","level":"info","event":"https://musicbrainz.org/ws/2/artist/288414bb-2cfc-4ce8-a221-7505071d1b4d?inc=tags&fmt=json","chan":"stdout","logger":"task"}
{"timestamp":"2025-12-05T06:46:03.194856Z","level":"info","event":"{'name': 'Matt Nathanson', 'id': '4NGiEU3Pkd8ASRyQR30jcA', 'url': 'https://open.spotify.com/artist/4NGiEU3Pkd8ASRyQR30jcA'}","chan":"stdout","logger":"task"}
{"timestamp":"2025-12-05T06:46:03.195873Z","level":"info","event":"https://musicbrainz.org/ws/2/url?resource=https://open.spotify.com/artist/4NGiEU3Pkd8ASRyQR30jcA&inc=artist-rels&fmt=json","chan":"stdout","logger":"task"}
{"timestamp":"2025-12-05T06:46:03.309463Z","level":"info","event":"https://musicbrainz.org/ws/2/artist/e28dbf43-a2d9-4651-908f-1879ad67d30e?inc=tags&fmt=json","chan":"stdout","logger":"task"}
{"timestamp":"2025-12-05T06:46:04.429829Z","level":"info","event":"{'name': 'David Nail', 'id': '4DZGvSv2oMkBUnPz67E6z6', 'url': 'https://open.spotify.com/artist/4DZGvSv2oMkBUnPz67E6z6'}","chan":"stdout","logger":"task"}
{"timestamp":"2025-12-05T06:46:04.434196Z","level":"info","event":"https://musicbrainz.org/ws/2/url?resource=https://open.spotify.com/artist/4DZGvSv2oMkBUnPz67E6z6&inc=artist-rels&fmt=json","chan":"stdout","logger":"task"}
{"timestamp":"2025-12-05T06:46:04.559307Z","level":"info","event":"https://musicbrainz.org/ws/2/artist/a73662ac-647d-4ca4-b26d-162a0d5c5a8e?inc=tags&fmt=json","chan":"stdout","logger":"task"}
{"timestamp":"2025-12-05T06:46:04.695185Z","level":"info","event":"Rate limit hit. Retrying in 1s...","chan":"stdout","logger":"task"}
{"timestamp":"2025-12-05T06:46:06.836052Z","level":"info","event":"{'name': 'Sarah Buxton', 'id': '2xTlb6eueddQmWsxImpDbP', 'url': 'https://open.spotify.com/artist/2xTlb6eueddQmWsxImpDbP'}","chan":"stdout","logger":"task"}
{"timestamp":"2025-12-05T06:46:06.841298Z","level":"info","event":"https://musicbrainz.org/ws/2/url?resource=https://open.spotify.com/artist/2xTlb6eueddQmWsxImpDbP&inc=artist-rels&fmt=json","chan":"stdout","logger":"task"}
{"timestamp":"2025-12-05T06:46:06.957843Z","level":"info","event":"https://musicbrainz.org/ws/2/artist/70462fb1-10ea-4f1f-8b35-84cf96d1740d?inc=tags&fmt=json","chan":"stdout","logger":"task"}
{"timestamp":"2025-12-05T06:46:08.069201Z","level":"info","event":"{'name': 'Thompson Square', 'id': '0Bvs8yPjrQSbmVIRqSg1Sp', 'url': 'https://open.spotify.com/artist/0Bvs8yPjrQSbmVIRqSg1Sp'}","chan":"stdout","logger":"task"}
{"timestamp":"2025-12-05T06:46:08.069763Z","level":"info","event":"https://musicbrainz.org/ws/2/url?resource=https://open.spotify.com/artist/0Bvs8yPjrQSbmVIRqSg1Sp&inc=artist-rels&fmt=json","chan":"stdout","logger":"task"}
{"timestamp":"2025-12-05T06:46:08.208598Z","level":"info","event":"HTTP 404: Not Found","chan":"stdout","logger":"task"}
{"timestamp":"2025-12-05T06:46:08.308634Z","level":"info","event":"unable to get mbid for https://open.spotify.com/artist/0Bvs8yPjrQSbmVIRqSg1Sp","chan":"stdout","logger":"task"}
{"timestamp":"2025-12-05T06:46:09.222580Z","level":"info","event":"{'name': 'blink-182', 'id': '6FBDaR13swtiWwGhX1WQsP', 'url': 'https://open.spotify.com/artist/6FBDaR13swtiWwGhX1WQsP'}","chan":"stdout","logger":"task"}
{"timestamp":"2025-12-05T06:46:09.225447Z","level":"info","event":"https://musicbrainz.org/ws/2/url?resource=https://open.spotify.com/artist/6FBDaR13swtiWwGhX1WQsP&inc=artist-rels&fmt=json","chan":"stdout","logger":"task"}
{"timestamp":"2025-12-05T06:46:09.387455Z","level":"info","event":"https://musicbrainz.org/ws/2/artist/0743b15a-3c32-48c8-ad58-cb325350befa?inc=tags&fmt=json","chan":"stdout","logger":"task"}
{"timestamp":"2025-12-05T06:46:10.538943Z","level":"info","event":"{'name': 'Steve Holy', 'id': '0iYwcf0XreyCAswJOJMOII', 'url': 'https://open.spotify.com/artist/0iYwcf0XreyCAswJOJMOII'}","chan":"stdout","logger":"task"}
{"timestamp":"2025-12-05T06:46:10.539828Z","level":"info","event":"https://musicbrainz.org/ws/2/url?resource=https://open.spotify.com/artist/0iYwcf0XreyCAswJOJMOII&inc=artist-rels&fmt=json","chan":"stdout","logger":"task"}
{"timestamp":"2025-12-05T06:46:10.673856Z","level":"info","event":"HTTP 404: Not Found","chan":"stdout","logger":"task"}
{"timestamp":"2025-12-05T06:46:10.674968Z","level":"info","event":"unable to get mbid for https://open.spotify.com/artist/0iYwcf0XreyCAswJOJMOII","chan":"stdout","logger":"task"}
{"timestamp":"2025-12-05T06:46:11.683193Z","level":"info","event":"{'name': 'Luke Bryan', 'id': '0BvkDsjIUla7X0k6CSWh1I', 'url': 'https://open.spotify.com/artist/0BvkDsjIUla7X0k6CSWh1I'}","chan":"stdout","logger":"task"}
{"timestamp":"2025-12-05T06:46:11.684383Z","level":"info","event":"https://musicbrainz.org/ws/2/url?resource=https://open.spotify.com/artist/0BvkDsjIUla7X0k6CSWh1I&inc=artist-rels&fmt=json","chan":"stdout","logger":"task"}
{"timestamp":"2025-12-05T06:46:11.817846Z","level":"info","event":"https://musicbrainz.org/ws/2/artist/aab35942-f176-4f77-bbf9-1d6aa98ccf3f?inc=tags&fmt=json","chan":"stdout","logger":"task"}
{"timestamp":"2025-12-05T06:46:12.930718Z","level":"info","event":"{'name': 'Darius Rucker', 'id': '7FY5V3XMwlNBPitEjXowHQ', 'url': 'https://open.spotify.com/artist/7FY5V3XMwlNBPitEjXowHQ'}","chan":"stdout","logger":"task"}
{"timestamp":"2025-12-05T06:46:12.933043Z","level":"info","event":"https://musicbrainz.org/ws/2/url?resource=https://open.spotify.com/artist/7FY5V3XMwlNBPitEjXowHQ&inc=artist-rels&fmt=json","chan":"stdout","logger":"task"}
{"timestamp":"2025-12-05T06:46:13.040633Z","level":"info","event":"https://musicbrainz.org/ws/2/artist/3ae70f76-ea53-4cc5-906e-d47a384202a1?inc=tags&fmt=json","chan":"stdout","logger":"task"}
{"timestamp":"2025-12-05T06:46:14.145745Z","level":"info","event":"{'name': 'Ace Hood', 'id': '31HjiqargV4NAw4GZqUale', 'url': 'https://open.spotify.com/artist/31HjiqargV4NAw4GZqUale'}","chan":"stdout","logger":"task"}
{"timestamp":"2025-12-05T06:46:14.149649Z","level":"info","event":"https://musicbrainz.org/ws/2/url?resource=https://open.spotify.com/artist/31HjiqargV4NAw4GZqUale&inc=artist-rels&fmt=json","chan":"stdout","logger":"task"}
{"timestamp":"2025-12-05T06:46:14.271885Z","level":"info","event":"https://musicbrainz.org/ws/2/artist/986ee464-cf8a-4e59-a71f-74756102067f?inc=tags&fmt=json","chan":"stdout","logger":"task"}
{"timestamp":"2025-12-05T06:46:15.389489Z","level":"info","event":"{'name': 'Craig Campbell', 'id': '7tkwiWhGKSuQV8LwPWceWN', 'url': 'https://open.spotify.com/artist/7tkwiWhGKSuQV8LwPWceWN'}","chan":"stdout","logger":"task"}
{"timestamp":"2025-12-05T06:46:15.390971Z","level":"info","event":"https://musicbrainz.org/ws/2/url?resource=https://open.spotify.com/artist/7tkwiWhGKSuQV8LwPWceWN&inc=artist-rels&fmt=json","chan":"stdout","logger":"task"}
{"timestamp":"2025-12-05T06:46:15.510225Z","level":"info","event":"https://musicbrainz.org/ws/2/artist/c78adef3-b5c6-4140-9816-73f8748d8a35?inc=tags&fmt=json","chan":"stdout","logger":"task"}
{"timestamp":"2025-12-05T06:46:16.623104Z","level":"info","event":"{'name': 'Kreayshawn', 'id': '51xJF4OqJPHWop1fv0VVyd', 'url': 'https://open.spotify.com/artist/51xJF4OqJPHWop1fv0VVyd'}","chan":"stdout","logger":"task"}
{"timestamp":"2025-12-05T06:46:16.628560Z","level":"info","event":"https://musicbrainz.org/ws/2/url?resource=https://open.spotify.com/artist/51xJF4OqJPHWop1fv0VVyd&inc=artist-rels&fmt=json","chan":"stdout","logger":"task"}
{"timestamp":"2025-12-05T06:46:16.745893Z","level":"info","event":"https://musicbrainz.org/ws/2/artist/b87b38cc-b446-4a0c-968a-addb0e244c9d?inc=tags&fmt=json","chan":"stdout","logger":"task"}
{"timestamp":"2025-12-05T06:46:17.855601Z","level":"info","event":"{'name': 'Foo Fighters', 'id': '7jy3rLJdDQY21OgRLCZ9sD', 'url': 'https://open.spotify.com/artist/7jy3rLJdDQY21OgRLCZ9sD'}","chan":"stdout","logger":"task"}
{"timestamp":"2025-12-05T06:46:17.857237Z","level":"info","event":"https://musicbrainz.org/ws/2/url?resource=https://open.spotify.com/artist/7jy3rLJdDQY21OgRLCZ9sD&inc=artist-rels&fmt=json","chan":"stdout","logger":"task"}
{"timestamp":"2025-12-05T06:46:17.978461Z","level":"info","event":"https://musicbrainz.org/ws/2/artist/67f66c07-6e61-4026-ade5-7e782fad3a5d?inc=tags&fmt=json","chan":"stdout","logger":"task"}
{"timestamp":"2025-12-05T06:46:19.086113Z","level":"info","event":"{'name': 'Tyga', 'id': '5LHRHt1k9lMyONurDHEdrp', 'url': 'https://open.spotify.com/artist/5LHRHt1k9lMyONurDHEdrp'}","chan":"stdout","logger":"task"}
{"timestamp":"2025-12-05T06:46:19.087872Z","level":"info","event":"https://musicbrainz.org/ws/2/url?resource=https://open.spotify.com/artist/5LHRHt1k9lMyONurDHEdrp&inc=artist-rels&fmt=json","chan":"stdout","logger":"task"}
{"timestamp":"2025-12-05T06:46:19.201782Z","level":"info","event":"https://musicbrainz.org/ws/2/artist/ce09ea31-3d4a-4487-a797-e315175457a0?inc=tags&fmt=json","chan":"stdout","logger":"task"}
{"timestamp":"2025-12-05T06:46:20.323049Z","level":"info","event":"{'name': 'Chris Richardson', 'id': '3c4tvPnssdxwBlCiQJM560', 'url': 'https://open.spotify.com/artist/3c4tvPnssdxwBlCiQJM560'}","chan":"stdout","logger":"task"}
{"timestamp":"2025-12-05T06:46:20.325042Z","level":"info","event":"https://musicbrainz.org/ws/2/url?resource=https://open.spotify.com/artist/3c4tvPnssdxwBlCiQJM560&inc=artist-rels&fmt=json","chan":"stdout","logger":"task"}
{"timestamp":"2025-12-05T06:46:20.467106Z","level":"info","event":"HTTP 404: Not Found","chan":"stdout","logger":"task"}
{"timestamp":"2025-12-05T06:46:20.467757Z","level":"info","event":"unable to get mbid for https://open.spotify.com/artist/3c4tvPnssdxwBlCiQJM560","chan":"stdout","logger":"task"}
{"timestamp":"2025-12-05T06:46:21.480839Z","level":"info","event":"{'name': 'Zac Brown Band', 'id': '6yJCxee7QumYr820xdIsjo', 'url': 'https://open.spotify.com/artist/6yJCxee7QumYr820xdIsjo'}","chan":"stdout","logger":"task"}
{"timestamp":"2025-12-05T06:46:21.483013Z","level":"info","event":"https://musicbrainz.org/ws/2/url?resource=https://open.spotify.com/artist/6yJCxee7QumYr820xdIsjo&inc=artist-rels&fmt=json","chan":"stdout","logger":"task"}
{"timestamp":"2025-12-05T06:46:21.613855Z","level":"info","event":"https://musicbrainz.org/ws/2/artist/507226f4-0842-4f43-950e-81a7017230ec?inc=tags&fmt=json","chan":"stdout","logger":"task"}
{"timestamp":"2025-12-05T06:46:22.728017Z","level":"info","event":"{'name': 'China Anne McClain', 'id': '6SvFyXN6qzhw95Bj4HoevV', 'url': 'https://open.spotify.com/artist/6SvFyXN6qzhw95Bj4HoevV'}","chan":"stdout","logger":"task"}
{"timestamp":"2025-12-05T06:46:22.729998Z","level":"info","event":"https://musicbrainz.org/ws/2/url?resource=https://open.spotify.com/artist/6SvFyXN6qzhw95Bj4HoevV&inc=artist-rels&fmt=json","chan":"stdout","logger":"task"}
{"timestamp":"2025-12-05T06:46:22.872668Z","level":"info","event":"https://musicbrainz.org/ws/2/artist/3d97031d-65c9-4363-8cce-9c262989f2ae?inc=tags&fmt=json","chan":"stdout","logger":"task"}
{"timestamp":"2025-12-05T06:46:24.042357Z","level":"info","event":"Fetching audio details for 99 songs...","chan":"stdout","logger":"task"}
{"timestamp":"2025-12-05T06:46:24.044080Z","level":"info","event":"  Fetching batch 1/3 (40 songs)...","chan":"stdout","logger":"task"}
{"timestamp":"2025-12-05T06:46:25.142929Z","level":"info","event":"  Retrieved 22 song details","chan":"stdout","logger":"task"}
{"timestamp":"2025-12-05T06:46:27.147893Z","level":"info","event":"  Fetching batch 2/3 (40 songs)...","chan":"stdout","logger":"task"}
{"timestamp":"2025-12-05T06:46:28.207737Z","level":"info","event":"  Retrieved 33 song details","chan":"stdout","logger":"task"}
{"timestamp":"2025-12-05T06:46:30.220692Z","level":"info","event":"  Fetching batch 3/3 (19 songs)...","chan":"stdout","logger":"task"}
{"timestamp":"2025-12-05T06:46:31.175067Z","level":"info","event":"  Retrieved 15 song details","chan":"stdout","logger":"task"}
{"timestamp":"2025-12-05T06:46:31.176360Z","level":"info","event":"Fetching audio analysis for 70 songs...","chan":"stdout","logger":"task"}
{"timestamp":"2025-12-05T06:46:43.564673Z","level":"info","event":"  Processing audio analysis 10/70...","chan":"stdout","logger":"task"}
{"timestamp":"2025-12-05T06:46:55.529390Z","level":"info","event":"  Processing audio analysis 20/70...","chan":"stdout","logger":"task"}
{"timestamp":"2025-12-05T06:47:07.218672Z","level":"info","event":"  Processing audio analysis 30/70...","chan":"stdout","logger":"task"}
{"timestamp":"2025-12-05T06:47:18.784721Z","level":"info","event":"  Processing audio analysis 40/70...","chan":"stdout","logger":"task"}
{"timestamp":"2025-12-05T06:47:28.515581Z","level":"info","event":"  Processing audio analysis 50/70...","chan":"stdout","logger":"task"}
{"timestamp":"2025-12-05T06:47:38.775033Z","level":"info","event":"  Processing audio analysis 60/70...","chan":"stdout","logger":"task"}
{"timestamp":"2025-12-05T06:47:48.948114Z","level":"info","event":"  Processing audio analysis 70/70...","chan":"stdout","logger":"task"}
{"timestamp":"2025-12-05T06:47:49.418778Z","level":"info","event":"Completed fetching audio details for 70 songs","chan":"stdout","logger":"task"}
{"timestamp":"2025-12-05T06:47:49.455918Z","level":"info","event":"DEBUG: DATABASE_URL value: postgresql+psycopg2:****@postgres/music_warehouse","chan":"stdout","logger":"task"}
{"timestamp":"2025-12-05T06:47:49.497861Z","level":"info","event":"TYPE OF ENGINE: <class 'sqlalchemy.engine.base.Engine'>","chan":"stdout","logger":"task"}
{"timestamp":"2025-12-05T06:47:49.498115Z","level":"info","event":"ENGINE DIR: ['__class__', '__delattr__', '__dict__', '__dir__', '__doc__', '__eq__', '__format__', '__ge__', '__getattribute__', '__getstate__', '__gt__', '__hash__', '__init__', '__init_subclass__', '__le__', '__lt__', '__module__', '__ne__', '__new__', '__reduce__', '__reduce_ex__', '__repr__', '__setattr__', '__sizeof__', '__str__', '__subclasshook__', '__weakref__', '_compiled_cache', '_connection_cls', '_echo', '_execute_clauseelement', '_execute_compiled', '_execute_default', '_execution_options', '_has_events', '_is_future', '_lru_size_alert', '_option_cls', '_optional_conn_ctx_manager', '_run_ddl_visitor', '_run_visitor', '_schema_translate_map', '_should_log_debug', '_should_log_info', '_sqla_logger_namespace', '_trans_ctx', '_wrap_pool_connect', 'begin', 'clear_compiled_cache', 'connect', 'dialect', 'dispatch', 'dispose', 'driver', 'echo', 'engine', 'execute', 'execution_options', 'get_execution_options', 'has_table', 'hide_parameters', 'logger', 'logging_name', 'name', 'pool', 'raw_connection', 'run_callable', 'scalar', 'table_names', 'transaction', 'update_execution_options', 'url']","chan":"stdout","logger":"task"}
{"timestamp":"2025-12-05T06:47:49.498252Z","level":"info","event":"IS SQLALCHEMY ENGINE: True","chan":"stdout","logger":"task"}
{"timestamp":"2025-12-05T06:47:49.498324Z","level":"info","event":"Database connection successful","chan":"stdout","logger":"task"}
{"timestamp":"2025-12-05T06:47:49.498380Z","level":"info","event":"Loading chart_weeks (1 rows)...","chan":"stdout","logger":"task"}
{"timestamp":"2025-12-05T06:47:49.526874Z","level":"info","event":"  Exported CSV to data_exports/chart_weeks.csv","chan":"stdout","logger":"task"}
{"timestamp":"2025-12-05T06:47:49.527786Z","level":"info","event":"Loading songs (99 rows)...","chan":"stdout","logger":"task"}
{"timestamp":"2025-12-05T06:47:49.544896Z","level":"info","event":"  Exported CSV to data_exports/songs.csv","chan":"stdout","logger":"task"}
{"timestamp":"2025-12-05T06:47:49.545522Z","level":"info","event":"Loading artists (113 rows)...","chan":"stdout","logger":"task"}
{"timestamp":"2025-12-05T06:47:49.553059Z","level":"info","event":"  Exported CSV to data_exports/artists.csv","chan":"stdout","logger":"task"}
{"timestamp":"2025-12-05T06:47:49.553628Z","level":"info","event":"Loading song_artists (143 rows)...","chan":"stdout","logger":"task"}
{"timestamp":"2025-12-05T06:47:49.559075Z","level":"info","event":"  Exported CSV to data_exports/song_artists.csv","chan":"stdout","logger":"task"}
{"timestamp":"2025-12-05T06:47:49.559748Z","level":"info","event":"Loading chart_entries (100 rows)...","chan":"stdout","logger":"task"}
{"timestamp":"2025-12-05T06:47:49.570074Z","level":"info","event":"  Exported CSV to data_exports/chart_entries.csv","chan":"stdout","logger":"task"}
{"timestamp":"2025-12-05T06:47:49.570757","level":"info","event":"Done. Returned value was: None","logger":"airflow.task.operators.airflow.providers.standard.operators.python.PythonOperator"}
{"timestamp":"2025-12-05T06:47:49.601901Z","level":"info","event":"Task instance in success state","chan":"stdout","logger":"task"}
{"timestamp":"2025-12-05T06:47:49.602289Z","level":"info","event":" Previous state of the Task instance: TaskInstanceState.RUNNING","chan":"stdout","logger":"task"}
{"timestamp":"2025-12-05T06:47:49.602763Z","level":"info","event":"Task operator:<Task(PythonOperator): load_music_data>","chan":"stdout","logger":"task"}
