{"timestamp":"2025-12-05T00:40:29.509850","level":"info","event":"DAG bundles loaded: dags-folder, example_dags","logger":"airflow.dag_processing.bundles.manager.DagBundlesManager"}
{"timestamp":"2025-12-05T00:40:29.510651","level":"info","event":"Filling up the DagBag from /opt/airflow/dags/music_load_dag.py","logger":"airflow.models.dagbag.DagBag"}
{"timestamp":"2025-12-05T00:40:29.918487Z","level":"info","event":"postgresql+psycopg2://airflow:airflow@postgres/airflow","chan":"stdout","logger":"task"}
{"timestamp":"2025-12-05T00:40:29.977319Z","level":"info","event":"Task instance is in running state","chan":"stdout","logger":"task"}
{"timestamp":"2025-12-05T00:40:29.977787Z","level":"info","event":" Previous state of the Task instance: TaskInstanceState.QUEUED","chan":"stdout","logger":"task"}
{"timestamp":"2025-12-05T00:40:29.977898Z","level":"info","event":"Current task name:load_music_data","chan":"stdout","logger":"task"}
{"timestamp":"2025-12-05T00:40:29.978059Z","level":"info","event":"Dag name:weekly_music_pipeline","chan":"stdout","logger":"task"}
{"timestamp":"2025-12-05T00:40:47.365729Z","level":"info","event":"  Searching Spotify for 100 songs...","chan":"stdout","logger":"task"}
{"timestamp":"2025-12-05T00:40:47.369205Z","level":"info","event":"  Processing song 1/100: California Gurls by Katy Perry Featuring Snoop Dogg","chan":"stdout","logger":"task"}
{"timestamp":"2025-12-05T00:40:48.001032Z","level":"info","event":"1","chan":"stdout","logger":"task"}
{"timestamp":"2025-12-05T00:40:48.899109Z","level":"info","event":"2","chan":"stdout","logger":"task"}
{"timestamp":"2025-12-05T00:40:49.564258Z","level":"info","event":"3","chan":"stdout","logger":"task"}
{"timestamp":"2025-12-05T00:40:50.149479Z","level":"info","event":"4","chan":"stdout","logger":"task"}
{"timestamp":"2025-12-05T00:40:50.764344Z","level":"info","event":"5","chan":"stdout","logger":"task"}
{"timestamp":"2025-12-05T00:40:51.570784Z","level":"info","event":"6","chan":"stdout","logger":"task"}
{"timestamp":"2025-12-05T00:40:52.378517Z","level":"info","event":"7","chan":"stdout","logger":"task"}
{"timestamp":"2025-12-05T00:40:53.298281Z","level":"info","event":"8","chan":"stdout","logger":"task"}
{"timestamp":"2025-12-05T00:40:54.124214Z","level":"info","event":"9","chan":"stdout","logger":"task"}
{"timestamp":"2025-12-05T00:40:54.124597Z","level":"info","event":"  Processing song 10/100: Ridin' Solo by Jason Derulo","chan":"stdout","logger":"task"}
{"timestamp":"2025-12-05T00:40:54.984331Z","level":"info","event":"10","chan":"stdout","logger":"task"}
{"timestamp":"2025-12-05T00:40:55.593785Z","level":"info","event":"11","chan":"stdout","logger":"task"}
{"timestamp":"2025-12-05T00:40:56.368012Z","level":"info","event":"12","chan":"stdout","logger":"task"}
{"timestamp":"2025-12-05T00:40:57.060512Z","level":"info","event":"13","chan":"stdout","logger":"task"}
{"timestamp":"2025-12-05T00:40:57.768270Z","level":"info","event":"14","chan":"stdout","logger":"task"}
{"timestamp":"2025-12-05T00:40:58.581168Z","level":"info","event":"15","chan":"stdout","logger":"task"}
{"timestamp":"2025-12-05T00:40:59.283711Z","level":"info","event":"16","chan":"stdout","logger":"task"}
{"timestamp":"2025-12-05T00:40:59.936853Z","level":"info","event":"17","chan":"stdout","logger":"task"}
{"timestamp":"2025-12-05T00:41:00.671322Z","level":"info","event":"18","chan":"stdout","logger":"task"}
{"timestamp":"2025-12-05T00:41:01.469216Z","level":"info","event":"19","chan":"stdout","logger":"task"}
{"timestamp":"2025-12-05T00:41:01.471508Z","level":"info","event":"  Processing song 20/100: Somebody To Love by Justin Bieber Featuring Usher","chan":"stdout","logger":"task"}
{"timestamp":"2025-12-05T00:41:02.070319Z","level":"info","event":"20","chan":"stdout","logger":"task"}
{"timestamp":"2025-12-05T00:41:02.616207Z","level":"info","event":"21","chan":"stdout","logger":"task"}
{"timestamp":"2025-12-05T00:41:03.419463Z","level":"info","event":"22","chan":"stdout","logger":"task"}
{"timestamp":"2025-12-05T00:41:04.077973Z","level":"info","event":"23","chan":"stdout","logger":"task"}
{"timestamp":"2025-12-05T00:41:04.893664Z","level":"info","event":"24","chan":"stdout","logger":"task"}
{"timestamp":"2025-12-05T00:41:05.511809Z","level":"info","event":"25","chan":"stdout","logger":"task"}
{"timestamp":"2025-12-05T00:41:06.090467Z","level":"info","event":"26","chan":"stdout","logger":"task"}
{"timestamp":"2025-12-05T00:41:07.018515Z","level":"info","event":"27","chan":"stdout","logger":"task"}
{"timestamp":"2025-12-05T00:41:07.579356Z","level":"info","event":"28","chan":"stdout","logger":"task"}
{"timestamp":"2025-12-05T00:41:08.421544Z","level":"info","event":"29","chan":"stdout","logger":"task"}
{"timestamp":"2025-12-05T00:41:08.422279Z","level":"info","event":"  Processing song 30/100: There Goes My Baby by Usher","chan":"stdout","logger":"task"}
{"timestamp":"2025-12-05T00:41:09.167643Z","level":"info","event":"30","chan":"stdout","logger":"task"}
{"timestamp":"2025-12-05T00:41:09.943229Z","level":"info","event":"31","chan":"stdout","logger":"task"}
{"timestamp":"2025-12-05T00:41:10.605592Z","level":"info","event":"32","chan":"stdout","logger":"task"}
{"timestamp":"2025-12-05T00:41:11.256610Z","level":"info","event":"33","chan":"stdout","logger":"task"}
{"timestamp":"2025-12-05T00:41:12.034444Z","level":"info","event":"34","chan":"stdout","logger":"task"}
{"timestamp":"2025-12-05T00:41:12.678296Z","level":"info","event":"35","chan":"stdout","logger":"task"}
{"timestamp":"2025-12-05T00:41:13.319607Z","level":"info","event":"36","chan":"stdout","logger":"task"}
{"timestamp":"2025-12-05T00:41:13.922497Z","level":"info","event":"37","chan":"stdout","logger":"task"}
{"timestamp":"2025-12-05T00:41:14.594772Z","level":"info","event":"38","chan":"stdout","logger":"task"}
{"timestamp":"2025-12-05T00:41:15.260752Z","level":"info","event":"39","chan":"stdout","logger":"task"}
{"timestamp":"2025-12-05T00:41:15.261328Z","level":"info","event":"  Processing song 40/100: Gettin' Over You by David Guetta & Chris Willis Featuring Fergie & LMFAO","chan":"stdout","logger":"task"}
{"timestamp":"2025-12-05T00:41:15.908613Z","level":"info","event":"40","chan":"stdout","logger":"task"}
{"timestamp":"2025-12-05T00:41:16.538980Z","level":"info","event":"41","chan":"stdout","logger":"task"}
{"timestamp":"2025-12-05T00:41:17.161563Z","level":"info","event":"42","chan":"stdout","logger":"task"}
{"timestamp":"2025-12-05T00:41:17.826897Z","level":"info","event":"43","chan":"stdout","logger":"task"}
{"timestamp":"2025-12-05T00:41:18.469357Z","level":"info","event":"44","chan":"stdout","logger":"task"}
{"timestamp":"2025-12-05T00:41:19.210155Z","level":"info","event":"45","chan":"stdout","logger":"task"}
{"timestamp":"2025-12-05T00:41:19.874685Z","level":"info","event":"46","chan":"stdout","logger":"task"}
{"timestamp":"2025-12-05T00:41:20.548076Z","level":"info","event":"47","chan":"stdout","logger":"task"}
{"timestamp":"2025-12-05T00:41:21.365532Z","level":"info","event":"48","chan":"stdout","logger":"task"}
{"timestamp":"2025-12-05T00:41:22.396497Z","level":"info","event":"49","chan":"stdout","logger":"task"}
{"timestamp":"2025-12-05T00:41:22.397226Z","level":"info","event":"  Processing song 50/100: Teach Me How To Dougie by Cali Swag District","chan":"stdout","logger":"task"}
{"timestamp":"2025-12-05T00:41:23.044993Z","level":"info","event":"50","chan":"stdout","logger":"task"}
{"timestamp":"2025-12-05T00:41:23.611809Z","level":"info","event":"51","chan":"stdout","logger":"task"}
{"timestamp":"2025-12-05T00:41:24.379026Z","level":"info","event":"52","chan":"stdout","logger":"task"}
{"timestamp":"2025-12-05T00:41:24.967713Z","level":"info","event":"53","chan":"stdout","logger":"task"}
{"timestamp":"2025-12-05T00:41:25.655440Z","level":"info","event":"54","chan":"stdout","logger":"task"}
{"timestamp":"2025-12-05T00:41:26.478794Z","level":"info","event":"55","chan":"stdout","logger":"task"}
{"timestamp":"2025-12-05T00:41:27.236304Z","level":"info","event":"56","chan":"stdout","logger":"task"}
{"timestamp":"2025-12-05T00:41:27.902628Z","level":"info","event":"57","chan":"stdout","logger":"task"}
{"timestamp":"2025-12-05T00:41:28.550993Z","level":"info","event":"58","chan":"stdout","logger":"task"}
{"timestamp":"2025-12-05T00:41:29.241955Z","level":"info","event":"59","chan":"stdout","logger":"task"}
{"timestamp":"2025-12-05T00:41:29.243255Z","level":"info","event":"  Processing song 60/100: Half Of My Heart by John Mayer","chan":"stdout","logger":"task"}
{"timestamp":"2025-12-05T00:41:30.069038Z","level":"info","event":"60","chan":"stdout","logger":"task"}
{"timestamp":"2025-12-05T00:41:30.920191Z","level":"info","event":"61","chan":"stdout","logger":"task"}
{"timestamp":"2025-12-05T00:41:31.625477Z","level":"info","event":"62","chan":"stdout","logger":"task"}
{"timestamp":"2025-12-05T00:41:32.461005Z","level":"info","event":"63","chan":"stdout","logger":"task"}
{"timestamp":"2025-12-05T00:41:33.095761Z","level":"info","event":"64","chan":"stdout","logger":"task"}
{"timestamp":"2025-12-05T00:41:33.785966Z","level":"info","event":"65","chan":"stdout","logger":"task"}
{"timestamp":"2025-12-05T00:41:34.408035Z","level":"info","event":"66","chan":"stdout","logger":"task"}
{"timestamp":"2025-12-05T00:41:35.019019Z","level":"info","event":"67","chan":"stdout","logger":"task"}
{"timestamp":"2025-12-05T00:41:35.793948Z","level":"info","event":"68","chan":"stdout","logger":"task"}
{"timestamp":"2025-12-05T00:41:36.424259Z","level":"info","event":"69","chan":"stdout","logger":"task"}
{"timestamp":"2025-12-05T00:41:36.425597Z","level":"info","event":"  Processing song 70/100: Secrets by OneRepublic","chan":"stdout","logger":"task"}
{"timestamp":"2025-12-05T00:41:37.163815Z","level":"info","event":"70","chan":"stdout","logger":"task"}
{"timestamp":"2025-12-05T00:41:37.811700Z","level":"info","event":"71","chan":"stdout","logger":"task"}
{"timestamp":"2025-12-05T00:41:38.607145Z","level":"info","event":"72","chan":"stdout","logger":"task"}
{"timestamp":"2025-12-05T00:41:39.381637Z","level":"info","event":"73","chan":"stdout","logger":"task"}
{"timestamp":"2025-12-05T00:41:39.967941Z","level":"info","event":"74","chan":"stdout","logger":"task"}
{"timestamp":"2025-12-05T00:41:40.713346Z","level":"info","event":"75","chan":"stdout","logger":"task"}
{"timestamp":"2025-12-05T00:41:41.319557Z","level":"info","event":"76","chan":"stdout","logger":"task"}
{"timestamp":"2025-12-05T00:41:41.939994Z","level":"info","event":"77","chan":"stdout","logger":"task"}
{"timestamp":"2025-12-05T00:41:42.616910Z","level":"info","event":"78","chan":"stdout","logger":"task"}
{"timestamp":"2025-12-05T00:41:43.558754Z","level":"info","event":"79","chan":"stdout","logger":"task"}
{"timestamp":"2025-12-05T00:41:43.566586Z","level":"info","event":"  Processing song 80/100: Farmer's Daughter by Rodney Atkins","chan":"stdout","logger":"task"}
{"timestamp":"2025-12-05T00:41:44.295980Z","level":"info","event":"80","chan":"stdout","logger":"task"}
{"timestamp":"2025-12-05T00:41:44.906768Z","level":"info","event":"81","chan":"stdout","logger":"task"}
{"timestamp":"2025-12-05T00:41:45.612567Z","level":"info","event":"82","chan":"stdout","logger":"task"}
{"timestamp":"2025-12-05T00:41:46.278651Z","level":"info","event":"83","chan":"stdout","logger":"task"}
{"timestamp":"2025-12-05T00:41:46.910576Z","level":"info","event":"84","chan":"stdout","logger":"task"}
{"timestamp":"2025-12-05T00:41:47.558827Z","level":"info","event":"85","chan":"stdout","logger":"task"}
{"timestamp":"2025-12-05T00:41:48.202879Z","level":"info","event":"86","chan":"stdout","logger":"task"}
{"timestamp":"2025-12-05T00:41:49.317841Z","level":"info","event":"87","chan":"stdout","logger":"task"}
{"timestamp":"2025-12-05T00:41:50.332466Z","level":"info","event":"88","chan":"stdout","logger":"task"}
{"timestamp":"2025-12-05T00:41:50.939989Z","level":"info","event":"89","chan":"stdout","logger":"task"}
{"timestamp":"2025-12-05T00:41:50.940959Z","level":"info","event":"  Processing song 90/100: 143 by Bobby Brackins Featuring Ray J","chan":"stdout","logger":"task"}
{"timestamp":"2025-12-05T00:41:51.797037Z","level":"info","event":"90","chan":"stdout","logger":"task"}
{"timestamp":"2025-12-05T00:41:52.527080Z","level":"info","event":"91","chan":"stdout","logger":"task"}
{"timestamp":"2025-12-05T00:41:53.325712Z","level":"info","event":"92","chan":"stdout","logger":"task"}
{"timestamp":"2025-12-05T00:41:54.010630Z","level":"info","event":"93","chan":"stdout","logger":"task"}
{"timestamp":"2025-12-05T00:41:54.624967Z","level":"info","event":"94","chan":"stdout","logger":"task"}
{"timestamp":"2025-12-05T00:41:55.372007Z","level":"info","event":"95","chan":"stdout","logger":"task"}
{"timestamp":"2025-12-05T00:41:56.188686Z","level":"info","event":"96","chan":"stdout","logger":"task"}
{"timestamp":"2025-12-05T00:41:56.881248Z","level":"info","event":"97","chan":"stdout","logger":"task"}
{"timestamp":"2025-12-05T00:41:57.810515Z","level":"info","event":"98","chan":"stdout","logger":"task"}
{"timestamp":"2025-12-05T00:41:58.936865Z","level":"info","event":"99","chan":"stdout","logger":"task"}
{"timestamp":"2025-12-05T00:41:58.937191Z","level":"info","event":"  Processing song 100/100: Never Say Never by Justin Bieber Featuring Jaden Smith","chan":"stdout","logger":"task"}
{"timestamp":"2025-12-05T00:41:59.549575Z","level":"info","event":"100","chan":"stdout","logger":"task"}
{"timestamp":"2025-12-05T00:41:59.550051Z","level":"info","event":"{'name': 'Katy Perry', 'id': '6jJ0s89eD6GaHleKKya26X', 'url': 'https://open.spotify.com/artist/6jJ0s89eD6GaHleKKya26X'}","chan":"stdout","logger":"task"}
{"timestamp":"2025-12-05T00:41:59.550167Z","level":"info","event":"https://musicbrainz.org/ws/2/url?resource=https://open.spotify.com/artist/6jJ0s89eD6GaHleKKya26X&inc=artist-rels&fmt=json","chan":"stdout","logger":"task"}
{"timestamp":"2025-12-05T00:41:59.888695Z","level":"info","event":"https://musicbrainz.org/ws/2/artist/122d63fc-8671-43e4-9752-34e846d62a9c?inc=tags&fmt=json","chan":"stdout","logger":"task"}
{"timestamp":"2025-12-05T00:42:01.004245Z","level":"info","event":"{'name': 'Snoop Dogg', 'id': '7hJcb9fa4alzcOq3EaNPoG', 'url': 'https://open.spotify.com/artist/7hJcb9fa4alzcOq3EaNPoG'}","chan":"stdout","logger":"task"}
{"timestamp":"2025-12-05T00:42:01.007081Z","level":"info","event":"https://musicbrainz.org/ws/2/url?resource=https://open.spotify.com/artist/7hJcb9fa4alzcOq3EaNPoG&inc=artist-rels&fmt=json","chan":"stdout","logger":"task"}
{"timestamp":"2025-12-05T00:42:01.120307Z","level":"info","event":"https://musicbrainz.org/ws/2/artist/f90e8b26-9e52-4669-a5c9-e28529c47894?inc=tags&fmt=json","chan":"stdout","logger":"task"}
{"timestamp":"2025-12-05T00:42:02.242575Z","level":"info","event":"{'name': 'Eminem', 'id': '7dGJo4pcD2V6oG8kP0tJRR', 'url': 'https://open.spotify.com/artist/7dGJo4pcD2V6oG8kP0tJRR'}","chan":"stdout","logger":"task"}
{"timestamp":"2025-12-05T00:42:02.243446Z","level":"info","event":"https://musicbrainz.org/ws/2/url?resource=https://open.spotify.com/artist/7dGJo4pcD2V6oG8kP0tJRR&inc=artist-rels&fmt=json","chan":"stdout","logger":"task"}
{"timestamp":"2025-12-05T00:42:02.361184Z","level":"info","event":"https://musicbrainz.org/ws/2/artist/b95ce3ff-3d05-4e87-9e01-c97b66af13d4?inc=tags&fmt=json","chan":"stdout","logger":"task"}
{"timestamp":"2025-12-05T00:42:03.500965Z","level":"info","event":"{'name': 'Rihanna', 'id': '5pKCCKE2ajJHZ9KAiaK11H', 'url': 'https://open.spotify.com/artist/5pKCCKE2ajJHZ9KAiaK11H'}","chan":"stdout","logger":"task"}
{"timestamp":"2025-12-05T00:42:03.502823Z","level":"info","event":"https://musicbrainz.org/ws/2/url?resource=https://open.spotify.com/artist/5pKCCKE2ajJHZ9KAiaK11H&inc=artist-rels&fmt=json","chan":"stdout","logger":"task"}
{"timestamp":"2025-12-05T00:42:03.637652Z","level":"info","event":"https://musicbrainz.org/ws/2/artist/73e5e69d-3554-40d8-8516-00cb38737a1c?inc=tags&fmt=json","chan":"stdout","logger":"task"}
{"timestamp":"2025-12-05T00:42:04.762366Z","level":"info","event":"{'name': 'B.o.B', 'id': '5ndkK3dpZLKtBklKjxNQwT', 'url': 'https://open.spotify.com/artist/5ndkK3dpZLKtBklKjxNQwT'}","chan":"stdout","logger":"task"}
{"timestamp":"2025-12-05T00:42:04.763333Z","level":"info","event":"https://musicbrainz.org/ws/2/url?resource=https://open.spotify.com/artist/5ndkK3dpZLKtBklKjxNQwT&inc=artist-rels&fmt=json","chan":"stdout","logger":"task"}
{"timestamp":"2025-12-05T00:42:04.881362Z","level":"info","event":"https://musicbrainz.org/ws/2/artist/94c338ff-1985-4429-9dc8-997b61bb5932?inc=tags&fmt=json","chan":"stdout","logger":"task"}
{"timestamp":"2025-12-05T00:42:06.010919Z","level":"info","event":"{'name': 'Hayley Williams', 'id': '6Rx1JKzBrSzoKQtmbVmBnM', 'url': 'https://open.spotify.com/artist/6Rx1JKzBrSzoKQtmbVmBnM'}","chan":"stdout","logger":"task"}
{"timestamp":"2025-12-05T00:42:06.012145Z","level":"info","event":"https://musicbrainz.org/ws/2/url?resource=https://open.spotify.com/artist/6Rx1JKzBrSzoKQtmbVmBnM&inc=artist-rels&fmt=json","chan":"stdout","logger":"task"}
{"timestamp":"2025-12-05T00:42:06.130530Z","level":"info","event":"https://musicbrainz.org/ws/2/artist/b4b5b5a7-feff-47d0-9458-83d0d135a692?inc=tags&fmt=json","chan":"stdout","logger":"task"}
{"timestamp":"2025-12-05T00:42:07.245937Z","level":"info","event":"{'name': 'USHER', 'id': '23zg3TcAtWQy7J6upgbUnj', 'url': 'https://open.spotify.com/artist/23zg3TcAtWQy7J6upgbUnj'}","chan":"stdout","logger":"task"}
{"timestamp":"2025-12-05T00:42:07.246936Z","level":"info","event":"https://musicbrainz.org/ws/2/url?resource=https://open.spotify.com/artist/23zg3TcAtWQy7J6upgbUnj&inc=artist-rels&fmt=json","chan":"stdout","logger":"task"}
{"timestamp":"2025-12-05T00:42:07.363133Z","level":"info","event":"https://musicbrainz.org/ws/2/artist/3414d446-735a-443c-931f-10634f57e5b9?inc=tags&fmt=json","chan":"stdout","logger":"task"}
{"timestamp":"2025-12-05T00:42:08.492879Z","level":"info","event":"{'name': 'will.i.am', 'id': '085pc2PYOi8bGKj0PNjekA', 'url': 'https://open.spotify.com/artist/085pc2PYOi8bGKj0PNjekA'}","chan":"stdout","logger":"task"}
{"timestamp":"2025-12-05T00:42:08.493554Z","level":"info","event":"https://musicbrainz.org/ws/2/url?resource=https://open.spotify.com/artist/085pc2PYOi8bGKj0PNjekA&inc=artist-rels&fmt=json","chan":"stdout","logger":"task"}
{"timestamp":"2025-12-05T00:42:08.612563Z","level":"info","event":"https://musicbrainz.org/ws/2/artist/d574c9bd-46f6-440a-8d6a-8412a283eeb1?inc=tags&fmt=json","chan":"stdout","logger":"task"}
{"timestamp":"2025-12-05T00:42:08.718727Z","level":"info","event":"Rate limit hit. Retrying in 1s...","chan":"stdout","logger":"task"}
{"timestamp":"2025-12-05T00:42:09.842503Z","level":"info","event":"Rate limit hit. Retrying in 2s...","chan":"stdout","logger":"task"}
{"timestamp":"2025-12-05T00:42:12.963746Z","level":"info","event":"{'name': 'Travie McCoy', 'id': '7o9Nl7K1Al6NNAHX6jn6iG', 'url': 'https://open.spotify.com/artist/7o9Nl7K1Al6NNAHX6jn6iG'}","chan":"stdout","logger":"task"}
{"timestamp":"2025-12-05T00:42:12.967637Z","level":"info","event":"https://musicbrainz.org/ws/2/url?resource=https://open.spotify.com/artist/7o9Nl7K1Al6NNAHX6jn6iG&inc=artist-rels&fmt=json","chan":"stdout","logger":"task"}
{"timestamp":"2025-12-05T00:42:13.072120Z","level":"info","event":"https://musicbrainz.org/ws/2/artist/76bf7aec-83f0-47a9-8964-eea180b99ac2?inc=tags&fmt=json","chan":"stdout","logger":"task"}
{"timestamp":"2025-12-05T00:42:14.181744Z","level":"info","event":"{'name': 'Bruno Mars', 'id': '0du5cEVh5yTK9QJze8zA0C', 'url': 'https://open.spotify.com/artist/0du5cEVh5yTK9QJze8zA0C'}","chan":"stdout","logger":"task"}
{"timestamp":"2025-12-05T00:42:14.186107Z","level":"info","event":"https://musicbrainz.org/ws/2/url?resource=https://open.spotify.com/artist/0du5cEVh5yTK9QJze8zA0C&inc=artist-rels&fmt=json","chan":"stdout","logger":"task"}
{"timestamp":"2025-12-05T00:42:14.298759Z","level":"info","event":"https://musicbrainz.org/ws/2/artist/afb680f2-b6eb-4cd7-a70b-a63b25c763d5?inc=tags&fmt=json","chan":"stdout","logger":"task"}
{"timestamp":"2025-12-05T00:42:15.406310Z","level":"info","event":"{'name': 'Taio Cruz', 'id': '6MF9fzBmfXghAz953czmBC', 'url': 'https://open.spotify.com/artist/6MF9fzBmfXghAz953czmBC'}","chan":"stdout","logger":"task"}
{"timestamp":"2025-12-05T00:42:15.406479Z","level":"info","event":"https://musicbrainz.org/ws/2/url?resource=https://open.spotify.com/artist/6MF9fzBmfXghAz953czmBC&inc=artist-rels&fmt=json","chan":"stdout","logger":"task"}
{"timestamp":"2025-12-05T00:42:15.519346Z","level":"info","event":"https://musicbrainz.org/ws/2/artist/ba7d2626-38ce-4859-8495-bdb5732715c4?inc=tags&fmt=json","chan":"stdout","logger":"task"}
{"timestamp":"2025-12-05T00:42:16.646167Z","level":"info","event":"{'name': 'Mike Posner', 'id': '2KsP6tYLJlTBvSUxnwlVWa', 'url': 'https://open.spotify.com/artist/2KsP6tYLJlTBvSUxnwlVWa'}","chan":"stdout","logger":"task"}
{"timestamp":"2025-12-05T00:42:16.648485Z","level":"info","event":"https://musicbrainz.org/ws/2/url?resource=https://open.spotify.com/artist/2KsP6tYLJlTBvSUxnwlVWa&inc=artist-rels&fmt=json","chan":"stdout","logger":"task"}
{"timestamp":"2025-12-05T00:42:16.774726Z","level":"info","event":"https://musicbrainz.org/ws/2/artist/5b64e344-b2fb-47bd-bd7b-4c793b17d472?inc=tags&fmt=json","chan":"stdout","logger":"task"}
{"timestamp":"2025-12-05T00:42:17.926005Z","level":"info","event":"{'name': 'Gigamesh', 'id': '1Bo8Afb2Qbjs4x6kJHyjle', 'url': 'https://open.spotify.com/artist/1Bo8Afb2Qbjs4x6kJHyjle'}","chan":"stdout","logger":"task"}
{"timestamp":"2025-12-05T00:42:17.926634Z","level":"info","event":"https://musicbrainz.org/ws/2/url?resource=https://open.spotify.com/artist/1Bo8Afb2Qbjs4x6kJHyjle&inc=artist-rels&fmt=json","chan":"stdout","logger":"task"}
{"timestamp":"2025-12-05T00:42:18.033635Z","level":"info","event":"https://musicbrainz.org/ws/2/artist/3f7c8b63-471b-4fd8-962c-6a9de83649b6?inc=tags&fmt=json","chan":"stdout","logger":"task"}
{"timestamp":"2025-12-05T00:42:19.324993Z","level":"info","event":"{'name': 'Enrique Iglesias', 'id': '7qG3b048QCHVRO5Pv1T5lw', 'url': 'https://open.spotify.com/artist/7qG3b048QCHVRO5Pv1T5lw'}","chan":"stdout","logger":"task"}
{"timestamp":"2025-12-05T00:42:19.328420Z","level":"info","event":"https://musicbrainz.org/ws/2/url?resource=https://open.spotify.com/artist/7qG3b048QCHVRO5Pv1T5lw&inc=artist-rels&fmt=json","chan":"stdout","logger":"task"}
{"timestamp":"2025-12-05T00:42:19.449844Z","level":"info","event":"https://musicbrainz.org/ws/2/artist/35f866dc-c061-48ba-8157-cf2e0eac4857?inc=tags&fmt=json","chan":"stdout","logger":"task"}
{"timestamp":"2025-12-05T00:42:20.562755Z","level":"info","event":"{'name': 'Pitbull', 'id': '0TnOYISbd1XYRBk9myaseg', 'url': 'https://open.spotify.com/artist/0TnOYISbd1XYRBk9myaseg'}","chan":"stdout","logger":"task"}
{"timestamp":"2025-12-05T00:42:20.563484Z","level":"info","event":"https://musicbrainz.org/ws/2/url?resource=https://open.spotify.com/artist/0TnOYISbd1XYRBk9myaseg&inc=artist-rels&fmt=json","chan":"stdout","logger":"task"}
{"timestamp":"2025-12-05T00:42:20.683262Z","level":"info","event":"https://musicbrainz.org/ws/2/artist/d262ea27-3ffe-40f7-b922-85c42d625e67?inc=tags&fmt=json","chan":"stdout","logger":"task"}
{"timestamp":"2025-12-05T00:42:21.810478Z","level":"info","event":"{'name': 'Drake', 'id': '3TVXtAsR1Inumwj472S9r4', 'url': 'https://open.spotify.com/artist/3TVXtAsR1Inumwj472S9r4'}","chan":"stdout","logger":"task"}
{"timestamp":"2025-12-05T00:42:21.815374Z","level":"info","event":"https://musicbrainz.org/ws/2/url?resource=https://open.spotify.com/artist/3TVXtAsR1Inumwj472S9r4&inc=artist-rels&fmt=json","chan":"stdout","logger":"task"}
{"timestamp":"2025-12-05T00:42:21.932934Z","level":"info","event":"Rate limit hit. Retrying in 1s...","chan":"stdout","logger":"task"}
{"timestamp":"2025-12-05T00:42:23.059901Z","level":"info","event":"https://musicbrainz.org/ws/2/artist/9fff2f8a-21e6-47de-a2b8-7f449929d43f?inc=tags&fmt=json","chan":"stdout","logger":"task"}
{"timestamp":"2025-12-05T00:42:24.168727Z","level":"info","event":"{'name': 'Jason Derulo', 'id': '07YZf4WDAMNwqr4jfgOZ8y', 'url': 'https://open.spotify.com/artist/07YZf4WDAMNwqr4jfgOZ8y'}","chan":"stdout","logger":"task"}
{"timestamp":"2025-12-05T00:42:24.169594Z","level":"info","event":"https://musicbrainz.org/ws/2/url?resource=https://open.spotify.com/artist/07YZf4WDAMNwqr4jfgOZ8y&inc=artist-rels&fmt=json","chan":"stdout","logger":"task"}
{"timestamp":"2025-12-05T00:42:24.290695Z","level":"info","event":"https://musicbrainz.org/ws/2/artist/6de0f914-3e60-4418-be3b-42e0feb6eb4d?inc=tags&fmt=json","chan":"stdout","logger":"task"}
{"timestamp":"2025-12-05T00:42:25.413975Z","level":"info","event":"{'name': 'Kesha', 'id': '6LqNN22kT3074XbTVUrhzX', 'url': 'https://open.spotify.com/artist/6LqNN22kT3074XbTVUrhzX'}","chan":"stdout","logger":"task"}
{"timestamp":"2025-12-05T00:42:25.414406Z","level":"info","event":"https://musicbrainz.org/ws/2/url?resource=https://open.spotify.com/artist/6LqNN22kT3074XbTVUrhzX&inc=artist-rels&fmt=json","chan":"stdout","logger":"task"}
{"timestamp":"2025-12-05T00:42:25.528463Z","level":"info","event":"https://musicbrainz.org/ws/2/artist/fab34286-b8e1-4879-bce3-194e1358fbd2?inc=tags&fmt=json","chan":"stdout","logger":"task"}
{"timestamp":"2025-12-05T00:42:26.640435Z","level":"info","event":"{'name': 'Lady Gaga', 'id': '1HY2Jd0NmPuamShAr6KMms', 'url': 'https://open.spotify.com/artist/1HY2Jd0NmPuamShAr6KMms'}","chan":"stdout","logger":"task"}
{"timestamp":"2025-12-05T00:42:26.641642Z","level":"info","event":"https://musicbrainz.org/ws/2/url?resource=https://open.spotify.com/artist/1HY2Jd0NmPuamShAr6KMms&inc=artist-rels&fmt=json","chan":"stdout","logger":"task"}
{"timestamp":"2025-12-05T00:42:26.758023Z","level":"info","event":"https://musicbrainz.org/ws/2/artist/650e7db6-b795-4eb5-a702-5ea2fc46c848?inc=tags&fmt=json","chan":"stdout","logger":"task"}
{"timestamp":"2025-12-05T00:42:27.877989Z","level":"info","event":"{'name': 'Ludacris', 'id': '3ipn9JLAPI5GUEo4y4jcoi', 'url': 'https://open.spotify.com/artist/3ipn9JLAPI5GUEo4y4jcoi'}","chan":"stdout","logger":"task"}
{"timestamp":"2025-12-05T00:42:27.879067Z","level":"info","event":"https://musicbrainz.org/ws/2/url?resource=https://open.spotify.com/artist/3ipn9JLAPI5GUEo4y4jcoi&inc=artist-rels&fmt=json","chan":"stdout","logger":"task"}
{"timestamp":"2025-12-05T00:42:27.993941Z","level":"info","event":"https://musicbrainz.org/ws/2/artist/0638ba22-040f-438d-83a5-9b670c4adaf5?inc=tags&fmt=json","chan":"stdout","logger":"task"}
{"timestamp":"2025-12-05T00:42:29.104180Z","level":"info","event":"{'name': 'La Roux', 'id': '3K2zB87GZv1krx031en5VA', 'url': 'https://open.spotify.com/artist/3K2zB87GZv1krx031en5VA'}","chan":"stdout","logger":"task"}
{"timestamp":"2025-12-05T00:42:29.104799Z","level":"info","event":"https://musicbrainz.org/ws/2/url?resource=https://open.spotify.com/artist/3K2zB87GZv1krx031en5VA&inc=artist-rels&fmt=json","chan":"stdout","logger":"task"}
{"timestamp":"2025-12-05T00:42:29.227005Z","level":"info","event":"https://musicbrainz.org/ws/2/artist/88d1360a-bc2d-47df-90d1-d2de285560aa?inc=tags&fmt=json","chan":"stdout","logger":"task"}
{"timestamp":"2025-12-05T00:42:30.339397Z","level":"info","event":"{'name': 'Shontelle', 'id': '4M6Z1wubeKtwPqbjJygTOc', 'url': 'https://open.spotify.com/artist/4M6Z1wubeKtwPqbjJygTOc'}","chan":"stdout","logger":"task"}
{"timestamp":"2025-12-05T00:42:30.339656Z","level":"info","event":"https://musicbrainz.org/ws/2/url?resource=https://open.spotify.com/artist/4M6Z1wubeKtwPqbjJygTOc&inc=artist-rels&fmt=json","chan":"stdout","logger":"task"}
{"timestamp":"2025-12-05T00:42:30.451849Z","level":"info","event":"https://musicbrainz.org/ws/2/artist/cfb2b49e-a921-4171-b089-853d9fc16d2c?inc=tags&fmt=json","chan":"stdout","logger":"task"}
{"timestamp":"2025-12-05T00:42:31.570021Z","level":"info","event":"{'name': 'Train', 'id': '3FUY2gzHeIiaesXtOAdB7A', 'url': 'https://open.spotify.com/artist/3FUY2gzHeIiaesXtOAdB7A'}","chan":"stdout","logger":"task"}
{"timestamp":"2025-12-05T00:42:31.571011Z","level":"info","event":"https://musicbrainz.org/ws/2/url?resource=https://open.spotify.com/artist/3FUY2gzHeIiaesXtOAdB7A&inc=artist-rels&fmt=json","chan":"stdout","logger":"task"}
{"timestamp":"2025-12-05T00:42:31.685195Z","level":"info","event":"https://musicbrainz.org/ws/2/artist/bfd5aec5-62a2-4560-a316-7c46c17babda?inc=tags&fmt=json","chan":"stdout","logger":"task"}
{"timestamp":"2025-12-05T00:42:31.796584Z","level":"info","event":"Rate limit hit. Retrying in 1s...","chan":"stdout","logger":"task"}
{"timestamp":"2025-12-05T00:42:32.921027Z","level":"info","event":"Rate limit hit. Retrying in 2s...","chan":"stdout","logger":"task"}
{"timestamp":"2025-12-05T00:42:36.073282Z","level":"info","event":"{'name': 'Nicki Minaj', 'id': '0hCNtLu0JehylgoiP8L4Gh', 'url': 'https://open.spotify.com/artist/0hCNtLu0JehylgoiP8L4Gh'}","chan":"stdout","logger":"task"}
{"timestamp":"2025-12-05T00:42:36.076519Z","level":"info","event":"https://musicbrainz.org/ws/2/url?resource=https://open.spotify.com/artist/0hCNtLu0JehylgoiP8L4Gh&inc=artist-rels&fmt=json","chan":"stdout","logger":"task"}
{"timestamp":"2025-12-05T00:42:36.187965Z","level":"info","event":"https://musicbrainz.org/ws/2/artist/1036b808-f58c-4a3e-b461-a2c4492ecf1b?inc=tags&fmt=json","chan":"stdout","logger":"task"}
{"timestamp":"2025-12-05T00:42:37.296870Z","level":"info","event":"{'name': 'Justin Bieber', 'id': '1uNFoZAHBGtllmzznpCI3s', 'url': 'https://open.spotify.com/artist/1uNFoZAHBGtllmzznpCI3s'}","chan":"stdout","logger":"task"}
{"timestamp":"2025-12-05T00:42:37.297414Z","level":"info","event":"https://musicbrainz.org/ws/2/url?resource=https://open.spotify.com/artist/1uNFoZAHBGtllmzznpCI3s&inc=artist-rels&fmt=json","chan":"stdout","logger":"task"}
{"timestamp":"2025-12-05T00:42:37.412759Z","level":"info","event":"https://musicbrainz.org/ws/2/artist/e0140a67-e4d1-4f13-8a01-364355bee46e?inc=tags&fmt=json","chan":"stdout","logger":"task"}
{"timestamp":"2025-12-05T00:42:38.590824Z","level":"info","event":"{'name': 'Alicia Keys', 'id': '3DiDSECUqqY1AuBP8qtaIa', 'url': 'https://open.spotify.com/artist/3DiDSECUqqY1AuBP8qtaIa'}","chan":"stdout","logger":"task"}
{"timestamp":"2025-12-05T00:42:38.599334Z","level":"info","event":"https://musicbrainz.org/ws/2/url?resource=https://open.spotify.com/artist/3DiDSECUqqY1AuBP8qtaIa&inc=artist-rels&fmt=json","chan":"stdout","logger":"task"}
{"timestamp":"2025-12-05T00:42:38.716228Z","level":"info","event":"https://musicbrainz.org/ws/2/artist/8ef1df30-ae4f-4dbd-9351-1a32b208a01e?inc=tags&fmt=json","chan":"stdout","logger":"task"}
{"timestamp":"2025-12-05T00:42:39.835105Z","level":"info","event":"{'name': 'Lady A', 'id': '32WkQRZEVKSzVAAYqukAEA', 'url': 'https://open.spotify.com/artist/32WkQRZEVKSzVAAYqukAEA'}","chan":"stdout","logger":"task"}
{"timestamp":"2025-12-05T00:42:39.836237Z","level":"info","event":"https://musicbrainz.org/ws/2/url?resource=https://open.spotify.com/artist/32WkQRZEVKSzVAAYqukAEA&inc=artist-rels&fmt=json","chan":"stdout","logger":"task"}
{"timestamp":"2025-12-05T00:42:39.950352Z","level":"info","event":"https://musicbrainz.org/ws/2/artist/0eedfc95-e79a-4fd9-832a-cd816a0b3fda?inc=tags&fmt=json","chan":"stdout","logger":"task"}
{"timestamp":"2025-12-05T00:42:41.213250Z","level":"info","event":"{'name': '3OH!3', 'id': '0FWzNDaEu9jdgcYTbcOa4F', 'url': 'https://open.spotify.com/artist/0FWzNDaEu9jdgcYTbcOa4F'}","chan":"stdout","logger":"task"}
{"timestamp":"2025-12-05T00:42:41.217085Z","level":"info","event":"https://musicbrainz.org/ws/2/url?resource=https://open.spotify.com/artist/0FWzNDaEu9jdgcYTbcOa4F&inc=artist-rels&fmt=json","chan":"stdout","logger":"task"}
{"timestamp":"2025-12-05T00:42:41.381285Z","level":"info","event":"https://musicbrainz.org/ws/2/artist/125948ec-7f91-4d1a-8b83-accbf50fae3d?inc=tags&fmt=json","chan":"stdout","logger":"task"}
{"timestamp":"2025-12-05T00:42:42.515980Z","level":"info","event":"{'name': 'DJ Khaled', 'id': '0QHgL1lAIqAw0HtD7YldmP', 'url': 'https://open.spotify.com/artist/0QHgL1lAIqAw0HtD7YldmP'}","chan":"stdout","logger":"task"}
{"timestamp":"2025-12-05T00:42:42.517375Z","level":"info","event":"https://musicbrainz.org/ws/2/url?resource=https://open.spotify.com/artist/0QHgL1lAIqAw0HtD7YldmP&inc=artist-rels&fmt=json","chan":"stdout","logger":"task"}
{"timestamp":"2025-12-05T00:42:42.639706Z","level":"info","event":"https://musicbrainz.org/ws/2/artist/081a2d60-9791-4e05-a075-f1890355eeee?inc=tags&fmt=json","chan":"stdout","logger":"task"}
{"timestamp":"2025-12-05T00:42:43.761999Z","level":"info","event":"{'name': 'Carrie Underwood', 'id': '4xFUf1FHVy696Q1JQZMTRj', 'url': 'https://open.spotify.com/artist/4xFUf1FHVy696Q1JQZMTRj'}","chan":"stdout","logger":"task"}
{"timestamp":"2025-12-05T00:42:43.765393Z","level":"info","event":"https://musicbrainz.org/ws/2/url?resource=https://open.spotify.com/artist/4xFUf1FHVy696Q1JQZMTRj&inc=artist-rels&fmt=json","chan":"stdout","logger":"task"}
{"timestamp":"2025-12-05T00:42:43.899664Z","level":"info","event":"https://musicbrainz.org/ws/2/artist/70f0e309-5418-49b6-a130-666e2f76eecd?inc=tags&fmt=json","chan":"stdout","logger":"task"}
{"timestamp":"2025-12-05T00:42:45.024412Z","level":"info","event":"{'name': 'Diddy - Dirty Money', 'id': '2QYEvpsWUOjqaYuxDPTCmV', 'url': 'https://open.spotify.com/artist/2QYEvpsWUOjqaYuxDPTCmV'}","chan":"stdout","logger":"task"}
{"timestamp":"2025-12-05T00:42:45.025851Z","level":"info","event":"https://musicbrainz.org/ws/2/url?resource=https://open.spotify.com/artist/2QYEvpsWUOjqaYuxDPTCmV&inc=artist-rels&fmt=json","chan":"stdout","logger":"task"}
{"timestamp":"2025-12-05T00:42:45.172817Z","level":"info","event":"HTTP 404: Not Found","chan":"stdout","logger":"task"}
{"timestamp":"2025-12-05T00:42:45.173096Z","level":"info","event":"unable to get mbid for https://open.spotify.com/artist/2QYEvpsWUOjqaYuxDPTCmV","chan":"stdout","logger":"task"}
{"timestamp":"2025-12-05T00:42:46.176121Z","level":"info","event":"{'name': 'Rick Ross', 'id': '1sBkRIssrMs1AbVkOJbc7a', 'url': 'https://open.spotify.com/artist/1sBkRIssrMs1AbVkOJbc7a'}","chan":"stdout","logger":"task"}
{"timestamp":"2025-12-05T00:42:46.177010Z","level":"info","event":"https://musicbrainz.org/ws/2/url?resource=https://open.spotify.com/artist/1sBkRIssrMs1AbVkOJbc7a&inc=artist-rels&fmt=json","chan":"stdout","logger":"task"}
{"timestamp":"2025-12-05T00:42:46.296051Z","level":"info","event":"https://musicbrainz.org/ws/2/artist/13bcb2bb-db37-4397-baf5-e0f085be2d64?inc=tags&fmt=json","chan":"stdout","logger":"task"}
{"timestamp":"2025-12-05T00:42:47.424936Z","level":"info","event":"{'name': 'The Script', 'id': '3AQRLZ9PuTAozP28Skbq8V', 'url': 'https://open.spotify.com/artist/3AQRLZ9PuTAozP28Skbq8V'}","chan":"stdout","logger":"task"}
{"timestamp":"2025-12-05T00:42:47.427003Z","level":"info","event":"https://musicbrainz.org/ws/2/url?resource=https://open.spotify.com/artist/3AQRLZ9PuTAozP28Skbq8V&inc=artist-rels&fmt=json","chan":"stdout","logger":"task"}
{"timestamp":"2025-12-05T00:42:47.553196Z","level":"info","event":"https://musicbrainz.org/ws/2/artist/4c98aa1b-34eb-4336-987f-5e50aa059c00?inc=tags&fmt=json","chan":"stdout","logger":"task"}
{"timestamp":"2025-12-05T00:42:48.685875Z","level":"info","event":"{'name': 'Kanye West', 'id': '5K4W6rqBFWDnAN6FQUkS6x', 'url': 'https://open.spotify.com/artist/5K4W6rqBFWDnAN6FQUkS6x'}","chan":"stdout","logger":"task"}
{"timestamp":"2025-12-05T00:42:48.687944Z","level":"info","event":"https://musicbrainz.org/ws/2/url?resource=https://open.spotify.com/artist/5K4W6rqBFWDnAN6FQUkS6x&inc=artist-rels&fmt=json","chan":"stdout","logger":"task"}
{"timestamp":"2025-12-05T00:42:49.212742Z","level":"info","event":"https://musicbrainz.org/ws/2/artist/164f0d73-1234-4e2c-8743-d77bf2191051?inc=tags&fmt=json","chan":"stdout","logger":"task"}
{"timestamp":"2025-12-05T00:42:50.599658Z","level":"info","event":"{'name': 'Black Eyed Peas', 'id': '1yxSLGMDHlW21z4YXirZDS', 'url': 'https://open.spotify.com/artist/1yxSLGMDHlW21z4YXirZDS'}","chan":"stdout","logger":"task"}
{"timestamp":"2025-12-05T00:42:50.601984Z","level":"info","event":"https://musicbrainz.org/ws/2/url?resource=https://open.spotify.com/artist/1yxSLGMDHlW21z4YXirZDS&inc=artist-rels&fmt=json","chan":"stdout","logger":"task"}
{"timestamp":"2025-12-05T00:42:50.741282Z","level":"info","event":"https://musicbrainz.org/ws/2/artist/d5be5333-4171-427e-8e12-732087c6b78e?inc=tags&fmt=json","chan":"stdout","logger":"task"}
{"timestamp":"2025-12-05T00:42:51.860463Z","level":"info","event":"{'name': 'Jerrod Niemann', 'id': '0RKP52f5PNDCRZ9Luq2Sr7', 'url': 'https://open.spotify.com/artist/0RKP52f5PNDCRZ9Luq2Sr7'}","chan":"stdout","logger":"task"}
{"timestamp":"2025-12-05T00:42:51.860867Z","level":"info","event":"https://musicbrainz.org/ws/2/url?resource=https://open.spotify.com/artist/0RKP52f5PNDCRZ9Luq2Sr7&inc=artist-rels&fmt=json","chan":"stdout","logger":"task"}
{"timestamp":"2025-12-05T00:42:51.974526Z","level":"info","event":"https://musicbrainz.org/ws/2/artist/0b88f9de-7c37-4800-9d6a-04ce6c20b76c?inc=tags&fmt=json","chan":"stdout","logger":"task"}
{"timestamp":"2025-12-05T00:42:53.494075Z","level":"info","event":"{'name': 'Michael Bublé', 'id': '1GxkXlMwML1oSg5eLPiAz3', 'url': 'https://open.spotify.com/artist/1GxkXlMwML1oSg5eLPiAz3'}","chan":"stdout","logger":"task"}
{"timestamp":"2025-12-05T00:42:53.495269Z","level":"info","event":"https://musicbrainz.org/ws/2/url?resource=https://open.spotify.com/artist/1GxkXlMwML1oSg5eLPiAz3&inc=artist-rels&fmt=json","chan":"stdout","logger":"task"}
{"timestamp":"2025-12-05T00:42:53.610772Z","level":"info","event":"https://musicbrainz.org/ws/2/artist/611700cf-27f0-4dc9-ae80-c513a767853e?inc=tags&fmt=json","chan":"stdout","logger":"task"}
{"timestamp":"2025-12-05T00:42:54.729331Z","level":"info","event":"{'name': 'Jaron And The Long Road To Love', 'id': '1gnxlAhv4TnE1Kbvcbv8QI', 'url': 'https://open.spotify.com/artist/1gnxlAhv4TnE1Kbvcbv8QI'}","chan":"stdout","logger":"task"}
{"timestamp":"2025-12-05T00:42:54.731340Z","level":"info","event":"https://musicbrainz.org/ws/2/url?resource=https://open.spotify.com/artist/1gnxlAhv4TnE1Kbvcbv8QI&inc=artist-rels&fmt=json","chan":"stdout","logger":"task"}
{"timestamp":"2025-12-05T00:42:54.899865Z","level":"info","event":"HTTP 404: Not Found","chan":"stdout","logger":"task"}
{"timestamp":"2025-12-05T00:42:54.900062Z","level":"info","event":"unable to get mbid for https://open.spotify.com/artist/1gnxlAhv4TnE1Kbvcbv8QI","chan":"stdout","logger":"task"}
{"timestamp":"2025-12-05T00:42:55.909696Z","level":"info","event":"{'name': 'Zac Brown Band', 'id': '6yJCxee7QumYr820xdIsjo', 'url': 'https://open.spotify.com/artist/6yJCxee7QumYr820xdIsjo'}","chan":"stdout","logger":"task"}
{"timestamp":"2025-12-05T00:42:55.917860Z","level":"info","event":"https://musicbrainz.org/ws/2/url?resource=https://open.spotify.com/artist/6yJCxee7QumYr820xdIsjo&inc=artist-rels&fmt=json","chan":"stdout","logger":"task"}
{"timestamp":"2025-12-05T00:42:56.054731Z","level":"info","event":"https://musicbrainz.org/ws/2/artist/507226f4-0842-4f43-950e-81a7017230ec?inc=tags&fmt=json","chan":"stdout","logger":"task"}
{"timestamp":"2025-12-05T00:42:57.179174Z","level":"info","event":"{'name': 'Miranda Lambert', 'id': '66lH4jAE7pqPlOlzUKbwA0', 'url': 'https://open.spotify.com/artist/66lH4jAE7pqPlOlzUKbwA0'}","chan":"stdout","logger":"task"}
{"timestamp":"2025-12-05T00:42:57.180296Z","level":"info","event":"https://musicbrainz.org/ws/2/url?resource=https://open.spotify.com/artist/66lH4jAE7pqPlOlzUKbwA0&inc=artist-rels&fmt=json","chan":"stdout","logger":"task"}
{"timestamp":"2025-12-05T00:42:57.303585Z","level":"info","event":"https://musicbrainz.org/ws/2/artist/4eca1aa0-c79f-481b-af8a-4a2d6c41aa5c?inc=tags&fmt=json","chan":"stdout","logger":"task"}
{"timestamp":"2025-12-05T00:42:58.427428Z","level":"info","event":"{'name': 'Luke Bryan', 'id': '0BvkDsjIUla7X0k6CSWh1I', 'url': 'https://open.spotify.com/artist/0BvkDsjIUla7X0k6CSWh1I'}","chan":"stdout","logger":"task"}
{"timestamp":"2025-12-05T00:42:58.428502Z","level":"info","event":"https://musicbrainz.org/ws/2/url?resource=https://open.spotify.com/artist/0BvkDsjIUla7X0k6CSWh1I&inc=artist-rels&fmt=json","chan":"stdout","logger":"task"}
{"timestamp":"2025-12-05T00:42:58.548926Z","level":"info","event":"https://musicbrainz.org/ws/2/artist/aab35942-f176-4f77-bbf9-1d6aa98ccf3f?inc=tags&fmt=json","chan":"stdout","logger":"task"}
{"timestamp":"2025-12-05T00:42:59.671078Z","level":"info","event":"{'name': 'Shakira', 'id': '0EmeFodog0BfCgMzAIvKQp', 'url': 'https://open.spotify.com/artist/0EmeFodog0BfCgMzAIvKQp'}","chan":"stdout","logger":"task"}
{"timestamp":"2025-12-05T00:42:59.672109Z","level":"info","event":"https://musicbrainz.org/ws/2/url?resource=https://open.spotify.com/artist/0EmeFodog0BfCgMzAIvKQp&inc=artist-rels&fmt=json","chan":"stdout","logger":"task"}
{"timestamp":"2025-12-05T00:42:59.786861Z","level":"info","event":"https://musicbrainz.org/ws/2/artist/bf24ca37-25f4-4e34-9aec-460b94364cfc?inc=tags&fmt=json","chan":"stdout","logger":"task"}
{"timestamp":"2025-12-05T00:43:00.907460Z","level":"info","event":"{'name': 'Freshlyground', 'id': '7AcV1lk8Zrgo1691PDWEle', 'url': 'https://open.spotify.com/artist/7AcV1lk8Zrgo1691PDWEle'}","chan":"stdout","logger":"task"}
{"timestamp":"2025-12-05T00:43:00.909048Z","level":"info","event":"https://musicbrainz.org/ws/2/url?resource=https://open.spotify.com/artist/7AcV1lk8Zrgo1691PDWEle&inc=artist-rels&fmt=json","chan":"stdout","logger":"task"}
{"timestamp":"2025-12-05T00:43:01.038701Z","level":"info","event":"https://musicbrainz.org/ws/2/artist/fc318255-d27e-4e85-bfe5-46657eaef734?inc=tags&fmt=json","chan":"stdout","logger":"task"}
{"timestamp":"2025-12-05T00:43:02.162177Z","level":"info","event":"{'name': 'David Guetta', 'id': '1Cs0zKBU1kc0i8ypK3B9ai', 'url': 'https://open.spotify.com/artist/1Cs0zKBU1kc0i8ypK3B9ai'}","chan":"stdout","logger":"task"}
{"timestamp":"2025-12-05T00:43:02.165039Z","level":"info","event":"https://musicbrainz.org/ws/2/url?resource=https://open.spotify.com/artist/1Cs0zKBU1kc0i8ypK3B9ai&inc=artist-rels&fmt=json","chan":"stdout","logger":"task"}
{"timestamp":"2025-12-05T00:43:02.298184Z","level":"info","event":"https://musicbrainz.org/ws/2/artist/302bd7b9-d012-4360-897a-93b00c855680?inc=tags&fmt=json","chan":"stdout","logger":"task"}
{"timestamp":"2025-12-05T00:43:03.424068Z","level":"info","event":"{'name': 'Chris Willis', 'id': '2qSEpijpT3YSXgxcXac1ly', 'url': 'https://open.spotify.com/artist/2qSEpijpT3YSXgxcXac1ly'}","chan":"stdout","logger":"task"}
{"timestamp":"2025-12-05T00:43:03.425230Z","level":"info","event":"https://musicbrainz.org/ws/2/url?resource=https://open.spotify.com/artist/2qSEpijpT3YSXgxcXac1ly&inc=artist-rels&fmt=json","chan":"stdout","logger":"task"}
{"timestamp":"2025-12-05T00:43:03.545432Z","level":"info","event":"https://musicbrainz.org/ws/2/artist/9871f931-c64a-4c09-b090-d1ce25b2c073?inc=tags&fmt=json","chan":"stdout","logger":"task"}
{"timestamp":"2025-12-05T00:43:04.656715Z","level":"info","event":"{'name': 'Fergie', 'id': '3r17AfJCCUqC9Lf0OAc73G', 'url': 'https://open.spotify.com/artist/3r17AfJCCUqC9Lf0OAc73G'}","chan":"stdout","logger":"task"}
{"timestamp":"2025-12-05T00:43:04.659888Z","level":"info","event":"https://musicbrainz.org/ws/2/url?resource=https://open.spotify.com/artist/3r17AfJCCUqC9Lf0OAc73G&inc=artist-rels&fmt=json","chan":"stdout","logger":"task"}
{"timestamp":"2025-12-05T00:43:04.787131Z","level":"info","event":"https://musicbrainz.org/ws/2/artist/1c46e82f-4764-4d82-a33b-5d5aee5e2881?inc=tags&fmt=json","chan":"stdout","logger":"task"}
{"timestamp":"2025-12-05T00:43:04.908797Z","level":"info","event":"Rate limit hit. Retrying in 1s...","chan":"stdout","logger":"task"}
{"timestamp":"2025-12-05T00:43:06.020097Z","level":"info","event":"Rate limit hit. Retrying in 2s...","chan":"stdout","logger":"task"}
{"timestamp":"2025-12-05T00:43:09.147245Z","level":"info","event":"{'name': 'LMFAO', 'id': '3sgFRtyBnxXD5ESfmbK4dl', 'url': 'https://open.spotify.com/artist/3sgFRtyBnxXD5ESfmbK4dl'}","chan":"stdout","logger":"task"}
{"timestamp":"2025-12-05T00:43:09.150506Z","level":"info","event":"https://musicbrainz.org/ws/2/url?resource=https://open.spotify.com/artist/3sgFRtyBnxXD5ESfmbK4dl&inc=artist-rels&fmt=json","chan":"stdout","logger":"task"}
{"timestamp":"2025-12-05T00:43:09.256869Z","level":"info","event":"https://musicbrainz.org/ws/2/artist/ed5d9086-e8cd-473a-b96c-d81ad6c98f0d?inc=tags&fmt=json","chan":"stdout","logger":"task"}
{"timestamp":"2025-12-05T00:43:10.378503Z","level":"info","event":"{'name': 'Nickelback', 'id': '6deZN1bslXzeGvOLaLMOIF', 'url': 'https://open.spotify.com/artist/6deZN1bslXzeGvOLaLMOIF'}","chan":"stdout","logger":"task"}
{"timestamp":"2025-12-05T00:43:10.379348Z","level":"info","event":"https://musicbrainz.org/ws/2/url?resource=https://open.spotify.com/artist/6deZN1bslXzeGvOLaLMOIF&inc=artist-rels&fmt=json","chan":"stdout","logger":"task"}
{"timestamp":"2025-12-05T00:43:10.502200Z","level":"info","event":"https://musicbrainz.org/ws/2/artist/bc710bcf-8815-42cf-bad2-3f1d12246aeb?inc=tags&fmt=json","chan":"stdout","logger":"task"}
{"timestamp":"2025-12-05T00:43:11.625222Z","level":"info","event":"{'name': 'Brad Paisley', 'id': '13YmWQJFwgZrd4bf5IjMY4', 'url': 'https://open.spotify.com/artist/13YmWQJFwgZrd4bf5IjMY4'}","chan":"stdout","logger":"task"}
{"timestamp":"2025-12-05T00:43:11.625499Z","level":"info","event":"https://musicbrainz.org/ws/2/url?resource=https://open.spotify.com/artist/13YmWQJFwgZrd4bf5IjMY4&inc=artist-rels&fmt=json","chan":"stdout","logger":"task"}
{"timestamp":"2025-12-05T00:43:11.745447Z","level":"info","event":"https://musicbrainz.org/ws/2/artist/6cfd7ffc-824f-4219-8e27-4b9417700f44?inc=tags&fmt=json","chan":"stdout","logger":"task"}
{"timestamp":"2025-12-05T00:43:12.867088Z","level":"info","event":"{'name': 'Beyoncé', 'id': '6vWDO969PvNqNYHIOW5v0m', 'url': 'https://open.spotify.com/artist/6vWDO969PvNqNYHIOW5v0m'}","chan":"stdout","logger":"task"}
{"timestamp":"2025-12-05T00:43:12.868853Z","level":"info","event":"https://musicbrainz.org/ws/2/url?resource=https://open.spotify.com/artist/6vWDO969PvNqNYHIOW5v0m&inc=artist-rels&fmt=json","chan":"stdout","logger":"task"}
{"timestamp":"2025-12-05T00:43:12.982968Z","level":"info","event":"https://musicbrainz.org/ws/2/artist/859d0860-d480-4efd-970c-c05d5f1776b8?inc=tags&fmt=json","chan":"stdout","logger":"task"}
{"timestamp":"2025-12-05T00:43:14.159280Z","level":"info","event":"{'name': 'Maroon 5', 'id': '04gDigrS5kc9YWfZHwBETP', 'url': 'https://open.spotify.com/artist/04gDigrS5kc9YWfZHwBETP'}","chan":"stdout","logger":"task"}
{"timestamp":"2025-12-05T00:43:14.163940Z","level":"info","event":"https://musicbrainz.org/ws/2/url?resource=https://open.spotify.com/artist/04gDigrS5kc9YWfZHwBETP&inc=artist-rels&fmt=json","chan":"stdout","logger":"task"}
{"timestamp":"2025-12-05T00:43:14.502556Z","level":"info","event":"https://musicbrainz.org/ws/2/artist/0ab49580-c84f-44d4-875f-d83760ea2cfe?inc=tags&fmt=json","chan":"stdout","logger":"task"}
{"timestamp":"2025-12-05T00:43:15.623910Z","level":"info","event":"{'name': 'Ciara', 'id': '2NdeV5rLm47xAvogXrYhJX', 'url': 'https://open.spotify.com/artist/2NdeV5rLm47xAvogXrYhJX'}","chan":"stdout","logger":"task"}
{"timestamp":"2025-12-05T00:43:15.624374Z","level":"info","event":"https://musicbrainz.org/ws/2/url?resource=https://open.spotify.com/artist/2NdeV5rLm47xAvogXrYhJX&inc=artist-rels&fmt=json","chan":"stdout","logger":"task"}
{"timestamp":"2025-12-05T00:43:15.766891Z","level":"info","event":"https://musicbrainz.org/ws/2/artist/03172286-f7ed-4864-a4db-459cd5ca9790?inc=tags&fmt=json","chan":"stdout","logger":"task"}
{"timestamp":"2025-12-05T00:43:16.938451Z","level":"info","event":"{'name': 'Miley Cyrus', 'id': '5YGY8feqx7naU7z4HrwZM6', 'url': 'https://open.spotify.com/artist/5YGY8feqx7naU7z4HrwZM6'}","chan":"stdout","logger":"task"}
{"timestamp":"2025-12-05T00:43:16.939913Z","level":"info","event":"https://musicbrainz.org/ws/2/url?resource=https://open.spotify.com/artist/5YGY8feqx7naU7z4HrwZM6&inc=artist-rels&fmt=json","chan":"stdout","logger":"task"}
{"timestamp":"2025-12-05T00:43:17.123825Z","level":"info","event":"https://musicbrainz.org/ws/2/artist/7e9bd05a-117f-4cce-87bc-e011527a8b18?inc=tags&fmt=json","chan":"stdout","logger":"task"}
{"timestamp":"2025-12-05T00:43:18.621291Z","level":"info","event":"{'name': 'Colbie Caillat', 'id': '6aZyMrc4doVtZyKNilOmwu', 'url': 'https://open.spotify.com/artist/6aZyMrc4doVtZyKNilOmwu'}","chan":"stdout","logger":"task"}
{"timestamp":"2025-12-05T00:43:18.623943Z","level":"info","event":"https://musicbrainz.org/ws/2/url?resource=https://open.spotify.com/artist/6aZyMrc4doVtZyKNilOmwu&inc=artist-rels&fmt=json","chan":"stdout","logger":"task"}
{"timestamp":"2025-12-05T00:43:18.752110Z","level":"info","event":"https://musicbrainz.org/ws/2/artist/efc8a006-d0c6-4a9b-8cb1-91ca770fa2b9?inc=tags&fmt=json","chan":"stdout","logger":"task"}
{"timestamp":"2025-12-05T00:43:20.012681Z","level":"info","event":"{'name': 'Adam Lambert', 'id': '6prmLEyn4LfHlD9NnXWlf7', 'url': 'https://open.spotify.com/artist/6prmLEyn4LfHlD9NnXWlf7'}","chan":"stdout","logger":"task"}
{"timestamp":"2025-12-05T00:43:20.012886Z","level":"info","event":"https://musicbrainz.org/ws/2/url?resource=https://open.spotify.com/artist/6prmLEyn4LfHlD9NnXWlf7&inc=artist-rels&fmt=json","chan":"stdout","logger":"task"}
{"timestamp":"2025-12-05T00:43:20.175536Z","level":"info","event":"https://musicbrainz.org/ws/2/artist/e942594a-91cc-427a-8beb-6815c28e9254?inc=tags&fmt=json","chan":"stdout","logger":"task"}
{"timestamp":"2025-12-05T00:43:21.653808Z","level":"info","event":"{'name': 'Cali Swag District', 'id': '1EeArivTpzLNCqubV95255', 'url': 'https://open.spotify.com/artist/1EeArivTpzLNCqubV95255'}","chan":"stdout","logger":"task"}
{"timestamp":"2025-12-05T00:43:21.654591Z","level":"info","event":"https://musicbrainz.org/ws/2/url?resource=https://open.spotify.com/artist/1EeArivTpzLNCqubV95255&inc=artist-rels&fmt=json","chan":"stdout","logger":"task"}
{"timestamp":"2025-12-05T00:43:21.877888Z","level":"info","event":"HTTP 404: Not Found","chan":"stdout","logger":"task"}
{"timestamp":"2025-12-05T00:43:21.878478Z","level":"info","event":"unable to get mbid for https://open.spotify.com/artist/1EeArivTpzLNCqubV95255","chan":"stdout","logger":"task"}
{"timestamp":"2025-12-05T00:43:22.880122Z","level":"info","event":"{'name': 'Lee Brice', 'id': '5Zq7R5qmi58ByYyBQTlNuk', 'url': 'https://open.spotify.com/artist/5Zq7R5qmi58ByYyBQTlNuk'}","chan":"stdout","logger":"task"}
{"timestamp":"2025-12-05T00:43:22.883083Z","level":"info","event":"https://musicbrainz.org/ws/2/url?resource=https://open.spotify.com/artist/5Zq7R5qmi58ByYyBQTlNuk&inc=artist-rels&fmt=json","chan":"stdout","logger":"task"}
{"timestamp":"2025-12-05T00:43:23.015519Z","level":"info","event":"https://musicbrainz.org/ws/2/artist/48a6d065-1fda-4280-ae39-df1394d419cd?inc=tags&fmt=json","chan":"stdout","logger":"task"}
{"timestamp":"2025-12-05T00:43:24.195795Z","level":"info","event":"{'name': 'Paramore', 'id': '74XFHRwlV6OrjEM0A2NCMF', 'url': 'https://open.spotify.com/artist/74XFHRwlV6OrjEM0A2NCMF'}","chan":"stdout","logger":"task"}
{"timestamp":"2025-12-05T00:43:24.197191Z","level":"info","event":"https://musicbrainz.org/ws/2/url?resource=https://open.spotify.com/artist/74XFHRwlV6OrjEM0A2NCMF&inc=artist-rels&fmt=json","chan":"stdout","logger":"task"}
{"timestamp":"2025-12-05T00:43:24.306472Z","level":"info","event":"https://musicbrainz.org/ws/2/artist/44cf61b8-5197-448a-b82b-cef6ee89fac5?inc=tags&fmt=json","chan":"stdout","logger":"task"}
{"timestamp":"2025-12-05T00:43:25.429044Z","level":"info","event":"{'name': 'Selena Gomez & The Scene', 'id': '6dJeKm76NjfXBNTpHmOhfO', 'url': 'https://open.spotify.com/artist/6dJeKm76NjfXBNTpHmOhfO'}","chan":"stdout","logger":"task"}
{"timestamp":"2025-12-05T00:43:25.430082Z","level":"info","event":"https://musicbrainz.org/ws/2/url?resource=https://open.spotify.com/artist/6dJeKm76NjfXBNTpHmOhfO&inc=artist-rels&fmt=json","chan":"stdout","logger":"task"}
{"timestamp":"2025-12-05T00:43:25.560056Z","level":"info","event":"https://musicbrainz.org/ws/2/artist/37d0a847-32d3-480f-bd1e-101f50a3d332?inc=tags&fmt=json","chan":"stdout","logger":"task"}
{"timestamp":"2025-12-05T00:43:26.675789Z","level":"info","event":"{'name': 'Billy Currington', 'id': '1By9QBFnjZAoI83BZppHlt', 'url': 'https://open.spotify.com/artist/1By9QBFnjZAoI83BZppHlt'}","chan":"stdout","logger":"task"}
{"timestamp":"2025-12-05T00:43:26.676794Z","level":"info","event":"https://musicbrainz.org/ws/2/url?resource=https://open.spotify.com/artist/1By9QBFnjZAoI83BZppHlt&inc=artist-rels&fmt=json","chan":"stdout","logger":"task"}
{"timestamp":"2025-12-05T00:43:26.789854Z","level":"info","event":"https://musicbrainz.org/ws/2/artist/dbf94c49-0dd9-4f72-85d5-f548beb453f6?inc=tags&fmt=json","chan":"stdout","logger":"task"}
{"timestamp":"2025-12-05T00:43:27.902420Z","level":"info","event":"{'name': 'T.I.', 'id': '4OBJLual30L7gRl5UkeRcT', 'url': 'https://open.spotify.com/artist/4OBJLual30L7gRl5UkeRcT'}","chan":"stdout","logger":"task"}
{"timestamp":"2025-12-05T00:43:27.904270Z","level":"info","event":"https://musicbrainz.org/ws/2/url?resource=https://open.spotify.com/artist/4OBJLual30L7gRl5UkeRcT&inc=artist-rels&fmt=json","chan":"stdout","logger":"task"}
{"timestamp":"2025-12-05T00:43:28.032375Z","level":"info","event":"https://musicbrainz.org/ws/2/artist/f7ba7fbe-c6bd-4ac0-bee9-c25c558d7d62?inc=tags&fmt=json","chan":"stdout","logger":"task"}
{"timestamp":"2025-12-05T00:43:29.154048Z","level":"info","event":"{'name': 'Keri Hilson', 'id': '63wjoROpeh5f11Qm93UiJ1', 'url': 'https://open.spotify.com/artist/63wjoROpeh5f11Qm93UiJ1'}","chan":"stdout","logger":"task"}
{"timestamp":"2025-12-05T00:43:29.155448Z","level":"info","event":"https://musicbrainz.org/ws/2/url?resource=https://open.spotify.com/artist/63wjoROpeh5f11Qm93UiJ1&inc=artist-rels&fmt=json","chan":"stdout","logger":"task"}
{"timestamp":"2025-12-05T00:43:29.264269Z","level":"info","event":"https://musicbrainz.org/ws/2/artist/b76c616a-ec0d-4f0c-b986-f249c4a04d77?inc=tags&fmt=json","chan":"stdout","logger":"task"}
{"timestamp":"2025-12-05T00:43:30.371840Z","level":"info","event":"{'name': 'Ne-Yo', 'id': '21E3waRsmPlU7jZsS13rcj', 'url': 'https://open.spotify.com/artist/21E3waRsmPlU7jZsS13rcj'}","chan":"stdout","logger":"task"}
{"timestamp":"2025-12-05T00:43:30.372201Z","level":"info","event":"https://musicbrainz.org/ws/2/url?resource=https://open.spotify.com/artist/21E3waRsmPlU7jZsS13rcj&inc=artist-rels&fmt=json","chan":"stdout","logger":"task"}
{"timestamp":"2025-12-05T00:43:30.478503Z","level":"info","event":"https://musicbrainz.org/ws/2/artist/a4a01f5d-18e7-4571-8c3a-76ec0e24e2d7?inc=tags&fmt=json","chan":"stdout","logger":"task"}
{"timestamp":"2025-12-05T00:43:31.583913Z","level":"info","event":"{'name': 'Jeezy', 'id': '4yBK75WVCQXej1p04GWqxH', 'url': 'https://open.spotify.com/artist/4yBK75WVCQXej1p04GWqxH'}","chan":"stdout","logger":"task"}
{"timestamp":"2025-12-05T00:43:31.584510Z","level":"info","event":"https://musicbrainz.org/ws/2/url?resource=https://open.spotify.com/artist/4yBK75WVCQXej1p04GWqxH&inc=artist-rels&fmt=json","chan":"stdout","logger":"task"}
{"timestamp":"2025-12-05T00:43:31.706921Z","level":"info","event":"https://musicbrainz.org/ws/2/artist/dcad99e7-3c3e-4c78-bf8a-68203e17da48?inc=tags&fmt=json","chan":"stdout","logger":"task"}
{"timestamp":"2025-12-05T00:43:33.067942Z","level":"info","event":"{'name': 'Plies', 'id': '3jksrX4oBklxR78ft8gv3j', 'url': 'https://open.spotify.com/artist/3jksrX4oBklxR78ft8gv3j'}","chan":"stdout","logger":"task"}
{"timestamp":"2025-12-05T00:43:33.069141Z","level":"info","event":"https://musicbrainz.org/ws/2/url?resource=https://open.spotify.com/artist/3jksrX4oBklxR78ft8gv3j&inc=artist-rels&fmt=json","chan":"stdout","logger":"task"}
{"timestamp":"2025-12-05T00:43:33.190906Z","level":"info","event":"https://musicbrainz.org/ws/2/artist/72f62a4c-0042-49f6-b4dc-2f5b27dd289f?inc=tags&fmt=json","chan":"stdout","logger":"task"}
{"timestamp":"2025-12-05T00:43:34.309613Z","level":"info","event":"{'name': 'Christina Perri', 'id': '7H55rcKCfwqkyDFH9wpKM6', 'url': 'https://open.spotify.com/artist/7H55rcKCfwqkyDFH9wpKM6'}","chan":"stdout","logger":"task"}
{"timestamp":"2025-12-05T00:43:34.311695Z","level":"info","event":"https://musicbrainz.org/ws/2/url?resource=https://open.spotify.com/artist/7H55rcKCfwqkyDFH9wpKM6&inc=artist-rels&fmt=json","chan":"stdout","logger":"task"}
{"timestamp":"2025-12-05T00:43:34.473315Z","level":"info","event":"https://musicbrainz.org/ws/2/artist/38d363c7-fdcb-4308-9474-a0d14ab8d9b7?inc=tags&fmt=json","chan":"stdout","logger":"task"}
{"timestamp":"2025-12-05T00:43:35.628904Z","level":"info","event":"{'name': 'Clay Walker', 'id': '4MPkNgar5uTd8Sqvrr7par', 'url': 'https://open.spotify.com/artist/4MPkNgar5uTd8Sqvrr7par'}","chan":"stdout","logger":"task"}
{"timestamp":"2025-12-05T00:43:35.629369Z","level":"info","event":"https://musicbrainz.org/ws/2/url?resource=https://open.spotify.com/artist/4MPkNgar5uTd8Sqvrr7par&inc=artist-rels&fmt=json","chan":"stdout","logger":"task"}
{"timestamp":"2025-12-05T00:43:35.746480Z","level":"info","event":"https://musicbrainz.org/ws/2/artist/961eb4d5-df1a-4959-a6fb-039278927ac4?inc=tags&fmt=json","chan":"stdout","logger":"task"}
{"timestamp":"2025-12-05T00:43:36.884113Z","level":"info","event":"{'name': 'John Mayer', 'id': '0hEurMDQu99nJRq8pTxO14', 'url': 'https://open.spotify.com/artist/0hEurMDQu99nJRq8pTxO14'}","chan":"stdout","logger":"task"}
{"timestamp":"2025-12-05T00:43:36.886864Z","level":"info","event":"https://musicbrainz.org/ws/2/url?resource=https://open.spotify.com/artist/0hEurMDQu99nJRq8pTxO14&inc=artist-rels&fmt=json","chan":"stdout","logger":"task"}
{"timestamp":"2025-12-05T00:43:37.011811Z","level":"info","event":"https://musicbrainz.org/ws/2/artist/144ef525-85e9-40c3-8335-02c32d0861f3?inc=tags&fmt=json","chan":"stdout","logger":"task"}
{"timestamp":"2025-12-05T00:43:38.128023Z","level":"info","event":"{'name': 'Soulja Boy', 'id': '6GMYJwaziB4ekv1Y6wCDWS', 'url': 'https://open.spotify.com/artist/6GMYJwaziB4ekv1Y6wCDWS'}","chan":"stdout","logger":"task"}
{"timestamp":"2025-12-05T00:43:38.129174Z","level":"info","event":"https://musicbrainz.org/ws/2/url?resource=https://open.spotify.com/artist/6GMYJwaziB4ekv1Y6wCDWS&inc=artist-rels&fmt=json","chan":"stdout","logger":"task"}
{"timestamp":"2025-12-05T00:43:38.247965Z","level":"info","event":"https://musicbrainz.org/ws/2/artist/29eead4d-3793-4625-8727-c03edbb38b8b?inc=tags&fmt=json","chan":"stdout","logger":"task"}
{"timestamp":"2025-12-05T00:43:38.355308Z","level":"info","event":"Rate limit hit. Retrying in 1s...","chan":"stdout","logger":"task"}
{"timestamp":"2025-12-05T00:43:40.486903Z","level":"info","event":"{'name': 'Jason Aldean', 'id': '3FfvYsEGaIb52QPXhg4DcH', 'url': 'https://open.spotify.com/artist/3FfvYsEGaIb52QPXhg4DcH'}","chan":"stdout","logger":"task"}
{"timestamp":"2025-12-05T00:43:40.488367Z","level":"info","event":"https://musicbrainz.org/ws/2/url?resource=https://open.spotify.com/artist/3FfvYsEGaIb52QPXhg4DcH&inc=artist-rels&fmt=json","chan":"stdout","logger":"task"}
{"timestamp":"2025-12-05T00:43:40.604037Z","level":"info","event":"https://musicbrainz.org/ws/2/artist/f24df11a-7e35-4979-a4db-a3b2a170ce27?inc=tags&fmt=json","chan":"stdout","logger":"task"}
{"timestamp":"2025-12-05T00:43:41.716697Z","level":"info","event":"{'name': 'Sara Bareilles', 'id': '2Sqr0DXoaYABbjBo9HaMkM', 'url': 'https://open.spotify.com/artist/2Sqr0DXoaYABbjBo9HaMkM'}","chan":"stdout","logger":"task"}
{"timestamp":"2025-12-05T00:43:41.716941Z","level":"info","event":"https://musicbrainz.org/ws/2/url?resource=https://open.spotify.com/artist/2Sqr0DXoaYABbjBo9HaMkM&inc=artist-rels&fmt=json","chan":"stdout","logger":"task"}
{"timestamp":"2025-12-05T00:43:41.832083Z","level":"info","event":"https://musicbrainz.org/ws/2/artist/e54be6b7-5c26-4b47-bb3f-c137429b9b55?inc=tags&fmt=json","chan":"stdout","logger":"task"}
{"timestamp":"2025-12-05T00:43:42.969662Z","level":"info","event":"{'name': 'Neon Trees', 'id': '0RpddSzUHfncUWNJXKOsjy', 'url': 'https://open.spotify.com/artist/0RpddSzUHfncUWNJXKOsjy'}","chan":"stdout","logger":"task"}
{"timestamp":"2025-12-05T00:43:42.970690Z","level":"info","event":"https://musicbrainz.org/ws/2/url?resource=https://open.spotify.com/artist/0RpddSzUHfncUWNJXKOsjy&inc=artist-rels&fmt=json","chan":"stdout","logger":"task"}
{"timestamp":"2025-12-05T00:43:43.084934Z","level":"info","event":"https://musicbrainz.org/ws/2/artist/16243662-8538-4746-a0fb-0d15b5828b8e?inc=tags&fmt=json","chan":"stdout","logger":"task"}
{"timestamp":"2025-12-05T00:43:44.206138Z","level":"info","event":"{'name': 'Keith Urban', 'id': '0u2FHSq3ln94y5Q57xazwf', 'url': 'https://open.spotify.com/artist/0u2FHSq3ln94y5Q57xazwf'}","chan":"stdout","logger":"task"}
{"timestamp":"2025-12-05T00:43:44.209591Z","level":"info","event":"https://musicbrainz.org/ws/2/url?resource=https://open.spotify.com/artist/0u2FHSq3ln94y5Q57xazwf&inc=artist-rels&fmt=json","chan":"stdout","logger":"task"}
{"timestamp":"2025-12-05T00:43:44.331337Z","level":"info","event":"https://musicbrainz.org/ws/2/artist/f45da029-7b00-4bf3-962c-0eeb20309cc4?inc=tags&fmt=json","chan":"stdout","logger":"task"}
{"timestamp":"2025-12-05T00:43:45.446041Z","level":"info","event":"{'name': 'Rivers Cuomo', 'id': '4LAz9VRX8Nat9kvIzgkg2v', 'url': 'https://open.spotify.com/artist/4LAz9VRX8Nat9kvIzgkg2v'}","chan":"stdout","logger":"task"}
{"timestamp":"2025-12-05T00:43:45.448203Z","level":"info","event":"https://musicbrainz.org/ws/2/url?resource=https://open.spotify.com/artist/4LAz9VRX8Nat9kvIzgkg2v&inc=artist-rels&fmt=json","chan":"stdout","logger":"task"}
{"timestamp":"2025-12-05T00:43:45.562203Z","level":"info","event":"https://musicbrainz.org/ws/2/artist/87b6344f-c874-49ce-a8b3-e467ed6e05d0?inc=tags&fmt=json","chan":"stdout","logger":"task"}
{"timestamp":"2025-12-05T00:43:46.682103Z","level":"info","event":"{'name': 'OneRepublic', 'id': '5Pwc4xIPtQLFEnJriah9YJ', 'url': 'https://open.spotify.com/artist/5Pwc4xIPtQLFEnJriah9YJ'}","chan":"stdout","logger":"task"}
{"timestamp":"2025-12-05T00:43:46.683050Z","level":"info","event":"https://musicbrainz.org/ws/2/url?resource=https://open.spotify.com/artist/5Pwc4xIPtQLFEnJriah9YJ&inc=artist-rels&fmt=json","chan":"stdout","logger":"task"}
{"timestamp":"2025-12-05T00:43:46.800870Z","level":"info","event":"https://musicbrainz.org/ws/2/artist/c33c2065-b1c3-4406-b066-d33a9e2ea71a?inc=tags&fmt=json","chan":"stdout","logger":"task"}
{"timestamp":"2025-12-05T00:43:47.923528Z","level":"info","event":"{'name': 'Little Big Town', 'id': '3CygdxquGHurS7f9LjNLkv', 'url': 'https://open.spotify.com/artist/3CygdxquGHurS7f9LjNLkv'}","chan":"stdout","logger":"task"}
{"timestamp":"2025-12-05T00:43:47.926561Z","level":"info","event":"https://musicbrainz.org/ws/2/url?resource=https://open.spotify.com/artist/3CygdxquGHurS7f9LjNLkv&inc=artist-rels&fmt=json","chan":"stdout","logger":"task"}
{"timestamp":"2025-12-05T00:43:48.046677Z","level":"info","event":"https://musicbrainz.org/ws/2/artist/76e78b58-f301-4975-8058-7f84d8360738?inc=tags&fmt=json","chan":"stdout","logger":"task"}
{"timestamp":"2025-12-05T00:43:49.163687Z","level":"info","event":"{'name': 'Trey Songz', 'id': '2iojnBLj0qIMiKPvVhLnsH', 'url': 'https://open.spotify.com/artist/2iojnBLj0qIMiKPvVhLnsH'}","chan":"stdout","logger":"task"}
{"timestamp":"2025-12-05T00:43:49.171386Z","level":"info","event":"https://musicbrainz.org/ws/2/url?resource=https://open.spotify.com/artist/2iojnBLj0qIMiKPvVhLnsH&inc=artist-rels&fmt=json","chan":"stdout","logger":"task"}
{"timestamp":"2025-12-05T00:43:49.288200Z","level":"info","event":"Rate limit hit. Retrying in 1s...","chan":"stdout","logger":"task"}
{"timestamp":"2025-12-05T00:43:50.417763Z","level":"info","event":"https://musicbrainz.org/ws/2/artist/4d7304f6-7fe3-4959-9d98-01a5af84afe6?inc=tags&fmt=json","chan":"stdout","logger":"task"}
{"timestamp":"2025-12-05T00:43:51.536820Z","level":"info","event":"{'name': 'P!nk', 'id': '1KCSPY1glIKqW2TotWuXOR', 'url': 'https://open.spotify.com/artist/1KCSPY1glIKqW2TotWuXOR'}","chan":"stdout","logger":"task"}
{"timestamp":"2025-12-05T00:43:51.538509Z","level":"info","event":"https://musicbrainz.org/ws/2/url?resource=https://open.spotify.com/artist/1KCSPY1glIKqW2TotWuXOR&inc=artist-rels&fmt=json","chan":"stdout","logger":"task"}
{"timestamp":"2025-12-05T00:43:51.653396Z","level":"info","event":"https://musicbrainz.org/ws/2/artist/f4d5cc07-3bc9-4836-9b15-88a08359bc63?inc=tags&fmt=json","chan":"stdout","logger":"task"}
{"timestamp":"2025-12-05T00:43:52.771596Z","level":"info","event":"{'name': 'Lil Wayne', 'id': '55Aa2cqylxrFIXC767Z865', 'url': 'https://open.spotify.com/artist/55Aa2cqylxrFIXC767Z865'}","chan":"stdout","logger":"task"}
{"timestamp":"2025-12-05T00:43:52.772914Z","level":"info","event":"https://musicbrainz.org/ws/2/url?resource=https://open.spotify.com/artist/55Aa2cqylxrFIXC767Z865&inc=artist-rels&fmt=json","chan":"stdout","logger":"task"}
{"timestamp":"2025-12-05T00:43:52.891975Z","level":"info","event":"https://musicbrainz.org/ws/2/artist/ac9a487a-d9d2-4f27-bb23-0f4686488345?inc=tags&fmt=json","chan":"stdout","logger":"task"}
{"timestamp":"2025-12-05T00:43:54.007199Z","level":"info","event":"{'name': 'Joe Nichols', 'id': '4aJTB79uwT4sP0Nb8QGWHc', 'url': 'https://open.spotify.com/artist/4aJTB79uwT4sP0Nb8QGWHc'}","chan":"stdout","logger":"task"}
{"timestamp":"2025-12-05T00:43:54.009122Z","level":"info","event":"https://musicbrainz.org/ws/2/url?resource=https://open.spotify.com/artist/4aJTB79uwT4sP0Nb8QGWHc&inc=artist-rels&fmt=json","chan":"stdout","logger":"task"}
{"timestamp":"2025-12-05T00:43:54.121402Z","level":"info","event":"https://musicbrainz.org/ws/2/artist/e45692e4-69f6-4493-888b-7ab89d21d0a4?inc=tags&fmt=json","chan":"stdout","logger":"task"}
{"timestamp":"2025-12-05T00:43:55.232934Z","level":"info","event":"{'name': 'Gyptian', 'id': '2JX4h8xm0hNxCB0aNBWzyi', 'url': 'https://open.spotify.com/artist/2JX4h8xm0hNxCB0aNBWzyi'}","chan":"stdout","logger":"task"}
{"timestamp":"2025-12-05T00:43:55.233884Z","level":"info","event":"https://musicbrainz.org/ws/2/url?resource=https://open.spotify.com/artist/2JX4h8xm0hNxCB0aNBWzyi&inc=artist-rels&fmt=json","chan":"stdout","logger":"task"}
{"timestamp":"2025-12-05T00:43:55.354754Z","level":"info","event":"https://musicbrainz.org/ws/2/artist/c70a1a51-caf3-4667-b956-11e27a00fe37?inc=tags&fmt=json","chan":"stdout","logger":"task"}
{"timestamp":"2025-12-05T00:43:56.484689Z","level":"info","event":"{'name': 'Timbaland', 'id': '5Y5TRrQiqgUO4S36tzjIRZ', 'url': 'https://open.spotify.com/artist/5Y5TRrQiqgUO4S36tzjIRZ'}","chan":"stdout","logger":"task"}
{"timestamp":"2025-12-05T00:43:56.497392Z","level":"info","event":"https://musicbrainz.org/ws/2/url?resource=https://open.spotify.com/artist/5Y5TRrQiqgUO4S36tzjIRZ&inc=artist-rels&fmt=json","chan":"stdout","logger":"task"}
{"timestamp":"2025-12-05T00:43:56.621600Z","level":"info","event":"https://musicbrainz.org/ws/2/artist/daa09819-5da5-4c7a-8bef-eb372bb27ff1?inc=tags&fmt=json","chan":"stdout","logger":"task"}
{"timestamp":"2025-12-05T00:43:57.737880Z","level":"info","event":"{'name': 'Rodney Atkins', 'id': '2qgvmDsc4jrqbAbjq1HGM2', 'url': 'https://open.spotify.com/artist/2qgvmDsc4jrqbAbjq1HGM2'}","chan":"stdout","logger":"task"}
{"timestamp":"2025-12-05T00:43:57.738834Z","level":"info","event":"https://musicbrainz.org/ws/2/url?resource=https://open.spotify.com/artist/2qgvmDsc4jrqbAbjq1HGM2&inc=artist-rels&fmt=json","chan":"stdout","logger":"task"}
{"timestamp":"2025-12-05T00:43:57.874489Z","level":"info","event":"HTTP 404: Not Found","chan":"stdout","logger":"task"}
{"timestamp":"2025-12-05T00:43:57.875509Z","level":"info","event":"unable to get mbid for https://open.spotify.com/artist/2qgvmDsc4jrqbAbjq1HGM2","chan":"stdout","logger":"task"}
{"timestamp":"2025-12-05T00:43:58.884245Z","level":"info","event":"{'name': 'We The Kings', 'id': '3ao3jf5d70Tf4fPh2bnXVl', 'url': 'https://open.spotify.com/artist/3ao3jf5d70Tf4fPh2bnXVl'}","chan":"stdout","logger":"task"}
{"timestamp":"2025-12-05T00:43:58.886338Z","level":"info","event":"https://musicbrainz.org/ws/2/url?resource=https://open.spotify.com/artist/3ao3jf5d70Tf4fPh2bnXVl&inc=artist-rels&fmt=json","chan":"stdout","logger":"task"}
{"timestamp":"2025-12-05T00:43:59.311856Z","level":"info","event":"https://musicbrainz.org/ws/2/artist/6ec79457-b06b-4e3b-83f9-9b26fc7a99bc?inc=tags&fmt=json","chan":"stdout","logger":"task"}
{"timestamp":"2025-12-05T00:44:00.495795Z","level":"info","event":"{'name': 'Demi Lovato', 'id': '6S2OmqARrzebs0tKUEyXyp', 'url': 'https://open.spotify.com/artist/6S2OmqARrzebs0tKUEyXyp'}","chan":"stdout","logger":"task"}
{"timestamp":"2025-12-05T00:44:00.497175Z","level":"info","event":"https://musicbrainz.org/ws/2/url?resource=https://open.spotify.com/artist/6S2OmqARrzebs0tKUEyXyp&inc=artist-rels&fmt=json","chan":"stdout","logger":"task"}
{"timestamp":"2025-12-05T00:44:00.698399Z","level":"info","event":"https://musicbrainz.org/ws/2/artist/faf4cefb-036c-4c88-b93a-5b03dd0a0e6b?inc=tags&fmt=json","chan":"stdout","logger":"task"}
{"timestamp":"2025-12-05T00:44:01.843626Z","level":"info","event":"{'name': 'Miranda Cosgrove', 'id': '3SYGWAHCe31oykdeUPpoJp', 'url': 'https://open.spotify.com/artist/3SYGWAHCe31oykdeUPpoJp'}","chan":"stdout","logger":"task"}
{"timestamp":"2025-12-05T00:44:01.844883Z","level":"info","event":"https://musicbrainz.org/ws/2/url?resource=https://open.spotify.com/artist/3SYGWAHCe31oykdeUPpoJp&inc=artist-rels&fmt=json","chan":"stdout","logger":"task"}
{"timestamp":"2025-12-05T00:44:01.963005Z","level":"info","event":"https://musicbrainz.org/ws/2/artist/75285014-bdd1-4ca2-81c9-c6c642bfdec7?inc=tags&fmt=json","chan":"stdout","logger":"task"}
{"timestamp":"2025-12-05T00:44:03.085251Z","level":"info","event":"{'name': \"K'NAAN\", 'id': '7pGyQZx9thVa8GxMBeXscB', 'url': 'https://open.spotify.com/artist/7pGyQZx9thVa8GxMBeXscB'}","chan":"stdout","logger":"task"}
{"timestamp":"2025-12-05T00:44:03.086079Z","level":"info","event":"https://musicbrainz.org/ws/2/url?resource=https://open.spotify.com/artist/7pGyQZx9thVa8GxMBeXscB&inc=artist-rels&fmt=json","chan":"stdout","logger":"task"}
{"timestamp":"2025-12-05T00:44:03.206555Z","level":"info","event":"https://musicbrainz.org/ws/2/artist/ee421ee4-f861-405d-8730-29cb512dfdbd?inc=tags&fmt=json","chan":"stdout","logger":"task"}
{"timestamp":"2025-12-05T00:44:04.320950Z","level":"info","event":"{'name': 'Blake Shelton', 'id': '1UTPBmNbXNTittyMJrNkvw', 'url': 'https://open.spotify.com/artist/1UTPBmNbXNTittyMJrNkvw'}","chan":"stdout","logger":"task"}
{"timestamp":"2025-12-05T00:44:04.322164Z","level":"info","event":"https://musicbrainz.org/ws/2/url?resource=https://open.spotify.com/artist/1UTPBmNbXNTittyMJrNkvw&inc=artist-rels&fmt=json","chan":"stdout","logger":"task"}
{"timestamp":"2025-12-05T00:44:04.438800Z","level":"info","event":"https://musicbrainz.org/ws/2/artist/2ad66473-ccb3-41d2-8756-b56680cdfe62?inc=tags&fmt=json","chan":"stdout","logger":"task"}
{"timestamp":"2025-12-05T00:44:05.552078Z","level":"info","event":"{'name': 'V V Brown', 'id': '39ZHUueufhIdbW4yu9uODG', 'url': 'https://open.spotify.com/artist/39ZHUueufhIdbW4yu9uODG'}","chan":"stdout","logger":"task"}
{"timestamp":"2025-12-05T00:44:05.552319Z","level":"info","event":"https://musicbrainz.org/ws/2/url?resource=https://open.spotify.com/artist/39ZHUueufhIdbW4yu9uODG&inc=artist-rels&fmt=json","chan":"stdout","logger":"task"}
{"timestamp":"2025-12-05T00:44:05.684194Z","level":"info","event":"HTTP 404: Not Found","chan":"stdout","logger":"task"}
{"timestamp":"2025-12-05T00:44:05.684701Z","level":"info","event":"unable to get mbid for https://open.spotify.com/artist/39ZHUueufhIdbW4yu9uODG","chan":"stdout","logger":"task"}
{"timestamp":"2025-12-05T00:44:06.688972Z","level":"info","event":"{'name': 'Craig Morgan', 'id': '6ktyNEnEukKzskQEiXgCFD', 'url': 'https://open.spotify.com/artist/6ktyNEnEukKzskQEiXgCFD'}","chan":"stdout","logger":"task"}
{"timestamp":"2025-12-05T00:44:06.689866Z","level":"info","event":"https://musicbrainz.org/ws/2/url?resource=https://open.spotify.com/artist/6ktyNEnEukKzskQEiXgCFD&inc=artist-rels&fmt=json","chan":"stdout","logger":"task"}
{"timestamp":"2025-12-05T00:44:06.803623Z","level":"info","event":"https://musicbrainz.org/ws/2/artist/1415b94a-ae0d-4918-9100-1943e8227f1b?inc=tags&fmt=json","chan":"stdout","logger":"task"}
{"timestamp":"2025-12-05T00:44:07.912634Z","level":"info","event":"{'name': 'Chris Young', 'id': '4BYxqVkZyFjtik7crYLg5Q', 'url': 'https://open.spotify.com/artist/4BYxqVkZyFjtik7crYLg5Q'}","chan":"stdout","logger":"task"}
{"timestamp":"2025-12-05T00:44:07.913009Z","level":"info","event":"https://musicbrainz.org/ws/2/url?resource=https://open.spotify.com/artist/4BYxqVkZyFjtik7crYLg5Q&inc=artist-rels&fmt=json","chan":"stdout","logger":"task"}
{"timestamp":"2025-12-05T00:44:08.020029Z","level":"info","event":"https://musicbrainz.org/ws/2/artist/86de027e-097d-41b1-9b97-c0a69379ff4b?inc=tags&fmt=json","chan":"stdout","logger":"task"}
{"timestamp":"2025-12-05T00:44:09.140680Z","level":"info","event":"{'name': 'Sean Kingston', 'id': '6S0dmVVn4udvppDhZIWxCr', 'url': 'https://open.spotify.com/artist/6S0dmVVn4udvppDhZIWxCr'}","chan":"stdout","logger":"task"}
{"timestamp":"2025-12-05T00:44:09.142988Z","level":"info","event":"https://musicbrainz.org/ws/2/url?resource=https://open.spotify.com/artist/6S0dmVVn4udvppDhZIWxCr&inc=artist-rels&fmt=json","chan":"stdout","logger":"task"}
{"timestamp":"2025-12-05T00:44:09.274802Z","level":"info","event":"https://musicbrainz.org/ws/2/artist/f7eb3be3-1065-4a53-94d4-e2d0c15c0b33?inc=tags&fmt=json","chan":"stdout","logger":"task"}
{"timestamp":"2025-12-05T00:44:10.401990Z","level":"info","event":"{'name': 'Flo Rida', 'id': '0jnsk9HBra6NMjO2oANoPY', 'url': 'https://open.spotify.com/artist/0jnsk9HBra6NMjO2oANoPY'}","chan":"stdout","logger":"task"}
{"timestamp":"2025-12-05T00:44:10.403007Z","level":"info","event":"https://musicbrainz.org/ws/2/url?resource=https://open.spotify.com/artist/0jnsk9HBra6NMjO2oANoPY&inc=artist-rels&fmt=json","chan":"stdout","logger":"task"}
{"timestamp":"2025-12-05T00:44:10.522947Z","level":"info","event":"Rate limit hit. Retrying in 1s...","chan":"stdout","logger":"task"}
{"timestamp":"2025-12-05T00:44:11.690607Z","level":"info","event":"https://musicbrainz.org/ws/2/artist/4593d49a-7f67-46ba-9ec0-126bd676286f?inc=tags&fmt=json","chan":"stdout","logger":"task"}
{"timestamp":"2025-12-05T00:44:12.848740Z","level":"info","event":"{'name': 'Bobby Brackins', 'id': '72rsQfzxNVLPpbzQzXVJSc', 'url': 'https://open.spotify.com/artist/72rsQfzxNVLPpbzQzXVJSc'}","chan":"stdout","logger":"task"}
{"timestamp":"2025-12-05T00:44:12.849585Z","level":"info","event":"https://musicbrainz.org/ws/2/url?resource=https://open.spotify.com/artist/72rsQfzxNVLPpbzQzXVJSc&inc=artist-rels&fmt=json","chan":"stdout","logger":"task"}
{"timestamp":"2025-12-05T00:44:12.962683Z","level":"info","event":"https://musicbrainz.org/ws/2/artist/28a0e439-e447-49cb-9aa2-6c754bdf665f?inc=tags&fmt=json","chan":"stdout","logger":"task"}
{"timestamp":"2025-12-05T00:44:14.077621Z","level":"info","event":"{'name': 'Ray J', 'id': '6gbGGM0E8Q1hE511psqxL0', 'url': 'https://open.spotify.com/artist/6gbGGM0E8Q1hE511psqxL0'}","chan":"stdout","logger":"task"}
{"timestamp":"2025-12-05T00:44:14.078857Z","level":"info","event":"https://musicbrainz.org/ws/2/url?resource=https://open.spotify.com/artist/6gbGGM0E8Q1hE511psqxL0&inc=artist-rels&fmt=json","chan":"stdout","logger":"task"}
{"timestamp":"2025-12-05T00:44:14.195069Z","level":"info","event":"https://musicbrainz.org/ws/2/artist/9a07de5c-37e5-4907-ac77-ba9674a9bd6a?inc=tags&fmt=json","chan":"stdout","logger":"task"}
{"timestamp":"2025-12-05T00:44:15.309966Z","level":"info","event":"{'name': 'Josh Turner', 'id': '7vCtweS8UVAXTyau2j0rDT', 'url': 'https://open.spotify.com/artist/7vCtweS8UVAXTyau2j0rDT'}","chan":"stdout","logger":"task"}
{"timestamp":"2025-12-05T00:44:15.311400Z","level":"info","event":"https://musicbrainz.org/ws/2/url?resource=https://open.spotify.com/artist/7vCtweS8UVAXTyau2j0rDT&inc=artist-rels&fmt=json","chan":"stdout","logger":"task"}
{"timestamp":"2025-12-05T00:44:15.503895Z","level":"info","event":"HTTP 404: Not Found","chan":"stdout","logger":"task"}
{"timestamp":"2025-12-05T00:44:15.504068Z","level":"info","event":"unable to get mbid for https://open.spotify.com/artist/7vCtweS8UVAXTyau2j0rDT","chan":"stdout","logger":"task"}
{"timestamp":"2025-12-05T00:44:16.505014Z","level":"info","event":"{'name': 'The Band Perry', 'id': '75FnCoo4FBxH5K1Rrx0k5A', 'url': 'https://open.spotify.com/artist/75FnCoo4FBxH5K1Rrx0k5A'}","chan":"stdout","logger":"task"}
{"timestamp":"2025-12-05T00:44:16.505605Z","level":"info","event":"https://musicbrainz.org/ws/2/url?resource=https://open.spotify.com/artist/75FnCoo4FBxH5K1Rrx0k5A&inc=artist-rels&fmt=json","chan":"stdout","logger":"task"}
{"timestamp":"2025-12-05T00:44:16.646886Z","level":"info","event":"https://musicbrainz.org/ws/2/artist/28955336-2348-488a-9381-e3a7b0107343?inc=tags&fmt=json","chan":"stdout","logger":"task"}
{"timestamp":"2025-12-05T00:44:17.800946Z","level":"info","event":"{'name': 'Juan Luis Guerra 4.40', 'id': '3nlpTZci9O5W8RsNoNH559', 'url': 'https://open.spotify.com/artist/3nlpTZci9O5W8RsNoNH559'}","chan":"stdout","logger":"task"}
{"timestamp":"2025-12-05T00:44:17.802051Z","level":"info","event":"https://musicbrainz.org/ws/2/url?resource=https://open.spotify.com/artist/3nlpTZci9O5W8RsNoNH559&inc=artist-rels&fmt=json","chan":"stdout","logger":"task"}
{"timestamp":"2025-12-05T00:44:17.953112Z","level":"info","event":"https://musicbrainz.org/ws/2/artist/c3dcad1b-1380-4a94-98d8-3f8272f19df6?inc=tags&fmt=json","chan":"stdout","logger":"task"}
{"timestamp":"2025-12-05T00:44:19.144527Z","level":"info","event":"{'name': 'Fantasia', 'id': '7xAcVHPiirnUqfdqo0USb1', 'url': 'https://open.spotify.com/artist/7xAcVHPiirnUqfdqo0USb1'}","chan":"stdout","logger":"task"}
{"timestamp":"2025-12-05T00:44:19.145184Z","level":"info","event":"https://musicbrainz.org/ws/2/url?resource=https://open.spotify.com/artist/7xAcVHPiirnUqfdqo0USb1&inc=artist-rels&fmt=json","chan":"stdout","logger":"task"}
{"timestamp":"2025-12-05T00:44:19.386199Z","level":"info","event":"https://musicbrainz.org/ws/2/artist/4a5d70ad-89c8-47a1-afb2-4cc26471e113?inc=tags&fmt=json","chan":"stdout","logger":"task"}
{"timestamp":"2025-12-05T00:44:20.536045Z","level":"info","event":"{'name': 'Dirty Heads', 'id': '6GkJh85o22LfD2vgL9DP6f', 'url': 'https://open.spotify.com/artist/6GkJh85o22LfD2vgL9DP6f'}","chan":"stdout","logger":"task"}
{"timestamp":"2025-12-05T00:44:20.538223Z","level":"info","event":"https://musicbrainz.org/ws/2/url?resource=https://open.spotify.com/artist/6GkJh85o22LfD2vgL9DP6f&inc=artist-rels&fmt=json","chan":"stdout","logger":"task"}
{"timestamp":"2025-12-05T00:44:20.658200Z","level":"info","event":"https://musicbrainz.org/ws/2/artist/0a9f8491-5f30-4678-8b11-066f32e9cf11?inc=tags&fmt=json","chan":"stdout","logger":"task"}
{"timestamp":"2025-12-05T00:44:21.869815Z","level":"info","event":"{'name': 'ROME', 'id': '7hlcwaLWsbcwOkPtdxRoCa', 'url': 'https://open.spotify.com/artist/7hlcwaLWsbcwOkPtdxRoCa'}","chan":"stdout","logger":"task"}
{"timestamp":"2025-12-05T00:44:21.878515Z","level":"info","event":"https://musicbrainz.org/ws/2/url?resource=https://open.spotify.com/artist/7hlcwaLWsbcwOkPtdxRoCa&inc=artist-rels&fmt=json","chan":"stdout","logger":"task"}
{"timestamp":"2025-12-05T00:44:22.021286Z","level":"info","event":"HTTP 404: Not Found","chan":"stdout","logger":"task"}
{"timestamp":"2025-12-05T00:44:22.021748Z","level":"info","event":"unable to get mbid for https://open.spotify.com/artist/7hlcwaLWsbcwOkPtdxRoCa","chan":"stdout","logger":"task"}
{"timestamp":"2025-12-05T00:44:23.022913Z","level":"info","event":"{'name': 'Chris Brown', 'id': '7bXgB6jMjp9ATFy66eO08Z', 'url': 'https://open.spotify.com/artist/7bXgB6jMjp9ATFy66eO08Z'}","chan":"stdout","logger":"task"}
{"timestamp":"2025-12-05T00:44:23.023292Z","level":"info","event":"https://musicbrainz.org/ws/2/url?resource=https://open.spotify.com/artist/7bXgB6jMjp9ATFy66eO08Z&inc=artist-rels&fmt=json","chan":"stdout","logger":"task"}
{"timestamp":"2025-12-05T00:44:23.180658Z","level":"info","event":"https://musicbrainz.org/ws/2/artist/c234fa42-e6a6-443e-937e-2f4b073538a3?inc=tags&fmt=json","chan":"stdout","logger":"task"}
{"timestamp":"2025-12-05T00:44:24.453312Z","level":"info","event":"{'name': 'Tyga', 'id': '5LHRHt1k9lMyONurDHEdrp', 'url': 'https://open.spotify.com/artist/5LHRHt1k9lMyONurDHEdrp'}","chan":"stdout","logger":"task"}
{"timestamp":"2025-12-05T00:44:24.453699Z","level":"info","event":"https://musicbrainz.org/ws/2/url?resource=https://open.spotify.com/artist/5LHRHt1k9lMyONurDHEdrp&inc=artist-rels&fmt=json","chan":"stdout","logger":"task"}
{"timestamp":"2025-12-05T00:44:24.600895Z","level":"info","event":"https://musicbrainz.org/ws/2/artist/ce09ea31-3d4a-4487-a797-e315175457a0?inc=tags&fmt=json","chan":"stdout","logger":"task"}
{"timestamp":"2025-12-05T00:44:25.814846Z","level":"info","event":"{'name': 'Kevin McCall', 'id': '2teIxF2qgr0rYmTTMKiZ7s', 'url': 'https://open.spotify.com/artist/2teIxF2qgr0rYmTTMKiZ7s'}","chan":"stdout","logger":"task"}
{"timestamp":"2025-12-05T00:44:25.819473Z","level":"info","event":"https://musicbrainz.org/ws/2/url?resource=https://open.spotify.com/artist/2teIxF2qgr0rYmTTMKiZ7s&inc=artist-rels&fmt=json","chan":"stdout","logger":"task"}
{"timestamp":"2025-12-05T00:44:25.965252Z","level":"info","event":"https://musicbrainz.org/ws/2/artist/727105fb-1a82-423f-9b3c-e29c7ea0fb4c?inc=tags&fmt=json","chan":"stdout","logger":"task"}
{"timestamp":"2025-12-05T00:44:27.122585Z","level":"info","event":"{'name': 'Styles P', 'id': '2x8KDZdSONA3872CnhaAlX', 'url': 'https://open.spotify.com/artist/2x8KDZdSONA3872CnhaAlX'}","chan":"stdout","logger":"task"}
{"timestamp":"2025-12-05T00:44:27.131983Z","level":"info","event":"https://musicbrainz.org/ws/2/url?resource=https://open.spotify.com/artist/2x8KDZdSONA3872CnhaAlX&inc=artist-rels&fmt=json","chan":"stdout","logger":"task"}
{"timestamp":"2025-12-05T00:44:27.829699Z","level":"info","event":"https://musicbrainz.org/ws/2/artist/6c81c5d0-5159-4be8-b774-aa8397ed5a93?inc=tags&fmt=json","chan":"stdout","logger":"task"}
{"timestamp":"2025-12-05T00:44:28.991914Z","level":"info","event":"{'name': 'Dierks Bentley', 'id': '7x8nK0m0cP2ksQf0mjWdPS', 'url': 'https://open.spotify.com/artist/7x8nK0m0cP2ksQf0mjWdPS'}","chan":"stdout","logger":"task"}
{"timestamp":"2025-12-05T00:44:28.998160Z","level":"info","event":"https://musicbrainz.org/ws/2/url?resource=https://open.spotify.com/artist/7x8nK0m0cP2ksQf0mjWdPS&inc=artist-rels&fmt=json","chan":"stdout","logger":"task"}
{"timestamp":"2025-12-05T00:44:29.470963Z","level":"info","event":"https://musicbrainz.org/ws/2/artist/6bd7faa9-601f-44db-a2a6-239209f83156?inc=tags&fmt=json","chan":"stdout","logger":"task"}
{"timestamp":"2025-12-05T00:44:30.780466Z","level":"info","event":"{'name': 'Jaden', 'id': '0xOeVMOz2fVg5BJY3N6akT', 'url': 'https://open.spotify.com/artist/0xOeVMOz2fVg5BJY3N6akT'}","chan":"stdout","logger":"task"}
{"timestamp":"2025-12-05T00:44:30.781454Z","level":"info","event":"https://musicbrainz.org/ws/2/url?resource=https://open.spotify.com/artist/0xOeVMOz2fVg5BJY3N6akT&inc=artist-rels&fmt=json","chan":"stdout","logger":"task"}
{"timestamp":"2025-12-05T00:44:30.894854Z","level":"info","event":"https://musicbrainz.org/ws/2/artist/166cb987-3156-4166-b0d3-f1ad5a6c514c?inc=tags&fmt=json","chan":"stdout","logger":"task"}
{"timestamp":"2025-12-05T00:44:32.015817Z","level":"info","event":"Fetching audio details for 100 songs...","chan":"stdout","logger":"task"}
{"timestamp":"2025-12-05T00:44:32.020242Z","level":"info","event":"  Fetching batch 1/3 (40 songs)...","chan":"stdout","logger":"task"}
{"timestamp":"2025-12-05T00:44:32.965232Z","level":"info","event":"  Retrieved 31 song details","chan":"stdout","logger":"task"}
{"timestamp":"2025-12-05T00:44:34.972391Z","level":"info","event":"  Fetching batch 2/3 (40 songs)...","chan":"stdout","logger":"task"}
{"timestamp":"2025-12-05T00:44:35.920521Z","level":"info","event":"  Retrieved 34 song details","chan":"stdout","logger":"task"}
{"timestamp":"2025-12-05T00:44:37.927689Z","level":"info","event":"  Fetching batch 3/3 (20 songs)...","chan":"stdout","logger":"task"}
{"timestamp":"2025-12-05T00:44:38.790599Z","level":"info","event":"  Retrieved 16 song details","chan":"stdout","logger":"task"}
{"timestamp":"2025-12-05T00:44:38.793200Z","level":"info","event":"Fetching audio analysis for 81 songs...","chan":"stdout","logger":"task"}
{"timestamp":"2025-12-05T00:44:49.014596Z","level":"info","event":"  Processing audio analysis 10/81...","chan":"stdout","logger":"task"}
{"timestamp":"2025-12-05T00:45:00.484770Z","level":"info","event":"  Processing audio analysis 20/81...","chan":"stdout","logger":"task"}
{"timestamp":"2025-12-05T00:45:12.876479Z","level":"info","event":"  Processing audio analysis 30/81...","chan":"stdout","logger":"task"}
{"timestamp":"2025-12-05T00:45:24.281982Z","level":"info","event":"  Processing audio analysis 40/81...","chan":"stdout","logger":"task"}
{"timestamp":"2025-12-05T00:45:34.796384Z","level":"info","event":"  Processing audio analysis 50/81...","chan":"stdout","logger":"task"}
{"timestamp":"2025-12-05T00:45:44.726021Z","level":"info","event":"  Processing audio analysis 60/81...","chan":"stdout","logger":"task"}
{"timestamp":"2025-12-05T00:45:53.946399Z","level":"info","event":"  Processing audio analysis 70/81...","chan":"stdout","logger":"task"}
{"timestamp":"2025-12-05T00:46:05.323078Z","level":"info","event":"  Processing audio analysis 80/81...","chan":"stdout","logger":"task"}
{"timestamp":"2025-12-05T00:46:06.649145Z","level":"info","event":"Completed fetching audio details for 81 songs","chan":"stdout","logger":"task"}
{"timestamp":"2025-12-05T00:46:06.688470Z","level":"info","event":"DEBUG: DATABASE_URL value: postgresql+psycopg2:****@postgres/music_warehouse","chan":"stdout","logger":"task"}
{"timestamp":"2025-12-05T00:46:06.735456Z","level":"info","event":"TYPE OF ENGINE: <class 'sqlalchemy.engine.base.Engine'>","chan":"stdout","logger":"task"}
{"timestamp":"2025-12-05T00:46:06.735756Z","level":"info","event":"ENGINE DIR: ['__class__', '__delattr__', '__dict__', '__dir__', '__doc__', '__eq__', '__format__', '__ge__', '__getattribute__', '__getstate__', '__gt__', '__hash__', '__init__', '__init_subclass__', '__le__', '__lt__', '__module__', '__ne__', '__new__', '__reduce__', '__reduce_ex__', '__repr__', '__setattr__', '__sizeof__', '__str__', '__subclasshook__', '__weakref__', '_compiled_cache', '_connection_cls', '_echo', '_execute_clauseelement', '_execute_compiled', '_execute_default', '_execution_options', '_has_events', '_is_future', '_lru_size_alert', '_option_cls', '_optional_conn_ctx_manager', '_run_ddl_visitor', '_run_visitor', '_schema_translate_map', '_should_log_debug', '_should_log_info', '_sqla_logger_namespace', '_trans_ctx', '_wrap_pool_connect', 'begin', 'clear_compiled_cache', 'connect', 'dialect', 'dispatch', 'dispose', 'driver', 'echo', 'engine', 'execute', 'execution_options', 'get_execution_options', 'has_table', 'hide_parameters', 'logger', 'logging_name', 'name', 'pool', 'raw_connection', 'run_callable', 'scalar', 'table_names', 'transaction', 'update_execution_options', 'url']","chan":"stdout","logger":"task"}
{"timestamp":"2025-12-05T00:46:06.735856Z","level":"info","event":"IS SQLALCHEMY ENGINE: True","chan":"stdout","logger":"task"}
{"timestamp":"2025-12-05T00:46:06.735980Z","level":"info","event":"Database connection successful","chan":"stdout","logger":"task"}
{"timestamp":"2025-12-05T00:46:06.736082Z","level":"info","event":"Loading chart_weeks (1 rows)...","chan":"stdout","logger":"task"}
{"timestamp":"2025-12-05T00:46:06.757643Z","level":"info","event":"  Exported CSV to data_exports/chart_weeks.csv","chan":"stdout","logger":"task"}
{"timestamp":"2025-12-05T00:46:06.758748Z","level":"info","event":"Loading songs (100 rows)...","chan":"stdout","logger":"task"}
{"timestamp":"2025-12-05T00:46:06.775615Z","level":"info","event":"  Exported CSV to data_exports/songs.csv","chan":"stdout","logger":"task"}
{"timestamp":"2025-12-05T00:46:06.776346Z","level":"info","event":"Loading artists (107 rows)...","chan":"stdout","logger":"task"}
{"timestamp":"2025-12-05T00:46:06.782589Z","level":"info","event":"  Exported CSV to data_exports/artists.csv","chan":"stdout","logger":"task"}
{"timestamp":"2025-12-05T00:46:06.783233Z","level":"info","event":"Loading song_artists (136 rows)...","chan":"stdout","logger":"task"}
{"timestamp":"2025-12-05T00:46:06.788356Z","level":"info","event":"  Exported CSV to data_exports/song_artists.csv","chan":"stdout","logger":"task"}
{"timestamp":"2025-12-05T00:46:06.789230Z","level":"info","event":"Loading chart_entries (100 rows)...","chan":"stdout","logger":"task"}
{"timestamp":"2025-12-05T00:46:06.799325Z","level":"info","event":"  Exported CSV to data_exports/chart_entries.csv","chan":"stdout","logger":"task"}
{"timestamp":"2025-12-05T00:46:06.799471","level":"info","event":"Done. Returned value was: None","logger":"airflow.task.operators.airflow.providers.standard.operators.python.PythonOperator"}
{"timestamp":"2025-12-05T00:46:06.859519Z","level":"info","event":"Task instance in success state","chan":"stdout","logger":"task"}
{"timestamp":"2025-12-05T00:46:06.861387Z","level":"info","event":" Previous state of the Task instance: TaskInstanceState.RUNNING","chan":"stdout","logger":"task"}
{"timestamp":"2025-12-05T00:46:06.864711Z","level":"info","event":"Task operator:<Task(PythonOperator): load_music_data>","chan":"stdout","logger":"task"}
