{"timestamp":"2025-12-05T23:06:20.235797","level":"info","event":"DAG bundles loaded: dags-folder, example_dags","logger":"airflow.dag_processing.bundles.manager.DagBundlesManager"}
{"timestamp":"2025-12-05T23:06:20.237030","level":"info","event":"Filling up the DagBag from /opt/airflow/dags/music_load_dag.py","logger":"airflow.models.dagbag.DagBag"}
{"timestamp":"2025-12-05T23:06:20.362059Z","level":"info","event":"postgresql+psycopg2://airflow:airflow@postgres/airflow","chan":"stdout","logger":"task"}
{"timestamp":"2025-12-05T23:06:20.426669Z","level":"info","event":"Task instance is in running state","chan":"stdout","logger":"task"}
{"timestamp":"2025-12-05T23:06:20.426829Z","level":"info","event":" Previous state of the Task instance: TaskInstanceState.QUEUED","chan":"stdout","logger":"task"}
{"timestamp":"2025-12-05T23:06:20.426908Z","level":"info","event":"Current task name:load_music_data","chan":"stdout","logger":"task"}
{"timestamp":"2025-12-05T23:06:20.426983Z","level":"info","event":"Dag name:weekly_music_pipeline","chan":"stdout","logger":"task"}
{"timestamp":"2025-12-05T23:06:37.622291Z","level":"info","event":"  Searching Spotify for 100 songs...","chan":"stdout","logger":"task"}
{"timestamp":"2025-12-05T23:06:37.626025Z","level":"info","event":"  Processing song 1/100: Call Me Maybe by Carly Rae Jepsen","chan":"stdout","logger":"task"}
{"timestamp":"2025-12-05T23:06:38.775075Z","level":"info","event":"1","chan":"stdout","logger":"task"}
{"timestamp":"2025-12-05T23:06:39.462001Z","level":"info","event":"2","chan":"stdout","logger":"task"}
{"timestamp":"2025-12-05T23:06:40.127071Z","level":"info","event":"3","chan":"stdout","logger":"task"}
{"timestamp":"2025-12-05T23:06:40.830017Z","level":"info","event":"4","chan":"stdout","logger":"task"}
{"timestamp":"2025-12-05T23:06:41.524684Z","level":"info","event":"5","chan":"stdout","logger":"task"}
{"timestamp":"2025-12-05T23:06:42.290780Z","level":"info","event":"6","chan":"stdout","logger":"task"}
{"timestamp":"2025-12-05T23:06:43.007102Z","level":"info","event":"7","chan":"stdout","logger":"task"}
{"timestamp":"2025-12-05T23:06:43.679042Z","level":"info","event":"8","chan":"stdout","logger":"task"}
{"timestamp":"2025-12-05T23:06:44.460671Z","level":"info","event":"9","chan":"stdout","logger":"task"}
{"timestamp":"2025-12-05T23:06:44.461446Z","level":"info","event":"  Processing song 10/100: Blow Me (One Last Kiss) by P!nk","chan":"stdout","logger":"task"}
{"timestamp":"2025-12-05T23:06:45.259219Z","level":"info","event":"10","chan":"stdout","logger":"task"}
{"timestamp":"2025-12-05T23:06:45.914388Z","level":"info","event":"11","chan":"stdout","logger":"task"}
{"timestamp":"2025-12-05T23:06:46.743329Z","level":"info","event":"12","chan":"stdout","logger":"task"}
{"timestamp":"2025-12-05T23:06:47.480248Z","level":"info","event":"13","chan":"stdout","logger":"task"}
{"timestamp":"2025-12-05T23:06:48.202734Z","level":"info","event":"14","chan":"stdout","logger":"task"}
{"timestamp":"2025-12-05T23:06:49.064651Z","level":"info","event":"15","chan":"stdout","logger":"task"}
{"timestamp":"2025-12-05T23:06:49.856517Z","level":"info","event":"16","chan":"stdout","logger":"task"}
{"timestamp":"2025-12-05T23:06:50.777408Z","level":"info","event":"17","chan":"stdout","logger":"task"}
{"timestamp":"2025-12-05T23:06:51.502390Z","level":"info","event":"18","chan":"stdout","logger":"task"}
{"timestamp":"2025-12-05T23:06:52.287126Z","level":"info","event":"19","chan":"stdout","logger":"task"}
{"timestamp":"2025-12-05T23:06:52.287622Z","level":"info","event":"  Processing song 20/100: Let's Go by Calvin Harris Featuring Ne-Yo","chan":"stdout","logger":"task"}
{"timestamp":"2025-12-05T23:06:53.010008Z","level":"info","event":"20","chan":"stdout","logger":"task"}
{"timestamp":"2025-12-05T23:06:53.692985Z","level":"info","event":"21","chan":"stdout","logger":"task"}
{"timestamp":"2025-12-05T23:06:54.713868Z","level":"info","event":"22","chan":"stdout","logger":"task"}
{"timestamp":"2025-12-05T23:06:55.411146Z","level":"info","event":"23","chan":"stdout","logger":"task"}
{"timestamp":"2025-12-05T23:06:56.123085Z","level":"info","event":"24","chan":"stdout","logger":"task"}
{"timestamp":"2025-12-05T23:06:56.840428Z","level":"info","event":"25","chan":"stdout","logger":"task"}
{"timestamp":"2025-12-05T23:06:57.803682Z","level":"info","event":"26","chan":"stdout","logger":"task"}
{"timestamp":"2025-12-05T23:06:58.629886Z","level":"info","event":"27","chan":"stdout","logger":"task"}
{"timestamp":"2025-12-05T23:06:59.610103Z","level":"info","event":"28","chan":"stdout","logger":"task"}
{"timestamp":"2025-12-05T23:07:00.313440Z","level":"info","event":"29","chan":"stdout","logger":"task"}
{"timestamp":"2025-12-05T23:07:00.314642Z","level":"info","event":"  Processing song 30/100: Pontoon by Little Big Town","chan":"stdout","logger":"task"}
{"timestamp":"2025-12-05T23:07:01.221387Z","level":"info","event":"30","chan":"stdout","logger":"task"}
{"timestamp":"2025-12-05T23:07:01.913979Z","level":"info","event":"31","chan":"stdout","logger":"task"}
{"timestamp":"2025-12-05T23:07:02.697232Z","level":"info","event":"32","chan":"stdout","logger":"task"}
{"timestamp":"2025-12-05T23:07:03.500127Z","level":"info","event":"33","chan":"stdout","logger":"task"}
{"timestamp":"2025-12-05T23:07:04.130254Z","level":"info","event":"34","chan":"stdout","logger":"task"}
{"timestamp":"2025-12-05T23:07:04.750114Z","level":"info","event":"35","chan":"stdout","logger":"task"}
{"timestamp":"2025-12-05T23:07:05.477579Z","level":"info","event":"36","chan":"stdout","logger":"task"}
{"timestamp":"2025-12-05T23:07:05.722626Z","level":"info","event":"37","chan":"stdout","logger":"task"}
{"timestamp":"2025-12-05T23:07:06.416571Z","level":"info","event":"38","chan":"stdout","logger":"task"}
{"timestamp":"2025-12-05T23:07:07.051614Z","level":"info","event":"39","chan":"stdout","logger":"task"}
{"timestamp":"2025-12-05T23:07:07.053236Z","level":"info","event":"  Processing song 40/100: One Thing by One Direction","chan":"stdout","logger":"task"}
{"timestamp":"2025-12-05T23:07:07.808825Z","level":"info","event":"40","chan":"stdout","logger":"task"}
{"timestamp":"2025-12-05T23:07:08.623761Z","level":"info","event":"41","chan":"stdout","logger":"task"}
{"timestamp":"2025-12-05T23:07:09.422187Z","level":"info","event":"42","chan":"stdout","logger":"task"}
{"timestamp":"2025-12-05T23:07:10.170139Z","level":"info","event":"43","chan":"stdout","logger":"task"}
{"timestamp":"2025-12-05T23:07:11.392016Z","level":"info","event":"44","chan":"stdout","logger":"task"}
{"timestamp":"2025-12-05T23:07:12.088018Z","level":"info","event":"45","chan":"stdout","logger":"task"}
{"timestamp":"2025-12-05T23:07:12.775413Z","level":"info","event":"46","chan":"stdout","logger":"task"}
{"timestamp":"2025-12-05T23:07:13.647108Z","level":"info","event":"47","chan":"stdout","logger":"task"}
{"timestamp":"2025-12-05T23:07:14.322749Z","level":"info","event":"48","chan":"stdout","logger":"task"}
{"timestamp":"2025-12-05T23:07:14.948620Z","level":"info","event":"49","chan":"stdout","logger":"task"}
{"timestamp":"2025-12-05T23:07:14.949173Z","level":"info","event":"  Processing song 50/100: Back In Time by Pitbull","chan":"stdout","logger":"task"}
{"timestamp":"2025-12-05T23:07:15.639635Z","level":"info","event":"50","chan":"stdout","logger":"task"}
{"timestamp":"2025-12-05T23:07:16.504112Z","level":"info","event":"51","chan":"stdout","logger":"task"}
{"timestamp":"2025-12-05T23:07:17.195045Z","level":"info","event":"52","chan":"stdout","logger":"task"}
{"timestamp":"2025-12-05T23:07:18.034650Z","level":"info","event":"53","chan":"stdout","logger":"task"}
{"timestamp":"2025-12-05T23:07:18.741406Z","level":"info","event":"54","chan":"stdout","logger":"task"}
{"timestamp":"2025-12-05T23:07:19.786916Z","level":"info","event":"55","chan":"stdout","logger":"task"}
{"timestamp":"2025-12-05T23:07:20.600497Z","level":"info","event":"56","chan":"stdout","logger":"task"}
{"timestamp":"2025-12-05T23:07:21.313883Z","level":"info","event":"57","chan":"stdout","logger":"task"}
{"timestamp":"2025-12-05T23:07:22.018951Z","level":"info","event":"58","chan":"stdout","logger":"task"}
{"timestamp":"2025-12-05T23:07:22.703151Z","level":"info","event":"59","chan":"stdout","logger":"task"}
{"timestamp":"2025-12-05T23:07:22.703503Z","level":"info","event":"  Processing song 60/100: Time Is Love by Josh Turner","chan":"stdout","logger":"task"}
{"timestamp":"2025-12-05T23:07:23.392649Z","level":"info","event":"60","chan":"stdout","logger":"task"}
{"timestamp":"2025-12-05T23:07:24.125360Z","level":"info","event":"61","chan":"stdout","logger":"task"}
{"timestamp":"2025-12-05T23:07:24.897962Z","level":"info","event":"62","chan":"stdout","logger":"task"}
{"timestamp":"2025-12-05T23:07:25.724216Z","level":"info","event":"63","chan":"stdout","logger":"task"}
{"timestamp":"2025-12-05T23:07:26.414920Z","level":"info","event":"64","chan":"stdout","logger":"task"}
{"timestamp":"2025-12-05T23:07:27.364751Z","level":"info","event":"65","chan":"stdout","logger":"task"}
{"timestamp":"2025-12-05T23:07:28.076682Z","level":"info","event":"66","chan":"stdout","logger":"task"}
{"timestamp":"2025-12-05T23:07:28.768225Z","level":"info","event":"67","chan":"stdout","logger":"task"}
{"timestamp":"2025-12-05T23:07:29.378126Z","level":"info","event":"68","chan":"stdout","logger":"task"}
{"timestamp":"2025-12-05T23:07:30.086185Z","level":"info","event":"69","chan":"stdout","logger":"task"}
{"timestamp":"2025-12-05T23:07:30.087528Z","level":"info","event":"  Processing song 70/100: Cowboys And Angels by Dustin Lynch","chan":"stdout","logger":"task"}
{"timestamp":"2025-12-05T23:07:31.054721Z","level":"info","event":"70","chan":"stdout","logger":"task"}
{"timestamp":"2025-12-05T23:07:31.809132Z","level":"info","event":"71","chan":"stdout","logger":"task"}
{"timestamp":"2025-12-05T23:07:32.489292Z","level":"info","event":"72","chan":"stdout","logger":"task"}
{"timestamp":"2025-12-05T23:07:33.137474Z","level":"info","event":"73","chan":"stdout","logger":"task"}
{"timestamp":"2025-12-05T23:07:33.773594Z","level":"info","event":"74","chan":"stdout","logger":"task"}
{"timestamp":"2025-12-05T23:07:34.738506Z","level":"info","event":"75","chan":"stdout","logger":"task"}
{"timestamp":"2025-12-05T23:07:35.461926Z","level":"info","event":"76","chan":"stdout","logger":"task"}
{"timestamp":"2025-12-05T23:07:36.384169Z","level":"info","event":"77","chan":"stdout","logger":"task"}
{"timestamp":"2025-12-05T23:07:37.239329Z","level":"info","event":"78","chan":"stdout","logger":"task"}
{"timestamp":"2025-12-05T23:07:38.502779Z","level":"info","event":"79","chan":"stdout","logger":"task"}
{"timestamp":"2025-12-05T23:07:38.503182Z","level":"info","event":"  Processing song 80/100: Don't Wake Me Up by Chris Brown","chan":"stdout","logger":"task"}
{"timestamp":"2025-12-05T23:07:39.240227Z","level":"info","event":"80","chan":"stdout","logger":"task"}
{"timestamp":"2025-12-05T23:07:40.025912Z","level":"info","event":"81","chan":"stdout","logger":"task"}
{"timestamp":"2025-12-05T23:07:40.727867Z","level":"info","event":"82","chan":"stdout","logger":"task"}
{"timestamp":"2025-12-05T23:07:41.045090Z","level":"info","event":"83","chan":"stdout","logger":"task"}
{"timestamp":"2025-12-05T23:07:41.905103Z","level":"info","event":"84","chan":"stdout","logger":"task"}
{"timestamp":"2025-12-05T23:07:42.684343Z","level":"info","event":"85","chan":"stdout","logger":"task"}
{"timestamp":"2025-12-05T23:07:43.448068Z","level":"info","event":"86","chan":"stdout","logger":"task"}
{"timestamp":"2025-12-05T23:07:44.137903Z","level":"info","event":"87","chan":"stdout","logger":"task"}
{"timestamp":"2025-12-05T23:07:44.896926Z","level":"info","event":"88","chan":"stdout","logger":"task"}
{"timestamp":"2025-12-05T23:07:45.661890Z","level":"info","event":"89","chan":"stdout","logger":"task"}
{"timestamp":"2025-12-05T23:07:45.662882Z","level":"info","event":"  Processing song 90/100: Pop That by French Montana Featuring Rick Ross, Drake, Lil Wayne","chan":"stdout","logger":"task"}
{"timestamp":"2025-12-05T23:07:46.311823Z","level":"info","event":"90","chan":"stdout","logger":"task"}
{"timestamp":"2025-12-05T23:07:47.335034Z","level":"info","event":"91","chan":"stdout","logger":"task"}
{"timestamp":"2025-12-05T23:07:48.033093Z","level":"info","event":"92","chan":"stdout","logger":"task"}
{"timestamp":"2025-12-05T23:07:48.759271Z","level":"info","event":"93","chan":"stdout","logger":"task"}
{"timestamp":"2025-12-05T23:07:49.582789Z","level":"info","event":"94","chan":"stdout","logger":"task"}
{"timestamp":"2025-12-05T23:07:50.604067Z","level":"info","event":"95","chan":"stdout","logger":"task"}
{"timestamp":"2025-12-05T23:07:51.265077Z","level":"info","event":"96","chan":"stdout","logger":"task"}
{"timestamp":"2025-12-05T23:07:51.972936Z","level":"info","event":"97","chan":"stdout","logger":"task"}
{"timestamp":"2025-12-05T23:07:52.883677Z","level":"info","event":"98","chan":"stdout","logger":"task"}
{"timestamp":"2025-12-05T23:07:53.541857Z","level":"info","event":"99","chan":"stdout","logger":"task"}
{"timestamp":"2025-12-05T23:07:53.542838Z","level":"info","event":"  Processing song 100/100: Dance Again by Jennifer Lopez Featuring Pitbull","chan":"stdout","logger":"task"}
{"timestamp":"2025-12-05T23:07:54.195943Z","level":"info","event":"100","chan":"stdout","logger":"task"}
{"timestamp":"2025-12-05T23:07:54.197336Z","level":"info","event":"{'name': 'Carly Rae Jepsen', 'id': '6sFIWsNpZYqfjUpaCgueju', 'url': 'https://open.spotify.com/artist/6sFIWsNpZYqfjUpaCgueju'}","chan":"stdout","logger":"task"}
{"timestamp":"2025-12-05T23:07:54.197766Z","level":"info","event":"https://musicbrainz.org/ws/2/url?resource=https://open.spotify.com/artist/6sFIWsNpZYqfjUpaCgueju&inc=artist-rels&fmt=json","chan":"stdout","logger":"task"}
{"timestamp":"2025-12-05T23:07:54.576516Z","level":"info","event":"https://musicbrainz.org/ws/2/artist/09887aa7-226e-4ecc-9a0c-02d2ae5777e1?inc=tags&fmt=json","chan":"stdout","logger":"task"}
{"timestamp":"2025-12-05T23:07:55.697113Z","level":"info","event":"{'name': 'Maroon 5', 'id': '04gDigrS5kc9YWfZHwBETP', 'url': 'https://open.spotify.com/artist/04gDigrS5kc9YWfZHwBETP'}","chan":"stdout","logger":"task"}
{"timestamp":"2025-12-05T23:07:55.698123Z","level":"info","event":"https://musicbrainz.org/ws/2/url?resource=https://open.spotify.com/artist/04gDigrS5kc9YWfZHwBETP&inc=artist-rels&fmt=json","chan":"stdout","logger":"task"}
{"timestamp":"2025-12-05T23:07:55.815658Z","level":"info","event":"https://musicbrainz.org/ws/2/artist/0ab49580-c84f-44d4-875f-d83760ea2cfe?inc=tags&fmt=json","chan":"stdout","logger":"task"}
{"timestamp":"2025-12-05T23:07:56.929291Z","level":"info","event":"{'name': 'Wiz Khalifa', 'id': '137W8MRPWKqSmrBGDBFSop', 'url': 'https://open.spotify.com/artist/137W8MRPWKqSmrBGDBFSop'}","chan":"stdout","logger":"task"}
{"timestamp":"2025-12-05T23:07:56.930320Z","level":"info","event":"https://musicbrainz.org/ws/2/url?resource=https://open.spotify.com/artist/137W8MRPWKqSmrBGDBFSop&inc=artist-rels&fmt=json","chan":"stdout","logger":"task"}
{"timestamp":"2025-12-05T23:07:57.049615Z","level":"info","event":"https://musicbrainz.org/ws/2/artist/f5dfa020-ad69-41cd-b3d4-fd7af0414e94?inc=tags&fmt=json","chan":"stdout","logger":"task"}
{"timestamp":"2025-12-05T23:07:58.186498Z","level":"info","event":"{'name': 'Katy Perry', 'id': '6jJ0s89eD6GaHleKKya26X', 'url': 'https://open.spotify.com/artist/6jJ0s89eD6GaHleKKya26X'}","chan":"stdout","logger":"task"}
{"timestamp":"2025-12-05T23:07:58.187608Z","level":"info","event":"https://musicbrainz.org/ws/2/url?resource=https://open.spotify.com/artist/6jJ0s89eD6GaHleKKya26X&inc=artist-rels&fmt=json","chan":"stdout","logger":"task"}
{"timestamp":"2025-12-05T23:07:58.309408Z","level":"info","event":"https://musicbrainz.org/ws/2/artist/122d63fc-8671-43e4-9752-34e846d62a9c?inc=tags&fmt=json","chan":"stdout","logger":"task"}
{"timestamp":"2025-12-05T23:07:59.425027Z","level":"info","event":"{'name': 'Ellie Goulding', 'id': '0X2BH1fck6amBIoJhDVmmJ', 'url': 'https://open.spotify.com/artist/0X2BH1fck6amBIoJhDVmmJ'}","chan":"stdout","logger":"task"}
{"timestamp":"2025-12-05T23:07:59.426069Z","level":"info","event":"https://musicbrainz.org/ws/2/url?resource=https://open.spotify.com/artist/0X2BH1fck6amBIoJhDVmmJ&inc=artist-rels&fmt=json","chan":"stdout","logger":"task"}
{"timestamp":"2025-12-05T23:07:59.544834Z","level":"info","event":"https://musicbrainz.org/ws/2/artist/33ca19f4-18c8-4411-98df-ac23890ce9f5?inc=tags&fmt=json","chan":"stdout","logger":"task"}
{"timestamp":"2025-12-05T23:08:00.657843Z","level":"info","event":"{'name': 'Gotye', 'id': '2AsusXITU8P25dlRNhcAbG', 'url': 'https://open.spotify.com/artist/2AsusXITU8P25dlRNhcAbG'}","chan":"stdout","logger":"task"}
{"timestamp":"2025-12-05T23:08:00.659012Z","level":"info","event":"https://musicbrainz.org/ws/2/url?resource=https://open.spotify.com/artist/2AsusXITU8P25dlRNhcAbG&inc=artist-rels&fmt=json","chan":"stdout","logger":"task"}
{"timestamp":"2025-12-05T23:08:00.778949Z","level":"info","event":"https://musicbrainz.org/ws/2/artist/6f6fd596-76e0-4b82-aa37-f558ac2d337b?inc=tags&fmt=json","chan":"stdout","logger":"task"}
{"timestamp":"2025-12-05T23:08:01.893871Z","level":"info","event":"{'name': 'Kimbra', 'id': '6hk7Yq1DU9QcCCrz9uc0Ti', 'url': 'https://open.spotify.com/artist/6hk7Yq1DU9QcCCrz9uc0Ti'}","chan":"stdout","logger":"task"}
{"timestamp":"2025-12-05T23:08:01.897278Z","level":"info","event":"https://musicbrainz.org/ws/2/url?resource=https://open.spotify.com/artist/6hk7Yq1DU9QcCCrz9uc0Ti&inc=artist-rels&fmt=json","chan":"stdout","logger":"task"}
{"timestamp":"2025-12-05T23:08:02.016555Z","level":"info","event":"https://musicbrainz.org/ws/2/artist/fad2875e-ba81-4637-b859-4684622dcb1c?inc=tags&fmt=json","chan":"stdout","logger":"task"}
{"timestamp":"2025-12-05T23:08:03.134620Z","level":"info","event":"{'name': 'Flo Rida', 'id': '0jnsk9HBra6NMjO2oANoPY', 'url': 'https://open.spotify.com/artist/0jnsk9HBra6NMjO2oANoPY'}","chan":"stdout","logger":"task"}
{"timestamp":"2025-12-05T23:08:03.141364Z","level":"info","event":"https://musicbrainz.org/ws/2/url?resource=https://open.spotify.com/artist/0jnsk9HBra6NMjO2oANoPY&inc=artist-rels&fmt=json","chan":"stdout","logger":"task"}
{"timestamp":"2025-12-05T23:08:03.269261Z","level":"info","event":"https://musicbrainz.org/ws/2/artist/4593d49a-7f67-46ba-9ec0-126bd676286f?inc=tags&fmt=json","chan":"stdout","logger":"task"}
{"timestamp":"2025-12-05T23:08:03.384351Z","level":"info","event":"Rate limit hit. Retrying in 1s...","chan":"stdout","logger":"task"}
{"timestamp":"2025-12-05T23:08:04.533128Z","level":"info","event":"Rate limit hit. Retrying in 2s...","chan":"stdout","logger":"task"}
{"timestamp":"2025-12-05T23:08:07.670005Z","level":"info","event":"{'name': 'Rihanna', 'id': '5pKCCKE2ajJHZ9KAiaK11H', 'url': 'https://open.spotify.com/artist/5pKCCKE2ajJHZ9KAiaK11H'}","chan":"stdout","logger":"task"}
{"timestamp":"2025-12-05T23:08:07.671091Z","level":"info","event":"https://musicbrainz.org/ws/2/url?resource=https://open.spotify.com/artist/5pKCCKE2ajJHZ9KAiaK11H&inc=artist-rels&fmt=json","chan":"stdout","logger":"task"}
{"timestamp":"2025-12-05T23:08:07.780642Z","level":"info","event":"https://musicbrainz.org/ws/2/artist/73e5e69d-3554-40d8-8516-00cb38737a1c?inc=tags&fmt=json","chan":"stdout","logger":"task"}
{"timestamp":"2025-12-05T23:08:08.941011Z","level":"info","event":"{'name': 'David Guetta', 'id': '1Cs0zKBU1kc0i8ypK3B9ai', 'url': 'https://open.spotify.com/artist/1Cs0zKBU1kc0i8ypK3B9ai'}","chan":"stdout","logger":"task"}
{"timestamp":"2025-12-05T23:08:08.941354Z","level":"info","event":"https://musicbrainz.org/ws/2/url?resource=https://open.spotify.com/artist/1Cs0zKBU1kc0i8ypK3B9ai&inc=artist-rels&fmt=json","chan":"stdout","logger":"task"}
{"timestamp":"2025-12-05T23:08:09.054873Z","level":"info","event":"https://musicbrainz.org/ws/2/artist/302bd7b9-d012-4360-897a-93b00c855680?inc=tags&fmt=json","chan":"stdout","logger":"task"}
{"timestamp":"2025-12-05T23:08:10.172522Z","level":"info","event":"{'name': 'Sia', 'id': '5WUlDfRSoLAfcVSX1WnrxN', 'url': 'https://open.spotify.com/artist/5WUlDfRSoLAfcVSX1WnrxN'}","chan":"stdout","logger":"task"}
{"timestamp":"2025-12-05T23:08:10.172808Z","level":"info","event":"https://musicbrainz.org/ws/2/url?resource=https://open.spotify.com/artist/5WUlDfRSoLAfcVSX1WnrxN&inc=artist-rels&fmt=json","chan":"stdout","logger":"task"}
{"timestamp":"2025-12-05T23:08:10.286348Z","level":"info","event":"https://musicbrainz.org/ws/2/artist/2f548675-008d-4332-876c-108b0c7ab9c5?inc=tags&fmt=json","chan":"stdout","logger":"task"}
{"timestamp":"2025-12-05T23:08:11.503852Z","level":"info","event":"{'name': 'USHER', 'id': '23zg3TcAtWQy7J6upgbUnj', 'url': 'https://open.spotify.com/artist/23zg3TcAtWQy7J6upgbUnj'}","chan":"stdout","logger":"task"}
{"timestamp":"2025-12-05T23:08:11.505102Z","level":"info","event":"https://musicbrainz.org/ws/2/url?resource=https://open.spotify.com/artist/23zg3TcAtWQy7J6upgbUnj&inc=artist-rels&fmt=json","chan":"stdout","logger":"task"}
{"timestamp":"2025-12-05T23:08:11.624469Z","level":"info","event":"https://musicbrainz.org/ws/2/artist/3414d446-735a-443c-931f-10634f57e5b9?inc=tags&fmt=json","chan":"stdout","logger":"task"}
{"timestamp":"2025-12-05T23:08:12.763034Z","level":"info","event":"{'name': 'P!nk', 'id': '1KCSPY1glIKqW2TotWuXOR', 'url': 'https://open.spotify.com/artist/1KCSPY1glIKqW2TotWuXOR'}","chan":"stdout","logger":"task"}
{"timestamp":"2025-12-05T23:08:12.764994Z","level":"info","event":"https://musicbrainz.org/ws/2/url?resource=https://open.spotify.com/artist/1KCSPY1glIKqW2TotWuXOR&inc=artist-rels&fmt=json","chan":"stdout","logger":"task"}
{"timestamp":"2025-12-05T23:08:12.878910Z","level":"info","event":"https://musicbrainz.org/ws/2/artist/f4d5cc07-3bc9-4836-9b15-88a08359bc63?inc=tags&fmt=json","chan":"stdout","logger":"task"}
{"timestamp":"2025-12-05T23:08:14.004811Z","level":"info","event":"{'name': 'fun.', 'id': '5nCi3BB41mBaMH9gfr6Su0', 'url': 'https://open.spotify.com/artist/5nCi3BB41mBaMH9gfr6Su0'}","chan":"stdout","logger":"task"}
{"timestamp":"2025-12-05T23:08:14.005675Z","level":"info","event":"https://musicbrainz.org/ws/2/url?resource=https://open.spotify.com/artist/5nCi3BB41mBaMH9gfr6Su0&inc=artist-rels&fmt=json","chan":"stdout","logger":"task"}
{"timestamp":"2025-12-05T23:08:14.119327Z","level":"info","event":"https://musicbrainz.org/ws/2/artist/136c4166-85b3-4994-aa04-59857c434199?inc=tags&fmt=json","chan":"stdout","logger":"task"}
{"timestamp":"2025-12-05T23:08:15.239204Z","level":"info","event":"{'name': 'Janelle Monáe', 'id': '6ueGR6SWhUJfvEhqkvMsVs', 'url': 'https://open.spotify.com/artist/6ueGR6SWhUJfvEhqkvMsVs'}","chan":"stdout","logger":"task"}
{"timestamp":"2025-12-05T23:08:15.239799Z","level":"info","event":"https://musicbrainz.org/ws/2/url?resource=https://open.spotify.com/artist/6ueGR6SWhUJfvEhqkvMsVs&inc=artist-rels&fmt=json","chan":"stdout","logger":"task"}
{"timestamp":"2025-12-05T23:08:15.362779Z","level":"info","event":"https://musicbrainz.org/ws/2/artist/ee190f6b-7d98-43ec-b924-da5f8018eca0?inc=tags&fmt=json","chan":"stdout","logger":"task"}
{"timestamp":"2025-12-05T23:08:16.484797Z","level":"info","event":"{'name': 'Jason Aldean', 'id': '3FfvYsEGaIb52QPXhg4DcH', 'url': 'https://open.spotify.com/artist/3FfvYsEGaIb52QPXhg4DcH'}","chan":"stdout","logger":"task"}
{"timestamp":"2025-12-05T23:08:16.486091Z","level":"info","event":"https://musicbrainz.org/ws/2/url?resource=https://open.spotify.com/artist/3FfvYsEGaIb52QPXhg4DcH&inc=artist-rels&fmt=json","chan":"stdout","logger":"task"}
{"timestamp":"2025-12-05T23:08:16.605108Z","level":"info","event":"Rate limit hit. Retrying in 1s...","chan":"stdout","logger":"task"}
{"timestamp":"2025-12-05T23:08:17.849942Z","level":"info","event":"https://musicbrainz.org/ws/2/artist/f24df11a-7e35-4979-a4db-a3b2a170ce27?inc=tags&fmt=json","chan":"stdout","logger":"task"}
{"timestamp":"2025-12-05T23:08:19.080263Z","level":"info","event":"{'name': 'Kanye West', 'id': '5K4W6rqBFWDnAN6FQUkS6x', 'url': 'https://open.spotify.com/artist/5K4W6rqBFWDnAN6FQUkS6x'}","chan":"stdout","logger":"task"}
{"timestamp":"2025-12-05T23:08:19.081503Z","level":"info","event":"https://musicbrainz.org/ws/2/url?resource=https://open.spotify.com/artist/5K4W6rqBFWDnAN6FQUkS6x&inc=artist-rels&fmt=json","chan":"stdout","logger":"task"}
{"timestamp":"2025-12-05T23:08:19.193528Z","level":"info","event":"https://musicbrainz.org/ws/2/artist/164f0d73-1234-4e2c-8743-d77bf2191051?inc=tags&fmt=json","chan":"stdout","logger":"task"}
{"timestamp":"2025-12-05T23:08:20.320068Z","level":"info","event":"{'name': 'Big Sean', 'id': '0c173mlxpT3dSFRgMO8XPh', 'url': 'https://open.spotify.com/artist/0c173mlxpT3dSFRgMO8XPh'}","chan":"stdout","logger":"task"}
{"timestamp":"2025-12-05T23:08:20.320474Z","level":"info","event":"https://musicbrainz.org/ws/2/url?resource=https://open.spotify.com/artist/0c173mlxpT3dSFRgMO8XPh&inc=artist-rels&fmt=json","chan":"stdout","logger":"task"}
{"timestamp":"2025-12-05T23:08:20.433112Z","level":"info","event":"https://musicbrainz.org/ws/2/artist/942a9807-9c1a-4a0e-a285-1fde2c5be9d1?inc=tags&fmt=json","chan":"stdout","logger":"task"}
{"timestamp":"2025-12-05T23:08:21.923661Z","level":"info","event":"{'name': 'Pusha T', 'id': '0ONHkAv9pCAFxb0zJwDNTy', 'url': 'https://open.spotify.com/artist/0ONHkAv9pCAFxb0zJwDNTy'}","chan":"stdout","logger":"task"}
{"timestamp":"2025-12-05T23:08:21.924477Z","level":"info","event":"https://musicbrainz.org/ws/2/url?resource=https://open.spotify.com/artist/0ONHkAv9pCAFxb0zJwDNTy&inc=artist-rels&fmt=json","chan":"stdout","logger":"task"}
{"timestamp":"2025-12-05T23:08:22.036819Z","level":"info","event":"https://musicbrainz.org/ws/2/artist/14ecd19f-7121-4192-8549-e5056241a42f?inc=tags&fmt=json","chan":"stdout","logger":"task"}
{"timestamp":"2025-12-05T23:08:23.158903Z","level":"info","event":"{'name': '2 Chainz', 'id': '17lzZA2AlOHwCwFALHttmp', 'url': 'https://open.spotify.com/artist/17lzZA2AlOHwCwFALHttmp'}","chan":"stdout","logger":"task"}
{"timestamp":"2025-12-05T23:08:23.159220Z","level":"info","event":"https://musicbrainz.org/ws/2/url?resource=https://open.spotify.com/artist/17lzZA2AlOHwCwFALHttmp&inc=artist-rels&fmt=json","chan":"stdout","logger":"task"}
{"timestamp":"2025-12-05T23:08:23.282229Z","level":"info","event":"https://musicbrainz.org/ws/2/artist/dff0d392-4cd5-4052-9fbb-f485df3891e5?inc=tags&fmt=json","chan":"stdout","logger":"task"}
{"timestamp":"2025-12-05T23:08:24.530243Z","level":"info","event":"{'name': 'Nicki Minaj', 'id': '0hCNtLu0JehylgoiP8L4Gh', 'url': 'https://open.spotify.com/artist/0hCNtLu0JehylgoiP8L4Gh'}","chan":"stdout","logger":"task"}
{"timestamp":"2025-12-05T23:08:24.530556Z","level":"info","event":"https://musicbrainz.org/ws/2/url?resource=https://open.spotify.com/artist/0hCNtLu0JehylgoiP8L4Gh&inc=artist-rels&fmt=json","chan":"stdout","logger":"task"}
{"timestamp":"2025-12-05T23:08:24.641379Z","level":"info","event":"https://musicbrainz.org/ws/2/artist/1036b808-f58c-4a3e-b461-a2c4492ecf1b?inc=tags&fmt=json","chan":"stdout","logger":"task"}
{"timestamp":"2025-12-05T23:08:25.751886Z","level":"info","event":"{'name': 'One Direction', 'id': '4AK6F7OLvEQ5QYCBNiQWHq', 'url': 'https://open.spotify.com/artist/4AK6F7OLvEQ5QYCBNiQWHq'}","chan":"stdout","logger":"task"}
{"timestamp":"2025-12-05T23:08:25.752473Z","level":"info","event":"https://musicbrainz.org/ws/2/url?resource=https://open.spotify.com/artist/4AK6F7OLvEQ5QYCBNiQWHq&inc=artist-rels&fmt=json","chan":"stdout","logger":"task"}
{"timestamp":"2025-12-05T23:08:25.868751Z","level":"info","event":"https://musicbrainz.org/ws/2/artist/1a425bbd-cca4-4b2c-aeb7-71cb176c828a?inc=tags&fmt=json","chan":"stdout","logger":"task"}
{"timestamp":"2025-12-05T23:08:26.988481Z","level":"info","event":"{'name': 'Cher Lloyd', 'id': '4m4SfDVbF5wxrwEjDKgi4k', 'url': 'https://open.spotify.com/artist/4m4SfDVbF5wxrwEjDKgi4k'}","chan":"stdout","logger":"task"}
{"timestamp":"2025-12-05T23:08:26.989579Z","level":"info","event":"https://musicbrainz.org/ws/2/url?resource=https://open.spotify.com/artist/4m4SfDVbF5wxrwEjDKgi4k&inc=artist-rels&fmt=json","chan":"stdout","logger":"task"}
{"timestamp":"2025-12-05T23:08:27.115550Z","level":"info","event":"https://musicbrainz.org/ws/2/artist/48fbfb0b-92ee-45eb-99c2-0bde4c05962e?inc=tags&fmt=json","chan":"stdout","logger":"task"}
{"timestamp":"2025-12-05T23:08:27.228047Z","level":"info","event":"Rate limit hit. Retrying in 1s...","chan":"stdout","logger":"task"}
{"timestamp":"2025-12-05T23:08:29.352277Z","level":"info","event":"{'name': 'Demi Lovato', 'id': '6S2OmqARrzebs0tKUEyXyp', 'url': 'https://open.spotify.com/artist/6S2OmqARrzebs0tKUEyXyp'}","chan":"stdout","logger":"task"}
{"timestamp":"2025-12-05T23:08:29.356151Z","level":"info","event":"https://musicbrainz.org/ws/2/url?resource=https://open.spotify.com/artist/6S2OmqARrzebs0tKUEyXyp&inc=artist-rels&fmt=json","chan":"stdout","logger":"task"}
{"timestamp":"2025-12-05T23:08:29.471919Z","level":"info","event":"https://musicbrainz.org/ws/2/artist/faf4cefb-036c-4c88-b93a-5b03dd0a0e6b?inc=tags&fmt=json","chan":"stdout","logger":"task"}
{"timestamp":"2025-12-05T23:08:30.594813Z","level":"info","event":"{'name': 'Calvin Harris', 'id': '7CajNmpbOovFoOoasH2HaY', 'url': 'https://open.spotify.com/artist/7CajNmpbOovFoOoasH2HaY'}","chan":"stdout","logger":"task"}
{"timestamp":"2025-12-05T23:08:30.597226Z","level":"info","event":"https://musicbrainz.org/ws/2/url?resource=https://open.spotify.com/artist/7CajNmpbOovFoOoasH2HaY&inc=artist-rels&fmt=json","chan":"stdout","logger":"task"}
{"timestamp":"2025-12-05T23:08:30.709332Z","level":"info","event":"https://musicbrainz.org/ws/2/artist/8dd98bdc-80ec-4e93-8509-2f46bafc09a7?inc=tags&fmt=json","chan":"stdout","logger":"task"}
{"timestamp":"2025-12-05T23:08:31.824598Z","level":"info","event":"{'name': 'Ne-Yo', 'id': '21E3waRsmPlU7jZsS13rcj', 'url': 'https://open.spotify.com/artist/21E3waRsmPlU7jZsS13rcj'}","chan":"stdout","logger":"task"}
{"timestamp":"2025-12-05T23:08:31.825453Z","level":"info","event":"https://musicbrainz.org/ws/2/url?resource=https://open.spotify.com/artist/21E3waRsmPlU7jZsS13rcj&inc=artist-rels&fmt=json","chan":"stdout","logger":"task"}
{"timestamp":"2025-12-05T23:08:31.953127Z","level":"info","event":"https://musicbrainz.org/ws/2/artist/a4a01f5d-18e7-4571-8c3a-76ec0e24e2d7?inc=tags&fmt=json","chan":"stdout","logger":"task"}
{"timestamp":"2025-12-05T23:08:33.072278Z","level":"info","event":"{'name': 'Neon Trees', 'id': '0RpddSzUHfncUWNJXKOsjy', 'url': 'https://open.spotify.com/artist/0RpddSzUHfncUWNJXKOsjy'}","chan":"stdout","logger":"task"}
{"timestamp":"2025-12-05T23:08:33.074384Z","level":"info","event":"https://musicbrainz.org/ws/2/url?resource=https://open.spotify.com/artist/0RpddSzUHfncUWNJXKOsjy&inc=artist-rels&fmt=json","chan":"stdout","logger":"task"}
{"timestamp":"2025-12-05T23:08:33.194475Z","level":"info","event":"https://musicbrainz.org/ws/2/artist/16243662-8538-4746-a0fb-0d15b5828b8e?inc=tags&fmt=json","chan":"stdout","logger":"task"}
{"timestamp":"2025-12-05T23:08:34.317966Z","level":"info","event":"{'name': 'The Wanted', 'id': '2NhdGz9EDv2FeUw6udu2g1', 'url': 'https://open.spotify.com/artist/2NhdGz9EDv2FeUw6udu2g1'}","chan":"stdout","logger":"task"}
{"timestamp":"2025-12-05T23:08:34.321128Z","level":"info","event":"https://musicbrainz.org/ws/2/url?resource=https://open.spotify.com/artist/2NhdGz9EDv2FeUw6udu2g1&inc=artist-rels&fmt=json","chan":"stdout","logger":"task"}
{"timestamp":"2025-12-05T23:08:34.428632Z","level":"info","event":"https://musicbrainz.org/ws/2/artist/bcb16f22-b064-4b80-b3a3-c824bccdbab1?inc=tags&fmt=json","chan":"stdout","logger":"task"}
{"timestamp":"2025-12-05T23:08:35.541607Z","level":"info","event":"{'name': 'Owl City', 'id': '07QEuhtrNmmZ0zEcqE9SF6', 'url': 'https://open.spotify.com/artist/07QEuhtrNmmZ0zEcqE9SF6'}","chan":"stdout","logger":"task"}
{"timestamp":"2025-12-05T23:08:35.546345Z","level":"info","event":"https://musicbrainz.org/ws/2/url?resource=https://open.spotify.com/artist/07QEuhtrNmmZ0zEcqE9SF6&inc=artist-rels&fmt=json","chan":"stdout","logger":"task"}
{"timestamp":"2025-12-05T23:08:35.674275Z","level":"info","event":"https://musicbrainz.org/ws/2/artist/ad279295-653f-42e1-9aaa-b731df2e78ba?inc=tags&fmt=json","chan":"stdout","logger":"task"}
{"timestamp":"2025-12-05T23:08:36.799100Z","level":"info","event":"{'name': 'Jason Mraz', 'id': '4phGZZrJZRo4ElhRtViYdl', 'url': 'https://open.spotify.com/artist/4phGZZrJZRo4ElhRtViYdl'}","chan":"stdout","logger":"task"}
{"timestamp":"2025-12-05T23:08:36.800952Z","level":"info","event":"https://musicbrainz.org/ws/2/url?resource=https://open.spotify.com/artist/4phGZZrJZRo4ElhRtViYdl&inc=artist-rels&fmt=json","chan":"stdout","logger":"task"}
{"timestamp":"2025-12-05T23:08:36.925641Z","level":"info","event":"https://musicbrainz.org/ws/2/artist/82eb8936-7bf6-4577-8320-a2639465206d?inc=tags&fmt=json","chan":"stdout","logger":"task"}
{"timestamp":"2025-12-05T23:08:38.053291Z","level":"info","event":"{'name': 'Kenny Chesney', 'id': '3grHWM9bx2E9vwJCdlRv9O', 'url': 'https://open.spotify.com/artist/3grHWM9bx2E9vwJCdlRv9O'}","chan":"stdout","logger":"task"}
{"timestamp":"2025-12-05T23:08:38.054465Z","level":"info","event":"https://musicbrainz.org/ws/2/url?resource=https://open.spotify.com/artist/3grHWM9bx2E9vwJCdlRv9O&inc=artist-rels&fmt=json","chan":"stdout","logger":"task"}
{"timestamp":"2025-12-05T23:08:38.171520Z","level":"info","event":"Rate limit hit. Retrying in 1s...","chan":"stdout","logger":"task"}
{"timestamp":"2025-12-05T23:08:39.301628Z","level":"info","event":"https://musicbrainz.org/ws/2/artist/5dca4d22-d6c8-4e70-8ca1-4543e43353c7?inc=tags&fmt=json","chan":"stdout","logger":"task"}
{"timestamp":"2025-12-05T23:08:40.413753Z","level":"info","event":"{'name': 'Train', 'id': '3FUY2gzHeIiaesXtOAdB7A', 'url': 'https://open.spotify.com/artist/3FUY2gzHeIiaesXtOAdB7A'}","chan":"stdout","logger":"task"}
{"timestamp":"2025-12-05T23:08:40.415147Z","level":"info","event":"https://musicbrainz.org/ws/2/url?resource=https://open.spotify.com/artist/3FUY2gzHeIiaesXtOAdB7A&inc=artist-rels&fmt=json","chan":"stdout","logger":"task"}
{"timestamp":"2025-12-05T23:08:40.533022Z","level":"info","event":"https://musicbrainz.org/ws/2/artist/bfd5aec5-62a2-4560-a316-7c46c17babda?inc=tags&fmt=json","chan":"stdout","logger":"task"}
{"timestamp":"2025-12-05T23:08:41.647879Z","level":"info","event":"{'name': 'Havana Brown', 'id': '1EVWYRr2obCRDoSoD6KSuM', 'url': 'https://open.spotify.com/artist/1EVWYRr2obCRDoSoD6KSuM'}","chan":"stdout","logger":"task"}
{"timestamp":"2025-12-05T23:08:41.649276Z","level":"info","event":"https://musicbrainz.org/ws/2/url?resource=https://open.spotify.com/artist/1EVWYRr2obCRDoSoD6KSuM&inc=artist-rels&fmt=json","chan":"stdout","logger":"task"}
{"timestamp":"2025-12-05T23:08:41.769785Z","level":"info","event":"https://musicbrainz.org/ws/2/artist/202d9955-4cd2-4bb2-835c-e0152c6abf19?inc=tags&fmt=json","chan":"stdout","logger":"task"}
{"timestamp":"2025-12-05T23:08:42.997312Z","level":"info","event":"{'name': 'Pitbull', 'id': '0TnOYISbd1XYRBk9myaseg', 'url': 'https://open.spotify.com/artist/0TnOYISbd1XYRBk9myaseg'}","chan":"stdout","logger":"task"}
{"timestamp":"2025-12-05T23:08:42.998514Z","level":"info","event":"https://musicbrainz.org/ws/2/url?resource=https://open.spotify.com/artist/0TnOYISbd1XYRBk9myaseg&inc=artist-rels&fmt=json","chan":"stdout","logger":"task"}
{"timestamp":"2025-12-05T23:08:43.116357Z","level":"info","event":"https://musicbrainz.org/ws/2/artist/d262ea27-3ffe-40f7-b922-85c42d625e67?inc=tags&fmt=json","chan":"stdout","logger":"task"}
{"timestamp":"2025-12-05T23:08:44.543340Z","level":"info","event":"{'name': 'Drake', 'id': '3TVXtAsR1Inumwj472S9r4', 'url': 'https://open.spotify.com/artist/3TVXtAsR1Inumwj472S9r4'}","chan":"stdout","logger":"task"}
{"timestamp":"2025-12-05T23:08:44.544485Z","level":"info","event":"https://musicbrainz.org/ws/2/url?resource=https://open.spotify.com/artist/3TVXtAsR1Inumwj472S9r4&inc=artist-rels&fmt=json","chan":"stdout","logger":"task"}
{"timestamp":"2025-12-05T23:08:44.671910Z","level":"info","event":"https://musicbrainz.org/ws/2/artist/9fff2f8a-21e6-47de-a2b8-7f449929d43f?inc=tags&fmt=json","chan":"stdout","logger":"task"}
{"timestamp":"2025-12-05T23:08:45.793535Z","level":"info","event":"{'name': 'Luke Bryan', 'id': '0BvkDsjIUla7X0k6CSWh1I', 'url': 'https://open.spotify.com/artist/0BvkDsjIUla7X0k6CSWh1I'}","chan":"stdout","logger":"task"}
{"timestamp":"2025-12-05T23:08:45.793977Z","level":"info","event":"https://musicbrainz.org/ws/2/url?resource=https://open.spotify.com/artist/0BvkDsjIUla7X0k6CSWh1I&inc=artist-rels&fmt=json","chan":"stdout","logger":"task"}
{"timestamp":"2025-12-05T23:08:45.906667Z","level":"info","event":"https://musicbrainz.org/ws/2/artist/aab35942-f176-4f77-bbf9-1d6aa98ccf3f?inc=tags&fmt=json","chan":"stdout","logger":"task"}
{"timestamp":"2025-12-05T23:08:47.031589Z","level":"info","event":"{'name': 'Little Big Town', 'id': '3CygdxquGHurS7f9LjNLkv', 'url': 'https://open.spotify.com/artist/3CygdxquGHurS7f9LjNLkv'}","chan":"stdout","logger":"task"}
{"timestamp":"2025-12-05T23:08:47.032002Z","level":"info","event":"https://musicbrainz.org/ws/2/url?resource=https://open.spotify.com/artist/3CygdxquGHurS7f9LjNLkv&inc=artist-rels&fmt=json","chan":"stdout","logger":"task"}
{"timestamp":"2025-12-05T23:08:47.143433Z","level":"info","event":"https://musicbrainz.org/ws/2/artist/76e78b58-f301-4975-8058-7f84d8360738?inc=tags&fmt=json","chan":"stdout","logger":"task"}
{"timestamp":"2025-12-05T23:08:48.267768Z","level":"info","event":"{'name': 'Kelly Clarkson', 'id': '3BmGtnKgCSGYIUhmivXKWX', 'url': 'https://open.spotify.com/artist/3BmGtnKgCSGYIUhmivXKWX'}","chan":"stdout","logger":"task"}
{"timestamp":"2025-12-05T23:08:48.269533Z","level":"info","event":"https://musicbrainz.org/ws/2/url?resource=https://open.spotify.com/artist/3BmGtnKgCSGYIUhmivXKWX&inc=artist-rels&fmt=json","chan":"stdout","logger":"task"}
{"timestamp":"2025-12-05T23:08:48.392456Z","level":"info","event":"https://musicbrainz.org/ws/2/artist/d339efbb-77b9-4147-ba9e-59f2f24550b2?inc=tags&fmt=json","chan":"stdout","logger":"task"}
{"timestamp":"2025-12-05T23:08:48.506240Z","level":"info","event":"Rate limit hit. Retrying in 1s...","chan":"stdout","logger":"task"}
{"timestamp":"2025-12-05T23:08:50.633413Z","level":"info","event":"{'name': 'Dierks Bentley', 'id': '7x8nK0m0cP2ksQf0mjWdPS', 'url': 'https://open.spotify.com/artist/7x8nK0m0cP2ksQf0mjWdPS'}","chan":"stdout","logger":"task"}
{"timestamp":"2025-12-05T23:08:50.636755Z","level":"info","event":"https://musicbrainz.org/ws/2/url?resource=https://open.spotify.com/artist/7x8nK0m0cP2ksQf0mjWdPS&inc=artist-rels&fmt=json","chan":"stdout","logger":"task"}
{"timestamp":"2025-12-05T23:08:50.758740Z","level":"info","event":"https://musicbrainz.org/ws/2/artist/6bd7faa9-601f-44db-a2a6-239209f83156?inc=tags&fmt=json","chan":"stdout","logger":"task"}
{"timestamp":"2025-12-05T23:08:51.889617Z","level":"info","event":"{'name': 'No Doubt', 'id': '0cQbJU1aAzvbEmTuljWLlF', 'url': 'https://open.spotify.com/artist/0cQbJU1aAzvbEmTuljWLlF'}","chan":"stdout","logger":"task"}
{"timestamp":"2025-12-05T23:08:51.890934Z","level":"info","event":"https://musicbrainz.org/ws/2/url?resource=https://open.spotify.com/artist/0cQbJU1aAzvbEmTuljWLlF&inc=artist-rels&fmt=json","chan":"stdout","logger":"task"}
{"timestamp":"2025-12-05T23:08:52.037496Z","level":"info","event":"https://musicbrainz.org/ws/2/artist/fbd2a255-1d57-4d31-ac11-65b671c19958?inc=tags&fmt=json","chan":"stdout","logger":"task"}
{"timestamp":"2025-12-05T23:08:53.297020Z","level":"info","event":"{'name': 'Alex Clare', 'id': '5Tf4EH8tDvznnjULcFxkIl', 'url': 'https://open.spotify.com/artist/5Tf4EH8tDvznnjULcFxkIl'}","chan":"stdout","logger":"task"}
{"timestamp":"2025-12-05T23:08:53.297796Z","level":"info","event":"https://musicbrainz.org/ws/2/url?resource=https://open.spotify.com/artist/5Tf4EH8tDvznnjULcFxkIl&inc=artist-rels&fmt=json","chan":"stdout","logger":"task"}
{"timestamp":"2025-12-05T23:08:53.432696Z","level":"info","event":"https://musicbrainz.org/ws/2/artist/e8c8a3c3-29b6-421e-b977-fb6796231d41?inc=tags&fmt=json","chan":"stdout","logger":"task"}
{"timestamp":"2025-12-05T23:08:54.568430Z","level":"info","event":"{'name': 'Gloriana', 'id': '5RjqSn7vYk8Qb9GeLWRRhB', 'url': 'https://open.spotify.com/artist/5RjqSn7vYk8Qb9GeLWRRhB'}","chan":"stdout","logger":"task"}
{"timestamp":"2025-12-05T23:08:54.569334Z","level":"info","event":"https://musicbrainz.org/ws/2/url?resource=https://open.spotify.com/artist/5RjqSn7vYk8Qb9GeLWRRhB&inc=artist-rels&fmt=json","chan":"stdout","logger":"task"}
{"timestamp":"2025-12-05T23:08:54.688354Z","level":"info","event":"https://musicbrainz.org/ws/2/artist/45ee3bf0-7ef7-4a87-81e3-a5867473b93d?inc=tags&fmt=json","chan":"stdout","logger":"task"}
{"timestamp":"2025-12-05T23:08:55.811989Z","level":"info","event":"{'name': 'Hunter Hayes', 'id': '7H6dkUChT5EoOQtUVMg4cN', 'url': 'https://open.spotify.com/artist/7H6dkUChT5EoOQtUVMg4cN'}","chan":"stdout","logger":"task"}
{"timestamp":"2025-12-05T23:08:55.812502Z","level":"info","event":"https://musicbrainz.org/ws/2/url?resource=https://open.spotify.com/artist/7H6dkUChT5EoOQtUVMg4cN&inc=artist-rels&fmt=json","chan":"stdout","logger":"task"}
{"timestamp":"2025-12-05T23:08:55.926917Z","level":"info","event":"https://musicbrainz.org/ws/2/artist/0c75ddc6-2b5d-4b01-8c99-3d9479a14683?inc=tags&fmt=json","chan":"stdout","logger":"task"}
{"timestamp":"2025-12-05T23:08:57.054957Z","level":"info","event":"{'name': 'Eli Young Band', 'id': '6eKWqnckwdIlSnjaYgIyxv', 'url': 'https://open.spotify.com/artist/6eKWqnckwdIlSnjaYgIyxv'}","chan":"stdout","logger":"task"}
{"timestamp":"2025-12-05T23:08:57.056284Z","level":"info","event":"https://musicbrainz.org/ws/2/url?resource=https://open.spotify.com/artist/6eKWqnckwdIlSnjaYgIyxv&inc=artist-rels&fmt=json","chan":"stdout","logger":"task"}
{"timestamp":"2025-12-05T23:08:57.170564Z","level":"info","event":"https://musicbrainz.org/ws/2/artist/80737f69-60c5-4c0d-9562-88faf8d8f2f4?inc=tags&fmt=json","chan":"stdout","logger":"task"}
{"timestamp":"2025-12-05T23:08:58.284504Z","level":"info","event":"{'name': 'Justin Bieber', 'id': '1uNFoZAHBGtllmzznpCI3s', 'url': 'https://open.spotify.com/artist/1uNFoZAHBGtllmzznpCI3s'}","chan":"stdout","logger":"task"}
{"timestamp":"2025-12-05T23:08:58.284974Z","level":"info","event":"https://musicbrainz.org/ws/2/url?resource=https://open.spotify.com/artist/1uNFoZAHBGtllmzznpCI3s&inc=artist-rels&fmt=json","chan":"stdout","logger":"task"}
{"timestamp":"2025-12-05T23:08:58.400771Z","level":"info","event":"https://musicbrainz.org/ws/2/artist/e0140a67-e4d1-4f13-8a01-364355bee46e?inc=tags&fmt=json","chan":"stdout","logger":"task"}
{"timestamp":"2025-12-05T23:08:59.512763Z","level":"info","event":"{'name': 'Love and Theft', 'id': '03a5eVjzFyQlR4XyVSwt4t', 'url': 'https://open.spotify.com/artist/03a5eVjzFyQlR4XyVSwt4t'}","chan":"stdout","logger":"task"}
{"timestamp":"2025-12-05T23:08:59.514321Z","level":"info","event":"https://musicbrainz.org/ws/2/url?resource=https://open.spotify.com/artist/03a5eVjzFyQlR4XyVSwt4t&inc=artist-rels&fmt=json","chan":"stdout","logger":"task"}
{"timestamp":"2025-12-05T23:08:59.646087Z","level":"info","event":"https://musicbrainz.org/ws/2/artist/b5d77881-1324-43b2-9ddb-7f4856155972?inc=tags&fmt=json","chan":"stdout","logger":"task"}
{"timestamp":"2025-12-05T23:09:00.771316Z","level":"info","event":"{'name': 'Gym Class Heroes', 'id': '4IJczjB0fJ04gs4uvP0Fli', 'url': 'https://open.spotify.com/artist/4IJczjB0fJ04gs4uvP0Fli'}","chan":"stdout","logger":"task"}
{"timestamp":"2025-12-05T23:09:00.774096Z","level":"info","event":"https://musicbrainz.org/ws/2/url?resource=https://open.spotify.com/artist/4IJczjB0fJ04gs4uvP0Fli&inc=artist-rels&fmt=json","chan":"stdout","logger":"task"}
{"timestamp":"2025-12-05T23:09:00.886047Z","level":"info","event":"https://musicbrainz.org/ws/2/artist/f4d4b515-0b74-423f-a161-db184330c37c?inc=tags&fmt=json","chan":"stdout","logger":"task"}
{"timestamp":"2025-12-05T23:09:02.004327Z","level":"info","event":"{'name': 'Ryan Tedder', 'id': '4we5S2VLjgY9KzIzApL1KI', 'url': 'https://open.spotify.com/artist/4we5S2VLjgY9KzIzApL1KI'}","chan":"stdout","logger":"task"}
{"timestamp":"2025-12-05T23:09:02.006625Z","level":"info","event":"https://musicbrainz.org/ws/2/url?resource=https://open.spotify.com/artist/4we5S2VLjgY9KzIzApL1KI&inc=artist-rels&fmt=json","chan":"stdout","logger":"task"}
{"timestamp":"2025-12-05T23:09:02.127960Z","level":"info","event":"https://musicbrainz.org/ws/2/artist/0bc6d6e7-0858-4b73-a079-7aa681095f98?inc=tags&fmt=json","chan":"stdout","logger":"task"}
{"timestamp":"2025-12-05T23:09:03.319265Z","level":"info","event":"{'name': 'Eric Church', 'id': '2IvkS5MXK0vPGnwyJsrEyV', 'url': 'https://open.spotify.com/artist/2IvkS5MXK0vPGnwyJsrEyV'}","chan":"stdout","logger":"task"}
{"timestamp":"2025-12-05T23:09:03.320282Z","level":"info","event":"https://musicbrainz.org/ws/2/url?resource=https://open.spotify.com/artist/2IvkS5MXK0vPGnwyJsrEyV&inc=artist-rels&fmt=json","chan":"stdout","logger":"task"}
{"timestamp":"2025-12-05T23:09:03.436914Z","level":"info","event":"https://musicbrainz.org/ws/2/artist/15856215-cc51-4423-879c-9ac955ccb11a?inc=tags&fmt=json","chan":"stdout","logger":"task"}
{"timestamp":"2025-12-05T23:09:04.558408Z","level":"info","event":"{'name': 'Karmin', 'id': '4M0DLz8te9Q1lNIXBBwvfG', 'url': 'https://open.spotify.com/artist/4M0DLz8te9Q1lNIXBBwvfG'}","chan":"stdout","logger":"task"}
{"timestamp":"2025-12-05T23:09:04.561097Z","level":"info","event":"https://musicbrainz.org/ws/2/url?resource=https://open.spotify.com/artist/4M0DLz8te9Q1lNIXBBwvfG&inc=artist-rels&fmt=json","chan":"stdout","logger":"task"}
{"timestamp":"2025-12-05T23:09:04.743904Z","level":"info","event":"https://musicbrainz.org/ws/2/artist/a81303f1-64a5-4359-83ce-767f5fc3a542?inc=tags&fmt=json","chan":"stdout","logger":"task"}
{"timestamp":"2025-12-05T23:09:05.857922Z","level":"info","event":"{'name': 'Rick Ross', 'id': '1sBkRIssrMs1AbVkOJbc7a', 'url': 'https://open.spotify.com/artist/1sBkRIssrMs1AbVkOJbc7a'}","chan":"stdout","logger":"task"}
{"timestamp":"2025-12-05T23:09:05.858890Z","level":"info","event":"https://musicbrainz.org/ws/2/url?resource=https://open.spotify.com/artist/1sBkRIssrMs1AbVkOJbc7a&inc=artist-rels&fmt=json","chan":"stdout","logger":"task"}
{"timestamp":"2025-12-05T23:09:05.986546Z","level":"info","event":"https://musicbrainz.org/ws/2/artist/13bcb2bb-db37-4397-baf5-e0f085be2d64?inc=tags&fmt=json","chan":"stdout","logger":"task"}
{"timestamp":"2025-12-05T23:09:07.116455Z","level":"info","event":"{'name': 'GROUPLOVE', 'id': '3kVUvbeRdcrqQ3oHk5hPdx', 'url': 'https://open.spotify.com/artist/3kVUvbeRdcrqQ3oHk5hPdx'}","chan":"stdout","logger":"task"}
{"timestamp":"2025-12-05T23:09:07.117363Z","level":"info","event":"https://musicbrainz.org/ws/2/url?resource=https://open.spotify.com/artist/3kVUvbeRdcrqQ3oHk5hPdx&inc=artist-rels&fmt=json","chan":"stdout","logger":"task"}
{"timestamp":"2025-12-05T23:09:07.236458Z","level":"info","event":"https://musicbrainz.org/ws/2/artist/d8e41375-bd8d-4e39-9da7-f0c171e97086?inc=tags&fmt=json","chan":"stdout","logger":"task"}
{"timestamp":"2025-12-05T23:09:08.352355Z","level":"info","event":"{'name': 'Trey Songz', 'id': '2iojnBLj0qIMiKPvVhLnsH', 'url': 'https://open.spotify.com/artist/2iojnBLj0qIMiKPvVhLnsH'}","chan":"stdout","logger":"task"}
{"timestamp":"2025-12-05T23:09:08.354995Z","level":"info","event":"https://musicbrainz.org/ws/2/url?resource=https://open.spotify.com/artist/2iojnBLj0qIMiKPvVhLnsH&inc=artist-rels&fmt=json","chan":"stdout","logger":"task"}
{"timestamp":"2025-12-05T23:09:08.472616Z","level":"info","event":"https://musicbrainz.org/ws/2/artist/4d7304f6-7fe3-4959-9d98-01a5af84afe6?inc=tags&fmt=json","chan":"stdout","logger":"task"}
{"timestamp":"2025-12-05T23:09:08.578395Z","level":"info","event":"Rate limit hit. Retrying in 1s...","chan":"stdout","logger":"task"}
{"timestamp":"2025-12-05T23:09:10.722511Z","level":"info","event":"{'name': 'Linkin Park', 'id': '6XyY86QOPPrYVGvF9ch6wz', 'url': 'https://open.spotify.com/artist/6XyY86QOPPrYVGvF9ch6wz'}","chan":"stdout","logger":"task"}
{"timestamp":"2025-12-05T23:09:10.734980Z","level":"info","event":"https://musicbrainz.org/ws/2/url?resource=https://open.spotify.com/artist/6XyY86QOPPrYVGvF9ch6wz&inc=artist-rels&fmt=json","chan":"stdout","logger":"task"}
{"timestamp":"2025-12-05T23:09:10.853401Z","level":"info","event":"https://musicbrainz.org/ws/2/artist/f59c5520-5f46-4d2c-b2c4-822eabf53419?inc=tags&fmt=json","chan":"stdout","logger":"task"}
{"timestamp":"2025-12-05T23:09:11.976960Z","level":"info","event":"{'name': 'Blake Shelton', 'id': '1UTPBmNbXNTittyMJrNkvw', 'url': 'https://open.spotify.com/artist/1UTPBmNbXNTittyMJrNkvw'}","chan":"stdout","logger":"task"}
{"timestamp":"2025-12-05T23:09:11.977990Z","level":"info","event":"https://musicbrainz.org/ws/2/url?resource=https://open.spotify.com/artist/1UTPBmNbXNTittyMJrNkvw&inc=artist-rels&fmt=json","chan":"stdout","logger":"task"}
{"timestamp":"2025-12-05T23:09:12.095974Z","level":"info","event":"https://musicbrainz.org/ws/2/artist/2ad66473-ccb3-41d2-8756-b56680cdfe62?inc=tags&fmt=json","chan":"stdout","logger":"task"}
{"timestamp":"2025-12-05T23:09:13.224584Z","level":"info","event":"{'name': 'B.o.B', 'id': '5ndkK3dpZLKtBklKjxNQwT', 'url': 'https://open.spotify.com/artist/5ndkK3dpZLKtBklKjxNQwT'}","chan":"stdout","logger":"task"}
{"timestamp":"2025-12-05T23:09:13.226168Z","level":"info","event":"https://musicbrainz.org/ws/2/url?resource=https://open.spotify.com/artist/5ndkK3dpZLKtBklKjxNQwT&inc=artist-rels&fmt=json","chan":"stdout","logger":"task"}
{"timestamp":"2025-12-05T23:09:13.338554Z","level":"info","event":"https://musicbrainz.org/ws/2/artist/94c338ff-1985-4429-9dc8-997b61bb5932?inc=tags&fmt=json","chan":"stdout","logger":"task"}
{"timestamp":"2025-12-05T23:09:14.459712Z","level":"info","event":"{'name': 'Taylor Swift', 'id': '06HL4z0CvFAxyc27GXpf02', 'url': 'https://open.spotify.com/artist/06HL4z0CvFAxyc27GXpf02'}","chan":"stdout","logger":"task"}
{"timestamp":"2025-12-05T23:09:14.460578Z","level":"info","event":"https://musicbrainz.org/ws/2/url?resource=https://open.spotify.com/artist/06HL4z0CvFAxyc27GXpf02&inc=artist-rels&fmt=json","chan":"stdout","logger":"task"}
{"timestamp":"2025-12-05T23:09:14.579499Z","level":"info","event":"https://musicbrainz.org/ws/2/artist/20244d07-534f-4eff-b4d4-930878889970?inc=tags&fmt=json","chan":"stdout","logger":"task"}
{"timestamp":"2025-12-05T23:09:15.702706Z","level":"info","event":"{'name': 'The Lumineers', 'id': '16oZKvXb6WkQlVAjwo2Wbg', 'url': 'https://open.spotify.com/artist/16oZKvXb6WkQlVAjwo2Wbg'}","chan":"stdout","logger":"task"}
{"timestamp":"2025-12-05T23:09:15.703358Z","level":"info","event":"https://musicbrainz.org/ws/2/url?resource=https://open.spotify.com/artist/16oZKvXb6WkQlVAjwo2Wbg&inc=artist-rels&fmt=json","chan":"stdout","logger":"task"}
{"timestamp":"2025-12-05T23:09:15.821229Z","level":"info","event":"https://musicbrainz.org/ws/2/artist/bfcb6630-9b31-4e63-b11f-7b0363be72b5?inc=tags&fmt=json","chan":"stdout","logger":"task"}
{"timestamp":"2025-12-05T23:09:16.938046Z","level":"info","event":"{'name': 'Toby Keith', 'id': '2bA6fzP0lMAQ4kz6CF61w8', 'url': 'https://open.spotify.com/artist/2bA6fzP0lMAQ4kz6CF61w8'}","chan":"stdout","logger":"task"}
{"timestamp":"2025-12-05T23:09:16.943379Z","level":"info","event":"https://musicbrainz.org/ws/2/url?resource=https://open.spotify.com/artist/2bA6fzP0lMAQ4kz6CF61w8&inc=artist-rels&fmt=json","chan":"stdout","logger":"task"}
{"timestamp":"2025-12-05T23:09:17.071923Z","level":"info","event":"https://musicbrainz.org/ws/2/artist/2f951906-5629-4fef-a260-5033151c162a?inc=tags&fmt=json","chan":"stdout","logger":"task"}
{"timestamp":"2025-12-05T23:09:18.189387Z","level":"info","event":"{'name': 'Of Monsters and Men', 'id': '4dwdTW1Lfiq0cM8nBAqIIz', 'url': 'https://open.spotify.com/artist/4dwdTW1Lfiq0cM8nBAqIIz'}","chan":"stdout","logger":"task"}
{"timestamp":"2025-12-05T23:09:18.189730Z","level":"info","event":"https://musicbrainz.org/ws/2/url?resource=https://open.spotify.com/artist/4dwdTW1Lfiq0cM8nBAqIIz&inc=artist-rels&fmt=json","chan":"stdout","logger":"task"}
{"timestamp":"2025-12-05T23:09:18.301450Z","level":"info","event":"https://musicbrainz.org/ws/2/artist/9e103f85-7af7-41d7-b83b-49ba8f0c5abf?inc=tags&fmt=json","chan":"stdout","logger":"task"}
{"timestamp":"2025-12-05T23:09:19.420905Z","level":"info","event":"{'name': 'Josh Turner', 'id': '7vCtweS8UVAXTyau2j0rDT', 'url': 'https://open.spotify.com/artist/7vCtweS8UVAXTyau2j0rDT'}","chan":"stdout","logger":"task"}
{"timestamp":"2025-12-05T23:09:19.421324Z","level":"info","event":"https://musicbrainz.org/ws/2/url?resource=https://open.spotify.com/artist/7vCtweS8UVAXTyau2j0rDT&inc=artist-rels&fmt=json","chan":"stdout","logger":"task"}
{"timestamp":"2025-12-05T23:09:19.542717Z","level":"info","event":"Rate limit hit. Retrying in 1s...","chan":"stdout","logger":"task"}
{"timestamp":"2025-12-05T23:09:20.678242Z","level":"info","event":"HTTP 404: Not Found","chan":"stdout","logger":"task"}
{"timestamp":"2025-12-05T23:09:20.678491Z","level":"info","event":"unable to get mbid for https://open.spotify.com/artist/7vCtweS8UVAXTyau2j0rDT","chan":"stdout","logger":"task"}
{"timestamp":"2025-12-05T23:09:21.680850Z","level":"info","event":"{'name': 'DJ Khaled', 'id': '0QHgL1lAIqAw0HtD7YldmP', 'url': 'https://open.spotify.com/artist/0QHgL1lAIqAw0HtD7YldmP'}","chan":"stdout","logger":"task"}
{"timestamp":"2025-12-05T23:09:21.682944Z","level":"info","event":"https://musicbrainz.org/ws/2/url?resource=https://open.spotify.com/artist/0QHgL1lAIqAw0HtD7YldmP&inc=artist-rels&fmt=json","chan":"stdout","logger":"task"}
{"timestamp":"2025-12-05T23:09:21.800516Z","level":"info","event":"https://musicbrainz.org/ws/2/artist/081a2d60-9791-4e05-a075-f1890355eeee?inc=tags&fmt=json","chan":"stdout","logger":"task"}
{"timestamp":"2025-12-05T23:09:22.920197Z","level":"info","event":"{'name': 'Chris Brown', 'id': '7bXgB6jMjp9ATFy66eO08Z', 'url': 'https://open.spotify.com/artist/7bXgB6jMjp9ATFy66eO08Z'}","chan":"stdout","logger":"task"}
{"timestamp":"2025-12-05T23:09:22.920619Z","level":"info","event":"https://musicbrainz.org/ws/2/url?resource=https://open.spotify.com/artist/7bXgB6jMjp9ATFy66eO08Z&inc=artist-rels&fmt=json","chan":"stdout","logger":"task"}
{"timestamp":"2025-12-05T23:09:23.037209Z","level":"info","event":"https://musicbrainz.org/ws/2/artist/c234fa42-e6a6-443e-937e-2f4b073538a3?inc=tags&fmt=json","chan":"stdout","logger":"task"}
{"timestamp":"2025-12-05T23:09:24.161482Z","level":"info","event":"{'name': 'Lil Wayne', 'id': '55Aa2cqylxrFIXC767Z865', 'url': 'https://open.spotify.com/artist/55Aa2cqylxrFIXC767Z865'}","chan":"stdout","logger":"task"}
{"timestamp":"2025-12-05T23:09:24.161939Z","level":"info","event":"https://musicbrainz.org/ws/2/url?resource=https://open.spotify.com/artist/55Aa2cqylxrFIXC767Z865&inc=artist-rels&fmt=json","chan":"stdout","logger":"task"}
{"timestamp":"2025-12-05T23:09:24.279280Z","level":"info","event":"https://musicbrainz.org/ws/2/artist/ac9a487a-d9d2-4f27-bb23-0f4686488345?inc=tags&fmt=json","chan":"stdout","logger":"task"}
{"timestamp":"2025-12-05T23:09:25.417832Z","level":"info","event":"{'name': 'The Band Perry', 'id': '75FnCoo4FBxH5K1Rrx0k5A', 'url': 'https://open.spotify.com/artist/75FnCoo4FBxH5K1Rrx0k5A'}","chan":"stdout","logger":"task"}
{"timestamp":"2025-12-05T23:09:25.419620Z","level":"info","event":"https://musicbrainz.org/ws/2/url?resource=https://open.spotify.com/artist/75FnCoo4FBxH5K1Rrx0k5A&inc=artist-rels&fmt=json","chan":"stdout","logger":"task"}
{"timestamp":"2025-12-05T23:09:25.535312Z","level":"info","event":"https://musicbrainz.org/ws/2/artist/28955336-2348-488a-9381-e3a7b0107343?inc=tags&fmt=json","chan":"stdout","logger":"task"}
{"timestamp":"2025-12-05T23:09:26.658453Z","level":"info","event":"{'name': 'Meek Mill', 'id': '20sxb77xiYeusSH8cVdatc', 'url': 'https://open.spotify.com/artist/20sxb77xiYeusSH8cVdatc'}","chan":"stdout","logger":"task"}
{"timestamp":"2025-12-05T23:09:26.660668Z","level":"info","event":"https://musicbrainz.org/ws/2/url?resource=https://open.spotify.com/artist/20sxb77xiYeusSH8cVdatc&inc=artist-rels&fmt=json","chan":"stdout","logger":"task"}
{"timestamp":"2025-12-05T23:09:26.772742Z","level":"info","event":"https://musicbrainz.org/ws/2/artist/31bcadcc-e1da-4cad-bec8-2f4f1d41b095?inc=tags&fmt=json","chan":"stdout","logger":"task"}
{"timestamp":"2025-12-05T23:09:27.888632Z","level":"info","event":"{'name': 'Keith Urban', 'id': '0u2FHSq3ln94y5Q57xazwf', 'url': 'https://open.spotify.com/artist/0u2FHSq3ln94y5Q57xazwf'}","chan":"stdout","logger":"task"}
{"timestamp":"2025-12-05T23:09:27.889177Z","level":"info","event":"https://musicbrainz.org/ws/2/url?resource=https://open.spotify.com/artist/0u2FHSq3ln94y5Q57xazwf&inc=artist-rels&fmt=json","chan":"stdout","logger":"task"}
{"timestamp":"2025-12-05T23:09:28.019676Z","level":"info","event":"https://musicbrainz.org/ws/2/artist/f45da029-7b00-4bf3-962c-0eeb20309cc4?inc=tags&fmt=json","chan":"stdout","logger":"task"}
{"timestamp":"2025-12-05T23:09:29.139574Z","level":"info","event":"{'name': 'J. Cole', 'id': '6l3HvQ5sa6mXTsMTB19rO5', 'url': 'https://open.spotify.com/artist/6l3HvQ5sa6mXTsMTB19rO5'}","chan":"stdout","logger":"task"}
{"timestamp":"2025-12-05T23:09:29.142546Z","level":"info","event":"https://musicbrainz.org/ws/2/url?resource=https://open.spotify.com/artist/6l3HvQ5sa6mXTsMTB19rO5&inc=artist-rels&fmt=json","chan":"stdout","logger":"task"}
{"timestamp":"2025-12-05T23:09:29.270059Z","level":"info","event":"https://musicbrainz.org/ws/2/artist/875203e1-8e58-4b86-8dcb-7190faf411c5?inc=tags&fmt=json","chan":"stdout","logger":"task"}
{"timestamp":"2025-12-05T23:09:30.391463Z","level":"info","event":"{'name': 'Missy Elliott', 'id': '2wIVse2owClT7go1WT98tk', 'url': 'https://open.spotify.com/artist/2wIVse2owClT7go1WT98tk'}","chan":"stdout","logger":"task"}
{"timestamp":"2025-12-05T23:09:30.392618Z","level":"info","event":"https://musicbrainz.org/ws/2/url?resource=https://open.spotify.com/artist/2wIVse2owClT7go1WT98tk&inc=artist-rels&fmt=json","chan":"stdout","logger":"task"}
{"timestamp":"2025-12-05T23:09:30.513942Z","level":"info","event":"Rate limit hit. Retrying in 1s...","chan":"stdout","logger":"task"}
{"timestamp":"2025-12-05T23:09:31.775346Z","level":"info","event":"Network error: ('Connection aborted.', RemoteDisconnected('Remote end closed connection without response')). Attempt 2/3","chan":"stdout","logger":"task"}
{"timestamp":"2025-12-05T23:09:33.176012Z","level":"info","event":"https://musicbrainz.org/ws/2/artist/a0b8cb9e-7532-45fe-a74c-30e7c4009a39?inc=tags&fmt=json","chan":"stdout","logger":"task"}
{"timestamp":"2025-12-05T23:09:34.294353Z","level":"info","event":"{'name': 'Jana Kramer', 'id': '2PaRhxWFaqCUZybJDDoNrf', 'url': 'https://open.spotify.com/artist/2PaRhxWFaqCUZybJDDoNrf'}","chan":"stdout","logger":"task"}
{"timestamp":"2025-12-05T23:09:34.295154Z","level":"info","event":"https://musicbrainz.org/ws/2/url?resource=https://open.spotify.com/artist/2PaRhxWFaqCUZybJDDoNrf&inc=artist-rels&fmt=json","chan":"stdout","logger":"task"}
{"timestamp":"2025-12-05T23:09:34.415639Z","level":"info","event":"https://musicbrainz.org/ws/2/artist/7ccdfc16-1b38-4368-b286-13e0c8b0bd0e?inc=tags&fmt=json","chan":"stdout","logger":"task"}
{"timestamp":"2025-12-05T23:09:35.533343Z","level":"info","event":"{'name': 'Tim McGraw', 'id': '6roFdX1y5BYSbp60OTJWMd', 'url': 'https://open.spotify.com/artist/6roFdX1y5BYSbp60OTJWMd'}","chan":"stdout","logger":"task"}
{"timestamp":"2025-12-05T23:09:35.534172Z","level":"info","event":"https://musicbrainz.org/ws/2/url?resource=https://open.spotify.com/artist/6roFdX1y5BYSbp60OTJWMd&inc=artist-rels&fmt=json","chan":"stdout","logger":"task"}
{"timestamp":"2025-12-05T23:09:35.657334Z","level":"info","event":"https://musicbrainz.org/ws/2/artist/7e5cfc9a-e9e1-46f1-b81a-861b12049488?inc=tags&fmt=json","chan":"stdout","logger":"task"}
{"timestamp":"2025-12-05T23:09:36.774273Z","level":"info","event":"{'name': 'Jeezy', 'id': '4yBK75WVCQXej1p04GWqxH', 'url': 'https://open.spotify.com/artist/4yBK75WVCQXej1p04GWqxH'}","chan":"stdout","logger":"task"}
{"timestamp":"2025-12-05T23:09:36.775367Z","level":"info","event":"https://musicbrainz.org/ws/2/url?resource=https://open.spotify.com/artist/4yBK75WVCQXej1p04GWqxH&inc=artist-rels&fmt=json","chan":"stdout","logger":"task"}
{"timestamp":"2025-12-05T23:09:36.901159Z","level":"info","event":"https://musicbrainz.org/ws/2/artist/dcad99e7-3c3e-4c78-bf8a-68203e17da48?inc=tags&fmt=json","chan":"stdout","logger":"task"}
{"timestamp":"2025-12-05T23:09:38.017979Z","level":"info","event":"{'name': 'Dustin Lynch', 'id': '1dID9zgn0OV0Y8ud7Mh2tS', 'url': 'https://open.spotify.com/artist/1dID9zgn0OV0Y8ud7Mh2tS'}","chan":"stdout","logger":"task"}
{"timestamp":"2025-12-05T23:09:38.020852Z","level":"info","event":"https://musicbrainz.org/ws/2/url?resource=https://open.spotify.com/artist/1dID9zgn0OV0Y8ud7Mh2tS&inc=artist-rels&fmt=json","chan":"stdout","logger":"task"}
{"timestamp":"2025-12-05T23:09:38.146727Z","level":"info","event":"https://musicbrainz.org/ws/2/artist/64f8c7a9-1074-4ab7-bb2c-8397884cd38a?inc=tags&fmt=json","chan":"stdout","logger":"task"}
{"timestamp":"2025-12-05T23:09:39.253852Z","level":"info","event":"{'name': 'Zac Brown Band', 'id': '6yJCxee7QumYr820xdIsjo', 'url': 'https://open.spotify.com/artist/6yJCxee7QumYr820xdIsjo'}","chan":"stdout","logger":"task"}
{"timestamp":"2025-12-05T23:09:39.255223Z","level":"info","event":"https://musicbrainz.org/ws/2/url?resource=https://open.spotify.com/artist/6yJCxee7QumYr820xdIsjo&inc=artist-rels&fmt=json","chan":"stdout","logger":"task"}
{"timestamp":"2025-12-05T23:09:39.364983Z","level":"info","event":"https://musicbrainz.org/ws/2/artist/507226f4-0842-4f43-950e-81a7017230ec?inc=tags&fmt=json","chan":"stdout","logger":"task"}
{"timestamp":"2025-12-05T23:09:40.488446Z","level":"info","event":"{'name': 'Frank Ocean', 'id': '2h93pZq0e7k5yf4dywlkpM', 'url': 'https://open.spotify.com/artist/2h93pZq0e7k5yf4dywlkpM'}","chan":"stdout","logger":"task"}
{"timestamp":"2025-12-05T23:09:40.490221Z","level":"info","event":"https://musicbrainz.org/ws/2/url?resource=https://open.spotify.com/artist/2h93pZq0e7k5yf4dywlkpM&inc=artist-rels&fmt=json","chan":"stdout","logger":"task"}
{"timestamp":"2025-12-05T23:09:40.730896Z","level":"info","event":"https://musicbrainz.org/ws/2/artist/e520459c-dff4-491d-a6e4-c97be35e0044?inc=tags&fmt=json","chan":"stdout","logger":"task"}
{"timestamp":"2025-12-05T23:09:41.923783Z","level":"info","event":"{'name': 'Driicky Graham', 'id': '7h5oEr0hzlM0GFQMrgEwSo', 'url': 'https://open.spotify.com/artist/7h5oEr0hzlM0GFQMrgEwSo'}","chan":"stdout","logger":"task"}
{"timestamp":"2025-12-05T23:09:41.926903Z","level":"info","event":"https://musicbrainz.org/ws/2/url?resource=https://open.spotify.com/artist/7h5oEr0hzlM0GFQMrgEwSo&inc=artist-rels&fmt=json","chan":"stdout","logger":"task"}
{"timestamp":"2025-12-05T23:09:42.058447Z","level":"info","event":"https://musicbrainz.org/ws/2/artist/ce68c286-af75-4537-bf02-2400f17f53b2?inc=tags&fmt=json","chan":"stdout","logger":"task"}
{"timestamp":"2025-12-05T23:09:42.167365Z","level":"info","event":"Rate limit hit. Retrying in 1s...","chan":"stdout","logger":"task"}
{"timestamp":"2025-12-05T23:09:44.291958Z","level":"info","event":"{'name': 'Matchbox Twenty', 'id': '3Ngh2zDBRPEriyxQDAMKd1', 'url': 'https://open.spotify.com/artist/3Ngh2zDBRPEriyxQDAMKd1'}","chan":"stdout","logger":"task"}
{"timestamp":"2025-12-05T23:09:44.294595Z","level":"info","event":"https://musicbrainz.org/ws/2/url?resource=https://open.spotify.com/artist/3Ngh2zDBRPEriyxQDAMKd1&inc=artist-rels&fmt=json","chan":"stdout","logger":"task"}
{"timestamp":"2025-12-05T23:09:44.443580Z","level":"info","event":"https://musicbrainz.org/ws/2/artist/75af9d25-cf32-49c0-9192-60bd8e9784e6?inc=tags&fmt=json","chan":"stdout","logger":"task"}
{"timestamp":"2025-12-05T23:09:45.570108Z","level":"info","event":"{'name': 'Lee Brice', 'id': '5Zq7R5qmi58ByYyBQTlNuk', 'url': 'https://open.spotify.com/artist/5Zq7R5qmi58ByYyBQTlNuk'}","chan":"stdout","logger":"task"}
{"timestamp":"2025-12-05T23:09:45.572297Z","level":"info","event":"https://musicbrainz.org/ws/2/url?resource=https://open.spotify.com/artist/5Zq7R5qmi58ByYyBQTlNuk&inc=artist-rels&fmt=json","chan":"stdout","logger":"task"}
{"timestamp":"2025-12-05T23:09:45.689490Z","level":"info","event":"https://musicbrainz.org/ws/2/artist/48a6d065-1fda-4280-ae39-df1394d419cd?inc=tags&fmt=json","chan":"stdout","logger":"task"}
{"timestamp":"2025-12-05T23:09:46.809199Z","level":"info","event":"{'name': 'T.I.', 'id': '4OBJLual30L7gRl5UkeRcT', 'url': 'https://open.spotify.com/artist/4OBJLual30L7gRl5UkeRcT'}","chan":"stdout","logger":"task"}
{"timestamp":"2025-12-05T23:09:46.810987Z","level":"info","event":"https://musicbrainz.org/ws/2/url?resource=https://open.spotify.com/artist/4OBJLual30L7gRl5UkeRcT&inc=artist-rels&fmt=json","chan":"stdout","logger":"task"}
{"timestamp":"2025-12-05T23:09:46.932273Z","level":"info","event":"https://musicbrainz.org/ws/2/artist/f7ba7fbe-c6bd-4ac0-bee9-c25c558d7d62?inc=tags&fmt=json","chan":"stdout","logger":"task"}
{"timestamp":"2025-12-05T23:09:48.055029Z","level":"info","event":"{'name': 'The Killers', 'id': '0C0XlULifJtAgn6ZNCW2eu', 'url': 'https://open.spotify.com/artist/0C0XlULifJtAgn6ZNCW2eu'}","chan":"stdout","logger":"task"}
{"timestamp":"2025-12-05T23:09:48.055964Z","level":"info","event":"https://musicbrainz.org/ws/2/url?resource=https://open.spotify.com/artist/0C0XlULifJtAgn6ZNCW2eu&inc=artist-rels&fmt=json","chan":"stdout","logger":"task"}
{"timestamp":"2025-12-05T23:09:48.263413Z","level":"info","event":"https://musicbrainz.org/ws/2/artist/95e1ead9-4d31-4808-a7ac-32c3614c116b?inc=tags&fmt=json","chan":"stdout","logger":"task"}
{"timestamp":"2025-12-05T23:10:23.112390Z","level":"info","event":"{'name': 'Wale', 'id': '67nwj3Y5sZQLl72VNUHEYE', 'url': 'https://open.spotify.com/artist/67nwj3Y5sZQLl72VNUHEYE'}","chan":"stdout","logger":"task"}
{"timestamp":"2025-12-05T23:10:23.112741Z","level":"info","event":"https://musicbrainz.org/ws/2/url?resource=https://open.spotify.com/artist/67nwj3Y5sZQLl72VNUHEYE&inc=artist-rels&fmt=json","chan":"stdout","logger":"task"}
{"timestamp":"2025-12-05T23:10:23.232793Z","level":"info","event":"https://musicbrainz.org/ws/2/artist/e34e41f2-f480-45d3-8190-a3ce5ab34fab?inc=tags&fmt=json","chan":"stdout","logger":"task"}
{"timestamp":"2025-12-05T23:10:24.348056Z","level":"info","event":"{'name': 'T-Pain', 'id': '3aQeKQSyrW4qWr35idm0cy', 'url': 'https://open.spotify.com/artist/3aQeKQSyrW4qWr35idm0cy'}","chan":"stdout","logger":"task"}
{"timestamp":"2025-12-05T23:10:24.351198Z","level":"info","event":"https://musicbrainz.org/ws/2/url?resource=https://open.spotify.com/artist/3aQeKQSyrW4qWr35idm0cy&inc=artist-rels&fmt=json","chan":"stdout","logger":"task"}
{"timestamp":"2025-12-05T23:10:24.471190Z","level":"info","event":"https://musicbrainz.org/ws/2/artist/ce55e49a-32f4-4757-9849-bf04d06d5fcc?inc=tags&fmt=json","chan":"stdout","logger":"task"}
{"timestamp":"2025-12-05T23:10:25.589113Z","level":"info","event":"{'name': 'Imagine Dragons', 'id': '53XhwfbYqKCa1cC15pYq2q', 'url': 'https://open.spotify.com/artist/53XhwfbYqKCa1cC15pYq2q'}","chan":"stdout","logger":"task"}
{"timestamp":"2025-12-05T23:10:25.592281Z","level":"info","event":"https://musicbrainz.org/ws/2/url?resource=https://open.spotify.com/artist/53XhwfbYqKCa1cC15pYq2q&inc=artist-rels&fmt=json","chan":"stdout","logger":"task"}
{"timestamp":"2025-12-05T23:10:25.760922Z","level":"info","event":"https://musicbrainz.org/ws/2/artist/012151a8-0f9a-44c9-997f-ebd68b5389f9?inc=tags&fmt=json","chan":"stdout","logger":"task"}
{"timestamp":"2025-12-05T23:10:26.908210Z","level":"info","event":"{'name': 'Skrillex', 'id': '5he5w2lnU9x7JFhnwcekXX', 'url': 'https://open.spotify.com/artist/5he5w2lnU9x7JFhnwcekXX'}","chan":"stdout","logger":"task"}
{"timestamp":"2025-12-05T23:10:26.911587Z","level":"info","event":"https://musicbrainz.org/ws/2/url?resource=https://open.spotify.com/artist/5he5w2lnU9x7JFhnwcekXX&inc=artist-rels&fmt=json","chan":"stdout","logger":"task"}
{"timestamp":"2025-12-05T23:10:27.098488Z","level":"info","event":"https://musicbrainz.org/ws/2/artist/ae002c5d-aac6-490b-a39a-30aa9e2edf2b?inc=tags&fmt=json","chan":"stdout","logger":"task"}
{"timestamp":"2025-12-05T23:10:28.367642Z","level":"info","event":"{'name': 'Sirah', 'id': '3oAazIwC0nAYkOKVQPUC38', 'url': 'https://open.spotify.com/artist/3oAazIwC0nAYkOKVQPUC38'}","chan":"stdout","logger":"task"}
{"timestamp":"2025-12-05T23:10:28.369969Z","level":"info","event":"https://musicbrainz.org/ws/2/url?resource=https://open.spotify.com/artist/3oAazIwC0nAYkOKVQPUC38&inc=artist-rels&fmt=json","chan":"stdout","logger":"task"}
{"timestamp":"2025-12-05T23:10:28.506560Z","level":"info","event":"https://musicbrainz.org/ws/2/artist/e451c0ae-5dbe-42d2-9830-9bc96efa3ea9?inc=tags&fmt=json","chan":"stdout","logger":"task"}
{"timestamp":"2025-12-05T23:10:29.628691Z","level":"info","event":"{'name': 'Rita Ora', 'id': '5CCwRZC6euC8Odo6y9X8jr', 'url': 'https://open.spotify.com/artist/5CCwRZC6euC8Odo6y9X8jr'}","chan":"stdout","logger":"task"}
{"timestamp":"2025-12-05T23:10:29.630107Z","level":"info","event":"https://musicbrainz.org/ws/2/url?resource=https://open.spotify.com/artist/5CCwRZC6euC8Odo6y9X8jr&inc=artist-rels&fmt=json","chan":"stdout","logger":"task"}
{"timestamp":"2025-12-05T23:10:29.837327Z","level":"info","event":"https://musicbrainz.org/ws/2/artist/c9dd033c-0270-463c-b3ec-f4b7712486fe?inc=tags&fmt=json","chan":"stdout","logger":"task"}
{"timestamp":"2025-12-05T23:10:30.956280Z","level":"info","event":"{'name': 'M83', 'id': '63MQldklfxkjYDoUE4Tppz', 'url': 'https://open.spotify.com/artist/63MQldklfxkjYDoUE4Tppz'}","chan":"stdout","logger":"task"}
{"timestamp":"2025-12-05T23:10:30.957039Z","level":"info","event":"https://musicbrainz.org/ws/2/url?resource=https://open.spotify.com/artist/63MQldklfxkjYDoUE4Tppz&inc=artist-rels&fmt=json","chan":"stdout","logger":"task"}
{"timestamp":"2025-12-05T23:10:31.140601Z","level":"info","event":"https://musicbrainz.org/ws/2/artist/6d7b7cd4-254b-4c25-83f6-dd20f98ceacd?inc=tags&fmt=json","chan":"stdout","logger":"task"}
{"timestamp":"2025-12-05T23:10:32.318264Z","level":"info","event":"{'name': 'Thompson Square', 'id': '0Bvs8yPjrQSbmVIRqSg1Sp', 'url': 'https://open.spotify.com/artist/0Bvs8yPjrQSbmVIRqSg1Sp'}","chan":"stdout","logger":"task"}
{"timestamp":"2025-12-05T23:10:32.319340Z","level":"info","event":"https://musicbrainz.org/ws/2/url?resource=https://open.spotify.com/artist/0Bvs8yPjrQSbmVIRqSg1Sp&inc=artist-rels&fmt=json","chan":"stdout","logger":"task"}
{"timestamp":"2025-12-05T23:10:32.454163Z","level":"info","event":"HTTP 404: Not Found","chan":"stdout","logger":"task"}
{"timestamp":"2025-12-05T23:10:32.454535Z","level":"info","event":"unable to get mbid for https://open.spotify.com/artist/0Bvs8yPjrQSbmVIRqSg1Sp","chan":"stdout","logger":"task"}
{"timestamp":"2025-12-05T23:10:33.456162Z","level":"info","event":"{'name': 'Carrie Underwood', 'id': '4xFUf1FHVy696Q1JQZMTRj', 'url': 'https://open.spotify.com/artist/4xFUf1FHVy696Q1JQZMTRj'}","chan":"stdout","logger":"task"}
{"timestamp":"2025-12-05T23:10:33.456531Z","level":"info","event":"https://musicbrainz.org/ws/2/url?resource=https://open.spotify.com/artist/4xFUf1FHVy696Q1JQZMTRj&inc=artist-rels&fmt=json","chan":"stdout","logger":"task"}
{"timestamp":"2025-12-05T23:10:33.663134Z","level":"info","event":"https://musicbrainz.org/ws/2/artist/70f0e309-5418-49b6-a130-666e2f76eecd?inc=tags&fmt=json","chan":"stdout","logger":"task"}
{"timestamp":"2025-12-05T23:10:34.812440Z","level":"info","event":"{'name': 'French Montana', 'id': '6vXTefBL93Dj5IqAWq6OTv', 'url': 'https://open.spotify.com/artist/6vXTefBL93Dj5IqAWq6OTv'}","chan":"stdout","logger":"task"}
{"timestamp":"2025-12-05T23:10:34.813409Z","level":"info","event":"https://musicbrainz.org/ws/2/url?resource=https://open.spotify.com/artist/6vXTefBL93Dj5IqAWq6OTv&inc=artist-rels&fmt=json","chan":"stdout","logger":"task"}
{"timestamp":"2025-12-05T23:10:34.981060Z","level":"info","event":"https://musicbrainz.org/ws/2/artist/45dc5f07-6609-4760-a933-8c9e0f858d05?inc=tags&fmt=json","chan":"stdout","logger":"task"}
{"timestamp":"2025-12-05T23:10:36.240465Z","level":"info","event":"{'name': 'The Weeknd', 'id': '1Xyo4u8uXC1ZmMpatF05PJ', 'url': 'https://open.spotify.com/artist/1Xyo4u8uXC1ZmMpatF05PJ'}","chan":"stdout","logger":"task"}
{"timestamp":"2025-12-05T23:10:36.241307Z","level":"info","event":"https://musicbrainz.org/ws/2/url?resource=https://open.spotify.com/artist/1Xyo4u8uXC1ZmMpatF05PJ&inc=artist-rels&fmt=json","chan":"stdout","logger":"task"}
{"timestamp":"2025-12-05T23:10:36.355598Z","level":"info","event":"https://musicbrainz.org/ws/2/artist/c8b03190-306c-4120-bb0b-6f2ebfc06ea9?inc=tags&fmt=json","chan":"stdout","logger":"task"}
{"timestamp":"2025-12-05T23:10:37.474628Z","level":"info","event":"{'name': 'NERO', 'id': '4uRYpUQZrNrY5t8tAv3XrD', 'url': 'https://open.spotify.com/artist/4uRYpUQZrNrY5t8tAv3XrD'}","chan":"stdout","logger":"task"}
{"timestamp":"2025-12-05T23:10:37.476246Z","level":"info","event":"https://musicbrainz.org/ws/2/url?resource=https://open.spotify.com/artist/4uRYpUQZrNrY5t8tAv3XrD&inc=artist-rels&fmt=json","chan":"stdout","logger":"task"}
{"timestamp":"2025-12-05T23:10:37.678439Z","level":"info","event":"https://musicbrainz.org/ws/2/artist/bd057a0c-a7b6-47bf-8dc3-45e0efac1798?inc=tags&fmt=json","chan":"stdout","logger":"task"}
{"timestamp":"2025-12-05T23:10:38.849188Z","level":"info","event":"{'name': 'Thomas Rhett', 'id': '6x2LnllRG5uGarZMsD4iO8', 'url': 'https://open.spotify.com/artist/6x2LnllRG5uGarZMsD4iO8'}","chan":"stdout","logger":"task"}
{"timestamp":"2025-12-05T23:10:38.850453Z","level":"info","event":"https://musicbrainz.org/ws/2/url?resource=https://open.spotify.com/artist/6x2LnllRG5uGarZMsD4iO8&inc=artist-rels&fmt=json","chan":"stdout","logger":"task"}
{"timestamp":"2025-12-05T23:10:39.079426Z","level":"info","event":"https://musicbrainz.org/ws/2/artist/bca8bfc0-9d5b-449b-b713-914596f88d56?inc=tags&fmt=json","chan":"stdout","logger":"task"}
{"timestamp":"2025-12-05T23:10:40.249456Z","level":"info","event":"{'name': 'Dave Matthews Band', 'id': '2TI7qyDE0QfyOlnbtfDo7L', 'url': 'https://open.spotify.com/artist/2TI7qyDE0QfyOlnbtfDo7L'}","chan":"stdout","logger":"task"}
{"timestamp":"2025-12-05T23:10:40.250796Z","level":"info","event":"https://musicbrainz.org/ws/2/url?resource=https://open.spotify.com/artist/2TI7qyDE0QfyOlnbtfDo7L&inc=artist-rels&fmt=json","chan":"stdout","logger":"task"}
{"timestamp":"2025-12-05T23:10:40.459104Z","level":"info","event":"https://musicbrainz.org/ws/2/artist/07e748f1-075e-428d-85dc-ce3be434e906?inc=tags&fmt=json","chan":"stdout","logger":"task"}
{"timestamp":"2025-12-05T23:10:41.710654Z","level":"info","event":"{'name': 'Big & Rich', 'id': '0oBEeN6BCxEgMogzThqrPf', 'url': 'https://open.spotify.com/artist/0oBEeN6BCxEgMogzThqrPf'}","chan":"stdout","logger":"task"}
{"timestamp":"2025-12-05T23:10:41.711817Z","level":"info","event":"https://musicbrainz.org/ws/2/url?resource=https://open.spotify.com/artist/0oBEeN6BCxEgMogzThqrPf&inc=artist-rels&fmt=json","chan":"stdout","logger":"task"}
{"timestamp":"2025-12-05T23:10:41.919112Z","level":"info","event":"https://musicbrainz.org/ws/2/artist/9c76170f-0d77-4aa3-b3c9-52f1ce07b9ec?inc=tags&fmt=json","chan":"stdout","logger":"task"}
{"timestamp":"2025-12-05T23:10:43.085666Z","level":"info","event":"{'name': 'The Black Keys', 'id': '7mnBLXK823vNxN3UWB7Gfz', 'url': 'https://open.spotify.com/artist/7mnBLXK823vNxN3UWB7Gfz'}","chan":"stdout","logger":"task"}
{"timestamp":"2025-12-05T23:10:43.086526Z","level":"info","event":"https://musicbrainz.org/ws/2/url?resource=https://open.spotify.com/artist/7mnBLXK823vNxN3UWB7Gfz&inc=artist-rels&fmt=json","chan":"stdout","logger":"task"}
{"timestamp":"2025-12-05T23:10:43.329161Z","level":"info","event":"https://musicbrainz.org/ws/2/artist/d15721d8-56b4-453d-b506-fc915b14cba2?inc=tags&fmt=json","chan":"stdout","logger":"task"}
{"timestamp":"2025-12-05T23:10:44.495416Z","level":"info","event":"{'name': 'Ed Sheeran', 'id': '6eUKZXaKkcviH0Ku9w2n3V', 'url': 'https://open.spotify.com/artist/6eUKZXaKkcviH0Ku9w2n3V'}","chan":"stdout","logger":"task"}
{"timestamp":"2025-12-05T23:10:44.496346Z","level":"info","event":"https://musicbrainz.org/ws/2/url?resource=https://open.spotify.com/artist/6eUKZXaKkcviH0Ku9w2n3V&inc=artist-rels&fmt=json","chan":"stdout","logger":"task"}
{"timestamp":"2025-12-05T23:10:44.737538Z","level":"info","event":"https://musicbrainz.org/ws/2/artist/b8a7c51f-362c-4dcb-a259-bc6e0095f0a6?inc=tags&fmt=json","chan":"stdout","logger":"task"}
{"timestamp":"2025-12-05T23:10:45.973187Z","level":"info","event":"{'name': 'Easton Corbin', 'id': '070kGpqtESdDsLb3gdMIyx', 'url': 'https://open.spotify.com/artist/070kGpqtESdDsLb3gdMIyx'}","chan":"stdout","logger":"task"}
{"timestamp":"2025-12-05T23:10:45.973533Z","level":"info","event":"https://musicbrainz.org/ws/2/url?resource=https://open.spotify.com/artist/070kGpqtESdDsLb3gdMIyx&inc=artist-rels&fmt=json","chan":"stdout","logger":"task"}
{"timestamp":"2025-12-05T23:10:46.142030Z","level":"info","event":"https://musicbrainz.org/ws/2/artist/c6ada25c-8590-4b75-8013-883a8df55882?inc=tags&fmt=json","chan":"stdout","logger":"task"}
{"timestamp":"2025-12-05T23:10:47.314155Z","level":"info","event":"{'name': 'Jennifer Lopez', 'id': '2DlGxzQSjYe5N6G9nkYghR', 'url': 'https://open.spotify.com/artist/2DlGxzQSjYe5N6G9nkYghR'}","chan":"stdout","logger":"task"}
{"timestamp":"2025-12-05T23:10:47.315413Z","level":"info","event":"https://musicbrainz.org/ws/2/url?resource=https://open.spotify.com/artist/2DlGxzQSjYe5N6G9nkYghR&inc=artist-rels&fmt=json","chan":"stdout","logger":"task"}
{"timestamp":"2025-12-05T23:10:47.441128Z","level":"info","event":"https://musicbrainz.org/ws/2/artist/f0602f55-1770-483d-89bd-4bae0d0ac086?inc=tags&fmt=json","chan":"stdout","logger":"task"}
{"timestamp":"2025-12-05T23:10:47.563474Z","level":"info","event":"Rate limit hit. Retrying in 1s...","chan":"stdout","logger":"task"}
{"timestamp":"2025-12-05T23:10:49.693182Z","level":"info","event":"Fetching audio details for 98 songs...","chan":"stdout","logger":"task"}
{"timestamp":"2025-12-05T23:10:49.696301Z","level":"info","event":"  Fetching batch 1/3 (40 songs)...","chan":"stdout","logger":"task"}
{"timestamp":"2025-12-05T23:10:50.721527Z","level":"info","event":"  Retrieved 27 song details","chan":"stdout","logger":"task"}
{"timestamp":"2025-12-05T23:10:52.729691Z","level":"info","event":"  Fetching batch 2/3 (40 songs)...","chan":"stdout","logger":"task"}
{"timestamp":"2025-12-05T23:17:31.544043Z","level":"info","event":"  Retrieved 32 song details","chan":"stdout","logger":"task"}
{"timestamp":"2025-12-05T23:17:33.548566Z","level":"info","event":"  Fetching batch 3/3 (18 songs)...","chan":"stdout","logger":"task"}
