{"timestamp":"2025-12-06T11:19:16.601629","level":"info","event":"DAG bundles loaded: dags-folder, example_dags","logger":"airflow.dag_processing.bundles.manager.DagBundlesManager"}
{"timestamp":"2025-12-06T11:19:16.603946","level":"info","event":"Filling up the DagBag from /opt/airflow/dags/music_load_dag.py","logger":"airflow.models.dagbag.DagBag"}
{"timestamp":"2025-12-06T11:19:16.713842Z","level":"info","event":"postgresql+psycopg2://airflow:airflow@postgres/airflow","chan":"stdout","logger":"task"}
{"timestamp":"2025-12-06T11:19:16.748101Z","level":"info","event":"Task instance is in running state","chan":"stdout","logger":"task"}
{"timestamp":"2025-12-06T11:19:16.748270Z","level":"info","event":" Previous state of the Task instance: TaskInstanceState.QUEUED","chan":"stdout","logger":"task"}
{"timestamp":"2025-12-06T11:19:16.748396Z","level":"info","event":"Current task name:load_music_data","chan":"stdout","logger":"task"}
{"timestamp":"2025-12-06T11:19:16.748481Z","level":"info","event":"Dag name:weekly_music_pipeline","chan":"stdout","logger":"task"}
{"timestamp":"2025-12-06T11:19:32.099277Z","level":"info","event":"  Searching Spotify for 100 songs...","chan":"stdout","logger":"task"}
{"timestamp":"2025-12-06T11:19:32.100151Z","level":"info","event":"  Processing song 1/100: One More Night by Maroon 5","chan":"stdout","logger":"task"}
{"timestamp":"2025-12-06T11:19:32.743205Z","level":"info","event":"1","chan":"stdout","logger":"task"}
{"timestamp":"2025-12-06T11:19:33.393364Z","level":"info","event":"2","chan":"stdout","logger":"task"}
{"timestamp":"2025-12-06T11:19:34.077008Z","level":"info","event":"3","chan":"stdout","logger":"task"}
{"timestamp":"2025-12-06T11:19:34.698365Z","level":"info","event":"4","chan":"stdout","logger":"task"}
{"timestamp":"2025-12-06T11:19:35.372987Z","level":"info","event":"5","chan":"stdout","logger":"task"}
{"timestamp":"2025-12-06T11:19:36.063007Z","level":"info","event":"6","chan":"stdout","logger":"task"}
{"timestamp":"2025-12-06T11:19:36.838829Z","level":"info","event":"7","chan":"stdout","logger":"task"}
{"timestamp":"2025-12-06T11:19:37.498320Z","level":"info","event":"8","chan":"stdout","logger":"task"}
{"timestamp":"2025-12-06T11:19:38.115529Z","level":"info","event":"9","chan":"stdout","logger":"task"}
{"timestamp":"2025-12-06T11:19:38.115937Z","level":"info","event":"  Processing song 10/100: Good Time by Owl City & Carly Rae Jepsen","chan":"stdout","logger":"task"}
{"timestamp":"2025-12-06T11:19:38.735596Z","level":"info","event":"10","chan":"stdout","logger":"task"}
{"timestamp":"2025-12-06T11:19:39.460330Z","level":"info","event":"11","chan":"stdout","logger":"task"}
{"timestamp":"2025-12-06T11:19:40.247710Z","level":"info","event":"12","chan":"stdout","logger":"task"}
{"timestamp":"2025-12-06T11:19:40.903671Z","level":"info","event":"13","chan":"stdout","logger":"task"}
{"timestamp":"2025-12-06T11:28:38.809667Z","level":"info","event":"Network error: ('Connection aborted.', RemoteDisconnected('Remote end closed connection without response')). Retrying in 1s (attempt 1/3)...","chan":"stdout","logger":"task"}
{"timestamp":"2025-12-06T11:28:40.242682Z","level":"info","event":"14","chan":"stdout","logger":"task"}
{"timestamp":"2025-12-06T11:28:40.905351Z","level":"info","event":"15","chan":"stdout","logger":"task"}
{"timestamp":"2025-12-06T11:28:41.616683Z","level":"info","event":"16","chan":"stdout","logger":"task"}
{"timestamp":"2025-12-06T11:28:42.537228Z","level":"info","event":"17","chan":"stdout","logger":"task"}
{"timestamp":"2025-12-06T11:28:43.216508Z","level":"info","event":"18","chan":"stdout","logger":"task"}
{"timestamp":"2025-12-06T11:28:44.077191Z","level":"info","event":"19","chan":"stdout","logger":"task"}
{"timestamp":"2025-12-06T11:28:44.078196Z","level":"info","event":"  Processing song 20/100: Mercy by Kanye West, Big Sean, Pusha T, 2 Chainz","chan":"stdout","logger":"task"}
{"timestamp":"2025-12-06T11:28:44.895469Z","level":"info","event":"20","chan":"stdout","logger":"task"}
{"timestamp":"2025-12-06T11:28:46.082040Z","level":"info","event":"21","chan":"stdout","logger":"task"}
{"timestamp":"2025-12-06T11:28:47.616333Z","level":"info","event":"22","chan":"stdout","logger":"task"}
{"timestamp":"2025-12-06T11:28:48.960443Z","level":"info","event":"23","chan":"stdout","logger":"task"}
{"timestamp":"2025-12-06T11:28:50.368406Z","level":"info","event":"24","chan":"stdout","logger":"task"}
{"timestamp":"2025-12-06T11:28:51.834416Z","level":"info","event":"25","chan":"stdout","logger":"task"}
{"timestamp":"2025-12-06T11:28:52.737233Z","level":"info","event":"26","chan":"stdout","logger":"task"}
{"timestamp":"2025-12-06T11:28:53.446936Z","level":"info","event":"27","chan":"stdout","logger":"task"}
{"timestamp":"2025-12-06T11:28:54.064073Z","level":"info","event":"28","chan":"stdout","logger":"task"}
{"timestamp":"2025-12-06T11:28:54.849633Z","level":"info","event":"29","chan":"stdout","logger":"task"}
{"timestamp":"2025-12-06T11:28:54.850123Z","level":"info","event":"  Processing song 30/100: 50 Ways To Say Goodbye by Train","chan":"stdout","logger":"task"}
{"timestamp":"2025-12-06T11:28:55.509068Z","level":"info","event":"30","chan":"stdout","logger":"task"}
{"timestamp":"2025-12-06T11:28:56.179963Z","level":"info","event":"31","chan":"stdout","logger":"task"}
{"timestamp":"2025-12-06T11:28:56.885655Z","level":"info","event":"32","chan":"stdout","logger":"task"}
{"timestamp":"2025-12-06T11:28:57.572780Z","level":"info","event":"33","chan":"stdout","logger":"task"}
{"timestamp":"2025-12-06T11:28:58.820711Z","level":"info","event":"34","chan":"stdout","logger":"task"}
{"timestamp":"2025-12-06T11:28:59.826574Z","level":"info","event":"35","chan":"stdout","logger":"task"}
{"timestamp":"2025-12-06T11:29:00.527379Z","level":"info","event":"36","chan":"stdout","logger":"task"}
{"timestamp":"2025-12-06T11:29:01.271619Z","level":"info","event":"37","chan":"stdout","logger":"task"}
{"timestamp":"2025-12-06T11:29:01.874080Z","level":"info","event":"38","chan":"stdout","logger":"task"}
{"timestamp":"2025-12-06T11:29:02.417241Z","level":"info","event":"39","chan":"stdout","logger":"task"}
{"timestamp":"2025-12-06T11:29:02.417492Z","level":"info","event":"  Processing song 40/100: It's Time by Imagine Dragons","chan":"stdout","logger":"task"}
{"timestamp":"2025-12-06T11:29:03.020508Z","level":"info","event":"40","chan":"stdout","logger":"task"}
{"timestamp":"2025-12-06T11:29:03.581441Z","level":"info","event":"41","chan":"stdout","logger":"task"}
{"timestamp":"2025-12-06T11:29:04.281303Z","level":"info","event":"42","chan":"stdout","logger":"task"}
{"timestamp":"2025-12-06T11:29:05.507745Z","level":"info","event":"43","chan":"stdout","logger":"task"}
{"timestamp":"2025-12-06T11:29:06.239759Z","level":"info","event":"44","chan":"stdout","logger":"task"}
{"timestamp":"2025-12-06T11:29:06.881220Z","level":"info","event":"45","chan":"stdout","logger":"task"}
{"timestamp":"2025-12-06T11:29:07.542443Z","level":"info","event":"46","chan":"stdout","logger":"task"}
{"timestamp":"2025-12-06T11:29:08.341055Z","level":"info","event":"47","chan":"stdout","logger":"task"}
{"timestamp":"2025-12-06T11:29:09.006482Z","level":"info","event":"48","chan":"stdout","logger":"task"}
{"timestamp":"2025-12-06T11:29:09.882727Z","level":"info","event":"49","chan":"stdout","logger":"task"}
{"timestamp":"2025-12-06T11:29:09.883418Z","level":"info","event":"  Processing song 50/100: Heart Attack by Trey Songz","chan":"stdout","logger":"task"}
