{"timestamp":"2025-12-05T00:08:08.123683","level":"info","event":"DAG bundles loaded: dags-folder, example_dags","logger":"airflow.dag_processing.bundles.manager.DagBundlesManager"}
{"timestamp":"2025-12-05T00:08:08.124651","level":"info","event":"Filling up the DagBag from /opt/airflow/dags/music_load_dag.py","logger":"airflow.models.dagbag.DagBag"}
{"timestamp":"2025-12-05T00:08:08.957636Z","level":"info","event":"postgresql+psycopg2://airflow:airflow@postgres/airflow","chan":"stdout","logger":"task"}
{"timestamp":"2025-12-05T00:08:09.036670Z","level":"info","event":"Task instance is in running state","chan":"stdout","logger":"task"}
{"timestamp":"2025-12-05T00:08:09.037054Z","level":"info","event":" Previous state of the Task instance: TaskInstanceState.QUEUED","chan":"stdout","logger":"task"}
{"timestamp":"2025-12-05T00:08:09.037406Z","level":"info","event":"Current task name:load_music_data","chan":"stdout","logger":"task"}
{"timestamp":"2025-12-05T00:08:09.037640Z","level":"info","event":"Dag name:weekly_music_pipeline","chan":"stdout","logger":"task"}
{"timestamp":"2025-12-05T00:08:25.587158Z","level":"info","event":"  Searching Spotify for 100 songs...","chan":"stdout","logger":"task"}
{"timestamp":"2025-12-05T00:08:25.595202Z","level":"info","event":"  Processing song 1/100: OMG by Usher Featuring will.i.am","chan":"stdout","logger":"task"}
{"timestamp":"2025-12-05T00:08:26.448096Z","level":"info","event":"1","chan":"stdout","logger":"task"}
{"timestamp":"2025-12-05T00:08:27.258662Z","level":"info","event":"2","chan":"stdout","logger":"task"}
{"timestamp":"2025-12-05T00:08:27.929181Z","level":"info","event":"3","chan":"stdout","logger":"task"}
{"timestamp":"2025-12-05T00:08:28.699446Z","level":"info","event":"4","chan":"stdout","logger":"task"}
{"timestamp":"2025-12-05T00:08:29.540933Z","level":"info","event":"5","chan":"stdout","logger":"task"}
{"timestamp":"2025-12-05T00:08:30.841784Z","level":"info","event":"6","chan":"stdout","logger":"task"}
{"timestamp":"2025-12-05T00:08:31.777218Z","level":"info","event":"7","chan":"stdout","logger":"task"}
{"timestamp":"2025-12-05T00:08:32.439299Z","level":"info","event":"8","chan":"stdout","logger":"task"}
{"timestamp":"2025-12-05T00:08:33.140050Z","level":"info","event":"9","chan":"stdout","logger":"task"}
{"timestamp":"2025-12-05T00:08:33.141434Z","level":"info","event":"  Processing song 10/100: Not Afraid by Eminem","chan":"stdout","logger":"task"}
{"timestamp":"2025-12-05T00:08:33.791876Z","level":"info","event":"10","chan":"stdout","logger":"task"}
{"timestamp":"2025-12-05T00:08:34.533718Z","level":"info","event":"11","chan":"stdout","logger":"task"}
{"timestamp":"2025-12-05T00:08:35.196983Z","level":"info","event":"12","chan":"stdout","logger":"task"}
{"timestamp":"2025-12-05T00:08:35.974835Z","level":"info","event":"13","chan":"stdout","logger":"task"}
{"timestamp":"2025-12-05T00:08:36.888345Z","level":"info","event":"14","chan":"stdout","logger":"task"}
{"timestamp":"2025-12-05T00:08:37.517229Z","level":"info","event":"15","chan":"stdout","logger":"task"}
{"timestamp":"2025-12-05T00:08:38.166394Z","level":"info","event":"16","chan":"stdout","logger":"task"}
{"timestamp":"2025-12-05T00:08:38.958882Z","level":"info","event":"17","chan":"stdout","logger":"task"}
{"timestamp":"2025-12-05T00:08:39.645067Z","level":"info","event":"18","chan":"stdout","logger":"task"}
{"timestamp":"2025-12-05T00:08:40.329006Z","level":"info","event":"19","chan":"stdout","logger":"task"}
{"timestamp":"2025-12-05T00:08:40.330123Z","level":"info","event":"  Processing song 20/100: Poker Face by Glee Cast","chan":"stdout","logger":"task"}
{"timestamp":"2025-12-05T00:08:41.057673Z","level":"info","event":"20","chan":"stdout","logger":"task"}
{"timestamp":"2025-12-05T00:08:41.717688Z","level":"info","event":"21","chan":"stdout","logger":"task"}
{"timestamp":"2025-12-05T00:08:42.528767Z","level":"info","event":"22","chan":"stdout","logger":"task"}
{"timestamp":"2025-12-05T00:08:43.249320Z","level":"info","event":"23","chan":"stdout","logger":"task"}
{"timestamp":"2025-12-05T00:08:43.929826Z","level":"info","event":"24","chan":"stdout","logger":"task"}
{"timestamp":"2025-12-05T00:08:44.823760Z","level":"info","event":"25","chan":"stdout","logger":"task"}
{"timestamp":"2025-12-05T00:08:45.432082Z","level":"info","event":"26","chan":"stdout","logger":"task"}
{"timestamp":"2025-12-05T00:08:46.081580Z","level":"info","event":"27","chan":"stdout","logger":"task"}
{"timestamp":"2025-12-05T00:08:46.732363Z","level":"info","event":"28","chan":"stdout","logger":"task"}
{"timestamp":"2025-12-05T00:08:47.467285Z","level":"info","event":"29","chan":"stdout","logger":"task"}
{"timestamp":"2025-12-05T00:08:47.468924Z","level":"info","event":"  Processing song 30/100: Bad Romance by Lady Gaga","chan":"stdout","logger":"task"}
{"timestamp":"2025-12-05T00:08:48.111069Z","level":"info","event":"30","chan":"stdout","logger":"task"}
{"timestamp":"2025-12-05T00:08:48.984903Z","level":"info","event":"31","chan":"stdout","logger":"task"}
{"timestamp":"2025-12-05T00:08:49.830197Z","level":"info","event":"32","chan":"stdout","logger":"task"}
{"timestamp":"2025-12-05T00:08:50.500889Z","level":"info","event":"33","chan":"stdout","logger":"task"}
{"timestamp":"2025-12-05T00:08:51.488152Z","level":"info","event":"34","chan":"stdout","logger":"task"}
{"timestamp":"2025-12-05T00:08:52.097789Z","level":"info","event":"35","chan":"stdout","logger":"task"}
{"timestamp":"2025-12-05T00:08:52.804780Z","level":"info","event":"36","chan":"stdout","logger":"task"}
{"timestamp":"2025-12-05T00:08:53.406282Z","level":"info","event":"37","chan":"stdout","logger":"task"}
{"timestamp":"2025-12-05T00:08:54.052299Z","level":"info","event":"38","chan":"stdout","logger":"task"}
{"timestamp":"2025-12-05T00:08:54.647231Z","level":"info","event":"39","chan":"stdout","logger":"task"}
{"timestamp":"2025-12-05T00:08:54.647525Z","level":"info","event":"  Processing song 40/100: If We Ever Meet Again by Timbaland Featuring Katy Perry","chan":"stdout","logger":"task"}
{"timestamp":"2025-12-05T00:08:55.345454Z","level":"info","event":"40","chan":"stdout","logger":"task"}
{"timestamp":"2025-12-05T00:08:56.266330Z","level":"info","event":"41","chan":"stdout","logger":"task"}
{"timestamp":"2025-12-05T00:08:57.172251Z","level":"info","event":"42","chan":"stdout","logger":"task"}
{"timestamp":"2025-12-05T00:08:57.836518Z","level":"info","event":"43","chan":"stdout","logger":"task"}
{"timestamp":"2025-12-05T00:08:58.120799Z","level":"info","event":"44","chan":"stdout","logger":"task"}
{"timestamp":"2025-12-05T00:08:58.764329Z","level":"info","event":"45","chan":"stdout","logger":"task"}
{"timestamp":"2025-12-05T00:08:59.395592Z","level":"info","event":"46","chan":"stdout","logger":"task"}
{"timestamp":"2025-12-05T00:09:00.435289Z","level":"info","event":"47","chan":"stdout","logger":"task"}
{"timestamp":"2025-12-05T00:09:01.136581Z","level":"info","event":"48","chan":"stdout","logger":"task"}
{"timestamp":"2025-12-05T00:09:01.817724Z","level":"info","event":"49","chan":"stdout","logger":"task"}
{"timestamp":"2025-12-05T00:09:01.819364Z","level":"info","event":"  Processing song 50/100: Baby by Justin Bieber Featuring Ludacris","chan":"stdout","logger":"task"}
{"timestamp":"2025-12-05T00:09:02.544396Z","level":"info","event":"50","chan":"stdout","logger":"task"}
{"timestamp":"2025-12-05T00:09:03.233745Z","level":"info","event":"51","chan":"stdout","logger":"task"}
{"timestamp":"2025-12-05T00:09:03.916173Z","level":"info","event":"52","chan":"stdout","logger":"task"}
{"timestamp":"2025-12-05T00:09:04.739055Z","level":"info","event":"53","chan":"stdout","logger":"task"}
{"timestamp":"2025-12-05T00:09:05.381999Z","level":"info","event":"54","chan":"stdout","logger":"task"}
{"timestamp":"2025-12-05T00:09:06.477528Z","level":"info","event":"55","chan":"stdout","logger":"task"}
{"timestamp":"2025-12-05T00:09:07.282600Z","level":"info","event":"56","chan":"stdout","logger":"task"}
{"timestamp":"2025-12-05T00:09:08.196999Z","level":"info","event":"57","chan":"stdout","logger":"task"}
{"timestamp":"2025-12-05T00:09:08.799185Z","level":"info","event":"58","chan":"stdout","logger":"task"}
{"timestamp":"2025-12-05T00:09:09.491114Z","level":"info","event":"59","chan":"stdout","logger":"task"}
{"timestamp":"2025-12-05T00:09:09.492365Z","level":"info","event":"  Processing song 60/100: The Man I Want To Be by Chris Young","chan":"stdout","logger":"task"}
{"timestamp":"2025-12-05T00:09:10.168476Z","level":"info","event":"60","chan":"stdout","logger":"task"}
{"timestamp":"2025-12-05T00:09:10.994166Z","level":"info","event":"61","chan":"stdout","logger":"task"}
{"timestamp":"2025-12-05T00:09:11.672791Z","level":"info","event":"62","chan":"stdout","logger":"task"}
{"timestamp":"2025-12-05T00:09:12.366413Z","level":"info","event":"63","chan":"stdout","logger":"task"}
{"timestamp":"2025-12-05T00:09:13.004983Z","level":"info","event":"64","chan":"stdout","logger":"task"}
{"timestamp":"2025-12-05T00:09:13.715913Z","level":"info","event":"65","chan":"stdout","logger":"task"}
{"timestamp":"2025-12-05T00:09:13.955301Z","level":"info","event":"66","chan":"stdout","logger":"task"}
{"timestamp":"2025-12-05T00:09:14.822205Z","level":"info","event":"67","chan":"stdout","logger":"task"}
{"timestamp":"2025-12-05T00:09:15.454633Z","level":"info","event":"68","chan":"stdout","logger":"task"}
{"timestamp":"2025-12-05T00:09:16.384636Z","level":"info","event":"69","chan":"stdout","logger":"task"}
{"timestamp":"2025-12-05T00:09:16.385352Z","level":"info","event":"  Processing song 70/100: I Like It by Enrique Iglesias Featuring Pitbull","chan":"stdout","logger":"task"}
{"timestamp":"2025-12-05T00:09:17.155005Z","level":"info","event":"70","chan":"stdout","logger":"task"}
{"timestamp":"2025-12-05T00:09:17.812321Z","level":"info","event":"71","chan":"stdout","logger":"task"}
{"timestamp":"2025-12-05T00:09:18.563092Z","level":"info","event":"72","chan":"stdout","logger":"task"}
{"timestamp":"2025-12-05T00:09:18.837766Z","level":"info","event":"73","chan":"stdout","logger":"task"}
{"timestamp":"2025-12-05T00:09:19.795404Z","level":"info","event":"74","chan":"stdout","logger":"task"}
{"timestamp":"2025-12-05T00:09:20.475083Z","level":"info","event":"75","chan":"stdout","logger":"task"}
{"timestamp":"2025-12-05T00:09:21.063613Z","level":"info","event":"76","chan":"stdout","logger":"task"}
{"timestamp":"2025-12-05T00:09:21.645390Z","level":"info","event":"77","chan":"stdout","logger":"task"}
{"timestamp":"2025-12-05T00:09:22.562719Z","level":"info","event":"78","chan":"stdout","logger":"task"}
{"timestamp":"2025-12-05T00:09:23.379651Z","level":"info","event":"79","chan":"stdout","logger":"task"}
{"timestamp":"2025-12-05T00:09:23.380514Z","level":"info","event":"  Processing song 80/100: Free by Zac Brown Band","chan":"stdout","logger":"task"}
{"timestamp":"2025-12-05T00:09:24.202205Z","level":"info","event":"80","chan":"stdout","logger":"task"}
{"timestamp":"2025-12-05T00:09:24.887255Z","level":"info","event":"81","chan":"stdout","logger":"task"}
{"timestamp":"2025-12-05T00:09:25.734433Z","level":"info","event":"82","chan":"stdout","logger":"task"}
{"timestamp":"2025-12-05T00:09:26.398411Z","level":"info","event":"83","chan":"stdout","logger":"task"}
{"timestamp":"2025-12-05T00:09:27.128060Z","level":"info","event":"84","chan":"stdout","logger":"task"}
{"timestamp":"2025-12-05T00:09:27.855890Z","level":"info","event":"85","chan":"stdout","logger":"task"}
{"timestamp":"2025-12-05T00:09:28.499407Z","level":"info","event":"86","chan":"stdout","logger":"task"}
{"timestamp":"2025-12-05T00:09:29.329215Z","level":"info","event":"87","chan":"stdout","logger":"task"}
{"timestamp":"2025-12-05T00:09:29.591911Z","level":"info","event":"88","chan":"stdout","logger":"task"}
{"timestamp":"2025-12-05T00:09:30.261144Z","level":"info","event":"89","chan":"stdout","logger":"task"}
{"timestamp":"2025-12-05T00:09:30.262294Z","level":"info","event":"  Processing song 90/100: The Only Exception by Paramore","chan":"stdout","logger":"task"}
{"timestamp":"2025-12-05T00:09:30.961045Z","level":"info","event":"90","chan":"stdout","logger":"task"}
{"timestamp":"2025-12-05T00:09:31.983617Z","level":"info","event":"91","chan":"stdout","logger":"task"}
{"timestamp":"2025-12-05T00:09:32.792635Z","level":"info","event":"92","chan":"stdout","logger":"task"}
{"timestamp":"2025-12-05T00:09:33.106841Z","level":"info","event":"93","chan":"stdout","logger":"task"}
{"timestamp":"2025-12-05T00:09:33.763356Z","level":"info","event":"94","chan":"stdout","logger":"task"}
{"timestamp":"2025-12-05T00:09:34.494336Z","level":"info","event":"95","chan":"stdout","logger":"task"}
{"timestamp":"2025-12-05T00:09:35.563121Z","level":"info","event":"96","chan":"stdout","logger":"task"}
{"timestamp":"2025-12-05T00:09:36.378185Z","level":"info","event":"97","chan":"stdout","logger":"task"}
{"timestamp":"2025-12-05T00:09:37.520578Z","level":"info","event":"98","chan":"stdout","logger":"task"}
{"timestamp":"2025-12-05T00:09:38.455019Z","level":"info","event":"99","chan":"stdout","logger":"task"}
{"timestamp":"2025-12-05T00:09:38.455356Z","level":"info","event":"  Processing song 100/100: Super High by Rick Ross Featuring Ne-Yo","chan":"stdout","logger":"task"}
{"timestamp":"2025-12-05T00:09:39.115053Z","level":"info","event":"100","chan":"stdout","logger":"task"}
{"timestamp":"2025-12-05T00:09:39.116129Z","level":"info","event":"{'name': 'USHER', 'id': '23zg3TcAtWQy7J6upgbUnj', 'url': 'https://open.spotify.com/artist/23zg3TcAtWQy7J6upgbUnj'}","chan":"stdout","logger":"task"}
{"timestamp":"2025-12-05T00:09:39.116350Z","level":"info","event":"https://musicbrainz.org/ws/2/url?resource=https://open.spotify.com/artist/23zg3TcAtWQy7J6upgbUnj&inc=artist-rels&fmt=json","chan":"stdout","logger":"task"}
{"timestamp":"2025-12-05T00:09:39.483388Z","level":"info","event":"https://musicbrainz.org/ws/2/artist/3414d446-735a-443c-931f-10634f57e5b9?inc=tags&fmt=json","chan":"stdout","logger":"task"}
{"timestamp":"2025-12-05T00:09:40.607177Z","level":"info","event":"{'name': 'will.i.am', 'id': '085pc2PYOi8bGKj0PNjekA', 'url': 'https://open.spotify.com/artist/085pc2PYOi8bGKj0PNjekA'}","chan":"stdout","logger":"task"}
{"timestamp":"2025-12-05T00:09:40.609132Z","level":"info","event":"https://musicbrainz.org/ws/2/url?resource=https://open.spotify.com/artist/085pc2PYOi8bGKj0PNjekA&inc=artist-rels&fmt=json","chan":"stdout","logger":"task"}
{"timestamp":"2025-12-05T00:09:40.734640Z","level":"info","event":"https://musicbrainz.org/ws/2/artist/d574c9bd-46f6-440a-8d6a-8412a283eeb1?inc=tags&fmt=json","chan":"stdout","logger":"task"}
{"timestamp":"2025-12-05T00:09:41.858433Z","level":"info","event":"{'name': 'Katy Perry', 'id': '6jJ0s89eD6GaHleKKya26X', 'url': 'https://open.spotify.com/artist/6jJ0s89eD6GaHleKKya26X'}","chan":"stdout","logger":"task"}
{"timestamp":"2025-12-05T00:09:41.859457Z","level":"info","event":"https://musicbrainz.org/ws/2/url?resource=https://open.spotify.com/artist/6jJ0s89eD6GaHleKKya26X&inc=artist-rels&fmt=json","chan":"stdout","logger":"task"}
{"timestamp":"2025-12-05T00:09:41.980293Z","level":"info","event":"https://musicbrainz.org/ws/2/artist/122d63fc-8671-43e4-9752-34e846d62a9c?inc=tags&fmt=json","chan":"stdout","logger":"task"}
{"timestamp":"2025-12-05T00:09:43.100255Z","level":"info","event":"{'name': 'Snoop Dogg', 'id': '7hJcb9fa4alzcOq3EaNPoG', 'url': 'https://open.spotify.com/artist/7hJcb9fa4alzcOq3EaNPoG'}","chan":"stdout","logger":"task"}
{"timestamp":"2025-12-05T00:09:43.102518Z","level":"info","event":"https://musicbrainz.org/ws/2/url?resource=https://open.spotify.com/artist/7hJcb9fa4alzcOq3EaNPoG&inc=artist-rels&fmt=json","chan":"stdout","logger":"task"}
{"timestamp":"2025-12-05T00:09:43.239926Z","level":"info","event":"https://musicbrainz.org/ws/2/artist/f90e8b26-9e52-4669-a5c9-e28529c47894?inc=tags&fmt=json","chan":"stdout","logger":"task"}
{"timestamp":"2025-12-05T00:09:45.592096Z","level":"info","event":"{'name': 'B.o.B', 'id': '5ndkK3dpZLKtBklKjxNQwT', 'url': 'https://open.spotify.com/artist/5ndkK3dpZLKtBklKjxNQwT'}","chan":"stdout","logger":"task"}
{"timestamp":"2025-12-05T00:09:45.596945Z","level":"info","event":"https://musicbrainz.org/ws/2/url?resource=https://open.spotify.com/artist/5ndkK3dpZLKtBklKjxNQwT&inc=artist-rels&fmt=json","chan":"stdout","logger":"task"}
{"timestamp":"2025-12-05T00:09:45.716028Z","level":"info","event":"https://musicbrainz.org/ws/2/artist/94c338ff-1985-4429-9dc8-997b61bb5932?inc=tags&fmt=json","chan":"stdout","logger":"task"}
{"timestamp":"2025-12-05T00:09:46.827875Z","level":"info","event":"{'name': 'Hayley Williams', 'id': '6Rx1JKzBrSzoKQtmbVmBnM', 'url': 'https://open.spotify.com/artist/6Rx1JKzBrSzoKQtmbVmBnM'}","chan":"stdout","logger":"task"}
{"timestamp":"2025-12-05T00:09:46.829048Z","level":"info","event":"https://musicbrainz.org/ws/2/url?resource=https://open.spotify.com/artist/6Rx1JKzBrSzoKQtmbVmBnM&inc=artist-rels&fmt=json","chan":"stdout","logger":"task"}
{"timestamp":"2025-12-05T00:09:46.950043Z","level":"info","event":"https://musicbrainz.org/ws/2/artist/b4b5b5a7-feff-47d0-9458-83d0d135a692?inc=tags&fmt=json","chan":"stdout","logger":"task"}
{"timestamp":"2025-12-05T00:09:48.758511Z","level":"info","event":"{'name': 'Kesha', 'id': '6LqNN22kT3074XbTVUrhzX', 'url': 'https://open.spotify.com/artist/6LqNN22kT3074XbTVUrhzX'}","chan":"stdout","logger":"task"}
{"timestamp":"2025-12-05T00:09:48.766092Z","level":"info","event":"https://musicbrainz.org/ws/2/url?resource=https://open.spotify.com/artist/6LqNN22kT3074XbTVUrhzX&inc=artist-rels&fmt=json","chan":"stdout","logger":"task"}
{"timestamp":"2025-12-05T00:09:48.888471Z","level":"info","event":"https://musicbrainz.org/ws/2/artist/fab34286-b8e1-4879-bce3-194e1358fbd2?inc=tags&fmt=json","chan":"stdout","logger":"task"}
{"timestamp":"2025-12-05T00:09:51.208825Z","level":"info","event":"{'name': 'Taio Cruz', 'id': '6MF9fzBmfXghAz953czmBC', 'url': 'https://open.spotify.com/artist/6MF9fzBmfXghAz953czmBC'}","chan":"stdout","logger":"task"}
{"timestamp":"2025-12-05T00:09:51.209523Z","level":"info","event":"https://musicbrainz.org/ws/2/url?resource=https://open.spotify.com/artist/6MF9fzBmfXghAz953czmBC&inc=artist-rels&fmt=json","chan":"stdout","logger":"task"}
{"timestamp":"2025-12-05T00:09:51.327302Z","level":"info","event":"https://musicbrainz.org/ws/2/artist/ba7d2626-38ce-4859-8495-bdb5732715c4?inc=tags&fmt=json","chan":"stdout","logger":"task"}
{"timestamp":"2025-12-05T00:09:52.444816Z","level":"info","event":"{'name': 'Ludacris', 'id': '3ipn9JLAPI5GUEo4y4jcoi', 'url': 'https://open.spotify.com/artist/3ipn9JLAPI5GUEo4y4jcoi'}","chan":"stdout","logger":"task"}
{"timestamp":"2025-12-05T00:09:52.448900Z","level":"info","event":"https://musicbrainz.org/ws/2/url?resource=https://open.spotify.com/artist/3ipn9JLAPI5GUEo4y4jcoi&inc=artist-rels&fmt=json","chan":"stdout","logger":"task"}
{"timestamp":"2025-12-05T00:09:52.568366Z","level":"info","event":"https://musicbrainz.org/ws/2/artist/0638ba22-040f-438d-83a5-9b670c4adaf5?inc=tags&fmt=json","chan":"stdout","logger":"task"}
{"timestamp":"2025-12-05T00:09:53.684923Z","level":"info","event":"{'name': 'Lady Gaga', 'id': '1HY2Jd0NmPuamShAr6KMms', 'url': 'https://open.spotify.com/artist/1HY2Jd0NmPuamShAr6KMms'}","chan":"stdout","logger":"task"}
{"timestamp":"2025-12-05T00:09:53.689374Z","level":"info","event":"https://musicbrainz.org/ws/2/url?resource=https://open.spotify.com/artist/1HY2Jd0NmPuamShAr6KMms&inc=artist-rels&fmt=json","chan":"stdout","logger":"task"}
{"timestamp":"2025-12-05T00:09:53.803245Z","level":"info","event":"https://musicbrainz.org/ws/2/artist/650e7db6-b795-4eb5-a702-5ea2fc46c848?inc=tags&fmt=json","chan":"stdout","logger":"task"}
{"timestamp":"2025-12-05T00:09:54.911972Z","level":"info","event":"{'name': 'Bruno Mars', 'id': '0du5cEVh5yTK9QJze8zA0C', 'url': 'https://open.spotify.com/artist/0du5cEVh5yTK9QJze8zA0C'}","chan":"stdout","logger":"task"}
{"timestamp":"2025-12-05T00:09:54.912286Z","level":"info","event":"https://musicbrainz.org/ws/2/url?resource=https://open.spotify.com/artist/0du5cEVh5yTK9QJze8zA0C&inc=artist-rels&fmt=json","chan":"stdout","logger":"task"}
{"timestamp":"2025-12-05T00:09:55.029173Z","level":"info","event":"https://musicbrainz.org/ws/2/artist/afb680f2-b6eb-4cd7-a70b-a63b25c763d5?inc=tags&fmt=json","chan":"stdout","logger":"task"}
{"timestamp":"2025-12-05T00:09:56.148972Z","level":"info","event":"{'name': 'La Roux', 'id': '3K2zB87GZv1krx031en5VA', 'url': 'https://open.spotify.com/artist/3K2zB87GZv1krx031en5VA'}","chan":"stdout","logger":"task"}
{"timestamp":"2025-12-05T00:09:56.150384Z","level":"info","event":"https://musicbrainz.org/ws/2/url?resource=https://open.spotify.com/artist/3K2zB87GZv1krx031en5VA&inc=artist-rels&fmt=json","chan":"stdout","logger":"task"}
{"timestamp":"2025-12-05T00:09:56.277815Z","level":"info","event":"https://musicbrainz.org/ws/2/artist/88d1360a-bc2d-47df-90d1-d2de285560aa?inc=tags&fmt=json","chan":"stdout","logger":"task"}
{"timestamp":"2025-12-05T00:09:57.404276Z","level":"info","event":"{'name': 'Train', 'id': '3FUY2gzHeIiaesXtOAdB7A', 'url': 'https://open.spotify.com/artist/3FUY2gzHeIiaesXtOAdB7A'}","chan":"stdout","logger":"task"}
{"timestamp":"2025-12-05T00:09:57.413689Z","level":"info","event":"https://musicbrainz.org/ws/2/url?resource=https://open.spotify.com/artist/3FUY2gzHeIiaesXtOAdB7A&inc=artist-rels&fmt=json","chan":"stdout","logger":"task"}
{"timestamp":"2025-12-05T00:09:57.564846Z","level":"info","event":"https://musicbrainz.org/ws/2/artist/bfd5aec5-62a2-4560-a316-7c46c17babda?inc=tags&fmt=json","chan":"stdout","logger":"task"}
{"timestamp":"2025-12-05T00:09:58.680780Z","level":"info","event":"{'name': 'Eminem', 'id': '7dGJo4pcD2V6oG8kP0tJRR', 'url': 'https://open.spotify.com/artist/7dGJo4pcD2V6oG8kP0tJRR'}","chan":"stdout","logger":"task"}
{"timestamp":"2025-12-05T00:09:58.682289Z","level":"info","event":"https://musicbrainz.org/ws/2/url?resource=https://open.spotify.com/artist/7dGJo4pcD2V6oG8kP0tJRR&inc=artist-rels&fmt=json","chan":"stdout","logger":"task"}
{"timestamp":"2025-12-05T00:09:58.802042Z","level":"info","event":"https://musicbrainz.org/ws/2/artist/b95ce3ff-3d05-4e87-9e01-c97b66af13d4?inc=tags&fmt=json","chan":"stdout","logger":"task"}
{"timestamp":"2025-12-05T00:09:59.910477Z","level":"info","event":"{'name': 'Travie McCoy', 'id': '7o9Nl7K1Al6NNAHX6jn6iG', 'url': 'https://open.spotify.com/artist/7o9Nl7K1Al6NNAHX6jn6iG'}","chan":"stdout","logger":"task"}
{"timestamp":"2025-12-05T00:09:59.910748Z","level":"info","event":"https://musicbrainz.org/ws/2/url?resource=https://open.spotify.com/artist/7o9Nl7K1Al6NNAHX6jn6iG&inc=artist-rels&fmt=json","chan":"stdout","logger":"task"}
{"timestamp":"2025-12-05T00:10:00.020792Z","level":"info","event":"Rate limit hit. Retrying in 1s...","chan":"stdout","logger":"task"}
{"timestamp":"2025-12-05T00:10:01.143666Z","level":"info","event":"https://musicbrainz.org/ws/2/artist/76bf7aec-83f0-47a9-8964-eea180b99ac2?inc=tags&fmt=json","chan":"stdout","logger":"task"}
{"timestamp":"2025-12-05T00:10:02.271394Z","level":"info","event":"{'name': 'JAY-Z', 'id': '3nFkdlSjzX9mRTtwJOzDYB', 'url': 'https://open.spotify.com/artist/3nFkdlSjzX9mRTtwJOzDYB'}","chan":"stdout","logger":"task"}
{"timestamp":"2025-12-05T00:10:02.271829Z","level":"info","event":"https://musicbrainz.org/ws/2/url?resource=https://open.spotify.com/artist/3nFkdlSjzX9mRTtwJOzDYB&inc=artist-rels&fmt=json","chan":"stdout","logger":"task"}
{"timestamp":"2025-12-05T00:10:02.383717Z","level":"info","event":"https://musicbrainz.org/ws/2/artist/f82bcf78-5b69-4622-a5ef-73800768d9ac?inc=tags&fmt=json","chan":"stdout","logger":"task"}
{"timestamp":"2025-12-05T00:10:03.497117Z","level":"info","event":"{'name': 'Mr Hudson', 'id': '1zV9UjTUevjp5VUddqIUUn', 'url': 'https://open.spotify.com/artist/1zV9UjTUevjp5VUddqIUUn'}","chan":"stdout","logger":"task"}
{"timestamp":"2025-12-05T00:10:03.498322Z","level":"info","event":"https://musicbrainz.org/ws/2/url?resource=https://open.spotify.com/artist/1zV9UjTUevjp5VUddqIUUn&inc=artist-rels&fmt=json","chan":"stdout","logger":"task"}
{"timestamp":"2025-12-05T00:10:03.623368Z","level":"info","event":"https://musicbrainz.org/ws/2/artist/585fee48-98c7-45b4-a47c-78d629b773b8?inc=tags&fmt=json","chan":"stdout","logger":"task"}
{"timestamp":"2025-12-05T00:10:04.748380Z","level":"info","event":"{'name': 'Rihanna', 'id': '5pKCCKE2ajJHZ9KAiaK11H', 'url': 'https://open.spotify.com/artist/5pKCCKE2ajJHZ9KAiaK11H'}","chan":"stdout","logger":"task"}
{"timestamp":"2025-12-05T00:10:04.750417Z","level":"info","event":"https://musicbrainz.org/ws/2/url?resource=https://open.spotify.com/artist/5pKCCKE2ajJHZ9KAiaK11H&inc=artist-rels&fmt=json","chan":"stdout","logger":"task"}
{"timestamp":"2025-12-05T00:10:04.871521Z","level":"info","event":"https://musicbrainz.org/ws/2/artist/73e5e69d-3554-40d8-8516-00cb38737a1c?inc=tags&fmt=json","chan":"stdout","logger":"task"}
{"timestamp":"2025-12-05T00:10:06.048934Z","level":"info","event":"{'name': 'Lady A', 'id': '32WkQRZEVKSzVAAYqukAEA', 'url': 'https://open.spotify.com/artist/32WkQRZEVKSzVAAYqukAEA'}","chan":"stdout","logger":"task"}
{"timestamp":"2025-12-05T00:10:06.050007Z","level":"info","event":"https://musicbrainz.org/ws/2/url?resource=https://open.spotify.com/artist/32WkQRZEVKSzVAAYqukAEA&inc=artist-rels&fmt=json","chan":"stdout","logger":"task"}
{"timestamp":"2025-12-05T00:10:06.170448Z","level":"info","event":"https://musicbrainz.org/ws/2/artist/0eedfc95-e79a-4fd9-832a-cd816a0b3fda?inc=tags&fmt=json","chan":"stdout","logger":"task"}
{"timestamp":"2025-12-05T00:10:07.279778Z","level":"info","event":"{'name': 'Drake', 'id': '3TVXtAsR1Inumwj472S9r4', 'url': 'https://open.spotify.com/artist/3TVXtAsR1Inumwj472S9r4'}","chan":"stdout","logger":"task"}
{"timestamp":"2025-12-05T00:10:07.280841Z","level":"info","event":"https://musicbrainz.org/ws/2/url?resource=https://open.spotify.com/artist/3TVXtAsR1Inumwj472S9r4&inc=artist-rels&fmt=json","chan":"stdout","logger":"task"}
{"timestamp":"2025-12-05T00:10:07.401172Z","level":"info","event":"https://musicbrainz.org/ws/2/artist/9fff2f8a-21e6-47de-a2b8-7f449929d43f?inc=tags&fmt=json","chan":"stdout","logger":"task"}
{"timestamp":"2025-12-05T00:10:08.516602Z","level":"info","event":"{'name': 'Black Eyed Peas', 'id': '1yxSLGMDHlW21z4YXirZDS', 'url': 'https://open.spotify.com/artist/1yxSLGMDHlW21z4YXirZDS'}","chan":"stdout","logger":"task"}
{"timestamp":"2025-12-05T00:10:08.518807Z","level":"info","event":"https://musicbrainz.org/ws/2/url?resource=https://open.spotify.com/artist/1yxSLGMDHlW21z4YXirZDS&inc=artist-rels&fmt=json","chan":"stdout","logger":"task"}
{"timestamp":"2025-12-05T00:10:08.629122Z","level":"info","event":"https://musicbrainz.org/ws/2/artist/d5be5333-4171-427e-8e12-732087c6b78e?inc=tags&fmt=json","chan":"stdout","logger":"task"}
{"timestamp":"2025-12-05T00:10:09.746844Z","level":"info","event":"{'name': 'Jason Derulo', 'id': '07YZf4WDAMNwqr4jfgOZ8y', 'url': 'https://open.spotify.com/artist/07YZf4WDAMNwqr4jfgOZ8y'}","chan":"stdout","logger":"task"}
{"timestamp":"2025-12-05T00:10:09.747560Z","level":"info","event":"https://musicbrainz.org/ws/2/url?resource=https://open.spotify.com/artist/07YZf4WDAMNwqr4jfgOZ8y&inc=artist-rels&fmt=json","chan":"stdout","logger":"task"}
{"timestamp":"2025-12-05T00:10:09.863414Z","level":"info","event":"https://musicbrainz.org/ws/2/artist/6de0f914-3e60-4418-be3b-42e0feb6eb4d?inc=tags&fmt=json","chan":"stdout","logger":"task"}
{"timestamp":"2025-12-05T00:10:09.974716Z","level":"info","event":"Rate limit hit. Retrying in 1s...","chan":"stdout","logger":"task"}
{"timestamp":"2025-12-05T00:10:11.096968Z","level":"info","event":"Rate limit hit. Retrying in 2s...","chan":"stdout","logger":"task"}
{"timestamp":"2025-12-05T00:10:14.239911Z","level":"info","event":"{'name': 'Miley Cyrus', 'id': '5YGY8feqx7naU7z4HrwZM6', 'url': 'https://open.spotify.com/artist/5YGY8feqx7naU7z4HrwZM6'}","chan":"stdout","logger":"task"}
{"timestamp":"2025-12-05T00:10:14.243105Z","level":"info","event":"https://musicbrainz.org/ws/2/url?resource=https://open.spotify.com/artist/5YGY8feqx7naU7z4HrwZM6&inc=artist-rels&fmt=json","chan":"stdout","logger":"task"}
{"timestamp":"2025-12-05T00:10:14.353651Z","level":"info","event":"https://musicbrainz.org/ws/2/artist/7e9bd05a-117f-4cce-87bc-e011527a8b18?inc=tags&fmt=json","chan":"stdout","logger":"task"}
{"timestamp":"2025-12-05T00:10:15.474967Z","level":"info","event":"{'name': 'The Script', 'id': '3AQRLZ9PuTAozP28Skbq8V', 'url': 'https://open.spotify.com/artist/3AQRLZ9PuTAozP28Skbq8V'}","chan":"stdout","logger":"task"}
{"timestamp":"2025-12-05T00:10:15.475518Z","level":"info","event":"https://musicbrainz.org/ws/2/url?resource=https://open.spotify.com/artist/3AQRLZ9PuTAozP28Skbq8V&inc=artist-rels&fmt=json","chan":"stdout","logger":"task"}
{"timestamp":"2025-12-05T00:10:15.594488Z","level":"info","event":"https://musicbrainz.org/ws/2/artist/4c98aa1b-34eb-4336-987f-5e50aa059c00?inc=tags&fmt=json","chan":"stdout","logger":"task"}
{"timestamp":"2025-12-05T00:10:16.718485Z","level":"info","event":"{'name': 'Glee Cast', 'id': '0SCbttzoZTnLFebDYmAWCm', 'url': 'https://open.spotify.com/artist/0SCbttzoZTnLFebDYmAWCm'}","chan":"stdout","logger":"task"}
{"timestamp":"2025-12-05T00:10:16.719978Z","level":"info","event":"https://musicbrainz.org/ws/2/url?resource=https://open.spotify.com/artist/0SCbttzoZTnLFebDYmAWCm&inc=artist-rels&fmt=json","chan":"stdout","logger":"task"}
{"timestamp":"2025-12-05T00:10:16.841946Z","level":"info","event":"https://musicbrainz.org/ws/2/artist/29542149-a818-4167-aa91-439adc9d61f5?inc=tags&fmt=json","chan":"stdout","logger":"task"}
{"timestamp":"2025-12-05T00:10:17.958221Z","level":"info","event":"{'name': 'Idina Menzel', 'id': '73Np75Wv2tju61Eo9Zw4IR', 'url': 'https://open.spotify.com/artist/73Np75Wv2tju61Eo9Zw4IR'}","chan":"stdout","logger":"task"}
{"timestamp":"2025-12-05T00:10:17.958777Z","level":"info","event":"https://musicbrainz.org/ws/2/url?resource=https://open.spotify.com/artist/73Np75Wv2tju61Eo9Zw4IR&inc=artist-rels&fmt=json","chan":"stdout","logger":"task"}
{"timestamp":"2025-12-05T00:10:18.127403Z","level":"info","event":"https://musicbrainz.org/ws/2/artist/929ca8c3-5df3-4fe9-bc59-f8d603780bce?inc=tags&fmt=json","chan":"stdout","logger":"task"}
{"timestamp":"2025-12-05T00:10:19.281614Z","level":"info","event":"{'name': 'Nicki Minaj', 'id': '0hCNtLu0JehylgoiP8L4Gh', 'url': 'https://open.spotify.com/artist/0hCNtLu0JehylgoiP8L4Gh'}","chan":"stdout","logger":"task"}
{"timestamp":"2025-12-05T00:10:19.366650Z","level":"info","event":"https://musicbrainz.org/ws/2/url?resource=https://open.spotify.com/artist/0hCNtLu0JehylgoiP8L4Gh&inc=artist-rels&fmt=json","chan":"stdout","logger":"task"}
{"timestamp":"2025-12-05T00:10:19.406462Z","level":"info","event":"https://musicbrainz.org/ws/2/artist/1036b808-f58c-4a3e-b461-a2c4492ecf1b?inc=tags&fmt=json","chan":"stdout","logger":"task"}
{"timestamp":"2025-12-05T00:10:20.525285Z","level":"info","event":"{'name': 'Beyoncé', 'id': '6vWDO969PvNqNYHIOW5v0m', 'url': 'https://open.spotify.com/artist/6vWDO969PvNqNYHIOW5v0m'}","chan":"stdout","logger":"task"}
{"timestamp":"2025-12-05T00:10:20.528840Z","level":"info","event":"https://musicbrainz.org/ws/2/url?resource=https://open.spotify.com/artist/6vWDO969PvNqNYHIOW5v0m&inc=artist-rels&fmt=json","chan":"stdout","logger":"task"}
{"timestamp":"2025-12-05T00:10:20.651928Z","level":"info","event":"https://musicbrainz.org/ws/2/artist/859d0860-d480-4efd-970c-c05d5f1776b8?inc=tags&fmt=json","chan":"stdout","logger":"task"}
{"timestamp":"2025-12-05T00:10:21.807636Z","level":"info","event":"{'name': 'Lee DeWyze', 'id': '1KNNZV9twnpQBqyUoGvWA6', 'url': 'https://open.spotify.com/artist/1KNNZV9twnpQBqyUoGvWA6'}","chan":"stdout","logger":"task"}
{"timestamp":"2025-12-05T00:10:21.813071Z","level":"info","event":"https://musicbrainz.org/ws/2/url?resource=https://open.spotify.com/artist/1KNNZV9twnpQBqyUoGvWA6&inc=artist-rels&fmt=json","chan":"stdout","logger":"task"}
{"timestamp":"2025-12-05T00:10:21.939364Z","level":"info","event":"HTTP 404: Not Found","chan":"stdout","logger":"task"}
{"timestamp":"2025-12-05T00:10:21.939536Z","level":"info","event":"unable to get mbid for https://open.spotify.com/artist/1KNNZV9twnpQBqyUoGvWA6","chan":"stdout","logger":"task"}
{"timestamp":"2025-12-05T00:10:22.945601Z","level":"info","event":"{'name': 'Carrie Underwood', 'id': '4xFUf1FHVy696Q1JQZMTRj', 'url': 'https://open.spotify.com/artist/4xFUf1FHVy696Q1JQZMTRj'}","chan":"stdout","logger":"task"}
{"timestamp":"2025-12-05T00:10:22.946050Z","level":"info","event":"https://musicbrainz.org/ws/2/url?resource=https://open.spotify.com/artist/4xFUf1FHVy696Q1JQZMTRj&inc=artist-rels&fmt=json","chan":"stdout","logger":"task"}
{"timestamp":"2025-12-05T00:10:23.063782Z","level":"info","event":"https://musicbrainz.org/ws/2/artist/70f0e309-5418-49b6-a130-666e2f76eecd?inc=tags&fmt=json","chan":"stdout","logger":"task"}
{"timestamp":"2025-12-05T00:10:23.178991Z","level":"info","event":"Rate limit hit. Retrying in 1s...","chan":"stdout","logger":"task"}
{"timestamp":"2025-12-05T00:10:25.312945Z","level":"info","event":"{'name': 'Sean Kingston', 'id': '6S0dmVVn4udvppDhZIWxCr', 'url': 'https://open.spotify.com/artist/6S0dmVVn4udvppDhZIWxCr'}","chan":"stdout","logger":"task"}
{"timestamp":"2025-12-05T00:10:25.315471Z","level":"info","event":"https://musicbrainz.org/ws/2/url?resource=https://open.spotify.com/artist/6S0dmVVn4udvppDhZIWxCr&inc=artist-rels&fmt=json","chan":"stdout","logger":"task"}
{"timestamp":"2025-12-05T00:10:25.431648Z","level":"info","event":"https://musicbrainz.org/ws/2/artist/f7eb3be3-1065-4a53-94d4-e2d0c15c0b33?inc=tags&fmt=json","chan":"stdout","logger":"task"}
{"timestamp":"2025-12-05T00:10:26.555190Z","level":"info","event":"{'name': 'Michael Bublé', 'id': '1GxkXlMwML1oSg5eLPiAz3', 'url': 'https://open.spotify.com/artist/1GxkXlMwML1oSg5eLPiAz3'}","chan":"stdout","logger":"task"}
{"timestamp":"2025-12-05T00:10:26.556273Z","level":"info","event":"https://musicbrainz.org/ws/2/url?resource=https://open.spotify.com/artist/1GxkXlMwML1oSg5eLPiAz3&inc=artist-rels&fmt=json","chan":"stdout","logger":"task"}
{"timestamp":"2025-12-05T00:10:26.684856Z","level":"info","event":"https://musicbrainz.org/ws/2/artist/611700cf-27f0-4dc9-ae80-c513a767853e?inc=tags&fmt=json","chan":"stdout","logger":"task"}
{"timestamp":"2025-12-05T00:10:29.718536Z","level":"info","event":"{'name': 'Shontelle', 'id': '4M6Z1wubeKtwPqbjJygTOc', 'url': 'https://open.spotify.com/artist/4M6Z1wubeKtwPqbjJygTOc'}","chan":"stdout","logger":"task"}
{"timestamp":"2025-12-05T00:10:29.721888Z","level":"info","event":"https://musicbrainz.org/ws/2/url?resource=https://open.spotify.com/artist/4M6Z1wubeKtwPqbjJygTOc&inc=artist-rels&fmt=json","chan":"stdout","logger":"task"}
{"timestamp":"2025-12-05T00:10:29.848956Z","level":"info","event":"https://musicbrainz.org/ws/2/artist/cfb2b49e-a921-4171-b089-853d9fc16d2c?inc=tags&fmt=json","chan":"stdout","logger":"task"}
{"timestamp":"2025-12-05T00:10:30.976962Z","level":"info","event":"{'name': 'Alicia Keys', 'id': '3DiDSECUqqY1AuBP8qtaIa', 'url': 'https://open.spotify.com/artist/3DiDSECUqqY1AuBP8qtaIa'}","chan":"stdout","logger":"task"}
{"timestamp":"2025-12-05T00:10:30.977223Z","level":"info","event":"https://musicbrainz.org/ws/2/url?resource=https://open.spotify.com/artist/3DiDSECUqqY1AuBP8qtaIa&inc=artist-rels&fmt=json","chan":"stdout","logger":"task"}
{"timestamp":"2025-12-05T00:10:31.099197Z","level":"info","event":"https://musicbrainz.org/ws/2/artist/8ef1df30-ae4f-4dbd-9351-1a32b208a01e?inc=tags&fmt=json","chan":"stdout","logger":"task"}
{"timestamp":"2025-12-05T00:10:32.235776Z","level":"info","event":"{'name': 'Mike Posner', 'id': '2KsP6tYLJlTBvSUxnwlVWa', 'url': 'https://open.spotify.com/artist/2KsP6tYLJlTBvSUxnwlVWa'}","chan":"stdout","logger":"task"}
{"timestamp":"2025-12-05T00:10:32.245068Z","level":"info","event":"https://musicbrainz.org/ws/2/url?resource=https://open.spotify.com/artist/2KsP6tYLJlTBvSUxnwlVWa&inc=artist-rels&fmt=json","chan":"stdout","logger":"task"}
{"timestamp":"2025-12-05T00:10:32.367314Z","level":"info","event":"https://musicbrainz.org/ws/2/artist/5b64e344-b2fb-47bd-bd7b-4c793b17d472?inc=tags&fmt=json","chan":"stdout","logger":"task"}
{"timestamp":"2025-12-05T00:10:35.250042Z","level":"info","event":"{'name': 'Gigamesh', 'id': '1Bo8Afb2Qbjs4x6kJHyjle', 'url': 'https://open.spotify.com/artist/1Bo8Afb2Qbjs4x6kJHyjle'}","chan":"stdout","logger":"task"}
{"timestamp":"2025-12-05T00:10:35.251250Z","level":"info","event":"https://musicbrainz.org/ws/2/url?resource=https://open.spotify.com/artist/1Bo8Afb2Qbjs4x6kJHyjle&inc=artist-rels&fmt=json","chan":"stdout","logger":"task"}
{"timestamp":"2025-12-05T00:10:35.371730Z","level":"info","event":"https://musicbrainz.org/ws/2/artist/3f7c8b63-471b-4fd8-962c-6a9de83649b6?inc=tags&fmt=json","chan":"stdout","logger":"task"}
{"timestamp":"2025-12-05T00:10:36.488413Z","level":"info","event":"{'name': 'Miranda Lambert', 'id': '66lH4jAE7pqPlOlzUKbwA0', 'url': 'https://open.spotify.com/artist/66lH4jAE7pqPlOlzUKbwA0'}","chan":"stdout","logger":"task"}
{"timestamp":"2025-12-05T00:10:36.488688Z","level":"info","event":"https://musicbrainz.org/ws/2/url?resource=https://open.spotify.com/artist/66lH4jAE7pqPlOlzUKbwA0&inc=artist-rels&fmt=json","chan":"stdout","logger":"task"}
{"timestamp":"2025-12-05T00:10:36.612329Z","level":"info","event":"https://musicbrainz.org/ws/2/artist/4eca1aa0-c79f-481b-af8a-4a2d6c41aa5c?inc=tags&fmt=json","chan":"stdout","logger":"task"}
{"timestamp":"2025-12-05T00:10:37.731431Z","level":"info","event":"{'name': 'Kevin Rudolf', 'id': '0Chxmm4XMM87mJOHvyiUzL', 'url': 'https://open.spotify.com/artist/0Chxmm4XMM87mJOHvyiUzL'}","chan":"stdout","logger":"task"}
{"timestamp":"2025-12-05T00:10:37.735873Z","level":"info","event":"https://musicbrainz.org/ws/2/url?resource=https://open.spotify.com/artist/0Chxmm4XMM87mJOHvyiUzL&inc=artist-rels&fmt=json","chan":"stdout","logger":"task"}
{"timestamp":"2025-12-05T00:10:37.857887Z","level":"info","event":"https://musicbrainz.org/ws/2/artist/2a0cce30-071b-4ba9-bf78-ae76c9eb7316?inc=tags&fmt=json","chan":"stdout","logger":"task"}
{"timestamp":"2025-12-05T00:10:38.964735Z","level":"info","event":"{'name': 'Birdman', 'id': '35sCXuy5gN6Or69rZ9vqBs', 'url': 'https://open.spotify.com/artist/35sCXuy5gN6Or69rZ9vqBs'}","chan":"stdout","logger":"task"}
{"timestamp":"2025-12-05T00:10:38.966134Z","level":"info","event":"https://musicbrainz.org/ws/2/url?resource=https://open.spotify.com/artist/35sCXuy5gN6Or69rZ9vqBs&inc=artist-rels&fmt=json","chan":"stdout","logger":"task"}
{"timestamp":"2025-12-05T00:10:39.660263Z","level":"info","event":"https://musicbrainz.org/ws/2/artist/dcf5807c-ef1f-4291-b452-6824080ecac4?inc=tags&fmt=json","chan":"stdout","logger":"task"}
{"timestamp":"2025-12-05T00:10:40.777293Z","level":"info","event":"{'name': 'Jay Sean', 'id': '4pADjHPWyrlAF0FA7joK2H', 'url': 'https://open.spotify.com/artist/4pADjHPWyrlAF0FA7joK2H'}","chan":"stdout","logger":"task"}
{"timestamp":"2025-12-05T00:10:40.779005Z","level":"info","event":"https://musicbrainz.org/ws/2/url?resource=https://open.spotify.com/artist/4pADjHPWyrlAF0FA7joK2H&inc=artist-rels&fmt=json","chan":"stdout","logger":"task"}
{"timestamp":"2025-12-05T00:10:40.897275Z","level":"info","event":"https://musicbrainz.org/ws/2/artist/e03cf5b6-d2ec-4465-adee-226b518bcfcd?inc=tags&fmt=json","chan":"stdout","logger":"task"}
{"timestamp":"2025-12-05T00:10:42.014415Z","level":"info","event":"{'name': 'Lil Wayne', 'id': '55Aa2cqylxrFIXC767Z865', 'url': 'https://open.spotify.com/artist/55Aa2cqylxrFIXC767Z865'}","chan":"stdout","logger":"task"}
{"timestamp":"2025-12-05T00:10:42.014920Z","level":"info","event":"https://musicbrainz.org/ws/2/url?resource=https://open.spotify.com/artist/55Aa2cqylxrFIXC767Z865&inc=artist-rels&fmt=json","chan":"stdout","logger":"task"}
{"timestamp":"2025-12-05T00:10:42.128866Z","level":"info","event":"https://musicbrainz.org/ws/2/artist/ac9a487a-d9d2-4f27-bb23-0f4686488345?inc=tags&fmt=json","chan":"stdout","logger":"task"}
{"timestamp":"2025-12-05T00:10:43.237746Z","level":"info","event":"{'name': 'Adam Lambert', 'id': '6prmLEyn4LfHlD9NnXWlf7', 'url': 'https://open.spotify.com/artist/6prmLEyn4LfHlD9NnXWlf7'}","chan":"stdout","logger":"task"}
{"timestamp":"2025-12-05T00:10:43.238124Z","level":"info","event":"https://musicbrainz.org/ws/2/url?resource=https://open.spotify.com/artist/6prmLEyn4LfHlD9NnXWlf7&inc=artist-rels&fmt=json","chan":"stdout","logger":"task"}
{"timestamp":"2025-12-05T00:10:43.354570Z","level":"info","event":"https://musicbrainz.org/ws/2/artist/e942594a-91cc-427a-8beb-6815c28e9254?inc=tags&fmt=json","chan":"stdout","logger":"task"}
{"timestamp":"2025-12-05T00:10:45.735578Z","level":"info","event":"{'name': '3OH!3', 'id': '0FWzNDaEu9jdgcYTbcOa4F', 'url': 'https://open.spotify.com/artist/0FWzNDaEu9jdgcYTbcOa4F'}","chan":"stdout","logger":"task"}
{"timestamp":"2025-12-05T00:10:45.736774Z","level":"info","event":"https://musicbrainz.org/ws/2/url?resource=https://open.spotify.com/artist/0FWzNDaEu9jdgcYTbcOa4F&inc=artist-rels&fmt=json","chan":"stdout","logger":"task"}
{"timestamp":"2025-12-05T00:10:45.844494Z","level":"info","event":"https://musicbrainz.org/ws/2/artist/125948ec-7f91-4d1a-8b83-accbf50fae3d?inc=tags&fmt=json","chan":"stdout","logger":"task"}
{"timestamp":"2025-12-05T00:10:46.960273Z","level":"info","event":"{'name': 'DJ Khaled', 'id': '0QHgL1lAIqAw0HtD7YldmP', 'url': 'https://open.spotify.com/artist/0QHgL1lAIqAw0HtD7YldmP'}","chan":"stdout","logger":"task"}
{"timestamp":"2025-12-05T00:10:46.963263Z","level":"info","event":"https://musicbrainz.org/ws/2/url?resource=https://open.spotify.com/artist/0QHgL1lAIqAw0HtD7YldmP&inc=artist-rels&fmt=json","chan":"stdout","logger":"task"}
{"timestamp":"2025-12-05T00:10:47.085945Z","level":"info","event":"https://musicbrainz.org/ws/2/artist/081a2d60-9791-4e05-a075-f1890355eeee?inc=tags&fmt=json","chan":"stdout","logger":"task"}
{"timestamp":"2025-12-05T00:10:48.203363Z","level":"info","event":"{'name': 'Jamie Foxx', 'id': '7LnaAXbDVIL75IVPnndf7w', 'url': 'https://open.spotify.com/artist/7LnaAXbDVIL75IVPnndf7w'}","chan":"stdout","logger":"task"}
{"timestamp":"2025-12-05T00:10:48.205421Z","level":"info","event":"https://musicbrainz.org/ws/2/url?resource=https://open.spotify.com/artist/7LnaAXbDVIL75IVPnndf7w&inc=artist-rels&fmt=json","chan":"stdout","logger":"task"}
{"timestamp":"2025-12-05T00:10:48.326954Z","level":"info","event":"https://musicbrainz.org/ws/2/artist/15a5da16-8b89-4047-aefe-81473c97b5b2?inc=tags&fmt=json","chan":"stdout","logger":"task"}
{"timestamp":"2025-12-05T00:10:49.806431Z","level":"info","event":"{'name': 'Justin Timberlake', 'id': '31TPClRtHm23RisEBtV3X7', 'url': 'https://open.spotify.com/artist/31TPClRtHm23RisEBtV3X7'}","chan":"stdout","logger":"task"}
{"timestamp":"2025-12-05T00:10:49.807061Z","level":"info","event":"https://musicbrainz.org/ws/2/url?resource=https://open.spotify.com/artist/31TPClRtHm23RisEBtV3X7&inc=artist-rels&fmt=json","chan":"stdout","logger":"task"}
{"timestamp":"2025-12-05T00:10:49.922560Z","level":"info","event":"https://musicbrainz.org/ws/2/artist/596ffa74-3d08-44ef-b113-765d43d12738?inc=tags&fmt=json","chan":"stdout","logger":"task"}
{"timestamp":"2025-12-05T00:10:51.070310Z","level":"info","event":"{'name': 'T.I.', 'id': '4OBJLual30L7gRl5UkeRcT', 'url': 'https://open.spotify.com/artist/4OBJLual30L7gRl5UkeRcT'}","chan":"stdout","logger":"task"}
{"timestamp":"2025-12-05T00:10:51.077385Z","level":"info","event":"https://musicbrainz.org/ws/2/url?resource=https://open.spotify.com/artist/4OBJLual30L7gRl5UkeRcT&inc=artist-rels&fmt=json","chan":"stdout","logger":"task"}
{"timestamp":"2025-12-05T00:10:51.202617Z","level":"info","event":"https://musicbrainz.org/ws/2/artist/f7ba7fbe-c6bd-4ac0-bee9-c25c558d7d62?inc=tags&fmt=json","chan":"stdout","logger":"task"}
{"timestamp":"2025-12-05T00:10:52.329920Z","level":"info","event":"{'name': 'Timbaland', 'id': '5Y5TRrQiqgUO4S36tzjIRZ', 'url': 'https://open.spotify.com/artist/5Y5TRrQiqgUO4S36tzjIRZ'}","chan":"stdout","logger":"task"}
{"timestamp":"2025-12-05T00:10:52.333334Z","level":"info","event":"https://musicbrainz.org/ws/2/url?resource=https://open.spotify.com/artist/5Y5TRrQiqgUO4S36tzjIRZ&inc=artist-rels&fmt=json","chan":"stdout","logger":"task"}
{"timestamp":"2025-12-05T00:10:52.516320Z","level":"info","event":"https://musicbrainz.org/ws/2/artist/daa09819-5da5-4c7a-8bef-eb372bb27ff1?inc=tags&fmt=json","chan":"stdout","logger":"task"}
{"timestamp":"2025-12-05T00:10:53.581075Z","level":"info","event":"{'name': 'Nickelback', 'id': '6deZN1bslXzeGvOLaLMOIF', 'url': 'https://open.spotify.com/artist/6deZN1bslXzeGvOLaLMOIF'}","chan":"stdout","logger":"task"}
{"timestamp":"2025-12-05T00:10:53.592206Z","level":"info","event":"https://musicbrainz.org/ws/2/url?resource=https://open.spotify.com/artist/6deZN1bslXzeGvOLaLMOIF&inc=artist-rels&fmt=json","chan":"stdout","logger":"task"}
{"timestamp":"2025-12-05T00:10:53.716334Z","level":"info","event":"https://musicbrainz.org/ws/2/artist/bc710bcf-8815-42cf-bad2-3f1d12246aeb?inc=tags&fmt=json","chan":"stdout","logger":"task"}
{"timestamp":"2025-12-05T00:10:54.829793Z","level":"info","event":"{'name': 'Trey Songz', 'id': '2iojnBLj0qIMiKPvVhLnsH', 'url': 'https://open.spotify.com/artist/2iojnBLj0qIMiKPvVhLnsH'}","chan":"stdout","logger":"task"}
{"timestamp":"2025-12-05T00:10:54.836389Z","level":"info","event":"https://musicbrainz.org/ws/2/url?resource=https://open.spotify.com/artist/2iojnBLj0qIMiKPvVhLnsH&inc=artist-rels&fmt=json","chan":"stdout","logger":"task"}
{"timestamp":"2025-12-05T00:10:54.967455Z","level":"info","event":"https://musicbrainz.org/ws/2/artist/4d7304f6-7fe3-4959-9d98-01a5af84afe6?inc=tags&fmt=json","chan":"stdout","logger":"task"}
{"timestamp":"2025-12-05T00:10:55.197293Z","level":"info","event":"Rate limit hit. Retrying in 1s...","chan":"stdout","logger":"task"}
{"timestamp":"2025-12-05T00:10:57.324619Z","level":"info","event":"{'name': 'Fabolous', 'id': '0YWxKQj2Go9CGHCp77UOyy', 'url': 'https://open.spotify.com/artist/0YWxKQj2Go9CGHCp77UOyy'}","chan":"stdout","logger":"task"}
{"timestamp":"2025-12-05T00:10:57.327369Z","level":"info","event":"https://musicbrainz.org/ws/2/url?resource=https://open.spotify.com/artist/0YWxKQj2Go9CGHCp77UOyy&inc=artist-rels&fmt=json","chan":"stdout","logger":"task"}
{"timestamp":"2025-12-05T00:10:57.446291Z","level":"info","event":"https://musicbrainz.org/ws/2/artist/d2299099-e617-46dd-b013-ba0b4c72bc63?inc=tags&fmt=json","chan":"stdout","logger":"task"}
{"timestamp":"2025-12-05T00:10:58.573126Z","level":"info","event":"{'name': 'Jaron And The Long Road To Love', 'id': '1gnxlAhv4TnE1Kbvcbv8QI', 'url': 'https://open.spotify.com/artist/1gnxlAhv4TnE1Kbvcbv8QI'}","chan":"stdout","logger":"task"}
{"timestamp":"2025-12-05T00:10:58.574812Z","level":"info","event":"https://musicbrainz.org/ws/2/url?resource=https://open.spotify.com/artist/1gnxlAhv4TnE1Kbvcbv8QI&inc=artist-rels&fmt=json","chan":"stdout","logger":"task"}
{"timestamp":"2025-12-05T00:10:58.721857Z","level":"info","event":"HTTP 404: Not Found","chan":"stdout","logger":"task"}
{"timestamp":"2025-12-05T00:10:58.722303Z","level":"info","event":"unable to get mbid for https://open.spotify.com/artist/1gnxlAhv4TnE1Kbvcbv8QI","chan":"stdout","logger":"task"}
{"timestamp":"2025-12-05T00:10:59.730037Z","level":"info","event":"{'name': 'OneRepublic', 'id': '5Pwc4xIPtQLFEnJriah9YJ', 'url': 'https://open.spotify.com/artist/5Pwc4xIPtQLFEnJriah9YJ'}","chan":"stdout","logger":"task"}
{"timestamp":"2025-12-05T00:10:59.740339Z","level":"info","event":"https://musicbrainz.org/ws/2/url?resource=https://open.spotify.com/artist/5Pwc4xIPtQLFEnJriah9YJ&inc=artist-rels&fmt=json","chan":"stdout","logger":"task"}
{"timestamp":"2025-12-05T00:10:59.848793Z","level":"info","event":"https://musicbrainz.org/ws/2/artist/c33c2065-b1c3-4406-b066-d33a9e2ea71a?inc=tags&fmt=json","chan":"stdout","logger":"task"}
{"timestamp":"2025-12-05T00:11:00.969203Z","level":"info","event":"{'name': 'Jeezy', 'id': '4yBK75WVCQXej1p04GWqxH', 'url': 'https://open.spotify.com/artist/4yBK75WVCQXej1p04GWqxH'}","chan":"stdout","logger":"task"}
{"timestamp":"2025-12-05T00:11:00.970379Z","level":"info","event":"https://musicbrainz.org/ws/2/url?resource=https://open.spotify.com/artist/4yBK75WVCQXej1p04GWqxH&inc=artist-rels&fmt=json","chan":"stdout","logger":"task"}
{"timestamp":"2025-12-05T00:11:01.088689Z","level":"info","event":"https://musicbrainz.org/ws/2/artist/dcad99e7-3c3e-4c78-bf8a-68203e17da48?inc=tags&fmt=json","chan":"stdout","logger":"task"}
{"timestamp":"2025-12-05T00:11:02.313395Z","level":"info","event":"{'name': 'Plies', 'id': '3jksrX4oBklxR78ft8gv3j', 'url': 'https://open.spotify.com/artist/3jksrX4oBklxR78ft8gv3j'}","chan":"stdout","logger":"task"}
{"timestamp":"2025-12-05T00:11:02.317272Z","level":"info","event":"https://musicbrainz.org/ws/2/url?resource=https://open.spotify.com/artist/3jksrX4oBklxR78ft8gv3j&inc=artist-rels&fmt=json","chan":"stdout","logger":"task"}
{"timestamp":"2025-12-05T00:11:02.432391Z","level":"info","event":"https://musicbrainz.org/ws/2/artist/72f62a4c-0042-49f6-b4dc-2f5b27dd289f?inc=tags&fmt=json","chan":"stdout","logger":"task"}
{"timestamp":"2025-12-05T00:11:03.544128Z","level":"info","event":"{'name': 'Justin Bieber', 'id': '1uNFoZAHBGtllmzznpCI3s', 'url': 'https://open.spotify.com/artist/1uNFoZAHBGtllmzznpCI3s'}","chan":"stdout","logger":"task"}
{"timestamp":"2025-12-05T00:11:03.544436Z","level":"info","event":"https://musicbrainz.org/ws/2/url?resource=https://open.spotify.com/artist/1uNFoZAHBGtllmzznpCI3s&inc=artist-rels&fmt=json","chan":"stdout","logger":"task"}
{"timestamp":"2025-12-05T00:11:03.649925Z","level":"info","event":"https://musicbrainz.org/ws/2/artist/e0140a67-e4d1-4f13-8a01-364355bee46e?inc=tags&fmt=json","chan":"stdout","logger":"task"}
{"timestamp":"2025-12-05T00:11:04.762289Z","level":"info","event":"{'name': 'Joe Nichols', 'id': '4aJTB79uwT4sP0Nb8QGWHc', 'url': 'https://open.spotify.com/artist/4aJTB79uwT4sP0Nb8QGWHc'}","chan":"stdout","logger":"task"}
{"timestamp":"2025-12-05T00:11:04.763359Z","level":"info","event":"https://musicbrainz.org/ws/2/url?resource=https://open.spotify.com/artist/4aJTB79uwT4sP0Nb8QGWHc&inc=artist-rels&fmt=json","chan":"stdout","logger":"task"}
{"timestamp":"2025-12-05T00:11:04.879330Z","level":"info","event":"https://musicbrainz.org/ws/2/artist/e45692e4-69f6-4493-888b-7ab89d21d0a4?inc=tags&fmt=json","chan":"stdout","logger":"task"}
{"timestamp":"2025-12-05T00:11:05.992654Z","level":"info","event":"{'name': 'Luke Bryan', 'id': '0BvkDsjIUla7X0k6CSWh1I', 'url': 'https://open.spotify.com/artist/0BvkDsjIUla7X0k6CSWh1I'}","chan":"stdout","logger":"task"}
{"timestamp":"2025-12-05T00:11:05.992932Z","level":"info","event":"https://musicbrainz.org/ws/2/url?resource=https://open.spotify.com/artist/0BvkDsjIUla7X0k6CSWh1I&inc=artist-rels&fmt=json","chan":"stdout","logger":"task"}
{"timestamp":"2025-12-05T00:11:06.112992Z","level":"info","event":"https://musicbrainz.org/ws/2/artist/aab35942-f176-4f77-bbf9-1d6aa98ccf3f?inc=tags&fmt=json","chan":"stdout","logger":"task"}
{"timestamp":"2025-12-05T00:11:06.226595Z","level":"info","event":"Rate limit hit. Retrying in 1s...","chan":"stdout","logger":"task"}
{"timestamp":"2025-12-05T00:11:08.369476Z","level":"info","event":"{'name': 'Brad Paisley', 'id': '13YmWQJFwgZrd4bf5IjMY4', 'url': 'https://open.spotify.com/artist/13YmWQJFwgZrd4bf5IjMY4'}","chan":"stdout","logger":"task"}
{"timestamp":"2025-12-05T00:11:08.375720Z","level":"info","event":"https://musicbrainz.org/ws/2/url?resource=https://open.spotify.com/artist/13YmWQJFwgZrd4bf5IjMY4&inc=artist-rels&fmt=json","chan":"stdout","logger":"task"}
{"timestamp":"2025-12-05T00:11:08.496670Z","level":"info","event":"https://musicbrainz.org/ws/2/artist/6cfd7ffc-824f-4219-8e27-4b9417700f44?inc=tags&fmt=json","chan":"stdout","logger":"task"}
{"timestamp":"2025-12-05T00:11:09.611819Z","level":"info","event":"{'name': 'Jerrod Niemann', 'id': '0RKP52f5PNDCRZ9Luq2Sr7', 'url': 'https://open.spotify.com/artist/0RKP52f5PNDCRZ9Luq2Sr7'}","chan":"stdout","logger":"task"}
{"timestamp":"2025-12-05T00:11:09.612871Z","level":"info","event":"https://musicbrainz.org/ws/2/url?resource=https://open.spotify.com/artist/0RKP52f5PNDCRZ9Luq2Sr7&inc=artist-rels&fmt=json","chan":"stdout","logger":"task"}
{"timestamp":"2025-12-05T00:11:09.745886Z","level":"info","event":"https://musicbrainz.org/ws/2/artist/0b88f9de-7c37-4800-9d6a-04ce6c20b76c?inc=tags&fmt=json","chan":"stdout","logger":"task"}
{"timestamp":"2025-12-05T00:11:12.100788Z","level":"info","event":"{'name': 'Crystal Bowersox', 'id': '2IgfvpRnRRvieMOYwvI7Rr', 'url': 'https://open.spotify.com/artist/2IgfvpRnRRvieMOYwvI7Rr'}","chan":"stdout","logger":"task"}
{"timestamp":"2025-12-05T00:11:12.103517Z","level":"info","event":"https://musicbrainz.org/ws/2/url?resource=https://open.spotify.com/artist/2IgfvpRnRRvieMOYwvI7Rr&inc=artist-rels&fmt=json","chan":"stdout","logger":"task"}
{"timestamp":"2025-12-05T00:11:12.290780Z","level":"info","event":"https://musicbrainz.org/ws/2/artist/23644c2d-7351-4690-81c0-0153e4652847?inc=tags&fmt=json","chan":"stdout","logger":"task"}
{"timestamp":"2025-12-05T00:11:13.527097Z","level":"info","event":"{'name': 'Chris Young', 'id': '4BYxqVkZyFjtik7crYLg5Q', 'url': 'https://open.spotify.com/artist/4BYxqVkZyFjtik7crYLg5Q'}","chan":"stdout","logger":"task"}
{"timestamp":"2025-12-05T00:11:13.528450Z","level":"info","event":"https://musicbrainz.org/ws/2/url?resource=https://open.spotify.com/artist/4BYxqVkZyFjtik7crYLg5Q&inc=artist-rels&fmt=json","chan":"stdout","logger":"task"}
{"timestamp":"2025-12-05T00:11:13.656380Z","level":"info","event":"https://musicbrainz.org/ws/2/artist/86de027e-097d-41b1-9b97-c0a69379ff4b?inc=tags&fmt=json","chan":"stdout","logger":"task"}
{"timestamp":"2025-12-05T00:11:14.910681Z","level":"info","event":"{'name': 'Jason Aldean', 'id': '3FfvYsEGaIb52QPXhg4DcH', 'url': 'https://open.spotify.com/artist/3FfvYsEGaIb52QPXhg4DcH'}","chan":"stdout","logger":"task"}
{"timestamp":"2025-12-05T00:11:14.911264Z","level":"info","event":"https://musicbrainz.org/ws/2/url?resource=https://open.spotify.com/artist/3FfvYsEGaIb52QPXhg4DcH&inc=artist-rels&fmt=json","chan":"stdout","logger":"task"}
{"timestamp":"2025-12-05T00:11:15.031664Z","level":"info","event":"https://musicbrainz.org/ws/2/artist/f24df11a-7e35-4979-a4db-a3b2a170ce27?inc=tags&fmt=json","chan":"stdout","logger":"task"}
{"timestamp":"2025-12-05T00:11:16.157477Z","level":"info","event":"{'name': 'Clay Walker', 'id': '4MPkNgar5uTd8Sqvrr7par', 'url': 'https://open.spotify.com/artist/4MPkNgar5uTd8Sqvrr7par'}","chan":"stdout","logger":"task"}
{"timestamp":"2025-12-05T00:11:16.157799Z","level":"info","event":"https://musicbrainz.org/ws/2/url?resource=https://open.spotify.com/artist/4MPkNgar5uTd8Sqvrr7par&inc=artist-rels&fmt=json","chan":"stdout","logger":"task"}
{"timestamp":"2025-12-05T00:11:16.280677Z","level":"info","event":"https://musicbrainz.org/ws/2/artist/961eb4d5-df1a-4959-a6fb-039278927ac4?inc=tags&fmt=json","chan":"stdout","logger":"task"}
{"timestamp":"2025-12-05T00:11:17.796335Z","level":"info","event":"{'name': 'Lloyd Banks', 'id': '3vDUJHQtqT3jFRZ2ECXDTi', 'url': 'https://open.spotify.com/artist/3vDUJHQtqT3jFRZ2ECXDTi'}","chan":"stdout","logger":"task"}
{"timestamp":"2025-12-05T00:11:17.799134Z","level":"info","event":"https://musicbrainz.org/ws/2/url?resource=https://open.spotify.com/artist/3vDUJHQtqT3jFRZ2ECXDTi&inc=artist-rels&fmt=json","chan":"stdout","logger":"task"}
{"timestamp":"2025-12-05T00:11:17.910702Z","level":"info","event":"https://musicbrainz.org/ws/2/artist/8a6ccf62-b8fa-46d7-87df-f2dd14e6280d?inc=tags&fmt=json","chan":"stdout","logger":"task"}
{"timestamp":"2025-12-05T00:11:19.022306Z","level":"info","event":"{'name': 'Juelz Santana', 'id': '6Uh8uJyN9g7oFjDK16nJgb', 'url': 'https://open.spotify.com/artist/6Uh8uJyN9g7oFjDK16nJgb'}","chan":"stdout","logger":"task"}
{"timestamp":"2025-12-05T00:11:19.023643Z","level":"info","event":"https://musicbrainz.org/ws/2/url?resource=https://open.spotify.com/artist/6Uh8uJyN9g7oFjDK16nJgb&inc=artist-rels&fmt=json","chan":"stdout","logger":"task"}
{"timestamp":"2025-12-05T00:11:19.143405Z","level":"info","event":"https://musicbrainz.org/ws/2/artist/bea235a0-db63-44b1-881e-264d25791f5a?inc=tags&fmt=json","chan":"stdout","logger":"task"}
{"timestamp":"2025-12-05T00:11:20.279135Z","level":"info","event":"{'name': 'David Guetta', 'id': '1Cs0zKBU1kc0i8ypK3B9ai', 'url': 'https://open.spotify.com/artist/1Cs0zKBU1kc0i8ypK3B9ai'}","chan":"stdout","logger":"task"}
{"timestamp":"2025-12-05T00:11:20.279896Z","level":"info","event":"https://musicbrainz.org/ws/2/url?resource=https://open.spotify.com/artist/1Cs0zKBU1kc0i8ypK3B9ai&inc=artist-rels&fmt=json","chan":"stdout","logger":"task"}
{"timestamp":"2025-12-05T00:11:20.392757Z","level":"info","event":"https://musicbrainz.org/ws/2/artist/302bd7b9-d012-4360-897a-93b00c855680?inc=tags&fmt=json","chan":"stdout","logger":"task"}
{"timestamp":"2025-12-05T00:11:21.499645Z","level":"info","event":"{'name': 'Chris Willis', 'id': '2qSEpijpT3YSXgxcXac1ly', 'url': 'https://open.spotify.com/artist/2qSEpijpT3YSXgxcXac1ly'}","chan":"stdout","logger":"task"}
{"timestamp":"2025-12-05T00:11:21.500437Z","level":"info","event":"https://musicbrainz.org/ws/2/url?resource=https://open.spotify.com/artist/2qSEpijpT3YSXgxcXac1ly&inc=artist-rels&fmt=json","chan":"stdout","logger":"task"}
{"timestamp":"2025-12-05T00:11:21.630886Z","level":"info","event":"https://musicbrainz.org/ws/2/artist/9871f931-c64a-4c09-b090-d1ce25b2c073?inc=tags&fmt=json","chan":"stdout","logger":"task"}
{"timestamp":"2025-12-05T00:11:22.760852Z","level":"info","event":"{'name': 'Fergie', 'id': '3r17AfJCCUqC9Lf0OAc73G', 'url': 'https://open.spotify.com/artist/3r17AfJCCUqC9Lf0OAc73G'}","chan":"stdout","logger":"task"}
{"timestamp":"2025-12-05T00:11:22.768309Z","level":"info","event":"https://musicbrainz.org/ws/2/url?resource=https://open.spotify.com/artist/3r17AfJCCUqC9Lf0OAc73G&inc=artist-rels&fmt=json","chan":"stdout","logger":"task"}
{"timestamp":"2025-12-05T00:11:22.896988Z","level":"info","event":"https://musicbrainz.org/ws/2/artist/1c46e82f-4764-4d82-a33b-5d5aee5e2881?inc=tags&fmt=json","chan":"stdout","logger":"task"}
{"timestamp":"2025-12-05T00:11:24.021387Z","level":"info","event":"{'name': 'LMFAO', 'id': '3sgFRtyBnxXD5ESfmbK4dl', 'url': 'https://open.spotify.com/artist/3sgFRtyBnxXD5ESfmbK4dl'}","chan":"stdout","logger":"task"}
{"timestamp":"2025-12-05T00:11:24.024277Z","level":"info","event":"https://musicbrainz.org/ws/2/url?resource=https://open.spotify.com/artist/3sgFRtyBnxXD5ESfmbK4dl&inc=artist-rels&fmt=json","chan":"stdout","logger":"task"}
{"timestamp":"2025-12-05T00:11:24.134992Z","level":"info","event":"https://musicbrainz.org/ws/2/artist/ed5d9086-e8cd-473a-b96c-d81ad6c98f0d?inc=tags&fmt=json","chan":"stdout","logger":"task"}
{"timestamp":"2025-12-05T00:11:25.337423Z","level":"info","event":"{'name': 'Diddy - Dirty Money', 'id': '2QYEvpsWUOjqaYuxDPTCmV', 'url': 'https://open.spotify.com/artist/2QYEvpsWUOjqaYuxDPTCmV'}","chan":"stdout","logger":"task"}
{"timestamp":"2025-12-05T00:11:25.359957Z","level":"info","event":"https://musicbrainz.org/ws/2/url?resource=https://open.spotify.com/artist/2QYEvpsWUOjqaYuxDPTCmV&inc=artist-rels&fmt=json","chan":"stdout","logger":"task"}
{"timestamp":"2025-12-05T00:11:25.619722Z","level":"info","event":"HTTP 404: Not Found","chan":"stdout","logger":"task"}
{"timestamp":"2025-12-05T00:11:25.620113Z","level":"info","event":"unable to get mbid for https://open.spotify.com/artist/2QYEvpsWUOjqaYuxDPTCmV","chan":"stdout","logger":"task"}
{"timestamp":"2025-12-05T00:11:26.629964Z","level":"info","event":"{'name': 'Rick Ross', 'id': '1sBkRIssrMs1AbVkOJbc7a', 'url': 'https://open.spotify.com/artist/1sBkRIssrMs1AbVkOJbc7a'}","chan":"stdout","logger":"task"}
{"timestamp":"2025-12-05T00:11:26.639140Z","level":"info","event":"https://musicbrainz.org/ws/2/url?resource=https://open.spotify.com/artist/1sBkRIssrMs1AbVkOJbc7a&inc=artist-rels&fmt=json","chan":"stdout","logger":"task"}
{"timestamp":"2025-12-05T00:11:26.751142Z","level":"info","event":"https://musicbrainz.org/ws/2/artist/13bcb2bb-db37-4397-baf5-e0f085be2d64?inc=tags&fmt=json","chan":"stdout","logger":"task"}
{"timestamp":"2025-12-05T00:11:27.872150Z","level":"info","event":"{'name': 'Colbie Caillat', 'id': '6aZyMrc4doVtZyKNilOmwu', 'url': 'https://open.spotify.com/artist/6aZyMrc4doVtZyKNilOmwu'}","chan":"stdout","logger":"task"}
{"timestamp":"2025-12-05T00:11:27.872550Z","level":"info","event":"https://musicbrainz.org/ws/2/url?resource=https://open.spotify.com/artist/6aZyMrc4doVtZyKNilOmwu&inc=artist-rels&fmt=json","chan":"stdout","logger":"task"}
{"timestamp":"2025-12-05T00:11:27.992975Z","level":"info","event":"https://musicbrainz.org/ws/2/artist/efc8a006-d0c6-4a9b-8cb1-91ca770fa2b9?inc=tags&fmt=json","chan":"stdout","logger":"task"}
{"timestamp":"2025-12-05T00:11:29.112651Z","level":"info","event":"{'name': 'Enrique Iglesias', 'id': '7qG3b048QCHVRO5Pv1T5lw', 'url': 'https://open.spotify.com/artist/7qG3b048QCHVRO5Pv1T5lw'}","chan":"stdout","logger":"task"}
{"timestamp":"2025-12-05T00:11:29.119845Z","level":"info","event":"https://musicbrainz.org/ws/2/url?resource=https://open.spotify.com/artist/7qG3b048QCHVRO5Pv1T5lw&inc=artist-rels&fmt=json","chan":"stdout","logger":"task"}
{"timestamp":"2025-12-05T00:11:29.225878Z","level":"info","event":"https://musicbrainz.org/ws/2/artist/35f866dc-c061-48ba-8157-cf2e0eac4857?inc=tags&fmt=json","chan":"stdout","logger":"task"}
{"timestamp":"2025-12-05T00:11:30.340961Z","level":"info","event":"{'name': 'Pitbull', 'id': '0TnOYISbd1XYRBk9myaseg', 'url': 'https://open.spotify.com/artist/0TnOYISbd1XYRBk9myaseg'}","chan":"stdout","logger":"task"}
{"timestamp":"2025-12-05T00:11:30.341976Z","level":"info","event":"https://musicbrainz.org/ws/2/url?resource=https://open.spotify.com/artist/0TnOYISbd1XYRBk9myaseg&inc=artist-rels&fmt=json","chan":"stdout","logger":"task"}
{"timestamp":"2025-12-05T00:11:30.463055Z","level":"info","event":"https://musicbrainz.org/ws/2/artist/d262ea27-3ffe-40f7-b922-85c42d625e67?inc=tags&fmt=json","chan":"stdout","logger":"task"}
{"timestamp":"2025-12-05T00:11:31.582040Z","level":"info","event":"{'name': 'Rascal Flatts', 'id': '0a1gHP0HAqALbEyxaD5Ngn', 'url': 'https://open.spotify.com/artist/0a1gHP0HAqALbEyxaD5Ngn'}","chan":"stdout","logger":"task"}
{"timestamp":"2025-12-05T00:11:31.584312Z","level":"info","event":"https://musicbrainz.org/ws/2/url?resource=https://open.spotify.com/artist/0a1gHP0HAqALbEyxaD5Ngn&inc=artist-rels&fmt=json","chan":"stdout","logger":"task"}
{"timestamp":"2025-12-05T00:11:31.699052Z","level":"info","event":"https://musicbrainz.org/ws/2/artist/6e0ae159-8449-4262-bba5-18ec87fa529f?inc=tags&fmt=json","chan":"stdout","logger":"task"}
{"timestamp":"2025-12-05T00:11:32.819493Z","level":"info","event":"{'name': 'Steel Magnolia', 'id': '7sbNNaQTulMUEWxL5aDTiT', 'url': 'https://open.spotify.com/artist/7sbNNaQTulMUEWxL5aDTiT'}","chan":"stdout","logger":"task"}
{"timestamp":"2025-12-05T00:11:32.822366Z","level":"info","event":"https://musicbrainz.org/ws/2/url?resource=https://open.spotify.com/artist/7sbNNaQTulMUEWxL5aDTiT&inc=artist-rels&fmt=json","chan":"stdout","logger":"task"}
{"timestamp":"2025-12-05T00:11:33.184949Z","level":"info","event":"HTTP 404: Not Found","chan":"stdout","logger":"task"}
{"timestamp":"2025-12-05T00:11:33.185562Z","level":"info","event":"unable to get mbid for https://open.spotify.com/artist/7sbNNaQTulMUEWxL5aDTiT","chan":"stdout","logger":"task"}
{"timestamp":"2025-12-05T00:11:34.187631Z","level":"info","event":"{'name': 'Lee Brice', 'id': '5Zq7R5qmi58ByYyBQTlNuk', 'url': 'https://open.spotify.com/artist/5Zq7R5qmi58ByYyBQTlNuk'}","chan":"stdout","logger":"task"}
{"timestamp":"2025-12-05T00:11:34.188719Z","level":"info","event":"https://musicbrainz.org/ws/2/url?resource=https://open.spotify.com/artist/5Zq7R5qmi58ByYyBQTlNuk&inc=artist-rels&fmt=json","chan":"stdout","logger":"task"}
{"timestamp":"2025-12-05T00:11:34.305335Z","level":"info","event":"https://musicbrainz.org/ws/2/artist/48a6d065-1fda-4280-ae39-df1394d419cd?inc=tags&fmt=json","chan":"stdout","logger":"task"}
{"timestamp":"2025-12-05T00:11:35.420088Z","level":"info","event":"{'name': 'Ciara', 'id': '2NdeV5rLm47xAvogXrYhJX', 'url': 'https://open.spotify.com/artist/2NdeV5rLm47xAvogXrYhJX'}","chan":"stdout","logger":"task"}
{"timestamp":"2025-12-05T00:11:35.420397Z","level":"info","event":"https://musicbrainz.org/ws/2/url?resource=https://open.spotify.com/artist/2NdeV5rLm47xAvogXrYhJX&inc=artist-rels&fmt=json","chan":"stdout","logger":"task"}
{"timestamp":"2025-12-05T00:11:35.544790Z","level":"info","event":"https://musicbrainz.org/ws/2/artist/03172286-f7ed-4864-a4db-459cd5ca9790?inc=tags&fmt=json","chan":"stdout","logger":"task"}
{"timestamp":"2025-12-05T00:11:36.663981Z","level":"info","event":"{'name': 'Iyaz', 'id': '5tKXB9uuebKE34yowVaU3C', 'url': 'https://open.spotify.com/artist/5tKXB9uuebKE34yowVaU3C'}","chan":"stdout","logger":"task"}
{"timestamp":"2025-12-05T00:11:36.666844Z","level":"info","event":"https://musicbrainz.org/ws/2/url?resource=https://open.spotify.com/artist/5tKXB9uuebKE34yowVaU3C&inc=artist-rels&fmt=json","chan":"stdout","logger":"task"}
{"timestamp":"2025-12-05T00:11:36.773534Z","level":"info","event":"https://musicbrainz.org/ws/2/artist/3bf30073-ce4e-4207-88d2-ad83677b0387?inc=tags&fmt=json","chan":"stdout","logger":"task"}
{"timestamp":"2025-12-05T00:11:37.885365Z","level":"info","event":"{'name': 'Zac Brown Band', 'id': '6yJCxee7QumYr820xdIsjo', 'url': 'https://open.spotify.com/artist/6yJCxee7QumYr820xdIsjo'}","chan":"stdout","logger":"task"}
{"timestamp":"2025-12-05T00:11:37.886922Z","level":"info","event":"https://musicbrainz.org/ws/2/url?resource=https://open.spotify.com/artist/6yJCxee7QumYr820xdIsjo&inc=artist-rels&fmt=json","chan":"stdout","logger":"task"}
{"timestamp":"2025-12-05T00:11:38.013194Z","level":"info","event":"https://musicbrainz.org/ws/2/artist/507226f4-0842-4f43-950e-81a7017230ec?inc=tags&fmt=json","chan":"stdout","logger":"task"}
{"timestamp":"2025-12-05T00:11:39.130428Z","level":"info","event":"{'name': 'Will Young', 'id': '2U6gqwyl9F33YxawnFrZG7', 'url': 'https://open.spotify.com/artist/2U6gqwyl9F33YxawnFrZG7'}","chan":"stdout","logger":"task"}
{"timestamp":"2025-12-05T00:11:39.131018Z","level":"info","event":"https://musicbrainz.org/ws/2/url?resource=https://open.spotify.com/artist/2U6gqwyl9F33YxawnFrZG7&inc=artist-rels&fmt=json","chan":"stdout","logger":"task"}
{"timestamp":"2025-12-05T00:11:39.291657Z","level":"info","event":"https://musicbrainz.org/ws/2/artist/7240a9e1-01d1-4322-b34a-ad573703f108?inc=tags&fmt=json","chan":"stdout","logger":"task"}
{"timestamp":"2025-12-05T00:11:40.479342Z","level":"info","event":"{'name': 'Martina McBride', 'id': '3P33qFNGBVXl86yQYWspFj', 'url': 'https://open.spotify.com/artist/3P33qFNGBVXl86yQYWspFj'}","chan":"stdout","logger":"task"}
{"timestamp":"2025-12-05T00:11:40.480679Z","level":"info","event":"https://musicbrainz.org/ws/2/url?resource=https://open.spotify.com/artist/3P33qFNGBVXl86yQYWspFj&inc=artist-rels&fmt=json","chan":"stdout","logger":"task"}
{"timestamp":"2025-12-05T00:11:40.597942Z","level":"info","event":"https://musicbrainz.org/ws/2/artist/b0a55bd8-60c7-45c1-b78e-f20e4c8adba1?inc=tags&fmt=json","chan":"stdout","logger":"task"}
{"timestamp":"2025-12-05T00:11:41.710024Z","level":"info","event":"{'name': 'Young Money', 'id': '5OrB6Jhhrl9y2PK0pSV4VP', 'url': 'https://open.spotify.com/artist/5OrB6Jhhrl9y2PK0pSV4VP'}","chan":"stdout","logger":"task"}
{"timestamp":"2025-12-05T00:11:41.712498Z","level":"info","event":"https://musicbrainz.org/ws/2/url?resource=https://open.spotify.com/artist/5OrB6Jhhrl9y2PK0pSV4VP&inc=artist-rels&fmt=json","chan":"stdout","logger":"task"}
{"timestamp":"2025-12-05T00:11:41.844052Z","level":"info","event":"https://musicbrainz.org/ws/2/artist/3ba45541-87be-4631-896b-d148b7f70f00?inc=tags&fmt=json","chan":"stdout","logger":"task"}
{"timestamp":"2025-12-05T00:11:43.522830Z","level":"info","event":"{'name': 'Monica', 'id': '6nzxy2wXs6tLgzEtqOkEi2', 'url': 'https://open.spotify.com/artist/6nzxy2wXs6tLgzEtqOkEi2'}","chan":"stdout","logger":"task"}
{"timestamp":"2025-12-05T00:11:43.525588Z","level":"info","event":"https://musicbrainz.org/ws/2/url?resource=https://open.spotify.com/artist/6nzxy2wXs6tLgzEtqOkEi2&inc=artist-rels&fmt=json","chan":"stdout","logger":"task"}
{"timestamp":"2025-12-05T00:11:43.647851Z","level":"info","event":"https://musicbrainz.org/ws/2/artist/af84073d-3b6d-4390-9d3f-bf65a91c824f?inc=tags&fmt=json","chan":"stdout","logger":"task"}
{"timestamp":"2025-12-05T00:11:44.999852Z","level":"info","event":"{'name': 'Kenny Chesney', 'id': '3grHWM9bx2E9vwJCdlRv9O', 'url': 'https://open.spotify.com/artist/3grHWM9bx2E9vwJCdlRv9O'}","chan":"stdout","logger":"task"}
{"timestamp":"2025-12-05T00:11:45.001966Z","level":"info","event":"https://musicbrainz.org/ws/2/url?resource=https://open.spotify.com/artist/3grHWM9bx2E9vwJCdlRv9O&inc=artist-rels&fmt=json","chan":"stdout","logger":"task"}
{"timestamp":"2025-12-05T00:11:45.119160Z","level":"info","event":"https://musicbrainz.org/ws/2/artist/5dca4d22-d6c8-4e70-8ca1-4543e43353c7?inc=tags&fmt=json","chan":"stdout","logger":"task"}
{"timestamp":"2025-12-05T00:11:46.364866Z","level":"info","event":"{'name': 'Reba McEntire', 'id': '02rd0anEWfMtF7iMku9uor', 'url': 'https://open.spotify.com/artist/02rd0anEWfMtF7iMku9uor'}","chan":"stdout","logger":"task"}
{"timestamp":"2025-12-05T00:11:46.365119Z","level":"info","event":"https://musicbrainz.org/ws/2/url?resource=https://open.spotify.com/artist/02rd0anEWfMtF7iMku9uor&inc=artist-rels&fmt=json","chan":"stdout","logger":"task"}
{"timestamp":"2025-12-05T00:11:46.475289Z","level":"info","event":"https://musicbrainz.org/ws/2/artist/3ec17e85-9284-4f4c-8831-4e56c2354cdb?inc=tags&fmt=json","chan":"stdout","logger":"task"}
{"timestamp":"2025-12-05T00:11:47.593293Z","level":"info","event":"{'name': 'Paramore', 'id': '74XFHRwlV6OrjEM0A2NCMF', 'url': 'https://open.spotify.com/artist/74XFHRwlV6OrjEM0A2NCMF'}","chan":"stdout","logger":"task"}
{"timestamp":"2025-12-05T00:11:47.593692Z","level":"info","event":"https://musicbrainz.org/ws/2/url?resource=https://open.spotify.com/artist/74XFHRwlV6OrjEM0A2NCMF&inc=artist-rels&fmt=json","chan":"stdout","logger":"task"}
{"timestamp":"2025-12-05T00:11:47.798693Z","level":"info","event":"https://musicbrainz.org/ws/2/artist/44cf61b8-5197-448a-b82b-cef6ee89fac5?inc=tags&fmt=json","chan":"stdout","logger":"task"}
{"timestamp":"2025-12-05T00:11:47.903942Z","level":"info","event":"Rate limit hit. Retrying in 1s...","chan":"stdout","logger":"task"}
{"timestamp":"2025-12-05T00:11:50.094579Z","level":"info","event":"{'name': 'Cali Swag District', 'id': '1EeArivTpzLNCqubV95255', 'url': 'https://open.spotify.com/artist/1EeArivTpzLNCqubV95255'}","chan":"stdout","logger":"task"}
{"timestamp":"2025-12-05T00:11:50.095925Z","level":"info","event":"https://musicbrainz.org/ws/2/url?resource=https://open.spotify.com/artist/1EeArivTpzLNCqubV95255&inc=artist-rels&fmt=json","chan":"stdout","logger":"task"}
{"timestamp":"2025-12-05T00:11:50.215237Z","level":"info","event":"HTTP 404: Not Found","chan":"stdout","logger":"task"}
{"timestamp":"2025-12-05T00:11:50.215589Z","level":"info","event":"unable to get mbid for https://open.spotify.com/artist/1EeArivTpzLNCqubV95255","chan":"stdout","logger":"task"}
{"timestamp":"2025-12-05T00:11:51.216618Z","level":"info","event":"{'name': 'Neil Patrick Harris', 'id': '3UBvyQF5Hipou6Pm7wncxr', 'url': 'https://open.spotify.com/artist/3UBvyQF5Hipou6Pm7wncxr'}","chan":"stdout","logger":"task"}
{"timestamp":"2025-12-05T00:11:51.217497Z","level":"info","event":"https://musicbrainz.org/ws/2/url?resource=https://open.spotify.com/artist/3UBvyQF5Hipou6Pm7wncxr&inc=artist-rels&fmt=json","chan":"stdout","logger":"task"}
{"timestamp":"2025-12-05T00:11:51.394815Z","level":"info","event":"https://musicbrainz.org/ws/2/artist/587fbf06-1cc0-4ae6-91ef-afe832385b13?inc=tags&fmt=json","chan":"stdout","logger":"task"}
{"timestamp":"2025-12-05T00:11:53.167983Z","level":"info","event":"{'name': 'Avenged Sevenfold', 'id': '0nmQIMXWTXfhgOBdNzhGOs', 'url': 'https://open.spotify.com/artist/0nmQIMXWTXfhgOBdNzhGOs'}","chan":"stdout","logger":"task"}
{"timestamp":"2025-12-05T00:11:53.170687Z","level":"info","event":"https://musicbrainz.org/ws/2/url?resource=https://open.spotify.com/artist/0nmQIMXWTXfhgOBdNzhGOs&inc=artist-rels&fmt=json","chan":"stdout","logger":"task"}
{"timestamp":"2025-12-05T00:11:53.312551Z","level":"info","event":"https://musicbrainz.org/ws/2/artist/24e1b53c-3085-4581-8472-0b0088d2508c?inc=tags&fmt=json","chan":"stdout","logger":"task"}
{"timestamp":"2025-12-05T00:11:55.313863Z","level":"info","event":"{'name': 'Christina Aguilera', 'id': '1l7ZsJRRS8wlW3WfJfPfNS', 'url': 'https://open.spotify.com/artist/1l7ZsJRRS8wlW3WfJfPfNS'}","chan":"stdout","logger":"task"}
{"timestamp":"2025-12-05T00:11:55.315425Z","level":"info","event":"https://musicbrainz.org/ws/2/url?resource=https://open.spotify.com/artist/1l7ZsJRRS8wlW3WfJfPfNS&inc=artist-rels&fmt=json","chan":"stdout","logger":"task"}
{"timestamp":"2025-12-05T00:11:55.432360Z","level":"info","event":"https://musicbrainz.org/ws/2/artist/b202beb7-99bd-47e7-8b72-195c8d72ebdd?inc=tags&fmt=json","chan":"stdout","logger":"task"}
{"timestamp":"2025-12-05T00:11:56.554010Z","level":"info","event":"{'name': 'Jack Johnson', 'id': '3GBPw9NK25X1Wt2OUvOwY3', 'url': 'https://open.spotify.com/artist/3GBPw9NK25X1Wt2OUvOwY3'}","chan":"stdout","logger":"task"}
{"timestamp":"2025-12-05T00:11:56.555043Z","level":"info","event":"https://musicbrainz.org/ws/2/url?resource=https://open.spotify.com/artist/3GBPw9NK25X1Wt2OUvOwY3&inc=artist-rels&fmt=json","chan":"stdout","logger":"task"}
{"timestamp":"2025-12-05T00:11:57.372369Z","level":"info","event":"https://musicbrainz.org/ws/2/artist/ff6e677f-91dd-4986-a174-8db0474b1799?inc=tags&fmt=json","chan":"stdout","logger":"task"}
{"timestamp":"2025-12-05T00:11:58.571730Z","level":"info","event":"{'name': 'Ne-Yo', 'id': '21E3waRsmPlU7jZsS13rcj', 'url': 'https://open.spotify.com/artist/21E3waRsmPlU7jZsS13rcj'}","chan":"stdout","logger":"task"}
{"timestamp":"2025-12-05T00:11:58.573544Z","level":"info","event":"https://musicbrainz.org/ws/2/url?resource=https://open.spotify.com/artist/21E3waRsmPlU7jZsS13rcj&inc=artist-rels&fmt=json","chan":"stdout","logger":"task"}
{"timestamp":"2025-12-05T00:11:58.745427Z","level":"info","event":"https://musicbrainz.org/ws/2/artist/a4a01f5d-18e7-4571-8c3a-76ec0e24e2d7?inc=tags&fmt=json","chan":"stdout","logger":"task"}
{"timestamp":"2025-12-05T00:11:59.894255Z","level":"info","event":"Fetching audio details for 95 songs...","chan":"stdout","logger":"task"}
{"timestamp":"2025-12-05T00:11:59.895358Z","level":"info","event":"  Fetching batch 1/3 (40 songs)...","chan":"stdout","logger":"task"}
{"timestamp":"2025-12-05T00:12:00.819351Z","level":"info","event":"  Retrieved 34 song details","chan":"stdout","logger":"task"}
{"timestamp":"2025-12-05T00:12:02.830444Z","level":"info","event":"  Fetching batch 2/3 (40 songs)...","chan":"stdout","logger":"task"}
{"timestamp":"2025-12-05T00:12:03.756891Z","level":"info","event":"  Retrieved 32 song details","chan":"stdout","logger":"task"}
{"timestamp":"2025-12-05T00:12:05.759893Z","level":"info","event":"  Fetching batch 3/3 (15 songs)...","chan":"stdout","logger":"task"}
{"timestamp":"2025-12-05T00:12:06.577188Z","level":"info","event":"  Retrieved 13 song details","chan":"stdout","logger":"task"}
{"timestamp":"2025-12-05T00:12:06.577588Z","level":"info","event":"Fetching audio analysis for 79 songs...","chan":"stdout","logger":"task"}
{"timestamp":"2025-12-05T00:12:17.054379Z","level":"info","event":"  Processing audio analysis 10/79...","chan":"stdout","logger":"task"}
{"timestamp":"2025-12-05T00:12:27.194906Z","level":"info","event":"  Processing audio analysis 20/79...","chan":"stdout","logger":"task"}
{"timestamp":"2025-12-05T00:12:38.273888Z","level":"info","event":"  Processing audio analysis 30/79...","chan":"stdout","logger":"task"}
{"timestamp":"2025-12-05T00:12:47.978941Z","level":"info","event":"  Processing audio analysis 40/79...","chan":"stdout","logger":"task"}
{"timestamp":"2025-12-05T00:12:58.037635Z","level":"info","event":"  Processing audio analysis 50/79...","chan":"stdout","logger":"task"}
{"timestamp":"2025-12-05T00:13:09.629779Z","level":"info","event":"  Processing audio analysis 60/79...","chan":"stdout","logger":"task"}
{"timestamp":"2025-12-05T00:13:18.783092Z","level":"info","event":"  Processing audio analysis 70/79...","chan":"stdout","logger":"task"}
{"timestamp":"2025-12-05T00:13:27.654207Z","level":"info","event":"Completed fetching audio details for 79 songs","chan":"stdout","logger":"task"}
{"timestamp":"2025-12-05T00:13:27.696003Z","level":"info","event":"DEBUG: DATABASE_URL value: postgresql+psycopg2:****@postgres/music_warehouse","chan":"stdout","logger":"task"}
{"timestamp":"2025-12-05T00:13:27.759214Z","level":"info","event":"TYPE OF ENGINE: <class 'sqlalchemy.engine.base.Engine'>","chan":"stdout","logger":"task"}
{"timestamp":"2025-12-05T00:13:27.759661Z","level":"info","event":"ENGINE DIR: ['__class__', '__delattr__', '__dict__', '__dir__', '__doc__', '__eq__', '__format__', '__ge__', '__getattribute__', '__getstate__', '__gt__', '__hash__', '__init__', '__init_subclass__', '__le__', '__lt__', '__module__', '__ne__', '__new__', '__reduce__', '__reduce_ex__', '__repr__', '__setattr__', '__sizeof__', '__str__', '__subclasshook__', '__weakref__', '_compiled_cache', '_connection_cls', '_echo', '_execute_clauseelement', '_execute_compiled', '_execute_default', '_execution_options', '_has_events', '_is_future', '_lru_size_alert', '_option_cls', '_optional_conn_ctx_manager', '_run_ddl_visitor', '_run_visitor', '_schema_translate_map', '_should_log_debug', '_should_log_info', '_sqla_logger_namespace', '_trans_ctx', '_wrap_pool_connect', 'begin', 'clear_compiled_cache', 'connect', 'dialect', 'dispatch', 'dispose', 'driver', 'echo', 'engine', 'execute', 'execution_options', 'get_execution_options', 'has_table', 'hide_parameters', 'logger', 'logging_name', 'name', 'pool', 'raw_connection', 'run_callable', 'scalar', 'table_names', 'transaction', 'update_execution_options', 'url']","chan":"stdout","logger":"task"}
{"timestamp":"2025-12-05T00:13:27.759853Z","level":"info","event":"IS SQLALCHEMY ENGINE: True","chan":"stdout","logger":"task"}
{"timestamp":"2025-12-05T00:13:27.759937Z","level":"info","event":"Database connection successful","chan":"stdout","logger":"task"}
{"timestamp":"2025-12-05T00:13:27.759993Z","level":"info","event":"Loading chart_weeks (1 rows)...","chan":"stdout","logger":"task"}
{"timestamp":"2025-12-05T00:13:27.778351Z","level":"info","event":"  Exported CSV to data_exports/chart_weeks.csv","chan":"stdout","logger":"task"}
{"timestamp":"2025-12-05T00:13:27.779109Z","level":"info","event":"Loading songs (95 rows)...","chan":"stdout","logger":"task"}
{"timestamp":"2025-12-05T00:13:27.792076Z","level":"info","event":"  Exported CSV to data_exports/songs.csv","chan":"stdout","logger":"task"}
{"timestamp":"2025-12-05T00:13:27.792638Z","level":"info","event":"Loading artists (94 rows)...","chan":"stdout","logger":"task"}
{"timestamp":"2025-12-05T00:13:27.797204Z","level":"info","event":"  Exported CSV to data_exports/artists.csv","chan":"stdout","logger":"task"}
{"timestamp":"2025-12-05T00:13:27.797522Z","level":"info","event":"Loading song_artists (131 rows)...","chan":"stdout","logger":"task"}
{"timestamp":"2025-12-05T00:13:27.802353Z","level":"info","event":"  Exported CSV to data_exports/song_artists.csv","chan":"stdout","logger":"task"}
{"timestamp":"2025-12-05T00:13:27.803138Z","level":"info","event":"Loading chart_entries (100 rows)...","chan":"stdout","logger":"task"}
{"timestamp":"2025-12-05T00:13:27.817383Z","level":"info","event":"  Exported CSV to data_exports/chart_entries.csv","chan":"stdout","logger":"task"}
{"timestamp":"2025-12-05T00:13:27.817897","level":"info","event":"Done. Returned value was: None","logger":"airflow.task.operators.airflow.providers.standard.operators.python.PythonOperator"}
{"timestamp":"2025-12-05T00:13:27.876433Z","level":"info","event":"Task instance in success state","chan":"stdout","logger":"task"}
{"timestamp":"2025-12-05T00:13:27.876792Z","level":"info","event":" Previous state of the Task instance: TaskInstanceState.RUNNING","chan":"stdout","logger":"task"}
{"timestamp":"2025-12-05T00:13:27.879247Z","level":"info","event":"Task operator:<Task(PythonOperator): load_music_data>","chan":"stdout","logger":"task"}
