{"timestamp":"2025-12-05T04:41:24.050727","level":"info","event":"DAG bundles loaded: dags-folder, example_dags","logger":"airflow.dag_processing.bundles.manager.DagBundlesManager"}
{"timestamp":"2025-12-05T04:41:24.051700","level":"info","event":"Filling up the DagBag from /opt/airflow/dags/music_load_dag.py","logger":"airflow.models.dagbag.DagBag"}
{"timestamp":"2025-12-05T04:41:24.617647Z","level":"info","event":"postgresql+psycopg2://airflow:airflow@postgres/airflow","chan":"stdout","logger":"task"}
{"timestamp":"2025-12-05T04:41:24.687998Z","level":"info","event":"Task instance is in running state","chan":"stdout","logger":"task"}
{"timestamp":"2025-12-05T04:41:24.688346Z","level":"info","event":" Previous state of the Task instance: TaskInstanceState.QUEUED","chan":"stdout","logger":"task"}
{"timestamp":"2025-12-05T04:41:24.688592Z","level":"info","event":"Current task name:load_music_data","chan":"stdout","logger":"task"}
{"timestamp":"2025-12-05T04:41:24.688752Z","level":"info","event":"Dag name:weekly_music_pipeline","chan":"stdout","logger":"task"}
{"timestamp":"2025-12-05T04:41:42.103199Z","level":"info","event":"  Searching Spotify for 100 songs...","chan":"stdout","logger":"task"}
{"timestamp":"2025-12-05T04:41:42.105155Z","level":"info","event":"  Processing song 1/100: E.T. by Katy Perry Featuring Kanye West","chan":"stdout","logger":"task"}
{"timestamp":"2025-12-05T04:41:42.946899Z","level":"info","event":"1","chan":"stdout","logger":"task"}
{"timestamp":"2025-12-05T04:41:43.553219Z","level":"info","event":"2","chan":"stdout","logger":"task"}
{"timestamp":"2025-12-05T04:41:44.163509Z","level":"info","event":"3","chan":"stdout","logger":"task"}
{"timestamp":"2025-12-05T04:41:44.841561Z","level":"info","event":"4","chan":"stdout","logger":"task"}
{"timestamp":"2025-12-05T04:41:45.635887Z","level":"info","event":"5","chan":"stdout","logger":"task"}
{"timestamp":"2025-12-05T04:41:45.901241Z","level":"info","event":"6","chan":"stdout","logger":"task"}
{"timestamp":"2025-12-05T04:41:46.519674Z","level":"info","event":"7","chan":"stdout","logger":"task"}
{"timestamp":"2025-12-05T04:41:47.265540Z","level":"info","event":"8","chan":"stdout","logger":"task"}
{"timestamp":"2025-12-05T04:41:47.884584Z","level":"info","event":"9","chan":"stdout","logger":"task"}
{"timestamp":"2025-12-05T04:41:47.885214Z","level":"info","event":"  Processing song 10/100: Look At Me Now by Chris Brown Featuring Lil Wayne & Busta Rhymes","chan":"stdout","logger":"task"}
{"timestamp":"2025-12-05T04:41:48.531818Z","level":"info","event":"10","chan":"stdout","logger":"task"}
{"timestamp":"2025-12-05T04:41:48.810866Z","level":"info","event":"11","chan":"stdout","logger":"task"}
{"timestamp":"2025-12-05T04:41:49.415234Z","level":"info","event":"12","chan":"stdout","logger":"task"}
{"timestamp":"2025-12-05T04:41:50.019361Z","level":"info","event":"13","chan":"stdout","logger":"task"}
{"timestamp":"2025-12-05T04:41:50.712376Z","level":"info","event":"14","chan":"stdout","logger":"task"}
{"timestamp":"2025-12-05T04:41:51.383060Z","level":"info","event":"15","chan":"stdout","logger":"task"}
{"timestamp":"2025-12-05T04:41:52.083019Z","level":"info","event":"16","chan":"stdout","logger":"task"}
{"timestamp":"2025-12-05T04:41:52.908444Z","level":"info","event":"17","chan":"stdout","logger":"task"}
{"timestamp":"2025-12-05T04:41:53.503019Z","level":"info","event":"18","chan":"stdout","logger":"task"}
{"timestamp":"2025-12-05T04:41:54.559218Z","level":"info","event":"19","chan":"stdout","logger":"task"}
{"timestamp":"2025-12-05T04:41:54.560216Z","level":"info","event":"  Processing song 20/100: Judas by Lady Gaga","chan":"stdout","logger":"task"}
{"timestamp":"2025-12-05T04:41:55.373595Z","level":"info","event":"20","chan":"stdout","logger":"task"}
{"timestamp":"2025-12-05T04:41:56.089232Z","level":"info","event":"21","chan":"stdout","logger":"task"}
{"timestamp":"2025-12-05T04:41:56.804836Z","level":"info","event":"22","chan":"stdout","logger":"task"}
{"timestamp":"2025-12-05T04:41:57.412556Z","level":"info","event":"23","chan":"stdout","logger":"task"}
{"timestamp":"2025-12-05T04:41:58.002815Z","level":"info","event":"24","chan":"stdout","logger":"task"}
{"timestamp":"2025-12-05T04:41:58.675526Z","level":"info","event":"25","chan":"stdout","logger":"task"}
{"timestamp":"2025-12-05T04:41:59.263403Z","level":"info","event":"26","chan":"stdout","logger":"task"}
{"timestamp":"2025-12-05T04:41:59.945797Z","level":"info","event":"27","chan":"stdout","logger":"task"}
{"timestamp":"2025-12-05T04:42:00.608345Z","level":"info","event":"28","chan":"stdout","logger":"task"}
{"timestamp":"2025-12-05T04:42:01.300589Z","level":"info","event":"29","chan":"stdout","logger":"task"}
{"timestamp":"2025-12-05T04:42:01.301393Z","level":"info","event":"  Processing song 30/100: Bow Chicka Wow Wow by Mike Posner Featuring Lil Wayne","chan":"stdout","logger":"task"}
{"timestamp":"2025-12-05T04:42:01.895087Z","level":"info","event":"30","chan":"stdout","logger":"task"}
{"timestamp":"2025-12-05T04:42:02.616252Z","level":"info","event":"31","chan":"stdout","logger":"task"}
{"timestamp":"2025-12-05T04:42:03.218292Z","level":"info","event":"32","chan":"stdout","logger":"task"}
{"timestamp":"2025-12-05T04:42:03.951599Z","level":"info","event":"33","chan":"stdout","logger":"task"}
{"timestamp":"2025-12-05T04:42:04.617728Z","level":"info","event":"34","chan":"stdout","logger":"task"}
{"timestamp":"2025-12-05T04:42:05.204157Z","level":"info","event":"35","chan":"stdout","logger":"task"}
{"timestamp":"2025-12-05T04:42:05.817651Z","level":"info","event":"36","chan":"stdout","logger":"task"}
{"timestamp":"2025-12-05T04:42:06.427526Z","level":"info","event":"37","chan":"stdout","logger":"task"}
{"timestamp":"2025-12-05T04:42:07.083806Z","level":"info","event":"38","chan":"stdout","logger":"task"}
{"timestamp":"2025-12-05T04:42:07.778800Z","level":"info","event":"39","chan":"stdout","logger":"task"}
{"timestamp":"2025-12-05T04:42:07.779347Z","level":"info","event":"  Processing song 40/100: Jar Of Hearts by Christina Perri","chan":"stdout","logger":"task"}
{"timestamp":"2025-12-05T04:42:08.380244Z","level":"info","event":"40","chan":"stdout","logger":"task"}
{"timestamp":"2025-12-05T04:42:09.054693Z","level":"info","event":"41","chan":"stdout","logger":"task"}
{"timestamp":"2025-12-05T04:42:09.673447Z","level":"info","event":"42","chan":"stdout","logger":"task"}
{"timestamp":"2025-12-05T04:42:10.281129Z","level":"info","event":"43","chan":"stdout","logger":"task"}
{"timestamp":"2025-12-05T04:42:10.909743Z","level":"info","event":"44","chan":"stdout","logger":"task"}
{"timestamp":"2025-12-05T04:42:11.546444Z","level":"info","event":"45","chan":"stdout","logger":"task"}
{"timestamp":"2025-12-05T04:42:12.222950Z","level":"info","event":"46","chan":"stdout","logger":"task"}
{"timestamp":"2025-12-05T04:42:12.764162Z","level":"info","event":"47","chan":"stdout","logger":"task"}
{"timestamp":"2025-12-05T04:42:13.473846Z","level":"info","event":"48","chan":"stdout","logger":"task"}
{"timestamp":"2025-12-05T04:42:14.100655Z","level":"info","event":"49","chan":"stdout","logger":"task"}
{"timestamp":"2025-12-05T04:42:14.101207Z","level":"info","event":"  Processing song 50/100: Dirt Road Anthem by Jason Aldean","chan":"stdout","logger":"task"}
{"timestamp":"2025-12-05T04:42:14.930966Z","level":"info","event":"50","chan":"stdout","logger":"task"}
{"timestamp":"2025-12-05T04:42:15.569187Z","level":"info","event":"51","chan":"stdout","logger":"task"}
{"timestamp":"2025-12-05T04:42:16.157467Z","level":"info","event":"52","chan":"stdout","logger":"task"}
{"timestamp":"2025-12-05T04:42:16.841706Z","level":"info","event":"53","chan":"stdout","logger":"task"}
{"timestamp":"2025-12-05T04:42:17.539767Z","level":"info","event":"54","chan":"stdout","logger":"task"}
{"timestamp":"2025-12-05T04:42:18.266211Z","level":"info","event":"55","chan":"stdout","logger":"task"}
{"timestamp":"2025-12-05T04:42:18.962209Z","level":"info","event":"56","chan":"stdout","logger":"task"}
{"timestamp":"2025-12-05T04:42:19.872215Z","level":"info","event":"57","chan":"stdout","logger":"task"}
{"timestamp":"2025-12-05T04:42:20.545450Z","level":"info","event":"58","chan":"stdout","logger":"task"}
{"timestamp":"2025-12-05T04:42:21.141798Z","level":"info","event":"59","chan":"stdout","logger":"task"}
{"timestamp":"2025-12-05T04:42:21.142239Z","level":"info","event":"  Processing song 60/100: Without You by Keith Urban","chan":"stdout","logger":"task"}
{"timestamp":"2025-12-05T04:42:21.764803Z","level":"info","event":"60","chan":"stdout","logger":"task"}
{"timestamp":"2025-12-05T04:42:22.495875Z","level":"info","event":"61","chan":"stdout","logger":"task"}
{"timestamp":"2025-12-05T04:42:23.128558Z","level":"info","event":"62","chan":"stdout","logger":"task"}
{"timestamp":"2025-12-05T04:42:23.846790Z","level":"info","event":"63","chan":"stdout","logger":"task"}
{"timestamp":"2025-12-05T04:42:24.502917Z","level":"info","event":"64","chan":"stdout","logger":"task"}
{"timestamp":"2025-12-05T04:42:25.101002Z","level":"info","event":"65","chan":"stdout","logger":"task"}
{"timestamp":"2025-12-05T04:42:25.354739Z","level":"info","event":"66","chan":"stdout","logger":"task"}
{"timestamp":"2025-12-05T04:42:26.121271Z","level":"info","event":"67","chan":"stdout","logger":"task"}
{"timestamp":"2025-12-05T04:42:26.921220Z","level":"info","event":"68","chan":"stdout","logger":"task"}
{"timestamp":"2025-12-05T04:42:27.619340Z","level":"info","event":"69","chan":"stdout","logger":"task"}
{"timestamp":"2025-12-05T04:42:27.619952Z","level":"info","event":"  Processing song 70/100: Bleed Red by Ronnie Dunn","chan":"stdout","logger":"task"}
{"timestamp":"2025-12-05T04:42:28.436205Z","level":"info","event":"70","chan":"stdout","logger":"task"}
{"timestamp":"2025-12-05T04:42:29.132876Z","level":"info","event":"71","chan":"stdout","logger":"task"}
{"timestamp":"2025-12-05T04:42:29.740828Z","level":"info","event":"72","chan":"stdout","logger":"task"}
{"timestamp":"2025-12-05T04:42:30.289855Z","level":"info","event":"73","chan":"stdout","logger":"task"}
{"timestamp":"2025-12-05T04:42:30.901937Z","level":"info","event":"74","chan":"stdout","logger":"task"}
{"timestamp":"2025-12-05T04:42:31.441852Z","level":"info","event":"75","chan":"stdout","logger":"task"}
{"timestamp":"2025-12-05T04:42:31.999769Z","level":"info","event":"76","chan":"stdout","logger":"task"}
{"timestamp":"2025-12-05T04:42:32.619470Z","level":"info","event":"77","chan":"stdout","logger":"task"}
{"timestamp":"2025-12-05T04:42:33.264634Z","level":"info","event":"78","chan":"stdout","logger":"task"}
{"timestamp":"2025-12-05T04:42:33.877574Z","level":"info","event":"79","chan":"stdout","logger":"task"}
{"timestamp":"2025-12-05T04:42:33.878628Z","level":"info","event":"  Processing song 80/100: As If We Never Said Goodbye by Glee Cast","chan":"stdout","logger":"task"}
{"timestamp":"2025-12-05T04:42:34.560613Z","level":"info","event":"80","chan":"stdout","logger":"task"}
{"timestamp":"2025-12-05T04:42:35.161932Z","level":"info","event":"81","chan":"stdout","logger":"task"}
{"timestamp":"2025-12-05T04:42:35.812687Z","level":"info","event":"82","chan":"stdout","logger":"task"}
{"timestamp":"2025-12-05T04:42:36.514884Z","level":"info","event":"83","chan":"stdout","logger":"task"}
{"timestamp":"2025-12-05T04:42:37.147847Z","level":"info","event":"84","chan":"stdout","logger":"task"}
{"timestamp":"2025-12-05T04:42:37.766972Z","level":"info","event":"85","chan":"stdout","logger":"task"}
{"timestamp":"2025-12-05T04:42:38.424659Z","level":"info","event":"86","chan":"stdout","logger":"task"}
{"timestamp":"2025-12-05T04:42:39.109423Z","level":"info","event":"87","chan":"stdout","logger":"task"}
{"timestamp":"2025-12-05T04:42:39.914258Z","level":"info","event":"88","chan":"stdout","logger":"task"}
{"timestamp":"2025-12-05T04:42:40.730956Z","level":"info","event":"89","chan":"stdout","logger":"task"}
{"timestamp":"2025-12-05T04:42:40.731211Z","level":"info","event":"  Processing song 90/100: Hustle Hard by Ace Hood","chan":"stdout","logger":"task"}
{"timestamp":"2025-12-05T04:42:41.381907Z","level":"info","event":"90","chan":"stdout","logger":"task"}
{"timestamp":"2025-12-05T04:42:42.072182Z","level":"info","event":"91","chan":"stdout","logger":"task"}
{"timestamp":"2025-12-05T04:42:42.756467Z","level":"info","event":"92","chan":"stdout","logger":"task"}
{"timestamp":"2025-12-05T04:42:43.449765Z","level":"info","event":"93","chan":"stdout","logger":"task"}
{"timestamp":"2025-12-05T04:42:44.102783Z","level":"info","event":"94","chan":"stdout","logger":"task"}
{"timestamp":"2025-12-05T04:42:44.735042Z","level":"info","event":"95","chan":"stdout","logger":"task"}
{"timestamp":"2025-12-05T04:42:45.407318Z","level":"info","event":"96","chan":"stdout","logger":"task"}
{"timestamp":"2025-12-05T04:42:46.036451Z","level":"info","event":"97","chan":"stdout","logger":"task"}
{"timestamp":"2025-12-05T04:42:46.661718Z","level":"info","event":"98","chan":"stdout","logger":"task"}
{"timestamp":"2025-12-05T04:42:47.388479Z","level":"info","event":"99","chan":"stdout","logger":"task"}
{"timestamp":"2025-12-05T04:42:47.388742Z","level":"info","event":"  Processing song 100/100: Never Gonna Leave This Bed by Maroon 5","chan":"stdout","logger":"task"}
{"timestamp":"2025-12-05T04:42:48.067819Z","level":"info","event":"100","chan":"stdout","logger":"task"}
{"timestamp":"2025-12-05T04:42:48.131336Z","level":"info","event":"{'name': 'Katy Perry', 'id': '6jJ0s89eD6GaHleKKya26X', 'url': 'https://open.spotify.com/artist/6jJ0s89eD6GaHleKKya26X'}","chan":"stdout","logger":"task"}
{"timestamp":"2025-12-05T04:42:48.131538Z","level":"info","event":"https://musicbrainz.org/ws/2/url?resource=https://open.spotify.com/artist/6jJ0s89eD6GaHleKKya26X&inc=artist-rels&fmt=json","chan":"stdout","logger":"task"}
{"timestamp":"2025-12-05T04:42:48.432461Z","level":"info","event":"https://musicbrainz.org/ws/2/artist/122d63fc-8671-43e4-9752-34e846d62a9c?inc=tags&fmt=json","chan":"stdout","logger":"task"}
{"timestamp":"2025-12-05T04:42:49.542970Z","level":"info","event":"{'name': 'Adele', 'id': '4dpARuHxo51G3z768sgnrY', 'url': 'https://open.spotify.com/artist/4dpARuHxo51G3z768sgnrY'}","chan":"stdout","logger":"task"}
{"timestamp":"2025-12-05T04:42:49.543801Z","level":"info","event":"https://musicbrainz.org/ws/2/url?resource=https://open.spotify.com/artist/4dpARuHxo51G3z768sgnrY&inc=artist-rels&fmt=json","chan":"stdout","logger":"task"}
{"timestamp":"2025-12-05T04:42:49.657645Z","level":"info","event":"https://musicbrainz.org/ws/2/artist/cc2c9c3c-b7bc-4b8b-84d8-4fbd8779e493?inc=tags&fmt=json","chan":"stdout","logger":"task"}
{"timestamp":"2025-12-05T04:42:50.776323Z","level":"info","event":"{'name': 'Britney Spears', 'id': '26dSoYclwsYLMAKD3tpOr4', 'url': 'https://open.spotify.com/artist/26dSoYclwsYLMAKD3tpOr4'}","chan":"stdout","logger":"task"}
{"timestamp":"2025-12-05T04:42:50.776696Z","level":"info","event":"https://musicbrainz.org/ws/2/url?resource=https://open.spotify.com/artist/26dSoYclwsYLMAKD3tpOr4&inc=artist-rels&fmt=json","chan":"stdout","logger":"task"}
{"timestamp":"2025-12-05T04:42:50.887685Z","level":"info","event":"https://musicbrainz.org/ws/2/artist/45a663b5-b1cb-4a91-bff6-2bef7bbfdd76?inc=tags&fmt=json","chan":"stdout","logger":"task"}
{"timestamp":"2025-12-05T04:42:52.001990Z","level":"info","event":"{'name': 'Black Eyed Peas', 'id': '1yxSLGMDHlW21z4YXirZDS', 'url': 'https://open.spotify.com/artist/1yxSLGMDHlW21z4YXirZDS'}","chan":"stdout","logger":"task"}
{"timestamp":"2025-12-05T04:42:52.006179Z","level":"info","event":"https://musicbrainz.org/ws/2/url?resource=https://open.spotify.com/artist/1yxSLGMDHlW21z4YXirZDS&inc=artist-rels&fmt=json","chan":"stdout","logger":"task"}
{"timestamp":"2025-12-05T04:42:52.116859Z","level":"info","event":"https://musicbrainz.org/ws/2/artist/d5be5333-4171-427e-8e12-732087c6b78e?inc=tags&fmt=json","chan":"stdout","logger":"task"}
{"timestamp":"2025-12-05T04:42:53.235554Z","level":"info","event":"{'name': 'Bruno Mars', 'id': '0du5cEVh5yTK9QJze8zA0C', 'url': 'https://open.spotify.com/artist/0du5cEVh5yTK9QJze8zA0C'}","chan":"stdout","logger":"task"}
{"timestamp":"2025-12-05T04:42:53.235943Z","level":"info","event":"https://musicbrainz.org/ws/2/url?resource=https://open.spotify.com/artist/0du5cEVh5yTK9QJze8zA0C&inc=artist-rels&fmt=json","chan":"stdout","logger":"task"}
{"timestamp":"2025-12-05T04:42:53.366455Z","level":"info","event":"https://musicbrainz.org/ws/2/artist/afb680f2-b6eb-4cd7-a70b-a63b25c763d5?inc=tags&fmt=json","chan":"stdout","logger":"task"}
{"timestamp":"2025-12-05T04:42:54.496291Z","level":"info","event":"{'name': 'Jennifer Lopez', 'id': '2DlGxzQSjYe5N6G9nkYghR', 'url': 'https://open.spotify.com/artist/2DlGxzQSjYe5N6G9nkYghR'}","chan":"stdout","logger":"task"}
{"timestamp":"2025-12-05T04:42:54.497400Z","level":"info","event":"https://musicbrainz.org/ws/2/url?resource=https://open.spotify.com/artist/2DlGxzQSjYe5N6G9nkYghR&inc=artist-rels&fmt=json","chan":"stdout","logger":"task"}
{"timestamp":"2025-12-05T04:42:54.624261Z","level":"info","event":"https://musicbrainz.org/ws/2/artist/f0602f55-1770-483d-89bd-4bae0d0ac086?inc=tags&fmt=json","chan":"stdout","logger":"task"}
{"timestamp":"2025-12-05T04:42:55.742999Z","level":"info","event":"{'name': 'Pitbull', 'id': '0TnOYISbd1XYRBk9myaseg', 'url': 'https://open.spotify.com/artist/0TnOYISbd1XYRBk9myaseg'}","chan":"stdout","logger":"task"}
{"timestamp":"2025-12-05T04:42:55.743217Z","level":"info","event":"https://musicbrainz.org/ws/2/url?resource=https://open.spotify.com/artist/0TnOYISbd1XYRBk9myaseg&inc=artist-rels&fmt=json","chan":"stdout","logger":"task"}
{"timestamp":"2025-12-05T04:42:55.855422Z","level":"info","event":"https://musicbrainz.org/ws/2/artist/d262ea27-3ffe-40f7-b922-85c42d625e67?inc=tags&fmt=json","chan":"stdout","logger":"task"}
{"timestamp":"2025-12-05T04:42:56.979334Z","level":"info","event":"{'name': 'Kesha', 'id': '6LqNN22kT3074XbTVUrhzX', 'url': 'https://open.spotify.com/artist/6LqNN22kT3074XbTVUrhzX'}","chan":"stdout","logger":"task"}
{"timestamp":"2025-12-05T04:42:56.982124Z","level":"info","event":"https://musicbrainz.org/ws/2/url?resource=https://open.spotify.com/artist/6LqNN22kT3074XbTVUrhzX&inc=artist-rels&fmt=json","chan":"stdout","logger":"task"}
{"timestamp":"2025-12-05T04:42:57.109937Z","level":"info","event":"https://musicbrainz.org/ws/2/artist/fab34286-b8e1-4879-bce3-194e1358fbd2?inc=tags&fmt=json","chan":"stdout","logger":"task"}
{"timestamp":"2025-12-05T04:42:57.228383Z","level":"info","event":"Rate limit hit. Retrying in 1s...","chan":"stdout","logger":"task"}
{"timestamp":"2025-12-05T04:42:58.348454Z","level":"info","event":"Rate limit hit. Retrying in 2s...","chan":"stdout","logger":"task"}
{"timestamp":"2025-12-05T04:43:01.487293Z","level":"info","event":"{'name': 'Jeremih', 'id': '3KV3p5EY4AvKxOlhGHORLg', 'url': 'https://open.spotify.com/artist/3KV3p5EY4AvKxOlhGHORLg'}","chan":"stdout","logger":"task"}
{"timestamp":"2025-12-05T04:43:01.490074Z","level":"info","event":"https://musicbrainz.org/ws/2/url?resource=https://open.spotify.com/artist/3KV3p5EY4AvKxOlhGHORLg&inc=artist-rels&fmt=json","chan":"stdout","logger":"task"}
{"timestamp":"2025-12-05T04:43:01.606159Z","level":"info","event":"https://musicbrainz.org/ws/2/artist/1c009a08-74d1-4682-bc56-8bfbe9e66b62?inc=tags&fmt=json","chan":"stdout","logger":"task"}
{"timestamp":"2025-12-05T04:43:02.725990Z","level":"info","event":"{'name': '50 Cent', 'id': '3q7HBObVc0L8jNeTe5Gofh', 'url': 'https://open.spotify.com/artist/3q7HBObVc0L8jNeTe5Gofh'}","chan":"stdout","logger":"task"}
{"timestamp":"2025-12-05T04:43:02.727010Z","level":"info","event":"https://musicbrainz.org/ws/2/url?resource=https://open.spotify.com/artist/3q7HBObVc0L8jNeTe5Gofh&inc=artist-rels&fmt=json","chan":"stdout","logger":"task"}
{"timestamp":"2025-12-05T04:43:02.843424Z","level":"info","event":"https://musicbrainz.org/ws/2/artist/8e68819d-71be-4e7d-b41d-f1df81b01d3f?inc=tags&fmt=json","chan":"stdout","logger":"task"}
{"timestamp":"2025-12-05T04:43:03.954936Z","level":"info","event":"{'name': 'Chris Brown', 'id': '7bXgB6jMjp9ATFy66eO08Z', 'url': 'https://open.spotify.com/artist/7bXgB6jMjp9ATFy66eO08Z'}","chan":"stdout","logger":"task"}
{"timestamp":"2025-12-05T04:43:03.956573Z","level":"info","event":"https://musicbrainz.org/ws/2/url?resource=https://open.spotify.com/artist/7bXgB6jMjp9ATFy66eO08Z&inc=artist-rels&fmt=json","chan":"stdout","logger":"task"}
{"timestamp":"2025-12-05T04:43:04.064764Z","level":"info","event":"https://musicbrainz.org/ws/2/artist/c234fa42-e6a6-443e-937e-2f4b073538a3?inc=tags&fmt=json","chan":"stdout","logger":"task"}
{"timestamp":"2025-12-05T04:43:05.176384Z","level":"info","event":"{'name': 'Lil Wayne', 'id': '55Aa2cqylxrFIXC767Z865', 'url': 'https://open.spotify.com/artist/55Aa2cqylxrFIXC767Z865'}","chan":"stdout","logger":"task"}
{"timestamp":"2025-12-05T04:43:05.176973Z","level":"info","event":"https://musicbrainz.org/ws/2/url?resource=https://open.spotify.com/artist/55Aa2cqylxrFIXC767Z865&inc=artist-rels&fmt=json","chan":"stdout","logger":"task"}
{"timestamp":"2025-12-05T04:43:05.290384Z","level":"info","event":"https://musicbrainz.org/ws/2/artist/ac9a487a-d9d2-4f27-bb23-0f4686488345?inc=tags&fmt=json","chan":"stdout","logger":"task"}
{"timestamp":"2025-12-05T04:43:06.405193Z","level":"info","event":"{'name': 'Busta Rhymes', 'id': '1YfEcTuGvBQ8xSD1f53UnK', 'url': 'https://open.spotify.com/artist/1YfEcTuGvBQ8xSD1f53UnK'}","chan":"stdout","logger":"task"}
{"timestamp":"2025-12-05T04:43:06.405553Z","level":"info","event":"https://musicbrainz.org/ws/2/url?resource=https://open.spotify.com/artist/1YfEcTuGvBQ8xSD1f53UnK&inc=artist-rels&fmt=json","chan":"stdout","logger":"task"}
{"timestamp":"2025-12-05T04:43:06.517056Z","level":"info","event":"https://musicbrainz.org/ws/2/artist/10a9ff92-9637-4498-afea-7044b2ab0dc0?inc=tags&fmt=json","chan":"stdout","logger":"task"}
{"timestamp":"2025-12-05T04:43:07.638048Z","level":"info","event":"{'name': 'Tinie Tempah', 'id': '0Tob4H0FLtEONHU1MjpUEp', 'url': 'https://open.spotify.com/artist/0Tob4H0FLtEONHU1MjpUEp'}","chan":"stdout","logger":"task"}
{"timestamp":"2025-12-05T04:43:07.638915Z","level":"info","event":"https://musicbrainz.org/ws/2/url?resource=https://open.spotify.com/artist/0Tob4H0FLtEONHU1MjpUEp&inc=artist-rels&fmt=json","chan":"stdout","logger":"task"}
{"timestamp":"2025-12-05T04:43:07.762170Z","level":"info","event":"https://musicbrainz.org/ws/2/artist/3cce3d37-d44f-46a2-b1e3-cd7247d5015c?inc=tags&fmt=json","chan":"stdout","logger":"task"}
{"timestamp":"2025-12-05T04:43:08.881442Z","level":"info","event":"{'name': 'Eric Turner', 'id': '79DOwuMzV2h4es3em0t002', 'url': 'https://open.spotify.com/artist/79DOwuMzV2h4es3em0t002'}","chan":"stdout","logger":"task"}
{"timestamp":"2025-12-05T04:43:08.883125Z","level":"info","event":"https://musicbrainz.org/ws/2/url?resource=https://open.spotify.com/artist/79DOwuMzV2h4es3em0t002&inc=artist-rels&fmt=json","chan":"stdout","logger":"task"}
{"timestamp":"2025-12-05T04:43:09.006539Z","level":"info","event":"https://musicbrainz.org/ws/2/artist/df2f7876-e731-4bde-965c-bd4a67b3fadd?inc=tags&fmt=json","chan":"stdout","logger":"task"}
{"timestamp":"2025-12-05T04:43:10.115903Z","level":"info","event":"{'name': 'AFROJACK', 'id': '4D75GcNG95ebPtNvoNVXhz', 'url': 'https://open.spotify.com/artist/4D75GcNG95ebPtNvoNVXhz'}","chan":"stdout","logger":"task"}
{"timestamp":"2025-12-05T04:43:10.116369Z","level":"info","event":"https://musicbrainz.org/ws/2/url?resource=https://open.spotify.com/artist/4D75GcNG95ebPtNvoNVXhz&inc=artist-rels&fmt=json","chan":"stdout","logger":"task"}
{"timestamp":"2025-12-05T04:43:10.229778Z","level":"info","event":"Rate limit hit. Retrying in 1s...","chan":"stdout","logger":"task"}
{"timestamp":"2025-12-05T04:43:11.354541Z","level":"info","event":"https://musicbrainz.org/ws/2/artist/a3ee920f-4e7f-4993-8aca-4b8538cfaa4a?inc=tags&fmt=json","chan":"stdout","logger":"task"}
{"timestamp":"2025-12-05T04:43:12.476859Z","level":"info","event":"{'name': 'Ne-Yo', 'id': '21E3waRsmPlU7jZsS13rcj', 'url': 'https://open.spotify.com/artist/21E3waRsmPlU7jZsS13rcj'}","chan":"stdout","logger":"task"}
{"timestamp":"2025-12-05T04:43:12.478747Z","level":"info","event":"https://musicbrainz.org/ws/2/url?resource=https://open.spotify.com/artist/21E3waRsmPlU7jZsS13rcj&inc=artist-rels&fmt=json","chan":"stdout","logger":"task"}
{"timestamp":"2025-12-05T04:43:12.599408Z","level":"info","event":"https://musicbrainz.org/ws/2/artist/a4a01f5d-18e7-4571-8c3a-76ec0e24e2d7?inc=tags&fmt=json","chan":"stdout","logger":"task"}
{"timestamp":"2025-12-05T04:43:13.716677Z","level":"info","event":"{'name': 'Nayer', 'id': '1ruutHJcECI7cos2n5TqpO', 'url': 'https://open.spotify.com/artist/1ruutHJcECI7cos2n5TqpO'}","chan":"stdout","logger":"task"}
{"timestamp":"2025-12-05T04:43:13.718624Z","level":"info","event":"https://musicbrainz.org/ws/2/url?resource=https://open.spotify.com/artist/1ruutHJcECI7cos2n5TqpO&inc=artist-rels&fmt=json","chan":"stdout","logger":"task"}
{"timestamp":"2025-12-05T04:43:13.836149Z","level":"info","event":"https://musicbrainz.org/ws/2/artist/276d7d13-c0c4-4e67-a165-8e3764e4a2f3?inc=tags&fmt=json","chan":"stdout","logger":"task"}
{"timestamp":"2025-12-05T04:43:14.960998Z","level":"info","event":"{'name': 'Lupe Fiasco', 'id': '01QTIT5P1pFP3QnnFSdsJf', 'url': 'https://open.spotify.com/artist/01QTIT5P1pFP3QnnFSdsJf'}","chan":"stdout","logger":"task"}
{"timestamp":"2025-12-05T04:43:14.962673Z","level":"info","event":"https://musicbrainz.org/ws/2/url?resource=https://open.spotify.com/artist/01QTIT5P1pFP3QnnFSdsJf&inc=artist-rels&fmt=json","chan":"stdout","logger":"task"}
{"timestamp":"2025-12-05T04:43:15.091613Z","level":"info","event":"https://musicbrainz.org/ws/2/artist/cf15719f-51f9-4db8-a15d-5eed9664ce69?inc=tags&fmt=json","chan":"stdout","logger":"task"}
{"timestamp":"2025-12-05T04:43:16.211840Z","level":"info","event":"{'name': 'Wiz Khalifa', 'id': '137W8MRPWKqSmrBGDBFSop', 'url': 'https://open.spotify.com/artist/137W8MRPWKqSmrBGDBFSop'}","chan":"stdout","logger":"task"}
{"timestamp":"2025-12-05T04:43:16.213324Z","level":"info","event":"https://musicbrainz.org/ws/2/url?resource=https://open.spotify.com/artist/137W8MRPWKqSmrBGDBFSop&inc=artist-rels&fmt=json","chan":"stdout","logger":"task"}
{"timestamp":"2025-12-05T04:43:16.330620Z","level":"info","event":"https://musicbrainz.org/ws/2/artist/f5dfa020-ad69-41cd-b3d4-fd7af0414e94?inc=tags&fmt=json","chan":"stdout","logger":"task"}
{"timestamp":"2025-12-05T04:43:17.450291Z","level":"info","event":"{'name': 'Lady Gaga', 'id': '1HY2Jd0NmPuamShAr6KMms', 'url': 'https://open.spotify.com/artist/1HY2Jd0NmPuamShAr6KMms'}","chan":"stdout","logger":"task"}
{"timestamp":"2025-12-05T04:43:17.450555Z","level":"info","event":"https://musicbrainz.org/ws/2/url?resource=https://open.spotify.com/artist/1HY2Jd0NmPuamShAr6KMms&inc=artist-rels&fmt=json","chan":"stdout","logger":"task"}
{"timestamp":"2025-12-05T04:43:17.565803Z","level":"info","event":"https://musicbrainz.org/ws/2/artist/650e7db6-b795-4eb5-a702-5ea2fc46c848?inc=tags&fmt=json","chan":"stdout","logger":"task"}
{"timestamp":"2025-12-05T04:43:18.692966Z","level":"info","event":"{'name': 'Dr. Dre', 'id': '6DPYiyq5kWVQS4RGwxzPC7', 'url': 'https://open.spotify.com/artist/6DPYiyq5kWVQS4RGwxzPC7'}","chan":"stdout","logger":"task"}
{"timestamp":"2025-12-05T04:43:18.693533Z","level":"info","event":"https://musicbrainz.org/ws/2/url?resource=https://open.spotify.com/artist/6DPYiyq5kWVQS4RGwxzPC7&inc=artist-rels&fmt=json","chan":"stdout","logger":"task"}
{"timestamp":"2025-12-05T04:43:18.824159Z","level":"info","event":"https://musicbrainz.org/ws/2/artist/5f6ab597-f57a-40da-be9e-adad48708203?inc=tags&fmt=json","chan":"stdout","logger":"task"}
{"timestamp":"2025-12-05T04:43:19.941167Z","level":"info","event":"{'name': 'Eminem', 'id': '7dGJo4pcD2V6oG8kP0tJRR', 'url': 'https://open.spotify.com/artist/7dGJo4pcD2V6oG8kP0tJRR'}","chan":"stdout","logger":"task"}
{"timestamp":"2025-12-05T04:43:19.942206Z","level":"info","event":"https://musicbrainz.org/ws/2/url?resource=https://open.spotify.com/artist/7dGJo4pcD2V6oG8kP0tJRR&inc=artist-rels&fmt=json","chan":"stdout","logger":"task"}
{"timestamp":"2025-12-05T04:43:20.049110Z","level":"info","event":"https://musicbrainz.org/ws/2/artist/b95ce3ff-3d05-4e87-9e01-c97b66af13d4?inc=tags&fmt=json","chan":"stdout","logger":"task"}
{"timestamp":"2025-12-05T04:43:20.153040Z","level":"info","event":"Rate limit hit. Retrying in 1s...","chan":"stdout","logger":"task"}
{"timestamp":"2025-12-05T04:43:21.268306Z","level":"info","event":"Rate limit hit. Retrying in 2s...","chan":"stdout","logger":"task"}
{"timestamp":"2025-12-05T04:43:24.389673Z","level":"info","event":"{'name': 'Skylar Grey', 'id': '4utLUGcTvOJFr6aqIJtYWV', 'url': 'https://open.spotify.com/artist/4utLUGcTvOJFr6aqIJtYWV'}","chan":"stdout","logger":"task"}
{"timestamp":"2025-12-05T04:43:24.391319Z","level":"info","event":"https://musicbrainz.org/ws/2/url?resource=https://open.spotify.com/artist/4utLUGcTvOJFr6aqIJtYWV&inc=artist-rels&fmt=json","chan":"stdout","logger":"task"}
{"timestamp":"2025-12-05T04:43:24.508129Z","level":"info","event":"https://musicbrainz.org/ws/2/artist/bd01c9d7-89dd-4cb4-9baa-a43bfa292bed?inc=tags&fmt=json","chan":"stdout","logger":"task"}
{"timestamp":"2025-12-05T04:43:25.631060Z","level":"info","event":"{'name': 'Kanye West', 'id': '5K4W6rqBFWDnAN6FQUkS6x', 'url': 'https://open.spotify.com/artist/5K4W6rqBFWDnAN6FQUkS6x'}","chan":"stdout","logger":"task"}
{"timestamp":"2025-12-05T04:43:25.631312Z","level":"info","event":"https://musicbrainz.org/ws/2/url?resource=https://open.spotify.com/artist/5K4W6rqBFWDnAN6FQUkS6x&inc=artist-rels&fmt=json","chan":"stdout","logger":"task"}
{"timestamp":"2025-12-05T04:43:25.742864Z","level":"info","event":"https://musicbrainz.org/ws/2/artist/164f0d73-1234-4e2c-8743-d77bf2191051?inc=tags&fmt=json","chan":"stdout","logger":"task"}
{"timestamp":"2025-12-05T04:43:26.856087Z","level":"info","event":"{'name': 'P!nk', 'id': '1KCSPY1glIKqW2TotWuXOR', 'url': 'https://open.spotify.com/artist/1KCSPY1glIKqW2TotWuXOR'}","chan":"stdout","logger":"task"}
{"timestamp":"2025-12-05T04:43:26.860026Z","level":"info","event":"https://musicbrainz.org/ws/2/url?resource=https://open.spotify.com/artist/1KCSPY1glIKqW2TotWuXOR&inc=artist-rels&fmt=json","chan":"stdout","logger":"task"}
{"timestamp":"2025-12-05T04:43:26.974144Z","level":"info","event":"https://musicbrainz.org/ws/2/artist/f4d5cc07-3bc9-4836-9b15-88a08359bc63?inc=tags&fmt=json","chan":"stdout","logger":"task"}
{"timestamp":"2025-12-05T04:43:28.087976Z","level":"info","event":"{'name': 'Nicki Minaj', 'id': '0hCNtLu0JehylgoiP8L4Gh', 'url': 'https://open.spotify.com/artist/0hCNtLu0JehylgoiP8L4Gh'}","chan":"stdout","logger":"task"}
{"timestamp":"2025-12-05T04:43:28.089168Z","level":"info","event":"https://musicbrainz.org/ws/2/url?resource=https://open.spotify.com/artist/0hCNtLu0JehylgoiP8L4Gh&inc=artist-rels&fmt=json","chan":"stdout","logger":"task"}
{"timestamp":"2025-12-05T04:43:28.203930Z","level":"info","event":"https://musicbrainz.org/ws/2/artist/1036b808-f58c-4a3e-b461-a2c4492ecf1b?inc=tags&fmt=json","chan":"stdout","logger":"task"}
{"timestamp":"2025-12-05T04:43:29.335034Z","level":"info","event":"{'name': 'Drake', 'id': '3TVXtAsR1Inumwj472S9r4', 'url': 'https://open.spotify.com/artist/3TVXtAsR1Inumwj472S9r4'}","chan":"stdout","logger":"task"}
{"timestamp":"2025-12-05T04:43:29.338435Z","level":"info","event":"https://musicbrainz.org/ws/2/url?resource=https://open.spotify.com/artist/3TVXtAsR1Inumwj472S9r4&inc=artist-rels&fmt=json","chan":"stdout","logger":"task"}
{"timestamp":"2025-12-05T04:43:29.478520Z","level":"info","event":"https://musicbrainz.org/ws/2/artist/9fff2f8a-21e6-47de-a2b8-7f449929d43f?inc=tags&fmt=json","chan":"stdout","logger":"task"}
{"timestamp":"2025-12-05T04:43:30.602806Z","level":"info","event":"{'name': 'Glee Cast', 'id': '0SCbttzoZTnLFebDYmAWCm', 'url': 'https://open.spotify.com/artist/0SCbttzoZTnLFebDYmAWCm'}","chan":"stdout","logger":"task"}
{"timestamp":"2025-12-05T04:43:30.605169Z","level":"info","event":"https://musicbrainz.org/ws/2/url?resource=https://open.spotify.com/artist/0SCbttzoZTnLFebDYmAWCm&inc=artist-rels&fmt=json","chan":"stdout","logger":"task"}
{"timestamp":"2025-12-05T04:43:30.729389Z","level":"info","event":"https://musicbrainz.org/ws/2/artist/29542149-a818-4167-aa91-439adc9d61f5?inc=tags&fmt=json","chan":"stdout","logger":"task"}
{"timestamp":"2025-12-05T04:43:31.851386Z","level":"info","event":"{'name': 'The Script', 'id': '3AQRLZ9PuTAozP28Skbq8V', 'url': 'https://open.spotify.com/artist/3AQRLZ9PuTAozP28Skbq8V'}","chan":"stdout","logger":"task"}
{"timestamp":"2025-12-05T04:43:31.853781Z","level":"info","event":"https://musicbrainz.org/ws/2/url?resource=https://open.spotify.com/artist/3AQRLZ9PuTAozP28Skbq8V&inc=artist-rels&fmt=json","chan":"stdout","logger":"task"}
{"timestamp":"2025-12-05T04:43:31.979620Z","level":"info","event":"https://musicbrainz.org/ws/2/artist/4c98aa1b-34eb-4336-987f-5e50aa059c00?inc=tags&fmt=json","chan":"stdout","logger":"task"}
{"timestamp":"2025-12-05T04:43:33.106491Z","level":"info","event":"{'name': 'Jessie J', 'id': '2gsggkzM5R49q6jpPvazou', 'url': 'https://open.spotify.com/artist/2gsggkzM5R49q6jpPvazou'}","chan":"stdout","logger":"task"}
{"timestamp":"2025-12-05T04:43:33.110536Z","level":"info","event":"https://musicbrainz.org/ws/2/url?resource=https://open.spotify.com/artist/2gsggkzM5R49q6jpPvazou&inc=artist-rels&fmt=json","chan":"stdout","logger":"task"}
{"timestamp":"2025-12-05T04:43:33.220005Z","level":"info","event":"Rate limit hit. Retrying in 1s...","chan":"stdout","logger":"task"}
{"timestamp":"2025-12-05T04:43:34.340926Z","level":"info","event":"https://musicbrainz.org/ws/2/artist/d24fb461-dee8-41fc-bb15-2f13bb2644a6?inc=tags&fmt=json","chan":"stdout","logger":"task"}
{"timestamp":"2025-12-05T04:43:35.451284Z","level":"info","event":"{'name': 'B.o.B', 'id': '5ndkK3dpZLKtBklKjxNQwT', 'url': 'https://open.spotify.com/artist/5ndkK3dpZLKtBklKjxNQwT'}","chan":"stdout","logger":"task"}
{"timestamp":"2025-12-05T04:43:35.452544Z","level":"info","event":"https://musicbrainz.org/ws/2/url?resource=https://open.spotify.com/artist/5ndkK3dpZLKtBklKjxNQwT&inc=artist-rels&fmt=json","chan":"stdout","logger":"task"}
{"timestamp":"2025-12-05T04:43:35.560220Z","level":"info","event":"https://musicbrainz.org/ws/2/artist/94c338ff-1985-4429-9dc8-997b61bb5932?inc=tags&fmt=json","chan":"stdout","logger":"task"}
{"timestamp":"2025-12-05T04:43:36.676035Z","level":"info","event":"{'name': 'New Boyz', 'id': '1ZKqrja0WvbSssYNFO3lzs', 'url': 'https://open.spotify.com/artist/1ZKqrja0WvbSssYNFO3lzs'}","chan":"stdout","logger":"task"}
{"timestamp":"2025-12-05T04:43:36.676679Z","level":"info","event":"https://musicbrainz.org/ws/2/url?resource=https://open.spotify.com/artist/1ZKqrja0WvbSssYNFO3lzs&inc=artist-rels&fmt=json","chan":"stdout","logger":"task"}
{"timestamp":"2025-12-05T04:43:36.791132Z","level":"info","event":"https://musicbrainz.org/ws/2/artist/8e1d63a3-2980-4d69-ba61-1024e8a6df4b?inc=tags&fmt=json","chan":"stdout","logger":"task"}
{"timestamp":"2025-12-05T04:43:37.895183Z","level":"info","event":"{'name': 'The Cataracs', 'id': '7C64wNX3howEFZjAYRKsfP', 'url': 'https://open.spotify.com/artist/7C64wNX3howEFZjAYRKsfP'}","chan":"stdout","logger":"task"}
{"timestamp":"2025-12-05T04:43:37.895764Z","level":"info","event":"https://musicbrainz.org/ws/2/url?resource=https://open.spotify.com/artist/7C64wNX3howEFZjAYRKsfP&inc=artist-rels&fmt=json","chan":"stdout","logger":"task"}
{"timestamp":"2025-12-05T04:43:38.018004Z","level":"info","event":"https://musicbrainz.org/ws/2/artist/50d9d3ee-8947-4079-9d73-b01dd3e71d8a?inc=tags&fmt=json","chan":"stdout","logger":"task"}
{"timestamp":"2025-12-05T04:43:39.139633Z","level":"info","event":"{'name': 'DEV', 'id': '7Ip2u3e5Nv6fFb5xyIHxEE', 'url': 'https://open.spotify.com/artist/7Ip2u3e5Nv6fFb5xyIHxEE'}","chan":"stdout","logger":"task"}
{"timestamp":"2025-12-05T04:43:39.145249Z","level":"info","event":"https://musicbrainz.org/ws/2/url?resource=https://open.spotify.com/artist/7Ip2u3e5Nv6fFb5xyIHxEE&inc=artist-rels&fmt=json","chan":"stdout","logger":"task"}
{"timestamp":"2025-12-05T04:43:39.263589Z","level":"info","event":"https://musicbrainz.org/ws/2/artist/7cc04f00-4c8f-40ea-894c-5f65777b3575?inc=tags&fmt=json","chan":"stdout","logger":"task"}
{"timestamp":"2025-12-05T04:43:40.382325Z","level":"info","event":"{'name': 'Selena Gomez & The Scene', 'id': '6dJeKm76NjfXBNTpHmOhfO', 'url': 'https://open.spotify.com/artist/6dJeKm76NjfXBNTpHmOhfO'}","chan":"stdout","logger":"task"}
{"timestamp":"2025-12-05T04:43:40.383618Z","level":"info","event":"https://musicbrainz.org/ws/2/url?resource=https://open.spotify.com/artist/6dJeKm76NjfXBNTpHmOhfO&inc=artist-rels&fmt=json","chan":"stdout","logger":"task"}
{"timestamp":"2025-12-05T04:43:40.498211Z","level":"info","event":"https://musicbrainz.org/ws/2/artist/37d0a847-32d3-480f-bd1e-101f50a3d332?inc=tags&fmt=json","chan":"stdout","logger":"task"}
{"timestamp":"2025-12-05T04:43:41.618291Z","level":"info","event":"{'name': 'Blake Shelton', 'id': '1UTPBmNbXNTittyMJrNkvw', 'url': 'https://open.spotify.com/artist/1UTPBmNbXNTittyMJrNkvw'}","chan":"stdout","logger":"task"}
{"timestamp":"2025-12-05T04:43:41.620577Z","level":"info","event":"https://musicbrainz.org/ws/2/url?resource=https://open.spotify.com/artist/1UTPBmNbXNTittyMJrNkvw&inc=artist-rels&fmt=json","chan":"stdout","logger":"task"}
{"timestamp":"2025-12-05T04:43:41.739332Z","level":"info","event":"https://musicbrainz.org/ws/2/artist/2ad66473-ccb3-41d2-8756-b56680cdfe62?inc=tags&fmt=json","chan":"stdout","logger":"task"}
{"timestamp":"2025-12-05T04:43:42.849928Z","level":"info","event":"{'name': 'Mike Posner', 'id': '2KsP6tYLJlTBvSUxnwlVWa', 'url': 'https://open.spotify.com/artist/2KsP6tYLJlTBvSUxnwlVWa'}","chan":"stdout","logger":"task"}
{"timestamp":"2025-12-05T04:43:42.851463Z","level":"info","event":"https://musicbrainz.org/ws/2/url?resource=https://open.spotify.com/artist/2KsP6tYLJlTBvSUxnwlVWa&inc=artist-rels&fmt=json","chan":"stdout","logger":"task"}
{"timestamp":"2025-12-05T04:43:42.959579Z","level":"info","event":"https://musicbrainz.org/ws/2/artist/5b64e344-b2fb-47bd-bd7b-4c793b17d472?inc=tags&fmt=json","chan":"stdout","logger":"task"}
{"timestamp":"2025-12-05T04:43:43.066809Z","level":"info","event":"Rate limit hit. Retrying in 1s...","chan":"stdout","logger":"task"}
{"timestamp":"2025-12-05T04:43:44.194519Z","level":"info","event":"Rate limit hit. Retrying in 2s...","chan":"stdout","logger":"task"}
{"timestamp":"2025-12-05T04:43:47.329818Z","level":"info","event":"{'name': 'Diddy - Dirty Money', 'id': '2QYEvpsWUOjqaYuxDPTCmV', 'url': 'https://open.spotify.com/artist/2QYEvpsWUOjqaYuxDPTCmV'}","chan":"stdout","logger":"task"}
{"timestamp":"2025-12-05T04:43:47.331219Z","level":"info","event":"https://musicbrainz.org/ws/2/url?resource=https://open.spotify.com/artist/2QYEvpsWUOjqaYuxDPTCmV&inc=artist-rels&fmt=json","chan":"stdout","logger":"task"}
{"timestamp":"2025-12-05T04:43:47.466333Z","level":"info","event":"HTTP 404: Not Found","chan":"stdout","logger":"task"}
{"timestamp":"2025-12-05T04:43:47.467429Z","level":"info","event":"unable to get mbid for https://open.spotify.com/artist/2QYEvpsWUOjqaYuxDPTCmV","chan":"stdout","logger":"task"}
{"timestamp":"2025-12-05T04:43:48.481944Z","level":"info","event":"{'name': 'Avril Lavigne', 'id': '0p4nmQO2msCgU4IF37Wi3j', 'url': 'https://open.spotify.com/artist/0p4nmQO2msCgU4IF37Wi3j'}","chan":"stdout","logger":"task"}
{"timestamp":"2025-12-05T04:43:48.483957Z","level":"info","event":"https://musicbrainz.org/ws/2/url?resource=https://open.spotify.com/artist/0p4nmQO2msCgU4IF37Wi3j&inc=artist-rels&fmt=json","chan":"stdout","logger":"task"}
{"timestamp":"2025-12-05T04:43:48.611975Z","level":"info","event":"https://musicbrainz.org/ws/2/artist/0103c1cc-4a09-4a5d-a344-56ad99a77193?inc=tags&fmt=json","chan":"stdout","logger":"task"}
{"timestamp":"2025-12-05T04:43:49.727499Z","level":"info","event":"{'name': 'Enrique Iglesias', 'id': '7qG3b048QCHVRO5Pv1T5lw', 'url': 'https://open.spotify.com/artist/7qG3b048QCHVRO5Pv1T5lw'}","chan":"stdout","logger":"task"}
{"timestamp":"2025-12-05T04:43:49.727950Z","level":"info","event":"https://musicbrainz.org/ws/2/url?resource=https://open.spotify.com/artist/7qG3b048QCHVRO5Pv1T5lw&inc=artist-rels&fmt=json","chan":"stdout","logger":"task"}
{"timestamp":"2025-12-05T04:43:49.839793Z","level":"info","event":"https://musicbrainz.org/ws/2/artist/35f866dc-c061-48ba-8157-cf2e0eac4857?inc=tags&fmt=json","chan":"stdout","logger":"task"}
{"timestamp":"2025-12-05T04:43:50.948690Z","level":"info","event":"{'name': 'Ludacris', 'id': '3ipn9JLAPI5GUEo4y4jcoi', 'url': 'https://open.spotify.com/artist/3ipn9JLAPI5GUEo4y4jcoi'}","chan":"stdout","logger":"task"}
{"timestamp":"2025-12-05T04:43:50.949253Z","level":"info","event":"https://musicbrainz.org/ws/2/url?resource=https://open.spotify.com/artist/3ipn9JLAPI5GUEo4y4jcoi&inc=artist-rels&fmt=json","chan":"stdout","logger":"task"}
{"timestamp":"2025-12-05T04:43:51.058066Z","level":"info","event":"https://musicbrainz.org/ws/2/artist/0638ba22-040f-438d-83a5-9b670c4adaf5?inc=tags&fmt=json","chan":"stdout","logger":"task"}
{"timestamp":"2025-12-05T04:43:52.172773Z","level":"info","event":"{'name': 'DJ Frank E', 'id': '4yt2wdqvcHygghx9iNUb6i', 'url': 'https://open.spotify.com/artist/4yt2wdqvcHygghx9iNUb6i'}","chan":"stdout","logger":"task"}
{"timestamp":"2025-12-05T04:43:52.173084Z","level":"info","event":"https://musicbrainz.org/ws/2/url?resource=https://open.spotify.com/artist/4yt2wdqvcHygghx9iNUb6i&inc=artist-rels&fmt=json","chan":"stdout","logger":"task"}
{"timestamp":"2025-12-05T04:43:52.297463Z","level":"info","event":"https://musicbrainz.org/ws/2/artist/c56910df-7197-466c-93d3-3864758faac1?inc=tags&fmt=json","chan":"stdout","logger":"task"}
{"timestamp":"2025-12-05T04:43:53.416777Z","level":"info","event":"{'name': 'Cory Gunz', 'id': '7BAaznGSsqcksud4R5ou5z', 'url': 'https://open.spotify.com/artist/7BAaznGSsqcksud4R5ou5z'}","chan":"stdout","logger":"task"}
{"timestamp":"2025-12-05T04:43:53.418057Z","level":"info","event":"https://musicbrainz.org/ws/2/url?resource=https://open.spotify.com/artist/7BAaznGSsqcksud4R5ou5z&inc=artist-rels&fmt=json","chan":"stdout","logger":"task"}
{"timestamp":"2025-12-05T04:43:53.542018Z","level":"info","event":"https://musicbrainz.org/ws/2/artist/10ae95fd-6e01-48ec-8108-d49fedcc259f?inc=tags&fmt=json","chan":"stdout","logger":"task"}
{"timestamp":"2025-12-05T04:43:54.661026Z","level":"info","event":"{'name': 'Luke Bryan', 'id': '0BvkDsjIUla7X0k6CSWh1I', 'url': 'https://open.spotify.com/artist/0BvkDsjIUla7X0k6CSWh1I'}","chan":"stdout","logger":"task"}
{"timestamp":"2025-12-05T04:43:54.666504Z","level":"info","event":"https://musicbrainz.org/ws/2/url?resource=https://open.spotify.com/artist/0BvkDsjIUla7X0k6CSWh1I&inc=artist-rels&fmt=json","chan":"stdout","logger":"task"}
{"timestamp":"2025-12-05T04:43:54.825250Z","level":"info","event":"https://musicbrainz.org/ws/2/artist/aab35942-f176-4f77-bbf9-1d6aa98ccf3f?inc=tags&fmt=json","chan":"stdout","logger":"task"}
{"timestamp":"2025-12-05T04:43:56.088063Z","level":"info","event":"{'name': 'Sara Evans', 'id': '7qvsLYsYP0MHD7jkdv6DAG', 'url': 'https://open.spotify.com/artist/7qvsLYsYP0MHD7jkdv6DAG'}","chan":"stdout","logger":"task"}
{"timestamp":"2025-12-05T04:43:56.090525Z","level":"info","event":"https://musicbrainz.org/ws/2/url?resource=https://open.spotify.com/artist/7qvsLYsYP0MHD7jkdv6DAG&inc=artist-rels&fmt=json","chan":"stdout","logger":"task"}
{"timestamp":"2025-12-05T04:43:56.209247Z","level":"info","event":"https://musicbrainz.org/ws/2/artist/773af101-792f-48b8-a588-09a07cff5e53?inc=tags&fmt=json","chan":"stdout","logger":"task"}
{"timestamp":"2025-12-05T04:43:57.329647Z","level":"info","event":"{'name': 'LMFAO', 'id': '3sgFRtyBnxXD5ESfmbK4dl', 'url': 'https://open.spotify.com/artist/3sgFRtyBnxXD5ESfmbK4dl'}","chan":"stdout","logger":"task"}
{"timestamp":"2025-12-05T04:43:57.329941Z","level":"info","event":"https://musicbrainz.org/ws/2/url?resource=https://open.spotify.com/artist/3sgFRtyBnxXD5ESfmbK4dl&inc=artist-rels&fmt=json","chan":"stdout","logger":"task"}
{"timestamp":"2025-12-05T04:43:57.457658Z","level":"info","event":"https://musicbrainz.org/ws/2/artist/ed5d9086-e8cd-473a-b96c-d81ad6c98f0d?inc=tags&fmt=json","chan":"stdout","logger":"task"}
{"timestamp":"2025-12-05T04:43:58.576942Z","level":"info","event":"{'name': 'Lauren Bennett', 'id': '2jLE4BoXHriQ96JagEtiDP', 'url': 'https://open.spotify.com/artist/2jLE4BoXHriQ96JagEtiDP'}","chan":"stdout","logger":"task"}
{"timestamp":"2025-12-05T04:43:58.578716Z","level":"info","event":"https://musicbrainz.org/ws/2/url?resource=https://open.spotify.com/artist/2jLE4BoXHriQ96JagEtiDP&inc=artist-rels&fmt=json","chan":"stdout","logger":"task"}
{"timestamp":"2025-12-05T04:43:58.698995Z","level":"info","event":"https://musicbrainz.org/ws/2/artist/131a8268-b0aa-4c5c-89fc-d0e618af3f45?inc=tags&fmt=json","chan":"stdout","logger":"task"}
{"timestamp":"2025-12-05T04:43:59.816426Z","level":"info","event":"{'name': 'GoonRock', 'id': '53sIBaVjXQhfH89Vu6nEGh', 'url': 'https://open.spotify.com/artist/53sIBaVjXQhfH89Vu6nEGh'}","chan":"stdout","logger":"task"}
{"timestamp":"2025-12-05T04:43:59.818106Z","level":"info","event":"https://musicbrainz.org/ws/2/url?resource=https://open.spotify.com/artist/53sIBaVjXQhfH89Vu6nEGh&inc=artist-rels&fmt=json","chan":"stdout","logger":"task"}
{"timestamp":"2025-12-05T04:43:59.931266Z","level":"info","event":"https://musicbrainz.org/ws/2/artist/727b0e62-ad3e-4e14-ae3c-f068b0a84195?inc=tags&fmt=json","chan":"stdout","logger":"task"}
{"timestamp":"2025-12-05T04:44:01.085113Z","level":"info","event":"{'name': 'USHER', 'id': '23zg3TcAtWQy7J6upgbUnj', 'url': 'https://open.spotify.com/artist/23zg3TcAtWQy7J6upgbUnj'}","chan":"stdout","logger":"task"}
{"timestamp":"2025-12-05T04:44:01.092889Z","level":"info","event":"https://musicbrainz.org/ws/2/url?resource=https://open.spotify.com/artist/23zg3TcAtWQy7J6upgbUnj&inc=artist-rels&fmt=json","chan":"stdout","logger":"task"}
{"timestamp":"2025-12-05T04:44:01.227173Z","level":"info","event":"https://musicbrainz.org/ws/2/artist/3414d446-735a-443c-931f-10634f57e5b9?inc=tags&fmt=json","chan":"stdout","logger":"task"}
{"timestamp":"2025-12-05T04:44:02.352313Z","level":"info","event":"{'name': 'Christina Perri', 'id': '7H55rcKCfwqkyDFH9wpKM6', 'url': 'https://open.spotify.com/artist/7H55rcKCfwqkyDFH9wpKM6'}","chan":"stdout","logger":"task"}
{"timestamp":"2025-12-05T04:44:02.353550Z","level":"info","event":"https://musicbrainz.org/ws/2/url?resource=https://open.spotify.com/artist/7H55rcKCfwqkyDFH9wpKM6&inc=artist-rels&fmt=json","chan":"stdout","logger":"task"}
{"timestamp":"2025-12-05T04:44:02.470829Z","level":"info","event":"https://musicbrainz.org/ws/2/artist/38d363c7-fdcb-4308-9474-a0d14ab8d9b7?inc=tags&fmt=json","chan":"stdout","logger":"task"}
{"timestamp":"2025-12-05T04:44:03.614575Z","level":"info","event":"{'name': 'T-Pain', 'id': '3aQeKQSyrW4qWr35idm0cy', 'url': 'https://open.spotify.com/artist/3aQeKQSyrW4qWr35idm0cy'}","chan":"stdout","logger":"task"}
{"timestamp":"2025-12-05T04:44:03.615028Z","level":"info","event":"https://musicbrainz.org/ws/2/url?resource=https://open.spotify.com/artist/3aQeKQSyrW4qWr35idm0cy&inc=artist-rels&fmt=json","chan":"stdout","logger":"task"}
{"timestamp":"2025-12-05T04:44:03.729120Z","level":"info","event":"https://musicbrainz.org/ws/2/artist/ce55e49a-32f4-4757-9849-bf04d06d5fcc?inc=tags&fmt=json","chan":"stdout","logger":"task"}
{"timestamp":"2025-12-05T04:44:04.838796Z","level":"info","event":"{'name': 'Darren Criss', 'id': '3nQ59hkeciYoR6RreQL4Rv', 'url': 'https://open.spotify.com/artist/3nQ59hkeciYoR6RreQL4Rv'}","chan":"stdout","logger":"task"}
{"timestamp":"2025-12-05T04:44:04.841121Z","level":"info","event":"https://musicbrainz.org/ws/2/url?resource=https://open.spotify.com/artist/3nQ59hkeciYoR6RreQL4Rv&inc=artist-rels&fmt=json","chan":"stdout","logger":"task"}
{"timestamp":"2025-12-05T04:44:04.987577Z","level":"info","event":"https://musicbrainz.org/ws/2/artist/989a05be-85e2-4586-a5f4-4207a0a28391?inc=tags&fmt=json","chan":"stdout","logger":"task"}
{"timestamp":"2025-12-05T04:44:06.229975Z","level":"info","event":"{'name': 'Kelly Rowland', 'id': '3AuMNF8rQAKOzjYppFNAoB', 'url': 'https://open.spotify.com/artist/3AuMNF8rQAKOzjYppFNAoB'}","chan":"stdout","logger":"task"}
{"timestamp":"2025-12-05T04:44:06.231864Z","level":"info","event":"https://musicbrainz.org/ws/2/url?resource=https://open.spotify.com/artist/3AuMNF8rQAKOzjYppFNAoB&inc=artist-rels&fmt=json","chan":"stdout","logger":"task"}
{"timestamp":"2025-12-05T04:44:06.338975Z","level":"info","event":"https://musicbrainz.org/ws/2/artist/31bea673-d23a-4889-8da1-7cb040863268?inc=tags&fmt=json","chan":"stdout","logger":"task"}
{"timestamp":"2025-12-05T04:44:07.447012Z","level":"info","event":"{'name': 'Rascal Flatts', 'id': '0a1gHP0HAqALbEyxaD5Ngn', 'url': 'https://open.spotify.com/artist/0a1gHP0HAqALbEyxaD5Ngn'}","chan":"stdout","logger":"task"}
{"timestamp":"2025-12-05T04:44:07.447480Z","level":"info","event":"https://musicbrainz.org/ws/2/url?resource=https://open.spotify.com/artist/0a1gHP0HAqALbEyxaD5Ngn&inc=artist-rels&fmt=json","chan":"stdout","logger":"task"}
{"timestamp":"2025-12-05T04:44:07.564093Z","level":"info","event":"https://musicbrainz.org/ws/2/artist/6e0ae159-8449-4262-bba5-18ec87fa529f?inc=tags&fmt=json","chan":"stdout","logger":"task"}
{"timestamp":"2025-12-05T04:44:08.676286Z","level":"info","event":"{'name': 'Brad Paisley', 'id': '13YmWQJFwgZrd4bf5IjMY4', 'url': 'https://open.spotify.com/artist/13YmWQJFwgZrd4bf5IjMY4'}","chan":"stdout","logger":"task"}
{"timestamp":"2025-12-05T04:44:08.678521Z","level":"info","event":"https://musicbrainz.org/ws/2/url?resource=https://open.spotify.com/artist/13YmWQJFwgZrd4bf5IjMY4&inc=artist-rels&fmt=json","chan":"stdout","logger":"task"}
{"timestamp":"2025-12-05T04:44:08.797965Z","level":"info","event":"https://musicbrainz.org/ws/2/artist/6cfd7ffc-824f-4219-8e27-4b9417700f44?inc=tags&fmt=json","chan":"stdout","logger":"task"}
{"timestamp":"2025-12-05T04:44:09.914081Z","level":"info","event":"{'name': 'Alabama', 'id': '6rJqqRce0Kvo2dJUXoHleC', 'url': 'https://open.spotify.com/artist/6rJqqRce0Kvo2dJUXoHleC'}","chan":"stdout","logger":"task"}
{"timestamp":"2025-12-05T04:44:09.914841Z","level":"info","event":"https://musicbrainz.org/ws/2/url?resource=https://open.spotify.com/artist/6rJqqRce0Kvo2dJUXoHleC&inc=artist-rels&fmt=json","chan":"stdout","logger":"task"}
{"timestamp":"2025-12-05T04:44:10.035791Z","level":"info","event":"https://musicbrainz.org/ws/2/artist/7ac055fa-e357-4890-9098-010b8094a900?inc=tags&fmt=json","chan":"stdout","logger":"task"}
{"timestamp":"2025-12-05T04:44:11.154193Z","level":"info","event":"{'name': 'Beyoncé', 'id': '6vWDO969PvNqNYHIOW5v0m', 'url': 'https://open.spotify.com/artist/6vWDO969PvNqNYHIOW5v0m'}","chan":"stdout","logger":"task"}
{"timestamp":"2025-12-05T04:44:11.154571Z","level":"info","event":"https://musicbrainz.org/ws/2/url?resource=https://open.spotify.com/artist/6vWDO969PvNqNYHIOW5v0m&inc=artist-rels&fmt=json","chan":"stdout","logger":"task"}
{"timestamp":"2025-12-05T04:44:11.307576Z","level":"info","event":"https://musicbrainz.org/ws/2/artist/859d0860-d480-4efd-970c-c05d5f1776b8?inc=tags&fmt=json","chan":"stdout","logger":"task"}
{"timestamp":"2025-12-05T04:44:12.504590Z","level":"info","event":"{'name': 'Jason Aldean', 'id': '3FfvYsEGaIb52QPXhg4DcH', 'url': 'https://open.spotify.com/artist/3FfvYsEGaIb52QPXhg4DcH'}","chan":"stdout","logger":"task"}
{"timestamp":"2025-12-05T04:44:12.507063Z","level":"info","event":"https://musicbrainz.org/ws/2/url?resource=https://open.spotify.com/artist/3FfvYsEGaIb52QPXhg4DcH&inc=artist-rels&fmt=json","chan":"stdout","logger":"task"}
{"timestamp":"2025-12-05T04:44:12.650300Z","level":"info","event":"https://musicbrainz.org/ws/2/artist/f24df11a-7e35-4979-a4db-a3b2a170ce27?inc=tags&fmt=json","chan":"stdout","logger":"task"}
{"timestamp":"2025-12-05T04:44:13.774791Z","level":"info","event":"{'name': 'Kelly Clarkson', 'id': '3BmGtnKgCSGYIUhmivXKWX', 'url': 'https://open.spotify.com/artist/3BmGtnKgCSGYIUhmivXKWX'}","chan":"stdout","logger":"task"}
{"timestamp":"2025-12-05T04:44:13.775715Z","level":"info","event":"https://musicbrainz.org/ws/2/url?resource=https://open.spotify.com/artist/3BmGtnKgCSGYIUhmivXKWX&inc=artist-rels&fmt=json","chan":"stdout","logger":"task"}
{"timestamp":"2025-12-05T04:44:13.900972Z","level":"info","event":"https://musicbrainz.org/ws/2/artist/d339efbb-77b9-4147-ba9e-59f2f24550b2?inc=tags&fmt=json","chan":"stdout","logger":"task"}
{"timestamp":"2025-12-05T04:44:15.062153Z","level":"info","event":"{'name': 'Zac Brown Band', 'id': '6yJCxee7QumYr820xdIsjo', 'url': 'https://open.spotify.com/artist/6yJCxee7QumYr820xdIsjo'}","chan":"stdout","logger":"task"}
{"timestamp":"2025-12-05T04:44:15.064508Z","level":"info","event":"https://musicbrainz.org/ws/2/url?resource=https://open.spotify.com/artist/6yJCxee7QumYr820xdIsjo&inc=artist-rels&fmt=json","chan":"stdout","logger":"task"}
{"timestamp":"2025-12-05T04:44:15.176024Z","level":"info","event":"https://musicbrainz.org/ws/2/artist/507226f4-0842-4f43-950e-81a7017230ec?inc=tags&fmt=json","chan":"stdout","logger":"task"}
{"timestamp":"2025-12-05T04:44:15.294018Z","level":"info","event":"Rate limit hit. Retrying in 1s...","chan":"stdout","logger":"task"}
{"timestamp":"2025-12-05T04:44:17.437872Z","level":"info","event":"{'name': 'Miranda Lambert', 'id': '66lH4jAE7pqPlOlzUKbwA0', 'url': 'https://open.spotify.com/artist/66lH4jAE7pqPlOlzUKbwA0'}","chan":"stdout","logger":"task"}
{"timestamp":"2025-12-05T04:44:17.441555Z","level":"info","event":"https://musicbrainz.org/ws/2/url?resource=https://open.spotify.com/artist/66lH4jAE7pqPlOlzUKbwA0&inc=artist-rels&fmt=json","chan":"stdout","logger":"task"}
{"timestamp":"2025-12-05T04:44:17.554311Z","level":"info","event":"https://musicbrainz.org/ws/2/artist/4eca1aa0-c79f-481b-af8a-4a2d6c41aa5c?inc=tags&fmt=json","chan":"stdout","logger":"task"}
{"timestamp":"2025-12-05T04:44:18.683886Z","level":"info","event":"{'name': 'Thompson Square', 'id': '0Bvs8yPjrQSbmVIRqSg1Sp', 'url': 'https://open.spotify.com/artist/0Bvs8yPjrQSbmVIRqSg1Sp'}","chan":"stdout","logger":"task"}
{"timestamp":"2025-12-05T04:44:18.685210Z","level":"info","event":"https://musicbrainz.org/ws/2/url?resource=https://open.spotify.com/artist/0Bvs8yPjrQSbmVIRqSg1Sp&inc=artist-rels&fmt=json","chan":"stdout","logger":"task"}
{"timestamp":"2025-12-05T04:44:18.825419Z","level":"info","event":"HTTP 404: Not Found","chan":"stdout","logger":"task"}
{"timestamp":"2025-12-05T04:44:18.825816Z","level":"info","event":"unable to get mbid for https://open.spotify.com/artist/0Bvs8yPjrQSbmVIRqSg1Sp","chan":"stdout","logger":"task"}
{"timestamp":"2025-12-05T04:44:19.837940Z","level":"info","event":"{'name': 'Taylor Swift', 'id': '06HL4z0CvFAxyc27GXpf02', 'url': 'https://open.spotify.com/artist/06HL4z0CvFAxyc27GXpf02'}","chan":"stdout","logger":"task"}
{"timestamp":"2025-12-05T04:44:19.840403Z","level":"info","event":"https://musicbrainz.org/ws/2/url?resource=https://open.spotify.com/artist/06HL4z0CvFAxyc27GXpf02&inc=artist-rels&fmt=json","chan":"stdout","logger":"task"}
{"timestamp":"2025-12-05T04:44:19.975611Z","level":"info","event":"https://musicbrainz.org/ws/2/artist/20244d07-534f-4eff-b4d4-930878889970?inc=tags&fmt=json","chan":"stdout","logger":"task"}
{"timestamp":"2025-12-05T04:44:21.088704Z","level":"info","event":"{'name': 'YC Worldwide', 'id': '1JvKSExhqV480k3qFUJwLm', 'url': 'https://open.spotify.com/artist/1JvKSExhqV480k3qFUJwLm'}","chan":"stdout","logger":"task"}
{"timestamp":"2025-12-05T04:44:21.089199Z","level":"info","event":"https://musicbrainz.org/ws/2/url?resource=https://open.spotify.com/artist/1JvKSExhqV480k3qFUJwLm&inc=artist-rels&fmt=json","chan":"stdout","logger":"task"}
{"timestamp":"2025-12-05T04:44:21.214344Z","level":"info","event":"HTTP 404: Not Found","chan":"stdout","logger":"task"}
{"timestamp":"2025-12-05T04:44:21.214765Z","level":"info","event":"unable to get mbid for https://open.spotify.com/artist/1JvKSExhqV480k3qFUJwLm","chan":"stdout","logger":"task"}
{"timestamp":"2025-12-05T04:44:22.227308Z","level":"info","event":"{'name': 'Future', 'id': '1RyvyyTE3xzB2ZywiAwp0i', 'url': 'https://open.spotify.com/artist/1RyvyyTE3xzB2ZywiAwp0i'}","chan":"stdout","logger":"task"}
{"timestamp":"2025-12-05T04:44:22.229155Z","level":"info","event":"https://musicbrainz.org/ws/2/url?resource=https://open.spotify.com/artist/1RyvyyTE3xzB2ZywiAwp0i&inc=artist-rels&fmt=json","chan":"stdout","logger":"task"}
{"timestamp":"2025-12-05T04:44:22.359954Z","level":"info","event":"https://musicbrainz.org/ws/2/artist/48262e82-db9f-4a92-b650-dfef979b73ec?inc=tags&fmt=json","chan":"stdout","logger":"task"}
{"timestamp":"2025-12-05T04:44:23.478807Z","level":"info","event":"{'name': 'Miguel', 'id': '360IAlyVv4PCEVjgyMZrxK', 'url': 'https://open.spotify.com/artist/360IAlyVv4PCEVjgyMZrxK'}","chan":"stdout","logger":"task"}
{"timestamp":"2025-12-05T04:44:23.479260Z","level":"info","event":"https://musicbrainz.org/ws/2/url?resource=https://open.spotify.com/artist/360IAlyVv4PCEVjgyMZrxK&inc=artist-rels&fmt=json","chan":"stdout","logger":"task"}
{"timestamp":"2025-12-05T04:44:23.600670Z","level":"info","event":"https://musicbrainz.org/ws/2/artist/285e1285-aecc-478f-a8da-0c8cf69e1217?inc=tags&fmt=json","chan":"stdout","logger":"task"}
{"timestamp":"2025-12-05T04:44:24.718754Z","level":"info","event":"{'name': 'The Band Perry', 'id': '75FnCoo4FBxH5K1Rrx0k5A', 'url': 'https://open.spotify.com/artist/75FnCoo4FBxH5K1Rrx0k5A'}","chan":"stdout","logger":"task"}
{"timestamp":"2025-12-05T04:44:24.719126Z","level":"info","event":"https://musicbrainz.org/ws/2/url?resource=https://open.spotify.com/artist/75FnCoo4FBxH5K1Rrx0k5A&inc=artist-rels&fmt=json","chan":"stdout","logger":"task"}
{"timestamp":"2025-12-05T04:44:24.838030Z","level":"info","event":"https://musicbrainz.org/ws/2/artist/28955336-2348-488a-9381-e3a7b0107343?inc=tags&fmt=json","chan":"stdout","logger":"task"}
{"timestamp":"2025-12-05T04:44:25.967847Z","level":"info","event":"{'name': 'Jerrod Niemann', 'id': '0RKP52f5PNDCRZ9Luq2Sr7', 'url': 'https://open.spotify.com/artist/0RKP52f5PNDCRZ9Luq2Sr7'}","chan":"stdout","logger":"task"}
{"timestamp":"2025-12-05T04:44:25.970863Z","level":"info","event":"https://musicbrainz.org/ws/2/url?resource=https://open.spotify.com/artist/0RKP52f5PNDCRZ9Luq2Sr7&inc=artist-rels&fmt=json","chan":"stdout","logger":"task"}
{"timestamp":"2025-12-05T04:44:26.106945Z","level":"info","event":"https://musicbrainz.org/ws/2/artist/0b88f9de-7c37-4800-9d6a-04ce6c20b76c?inc=tags&fmt=json","chan":"stdout","logger":"task"}
{"timestamp":"2025-12-05T04:44:27.222970Z","level":"info","event":"{'name': 'Keith Urban', 'id': '0u2FHSq3ln94y5Q57xazwf', 'url': 'https://open.spotify.com/artist/0u2FHSq3ln94y5Q57xazwf'}","chan":"stdout","logger":"task"}
{"timestamp":"2025-12-05T04:44:27.224360Z","level":"info","event":"https://musicbrainz.org/ws/2/url?resource=https://open.spotify.com/artist/0u2FHSq3ln94y5Q57xazwf&inc=artist-rels&fmt=json","chan":"stdout","logger":"task"}
{"timestamp":"2025-12-05T04:44:27.332079Z","level":"info","event":"https://musicbrainz.org/ws/2/artist/f45da029-7b00-4bf3-962c-0eeb20309cc4?inc=tags&fmt=json","chan":"stdout","logger":"task"}
{"timestamp":"2025-12-05T04:44:28.451730Z","level":"info","event":"{'name': 'Chris Young', 'id': '4BYxqVkZyFjtik7crYLg5Q', 'url': 'https://open.spotify.com/artist/4BYxqVkZyFjtik7crYLg5Q'}","chan":"stdout","logger":"task"}
{"timestamp":"2025-12-05T04:44:28.452092Z","level":"info","event":"https://musicbrainz.org/ws/2/url?resource=https://open.spotify.com/artist/4BYxqVkZyFjtik7crYLg5Q&inc=artist-rels&fmt=json","chan":"stdout","logger":"task"}
{"timestamp":"2025-12-05T04:44:28.573472Z","level":"info","event":"https://musicbrainz.org/ws/2/artist/86de027e-097d-41b1-9b97-c0a69379ff4b?inc=tags&fmt=json","chan":"stdout","logger":"task"}
{"timestamp":"2025-12-05T04:44:29.690017Z","level":"info","event":"{'name': 'Big Sean', 'id': '0c173mlxpT3dSFRgMO8XPh', 'url': 'https://open.spotify.com/artist/0c173mlxpT3dSFRgMO8XPh'}","chan":"stdout","logger":"task"}
{"timestamp":"2025-12-05T04:44:29.691157Z","level":"info","event":"https://musicbrainz.org/ws/2/url?resource=https://open.spotify.com/artist/0c173mlxpT3dSFRgMO8XPh&inc=artist-rels&fmt=json","chan":"stdout","logger":"task"}
{"timestamp":"2025-12-05T04:44:29.801825Z","level":"info","event":"https://musicbrainz.org/ws/2/artist/942a9807-9c1a-4a0e-a285-1fde2c5be9d1?inc=tags&fmt=json","chan":"stdout","logger":"task"}
{"timestamp":"2025-12-05T04:44:30.912235Z","level":"info","event":"{'name': 'Kenny Chesney', 'id': '3grHWM9bx2E9vwJCdlRv9O', 'url': 'https://open.spotify.com/artist/3grHWM9bx2E9vwJCdlRv9O'}","chan":"stdout","logger":"task"}
{"timestamp":"2025-12-05T04:44:30.913698Z","level":"info","event":"https://musicbrainz.org/ws/2/url?resource=https://open.spotify.com/artist/3grHWM9bx2E9vwJCdlRv9O&inc=artist-rels&fmt=json","chan":"stdout","logger":"task"}
{"timestamp":"2025-12-05T04:44:31.030885Z","level":"info","event":"https://musicbrainz.org/ws/2/artist/5dca4d22-d6c8-4e70-8ca1-4543e43353c7?inc=tags&fmt=json","chan":"stdout","logger":"task"}
{"timestamp":"2025-12-05T04:44:32.149484Z","level":"info","event":"{'name': 'Javier Colon', 'id': '3flTDj1VSZCktpBGZlNutt', 'url': 'https://open.spotify.com/artist/3flTDj1VSZCktpBGZlNutt'}","chan":"stdout","logger":"task"}
{"timestamp":"2025-12-05T04:44:32.150433Z","level":"info","event":"https://musicbrainz.org/ws/2/url?resource=https://open.spotify.com/artist/3flTDj1VSZCktpBGZlNutt&inc=artist-rels&fmt=json","chan":"stdout","logger":"task"}
{"timestamp":"2025-12-05T04:44:32.283388Z","level":"info","event":"HTTP 404: Not Found","chan":"stdout","logger":"task"}
{"timestamp":"2025-12-05T04:44:32.284992Z","level":"info","event":"unable to get mbid for https://open.spotify.com/artist/3flTDj1VSZCktpBGZlNutt","chan":"stdout","logger":"task"}
{"timestamp":"2025-12-05T04:44:33.289785Z","level":"info","event":"{'name': 'Justin Moore', 'id': '30e8DmahrEamvLbFRPdWmk', 'url': 'https://open.spotify.com/artist/30e8DmahrEamvLbFRPdWmk'}","chan":"stdout","logger":"task"}
{"timestamp":"2025-12-05T04:44:33.291873Z","level":"info","event":"https://musicbrainz.org/ws/2/url?resource=https://open.spotify.com/artist/30e8DmahrEamvLbFRPdWmk&inc=artist-rels&fmt=json","chan":"stdout","logger":"task"}
{"timestamp":"2025-12-05T04:44:33.431037Z","level":"info","event":"https://musicbrainz.org/ws/2/artist/ab5d785b-ff87-48b5-b9e1-027e3c21ec0d?inc=tags&fmt=json","chan":"stdout","logger":"task"}
{"timestamp":"2025-12-05T04:44:34.894134Z","level":"info","event":"{'name': 'Darius Rucker', 'id': '7FY5V3XMwlNBPitEjXowHQ', 'url': 'https://open.spotify.com/artist/7FY5V3XMwlNBPitEjXowHQ'}","chan":"stdout","logger":"task"}
{"timestamp":"2025-12-05T04:44:34.895783Z","level":"info","event":"https://musicbrainz.org/ws/2/url?resource=https://open.spotify.com/artist/7FY5V3XMwlNBPitEjXowHQ&inc=artist-rels&fmt=json","chan":"stdout","logger":"task"}
{"timestamp":"2025-12-05T04:44:35.014835Z","level":"info","event":"https://musicbrainz.org/ws/2/artist/3ae70f76-ea53-4cc5-906e-d47a384202a1?inc=tags&fmt=json","chan":"stdout","logger":"task"}
{"timestamp":"2025-12-05T04:44:36.125206Z","level":"info","event":"{'name': 'Hot Chelle Rae', 'id': '6jTnHxhb6cDCaCu4rdvsQ0', 'url': 'https://open.spotify.com/artist/6jTnHxhb6cDCaCu4rdvsQ0'}","chan":"stdout","logger":"task"}
{"timestamp":"2025-12-05T04:44:36.128143Z","level":"info","event":"https://musicbrainz.org/ws/2/url?resource=https://open.spotify.com/artist/6jTnHxhb6cDCaCu4rdvsQ0&inc=artist-rels&fmt=json","chan":"stdout","logger":"task"}
{"timestamp":"2025-12-05T04:44:36.237916Z","level":"info","event":"https://musicbrainz.org/ws/2/artist/20aee940-3b65-4d04-8768-9a5918db2973?inc=tags&fmt=json","chan":"stdout","logger":"task"}
{"timestamp":"2025-12-05T04:44:37.385348Z","level":"info","event":"{'name': 'Ronnie Dunn', 'id': '1iLuTmIgxCEiEllDSWkeIy', 'url': 'https://open.spotify.com/artist/1iLuTmIgxCEiEllDSWkeIy'}","chan":"stdout","logger":"task"}
{"timestamp":"2025-12-05T04:44:37.389501Z","level":"info","event":"https://musicbrainz.org/ws/2/url?resource=https://open.spotify.com/artist/1iLuTmIgxCEiEllDSWkeIy&inc=artist-rels&fmt=json","chan":"stdout","logger":"task"}
{"timestamp":"2025-12-05T04:44:37.506336Z","level":"info","event":"https://musicbrainz.org/ws/2/artist/9b0636eb-1275-4370-94cc-6ac85d9fb5e8?inc=tags&fmt=json","chan":"stdout","logger":"task"}
{"timestamp":"2025-12-05T04:44:38.637139Z","level":"info","event":"{'name': 'Adam Hicks', 'id': '3dctbbXhrRgigX1icexnws', 'url': 'https://open.spotify.com/artist/3dctbbXhrRgigX1icexnws'}","chan":"stdout","logger":"task"}
{"timestamp":"2025-12-05T04:44:38.641933Z","level":"info","event":"https://musicbrainz.org/ws/2/url?resource=https://open.spotify.com/artist/3dctbbXhrRgigX1icexnws&inc=artist-rels&fmt=json","chan":"stdout","logger":"task"}
{"timestamp":"2025-12-05T04:44:38.761630Z","level":"info","event":"https://musicbrainz.org/ws/2/artist/75a84444-1a91-44df-bc34-e41bd3da56ac?inc=tags&fmt=json","chan":"stdout","logger":"task"}
{"timestamp":"2025-12-05T04:44:39.947541Z","level":"info","event":"{'name': 'Bridgit Mendler', 'id': '4VhL8KLjVso4vLfOLVViTb', 'url': 'https://open.spotify.com/artist/4VhL8KLjVso4vLfOLVViTb'}","chan":"stdout","logger":"task"}
{"timestamp":"2025-12-05T04:44:39.947821Z","level":"info","event":"https://musicbrainz.org/ws/2/url?resource=https://open.spotify.com/artist/4VhL8KLjVso4vLfOLVViTb&inc=artist-rels&fmt=json","chan":"stdout","logger":"task"}
{"timestamp":"2025-12-05T04:44:40.070676Z","level":"info","event":"https://musicbrainz.org/ws/2/artist/f59f7cee-8f6a-4a6f-b23c-f3b5fdf6208f?inc=tags&fmt=json","chan":"stdout","logger":"task"}
{"timestamp":"2025-12-05T04:44:41.184029Z","level":"info","event":"{'name': 'Naomi Scott', 'id': '2Zi3RrdQqk63Xj0914STkS', 'url': 'https://open.spotify.com/artist/2Zi3RrdQqk63Xj0914STkS'}","chan":"stdout","logger":"task"}
{"timestamp":"2025-12-05T04:44:41.184939Z","level":"info","event":"https://musicbrainz.org/ws/2/url?resource=https://open.spotify.com/artist/2Zi3RrdQqk63Xj0914STkS&inc=artist-rels&fmt=json","chan":"stdout","logger":"task"}
{"timestamp":"2025-12-05T04:44:41.305843Z","level":"info","event":"https://musicbrainz.org/ws/2/artist/65fc5739-3562-46a0-8b69-1d1f64941a8b?inc=tags&fmt=json","chan":"stdout","logger":"task"}
{"timestamp":"2025-12-05T04:44:42.418522Z","level":"info","event":"{'name': 'Hayley Kiyoko', 'id': '3LjhVl7GzYsza1biQjTpaN', 'url': 'https://open.spotify.com/artist/3LjhVl7GzYsza1biQjTpaN'}","chan":"stdout","logger":"task"}
{"timestamp":"2025-12-05T04:44:42.420938Z","level":"info","event":"https://musicbrainz.org/ws/2/url?resource=https://open.spotify.com/artist/3LjhVl7GzYsza1biQjTpaN&inc=artist-rels&fmt=json","chan":"stdout","logger":"task"}
{"timestamp":"2025-12-05T04:44:42.549434Z","level":"info","event":"https://musicbrainz.org/ws/2/artist/3abc7470-3d67-4272-a24c-439f411b42eb?inc=tags&fmt=json","chan":"stdout","logger":"task"}
{"timestamp":"2025-12-05T04:44:43.704263Z","level":"info","event":"{'name': 'Rick Ross', 'id': '1sBkRIssrMs1AbVkOJbc7a', 'url': 'https://open.spotify.com/artist/1sBkRIssrMs1AbVkOJbc7a'}","chan":"stdout","logger":"task"}
{"timestamp":"2025-12-05T04:44:43.709791Z","level":"info","event":"https://musicbrainz.org/ws/2/url?resource=https://open.spotify.com/artist/1sBkRIssrMs1AbVkOJbc7a&inc=artist-rels&fmt=json","chan":"stdout","logger":"task"}
{"timestamp":"2025-12-05T04:44:43.830452Z","level":"info","event":"https://musicbrainz.org/ws/2/artist/13bcb2bb-db37-4397-baf5-e0f085be2d64?inc=tags&fmt=json","chan":"stdout","logger":"task"}
{"timestamp":"2025-12-05T04:44:44.935178Z","level":"info","event":"{'name': 'Mumford & Sons', 'id': '3gd8FJtBJtkRxdfbTu19U2', 'url': 'https://open.spotify.com/artist/3gd8FJtBJtkRxdfbTu19U2'}","chan":"stdout","logger":"task"}
{"timestamp":"2025-12-05T04:44:44.935429Z","level":"info","event":"https://musicbrainz.org/ws/2/url?resource=https://open.spotify.com/artist/3gd8FJtBJtkRxdfbTu19U2&inc=artist-rels&fmt=json","chan":"stdout","logger":"task"}
{"timestamp":"2025-12-05T04:44:45.048778Z","level":"info","event":"https://musicbrainz.org/ws/2/artist/c44e9c22-ef82-4a77-9bcd-af6c958446d6?inc=tags&fmt=json","chan":"stdout","logger":"task"}
{"timestamp":"2025-12-05T04:44:46.158251Z","level":"info","event":"{'name': 'Colbie Caillat', 'id': '6aZyMrc4doVtZyKNilOmwu', 'url': 'https://open.spotify.com/artist/6aZyMrc4doVtZyKNilOmwu'}","chan":"stdout","logger":"task"}
{"timestamp":"2025-12-05T04:44:46.159878Z","level":"info","event":"https://musicbrainz.org/ws/2/url?resource=https://open.spotify.com/artist/6aZyMrc4doVtZyKNilOmwu&inc=artist-rels&fmt=json","chan":"stdout","logger":"task"}
{"timestamp":"2025-12-05T04:44:46.276209Z","level":"info","event":"https://musicbrainz.org/ws/2/artist/efc8a006-d0c6-4a9b-8cb1-91ca770fa2b9?inc=tags&fmt=json","chan":"stdout","logger":"task"}
{"timestamp":"2025-12-05T04:44:46.499813Z","level":"info","event":"Rate limit hit. Retrying in 1s...","chan":"stdout","logger":"task"}
{"timestamp":"2025-12-05T04:44:48.639002Z","level":"info","event":"{'name': 'Martin Solveig', 'id': '1bj5GrcLom5gZFF5t949Xl', 'url': 'https://open.spotify.com/artist/1bj5GrcLom5gZFF5t949Xl'}","chan":"stdout","logger":"task"}
{"timestamp":"2025-12-05T04:44:48.639798Z","level":"info","event":"https://musicbrainz.org/ws/2/url?resource=https://open.spotify.com/artist/1bj5GrcLom5gZFF5t949Xl&inc=artist-rels&fmt=json","chan":"stdout","logger":"task"}
{"timestamp":"2025-12-05T04:44:48.749798Z","level":"info","event":"https://musicbrainz.org/ws/2/artist/06db73fd-57e2-4a6f-bcd3-699fb7bb7af4?inc=tags&fmt=json","chan":"stdout","logger":"task"}
{"timestamp":"2025-12-05T04:44:49.873014Z","level":"info","event":"{'name': 'Dragonette', 'id': '4GLJPBj5Cdr9AgLKvLWM4n', 'url': 'https://open.spotify.com/artist/4GLJPBj5Cdr9AgLKvLWM4n'}","chan":"stdout","logger":"task"}
{"timestamp":"2025-12-05T04:44:49.873586Z","level":"info","event":"https://musicbrainz.org/ws/2/url?resource=https://open.spotify.com/artist/4GLJPBj5Cdr9AgLKvLWM4n&inc=artist-rels&fmt=json","chan":"stdout","logger":"task"}
{"timestamp":"2025-12-05T04:44:49.993626Z","level":"info","event":"https://musicbrainz.org/ws/2/artist/00ef5e52-582b-4d53-a03a-bbd5b3084197?inc=tags&fmt=json","chan":"stdout","logger":"task"}
{"timestamp":"2025-12-05T04:44:51.119338Z","level":"info","event":"{'name': 'Seether', 'id': '6B5c4sch27tWHAGdarpPaW', 'url': 'https://open.spotify.com/artist/6B5c4sch27tWHAGdarpPaW'}","chan":"stdout","logger":"task"}
{"timestamp":"2025-12-05T04:44:51.119858Z","level":"info","event":"https://musicbrainz.org/ws/2/url?resource=https://open.spotify.com/artist/6B5c4sch27tWHAGdarpPaW&inc=artist-rels&fmt=json","chan":"stdout","logger":"task"}
{"timestamp":"2025-12-05T04:44:51.258952Z","level":"info","event":"https://musicbrainz.org/ws/2/artist/fbcd7b29-455f-49e6-9c4f-8249d20a055e?inc=tags&fmt=json","chan":"stdout","logger":"task"}
{"timestamp":"2025-12-05T04:44:52.379796Z","level":"info","event":"{'name': 'My Chemical Romance', 'id': '7FBcuc1gsnv6Y1nwFtNRCb', 'url': 'https://open.spotify.com/artist/7FBcuc1gsnv6Y1nwFtNRCb'}","chan":"stdout","logger":"task"}
{"timestamp":"2025-12-05T04:44:52.384773Z","level":"info","event":"https://musicbrainz.org/ws/2/url?resource=https://open.spotify.com/artist/7FBcuc1gsnv6Y1nwFtNRCb&inc=artist-rels&fmt=json","chan":"stdout","logger":"task"}
{"timestamp":"2025-12-05T04:44:52.510877Z","level":"info","event":"https://musicbrainz.org/ws/2/artist/c07f0676-9143-4217-8a9f-4c26bd636f13?inc=tags&fmt=json","chan":"stdout","logger":"task"}
{"timestamp":"2025-12-05T04:44:53.632957Z","level":"info","event":"{'name': 'Easton Corbin', 'id': '070kGpqtESdDsLb3gdMIyx', 'url': 'https://open.spotify.com/artist/070kGpqtESdDsLb3gdMIyx'}","chan":"stdout","logger":"task"}
{"timestamp":"2025-12-05T04:44:53.633976Z","level":"info","event":"https://musicbrainz.org/ws/2/url?resource=https://open.spotify.com/artist/070kGpqtESdDsLb3gdMIyx&inc=artist-rels&fmt=json","chan":"stdout","logger":"task"}
{"timestamp":"2025-12-05T04:44:53.750088Z","level":"info","event":"https://musicbrainz.org/ws/2/artist/c6ada25c-8590-4b75-8013-883a8df55882?inc=tags&fmt=json","chan":"stdout","logger":"task"}
{"timestamp":"2025-12-05T04:44:54.876312Z","level":"info","event":"{'name': 'Eric Church', 'id': '2IvkS5MXK0vPGnwyJsrEyV', 'url': 'https://open.spotify.com/artist/2IvkS5MXK0vPGnwyJsrEyV'}","chan":"stdout","logger":"task"}
{"timestamp":"2025-12-05T04:44:54.881509Z","level":"info","event":"https://musicbrainz.org/ws/2/url?resource=https://open.spotify.com/artist/2IvkS5MXK0vPGnwyJsrEyV&inc=artist-rels&fmt=json","chan":"stdout","logger":"task"}
{"timestamp":"2025-12-05T04:44:55.010804Z","level":"info","event":"https://musicbrainz.org/ws/2/artist/15856215-cc51-4423-879c-9ac955ccb11a?inc=tags&fmt=json","chan":"stdout","logger":"task"}
{"timestamp":"2025-12-05T04:44:56.137641Z","level":"info","event":"{'name': 'Akon', 'id': '0z4gvV4rjIZ9wHck67ucSV', 'url': 'https://open.spotify.com/artist/0z4gvV4rjIZ9wHck67ucSV'}","chan":"stdout","logger":"task"}
{"timestamp":"2025-12-05T04:44:56.139396Z","level":"info","event":"https://musicbrainz.org/ws/2/url?resource=https://open.spotify.com/artist/0z4gvV4rjIZ9wHck67ucSV&inc=artist-rels&fmt=json","chan":"stdout","logger":"task"}
{"timestamp":"2025-12-05T04:44:56.298329Z","level":"info","event":"https://musicbrainz.org/ws/2/artist/1138a764-2212-4d0a-b02d-0dc14df91e08?inc=tags&fmt=json","chan":"stdout","logger":"task"}
{"timestamp":"2025-12-05T04:44:57.448919Z","level":"info","event":"{'name': 'Travis Porter', 'id': '6z1cicLMt9XArxN10q7m8a', 'url': 'https://open.spotify.com/artist/6z1cicLMt9XArxN10q7m8a'}","chan":"stdout","logger":"task"}
{"timestamp":"2025-12-05T04:44:57.449371Z","level":"info","event":"https://musicbrainz.org/ws/2/url?resource=https://open.spotify.com/artist/6z1cicLMt9XArxN10q7m8a&inc=artist-rels&fmt=json","chan":"stdout","logger":"task"}
{"timestamp":"2025-12-05T04:44:57.566175Z","level":"info","event":"Rate limit hit. Retrying in 1s...","chan":"stdout","logger":"task"}
{"timestamp":"2025-12-05T04:44:58.690789Z","level":"info","event":"https://musicbrainz.org/ws/2/artist/53423220-42b5-4082-a374-417ce6f8a919?inc=tags&fmt=json","chan":"stdout","logger":"task"}
{"timestamp":"2025-12-05T04:44:59.799018Z","level":"info","event":"{'name': 'Waka Flocka Flame', 'id': '6f4XkbvYlXMH0QgVRzW0sM', 'url': 'https://open.spotify.com/artist/6f4XkbvYlXMH0QgVRzW0sM'}","chan":"stdout","logger":"task"}
{"timestamp":"2025-12-05T04:44:59.801620Z","level":"info","event":"https://musicbrainz.org/ws/2/url?resource=https://open.spotify.com/artist/6f4XkbvYlXMH0QgVRzW0sM&inc=artist-rels&fmt=json","chan":"stdout","logger":"task"}
{"timestamp":"2025-12-05T04:44:59.911866Z","level":"info","event":"https://musicbrainz.org/ws/2/artist/59eda569-b380-4958-b98c-051d1667b3e1?inc=tags&fmt=json","chan":"stdout","logger":"task"}
{"timestamp":"2025-12-05T04:45:01.026378Z","level":"info","event":"{'name': 'Kebo Gotti', 'id': '00UOluVoYY4F2blO5DmgRj', 'url': 'https://open.spotify.com/artist/00UOluVoYY4F2blO5DmgRj'}","chan":"stdout","logger":"task"}
{"timestamp":"2025-12-05T04:45:01.027627Z","level":"info","event":"https://musicbrainz.org/ws/2/url?resource=https://open.spotify.com/artist/00UOluVoYY4F2blO5DmgRj&inc=artist-rels&fmt=json","chan":"stdout","logger":"task"}
{"timestamp":"2025-12-05T04:45:01.144646Z","level":"info","event":"https://musicbrainz.org/ws/2/artist/fbb2f0ce-3c55-4112-ba34-f32e9cffe913?inc=tags&fmt=json","chan":"stdout","logger":"task"}
{"timestamp":"2025-12-05T04:45:02.257694Z","level":"info","event":"{'name': 'Trey Songz', 'id': '2iojnBLj0qIMiKPvVhLnsH', 'url': 'https://open.spotify.com/artist/2iojnBLj0qIMiKPvVhLnsH'}","chan":"stdout","logger":"task"}
{"timestamp":"2025-12-05T04:45:02.258850Z","level":"info","event":"https://musicbrainz.org/ws/2/url?resource=https://open.spotify.com/artist/2iojnBLj0qIMiKPvVhLnsH&inc=artist-rels&fmt=json","chan":"stdout","logger":"task"}
{"timestamp":"2025-12-05T04:45:02.377818Z","level":"info","event":"https://musicbrainz.org/ws/2/artist/4d7304f6-7fe3-4959-9d98-01a5af84afe6?inc=tags&fmt=json","chan":"stdout","logger":"task"}
{"timestamp":"2025-12-05T04:45:03.492786Z","level":"info","event":"{'name': 'Duck Sauce', 'id': '0q8J3Yj810t5cpAYEJ7gxt', 'url': 'https://open.spotify.com/artist/0q8J3Yj810t5cpAYEJ7gxt'}","chan":"stdout","logger":"task"}
{"timestamp":"2025-12-05T04:45:03.493857Z","level":"info","event":"https://musicbrainz.org/ws/2/url?resource=https://open.spotify.com/artist/0q8J3Yj810t5cpAYEJ7gxt&inc=artist-rels&fmt=json","chan":"stdout","logger":"task"}
{"timestamp":"2025-12-05T04:45:03.652648Z","level":"info","event":"https://musicbrainz.org/ws/2/artist/5269d3d2-63c6-4b8f-8200-6908ffa365d5?inc=tags&fmt=json","chan":"stdout","logger":"task"}
{"timestamp":"2025-12-05T04:45:04.853654Z","level":"info","event":"{'name': 'A-Trak', 'id': '3TaUSUXn41GixL7zbvrIDt', 'url': 'https://open.spotify.com/artist/3TaUSUXn41GixL7zbvrIDt'}","chan":"stdout","logger":"task"}
{"timestamp":"2025-12-05T04:45:04.854835Z","level":"info","event":"https://musicbrainz.org/ws/2/url?resource=https://open.spotify.com/artist/3TaUSUXn41GixL7zbvrIDt&inc=artist-rels&fmt=json","chan":"stdout","logger":"task"}
{"timestamp":"2025-12-05T04:45:05.022639Z","level":"info","event":"https://musicbrainz.org/ws/2/artist/47ea59b7-81c2-4001-8ac3-567877b3172a?inc=tags&fmt=json","chan":"stdout","logger":"task"}
{"timestamp":"2025-12-05T04:45:06.202018Z","level":"info","event":"{'name': 'Armand Van Helden', 'id': '3cQA9WH8liZfeja1DxcDYE', 'url': 'https://open.spotify.com/artist/3cQA9WH8liZfeja1DxcDYE'}","chan":"stdout","logger":"task"}
{"timestamp":"2025-12-05T04:45:06.202687Z","level":"info","event":"https://musicbrainz.org/ws/2/url?resource=https://open.spotify.com/artist/3cQA9WH8liZfeja1DxcDYE&inc=artist-rels&fmt=json","chan":"stdout","logger":"task"}
{"timestamp":"2025-12-05T04:45:06.369360Z","level":"info","event":"https://musicbrainz.org/ws/2/artist/b09b5127-c62e-4bb2-b790-1e4aa18749ed?inc=tags&fmt=json","chan":"stdout","logger":"task"}
{"timestamp":"2025-12-05T04:45:07.540858Z","level":"info","event":"{'name': 'Ace Hood', 'id': '31HjiqargV4NAw4GZqUale', 'url': 'https://open.spotify.com/artist/31HjiqargV4NAw4GZqUale'}","chan":"stdout","logger":"task"}
{"timestamp":"2025-12-05T04:45:07.541228Z","level":"info","event":"https://musicbrainz.org/ws/2/url?resource=https://open.spotify.com/artist/31HjiqargV4NAw4GZqUale&inc=artist-rels&fmt=json","chan":"stdout","logger":"task"}
{"timestamp":"2025-12-05T04:45:07.655720Z","level":"info","event":"https://musicbrainz.org/ws/2/artist/986ee464-cf8a-4e59-a71f-74756102067f?inc=tags&fmt=json","chan":"stdout","logger":"task"}
{"timestamp":"2025-12-05T04:45:07.774695Z","level":"info","event":"Rate limit hit. Retrying in 1s...","chan":"stdout","logger":"task"}
{"timestamp":"2025-12-05T04:45:09.913916Z","level":"info","event":"{'name': 'Marsha Ambrosius', 'id': '46VWDbmWmzvPBTmkSr25gM', 'url': 'https://open.spotify.com/artist/46VWDbmWmzvPBTmkSr25gM'}","chan":"stdout","logger":"task"}
{"timestamp":"2025-12-05T04:45:09.917534Z","level":"info","event":"https://musicbrainz.org/ws/2/url?resource=https://open.spotify.com/artist/46VWDbmWmzvPBTmkSr25gM&inc=artist-rels&fmt=json","chan":"stdout","logger":"task"}
{"timestamp":"2025-12-05T04:45:10.014132Z","level":"info","event":"https://musicbrainz.org/ws/2/artist/24285231-f192-42f1-baea-0f467dd1d8aa?inc=tags&fmt=json","chan":"stdout","logger":"task"}
{"timestamp":"2025-12-05T04:45:11.131916Z","level":"info","event":"{'name': 'Big Time Rush', 'id': '0GWCNkPi54upO9WLlwjAHd', 'url': 'https://open.spotify.com/artist/0GWCNkPi54upO9WLlwjAHd'}","chan":"stdout","logger":"task"}
{"timestamp":"2025-12-05T04:45:11.132510Z","level":"info","event":"https://musicbrainz.org/ws/2/url?resource=https://open.spotify.com/artist/0GWCNkPi54upO9WLlwjAHd&inc=artist-rels&fmt=json","chan":"stdout","logger":"task"}
{"timestamp":"2025-12-05T04:45:11.253211Z","level":"info","event":"https://musicbrainz.org/ws/2/artist/94785e0f-81be-4360-a9e1-a00df5dc8bc6?inc=tags&fmt=json","chan":"stdout","logger":"task"}
{"timestamp":"2025-12-05T04:45:12.400228Z","level":"info","event":"{'name': 'Fabolous', 'id': '0YWxKQj2Go9CGHCp77UOyy', 'url': 'https://open.spotify.com/artist/0YWxKQj2Go9CGHCp77UOyy'}","chan":"stdout","logger":"task"}
{"timestamp":"2025-12-05T04:45:12.404713Z","level":"info","event":"https://musicbrainz.org/ws/2/url?resource=https://open.spotify.com/artist/0YWxKQj2Go9CGHCp77UOyy&inc=artist-rels&fmt=json","chan":"stdout","logger":"task"}
{"timestamp":"2025-12-05T04:45:12.536297Z","level":"info","event":"https://musicbrainz.org/ws/2/artist/d2299099-e617-46dd-b013-ba0b4c72bc63?inc=tags&fmt=json","chan":"stdout","logger":"task"}
{"timestamp":"2025-12-05T04:45:13.659702Z","level":"info","event":"{'name': 'Foo Fighters', 'id': '7jy3rLJdDQY21OgRLCZ9sD', 'url': 'https://open.spotify.com/artist/7jy3rLJdDQY21OgRLCZ9sD'}","chan":"stdout","logger":"task"}
{"timestamp":"2025-12-05T04:45:13.660965Z","level":"info","event":"https://musicbrainz.org/ws/2/url?resource=https://open.spotify.com/artist/7jy3rLJdDQY21OgRLCZ9sD&inc=artist-rels&fmt=json","chan":"stdout","logger":"task"}
{"timestamp":"2025-12-05T04:45:13.770392Z","level":"info","event":"https://musicbrainz.org/ws/2/artist/67f66c07-6e61-4026-ade5-7e782fad3a5d?inc=tags&fmt=json","chan":"stdout","logger":"task"}
{"timestamp":"2025-12-05T04:45:14.880352Z","level":"info","event":"{'name': 'Craig Campbell', 'id': '7tkwiWhGKSuQV8LwPWceWN', 'url': 'https://open.spotify.com/artist/7tkwiWhGKSuQV8LwPWceWN'}","chan":"stdout","logger":"task"}
{"timestamp":"2025-12-05T04:45:14.887631Z","level":"info","event":"https://musicbrainz.org/ws/2/url?resource=https://open.spotify.com/artist/7tkwiWhGKSuQV8LwPWceWN&inc=artist-rels&fmt=json","chan":"stdout","logger":"task"}
{"timestamp":"2025-12-05T04:45:15.007705Z","level":"info","event":"https://musicbrainz.org/ws/2/artist/c78adef3-b5c6-4140-9816-73f8748d8a35?inc=tags&fmt=json","chan":"stdout","logger":"task"}
{"timestamp":"2025-12-05T04:45:16.134044Z","level":"info","event":"{'name': 'Foster The People', 'id': '7gP3bB2nilZXLfPHJhMdvc', 'url': 'https://open.spotify.com/artist/7gP3bB2nilZXLfPHJhMdvc'}","chan":"stdout","logger":"task"}
{"timestamp":"2025-12-05T04:45:16.141306Z","level":"info","event":"https://musicbrainz.org/ws/2/url?resource=https://open.spotify.com/artist/7gP3bB2nilZXLfPHJhMdvc&inc=artist-rels&fmt=json","chan":"stdout","logger":"task"}
{"timestamp":"2025-12-05T04:45:16.335321Z","level":"info","event":"https://musicbrainz.org/ws/2/artist/e0e1a584-dd0a-4bd1-88d1-c4c62895039d?inc=tags&fmt=json","chan":"stdout","logger":"task"}
{"timestamp":"2025-12-05T04:45:17.476065Z","level":"info","event":"{'name': 'Eli Young Band', 'id': '6eKWqnckwdIlSnjaYgIyxv', 'url': 'https://open.spotify.com/artist/6eKWqnckwdIlSnjaYgIyxv'}","chan":"stdout","logger":"task"}
{"timestamp":"2025-12-05T04:45:17.476526Z","level":"info","event":"https://musicbrainz.org/ws/2/url?resource=https://open.spotify.com/artist/6eKWqnckwdIlSnjaYgIyxv&inc=artist-rels&fmt=json","chan":"stdout","logger":"task"}
{"timestamp":"2025-12-05T04:45:17.594209Z","level":"info","event":"https://musicbrainz.org/ws/2/artist/80737f69-60c5-4c0d-9562-88faf8d8f2f4?inc=tags&fmt=json","chan":"stdout","logger":"task"}
{"timestamp":"2025-12-05T04:45:18.743168Z","level":"info","event":"{'name': 'Jana Kramer', 'id': '2PaRhxWFaqCUZybJDDoNrf', 'url': 'https://open.spotify.com/artist/2PaRhxWFaqCUZybJDDoNrf'}","chan":"stdout","logger":"task"}
{"timestamp":"2025-12-05T04:45:18.749569Z","level":"info","event":"https://musicbrainz.org/ws/2/url?resource=https://open.spotify.com/artist/2PaRhxWFaqCUZybJDDoNrf&inc=artist-rels&fmt=json","chan":"stdout","logger":"task"}
{"timestamp":"2025-12-05T04:45:18.870309Z","level":"info","event":"Rate limit hit. Retrying in 1s...","chan":"stdout","logger":"task"}
{"timestamp":"2025-12-05T04:45:20.026706Z","level":"info","event":"https://musicbrainz.org/ws/2/artist/7ccdfc16-1b38-4368-b286-13e0c8b0bd0e?inc=tags&fmt=json","chan":"stdout","logger":"task"}
{"timestamp":"2025-12-05T04:45:21.187223Z","level":"info","event":"{'name': 'Maroon 5', 'id': '04gDigrS5kc9YWfZHwBETP', 'url': 'https://open.spotify.com/artist/04gDigrS5kc9YWfZHwBETP'}","chan":"stdout","logger":"task"}
{"timestamp":"2025-12-05T04:45:21.188518Z","level":"info","event":"https://musicbrainz.org/ws/2/url?resource=https://open.spotify.com/artist/04gDigrS5kc9YWfZHwBETP&inc=artist-rels&fmt=json","chan":"stdout","logger":"task"}
{"timestamp":"2025-12-05T04:45:21.383784Z","level":"info","event":"https://musicbrainz.org/ws/2/artist/0ab49580-c84f-44d4-875f-d83760ea2cfe?inc=tags&fmt=json","chan":"stdout","logger":"task"}
{"timestamp":"2025-12-05T04:45:22.562505Z","level":"info","event":"Fetching audio details for 97 songs...","chan":"stdout","logger":"task"}
{"timestamp":"2025-12-05T04:45:22.564658Z","level":"info","event":"  Fetching batch 1/3 (40 songs)...","chan":"stdout","logger":"task"}
{"timestamp":"2025-12-05T04:45:23.553656Z","level":"info","event":"  Retrieved 27 song details","chan":"stdout","logger":"task"}
{"timestamp":"2025-12-05T04:45:25.558569Z","level":"info","event":"  Fetching batch 2/3 (40 songs)...","chan":"stdout","logger":"task"}
{"timestamp":"2025-12-05T04:45:26.625023Z","level":"info","event":"  Retrieved 28 song details","chan":"stdout","logger":"task"}
{"timestamp":"2025-12-05T04:45:28.630771Z","level":"info","event":"  Fetching batch 3/3 (17 songs)...","chan":"stdout","logger":"task"}
{"timestamp":"2025-12-05T04:45:29.593899Z","level":"info","event":"  Retrieved 14 song details","chan":"stdout","logger":"task"}
{"timestamp":"2025-12-05T04:45:29.596089Z","level":"info","event":"Fetching audio analysis for 69 songs...","chan":"stdout","logger":"task"}
{"timestamp":"2025-12-05T04:45:41.571200Z","level":"info","event":"  Processing audio analysis 10/69...","chan":"stdout","logger":"task"}
{"timestamp":"2025-12-05T04:45:54.573429Z","level":"info","event":"  Processing audio analysis 20/69...","chan":"stdout","logger":"task"}
{"timestamp":"2025-12-05T04:46:05.015278Z","level":"info","event":"  Processing audio analysis 30/69...","chan":"stdout","logger":"task"}
{"timestamp":"2025-12-05T04:46:16.879827Z","level":"info","event":"  Processing audio analysis 40/69...","chan":"stdout","logger":"task"}
{"timestamp":"2025-12-05T04:46:27.442825Z","level":"info","event":"  Processing audio analysis 50/69...","chan":"stdout","logger":"task"}
{"timestamp":"2025-12-05T04:46:39.117398Z","level":"info","event":"  Processing audio analysis 60/69...","chan":"stdout","logger":"task"}
{"timestamp":"2025-12-05T04:46:48.955375Z","level":"info","event":"Completed fetching audio details for 69 songs","chan":"stdout","logger":"task"}
{"timestamp":"2025-12-05T04:46:49.005141Z","level":"info","event":"DEBUG: DATABASE_URL value: postgresql+psycopg2:****@postgres/music_warehouse","chan":"stdout","logger":"task"}
{"timestamp":"2025-12-05T04:46:49.059649Z","level":"info","event":"TYPE OF ENGINE: <class 'sqlalchemy.engine.base.Engine'>","chan":"stdout","logger":"task"}
{"timestamp":"2025-12-05T04:46:49.060138Z","level":"info","event":"ENGINE DIR: ['__class__', '__delattr__', '__dict__', '__dir__', '__doc__', '__eq__', '__format__', '__ge__', '__getattribute__', '__getstate__', '__gt__', '__hash__', '__init__', '__init_subclass__', '__le__', '__lt__', '__module__', '__ne__', '__new__', '__reduce__', '__reduce_ex__', '__repr__', '__setattr__', '__sizeof__', '__str__', '__subclasshook__', '__weakref__', '_compiled_cache', '_connection_cls', '_echo', '_execute_clauseelement', '_execute_compiled', '_execute_default', '_execution_options', '_has_events', '_is_future', '_lru_size_alert', '_option_cls', '_optional_conn_ctx_manager', '_run_ddl_visitor', '_run_visitor', '_schema_translate_map', '_should_log_debug', '_should_log_info', '_sqla_logger_namespace', '_trans_ctx', '_wrap_pool_connect', 'begin', 'clear_compiled_cache', 'connect', 'dialect', 'dispatch', 'dispose', 'driver', 'echo', 'engine', 'execute', 'execution_options', 'get_execution_options', 'has_table', 'hide_parameters', 'logger', 'logging_name', 'name', 'pool', 'raw_connection', 'run_callable', 'scalar', 'table_names', 'transaction', 'update_execution_options', 'url']","chan":"stdout","logger":"task"}
{"timestamp":"2025-12-05T04:46:49.060311Z","level":"info","event":"IS SQLALCHEMY ENGINE: True","chan":"stdout","logger":"task"}
{"timestamp":"2025-12-05T04:46:49.060449Z","level":"info","event":"Database connection successful","chan":"stdout","logger":"task"}
{"timestamp":"2025-12-05T04:46:49.060558Z","level":"info","event":"Loading chart_weeks (1 rows)...","chan":"stdout","logger":"task"}
{"timestamp":"2025-12-05T04:46:49.085475Z","level":"info","event":"  Exported CSV to data_exports/chart_weeks.csv","chan":"stdout","logger":"task"}
{"timestamp":"2025-12-05T04:46:49.086593Z","level":"info","event":"Loading songs (97 rows)...","chan":"stdout","logger":"task"}
{"timestamp":"2025-12-05T04:46:49.105552Z","level":"info","event":"  Exported CSV to data_exports/songs.csv","chan":"stdout","logger":"task"}
{"timestamp":"2025-12-05T04:46:49.106301Z","level":"info","event":"Loading artists (109 rows)...","chan":"stdout","logger":"task"}
{"timestamp":"2025-12-05T04:46:49.113829Z","level":"info","event":"  Exported CSV to data_exports/artists.csv","chan":"stdout","logger":"task"}
{"timestamp":"2025-12-05T04:46:49.114255Z","level":"info","event":"Loading song_artists (135 rows)...","chan":"stdout","logger":"task"}
{"timestamp":"2025-12-05T04:46:49.122571Z","level":"info","event":"  Exported CSV to data_exports/song_artists.csv","chan":"stdout","logger":"task"}
{"timestamp":"2025-12-05T04:46:49.123670Z","level":"info","event":"Loading chart_entries (100 rows)...","chan":"stdout","logger":"task"}
{"timestamp":"2025-12-05T04:46:49.140075Z","level":"info","event":"  Exported CSV to data_exports/chart_entries.csv","chan":"stdout","logger":"task"}
{"timestamp":"2025-12-05T04:46:49.138826","level":"info","event":"Done. Returned value was: None","logger":"airflow.task.operators.airflow.providers.standard.operators.python.PythonOperator"}
{"timestamp":"2025-12-05T04:46:49.206973Z","level":"info","event":"Task instance in success state","chan":"stdout","logger":"task"}
{"timestamp":"2025-12-05T04:46:49.209414Z","level":"info","event":" Previous state of the Task instance: TaskInstanceState.RUNNING","chan":"stdout","logger":"task"}
{"timestamp":"2025-12-05T04:46:49.209634Z","level":"info","event":"Task operator:<Task(PythonOperator): load_music_data>","chan":"stdout","logger":"task"}
