{"timestamp":"2025-12-06T09:53:12.959244","level":"info","event":"DAG bundles loaded: dags-folder, example_dags","logger":"airflow.dag_processing.bundles.manager.DagBundlesManager"}
{"timestamp":"2025-12-06T09:53:12.960289","level":"info","event":"Filling up the DagBag from /opt/airflow/dags/music_load_dag.py","logger":"airflow.models.dagbag.DagBag"}
{"timestamp":"2025-12-06T09:53:13.062878Z","level":"info","event":"postgresql+psycopg2://airflow:airflow@postgres/airflow","chan":"stdout","logger":"task"}
{"timestamp":"2025-12-06T09:53:13.095674Z","level":"info","event":"Task instance is in running state","chan":"stdout","logger":"task"}
{"timestamp":"2025-12-06T09:53:13.095879Z","level":"info","event":" Previous state of the Task instance: TaskInstanceState.QUEUED","chan":"stdout","logger":"task"}
{"timestamp":"2025-12-06T09:53:13.096003Z","level":"info","event":"Current task name:load_music_data","chan":"stdout","logger":"task"}
{"timestamp":"2025-12-06T09:53:13.096099Z","level":"info","event":"Dag name:weekly_music_pipeline","chan":"stdout","logger":"task"}
{"timestamp":"2025-12-06T09:53:28.880464Z","level":"info","event":"  Searching Spotify for 100 songs...","chan":"stdout","logger":"task"}
{"timestamp":"2025-12-06T09:53:28.885354Z","level":"info","event":"  Processing song 1/100: One More Night by Maroon 5","chan":"stdout","logger":"task"}
{"timestamp":"2025-12-06T09:53:29.677226Z","level":"info","event":"1","chan":"stdout","logger":"task"}
{"timestamp":"2025-12-06T09:53:30.302244Z","level":"info","event":"2","chan":"stdout","logger":"task"}
{"timestamp":"2025-12-06T09:53:31.050453Z","level":"info","event":"3","chan":"stdout","logger":"task"}
{"timestamp":"2025-12-06T09:53:31.834821Z","level":"info","event":"4","chan":"stdout","logger":"task"}
{"timestamp":"2025-12-06T09:53:32.639742Z","level":"info","event":"5","chan":"stdout","logger":"task"}
{"timestamp":"2025-12-06T09:53:33.476675Z","level":"info","event":"6","chan":"stdout","logger":"task"}
{"timestamp":"2025-12-06T09:53:34.104278Z","level":"info","event":"7","chan":"stdout","logger":"task"}
{"timestamp":"2025-12-06T09:53:34.717412Z","level":"info","event":"8","chan":"stdout","logger":"task"}
{"timestamp":"2025-12-06T09:53:35.414183Z","level":"info","event":"9","chan":"stdout","logger":"task"}
{"timestamp":"2025-12-06T09:53:35.414448Z","level":"info","event":"  Processing song 10/100: Lights by Ellie Goulding","chan":"stdout","logger":"task"}
{"timestamp":"2025-12-06T09:53:36.054074Z","level":"info","event":"10","chan":"stdout","logger":"task"}
{"timestamp":"2025-12-06T09:53:36.750352Z","level":"info","event":"11","chan":"stdout","logger":"task"}
{"timestamp":"2025-12-06T09:53:37.469094Z","level":"info","event":"12","chan":"stdout","logger":"task"}
{"timestamp":"2025-12-06T09:53:38.285442Z","level":"info","event":"13","chan":"stdout","logger":"task"}
{"timestamp":"2025-12-06T09:53:39.082945Z","level":"info","event":"14","chan":"stdout","logger":"task"}
{"timestamp":"2025-12-06T09:53:39.833268Z","level":"info","event":"15","chan":"stdout","logger":"task"}
{"timestamp":"2025-12-06T09:53:41.155669Z","level":"info","event":"16","chan":"stdout","logger":"task"}
{"timestamp":"2025-12-06T09:53:41.836189Z","level":"info","event":"17","chan":"stdout","logger":"task"}
{"timestamp":"2025-12-06T09:53:42.498076Z","level":"info","event":"18","chan":"stdout","logger":"task"}
{"timestamp":"2025-12-06T09:53:43.150836Z","level":"info","event":"19","chan":"stdout","logger":"task"}
{"timestamp":"2025-12-06T09:53:43.151283Z","level":"info","event":"  Processing song 20/100: Payphone by Maroon 5 Featuring Wiz Khalifa","chan":"stdout","logger":"task"}
{"timestamp":"2025-12-06T09:53:44.020862Z","level":"info","event":"20","chan":"stdout","logger":"task"}
{"timestamp":"2025-12-06T09:53:44.663823Z","level":"info","event":"21","chan":"stdout","logger":"task"}
{"timestamp":"2025-12-06T09:53:45.554769Z","level":"info","event":"22","chan":"stdout","logger":"task"}
{"timestamp":"2025-12-06T09:53:46.283540Z","level":"info","event":"23","chan":"stdout","logger":"task"}
{"timestamp":"2025-12-06T09:53:47.018596Z","level":"info","event":"24","chan":"stdout","logger":"task"}
{"timestamp":"2025-12-06T09:53:47.887068Z","level":"info","event":"25","chan":"stdout","logger":"task"}
{"timestamp":"2025-12-06T09:53:48.810809Z","level":"info","event":"26","chan":"stdout","logger":"task"}
{"timestamp":"2025-12-06T09:53:49.537463Z","level":"info","event":"27","chan":"stdout","logger":"task"}
{"timestamp":"2025-12-06T09:53:50.226489Z","level":"info","event":"28","chan":"stdout","logger":"task"}
{"timestamp":"2025-12-06T09:53:50.947421Z","level":"info","event":"29","chan":"stdout","logger":"task"}
{"timestamp":"2025-12-06T09:53:50.949276Z","level":"info","event":"  Processing song 30/100: Want U Back by Cher Lloyd","chan":"stdout","logger":"task"}
{"timestamp":"2025-12-06T09:53:51.639500Z","level":"info","event":"30","chan":"stdout","logger":"task"}
{"timestamp":"2025-12-06T09:53:52.366266Z","level":"info","event":"31","chan":"stdout","logger":"task"}
{"timestamp":"2025-12-06T09:53:53.059727Z","level":"info","event":"32","chan":"stdout","logger":"task"}
{"timestamp":"2025-12-06T09:53:53.733157Z","level":"info","event":"33","chan":"stdout","logger":"task"}
{"timestamp":"2025-12-06T09:53:54.311875Z","level":"info","event":"34","chan":"stdout","logger":"task"}
{"timestamp":"2025-12-06T09:53:55.001744Z","level":"info","event":"35","chan":"stdout","logger":"task"}
{"timestamp":"2025-12-06T09:53:55.679569Z","level":"info","event":"36","chan":"stdout","logger":"task"}
{"timestamp":"2025-12-06T09:53:56.529972Z","level":"info","event":"37","chan":"stdout","logger":"task"}
{"timestamp":"2025-12-06T09:53:57.246058Z","level":"info","event":"38","chan":"stdout","logger":"task"}
{"timestamp":"2025-12-06T09:53:57.894491Z","level":"info","event":"39","chan":"stdout","logger":"task"}
{"timestamp":"2025-12-06T09:53:57.895255Z","level":"info","event":"  Processing song 40/100: Cowboys And Angels by Dustin Lynch","chan":"stdout","logger":"task"}
{"timestamp":"2025-12-06T09:53:58.540655Z","level":"info","event":"40","chan":"stdout","logger":"task"}
{"timestamp":"2025-12-06T09:53:59.280645Z","level":"info","event":"41","chan":"stdout","logger":"task"}
{"timestamp":"2025-12-06T09:54:00.211364Z","level":"info","event":"42","chan":"stdout","logger":"task"}
{"timestamp":"2025-12-06T09:54:00.956412Z","level":"info","event":"43","chan":"stdout","logger":"task"}
{"timestamp":"2025-12-06T09:54:01.667964Z","level":"info","event":"44","chan":"stdout","logger":"task"}
{"timestamp":"2025-12-06T09:54:02.325856Z","level":"info","event":"45","chan":"stdout","logger":"task"}
{"timestamp":"2025-12-06T09:54:03.008473Z","level":"info","event":"46","chan":"stdout","logger":"task"}
{"timestamp":"2025-12-06T09:54:03.888881Z","level":"info","event":"47","chan":"stdout","logger":"task"}
{"timestamp":"2025-12-06T09:54:04.601401Z","level":"info","event":"48","chan":"stdout","logger":"task"}
{"timestamp":"2025-12-06T09:54:05.931731Z","level":"info","event":"49","chan":"stdout","logger":"task"}
{"timestamp":"2025-12-06T09:54:05.932198Z","level":"info","event":"  Processing song 50/100: Why Ya Wanna by Jana Kramer","chan":"stdout","logger":"task"}
