{"timestamp":"2025-12-06T15:46:16.182107","level":"info","event":"DAG bundles loaded: dags-folder, example_dags","logger":"airflow.dag_processing.bundles.manager.DagBundlesManager"}
{"timestamp":"2025-12-06T15:46:16.182377","level":"info","event":"Filling up the DagBag from /opt/airflow/dags/music_load_dag.py","logger":"airflow.models.dagbag.DagBag"}
{"timestamp":"2025-12-06T15:46:16.256899Z","level":"info","event":"postgresql+psycopg2://airflow:airflow@postgres/airflow","chan":"stdout","logger":"task"}
{"timestamp":"2025-12-06T15:46:16.301989Z","level":"info","event":"Task instance is in running state","chan":"stdout","logger":"task"}
{"timestamp":"2025-12-06T15:46:16.302140Z","level":"info","event":" Previous state of the Task instance: TaskInstanceState.QUEUED","chan":"stdout","logger":"task"}
{"timestamp":"2025-12-06T15:46:16.302220Z","level":"info","event":"Current task name:load_music_data","chan":"stdout","logger":"task"}
{"timestamp":"2025-12-06T15:46:16.302276Z","level":"info","event":"Dag name:weekly_music_pipeline","chan":"stdout","logger":"task"}
{"timestamp":"2025-12-06T15:46:31.697849Z","level":"info","event":"  Searching Spotify for 100 songs...","chan":"stdout","logger":"task"}
{"timestamp":"2025-12-06T15:46:31.698855Z","level":"info","event":"  Processing song 1/100: One More Night by Maroon 5","chan":"stdout","logger":"task"}
{"timestamp":"2025-12-06T15:46:32.386848Z","level":"info","event":"1","chan":"stdout","logger":"task"}
{"timestamp":"2025-12-06T15:46:33.106837Z","level":"info","event":"2","chan":"stdout","logger":"task"}
{"timestamp":"2025-12-06T15:46:33.762676Z","level":"info","event":"3","chan":"stdout","logger":"task"}
{"timestamp":"2025-12-06T15:46:34.495068Z","level":"info","event":"4","chan":"stdout","logger":"task"}
{"timestamp":"2025-12-06T15:46:35.153427Z","level":"info","event":"5","chan":"stdout","logger":"task"}
{"timestamp":"2025-12-06T15:46:35.864677Z","level":"info","event":"6","chan":"stdout","logger":"task"}
{"timestamp":"2025-12-06T15:46:36.653805Z","level":"info","event":"7","chan":"stdout","logger":"task"}
{"timestamp":"2025-12-06T15:46:37.569442Z","level":"info","event":"8","chan":"stdout","logger":"task"}
{"timestamp":"2025-12-06T15:46:38.198853Z","level":"info","event":"9","chan":"stdout","logger":"task"}
{"timestamp":"2025-12-06T15:46:38.199209Z","level":"info","event":"  Processing song 10/100: Blow Me (One Last Kiss) by P!nk","chan":"stdout","logger":"task"}
{"timestamp":"2025-12-06T15:46:38.943688Z","level":"info","event":"10","chan":"stdout","logger":"task"}
{"timestamp":"2025-12-06T15:46:39.701528Z","level":"info","event":"11","chan":"stdout","logger":"task"}
{"timestamp":"2025-12-06T15:46:40.740415Z","level":"info","event":"12","chan":"stdout","logger":"task"}
{"timestamp":"2025-12-06T15:46:41.601280Z","level":"info","event":"13","chan":"stdout","logger":"task"}
{"timestamp":"2025-12-06T15:46:42.218275Z","level":"info","event":"14","chan":"stdout","logger":"task"}
{"timestamp":"2025-12-06T15:46:42.918202Z","level":"info","event":"15","chan":"stdout","logger":"task"}
{"timestamp":"2025-12-06T15:46:43.716987Z","level":"info","event":"16","chan":"stdout","logger":"task"}
{"timestamp":"2025-12-06T15:46:44.565297Z","level":"info","event":"17","chan":"stdout","logger":"task"}
{"timestamp":"2025-12-06T15:46:45.199238Z","level":"info","event":"18","chan":"stdout","logger":"task"}
{"timestamp":"2025-12-06T15:46:46.067862Z","level":"info","event":"19","chan":"stdout","logger":"task"}
{"timestamp":"2025-12-06T15:46:46.068412Z","level":"info","event":"  Processing song 20/100: 50 Ways To Say Goodbye by Train","chan":"stdout","logger":"task"}
{"timestamp":"2025-12-06T15:46:46.812664Z","level":"info","event":"20","chan":"stdout","logger":"task"}
{"timestamp":"2025-12-06T15:46:47.637840Z","level":"info","event":"21","chan":"stdout","logger":"task"}
{"timestamp":"2025-12-06T15:46:48.425321Z","level":"info","event":"22","chan":"stdout","logger":"task"}
{"timestamp":"2025-12-06T15:46:49.063767Z","level":"info","event":"23","chan":"stdout","logger":"task"}
{"timestamp":"2025-12-06T15:46:49.893046Z","level":"info","event":"24","chan":"stdout","logger":"task"}
{"timestamp":"2025-12-06T15:46:50.615367Z","level":"info","event":"25","chan":"stdout","logger":"task"}
{"timestamp":"2025-12-06T15:46:51.317648Z","level":"info","event":"26","chan":"stdout","logger":"task"}
{"timestamp":"2025-12-06T15:46:52.110437Z","level":"info","event":"27","chan":"stdout","logger":"task"}
{"timestamp":"2025-12-06T15:46:52.960426Z","level":"info","event":"28","chan":"stdout","logger":"task"}
{"timestamp":"2025-12-06T15:46:53.606249Z","level":"info","event":"29","chan":"stdout","logger":"task"}
{"timestamp":"2025-12-06T15:46:53.607009Z","level":"info","event":"  Processing song 30/100: Titanium by David Guetta Featuring Sia","chan":"stdout","logger":"task"}
{"timestamp":"2025-12-06T15:46:54.343719Z","level":"info","event":"30","chan":"stdout","logger":"task"}
{"timestamp":"2025-12-06T15:46:55.040490Z","level":"info","event":"31","chan":"stdout","logger":"task"}
{"timestamp":"2025-12-06T15:46:55.766616Z","level":"info","event":"32","chan":"stdout","logger":"task"}
{"timestamp":"2025-12-06T15:46:56.619522Z","level":"info","event":"33","chan":"stdout","logger":"task"}
{"timestamp":"2025-12-06T15:46:57.438705Z","level":"info","event":"34","chan":"stdout","logger":"task"}
{"timestamp":"2025-12-06T15:46:58.360413Z","level":"info","event":"35","chan":"stdout","logger":"task"}
{"timestamp":"2025-12-06T15:46:59.030414Z","level":"info","event":"36","chan":"stdout","logger":"task"}
{"timestamp":"2025-12-06T15:46:59.690373Z","level":"info","event":"37","chan":"stdout","logger":"task"}
{"timestamp":"2025-12-06T15:47:00.932140Z","level":"info","event":"38","chan":"stdout","logger":"task"}
{"timestamp":"2025-12-06T15:47:01.675265Z","level":"info","event":"39","chan":"stdout","logger":"task"}
{"timestamp":"2025-12-06T15:47:01.678005Z","level":"info","event":"  Processing song 40/100: Hard To Love by Lee Brice","chan":"stdout","logger":"task"}
{"timestamp":"2025-12-06T15:47:02.379437Z","level":"info","event":"40","chan":"stdout","logger":"task"}
{"timestamp":"2025-12-06T15:47:03.069584Z","level":"info","event":"41","chan":"stdout","logger":"task"}
{"timestamp":"2025-12-06T15:47:03.184742Z","level":"info","event":"Failed to get access token: HTTP 503. Retrying in 1s (attempt 1/3)...","chan":"stdout","logger":"task"}
{"timestamp":"2025-12-06T15:47:05.130252Z","level":"info","event":"Network error: HTTPSConnectionPool(host='api.spotify.com', port=443): Max retries exceeded with url: /v1/search?q=track%3AKiss%20Tomorrow%20Goodbye%20artist%3ALuke%20Bryan&type=track&limit=1 (Caused by SSLError(SSLEOFError(8, '[SSL: UNEXPECTED_EOF_WHILE_READING] EOF occurred in violation of protocol (_ssl.c:1010)'))). Retrying in 1s (attempt 1/3)...","chan":"stdout","logger":"task"}
{"timestamp":"2025-12-06T15:47:06.846514Z","level":"info","event":"42","chan":"stdout","logger":"task"}
{"timestamp":"2025-12-06T15:47:38.561447Z","level":"info","event":"43","chan":"stdout","logger":"task"}
{"timestamp":"2025-12-06T15:47:39.342643Z","level":"info","event":"44","chan":"stdout","logger":"task"}
{"timestamp":"2025-12-06T15:47:39.981812Z","level":"info","event":"45","chan":"stdout","logger":"task"}
{"timestamp":"2025-12-06T15:47:40.683487Z","level":"info","event":"46","chan":"stdout","logger":"task"}
{"timestamp":"2025-12-06T15:47:41.469727Z","level":"info","event":"47","chan":"stdout","logger":"task"}
{"timestamp":"2025-12-06T15:47:42.185351Z","level":"info","event":"48","chan":"stdout","logger":"task"}
{"timestamp":"2025-12-06T15:47:42.918885Z","level":"info","event":"49","chan":"stdout","logger":"task"}
{"timestamp":"2025-12-06T15:47:42.920889Z","level":"info","event":"  Processing song 50/100: Ball by T.I. Featuring Lil Wayne","chan":"stdout","logger":"task"}
{"timestamp":"2025-12-06T15:47:43.718224Z","level":"info","event":"50","chan":"stdout","logger":"task"}
{"timestamp":"2025-12-06T15:47:44.391353Z","level":"info","event":"51","chan":"stdout","logger":"task"}
{"timestamp":"2025-12-06T15:47:45.195602Z","level":"info","event":"52","chan":"stdout","logger":"task"}
{"timestamp":"2025-12-06T15:47:45.920951Z","level":"info","event":"53","chan":"stdout","logger":"task"}
{"timestamp":"2025-12-06T15:47:46.597968Z","level":"info","event":"54","chan":"stdout","logger":"task"}
{"timestamp":"2025-12-06T15:47:47.360943Z","level":"info","event":"55","chan":"stdout","logger":"task"}
{"timestamp":"2025-12-06T15:47:48.200787Z","level":"info","event":"56","chan":"stdout","logger":"task"}
{"timestamp":"2025-12-06T15:47:49.048499Z","level":"info","event":"57","chan":"stdout","logger":"task"}
{"timestamp":"2025-12-06T15:47:49.857140Z","level":"info","event":"58","chan":"stdout","logger":"task"}
{"timestamp":"2025-12-06T15:47:50.584470Z","level":"info","event":"59","chan":"stdout","logger":"task"}
{"timestamp":"2025-12-06T15:47:50.584974Z","level":"info","event":"  Processing song 60/100: Fastest Girl In Town by Miranda Lambert","chan":"stdout","logger":"task"}
{"timestamp":"2025-12-06T15:47:51.609314Z","level":"info","event":"60","chan":"stdout","logger":"task"}
{"timestamp":"2025-12-06T15:47:52.312022Z","level":"info","event":"61","chan":"stdout","logger":"task"}
{"timestamp":"2025-12-06T15:47:53.143455Z","level":"info","event":"62","chan":"stdout","logger":"task"}
{"timestamp":"2025-12-06T15:47:53.978333Z","level":"info","event":"63","chan":"stdout","logger":"task"}
{"timestamp":"2025-12-06T15:47:54.781511Z","level":"info","event":"64","chan":"stdout","logger":"task"}
{"timestamp":"2025-12-06T15:47:55.448440Z","level":"info","event":"65","chan":"stdout","logger":"task"}
{"timestamp":"2025-12-06T15:47:56.315625Z","level":"info","event":"66","chan":"stdout","logger":"task"}
{"timestamp":"2025-12-06T15:47:57.469439Z","level":"info","event":"67","chan":"stdout","logger":"task"}
{"timestamp":"2025-12-06T15:47:58.728117Z","level":"info","event":"68","chan":"stdout","logger":"task"}
{"timestamp":"2025-12-06T15:48:00.251253Z","level":"info","event":"69","chan":"stdout","logger":"task"}
{"timestamp":"2025-12-06T15:48:00.253405Z","level":"info","event":"  Processing song 70/100: Hall Of Fame by The Script Featuring will.i.am","chan":"stdout","logger":"task"}
{"timestamp":"2025-12-06T15:48:01.293040Z","level":"info","event":"70","chan":"stdout","logger":"task"}
{"timestamp":"2025-12-06T15:48:02.685130Z","level":"info","event":"71","chan":"stdout","logger":"task"}
{"timestamp":"2025-12-06T15:48:03.895964Z","level":"info","event":"72","chan":"stdout","logger":"task"}
{"timestamp":"2025-12-06T15:48:04.574090Z","level":"info","event":"73","chan":"stdout","logger":"task"}
{"timestamp":"2025-12-06T15:48:05.232057Z","level":"info","event":"74","chan":"stdout","logger":"task"}
{"timestamp":"2025-12-06T15:48:06.143112Z","level":"info","event":"75","chan":"stdout","logger":"task"}
{"timestamp":"2025-12-06T15:48:06.889390Z","level":"info","event":"76","chan":"stdout","logger":"task"}
{"timestamp":"2025-12-06T15:48:07.604859Z","level":"info","event":"77","chan":"stdout","logger":"task"}
{"timestamp":"2025-12-06T15:48:08.107825Z","level":"info","event":"Failed to get access token: HTTP 503. Retrying in 1s (attempt 1/3)...","chan":"stdout","logger":"task"}
{"timestamp":"2025-12-06T15:48:09.530806Z","level":"info","event":"78","chan":"stdout","logger":"task"}
{"timestamp":"2025-12-06T15:48:10.251494Z","level":"info","event":"79","chan":"stdout","logger":"task"}
{"timestamp":"2025-12-06T15:48:10.255438Z","level":"info","event":"  Processing song 80/100: Truck Yeah by Tim McGraw","chan":"stdout","logger":"task"}
{"timestamp":"2025-12-06T15:48:11.063311Z","level":"info","event":"80","chan":"stdout","logger":"task"}
{"timestamp":"2025-12-06T15:48:11.773365Z","level":"info","event":"81","chan":"stdout","logger":"task"}
{"timestamp":"2025-12-06T15:48:12.598985Z","level":"info","event":"82","chan":"stdout","logger":"task"}
{"timestamp":"2025-12-06T15:48:13.418820Z","level":"info","event":"83","chan":"stdout","logger":"task"}
{"timestamp":"2025-12-06T15:48:14.063752Z","level":"info","event":"84","chan":"stdout","logger":"task"}
{"timestamp":"2025-12-06T15:48:15.162462Z","level":"info","event":"85","chan":"stdout","logger":"task"}
{"timestamp":"2025-12-06T15:48:16.029954Z","level":"info","event":"86","chan":"stdout","logger":"task"}
{"timestamp":"2025-12-06T15:48:16.748970Z","level":"info","event":"87","chan":"stdout","logger":"task"}
{"timestamp":"2025-12-06T15:48:17.408340Z","level":"info","event":"88","chan":"stdout","logger":"task"}
{"timestamp":"2025-12-06T15:48:18.095971Z","level":"info","event":"89","chan":"stdout","logger":"task"}
{"timestamp":"2025-12-06T15:48:18.096898Z","level":"info","event":"  Processing song 90/100: El Cerrito Place by Kenny Chesney","chan":"stdout","logger":"task"}
{"timestamp":"2025-12-06T15:48:18.914947Z","level":"info","event":"90","chan":"stdout","logger":"task"}
{"timestamp":"2025-12-06T15:48:19.812999Z","level":"info","event":"91","chan":"stdout","logger":"task"}
{"timestamp":"2025-12-06T15:48:20.570536Z","level":"info","event":"92","chan":"stdout","logger":"task"}
{"timestamp":"2025-12-06T15:48:21.578795Z","level":"info","event":"93","chan":"stdout","logger":"task"}
{"timestamp":"2025-12-06T15:48:22.260067Z","level":"info","event":"94","chan":"stdout","logger":"task"}
{"timestamp":"2025-12-06T15:48:22.929407Z","level":"info","event":"95","chan":"stdout","logger":"task"}
{"timestamp":"2025-12-06T15:48:23.675748Z","level":"info","event":"96","chan":"stdout","logger":"task"}
{"timestamp":"2025-12-06T15:48:24.315278Z","level":"info","event":"97","chan":"stdout","logger":"task"}
{"timestamp":"2025-12-06T15:48:25.289594Z","level":"info","event":"Network error getting access token: HTTPSConnectionPool(host='accounts.spotify.com', port=443): Max retries exceeded with url: /api/token (Caused by SSLError(SSLEOFError(8, '[SSL: UNEXPECTED_EOF_WHILE_READING] EOF occurred in violation of protocol (_ssl.c:1010)'))). Retrying in 1s (attempt 1/3)...","chan":"stdout","logger":"task"}
{"timestamp":"2025-12-06T15:48:27.181445Z","level":"info","event":"98","chan":"stdout","logger":"task"}
{"timestamp":"2025-12-06T15:48:28.099083Z","level":"info","event":"99","chan":"stdout","logger":"task"}
{"timestamp":"2025-12-06T15:48:28.100220Z","level":"info","event":"  Processing song 100/100: Whispers In The Dark by Mumford & Sons","chan":"stdout","logger":"task"}
{"timestamp":"2025-12-06T15:48:28.805177Z","level":"info","event":"100","chan":"stdout","logger":"task"}
{"timestamp":"2025-12-06T15:48:28.806012Z","level":"info","event":"{'name': 'Maroon 5', 'id': '04gDigrS5kc9YWfZHwBETP', 'url': 'https://open.spotify.com/artist/04gDigrS5kc9YWfZHwBETP'}","chan":"stdout","logger":"task"}
{"timestamp":"2025-12-06T15:48:28.806484Z","level":"info","event":"https://musicbrainz.org/ws/2/url?resource=https://open.spotify.com/artist/04gDigrS5kc9YWfZHwBETP&inc=artist-rels&fmt=json","chan":"stdout","logger":"task"}
{"timestamp":"2025-12-06T15:48:29.247481Z","level":"info","event":"https://musicbrainz.org/ws/2/artist/0ab49580-c84f-44d4-875f-d83760ea2cfe?inc=tags&fmt=json","chan":"stdout","logger":"task"}
{"timestamp":"2025-12-06T15:48:30.444799Z","level":"info","event":"{'name': 'PSY', 'id': '2dd5mrQZvg6SmahdgVKDzh', 'url': 'https://open.spotify.com/artist/2dd5mrQZvg6SmahdgVKDzh'}","chan":"stdout","logger":"task"}
{"timestamp":"2025-12-06T15:48:30.445042Z","level":"info","event":"https://musicbrainz.org/ws/2/url?resource=https://open.spotify.com/artist/2dd5mrQZvg6SmahdgVKDzh&inc=artist-rels&fmt=json","chan":"stdout","logger":"task"}
{"timestamp":"2025-12-06T15:48:30.582603Z","level":"info","event":"https://musicbrainz.org/ws/2/artist/f99b7d67-4e63-4678-aa66-4c6ac0f7d24a?inc=tags&fmt=json","chan":"stdout","logger":"task"}
{"timestamp":"2025-12-06T15:48:31.891075Z","level":"info","event":"{'name': 'fun.', 'id': '5nCi3BB41mBaMH9gfr6Su0', 'url': 'https://open.spotify.com/artist/5nCi3BB41mBaMH9gfr6Su0'}","chan":"stdout","logger":"task"}
{"timestamp":"2025-12-06T15:48:31.892509Z","level":"info","event":"https://musicbrainz.org/ws/2/url?resource=https://open.spotify.com/artist/5nCi3BB41mBaMH9gfr6Su0&inc=artist-rels&fmt=json","chan":"stdout","logger":"task"}
{"timestamp":"2025-12-06T15:48:32.026727Z","level":"info","event":"https://musicbrainz.org/ws/2/artist/136c4166-85b3-4994-aa04-59857c434199?inc=tags&fmt=json","chan":"stdout","logger":"task"}
{"timestamp":"2025-12-06T15:48:33.182005Z","level":"info","event":"{'name': 'Taylor Swift', 'id': '06HL4z0CvFAxyc27GXpf02', 'url': 'https://open.spotify.com/artist/06HL4z0CvFAxyc27GXpf02'}","chan":"stdout","logger":"task"}
{"timestamp":"2025-12-06T15:48:33.182540Z","level":"info","event":"https://musicbrainz.org/ws/2/url?resource=https://open.spotify.com/artist/06HL4z0CvFAxyc27GXpf02&inc=artist-rels&fmt=json","chan":"stdout","logger":"task"}
{"timestamp":"2025-12-06T15:48:33.338152Z","level":"info","event":"https://musicbrainz.org/ws/2/artist/20244d07-534f-4eff-b4d4-930878889970?inc=tags&fmt=json","chan":"stdout","logger":"task"}
{"timestamp":"2025-12-06T15:48:34.513102Z","level":"info","event":"{'name': 'Kesha', 'id': '6LqNN22kT3074XbTVUrhzX', 'url': 'https://open.spotify.com/artist/6LqNN22kT3074XbTVUrhzX'}","chan":"stdout","logger":"task"}
{"timestamp":"2025-12-06T15:48:34.514357Z","level":"info","event":"https://musicbrainz.org/ws/2/url?resource=https://open.spotify.com/artist/6LqNN22kT3074XbTVUrhzX&inc=artist-rels&fmt=json","chan":"stdout","logger":"task"}
{"timestamp":"2025-12-06T15:48:34.672586Z","level":"info","event":"https://musicbrainz.org/ws/2/artist/fab34286-b8e1-4879-bce3-194e1358fbd2?inc=tags&fmt=json","chan":"stdout","logger":"task"}
{"timestamp":"2025-12-06T15:48:35.826897Z","level":"info","event":"{'name': 'Justin Bieber', 'id': '1uNFoZAHBGtllmzznpCI3s', 'url': 'https://open.spotify.com/artist/1uNFoZAHBGtllmzznpCI3s'}","chan":"stdout","logger":"task"}
{"timestamp":"2025-12-06T15:48:35.828162Z","level":"info","event":"https://musicbrainz.org/ws/2/url?resource=https://open.spotify.com/artist/1uNFoZAHBGtllmzznpCI3s&inc=artist-rels&fmt=json","chan":"stdout","logger":"task"}
{"timestamp":"2025-12-06T15:48:35.991982Z","level":"info","event":"https://musicbrainz.org/ws/2/artist/e0140a67-e4d1-4f13-8a01-364355bee46e?inc=tags&fmt=json","chan":"stdout","logger":"task"}
{"timestamp":"2025-12-06T15:48:37.287996Z","level":"info","event":"{'name': 'Big Sean', 'id': '0c173mlxpT3dSFRgMO8XPh', 'url': 'https://open.spotify.com/artist/0c173mlxpT3dSFRgMO8XPh'}","chan":"stdout","logger":"task"}
{"timestamp":"2025-12-06T15:48:37.293040Z","level":"info","event":"https://musicbrainz.org/ws/2/url?resource=https://open.spotify.com/artist/0c173mlxpT3dSFRgMO8XPh&inc=artist-rels&fmt=json","chan":"stdout","logger":"task"}
{"timestamp":"2025-12-06T15:48:37.473509Z","level":"info","event":"https://musicbrainz.org/ws/2/artist/942a9807-9c1a-4a0e-a285-1fde2c5be9d1?inc=tags&fmt=json","chan":"stdout","logger":"task"}
{"timestamp":"2025-12-06T15:49:19.038154Z","level":"info","event":"{'name': 'Alex Clare', 'id': '5Tf4EH8tDvznnjULcFxkIl', 'url': 'https://open.spotify.com/artist/5Tf4EH8tDvznnjULcFxkIl'}","chan":"stdout","logger":"task"}
{"timestamp":"2025-12-06T15:49:19.041749Z","level":"info","event":"https://musicbrainz.org/ws/2/url?resource=https://open.spotify.com/artist/5Tf4EH8tDvznnjULcFxkIl&inc=artist-rels&fmt=json","chan":"stdout","logger":"task"}
{"timestamp":"2025-12-06T15:49:19.208111Z","level":"info","event":"https://musicbrainz.org/ws/2/artist/e8c8a3c3-29b6-421e-b977-fb6796231d41?inc=tags&fmt=json","chan":"stdout","logger":"task"}
{"timestamp":"2025-12-06T15:49:19.363294Z","level":"info","event":"Rate limit hit. Retrying in 1s...","chan":"stdout","logger":"task"}
{"timestamp":"2025-12-06T15:49:21.737419Z","level":"info","event":"{'name': 'Rihanna', 'id': '5pKCCKE2ajJHZ9KAiaK11H', 'url': 'https://open.spotify.com/artist/5pKCCKE2ajJHZ9KAiaK11H'}","chan":"stdout","logger":"task"}
{"timestamp":"2025-12-06T15:49:21.740286Z","level":"info","event":"https://musicbrainz.org/ws/2/url?resource=https://open.spotify.com/artist/5pKCCKE2ajJHZ9KAiaK11H&inc=artist-rels&fmt=json","chan":"stdout","logger":"task"}
{"timestamp":"2025-12-06T15:49:22.062675Z","level":"info","event":"https://musicbrainz.org/ws/2/artist/73e5e69d-3554-40d8-8516-00cb38737a1c?inc=tags&fmt=json","chan":"stdout","logger":"task"}
{"timestamp":"2025-12-06T15:49:23.210892Z","level":"info","event":"{'name': 'Ne-Yo', 'id': '21E3waRsmPlU7jZsS13rcj', 'url': 'https://open.spotify.com/artist/21E3waRsmPlU7jZsS13rcj'}","chan":"stdout","logger":"task"}
{"timestamp":"2025-12-06T15:49:23.212459Z","level":"info","event":"https://musicbrainz.org/ws/2/url?resource=https://open.spotify.com/artist/21E3waRsmPlU7jZsS13rcj&inc=artist-rels&fmt=json","chan":"stdout","logger":"task"}
{"timestamp":"2025-12-06T15:49:23.348473Z","level":"info","event":"https://musicbrainz.org/ws/2/artist/a4a01f5d-18e7-4571-8c3a-76ec0e24e2d7?inc=tags&fmt=json","chan":"stdout","logger":"task"}
{"timestamp":"2025-12-06T15:49:24.497964Z","level":"info","event":"{'name': 'P!nk', 'id': '1KCSPY1glIKqW2TotWuXOR', 'url': 'https://open.spotify.com/artist/1KCSPY1glIKqW2TotWuXOR'}","chan":"stdout","logger":"task"}
{"timestamp":"2025-12-06T15:49:24.499983Z","level":"info","event":"https://musicbrainz.org/ws/2/url?resource=https://open.spotify.com/artist/1KCSPY1glIKqW2TotWuXOR&inc=artist-rels&fmt=json","chan":"stdout","logger":"task"}
{"timestamp":"2025-12-06T15:49:24.649347Z","level":"info","event":"https://musicbrainz.org/ws/2/artist/f4d5cc07-3bc9-4836-9b15-88a08359bc63?inc=tags&fmt=json","chan":"stdout","logger":"task"}
{"timestamp":"2025-12-06T15:49:25.790433Z","level":"info","event":"{'name': 'Chris Brown', 'id': '7bXgB6jMjp9ATFy66eO08Z', 'url': 'https://open.spotify.com/artist/7bXgB6jMjp9ATFy66eO08Z'}","chan":"stdout","logger":"task"}
{"timestamp":"2025-12-06T15:49:25.796522Z","level":"info","event":"https://musicbrainz.org/ws/2/url?resource=https://open.spotify.com/artist/7bXgB6jMjp9ATFy66eO08Z&inc=artist-rels&fmt=json","chan":"stdout","logger":"task"}
{"timestamp":"2025-12-06T15:49:25.946731Z","level":"info","event":"https://musicbrainz.org/ws/2/artist/c234fa42-e6a6-443e-937e-2f4b073538a3?inc=tags&fmt=json","chan":"stdout","logger":"task"}
{"timestamp":"2025-12-06T15:49:27.098956Z","level":"info","event":"{'name': 'Owl City', 'id': '07QEuhtrNmmZ0zEcqE9SF6', 'url': 'https://open.spotify.com/artist/07QEuhtrNmmZ0zEcqE9SF6'}","chan":"stdout","logger":"task"}
{"timestamp":"2025-12-06T15:49:27.099286Z","level":"info","event":"https://musicbrainz.org/ws/2/url?resource=https://open.spotify.com/artist/07QEuhtrNmmZ0zEcqE9SF6&inc=artist-rels&fmt=json","chan":"stdout","logger":"task"}
{"timestamp":"2025-12-06T15:49:27.255666Z","level":"info","event":"https://musicbrainz.org/ws/2/artist/ad279295-653f-42e1-9aaa-b731df2e78ba?inc=tags&fmt=json","chan":"stdout","logger":"task"}
{"timestamp":"2025-12-06T15:49:28.425072Z","level":"info","event":"{'name': 'Carly Rae Jepsen', 'id': '6sFIWsNpZYqfjUpaCgueju', 'url': 'https://open.spotify.com/artist/6sFIWsNpZYqfjUpaCgueju'}","chan":"stdout","logger":"task"}
{"timestamp":"2025-12-06T15:49:28.427032Z","level":"info","event":"https://musicbrainz.org/ws/2/url?resource=https://open.spotify.com/artist/6sFIWsNpZYqfjUpaCgueju&inc=artist-rels&fmt=json","chan":"stdout","logger":"task"}
{"timestamp":"2025-12-06T15:49:28.568504Z","level":"info","event":"https://musicbrainz.org/ws/2/artist/09887aa7-226e-4ecc-9a0c-02d2ae5777e1?inc=tags&fmt=json","chan":"stdout","logger":"task"}
{"timestamp":"2025-12-06T15:49:29.709197Z","level":"info","event":"{'name': 'Ellie Goulding', 'id': '0X2BH1fck6amBIoJhDVmmJ', 'url': 'https://open.spotify.com/artist/0X2BH1fck6amBIoJhDVmmJ'}","chan":"stdout","logger":"task"}
{"timestamp":"2025-12-06T15:49:29.709974Z","level":"info","event":"https://musicbrainz.org/ws/2/url?resource=https://open.spotify.com/artist/0X2BH1fck6amBIoJhDVmmJ&inc=artist-rels&fmt=json","chan":"stdout","logger":"task"}
{"timestamp":"2025-12-06T15:49:29.878219Z","level":"info","event":"https://musicbrainz.org/ws/2/artist/33ca19f4-18c8-4411-98df-ac23890ce9f5?inc=tags&fmt=json","chan":"stdout","logger":"task"}
{"timestamp":"2025-12-06T15:49:31.019949Z","level":"info","event":"{'name': 'Bruno Mars', 'id': '0du5cEVh5yTK9QJze8zA0C', 'url': 'https://open.spotify.com/artist/0du5cEVh5yTK9QJze8zA0C'}","chan":"stdout","logger":"task"}
{"timestamp":"2025-12-06T15:49:31.020262Z","level":"info","event":"https://musicbrainz.org/ws/2/url?resource=https://open.spotify.com/artist/0du5cEVh5yTK9QJze8zA0C&inc=artist-rels&fmt=json","chan":"stdout","logger":"task"}
{"timestamp":"2025-12-06T15:49:31.257264Z","level":"info","event":"https://musicbrainz.org/ws/2/artist/afb680f2-b6eb-4cd7-a70b-a63b25c763d5?inc=tags&fmt=json","chan":"stdout","logger":"task"}
{"timestamp":"2025-12-06T15:49:32.442630Z","level":"info","event":"{'name': 'Neon Trees', 'id': '0RpddSzUHfncUWNJXKOsjy', 'url': 'https://open.spotify.com/artist/0RpddSzUHfncUWNJXKOsjy'}","chan":"stdout","logger":"task"}
{"timestamp":"2025-12-06T15:49:32.444571Z","level":"info","event":"https://musicbrainz.org/ws/2/url?resource=https://open.spotify.com/artist/0RpddSzUHfncUWNJXKOsjy&inc=artist-rels&fmt=json","chan":"stdout","logger":"task"}
{"timestamp":"2025-12-06T15:49:32.587160Z","level":"info","event":"https://musicbrainz.org/ws/2/artist/16243662-8538-4746-a0fb-0d15b5828b8e?inc=tags&fmt=json","chan":"stdout","logger":"task"}
{"timestamp":"2025-12-06T15:49:33.742310Z","level":"info","event":"{'name': 'Phillip Phillips', 'id': '6p5JxpTc7USNnBnLzctyd4', 'url': 'https://open.spotify.com/artist/6p5JxpTc7USNnBnLzctyd4'}","chan":"stdout","logger":"task"}
{"timestamp":"2025-12-06T15:49:33.742802Z","level":"info","event":"https://musicbrainz.org/ws/2/url?resource=https://open.spotify.com/artist/6p5JxpTc7USNnBnLzctyd4&inc=artist-rels&fmt=json","chan":"stdout","logger":"task"}
{"timestamp":"2025-12-06T15:49:33.894377Z","level":"info","event":"https://musicbrainz.org/ws/2/artist/838483d3-a803-4194-9754-ad634fba8553?inc=tags&fmt=json","chan":"stdout","logger":"task"}
{"timestamp":"2025-12-06T15:49:35.067759Z","level":"info","event":"{'name': 'Kanye West', 'id': '5K4W6rqBFWDnAN6FQUkS6x', 'url': 'https://open.spotify.com/artist/5K4W6rqBFWDnAN6FQUkS6x'}","chan":"stdout","logger":"task"}
{"timestamp":"2025-12-06T15:49:35.069128Z","level":"info","event":"https://musicbrainz.org/ws/2/url?resource=https://open.spotify.com/artist/5K4W6rqBFWDnAN6FQUkS6x&inc=artist-rels&fmt=json","chan":"stdout","logger":"task"}
{"timestamp":"2025-12-06T15:49:35.245703Z","level":"info","event":"https://musicbrainz.org/ws/2/artist/164f0d73-1234-4e2c-8743-d77bf2191051?inc=tags&fmt=json","chan":"stdout","logger":"task"}
{"timestamp":"2025-12-06T15:49:36.397045Z","level":"info","event":"{'name': 'JAY-Z', 'id': '3nFkdlSjzX9mRTtwJOzDYB', 'url': 'https://open.spotify.com/artist/3nFkdlSjzX9mRTtwJOzDYB'}","chan":"stdout","logger":"task"}
{"timestamp":"2025-12-06T15:49:36.397981Z","level":"info","event":"https://musicbrainz.org/ws/2/url?resource=https://open.spotify.com/artist/3nFkdlSjzX9mRTtwJOzDYB&inc=artist-rels&fmt=json","chan":"stdout","logger":"task"}
{"timestamp":"2025-12-06T15:49:36.872950Z","level":"info","event":"https://musicbrainz.org/ws/2/artist/f82bcf78-5b69-4622-a5ef-73800768d9ac?inc=tags&fmt=json","chan":"stdout","logger":"task"}
{"timestamp":"2025-12-06T15:49:38.037708Z","level":"info","event":"{'name': 'Flo Rida', 'id': '0jnsk9HBra6NMjO2oANoPY', 'url': 'https://open.spotify.com/artist/0jnsk9HBra6NMjO2oANoPY'}","chan":"stdout","logger":"task"}
{"timestamp":"2025-12-06T15:49:38.039256Z","level":"info","event":"https://musicbrainz.org/ws/2/url?resource=https://open.spotify.com/artist/0jnsk9HBra6NMjO2oANoPY&inc=artist-rels&fmt=json","chan":"stdout","logger":"task"}
{"timestamp":"2025-12-06T15:49:38.205091Z","level":"info","event":"https://musicbrainz.org/ws/2/artist/4593d49a-7f67-46ba-9ec0-126bd676286f?inc=tags&fmt=json","chan":"stdout","logger":"task"}
{"timestamp":"2025-12-06T15:49:39.355560Z","level":"info","event":"{'name': 'Train', 'id': '3FUY2gzHeIiaesXtOAdB7A', 'url': 'https://open.spotify.com/artist/3FUY2gzHeIiaesXtOAdB7A'}","chan":"stdout","logger":"task"}
{"timestamp":"2025-12-06T15:49:39.356793Z","level":"info","event":"https://musicbrainz.org/ws/2/url?resource=https://open.spotify.com/artist/3FUY2gzHeIiaesXtOAdB7A&inc=artist-rels&fmt=json","chan":"stdout","logger":"task"}
{"timestamp":"2025-12-06T15:49:39.522978Z","level":"info","event":"https://musicbrainz.org/ws/2/artist/bfd5aec5-62a2-4560-a316-7c46c17babda?inc=tags&fmt=json","chan":"stdout","logger":"task"}
{"timestamp":"2025-12-06T15:49:40.683071Z","level":"info","event":"{'name': 'Carrie Underwood', 'id': '4xFUf1FHVy696Q1JQZMTRj', 'url': 'https://open.spotify.com/artist/4xFUf1FHVy696Q1JQZMTRj'}","chan":"stdout","logger":"task"}
{"timestamp":"2025-12-06T15:49:40.684763Z","level":"info","event":"https://musicbrainz.org/ws/2/url?resource=https://open.spotify.com/artist/4xFUf1FHVy696Q1JQZMTRj&inc=artist-rels&fmt=json","chan":"stdout","logger":"task"}
{"timestamp":"2025-12-06T15:49:40.838374Z","level":"info","event":"https://musicbrainz.org/ws/2/artist/70f0e309-5418-49b6-a130-666e2f76eecd?inc=tags&fmt=json","chan":"stdout","logger":"task"}
{"timestamp":"2025-12-06T15:49:40.947896Z","level":"info","event":"Rate limit hit. Retrying in 1s...","chan":"stdout","logger":"task"}
{"timestamp":"2025-12-06T15:49:42.076373Z","level":"info","event":"Rate limit hit. Retrying in 2s...","chan":"stdout","logger":"task"}
{"timestamp":"2025-12-06T15:49:45.233536Z","level":"info","event":"{'name': 'Miguel', 'id': '360IAlyVv4PCEVjgyMZrxK', 'url': 'https://open.spotify.com/artist/360IAlyVv4PCEVjgyMZrxK'}","chan":"stdout","logger":"task"}
{"timestamp":"2025-12-06T15:49:45.234375Z","level":"info","event":"https://musicbrainz.org/ws/2/url?resource=https://open.spotify.com/artist/360IAlyVv4PCEVjgyMZrxK&inc=artist-rels&fmt=json","chan":"stdout","logger":"task"}
{"timestamp":"2025-12-06T15:49:45.386008Z","level":"info","event":"https://musicbrainz.org/ws/2/artist/285e1285-aecc-478f-a8da-0c8cf69e1217?inc=tags&fmt=json","chan":"stdout","logger":"task"}
{"timestamp":"2025-12-06T15:49:46.577983Z","level":"info","event":"{'name': 'Gotye', 'id': '2AsusXITU8P25dlRNhcAbG', 'url': 'https://open.spotify.com/artist/2AsusXITU8P25dlRNhcAbG'}","chan":"stdout","logger":"task"}
{"timestamp":"2025-12-06T15:49:46.579074Z","level":"info","event":"https://musicbrainz.org/ws/2/url?resource=https://open.spotify.com/artist/2AsusXITU8P25dlRNhcAbG&inc=artist-rels&fmt=json","chan":"stdout","logger":"task"}
{"timestamp":"2025-12-06T15:49:46.729843Z","level":"info","event":"https://musicbrainz.org/ws/2/artist/6f6fd596-76e0-4b82-aa37-f558ac2d337b?inc=tags&fmt=json","chan":"stdout","logger":"task"}
{"timestamp":"2025-12-06T15:49:47.889100Z","level":"info","event":"{'name': 'Kimbra', 'id': '6hk7Yq1DU9QcCCrz9uc0Ti', 'url': 'https://open.spotify.com/artist/6hk7Yq1DU9QcCCrz9uc0Ti'}","chan":"stdout","logger":"task"}
{"timestamp":"2025-12-06T15:49:47.889949Z","level":"info","event":"https://musicbrainz.org/ws/2/url?resource=https://open.spotify.com/artist/6hk7Yq1DU9QcCCrz9uc0Ti&inc=artist-rels&fmt=json","chan":"stdout","logger":"task"}
{"timestamp":"2025-12-06T15:49:48.105276Z","level":"info","event":"https://musicbrainz.org/ws/2/artist/fad2875e-ba81-4637-b859-4684622dcb1c?inc=tags&fmt=json","chan":"stdout","logger":"task"}
{"timestamp":"2025-12-06T15:49:49.281350Z","level":"info","event":"{'name': 'The Lumineers', 'id': '16oZKvXb6WkQlVAjwo2Wbg', 'url': 'https://open.spotify.com/artist/16oZKvXb6WkQlVAjwo2Wbg'}","chan":"stdout","logger":"task"}
{"timestamp":"2025-12-06T15:49:49.282310Z","level":"info","event":"https://musicbrainz.org/ws/2/url?resource=https://open.spotify.com/artist/16oZKvXb6WkQlVAjwo2Wbg&inc=artist-rels&fmt=json","chan":"stdout","logger":"task"}
{"timestamp":"2025-12-06T15:49:49.439448Z","level":"info","event":"https://musicbrainz.org/ws/2/artist/bfcb6630-9b31-4e63-b11f-7b0363be72b5?inc=tags&fmt=json","chan":"stdout","logger":"task"}
{"timestamp":"2025-12-06T15:49:50.574920Z","level":"info","event":"{'name': 'Katy Perry', 'id': '6jJ0s89eD6GaHleKKya26X', 'url': 'https://open.spotify.com/artist/6jJ0s89eD6GaHleKKya26X'}","chan":"stdout","logger":"task"}
{"timestamp":"2025-12-06T15:49:50.575550Z","level":"info","event":"https://musicbrainz.org/ws/2/url?resource=https://open.spotify.com/artist/6jJ0s89eD6GaHleKKya26X&inc=artist-rels&fmt=json","chan":"stdout","logger":"task"}
{"timestamp":"2025-12-06T15:49:50.764744Z","level":"info","event":"https://musicbrainz.org/ws/2/artist/122d63fc-8671-43e4-9752-34e846d62a9c?inc=tags&fmt=json","chan":"stdout","logger":"task"}
{"timestamp":"2025-12-06T15:49:51.910144Z","level":"info","event":"{'name': 'Florida Georgia Line', 'id': '3b8QkneNDz4JHKKKlLgYZg', 'url': 'https://open.spotify.com/artist/3b8QkneNDz4JHKKKlLgYZg'}","chan":"stdout","logger":"task"}
{"timestamp":"2025-12-06T15:49:51.911907Z","level":"info","event":"https://musicbrainz.org/ws/2/url?resource=https://open.spotify.com/artist/3b8QkneNDz4JHKKKlLgYZg&inc=artist-rels&fmt=json","chan":"stdout","logger":"task"}
{"timestamp":"2025-12-06T15:49:52.070412Z","level":"info","event":"https://musicbrainz.org/ws/2/artist/c16817df-0160-490d-a437-c128cbca9218?inc=tags&fmt=json","chan":"stdout","logger":"task"}
{"timestamp":"2025-12-06T15:49:53.217006Z","level":"info","event":"{'name': 'David Guetta', 'id': '1Cs0zKBU1kc0i8ypK3B9ai', 'url': 'https://open.spotify.com/artist/1Cs0zKBU1kc0i8ypK3B9ai'}","chan":"stdout","logger":"task"}
{"timestamp":"2025-12-06T15:49:53.221297Z","level":"info","event":"https://musicbrainz.org/ws/2/url?resource=https://open.spotify.com/artist/1Cs0zKBU1kc0i8ypK3B9ai&inc=artist-rels&fmt=json","chan":"stdout","logger":"task"}
{"timestamp":"2025-12-06T15:49:53.788058Z","level":"info","event":"https://musicbrainz.org/ws/2/artist/302bd7b9-d012-4360-897a-93b00c855680?inc=tags&fmt=json","chan":"stdout","logger":"task"}
{"timestamp":"2025-12-06T15:49:54.949189Z","level":"info","event":"{'name': 'Sia', 'id': '5WUlDfRSoLAfcVSX1WnrxN', 'url': 'https://open.spotify.com/artist/5WUlDfRSoLAfcVSX1WnrxN'}","chan":"stdout","logger":"task"}
{"timestamp":"2025-12-06T15:49:54.950630Z","level":"info","event":"https://musicbrainz.org/ws/2/url?resource=https://open.spotify.com/artist/5WUlDfRSoLAfcVSX1WnrxN&inc=artist-rels&fmt=json","chan":"stdout","logger":"task"}
{"timestamp":"2025-12-06T15:49:55.091901Z","level":"info","event":"https://musicbrainz.org/ws/2/artist/2f548675-008d-4332-876c-108b0c7ab9c5?inc=tags&fmt=json","chan":"stdout","logger":"task"}
{"timestamp":"2025-12-06T15:49:56.251814Z","level":"info","event":"{'name': 'One Direction', 'id': '4AK6F7OLvEQ5QYCBNiQWHq', 'url': 'https://open.spotify.com/artist/4AK6F7OLvEQ5QYCBNiQWHq'}","chan":"stdout","logger":"task"}
{"timestamp":"2025-12-06T15:49:56.252368Z","level":"info","event":"https://musicbrainz.org/ws/2/url?resource=https://open.spotify.com/artist/4AK6F7OLvEQ5QYCBNiQWHq&inc=artist-rels&fmt=json","chan":"stdout","logger":"task"}
{"timestamp":"2025-12-06T15:49:56.393447Z","level":"info","event":"https://musicbrainz.org/ws/2/artist/1a425bbd-cca4-4b2c-aeb7-71cb176c828a?inc=tags&fmt=json","chan":"stdout","logger":"task"}
{"timestamp":"2025-12-06T15:49:57.539577Z","level":"info","event":"{'name': 'Wiz Khalifa', 'id': '137W8MRPWKqSmrBGDBFSop', 'url': 'https://open.spotify.com/artist/137W8MRPWKqSmrBGDBFSop'}","chan":"stdout","logger":"task"}
{"timestamp":"2025-12-06T15:49:57.543064Z","level":"info","event":"https://musicbrainz.org/ws/2/url?resource=https://open.spotify.com/artist/137W8MRPWKqSmrBGDBFSop&inc=artist-rels&fmt=json","chan":"stdout","logger":"task"}
{"timestamp":"2025-12-06T15:49:57.680910Z","level":"info","event":"https://musicbrainz.org/ws/2/artist/f5dfa020-ad69-41cd-b3d4-fd7af0414e94?inc=tags&fmt=json","chan":"stdout","logger":"task"}
{"timestamp":"2025-12-06T15:49:58.830403Z","level":"info","event":"{'name': 'Pusha T', 'id': '0ONHkAv9pCAFxb0zJwDNTy', 'url': 'https://open.spotify.com/artist/0ONHkAv9pCAFxb0zJwDNTy'}","chan":"stdout","logger":"task"}
{"timestamp":"2025-12-06T15:49:58.834654Z","level":"info","event":"https://musicbrainz.org/ws/2/url?resource=https://open.spotify.com/artist/0ONHkAv9pCAFxb0zJwDNTy&inc=artist-rels&fmt=json","chan":"stdout","logger":"task"}
{"timestamp":"2025-12-06T15:49:58.995432Z","level":"info","event":"https://musicbrainz.org/ws/2/artist/14ecd19f-7121-4192-8549-e5056241a42f?inc=tags&fmt=json","chan":"stdout","logger":"task"}
{"timestamp":"2025-12-06T15:50:00.152487Z","level":"info","event":"{'name': '2 Chainz', 'id': '17lzZA2AlOHwCwFALHttmp', 'url': 'https://open.spotify.com/artist/17lzZA2AlOHwCwFALHttmp'}","chan":"stdout","logger":"task"}
{"timestamp":"2025-12-06T15:50:00.158370Z","level":"info","event":"https://musicbrainz.org/ws/2/url?resource=https://open.spotify.com/artist/17lzZA2AlOHwCwFALHttmp&inc=artist-rels&fmt=json","chan":"stdout","logger":"task"}
{"timestamp":"2025-12-06T15:50:00.317986Z","level":"info","event":"https://musicbrainz.org/ws/2/artist/dff0d392-4cd5-4052-9fbb-f485df3891e5?inc=tags&fmt=json","chan":"stdout","logger":"task"}
{"timestamp":"2025-12-06T15:50:01.488732Z","level":"info","event":"{'name': 'Mumford & Sons', 'id': '3gd8FJtBJtkRxdfbTu19U2', 'url': 'https://open.spotify.com/artist/3gd8FJtBJtkRxdfbTu19U2'}","chan":"stdout","logger":"task"}
{"timestamp":"2025-12-06T15:50:01.491809Z","level":"info","event":"https://musicbrainz.org/ws/2/url?resource=https://open.spotify.com/artist/3gd8FJtBJtkRxdfbTu19U2&inc=artist-rels&fmt=json","chan":"stdout","logger":"task"}
{"timestamp":"2025-12-06T15:50:01.761166Z","level":"info","event":"https://musicbrainz.org/ws/2/artist/c44e9c22-ef82-4a77-9bcd-af6c958446d6?inc=tags&fmt=json","chan":"stdout","logger":"task"}
{"timestamp":"2025-12-06T15:50:02.908488Z","level":"info","event":"{'name': 'Imagine Dragons', 'id': '53XhwfbYqKCa1cC15pYq2q', 'url': 'https://open.spotify.com/artist/53XhwfbYqKCa1cC15pYq2q'}","chan":"stdout","logger":"task"}
{"timestamp":"2025-12-06T15:50:02.909292Z","level":"info","event":"https://musicbrainz.org/ws/2/url?resource=https://open.spotify.com/artist/53XhwfbYqKCa1cC15pYq2q&inc=artist-rels&fmt=json","chan":"stdout","logger":"task"}
{"timestamp":"2025-12-06T15:50:03.052402Z","level":"info","event":"https://musicbrainz.org/ws/2/artist/012151a8-0f9a-44c9-997f-ebd68b5389f9?inc=tags&fmt=json","chan":"stdout","logger":"task"}
{"timestamp":"2025-12-06T15:50:03.162892Z","level":"info","event":"Rate limit hit. Retrying in 1s...","chan":"stdout","logger":"task"}
{"timestamp":"2025-12-06T15:50:05.313195Z","level":"info","event":"{'name': 'Enrique Iglesias', 'id': '7qG3b048QCHVRO5Pv1T5lw', 'url': 'https://open.spotify.com/artist/7qG3b048QCHVRO5Pv1T5lw'}","chan":"stdout","logger":"task"}
{"timestamp":"2025-12-06T15:50:05.316118Z","level":"info","event":"https://musicbrainz.org/ws/2/url?resource=https://open.spotify.com/artist/7qG3b048QCHVRO5Pv1T5lw&inc=artist-rels&fmt=json","chan":"stdout","logger":"task"}
{"timestamp":"2025-12-06T15:50:05.465358Z","level":"info","event":"https://musicbrainz.org/ws/2/artist/35f866dc-c061-48ba-8157-cf2e0eac4857?inc=tags&fmt=json","chan":"stdout","logger":"task"}
{"timestamp":"2025-12-06T15:50:06.622691Z","level":"info","event":"{'name': 'Sammy Adams', 'id': '1S9WGrK7SZfXXQtHBYzDle', 'url': 'https://open.spotify.com/artist/1S9WGrK7SZfXXQtHBYzDle'}","chan":"stdout","logger":"task"}
{"timestamp":"2025-12-06T15:50:06.624501Z","level":"info","event":"https://musicbrainz.org/ws/2/url?resource=https://open.spotify.com/artist/1S9WGrK7SZfXXQtHBYzDle&inc=artist-rels&fmt=json","chan":"stdout","logger":"task"}
{"timestamp":"2025-12-06T15:50:06.759517Z","level":"info","event":"https://musicbrainz.org/ws/2/artist/2d187d80-9d67-4ab6-99e4-a466b222554a?inc=tags&fmt=json","chan":"stdout","logger":"task"}
{"timestamp":"2025-12-06T15:50:07.910544Z","level":"info","event":"{'name': 'French Montana', 'id': '6vXTefBL93Dj5IqAWq6OTv', 'url': 'https://open.spotify.com/artist/6vXTefBL93Dj5IqAWq6OTv'}","chan":"stdout","logger":"task"}
{"timestamp":"2025-12-06T15:50:07.913500Z","level":"info","event":"https://musicbrainz.org/ws/2/url?resource=https://open.spotify.com/artist/6vXTefBL93Dj5IqAWq6OTv&inc=artist-rels&fmt=json","chan":"stdout","logger":"task"}
{"timestamp":"2025-12-06T15:50:08.075372Z","level":"info","event":"https://musicbrainz.org/ws/2/artist/45dc5f07-6609-4760-a933-8c9e0f858d05?inc=tags&fmt=json","chan":"stdout","logger":"task"}
{"timestamp":"2025-12-06T15:50:09.226768Z","level":"info","event":"{'name': 'Rick Ross', 'id': '1sBkRIssrMs1AbVkOJbc7a', 'url': 'https://open.spotify.com/artist/1sBkRIssrMs1AbVkOJbc7a'}","chan":"stdout","logger":"task"}
{"timestamp":"2025-12-06T15:50:09.229201Z","level":"info","event":"https://musicbrainz.org/ws/2/url?resource=https://open.spotify.com/artist/1sBkRIssrMs1AbVkOJbc7a&inc=artist-rels&fmt=json","chan":"stdout","logger":"task"}
{"timestamp":"2025-12-06T15:50:09.433141Z","level":"info","event":"https://musicbrainz.org/ws/2/artist/13bcb2bb-db37-4397-baf5-e0f085be2d64?inc=tags&fmt=json","chan":"stdout","logger":"task"}
{"timestamp":"2025-12-06T15:50:10.676700Z","level":"info","event":"{'name': 'Drake', 'id': '3TVXtAsR1Inumwj472S9r4', 'url': 'https://open.spotify.com/artist/3TVXtAsR1Inumwj472S9r4'}","chan":"stdout","logger":"task"}
{"timestamp":"2025-12-06T15:50:10.678863Z","level":"info","event":"https://musicbrainz.org/ws/2/url?resource=https://open.spotify.com/artist/3TVXtAsR1Inumwj472S9r4&inc=artist-rels&fmt=json","chan":"stdout","logger":"task"}
{"timestamp":"2025-12-06T15:50:10.819433Z","level":"info","event":"https://musicbrainz.org/ws/2/artist/9fff2f8a-21e6-47de-a2b8-7f449929d43f?inc=tags&fmt=json","chan":"stdout","logger":"task"}
{"timestamp":"2025-12-06T15:50:11.965324Z","level":"info","event":"{'name': 'Lil Wayne', 'id': '55Aa2cqylxrFIXC767Z865', 'url': 'https://open.spotify.com/artist/55Aa2cqylxrFIXC767Z865'}","chan":"stdout","logger":"task"}
{"timestamp":"2025-12-06T15:50:11.977557Z","level":"info","event":"https://musicbrainz.org/ws/2/url?resource=https://open.spotify.com/artist/55Aa2cqylxrFIXC767Z865&inc=artist-rels&fmt=json","chan":"stdout","logger":"task"}
{"timestamp":"2025-12-06T15:50:12.215905Z","level":"info","event":"https://musicbrainz.org/ws/2/artist/ac9a487a-d9d2-4f27-bb23-0f4686488345?inc=tags&fmt=json","chan":"stdout","logger":"task"}
{"timestamp":"2025-12-06T15:50:13.400900Z","level":"info","event":"{'name': 'Hunter Hayes', 'id': '7H6dkUChT5EoOQtUVMg4cN', 'url': 'https://open.spotify.com/artist/7H6dkUChT5EoOQtUVMg4cN'}","chan":"stdout","logger":"task"}
{"timestamp":"2025-12-06T15:50:13.401976Z","level":"info","event":"https://musicbrainz.org/ws/2/url?resource=https://open.spotify.com/artist/7H6dkUChT5EoOQtUVMg4cN&inc=artist-rels&fmt=json","chan":"stdout","logger":"task"}
{"timestamp":"2025-12-06T15:50:13.556041Z","level":"info","event":"https://musicbrainz.org/ws/2/artist/0c75ddc6-2b5d-4b01-8c99-3d9479a14683?inc=tags&fmt=json","chan":"stdout","logger":"task"}
{"timestamp":"2025-12-06T15:50:14.730993Z","level":"info","event":"{'name': 'Demi Lovato', 'id': '6S2OmqARrzebs0tKUEyXyp', 'url': 'https://open.spotify.com/artist/6S2OmqARrzebs0tKUEyXyp'}","chan":"stdout","logger":"task"}
{"timestamp":"2025-12-06T15:50:14.732535Z","level":"info","event":"https://musicbrainz.org/ws/2/url?resource=https://open.spotify.com/artist/6S2OmqARrzebs0tKUEyXyp&inc=artist-rels&fmt=json","chan":"stdout","logger":"task"}
{"timestamp":"2025-12-06T15:50:14.985894Z","level":"info","event":"https://musicbrainz.org/ws/2/artist/faf4cefb-036c-4c88-b93a-5b03dd0a0e6b?inc=tags&fmt=json","chan":"stdout","logger":"task"}
{"timestamp":"2025-12-06T15:50:16.141708Z","level":"info","event":"{'name': 'Lee Brice', 'id': '5Zq7R5qmi58ByYyBQTlNuk', 'url': 'https://open.spotify.com/artist/5Zq7R5qmi58ByYyBQTlNuk'}","chan":"stdout","logger":"task"}
{"timestamp":"2025-12-06T15:50:16.142727Z","level":"info","event":"https://musicbrainz.org/ws/2/url?resource=https://open.spotify.com/artist/5Zq7R5qmi58ByYyBQTlNuk&inc=artist-rels&fmt=json","chan":"stdout","logger":"task"}
{"timestamp":"2025-12-06T15:50:16.444529Z","level":"info","event":"https://musicbrainz.org/ws/2/artist/48a6d065-1fda-4280-ae39-df1394d419cd?inc=tags&fmt=json","chan":"stdout","logger":"task"}
{"timestamp":"2025-12-06T15:50:17.772764Z","level":"info","event":"{'name': 'Ed Sheeran', 'id': '6eUKZXaKkcviH0Ku9w2n3V', 'url': 'https://open.spotify.com/artist/6eUKZXaKkcviH0Ku9w2n3V'}","chan":"stdout","logger":"task"}
{"timestamp":"2025-12-06T15:50:17.773927Z","level":"info","event":"https://musicbrainz.org/ws/2/url?resource=https://open.spotify.com/artist/6eUKZXaKkcviH0Ku9w2n3V&inc=artist-rels&fmt=json","chan":"stdout","logger":"task"}
{"timestamp":"2025-12-06T15:50:17.978056Z","level":"info","event":"https://musicbrainz.org/ws/2/artist/b8a7c51f-362c-4dcb-a259-bc6e0095f0a6?inc=tags&fmt=json","chan":"stdout","logger":"task"}
{"timestamp":"2025-12-06T15:56:00.794248Z","level":"info","event":"{'name': 'Luke Bryan', 'id': '0BvkDsjIUla7X0k6CSWh1I', 'url': 'https://open.spotify.com/artist/0BvkDsjIUla7X0k6CSWh1I'}","chan":"stdout","logger":"task"}
{"timestamp":"2025-12-06T15:56:00.795066Z","level":"info","event":"https://musicbrainz.org/ws/2/url?resource=https://open.spotify.com/artist/0BvkDsjIUla7X0k6CSWh1I&inc=artist-rels&fmt=json","chan":"stdout","logger":"task"}
{"timestamp":"2025-12-06T15:56:01.060418Z","level":"info","event":"https://musicbrainz.org/ws/2/artist/aab35942-f176-4f77-bbf9-1d6aa98ccf3f?inc=tags&fmt=json","chan":"stdout","logger":"task"}
{"timestamp":"2025-12-06T15:56:02.336599Z","level":"info","event":"{'name': 'Jason Mraz', 'id': '4phGZZrJZRo4ElhRtViYdl', 'url': 'https://open.spotify.com/artist/4phGZZrJZRo4ElhRtViYdl'}","chan":"stdout","logger":"task"}
{"timestamp":"2025-12-06T15:56:02.340247Z","level":"info","event":"https://musicbrainz.org/ws/2/url?resource=https://open.spotify.com/artist/4phGZZrJZRo4ElhRtViYdl&inc=artist-rels&fmt=json","chan":"stdout","logger":"task"}
{"timestamp":"2025-12-06T15:56:02.507331Z","level":"info","event":"https://musicbrainz.org/ws/2/artist/82eb8936-7bf6-4577-8320-a2639465206d?inc=tags&fmt=json","chan":"stdout","logger":"task"}
{"timestamp":"2025-12-06T15:56:03.672431Z","level":"info","event":"{'name': 'Adele', 'id': '4dpARuHxo51G3z768sgnrY', 'url': 'https://open.spotify.com/artist/4dpARuHxo51G3z768sgnrY'}","chan":"stdout","logger":"task"}
{"timestamp":"2025-12-06T15:56:03.675991Z","level":"info","event":"https://musicbrainz.org/ws/2/url?resource=https://open.spotify.com/artist/4dpARuHxo51G3z768sgnrY&inc=artist-rels&fmt=json","chan":"stdout","logger":"task"}
{"timestamp":"2025-12-06T15:56:03.819672Z","level":"info","event":"https://musicbrainz.org/ws/2/artist/cc2c9c3c-b7bc-4b8b-84d8-4fbd8779e493?inc=tags&fmt=json","chan":"stdout","logger":"task"}
{"timestamp":"2025-12-06T15:56:04.966770Z","level":"info","event":"{'name': 'Juicy J', 'id': '5gCRApTajqwbnHHPbr2Fpi', 'url': 'https://open.spotify.com/artist/5gCRApTajqwbnHHPbr2Fpi'}","chan":"stdout","logger":"task"}
{"timestamp":"2025-12-06T15:56:04.968346Z","level":"info","event":"https://musicbrainz.org/ws/2/url?resource=https://open.spotify.com/artist/5gCRApTajqwbnHHPbr2Fpi&inc=artist-rels&fmt=json","chan":"stdout","logger":"task"}
{"timestamp":"2025-12-06T15:56:05.097820Z","level":"info","event":"https://musicbrainz.org/ws/2/artist/c45d161f-83ce-4464-ba41-44202e6916d9?inc=tags&fmt=json","chan":"stdout","logger":"task"}
{"timestamp":"2025-12-06T15:56:06.278987Z","level":"info","event":"{'name': 'Alicia Keys', 'id': '3DiDSECUqqY1AuBP8qtaIa', 'url': 'https://open.spotify.com/artist/3DiDSECUqqY1AuBP8qtaIa'}","chan":"stdout","logger":"task"}
{"timestamp":"2025-12-06T15:56:06.280416Z","level":"info","event":"https://musicbrainz.org/ws/2/url?resource=https://open.spotify.com/artist/3DiDSECUqqY1AuBP8qtaIa&inc=artist-rels&fmt=json","chan":"stdout","logger":"task"}
{"timestamp":"2025-12-06T15:56:06.511749Z","level":"info","event":"https://musicbrainz.org/ws/2/artist/8ef1df30-ae4f-4dbd-9351-1a32b208a01e?inc=tags&fmt=json","chan":"stdout","logger":"task"}
{"timestamp":"2025-12-06T15:56:07.679623Z","level":"info","event":"{'name': 'Trey Songz', 'id': '2iojnBLj0qIMiKPvVhLnsH', 'url': 'https://open.spotify.com/artist/2iojnBLj0qIMiKPvVhLnsH'}","chan":"stdout","logger":"task"}
{"timestamp":"2025-12-06T15:56:07.680183Z","level":"info","event":"https://musicbrainz.org/ws/2/url?resource=https://open.spotify.com/artist/2iojnBLj0qIMiKPvVhLnsH&inc=artist-rels&fmt=json","chan":"stdout","logger":"task"}
{"timestamp":"2025-12-06T15:56:07.834382Z","level":"info","event":"https://musicbrainz.org/ws/2/artist/4d7304f6-7fe3-4959-9d98-01a5af84afe6?inc=tags&fmt=json","chan":"stdout","logger":"task"}
{"timestamp":"2025-12-06T15:56:08.990347Z","level":"info","event":"{'name': 'T.I.', 'id': '4OBJLual30L7gRl5UkeRcT', 'url': 'https://open.spotify.com/artist/4OBJLual30L7gRl5UkeRcT'}","chan":"stdout","logger":"task"}
{"timestamp":"2025-12-06T15:56:08.991152Z","level":"info","event":"https://musicbrainz.org/ws/2/url?resource=https://open.spotify.com/artist/4OBJLual30L7gRl5UkeRcT&inc=artist-rels&fmt=json","chan":"stdout","logger":"task"}
{"timestamp":"2025-12-06T15:56:09.214920Z","level":"info","event":"https://musicbrainz.org/ws/2/artist/f7ba7fbe-c6bd-4ac0-bee9-c25c558d7d62?inc=tags&fmt=json","chan":"stdout","logger":"task"}
{"timestamp":"2025-12-06T15:56:10.362003Z","level":"info","event":"{'name': 'Tyler, The Creator', 'id': '4V8LLVI7PbaPR0K2TGSxFF', 'url': 'https://open.spotify.com/artist/4V8LLVI7PbaPR0K2TGSxFF'}","chan":"stdout","logger":"task"}
{"timestamp":"2025-12-06T15:56:10.362748Z","level":"info","event":"https://musicbrainz.org/ws/2/url?resource=https://open.spotify.com/artist/4V8LLVI7PbaPR0K2TGSxFF&inc=artist-rels&fmt=json","chan":"stdout","logger":"task"}
{"timestamp":"2025-12-06T15:56:10.502107Z","level":"info","event":"https://musicbrainz.org/ws/2/artist/f6beac20-5dfe-4d1f-ae02-0b0a740aafd6?inc=tags&fmt=json","chan":"stdout","logger":"task"}
{"timestamp":"2025-12-06T15:56:11.633639Z","level":"info","event":"{'name': 'Doechii', 'id': '4E2rKHVDssGJm2SCDOMMJB', 'url': 'https://open.spotify.com/artist/4E2rKHVDssGJm2SCDOMMJB'}","chan":"stdout","logger":"task"}
{"timestamp":"2025-12-06T15:56:11.636183Z","level":"info","event":"https://musicbrainz.org/ws/2/url?resource=https://open.spotify.com/artist/4E2rKHVDssGJm2SCDOMMJB&inc=artist-rels&fmt=json","chan":"stdout","logger":"task"}
{"timestamp":"2025-12-06T15:56:11.854444Z","level":"info","event":"https://musicbrainz.org/ws/2/artist/9f75277c-b283-4846-ac8c-f932255cd0ac?inc=tags&fmt=json","chan":"stdout","logger":"task"}
{"timestamp":"2025-12-06T15:56:12.990106Z","level":"info","event":"{'name': 'Nicki Minaj', 'id': '0hCNtLu0JehylgoiP8L4Gh', 'url': 'https://open.spotify.com/artist/0hCNtLu0JehylgoiP8L4Gh'}","chan":"stdout","logger":"task"}
{"timestamp":"2025-12-06T15:56:12.991025Z","level":"info","event":"https://musicbrainz.org/ws/2/url?resource=https://open.spotify.com/artist/0hCNtLu0JehylgoiP8L4Gh&inc=artist-rels&fmt=json","chan":"stdout","logger":"task"}
{"timestamp":"2025-12-06T15:56:13.177660Z","level":"info","event":"https://musicbrainz.org/ws/2/artist/1036b808-f58c-4a3e-b461-a2c4492ecf1b?inc=tags&fmt=json","chan":"stdout","logger":"task"}
{"timestamp":"2025-12-06T15:56:14.330971Z","level":"info","event":"{'name': 'Frank Ocean', 'id': '2h93pZq0e7k5yf4dywlkpM', 'url': 'https://open.spotify.com/artist/2h93pZq0e7k5yf4dywlkpM'}","chan":"stdout","logger":"task"}
{"timestamp":"2025-12-06T15:56:14.331865Z","level":"info","event":"https://musicbrainz.org/ws/2/url?resource=https://open.spotify.com/artist/2h93pZq0e7k5yf4dywlkpM&inc=artist-rels&fmt=json","chan":"stdout","logger":"task"}
{"timestamp":"2025-12-06T15:56:14.576529Z","level":"info","event":"https://musicbrainz.org/ws/2/artist/e520459c-dff4-491d-a6e4-c97be35e0044?inc=tags&fmt=json","chan":"stdout","logger":"task"}
{"timestamp":"2025-12-06T15:56:15.726580Z","level":"info","event":"{'name': 'Future', 'id': '1RyvyyTE3xzB2ZywiAwp0i', 'url': 'https://open.spotify.com/artist/1RyvyyTE3xzB2ZywiAwp0i'}","chan":"stdout","logger":"task"}
{"timestamp":"2025-12-06T15:56:15.729558Z","level":"info","event":"https://musicbrainz.org/ws/2/url?resource=https://open.spotify.com/artist/1RyvyyTE3xzB2ZywiAwp0i&inc=artist-rels&fmt=json","chan":"stdout","logger":"task"}
{"timestamp":"2025-12-06T15:56:15.877331Z","level":"info","event":"https://musicbrainz.org/ws/2/artist/48262e82-db9f-4a92-b650-dfef979b73ec?inc=tags&fmt=json","chan":"stdout","logger":"task"}
{"timestamp":"2025-12-06T15:56:17.026161Z","level":"info","event":"{'name': 'Kelly Clarkson', 'id': '3BmGtnKgCSGYIUhmivXKWX', 'url': 'https://open.spotify.com/artist/3BmGtnKgCSGYIUhmivXKWX'}","chan":"stdout","logger":"task"}
{"timestamp":"2025-12-06T15:56:17.027331Z","level":"info","event":"https://musicbrainz.org/ws/2/url?resource=https://open.spotify.com/artist/3BmGtnKgCSGYIUhmivXKWX&inc=artist-rels&fmt=json","chan":"stdout","logger":"task"}
{"timestamp":"2025-12-06T15:56:17.166195Z","level":"info","event":"https://musicbrainz.org/ws/2/artist/d339efbb-77b9-4147-ba9e-59f2f24550b2?inc=tags&fmt=json","chan":"stdout","logger":"task"}
{"timestamp":"2025-12-06T15:56:18.319606Z","level":"info","event":"{'name': 'Kendrick Lamar', 'id': '2YZyLoL8N0Wb9xBt1NhZWg', 'url': 'https://open.spotify.com/artist/2YZyLoL8N0Wb9xBt1NhZWg'}","chan":"stdout","logger":"task"}
{"timestamp":"2025-12-06T15:56:18.320059Z","level":"info","event":"https://musicbrainz.org/ws/2/url?resource=https://open.spotify.com/artist/2YZyLoL8N0Wb9xBt1NhZWg&inc=artist-rels&fmt=json","chan":"stdout","logger":"task"}
{"timestamp":"2025-12-06T15:56:18.467278Z","level":"info","event":"https://musicbrainz.org/ws/2/artist/381086ea-f511-4aba-bdf9-71c753dc5077?inc=tags&fmt=json","chan":"stdout","logger":"task"}
{"timestamp":"2025-12-06T15:56:19.615114Z","level":"info","event":"{'name': 'OneRepublic', 'id': '5Pwc4xIPtQLFEnJriah9YJ', 'url': 'https://open.spotify.com/artist/5Pwc4xIPtQLFEnJriah9YJ'}","chan":"stdout","logger":"task"}
{"timestamp":"2025-12-06T15:56:19.616942Z","level":"info","event":"https://musicbrainz.org/ws/2/url?resource=https://open.spotify.com/artist/5Pwc4xIPtQLFEnJriah9YJ&inc=artist-rels&fmt=json","chan":"stdout","logger":"task"}
{"timestamp":"2025-12-06T15:56:19.771102Z","level":"info","event":"https://musicbrainz.org/ws/2/artist/c33c2065-b1c3-4406-b066-d33a9e2ea71a?inc=tags&fmt=json","chan":"stdout","logger":"task"}
{"timestamp":"2025-12-06T15:56:20.986910Z","level":"info","event":"{'name': 'Jake Owen', 'id': '1n2pb9Tsfe4SwAjmUac6YT', 'url': 'https://open.spotify.com/artist/1n2pb9Tsfe4SwAjmUac6YT'}","chan":"stdout","logger":"task"}
{"timestamp":"2025-12-06T15:56:20.987316Z","level":"info","event":"https://musicbrainz.org/ws/2/url?resource=https://open.spotify.com/artist/1n2pb9Tsfe4SwAjmUac6YT&inc=artist-rels&fmt=json","chan":"stdout","logger":"task"}
{"timestamp":"2025-12-06T15:56:21.129331Z","level":"info","event":"https://musicbrainz.org/ws/2/artist/508f4f83-26dc-4d21-98d9-1a8c04d5ad4a?inc=tags&fmt=json","chan":"stdout","logger":"task"}
{"timestamp":"2025-12-06T15:56:22.323692Z","level":"info","event":"{'name': 'Christina Aguilera', 'id': '1l7ZsJRRS8wlW3WfJfPfNS', 'url': 'https://open.spotify.com/artist/1l7ZsJRRS8wlW3WfJfPfNS'}","chan":"stdout","logger":"task"}
{"timestamp":"2025-12-06T15:56:22.324474Z","level":"info","event":"https://musicbrainz.org/ws/2/url?resource=https://open.spotify.com/artist/1l7ZsJRRS8wlW3WfJfPfNS&inc=artist-rels&fmt=json","chan":"stdout","logger":"task"}
{"timestamp":"2025-12-06T15:56:22.541069Z","level":"info","event":"https://musicbrainz.org/ws/2/artist/b202beb7-99bd-47e7-8b72-195c8d72ebdd?inc=tags&fmt=json","chan":"stdout","logger":"task"}
{"timestamp":"2025-12-06T15:56:23.683534Z","level":"info","event":"{'name': 'Miranda Lambert', 'id': '66lH4jAE7pqPlOlzUKbwA0', 'url': 'https://open.spotify.com/artist/66lH4jAE7pqPlOlzUKbwA0'}","chan":"stdout","logger":"task"}
{"timestamp":"2025-12-06T15:56:23.690999Z","level":"info","event":"https://musicbrainz.org/ws/2/url?resource=https://open.spotify.com/artist/66lH4jAE7pqPlOlzUKbwA0&inc=artist-rels&fmt=json","chan":"stdout","logger":"task"}
{"timestamp":"2025-12-06T15:56:23.846634Z","level":"info","event":"https://musicbrainz.org/ws/2/artist/4eca1aa0-c79f-481b-af8a-4a2d6c41aa5c?inc=tags&fmt=json","chan":"stdout","logger":"task"}
{"timestamp":"2025-12-06T15:56:25.016350Z","level":"info","event":"{'name': 'Easton Corbin', 'id': '070kGpqtESdDsLb3gdMIyx', 'url': 'https://open.spotify.com/artist/070kGpqtESdDsLb3gdMIyx'}","chan":"stdout","logger":"task"}
{"timestamp":"2025-12-06T15:56:25.016929Z","level":"info","event":"https://musicbrainz.org/ws/2/url?resource=https://open.spotify.com/artist/070kGpqtESdDsLb3gdMIyx&inc=artist-rels&fmt=json","chan":"stdout","logger":"task"}
{"timestamp":"2025-12-06T15:56:25.234791Z","level":"info","event":"https://musicbrainz.org/ws/2/artist/c6ada25c-8590-4b75-8013-883a8df55882?inc=tags&fmt=json","chan":"stdout","logger":"task"}
{"timestamp":"2025-12-06T15:56:26.390322Z","level":"info","event":"{'name': 'Rascal Flatts', 'id': '0a1gHP0HAqALbEyxaD5Ngn', 'url': 'https://open.spotify.com/artist/0a1gHP0HAqALbEyxaD5Ngn'}","chan":"stdout","logger":"task"}
{"timestamp":"2025-12-06T15:56:26.390929Z","level":"info","event":"https://musicbrainz.org/ws/2/url?resource=https://open.spotify.com/artist/0a1gHP0HAqALbEyxaD5Ngn&inc=artist-rels&fmt=json","chan":"stdout","logger":"task"}
