{"timestamp":"2025-12-05T01:03:22.192101","level":"info","event":"DAG bundles loaded: dags-folder, example_dags","logger":"airflow.dag_processing.bundles.manager.DagBundlesManager"}
{"timestamp":"2025-12-05T01:03:22.192848","level":"info","event":"Filling up the DagBag from /opt/airflow/dags/music_load_dag.py","logger":"airflow.models.dagbag.DagBag"}
{"timestamp":"2025-12-05T01:03:22.876256Z","level":"info","event":"postgresql+psycopg2://airflow:airflow@postgres/airflow","chan":"stdout","logger":"task"}
{"timestamp":"2025-12-05T01:03:22.924888Z","level":"info","event":"Task instance is in running state","chan":"stdout","logger":"task"}
{"timestamp":"2025-12-05T01:03:22.925055Z","level":"info","event":" Previous state of the Task instance: TaskInstanceState.QUEUED","chan":"stdout","logger":"task"}
{"timestamp":"2025-12-05T01:03:22.925153Z","level":"info","event":"Current task name:load_music_data","chan":"stdout","logger":"task"}
{"timestamp":"2025-12-05T01:03:22.925248Z","level":"info","event":"Dag name:weekly_music_pipeline","chan":"stdout","logger":"task"}
{"timestamp":"2025-12-05T01:03:53.759950Z","level":"info","event":"  Searching Spotify for 100 songs...","chan":"stdout","logger":"task"}
{"timestamp":"2025-12-05T01:03:53.762594Z","level":"info","event":"  Processing song 1/100: Love The Way You Lie by Eminem Featuring Rihanna","chan":"stdout","logger":"task"}
{"timestamp":"2025-12-05T01:03:54.694528Z","level":"info","event":"1","chan":"stdout","logger":"task"}
{"timestamp":"2025-12-05T01:03:55.477972Z","level":"info","event":"2","chan":"stdout","logger":"task"}
{"timestamp":"2025-12-05T01:03:56.334781Z","level":"info","event":"3","chan":"stdout","logger":"task"}
{"timestamp":"2025-12-05T01:03:57.046504Z","level":"info","event":"4","chan":"stdout","logger":"task"}
{"timestamp":"2025-12-05T01:03:57.719294Z","level":"info","event":"5","chan":"stdout","logger":"task"}
{"timestamp":"2025-12-05T01:03:58.463323Z","level":"info","event":"6","chan":"stdout","logger":"task"}
{"timestamp":"2025-12-05T01:03:59.095539Z","level":"info","event":"7","chan":"stdout","logger":"task"}
{"timestamp":"2025-12-05T01:03:59.746524Z","level":"info","event":"8","chan":"stdout","logger":"task"}
{"timestamp":"2025-12-05T01:04:00.435449Z","level":"info","event":"9","chan":"stdout","logger":"task"}
{"timestamp":"2025-12-05T01:04:00.435988Z","level":"info","event":"  Processing song 10/100: Ridin' Solo by Jason Derulo","chan":"stdout","logger":"task"}
{"timestamp":"2025-12-05T01:04:01.302548Z","level":"info","event":"10","chan":"stdout","logger":"task"}
{"timestamp":"2025-12-05T01:04:01.963485Z","level":"info","event":"11","chan":"stdout","logger":"task"}
{"timestamp":"2025-12-05T01:04:02.599334Z","level":"info","event":"12","chan":"stdout","logger":"task"}
{"timestamp":"2025-12-05T01:04:03.280010Z","level":"info","event":"13","chan":"stdout","logger":"task"}
{"timestamp":"2025-12-05T01:04:03.909551Z","level":"info","event":"14","chan":"stdout","logger":"task"}
{"timestamp":"2025-12-05T01:04:04.774451Z","level":"info","event":"15","chan":"stdout","logger":"task"}
{"timestamp":"2025-12-05T01:04:05.415020Z","level":"info","event":"16","chan":"stdout","logger":"task"}
{"timestamp":"2025-12-05T01:04:06.036617Z","level":"info","event":"17","chan":"stdout","logger":"task"}
{"timestamp":"2025-12-05T01:04:06.720543Z","level":"info","event":"18","chan":"stdout","logger":"task"}
{"timestamp":"2025-12-05T01:04:07.465142Z","level":"info","event":"19","chan":"stdout","logger":"task"}
{"timestamp":"2025-12-05T01:04:07.465971Z","level":"info","event":"  Processing song 20/100: Just The Way You Are by Bruno Mars","chan":"stdout","logger":"task"}
{"timestamp":"2025-12-05T01:04:08.107104Z","level":"info","event":"20","chan":"stdout","logger":"task"}
{"timestamp":"2025-12-05T01:04:08.960053Z","level":"info","event":"21","chan":"stdout","logger":"task"}
{"timestamp":"2025-12-05T01:04:09.767712Z","level":"info","event":"22","chan":"stdout","logger":"task"}
{"timestamp":"2025-12-05T01:04:10.569082Z","level":"info","event":"23","chan":"stdout","logger":"task"}
{"timestamp":"2025-12-05T01:04:11.216833Z","level":"info","event":"24","chan":"stdout","logger":"task"}
{"timestamp":"2025-12-05T01:04:11.993642Z","level":"info","event":"25","chan":"stdout","logger":"task"}
{"timestamp":"2025-12-05T01:04:12.610068Z","level":"info","event":"26","chan":"stdout","logger":"task"}
{"timestamp":"2025-12-05T01:04:13.242412Z","level":"info","event":"27","chan":"stdout","logger":"task"}
{"timestamp":"2025-12-05T01:04:13.884278Z","level":"info","event":"28","chan":"stdout","logger":"task"}
{"timestamp":"2025-12-05T01:04:15.081518Z","level":"info","event":"29","chan":"stdout","logger":"task"}
{"timestamp":"2025-12-05T01:04:15.081897Z","level":"info","event":"  Processing song 30/100: Stuck Like Glue by Sugarland","chan":"stdout","logger":"task"}
{"timestamp":"2025-12-05T01:04:15.886841Z","level":"info","event":"30","chan":"stdout","logger":"task"}
{"timestamp":"2025-12-05T01:04:16.807528Z","level":"info","event":"31","chan":"stdout","logger":"task"}
{"timestamp":"2025-12-05T01:04:17.400780Z","level":"info","event":"32","chan":"stdout","logger":"task"}
{"timestamp":"2025-12-05T01:04:18.137842Z","level":"info","event":"33","chan":"stdout","logger":"task"}
{"timestamp":"2025-12-05T01:04:18.862128Z","level":"info","event":"34","chan":"stdout","logger":"task"}
{"timestamp":"2025-12-05T01:04:19.558189Z","level":"info","event":"35","chan":"stdout","logger":"task"}
{"timestamp":"2025-12-05T01:04:20.193249Z","level":"info","event":"36","chan":"stdout","logger":"task"}
{"timestamp":"2025-12-05T01:04:21.008171Z","level":"info","event":"37","chan":"stdout","logger":"task"}
{"timestamp":"2025-12-05T01:04:21.708492Z","level":"info","event":"38","chan":"stdout","logger":"task"}
{"timestamp":"2025-12-05T01:04:22.349628Z","level":"info","event":"39","chan":"stdout","logger":"task"}
{"timestamp":"2025-12-05T01:04:22.350199Z","level":"info","event":"  Processing song 40/100: Half Of My Heart by John Mayer","chan":"stdout","logger":"task"}
{"timestamp":"2025-12-05T01:04:23.105817Z","level":"info","event":"40","chan":"stdout","logger":"task"}
{"timestamp":"2025-12-05T01:04:24.013525Z","level":"info","event":"41","chan":"stdout","logger":"task"}
{"timestamp":"2025-12-05T01:04:24.656272Z","level":"info","event":"42","chan":"stdout","logger":"task"}
{"timestamp":"2025-12-05T01:04:25.330676Z","level":"info","event":"43","chan":"stdout","logger":"task"}
{"timestamp":"2025-12-05T01:04:26.083695Z","level":"info","event":"44","chan":"stdout","logger":"task"}
{"timestamp":"2025-12-05T01:04:26.710651Z","level":"info","event":"45","chan":"stdout","logger":"task"}
{"timestamp":"2025-12-05T01:04:27.394746Z","level":"info","event":"46","chan":"stdout","logger":"task"}
{"timestamp":"2025-12-05T01:04:28.281402Z","level":"info","event":"47","chan":"stdout","logger":"task"}
{"timestamp":"2025-12-05T01:04:29.135142Z","level":"info","event":"48","chan":"stdout","logger":"task"}
{"timestamp":"2025-12-05T01:04:29.833372Z","level":"info","event":"49","chan":"stdout","logger":"task"}
{"timestamp":"2025-12-05T01:04:29.834646Z","level":"info","event":"  Processing song 50/100: 2012 (It Ain't The End) by Jay Sean Featuring Nicki Minaj","chan":"stdout","logger":"task"}
{"timestamp":"2025-12-05T01:04:30.468244Z","level":"info","event":"50","chan":"stdout","logger":"task"}
{"timestamp":"2025-12-05T01:04:31.040888Z","level":"info","event":"51","chan":"stdout","logger":"task"}
{"timestamp":"2025-12-05T01:04:31.969988Z","level":"info","event":"52","chan":"stdout","logger":"task"}
{"timestamp":"2025-12-05T01:04:32.548172Z","level":"info","event":"53","chan":"stdout","logger":"task"}
{"timestamp":"2025-12-05T01:04:33.181365Z","level":"info","event":"54","chan":"stdout","logger":"task"}
{"timestamp":"2025-12-05T01:04:33.879144Z","level":"info","event":"55","chan":"stdout","logger":"task"}
{"timestamp":"2025-12-05T01:04:34.625479Z","level":"info","event":"56","chan":"stdout","logger":"task"}
{"timestamp":"2025-12-05T01:04:35.230976Z","level":"info","event":"57","chan":"stdout","logger":"task"}
{"timestamp":"2025-12-05T01:04:36.268447Z","level":"info","event":"58","chan":"stdout","logger":"task"}
{"timestamp":"2025-12-05T01:04:36.929915Z","level":"info","event":"59","chan":"stdout","logger":"task"}
{"timestamp":"2025-12-05T01:04:36.931238Z","level":"info","event":"  Processing song 60/100: La La La by Auburn Featuring Iyaz","chan":"stdout","logger":"task"}
{"timestamp":"2025-12-05T01:04:37.684359Z","level":"info","event":"60","chan":"stdout","logger":"task"}
{"timestamp":"2025-12-05T01:04:38.227344Z","level":"info","event":"61","chan":"stdout","logger":"task"}
{"timestamp":"2025-12-05T01:04:38.896220Z","level":"info","event":"62","chan":"stdout","logger":"task"}
{"timestamp":"2025-12-05T01:04:39.680099Z","level":"info","event":"63","chan":"stdout","logger":"task"}
{"timestamp":"2025-12-05T01:04:40.464127Z","level":"info","event":"64","chan":"stdout","logger":"task"}
{"timestamp":"2025-12-05T01:04:41.144349Z","level":"info","event":"65","chan":"stdout","logger":"task"}
{"timestamp":"2025-12-05T01:04:41.891638Z","level":"info","event":"66","chan":"stdout","logger":"task"}
{"timestamp":"2025-12-05T01:04:42.581407Z","level":"info","event":"67","chan":"stdout","logger":"task"}
{"timestamp":"2025-12-05T01:04:43.345836Z","level":"info","event":"68","chan":"stdout","logger":"task"}
{"timestamp":"2025-12-05T01:04:43.972942Z","level":"info","event":"69","chan":"stdout","logger":"task"}
{"timestamp":"2025-12-05T01:04:43.973663Z","level":"info","event":"  Processing song 70/100: All About Tonight by Blake Shelton","chan":"stdout","logger":"task"}
{"timestamp":"2025-12-05T01:04:44.712971Z","level":"info","event":"70","chan":"stdout","logger":"task"}
{"timestamp":"2025-12-05T01:04:45.311174Z","level":"info","event":"71","chan":"stdout","logger":"task"}
{"timestamp":"2025-12-05T01:04:46.085998Z","level":"info","event":"72","chan":"stdout","logger":"task"}
{"timestamp":"2025-12-05T01:04:46.743057Z","level":"info","event":"73","chan":"stdout","logger":"task"}
{"timestamp":"2025-12-05T01:04:47.520441Z","level":"info","event":"74","chan":"stdout","logger":"task"}
{"timestamp":"2025-12-05T01:04:48.170787Z","level":"info","event":"75","chan":"stdout","logger":"task"}
{"timestamp":"2025-12-05T01:04:48.816982Z","level":"info","event":"76","chan":"stdout","logger":"task"}
{"timestamp":"2025-12-05T01:04:49.589548Z","level":"info","event":"77","chan":"stdout","logger":"task"}
{"timestamp":"2025-12-05T01:04:50.249663Z","level":"info","event":"78","chan":"stdout","logger":"task"}
{"timestamp":"2025-12-05T01:04:50.911776Z","level":"info","event":"79","chan":"stdout","logger":"task"}
{"timestamp":"2025-12-05T01:04:50.913025Z","level":"info","event":"  Processing song 80/100: Come Back Song by Darius Rucker","chan":"stdout","logger":"task"}
{"timestamp":"2025-12-05T01:04:51.743176Z","level":"info","event":"80","chan":"stdout","logger":"task"}
{"timestamp":"2025-12-05T01:04:52.570384Z","level":"info","event":"81","chan":"stdout","logger":"task"}
{"timestamp":"2025-12-05T01:04:53.255872Z","level":"info","event":"82","chan":"stdout","logger":"task"}
{"timestamp":"2025-12-05T01:04:53.927994Z","level":"info","event":"83","chan":"stdout","logger":"task"}
{"timestamp":"2025-12-05T01:04:54.576993Z","level":"info","event":"84","chan":"stdout","logger":"task"}
{"timestamp":"2025-12-05T01:04:55.526972Z","level":"info","event":"85","chan":"stdout","logger":"task"}
{"timestamp":"2025-12-05T01:04:56.232570Z","level":"info","event":"86","chan":"stdout","logger":"task"}
{"timestamp":"2025-12-05T01:04:57.053107Z","level":"info","event":"87","chan":"stdout","logger":"task"}
{"timestamp":"2025-12-05T01:04:57.673298Z","level":"info","event":"88","chan":"stdout","logger":"task"}
{"timestamp":"2025-12-05T01:04:58.311742Z","level":"info","event":"89","chan":"stdout","logger":"task"}
{"timestamp":"2025-12-05T01:04:58.312341Z","level":"info","event":"  Processing song 90/100: Bittersweet by Fantasia","chan":"stdout","logger":"task"}
{"timestamp":"2025-12-05T01:04:58.951303Z","level":"info","event":"90","chan":"stdout","logger":"task"}
{"timestamp":"2025-12-05T01:04:59.798433Z","level":"info","event":"91","chan":"stdout","logger":"task"}
{"timestamp":"2025-12-05T01:05:00.452666Z","level":"info","event":"92","chan":"stdout","logger":"task"}
{"timestamp":"2025-12-05T01:05:01.563818Z","level":"info","event":"93","chan":"stdout","logger":"task"}
{"timestamp":"2025-12-05T01:05:02.488980Z","level":"info","event":"94","chan":"stdout","logger":"task"}
{"timestamp":"2025-12-05T01:05:03.205819Z","level":"info","event":"95","chan":"stdout","logger":"task"}
{"timestamp":"2025-12-05T01:05:03.844375Z","level":"info","event":"96","chan":"stdout","logger":"task"}
{"timestamp":"2025-12-05T01:05:04.515495Z","level":"info","event":"97","chan":"stdout","logger":"task"}
{"timestamp":"2025-12-05T01:05:05.183442Z","level":"info","event":"98","chan":"stdout","logger":"task"}
{"timestamp":"2025-12-05T01:05:05.880083Z","level":"info","event":"99","chan":"stdout","logger":"task"}
{"timestamp":"2025-12-05T01:05:05.880607Z","level":"info","event":"  Processing song 100/100: Lay Me Down by The Dirty Heads Featuring Rome","chan":"stdout","logger":"task"}
{"timestamp":"2025-12-05T01:05:06.554183Z","level":"info","event":"100","chan":"stdout","logger":"task"}
{"timestamp":"2025-12-05T01:05:06.556066Z","level":"info","event":"{'name': 'Eminem', 'id': '7dGJo4pcD2V6oG8kP0tJRR', 'url': 'https://open.spotify.com/artist/7dGJo4pcD2V6oG8kP0tJRR'}","chan":"stdout","logger":"task"}
{"timestamp":"2025-12-05T01:05:06.556433Z","level":"info","event":"https://musicbrainz.org/ws/2/url?resource=https://open.spotify.com/artist/7dGJo4pcD2V6oG8kP0tJRR&inc=artist-rels&fmt=json","chan":"stdout","logger":"task"}
{"timestamp":"2025-12-05T01:05:06.899659Z","level":"info","event":"https://musicbrainz.org/ws/2/artist/b95ce3ff-3d05-4e87-9e01-c97b66af13d4?inc=tags&fmt=json","chan":"stdout","logger":"task"}
{"timestamp":"2025-12-05T01:05:08.073880Z","level":"info","event":"{'name': 'Rihanna', 'id': '5pKCCKE2ajJHZ9KAiaK11H', 'url': 'https://open.spotify.com/artist/5pKCCKE2ajJHZ9KAiaK11H'}","chan":"stdout","logger":"task"}
{"timestamp":"2025-12-05T01:05:08.075160Z","level":"info","event":"https://musicbrainz.org/ws/2/url?resource=https://open.spotify.com/artist/5pKCCKE2ajJHZ9KAiaK11H&inc=artist-rels&fmt=json","chan":"stdout","logger":"task"}
{"timestamp":"2025-12-05T01:05:08.186521Z","level":"info","event":"https://musicbrainz.org/ws/2/artist/73e5e69d-3554-40d8-8516-00cb38737a1c?inc=tags&fmt=json","chan":"stdout","logger":"task"}
{"timestamp":"2025-12-05T01:05:09.319826Z","level":"info","event":"{'name': 'Taio Cruz', 'id': '6MF9fzBmfXghAz953czmBC', 'url': 'https://open.spotify.com/artist/6MF9fzBmfXghAz953czmBC'}","chan":"stdout","logger":"task"}
{"timestamp":"2025-12-05T01:05:09.321136Z","level":"info","event":"https://musicbrainz.org/ws/2/url?resource=https://open.spotify.com/artist/6MF9fzBmfXghAz953czmBC&inc=artist-rels&fmt=json","chan":"stdout","logger":"task"}
{"timestamp":"2025-12-05T01:05:09.445230Z","level":"info","event":"https://musicbrainz.org/ws/2/artist/ba7d2626-38ce-4859-8495-bdb5732715c4?inc=tags&fmt=json","chan":"stdout","logger":"task"}
{"timestamp":"2025-12-05T01:05:10.566533Z","level":"info","event":"{'name': 'Taylor Swift', 'id': '06HL4z0CvFAxyc27GXpf02', 'url': 'https://open.spotify.com/artist/06HL4z0CvFAxyc27GXpf02'}","chan":"stdout","logger":"task"}
{"timestamp":"2025-12-05T01:05:10.567192Z","level":"info","event":"https://musicbrainz.org/ws/2/url?resource=https://open.spotify.com/artist/06HL4z0CvFAxyc27GXpf02&inc=artist-rels&fmt=json","chan":"stdout","logger":"task"}
{"timestamp":"2025-12-05T01:05:10.730813Z","level":"info","event":"https://musicbrainz.org/ws/2/artist/20244d07-534f-4eff-b4d4-930878889970?inc=tags&fmt=json","chan":"stdout","logger":"task"}
{"timestamp":"2025-12-05T01:05:11.886274Z","level":"info","event":"{'name': 'Katy Perry', 'id': '6jJ0s89eD6GaHleKKya26X', 'url': 'https://open.spotify.com/artist/6jJ0s89eD6GaHleKKya26X'}","chan":"stdout","logger":"task"}
{"timestamp":"2025-12-05T01:05:11.887840Z","level":"info","event":"https://musicbrainz.org/ws/2/url?resource=https://open.spotify.com/artist/6jJ0s89eD6GaHleKKya26X&inc=artist-rels&fmt=json","chan":"stdout","logger":"task"}
{"timestamp":"2025-12-05T01:05:12.023284Z","level":"info","event":"https://musicbrainz.org/ws/2/artist/122d63fc-8671-43e4-9752-34e846d62a9c?inc=tags&fmt=json","chan":"stdout","logger":"task"}
{"timestamp":"2025-12-05T01:05:13.148598Z","level":"info","event":"{'name': 'Snoop Dogg', 'id': '7hJcb9fa4alzcOq3EaNPoG', 'url': 'https://open.spotify.com/artist/7hJcb9fa4alzcOq3EaNPoG'}","chan":"stdout","logger":"task"}
{"timestamp":"2025-12-05T01:05:13.149566Z","level":"info","event":"https://musicbrainz.org/ws/2/url?resource=https://open.spotify.com/artist/7hJcb9fa4alzcOq3EaNPoG&inc=artist-rels&fmt=json","chan":"stdout","logger":"task"}
{"timestamp":"2025-12-05T01:05:13.266806Z","level":"info","event":"https://musicbrainz.org/ws/2/artist/f90e8b26-9e52-4669-a5c9-e28529c47894?inc=tags&fmt=json","chan":"stdout","logger":"task"}
{"timestamp":"2025-12-05T01:05:14.588667Z","level":"info","event":"{'name': 'Enrique Iglesias', 'id': '7qG3b048QCHVRO5Pv1T5lw', 'url': 'https://open.spotify.com/artist/7qG3b048QCHVRO5Pv1T5lw'}","chan":"stdout","logger":"task"}
{"timestamp":"2025-12-05T01:05:14.591032Z","level":"info","event":"https://musicbrainz.org/ws/2/url?resource=https://open.spotify.com/artist/7qG3b048QCHVRO5Pv1T5lw&inc=artist-rels&fmt=json","chan":"stdout","logger":"task"}
{"timestamp":"2025-12-05T01:05:14.704369Z","level":"info","event":"https://musicbrainz.org/ws/2/artist/35f866dc-c061-48ba-8157-cf2e0eac4857?inc=tags&fmt=json","chan":"stdout","logger":"task"}
{"timestamp":"2025-12-05T01:05:15.813817Z","level":"info","event":"{'name': 'Pitbull', 'id': '0TnOYISbd1XYRBk9myaseg', 'url': 'https://open.spotify.com/artist/0TnOYISbd1XYRBk9myaseg'}","chan":"stdout","logger":"task"}
{"timestamp":"2025-12-05T01:05:15.814523Z","level":"info","event":"https://musicbrainz.org/ws/2/url?resource=https://open.spotify.com/artist/0TnOYISbd1XYRBk9myaseg&inc=artist-rels&fmt=json","chan":"stdout","logger":"task"}
{"timestamp":"2025-12-05T01:05:15.974008Z","level":"info","event":"https://musicbrainz.org/ws/2/artist/d262ea27-3ffe-40f7-b922-85c42d625e67?inc=tags&fmt=json","chan":"stdout","logger":"task"}
{"timestamp":"2025-12-05T01:05:16.081970Z","level":"info","event":"Rate limit hit. Retrying in 1s...","chan":"stdout","logger":"task"}
{"timestamp":"2025-12-05T01:05:18.208609Z","level":"info","event":"{'name': 'B.o.B', 'id': '5ndkK3dpZLKtBklKjxNQwT', 'url': 'https://open.spotify.com/artist/5ndkK3dpZLKtBklKjxNQwT'}","chan":"stdout","logger":"task"}
{"timestamp":"2025-12-05T01:05:18.210709Z","level":"info","event":"https://musicbrainz.org/ws/2/url?resource=https://open.spotify.com/artist/5ndkK3dpZLKtBklKjxNQwT&inc=artist-rels&fmt=json","chan":"stdout","logger":"task"}
{"timestamp":"2025-12-05T01:05:18.335307Z","level":"info","event":"https://musicbrainz.org/ws/2/artist/94c338ff-1985-4429-9dc8-997b61bb5932?inc=tags&fmt=json","chan":"stdout","logger":"task"}
{"timestamp":"2025-12-05T01:05:19.452786Z","level":"info","event":"{'name': 'Hayley Williams', 'id': '6Rx1JKzBrSzoKQtmbVmBnM', 'url': 'https://open.spotify.com/artist/6Rx1JKzBrSzoKQtmbVmBnM'}","chan":"stdout","logger":"task"}
{"timestamp":"2025-12-05T01:05:19.453214Z","level":"info","event":"https://musicbrainz.org/ws/2/url?resource=https://open.spotify.com/artist/6Rx1JKzBrSzoKQtmbVmBnM&inc=artist-rels&fmt=json","chan":"stdout","logger":"task"}
{"timestamp":"2025-12-05T01:05:19.572915Z","level":"info","event":"https://musicbrainz.org/ws/2/artist/b4b5b5a7-feff-47d0-9458-83d0d135a692?inc=tags&fmt=json","chan":"stdout","logger":"task"}
{"timestamp":"2025-12-05T01:05:20.688485Z","level":"info","event":"{'name': 'Mike Posner', 'id': '2KsP6tYLJlTBvSUxnwlVWa', 'url': 'https://open.spotify.com/artist/2KsP6tYLJlTBvSUxnwlVWa'}","chan":"stdout","logger":"task"}
{"timestamp":"2025-12-05T01:05:20.689736Z","level":"info","event":"https://musicbrainz.org/ws/2/url?resource=https://open.spotify.com/artist/2KsP6tYLJlTBvSUxnwlVWa&inc=artist-rels&fmt=json","chan":"stdout","logger":"task"}
{"timestamp":"2025-12-05T01:05:20.806331Z","level":"info","event":"https://musicbrainz.org/ws/2/artist/5b64e344-b2fb-47bd-bd7b-4c793b17d472?inc=tags&fmt=json","chan":"stdout","logger":"task"}
{"timestamp":"2025-12-05T01:05:21.919820Z","level":"info","event":"{'name': 'Gigamesh', 'id': '1Bo8Afb2Qbjs4x6kJHyjle', 'url': 'https://open.spotify.com/artist/1Bo8Afb2Qbjs4x6kJHyjle'}","chan":"stdout","logger":"task"}
{"timestamp":"2025-12-05T01:05:21.920456Z","level":"info","event":"https://musicbrainz.org/ws/2/url?resource=https://open.spotify.com/artist/1Bo8Afb2Qbjs4x6kJHyjle&inc=artist-rels&fmt=json","chan":"stdout","logger":"task"}
{"timestamp":"2025-12-05T01:05:22.039461Z","level":"info","event":"https://musicbrainz.org/ws/2/artist/3f7c8b63-471b-4fd8-962c-6a9de83649b6?inc=tags&fmt=json","chan":"stdout","logger":"task"}
{"timestamp":"2025-12-05T01:05:23.196039Z","level":"info","event":"{'name': 'USHER', 'id': '23zg3TcAtWQy7J6upgbUnj', 'url': 'https://open.spotify.com/artist/23zg3TcAtWQy7J6upgbUnj'}","chan":"stdout","logger":"task"}
{"timestamp":"2025-12-05T01:05:23.196826Z","level":"info","event":"https://musicbrainz.org/ws/2/url?resource=https://open.spotify.com/artist/23zg3TcAtWQy7J6upgbUnj&inc=artist-rels&fmt=json","chan":"stdout","logger":"task"}
{"timestamp":"2025-12-05T01:05:23.310749Z","level":"info","event":"https://musicbrainz.org/ws/2/artist/3414d446-735a-443c-931f-10634f57e5b9?inc=tags&fmt=json","chan":"stdout","logger":"task"}
{"timestamp":"2025-12-05T01:05:24.431389Z","level":"info","event":"{'name': 'Jason Derulo', 'id': '07YZf4WDAMNwqr4jfgOZ8y', 'url': 'https://open.spotify.com/artist/07YZf4WDAMNwqr4jfgOZ8y'}","chan":"stdout","logger":"task"}
{"timestamp":"2025-12-05T01:05:24.432452Z","level":"info","event":"https://musicbrainz.org/ws/2/url?resource=https://open.spotify.com/artist/07YZf4WDAMNwqr4jfgOZ8y&inc=artist-rels&fmt=json","chan":"stdout","logger":"task"}
{"timestamp":"2025-12-05T01:05:24.542816Z","level":"info","event":"https://musicbrainz.org/ws/2/artist/6de0f914-3e60-4418-be3b-42e0feb6eb4d?inc=tags&fmt=json","chan":"stdout","logger":"task"}
{"timestamp":"2025-12-05T01:05:25.657202Z","level":"info","event":"{'name': 'Travie McCoy', 'id': '7o9Nl7K1Al6NNAHX6jn6iG', 'url': 'https://open.spotify.com/artist/7o9Nl7K1Al6NNAHX6jn6iG'}","chan":"stdout","logger":"task"}
{"timestamp":"2025-12-05T01:05:25.658263Z","level":"info","event":"https://musicbrainz.org/ws/2/url?resource=https://open.spotify.com/artist/7o9Nl7K1Al6NNAHX6jn6iG&inc=artist-rels&fmt=json","chan":"stdout","logger":"task"}
{"timestamp":"2025-12-05T01:05:25.773458Z","level":"info","event":"https://musicbrainz.org/ws/2/artist/76bf7aec-83f0-47a9-8964-eea180b99ac2?inc=tags&fmt=json","chan":"stdout","logger":"task"}
{"timestamp":"2025-12-05T01:05:26.885116Z","level":"info","event":"{'name': 'Bruno Mars', 'id': '0du5cEVh5yTK9QJze8zA0C', 'url': 'https://open.spotify.com/artist/0du5cEVh5yTK9QJze8zA0C'}","chan":"stdout","logger":"task"}
{"timestamp":"2025-12-05T01:05:26.886279Z","level":"info","event":"https://musicbrainz.org/ws/2/url?resource=https://open.spotify.com/artist/0du5cEVh5yTK9QJze8zA0C&inc=artist-rels&fmt=json","chan":"stdout","logger":"task"}
{"timestamp":"2025-12-05T01:05:27.003222Z","level":"info","event":"Rate limit hit. Retrying in 1s...","chan":"stdout","logger":"task"}
{"timestamp":"2025-12-05T01:05:28.141113Z","level":"info","event":"https://musicbrainz.org/ws/2/artist/afb680f2-b6eb-4cd7-a70b-a63b25c763d5?inc=tags&fmt=json","chan":"stdout","logger":"task"}
{"timestamp":"2025-12-05T01:05:29.260335Z","level":"info","event":"{'name': 'Drake', 'id': '3TVXtAsR1Inumwj472S9r4', 'url': 'https://open.spotify.com/artist/3TVXtAsR1Inumwj472S9r4'}","chan":"stdout","logger":"task"}
{"timestamp":"2025-12-05T01:05:29.261070Z","level":"info","event":"https://musicbrainz.org/ws/2/url?resource=https://open.spotify.com/artist/3TVXtAsR1Inumwj472S9r4&inc=artist-rels&fmt=json","chan":"stdout","logger":"task"}
{"timestamp":"2025-12-05T01:05:29.374991Z","level":"info","event":"https://musicbrainz.org/ws/2/artist/9fff2f8a-21e6-47de-a2b8-7f449929d43f?inc=tags&fmt=json","chan":"stdout","logger":"task"}
{"timestamp":"2025-12-05T01:05:30.487548Z","level":"info","event":"{'name': 'will.i.am', 'id': '085pc2PYOi8bGKj0PNjekA', 'url': 'https://open.spotify.com/artist/085pc2PYOi8bGKj0PNjekA'}","chan":"stdout","logger":"task"}
{"timestamp":"2025-12-05T01:05:30.488121Z","level":"info","event":"https://musicbrainz.org/ws/2/url?resource=https://open.spotify.com/artist/085pc2PYOi8bGKj0PNjekA&inc=artist-rels&fmt=json","chan":"stdout","logger":"task"}
{"timestamp":"2025-12-05T01:05:30.595958Z","level":"info","event":"https://musicbrainz.org/ws/2/artist/d574c9bd-46f6-440a-8d6a-8412a283eeb1?inc=tags&fmt=json","chan":"stdout","logger":"task"}
{"timestamp":"2025-12-05T01:05:31.983570Z","level":"info","event":"{'name': 'Rivers Cuomo', 'id': '4LAz9VRX8Nat9kvIzgkg2v', 'url': 'https://open.spotify.com/artist/4LAz9VRX8Nat9kvIzgkg2v'}","chan":"stdout","logger":"task"}
{"timestamp":"2025-12-05T01:05:31.988954Z","level":"info","event":"https://musicbrainz.org/ws/2/url?resource=https://open.spotify.com/artist/4LAz9VRX8Nat9kvIzgkg2v&inc=artist-rels&fmt=json","chan":"stdout","logger":"task"}
{"timestamp":"2025-12-05T01:05:32.100047Z","level":"info","event":"https://musicbrainz.org/ws/2/artist/87b6344f-c874-49ce-a8b3-e467ed6e05d0?inc=tags&fmt=json","chan":"stdout","logger":"task"}
{"timestamp":"2025-12-05T01:05:33.215689Z","level":"info","event":"{'name': 'Nicki Minaj', 'id': '0hCNtLu0JehylgoiP8L4Gh', 'url': 'https://open.spotify.com/artist/0hCNtLu0JehylgoiP8L4Gh'}","chan":"stdout","logger":"task"}
{"timestamp":"2025-12-05T01:05:33.222602Z","level":"info","event":"https://musicbrainz.org/ws/2/url?resource=https://open.spotify.com/artist/0hCNtLu0JehylgoiP8L4Gh&inc=artist-rels&fmt=json","chan":"stdout","logger":"task"}
{"timestamp":"2025-12-05T01:05:33.341310Z","level":"info","event":"https://musicbrainz.org/ws/2/artist/1036b808-f58c-4a3e-b461-a2c4492ecf1b?inc=tags&fmt=json","chan":"stdout","logger":"task"}
{"timestamp":"2025-12-05T01:05:34.450463Z","level":"info","event":"{'name': 'Maroon 5', 'id': '04gDigrS5kc9YWfZHwBETP', 'url': 'https://open.spotify.com/artist/04gDigrS5kc9YWfZHwBETP'}","chan":"stdout","logger":"task"}
{"timestamp":"2025-12-05T01:05:34.453007Z","level":"info","event":"https://musicbrainz.org/ws/2/url?resource=https://open.spotify.com/artist/04gDigrS5kc9YWfZHwBETP&inc=artist-rels&fmt=json","chan":"stdout","logger":"task"}
{"timestamp":"2025-12-05T01:05:34.569445Z","level":"info","event":"https://musicbrainz.org/ws/2/artist/0ab49580-c84f-44d4-875f-d83760ea2cfe?inc=tags&fmt=json","chan":"stdout","logger":"task"}
{"timestamp":"2025-12-05T01:05:35.678767Z","level":"info","event":"{'name': 'Kenny Chesney', 'id': '3grHWM9bx2E9vwJCdlRv9O', 'url': 'https://open.spotify.com/artist/3grHWM9bx2E9vwJCdlRv9O'}","chan":"stdout","logger":"task"}
{"timestamp":"2025-12-05T01:05:35.679151Z","level":"info","event":"https://musicbrainz.org/ws/2/url?resource=https://open.spotify.com/artist/3grHWM9bx2E9vwJCdlRv9O&inc=artist-rels&fmt=json","chan":"stdout","logger":"task"}
{"timestamp":"2025-12-05T01:05:35.849163Z","level":"info","event":"https://musicbrainz.org/ws/2/artist/5dca4d22-d6c8-4e70-8ca1-4543e43353c7?inc=tags&fmt=json","chan":"stdout","logger":"task"}
{"timestamp":"2025-12-05T01:05:37.062041Z","level":"info","event":"{'name': 'Train', 'id': '3FUY2gzHeIiaesXtOAdB7A', 'url': 'https://open.spotify.com/artist/3FUY2gzHeIiaesXtOAdB7A'}","chan":"stdout","logger":"task"}
{"timestamp":"2025-12-05T01:05:37.063250Z","level":"info","event":"https://musicbrainz.org/ws/2/url?resource=https://open.spotify.com/artist/3FUY2gzHeIiaesXtOAdB7A&inc=artist-rels&fmt=json","chan":"stdout","logger":"task"}
{"timestamp":"2025-12-05T01:05:37.185492Z","level":"info","event":"https://musicbrainz.org/ws/2/artist/bfd5aec5-62a2-4560-a316-7c46c17babda?inc=tags&fmt=json","chan":"stdout","logger":"task"}
{"timestamp":"2025-12-05T01:05:37.292718Z","level":"info","event":"Rate limit hit. Retrying in 1s...","chan":"stdout","logger":"task"}
{"timestamp":"2025-12-05T01:05:39.425635Z","level":"info","event":"{'name': 'Ludacris', 'id': '3ipn9JLAPI5GUEo4y4jcoi', 'url': 'https://open.spotify.com/artist/3ipn9JLAPI5GUEo4y4jcoi'}","chan":"stdout","logger":"task"}
{"timestamp":"2025-12-05T01:05:39.427204Z","level":"info","event":"https://musicbrainz.org/ws/2/url?resource=https://open.spotify.com/artist/3ipn9JLAPI5GUEo4y4jcoi&inc=artist-rels&fmt=json","chan":"stdout","logger":"task"}
{"timestamp":"2025-12-05T01:05:39.539813Z","level":"info","event":"https://musicbrainz.org/ws/2/artist/0638ba22-040f-438d-83a5-9b670c4adaf5?inc=tags&fmt=json","chan":"stdout","logger":"task"}
{"timestamp":"2025-12-05T01:05:40.695567Z","level":"info","event":"{'name': 'Lady Gaga', 'id': '1HY2Jd0NmPuamShAr6KMms', 'url': 'https://open.spotify.com/artist/1HY2Jd0NmPuamShAr6KMms'}","chan":"stdout","logger":"task"}
{"timestamp":"2025-12-05T01:05:40.696023Z","level":"info","event":"https://musicbrainz.org/ws/2/url?resource=https://open.spotify.com/artist/1HY2Jd0NmPuamShAr6KMms&inc=artist-rels&fmt=json","chan":"stdout","logger":"task"}
{"timestamp":"2025-12-05T01:05:40.812401Z","level":"info","event":"https://musicbrainz.org/ws/2/artist/650e7db6-b795-4eb5-a702-5ea2fc46c848?inc=tags&fmt=json","chan":"stdout","logger":"task"}
{"timestamp":"2025-12-05T01:05:41.938713Z","level":"info","event":"{'name': 'La Roux', 'id': '3K2zB87GZv1krx031en5VA', 'url': 'https://open.spotify.com/artist/3K2zB87GZv1krx031en5VA'}","chan":"stdout","logger":"task"}
{"timestamp":"2025-12-05T01:05:41.939036Z","level":"info","event":"https://musicbrainz.org/ws/2/url?resource=https://open.spotify.com/artist/3K2zB87GZv1krx031en5VA&inc=artist-rels&fmt=json","chan":"stdout","logger":"task"}
{"timestamp":"2025-12-05T01:05:42.059460Z","level":"info","event":"https://musicbrainz.org/ws/2/artist/88d1360a-bc2d-47df-90d1-d2de285560aa?inc=tags&fmt=json","chan":"stdout","logger":"task"}
{"timestamp":"2025-12-05T01:05:43.175171Z","level":"info","event":"{'name': 'Flo Rida', 'id': '0jnsk9HBra6NMjO2oANoPY', 'url': 'https://open.spotify.com/artist/0jnsk9HBra6NMjO2oANoPY'}","chan":"stdout","logger":"task"}
{"timestamp":"2025-12-05T01:05:43.176156Z","level":"info","event":"https://musicbrainz.org/ws/2/url?resource=https://open.spotify.com/artist/0jnsk9HBra6NMjO2oANoPY&inc=artist-rels&fmt=json","chan":"stdout","logger":"task"}
{"timestamp":"2025-12-05T01:05:43.290178Z","level":"info","event":"https://musicbrainz.org/ws/2/artist/4593d49a-7f67-46ba-9ec0-126bd676286f?inc=tags&fmt=json","chan":"stdout","logger":"task"}
{"timestamp":"2025-12-05T01:05:44.403137Z","level":"info","event":"{'name': 'David Guetta', 'id': '1Cs0zKBU1kc0i8ypK3B9ai', 'url': 'https://open.spotify.com/artist/1Cs0zKBU1kc0i8ypK3B9ai'}","chan":"stdout","logger":"task"}
{"timestamp":"2025-12-05T01:05:44.410046Z","level":"info","event":"https://musicbrainz.org/ws/2/url?resource=https://open.spotify.com/artist/1Cs0zKBU1kc0i8ypK3B9ai&inc=artist-rels&fmt=json","chan":"stdout","logger":"task"}
{"timestamp":"2025-12-05T01:05:44.541018Z","level":"info","event":"https://musicbrainz.org/ws/2/artist/302bd7b9-d012-4360-897a-93b00c855680?inc=tags&fmt=json","chan":"stdout","logger":"task"}
{"timestamp":"2025-12-05T01:05:45.655223Z","level":"info","event":"{'name': 'Shontelle', 'id': '4M6Z1wubeKtwPqbjJygTOc', 'url': 'https://open.spotify.com/artist/4M6Z1wubeKtwPqbjJygTOc'}","chan":"stdout","logger":"task"}
{"timestamp":"2025-12-05T01:05:45.657142Z","level":"info","event":"https://musicbrainz.org/ws/2/url?resource=https://open.spotify.com/artist/4M6Z1wubeKtwPqbjJygTOc&inc=artist-rels&fmt=json","chan":"stdout","logger":"task"}
{"timestamp":"2025-12-05T01:05:45.775187Z","level":"info","event":"https://musicbrainz.org/ws/2/artist/cfb2b49e-a921-4171-b089-853d9fc16d2c?inc=tags&fmt=json","chan":"stdout","logger":"task"}
{"timestamp":"2025-12-05T01:05:46.893183Z","level":"info","event":"{'name': 'Paramore', 'id': '74XFHRwlV6OrjEM0A2NCMF', 'url': 'https://open.spotify.com/artist/74XFHRwlV6OrjEM0A2NCMF'}","chan":"stdout","logger":"task"}
{"timestamp":"2025-12-05T01:05:46.893545Z","level":"info","event":"https://musicbrainz.org/ws/2/url?resource=https://open.spotify.com/artist/74XFHRwlV6OrjEM0A2NCMF&inc=artist-rels&fmt=json","chan":"stdout","logger":"task"}
{"timestamp":"2025-12-05T01:05:47.014299Z","level":"info","event":"https://musicbrainz.org/ws/2/artist/44cf61b8-5197-448a-b82b-cef6ee89fac5?inc=tags&fmt=json","chan":"stdout","logger":"task"}
{"timestamp":"2025-12-05T01:05:48.127648Z","level":"info","event":"{'name': 'Kesha', 'id': '6LqNN22kT3074XbTVUrhzX', 'url': 'https://open.spotify.com/artist/6LqNN22kT3074XbTVUrhzX'}","chan":"stdout","logger":"task"}
{"timestamp":"2025-12-05T01:05:48.128644Z","level":"info","event":"https://musicbrainz.org/ws/2/url?resource=https://open.spotify.com/artist/6LqNN22kT3074XbTVUrhzX&inc=artist-rels&fmt=json","chan":"stdout","logger":"task"}
{"timestamp":"2025-12-05T01:05:48.242534Z","level":"info","event":"Rate limit hit. Retrying in 1s...","chan":"stdout","logger":"task"}
{"timestamp":"2025-12-05T01:05:49.364194Z","level":"info","event":"https://musicbrainz.org/ws/2/artist/fab34286-b8e1-4879-bce3-194e1358fbd2?inc=tags&fmt=json","chan":"stdout","logger":"task"}
{"timestamp":"2025-12-05T01:05:50.479290Z","level":"info","event":"{'name': 'Sugarland', 'id': '0hYxQe3AK5jBPCr5MumLHD', 'url': 'https://open.spotify.com/artist/0hYxQe3AK5jBPCr5MumLHD'}","chan":"stdout","logger":"task"}
{"timestamp":"2025-12-05T01:05:50.480053Z","level":"info","event":"https://musicbrainz.org/ws/2/url?resource=https://open.spotify.com/artist/0hYxQe3AK5jBPCr5MumLHD&inc=artist-rels&fmt=json","chan":"stdout","logger":"task"}
{"timestamp":"2025-12-05T01:05:50.636319Z","level":"info","event":"https://musicbrainz.org/ws/2/artist/f87b740a-c22b-4fae-9987-1f3e16f840c4?inc=tags&fmt=json","chan":"stdout","logger":"task"}
{"timestamp":"2025-12-05T01:05:51.855545Z","level":"info","event":"{'name': 'Cali Swag District', 'id': '1EeArivTpzLNCqubV95255', 'url': 'https://open.spotify.com/artist/1EeArivTpzLNCqubV95255'}","chan":"stdout","logger":"task"}
{"timestamp":"2025-12-05T01:05:51.858189Z","level":"info","event":"https://musicbrainz.org/ws/2/url?resource=https://open.spotify.com/artist/1EeArivTpzLNCqubV95255&inc=artist-rels&fmt=json","chan":"stdout","logger":"task"}
{"timestamp":"2025-12-05T01:05:52.065927Z","level":"info","event":"HTTP 404: Not Found","chan":"stdout","logger":"task"}
{"timestamp":"2025-12-05T01:05:52.066954Z","level":"info","event":"unable to get mbid for https://open.spotify.com/artist/1EeArivTpzLNCqubV95255","chan":"stdout","logger":"task"}
{"timestamp":"2025-12-05T01:05:53.079425Z","level":"info","event":"{'name': 'Lady A', 'id': '32WkQRZEVKSzVAAYqukAEA', 'url': 'https://open.spotify.com/artist/32WkQRZEVKSzVAAYqukAEA'}","chan":"stdout","logger":"task"}
{"timestamp":"2025-12-05T01:05:53.087233Z","level":"info","event":"https://musicbrainz.org/ws/2/url?resource=https://open.spotify.com/artist/32WkQRZEVKSzVAAYqukAEA&inc=artist-rels&fmt=json","chan":"stdout","logger":"task"}
{"timestamp":"2025-12-05T01:05:53.208872Z","level":"info","event":"https://musicbrainz.org/ws/2/artist/0eedfc95-e79a-4fd9-832a-cd816a0b3fda?inc=tags&fmt=json","chan":"stdout","logger":"task"}
{"timestamp":"2025-12-05T01:05:54.333949Z","level":"info","event":"{'name': 'Uncle Kracker', 'id': '2DnqqkzzDKm3vAoyHtn8So', 'url': 'https://open.spotify.com/artist/2DnqqkzzDKm3vAoyHtn8So'}","chan":"stdout","logger":"task"}
{"timestamp":"2025-12-05T01:05:54.337488Z","level":"info","event":"https://musicbrainz.org/ws/2/url?resource=https://open.spotify.com/artist/2DnqqkzzDKm3vAoyHtn8So&inc=artist-rels&fmt=json","chan":"stdout","logger":"task"}
{"timestamp":"2025-12-05T01:05:54.479204Z","level":"info","event":"https://musicbrainz.org/ws/2/artist/1a02e1e4-000e-46fa-83de-f3a36674e4fc?inc=tags&fmt=json","chan":"stdout","logger":"task"}
{"timestamp":"2025-12-05T01:05:55.590855Z","level":"info","event":"{'name': 'Soulja Boy', 'id': '6GMYJwaziB4ekv1Y6wCDWS', 'url': 'https://open.spotify.com/artist/6GMYJwaziB4ekv1Y6wCDWS'}","chan":"stdout","logger":"task"}
{"timestamp":"2025-12-05T01:05:55.591557Z","level":"info","event":"https://musicbrainz.org/ws/2/url?resource=https://open.spotify.com/artist/6GMYJwaziB4ekv1Y6wCDWS&inc=artist-rels&fmt=json","chan":"stdout","logger":"task"}
{"timestamp":"2025-12-05T01:05:55.715316Z","level":"info","event":"https://musicbrainz.org/ws/2/artist/29eead4d-3793-4625-8727-c03edbb38b8b?inc=tags&fmt=json","chan":"stdout","logger":"task"}
{"timestamp":"2025-12-05T01:05:56.834292Z","level":"info","event":"{'name': 'Linkin Park', 'id': '6XyY86QOPPrYVGvF9ch6wz', 'url': 'https://open.spotify.com/artist/6XyY86QOPPrYVGvF9ch6wz'}","chan":"stdout","logger":"task"}
{"timestamp":"2025-12-05T01:05:56.837269Z","level":"info","event":"https://musicbrainz.org/ws/2/url?resource=https://open.spotify.com/artist/6XyY86QOPPrYVGvF9ch6wz&inc=artist-rels&fmt=json","chan":"stdout","logger":"task"}
{"timestamp":"2025-12-05T01:05:56.992961Z","level":"info","event":"https://musicbrainz.org/ws/2/artist/f59c5520-5f46-4d2c-b2c4-822eabf53419?inc=tags&fmt=json","chan":"stdout","logger":"task"}
{"timestamp":"2025-12-05T01:05:58.135082Z","level":"info","event":"{'name': 'Carrie Underwood', 'id': '4xFUf1FHVy696Q1JQZMTRj', 'url': 'https://open.spotify.com/artist/4xFUf1FHVy696Q1JQZMTRj'}","chan":"stdout","logger":"task"}
{"timestamp":"2025-12-05T01:05:58.135772Z","level":"info","event":"https://musicbrainz.org/ws/2/url?resource=https://open.spotify.com/artist/4xFUf1FHVy696Q1JQZMTRj&inc=artist-rels&fmt=json","chan":"stdout","logger":"task"}
{"timestamp":"2025-12-05T01:05:58.254274Z","level":"info","event":"https://musicbrainz.org/ws/2/artist/70f0e309-5418-49b6-a130-666e2f76eecd?inc=tags&fmt=json","chan":"stdout","logger":"task"}
{"timestamp":"2025-12-05T01:05:59.371158Z","level":"info","event":"{'name': 'Zac Brown Band', 'id': '6yJCxee7QumYr820xdIsjo', 'url': 'https://open.spotify.com/artist/6yJCxee7QumYr820xdIsjo'}","chan":"stdout","logger":"task"}
{"timestamp":"2025-12-05T01:05:59.376991Z","level":"info","event":"https://musicbrainz.org/ws/2/url?resource=https://open.spotify.com/artist/6yJCxee7QumYr820xdIsjo&inc=artist-rels&fmt=json","chan":"stdout","logger":"task"}
{"timestamp":"2025-12-05T01:05:59.490187Z","level":"info","event":"https://musicbrainz.org/ws/2/artist/507226f4-0842-4f43-950e-81a7017230ec?inc=tags&fmt=json","chan":"stdout","logger":"task"}
{"timestamp":"2025-12-05T01:06:00.602974Z","level":"info","event":"{'name': 'Alicia Keys', 'id': '3DiDSECUqqY1AuBP8qtaIa', 'url': 'https://open.spotify.com/artist/3DiDSECUqqY1AuBP8qtaIa'}","chan":"stdout","logger":"task"}
{"timestamp":"2025-12-05T01:06:00.604075Z","level":"info","event":"https://musicbrainz.org/ws/2/url?resource=https://open.spotify.com/artist/3DiDSECUqqY1AuBP8qtaIa&inc=artist-rels&fmt=json","chan":"stdout","logger":"task"}
{"timestamp":"2025-12-05T01:06:00.722561Z","level":"info","event":"https://musicbrainz.org/ws/2/artist/8ef1df30-ae4f-4dbd-9351-1a32b208a01e?inc=tags&fmt=json","chan":"stdout","logger":"task"}
{"timestamp":"2025-12-05T01:06:01.831757Z","level":"info","event":"{'name': 'Jerrod Niemann', 'id': '0RKP52f5PNDCRZ9Luq2Sr7', 'url': 'https://open.spotify.com/artist/0RKP52f5PNDCRZ9Luq2Sr7'}","chan":"stdout","logger":"task"}
{"timestamp":"2025-12-05T01:06:01.835582Z","level":"info","event":"https://musicbrainz.org/ws/2/url?resource=https://open.spotify.com/artist/0RKP52f5PNDCRZ9Luq2Sr7&inc=artist-rels&fmt=json","chan":"stdout","logger":"task"}
{"timestamp":"2025-12-05T01:06:01.942708Z","level":"info","event":"https://musicbrainz.org/ws/2/artist/0b88f9de-7c37-4800-9d6a-04ce6c20b76c?inc=tags&fmt=json","chan":"stdout","logger":"task"}
{"timestamp":"2025-12-05T01:06:03.054899Z","level":"info","event":"{'name': 'John Mayer', 'id': '0hEurMDQu99nJRq8pTxO14', 'url': 'https://open.spotify.com/artist/0hEurMDQu99nJRq8pTxO14'}","chan":"stdout","logger":"task"}
{"timestamp":"2025-12-05T01:06:03.057506Z","level":"info","event":"https://musicbrainz.org/ws/2/url?resource=https://open.spotify.com/artist/0hEurMDQu99nJRq8pTxO14&inc=artist-rels&fmt=json","chan":"stdout","logger":"task"}
{"timestamp":"2025-12-05T01:06:03.174537Z","level":"info","event":"https://musicbrainz.org/ws/2/artist/144ef525-85e9-40c3-8335-02c32d0861f3?inc=tags&fmt=json","chan":"stdout","logger":"task"}
{"timestamp":"2025-12-05T01:06:04.292081Z","level":"info","event":"{'name': 'T.I.', 'id': '4OBJLual30L7gRl5UkeRcT', 'url': 'https://open.spotify.com/artist/4OBJLual30L7gRl5UkeRcT'}","chan":"stdout","logger":"task"}
{"timestamp":"2025-12-05T01:06:04.292685Z","level":"info","event":"https://musicbrainz.org/ws/2/url?resource=https://open.spotify.com/artist/4OBJLual30L7gRl5UkeRcT&inc=artist-rels&fmt=json","chan":"stdout","logger":"task"}
{"timestamp":"2025-12-05T01:06:04.406309Z","level":"info","event":"https://musicbrainz.org/ws/2/artist/f7ba7fbe-c6bd-4ac0-bee9-c25c558d7d62?inc=tags&fmt=json","chan":"stdout","logger":"task"}
{"timestamp":"2025-12-05T01:06:05.520618Z","level":"info","event":"{'name': 'Keri Hilson', 'id': '63wjoROpeh5f11Qm93UiJ1', 'url': 'https://open.spotify.com/artist/63wjoROpeh5f11Qm93UiJ1'}","chan":"stdout","logger":"task"}
{"timestamp":"2025-12-05T01:06:05.521069Z","level":"info","event":"https://musicbrainz.org/ws/2/url?resource=https://open.spotify.com/artist/63wjoROpeh5f11Qm93UiJ1&inc=artist-rels&fmt=json","chan":"stdout","logger":"task"}
{"timestamp":"2025-12-05T01:06:05.639094Z","level":"info","event":"https://musicbrainz.org/ws/2/artist/b76c616a-ec0d-4f0c-b986-f249c4a04d77?inc=tags&fmt=json","chan":"stdout","logger":"task"}
{"timestamp":"2025-12-05T01:06:06.765958Z","level":"info","event":"{'name': '3OH!3', 'id': '0FWzNDaEu9jdgcYTbcOa4F', 'url': 'https://open.spotify.com/artist/0FWzNDaEu9jdgcYTbcOa4F'}","chan":"stdout","logger":"task"}
{"timestamp":"2025-12-05T01:06:06.766424Z","level":"info","event":"https://musicbrainz.org/ws/2/url?resource=https://open.spotify.com/artist/0FWzNDaEu9jdgcYTbcOa4F&inc=artist-rels&fmt=json","chan":"stdout","logger":"task"}
{"timestamp":"2025-12-05T01:06:06.877259Z","level":"info","event":"https://musicbrainz.org/ws/2/artist/125948ec-7f91-4d1a-8b83-accbf50fae3d?inc=tags&fmt=json","chan":"stdout","logger":"task"}
{"timestamp":"2025-12-05T01:06:07.984515Z","level":"info","event":"{'name': 'The Script', 'id': '3AQRLZ9PuTAozP28Skbq8V', 'url': 'https://open.spotify.com/artist/3AQRLZ9PuTAozP28Skbq8V'}","chan":"stdout","logger":"task"}
{"timestamp":"2025-12-05T01:06:07.987310Z","level":"info","event":"https://musicbrainz.org/ws/2/url?resource=https://open.spotify.com/artist/3AQRLZ9PuTAozP28Skbq8V&inc=artist-rels&fmt=json","chan":"stdout","logger":"task"}
{"timestamp":"2025-12-05T01:06:08.104260Z","level":"info","event":"https://musicbrainz.org/ws/2/artist/4c98aa1b-34eb-4336-987f-5e50aa059c00?inc=tags&fmt=json","chan":"stdout","logger":"task"}
{"timestamp":"2025-12-05T01:06:08.218028Z","level":"info","event":"Rate limit hit. Retrying in 1s...","chan":"stdout","logger":"task"}
{"timestamp":"2025-12-05T01:06:09.337164Z","level":"info","event":"Rate limit hit. Retrying in 2s...","chan":"stdout","logger":"task"}
{"timestamp":"2025-12-05T01:06:12.452014Z","level":"info","event":"{'name': 'Chris Willis', 'id': '2qSEpijpT3YSXgxcXac1ly', 'url': 'https://open.spotify.com/artist/2qSEpijpT3YSXgxcXac1ly'}","chan":"stdout","logger":"task"}
{"timestamp":"2025-12-05T01:06:12.452311Z","level":"info","event":"https://musicbrainz.org/ws/2/url?resource=https://open.spotify.com/artist/2qSEpijpT3YSXgxcXac1ly&inc=artist-rels&fmt=json","chan":"stdout","logger":"task"}
{"timestamp":"2025-12-05T01:06:12.559215Z","level":"info","event":"https://musicbrainz.org/ws/2/artist/9871f931-c64a-4c09-b090-d1ce25b2c073?inc=tags&fmt=json","chan":"stdout","logger":"task"}
{"timestamp":"2025-12-05T01:06:13.666075Z","level":"info","event":"{'name': 'Fergie', 'id': '3r17AfJCCUqC9Lf0OAc73G', 'url': 'https://open.spotify.com/artist/3r17AfJCCUqC9Lf0OAc73G'}","chan":"stdout","logger":"task"}
{"timestamp":"2025-12-05T01:06:13.667838Z","level":"info","event":"https://musicbrainz.org/ws/2/url?resource=https://open.spotify.com/artist/3r17AfJCCUqC9Lf0OAc73G&inc=artist-rels&fmt=json","chan":"stdout","logger":"task"}
{"timestamp":"2025-12-05T01:06:13.785790Z","level":"info","event":"https://musicbrainz.org/ws/2/artist/1c46e82f-4764-4d82-a33b-5d5aee5e2881?inc=tags&fmt=json","chan":"stdout","logger":"task"}
{"timestamp":"2025-12-05T01:06:14.897525Z","level":"info","event":"{'name': 'LMFAO', 'id': '3sgFRtyBnxXD5ESfmbK4dl', 'url': 'https://open.spotify.com/artist/3sgFRtyBnxXD5ESfmbK4dl'}","chan":"stdout","logger":"task"}
{"timestamp":"2025-12-05T01:06:14.900744Z","level":"info","event":"https://musicbrainz.org/ws/2/url?resource=https://open.spotify.com/artist/3sgFRtyBnxXD5ESfmbK4dl&inc=artist-rels&fmt=json","chan":"stdout","logger":"task"}
{"timestamp":"2025-12-05T01:06:15.019711Z","level":"info","event":"https://musicbrainz.org/ws/2/artist/ed5d9086-e8cd-473a-b96c-d81ad6c98f0d?inc=tags&fmt=json","chan":"stdout","logger":"task"}
{"timestamp":"2025-12-05T01:06:16.133831Z","level":"info","event":"{'name': 'Billy Currington', 'id': '1By9QBFnjZAoI83BZppHlt', 'url': 'https://open.spotify.com/artist/1By9QBFnjZAoI83BZppHlt'}","chan":"stdout","logger":"task"}
{"timestamp":"2025-12-05T01:06:16.134121Z","level":"info","event":"https://musicbrainz.org/ws/2/url?resource=https://open.spotify.com/artist/1By9QBFnjZAoI83BZppHlt&inc=artist-rels&fmt=json","chan":"stdout","logger":"task"}
{"timestamp":"2025-12-05T01:06:16.242528Z","level":"info","event":"https://musicbrainz.org/ws/2/artist/dbf94c49-0dd9-4f72-85d5-f548beb453f6?inc=tags&fmt=json","chan":"stdout","logger":"task"}
{"timestamp":"2025-12-05T01:06:17.360901Z","level":"info","event":"{'name': 'Sean Kingston', 'id': '6S0dmVVn4udvppDhZIWxCr', 'url': 'https://open.spotify.com/artist/6S0dmVVn4udvppDhZIWxCr'}","chan":"stdout","logger":"task"}
{"timestamp":"2025-12-05T01:06:17.365818Z","level":"info","event":"https://musicbrainz.org/ws/2/url?resource=https://open.spotify.com/artist/6S0dmVVn4udvppDhZIWxCr&inc=artist-rels&fmt=json","chan":"stdout","logger":"task"}
{"timestamp":"2025-12-05T01:06:17.481800Z","level":"info","event":"https://musicbrainz.org/ws/2/artist/f7eb3be3-1065-4a53-94d4-e2d0c15c0b33?inc=tags&fmt=json","chan":"stdout","logger":"task"}
{"timestamp":"2025-12-05T01:06:18.604387Z","level":"info","event":"{'name': 'Lee Brice', 'id': '5Zq7R5qmi58ByYyBQTlNuk', 'url': 'https://open.spotify.com/artist/5Zq7R5qmi58ByYyBQTlNuk'}","chan":"stdout","logger":"task"}
{"timestamp":"2025-12-05T01:06:18.606269Z","level":"info","event":"https://musicbrainz.org/ws/2/url?resource=https://open.spotify.com/artist/5Zq7R5qmi58ByYyBQTlNuk&inc=artist-rels&fmt=json","chan":"stdout","logger":"task"}
{"timestamp":"2025-12-05T01:06:18.730315Z","level":"info","event":"https://musicbrainz.org/ws/2/artist/48a6d065-1fda-4280-ae39-df1394d419cd?inc=tags&fmt=json","chan":"stdout","logger":"task"}
{"timestamp":"2025-12-05T01:06:19.842805Z","level":"info","event":"{'name': 'Ciara', 'id': '2NdeV5rLm47xAvogXrYhJX', 'url': 'https://open.spotify.com/artist/2NdeV5rLm47xAvogXrYhJX'}","chan":"stdout","logger":"task"}
{"timestamp":"2025-12-05T01:06:19.843787Z","level":"info","event":"https://musicbrainz.org/ws/2/url?resource=https://open.spotify.com/artist/2NdeV5rLm47xAvogXrYhJX&inc=artist-rels&fmt=json","chan":"stdout","logger":"task"}
{"timestamp":"2025-12-05T01:06:19.946921Z","level":"info","event":"https://musicbrainz.org/ws/2/artist/03172286-f7ed-4864-a4db-459cd5ca9790?inc=tags&fmt=json","chan":"stdout","logger":"task"}
{"timestamp":"2025-12-05T01:06:21.052083Z","level":"info","event":"{'name': 'Jay Sean', 'id': '4pADjHPWyrlAF0FA7joK2H', 'url': 'https://open.spotify.com/artist/4pADjHPWyrlAF0FA7joK2H'}","chan":"stdout","logger":"task"}
{"timestamp":"2025-12-05T01:06:21.052847Z","level":"info","event":"https://musicbrainz.org/ws/2/url?resource=https://open.spotify.com/artist/4pADjHPWyrlAF0FA7joK2H&inc=artist-rels&fmt=json","chan":"stdout","logger":"task"}
{"timestamp":"2025-12-05T01:06:21.171233Z","level":"info","event":"Rate limit hit. Retrying in 1s...","chan":"stdout","logger":"task"}
{"timestamp":"2025-12-05T01:06:22.326588Z","level":"info","event":"https://musicbrainz.org/ws/2/artist/e03cf5b6-d2ec-4465-adee-226b518bcfcd?inc=tags&fmt=json","chan":"stdout","logger":"task"}
{"timestamp":"2025-12-05T01:06:23.470171Z","level":"info","event":"{'name': 'OneRepublic', 'id': '5Pwc4xIPtQLFEnJriah9YJ', 'url': 'https://open.spotify.com/artist/5Pwc4xIPtQLFEnJriah9YJ'}","chan":"stdout","logger":"task"}
{"timestamp":"2025-12-05T01:06:23.471366Z","level":"info","event":"https://musicbrainz.org/ws/2/url?resource=https://open.spotify.com/artist/5Pwc4xIPtQLFEnJriah9YJ&inc=artist-rels&fmt=json","chan":"stdout","logger":"task"}
{"timestamp":"2025-12-05T01:06:23.597759Z","level":"info","event":"https://musicbrainz.org/ws/2/artist/c33c2065-b1c3-4406-b066-d33a9e2ea71a?inc=tags&fmt=json","chan":"stdout","logger":"task"}
{"timestamp":"2025-12-05T01:06:24.711926Z","level":"info","event":"{'name': 'Adam Lambert', 'id': '6prmLEyn4LfHlD9NnXWlf7', 'url': 'https://open.spotify.com/artist/6prmLEyn4LfHlD9NnXWlf7'}","chan":"stdout","logger":"task"}
{"timestamp":"2025-12-05T01:06:24.718400Z","level":"info","event":"https://musicbrainz.org/ws/2/url?resource=https://open.spotify.com/artist/6prmLEyn4LfHlD9NnXWlf7&inc=artist-rels&fmt=json","chan":"stdout","logger":"task"}
{"timestamp":"2025-12-05T01:06:24.844492Z","level":"info","event":"https://musicbrainz.org/ws/2/artist/e942594a-91cc-427a-8beb-6815c28e9254?inc=tags&fmt=json","chan":"stdout","logger":"task"}
{"timestamp":"2025-12-05T01:06:25.960386Z","level":"info","event":"{'name': 'Lil Wayne', 'id': '55Aa2cqylxrFIXC767Z865', 'url': 'https://open.spotify.com/artist/55Aa2cqylxrFIXC767Z865'}","chan":"stdout","logger":"task"}
{"timestamp":"2025-12-05T01:06:25.961122Z","level":"info","event":"https://musicbrainz.org/ws/2/url?resource=https://open.spotify.com/artist/55Aa2cqylxrFIXC767Z865&inc=artist-rels&fmt=json","chan":"stdout","logger":"task"}
{"timestamp":"2025-12-05T01:06:26.073743Z","level":"info","event":"https://musicbrainz.org/ws/2/artist/ac9a487a-d9d2-4f27-bb23-0f4686488345?inc=tags&fmt=json","chan":"stdout","logger":"task"}
{"timestamp":"2025-12-05T01:06:27.212975Z","level":"info","event":"{'name': 'Chris Brown', 'id': '7bXgB6jMjp9ATFy66eO08Z', 'url': 'https://open.spotify.com/artist/7bXgB6jMjp9ATFy66eO08Z'}","chan":"stdout","logger":"task"}
{"timestamp":"2025-12-05T01:06:27.213787Z","level":"info","event":"https://musicbrainz.org/ws/2/url?resource=https://open.spotify.com/artist/7bXgB6jMjp9ATFy66eO08Z&inc=artist-rels&fmt=json","chan":"stdout","logger":"task"}
{"timestamp":"2025-12-05T01:06:27.322497Z","level":"info","event":"https://musicbrainz.org/ws/2/artist/c234fa42-e6a6-443e-937e-2f4b073538a3?inc=tags&fmt=json","chan":"stdout","logger":"task"}
{"timestamp":"2025-12-05T01:06:28.442274Z","level":"info","event":"{'name': 'Tyga', 'id': '5LHRHt1k9lMyONurDHEdrp', 'url': 'https://open.spotify.com/artist/5LHRHt1k9lMyONurDHEdrp'}","chan":"stdout","logger":"task"}
{"timestamp":"2025-12-05T01:06:28.443616Z","level":"info","event":"https://musicbrainz.org/ws/2/url?resource=https://open.spotify.com/artist/5LHRHt1k9lMyONurDHEdrp&inc=artist-rels&fmt=json","chan":"stdout","logger":"task"}
{"timestamp":"2025-12-05T01:06:28.569035Z","level":"info","event":"https://musicbrainz.org/ws/2/artist/ce09ea31-3d4a-4487-a797-e315175457a0?inc=tags&fmt=json","chan":"stdout","logger":"task"}
{"timestamp":"2025-12-05T01:06:29.688351Z","level":"info","event":"{'name': 'Kevin McCall', 'id': '2teIxF2qgr0rYmTTMKiZ7s', 'url': 'https://open.spotify.com/artist/2teIxF2qgr0rYmTTMKiZ7s'}","chan":"stdout","logger":"task"}
{"timestamp":"2025-12-05T01:06:29.690693Z","level":"info","event":"https://musicbrainz.org/ws/2/url?resource=https://open.spotify.com/artist/2teIxF2qgr0rYmTTMKiZ7s&inc=artist-rels&fmt=json","chan":"stdout","logger":"task"}
{"timestamp":"2025-12-05T01:06:29.813594Z","level":"info","event":"https://musicbrainz.org/ws/2/artist/727105fb-1a82-423f-9b3c-e29c7ea0fb4c?inc=tags&fmt=json","chan":"stdout","logger":"task"}
{"timestamp":"2025-12-05T01:06:30.938017Z","level":"info","event":"{'name': 'Selena Gomez & The Scene', 'id': '6dJeKm76NjfXBNTpHmOhfO', 'url': 'https://open.spotify.com/artist/6dJeKm76NjfXBNTpHmOhfO'}","chan":"stdout","logger":"task"}
{"timestamp":"2025-12-05T01:06:30.938319Z","level":"info","event":"https://musicbrainz.org/ws/2/url?resource=https://open.spotify.com/artist/6dJeKm76NjfXBNTpHmOhfO&inc=artist-rels&fmt=json","chan":"stdout","logger":"task"}
{"timestamp":"2025-12-05T01:06:31.051336Z","level":"info","event":"https://musicbrainz.org/ws/2/artist/37d0a847-32d3-480f-bd1e-101f50a3d332?inc=tags&fmt=json","chan":"stdout","logger":"task"}
{"timestamp":"2025-12-05T01:06:31.161331Z","level":"info","event":"Rate limit hit. Retrying in 1s...","chan":"stdout","logger":"task"}
{"timestamp":"2025-12-05T01:06:32.277815Z","level":"info","event":"Rate limit hit. Retrying in 2s...","chan":"stdout","logger":"task"}
{"timestamp":"2025-12-05T01:06:35.426286Z","level":"info","event":"{'name': 'The Band Perry', 'id': '75FnCoo4FBxH5K1Rrx0k5A', 'url': 'https://open.spotify.com/artist/75FnCoo4FBxH5K1Rrx0k5A'}","chan":"stdout","logger":"task"}
{"timestamp":"2025-12-05T01:06:35.428374Z","level":"info","event":"https://musicbrainz.org/ws/2/url?resource=https://open.spotify.com/artist/75FnCoo4FBxH5K1Rrx0k5A&inc=artist-rels&fmt=json","chan":"stdout","logger":"task"}
{"timestamp":"2025-12-05T01:06:35.541331Z","level":"info","event":"https://musicbrainz.org/ws/2/artist/28955336-2348-488a-9381-e3a7b0107343?inc=tags&fmt=json","chan":"stdout","logger":"task"}
{"timestamp":"2025-12-05T01:06:36.652407Z","level":"info","event":"{'name': 'Neon Trees', 'id': '0RpddSzUHfncUWNJXKOsjy', 'url': 'https://open.spotify.com/artist/0RpddSzUHfncUWNJXKOsjy'}","chan":"stdout","logger":"task"}
{"timestamp":"2025-12-05T01:06:36.652773Z","level":"info","event":"https://musicbrainz.org/ws/2/url?resource=https://open.spotify.com/artist/0RpddSzUHfncUWNJXKOsjy&inc=artist-rels&fmt=json","chan":"stdout","logger":"task"}
{"timestamp":"2025-12-05T01:06:36.760213Z","level":"info","event":"https://musicbrainz.org/ws/2/artist/16243662-8538-4746-a0fb-0d15b5828b8e?inc=tags&fmt=json","chan":"stdout","logger":"task"}
{"timestamp":"2025-12-05T01:06:37.889150Z","level":"info","event":"{'name': 'Auburn', 'id': '3I5oBScoCTzPsuNPYA64l7', 'url': 'https://open.spotify.com/artist/3I5oBScoCTzPsuNPYA64l7'}","chan":"stdout","logger":"task"}
{"timestamp":"2025-12-05T01:06:37.889804Z","level":"info","event":"https://musicbrainz.org/ws/2/url?resource=https://open.spotify.com/artist/3I5oBScoCTzPsuNPYA64l7&inc=artist-rels&fmt=json","chan":"stdout","logger":"task"}
{"timestamp":"2025-12-05T01:06:37.997688Z","level":"info","event":"https://musicbrainz.org/ws/2/artist/97b0a958-bfca-474b-9570-49e6185232b8?inc=tags&fmt=json","chan":"stdout","logger":"task"}
{"timestamp":"2025-12-05T01:06:39.108925Z","level":"info","event":"{'name': 'lyaz', 'id': '18BDwIbLu8fZu7LPw9ifQN', 'url': 'https://open.spotify.com/artist/18BDwIbLu8fZu7LPw9ifQN'}","chan":"stdout","logger":"task"}
{"timestamp":"2025-12-05T01:06:39.109300Z","level":"info","event":"https://musicbrainz.org/ws/2/url?resource=https://open.spotify.com/artist/18BDwIbLu8fZu7LPw9ifQN&inc=artist-rels&fmt=json","chan":"stdout","logger":"task"}
{"timestamp":"2025-12-05T01:06:39.248633Z","level":"info","event":"HTTP 404: Not Found","chan":"stdout","logger":"task"}
{"timestamp":"2025-12-05T01:06:39.248927Z","level":"info","event":"unable to get mbid for https://open.spotify.com/artist/18BDwIbLu8fZu7LPw9ifQN","chan":"stdout","logger":"task"}
{"timestamp":"2025-12-05T01:06:40.251110Z","level":"info","event":"{'name': 'Keith Urban', 'id': '0u2FHSq3ln94y5Q57xazwf', 'url': 'https://open.spotify.com/artist/0u2FHSq3ln94y5Q57xazwf'}","chan":"stdout","logger":"task"}
{"timestamp":"2025-12-05T01:06:40.252622Z","level":"info","event":"https://musicbrainz.org/ws/2/url?resource=https://open.spotify.com/artist/0u2FHSq3ln94y5Q57xazwf&inc=artist-rels&fmt=json","chan":"stdout","logger":"task"}
{"timestamp":"2025-12-05T01:06:40.364370Z","level":"info","event":"https://musicbrainz.org/ws/2/artist/f45da029-7b00-4bf3-962c-0eeb20309cc4?inc=tags&fmt=json","chan":"stdout","logger":"task"}
{"timestamp":"2025-12-05T01:06:41.480455Z","level":"info","event":"{'name': 'Rick Ross', 'id': '1sBkRIssrMs1AbVkOJbc7a', 'url': 'https://open.spotify.com/artist/1sBkRIssrMs1AbVkOJbc7a'}","chan":"stdout","logger":"task"}
{"timestamp":"2025-12-05T01:06:41.480790Z","level":"info","event":"https://musicbrainz.org/ws/2/url?resource=https://open.spotify.com/artist/1sBkRIssrMs1AbVkOJbc7a&inc=artist-rels&fmt=json","chan":"stdout","logger":"task"}
{"timestamp":"2025-12-05T01:06:41.610972Z","level":"info","event":"https://musicbrainz.org/ws/2/artist/13bcb2bb-db37-4397-baf5-e0f085be2d64?inc=tags&fmt=json","chan":"stdout","logger":"task"}
{"timestamp":"2025-12-05T01:06:42.723515Z","level":"info","event":"{'name': 'Styles P', 'id': '2x8KDZdSONA3872CnhaAlX', 'url': 'https://open.spotify.com/artist/2x8KDZdSONA3872CnhaAlX'}","chan":"stdout","logger":"task"}
{"timestamp":"2025-12-05T01:06:42.723781Z","level":"info","event":"https://musicbrainz.org/ws/2/url?resource=https://open.spotify.com/artist/2x8KDZdSONA3872CnhaAlX&inc=artist-rels&fmt=json","chan":"stdout","logger":"task"}
{"timestamp":"2025-12-05T01:06:42.829704Z","level":"info","event":"https://musicbrainz.org/ws/2/artist/6c81c5d0-5159-4be8-b774-aa8397ed5a93?inc=tags&fmt=json","chan":"stdout","logger":"task"}
{"timestamp":"2025-12-05T01:06:43.951806Z","level":"info","event":"{'name': 'Sara Bareilles', 'id': '2Sqr0DXoaYABbjBo9HaMkM', 'url': 'https://open.spotify.com/artist/2Sqr0DXoaYABbjBo9HaMkM'}","chan":"stdout","logger":"task"}
{"timestamp":"2025-12-05T01:06:43.954112Z","level":"info","event":"https://musicbrainz.org/ws/2/url?resource=https://open.spotify.com/artist/2Sqr0DXoaYABbjBo9HaMkM&inc=artist-rels&fmt=json","chan":"stdout","logger":"task"}
{"timestamp":"2025-12-05T01:06:44.071290Z","level":"info","event":"https://musicbrainz.org/ws/2/artist/e54be6b7-5c26-4b47-bb3f-c137429b9b55?inc=tags&fmt=json","chan":"stdout","logger":"task"}
{"timestamp":"2025-12-05T01:06:44.179769Z","level":"info","event":"Rate limit hit. Retrying in 1s...","chan":"stdout","logger":"task"}
{"timestamp":"2025-12-05T01:06:46.297340Z","level":"info","event":"{'name': 'Kanye West', 'id': '5K4W6rqBFWDnAN6FQUkS6x', 'url': 'https://open.spotify.com/artist/5K4W6rqBFWDnAN6FQUkS6x'}","chan":"stdout","logger":"task"}
{"timestamp":"2025-12-05T01:06:46.299478Z","level":"info","event":"https://musicbrainz.org/ws/2/url?resource=https://open.spotify.com/artist/5K4W6rqBFWDnAN6FQUkS6x&inc=artist-rels&fmt=json","chan":"stdout","logger":"task"}
{"timestamp":"2025-12-05T01:06:46.422485Z","level":"info","event":"https://musicbrainz.org/ws/2/artist/164f0d73-1234-4e2c-8743-d77bf2191051?inc=tags&fmt=json","chan":"stdout","logger":"task"}
{"timestamp":"2025-12-05T01:06:47.538840Z","level":"info","event":"{'name': 'Luke Bryan', 'id': '0BvkDsjIUla7X0k6CSWh1I', 'url': 'https://open.spotify.com/artist/0BvkDsjIUla7X0k6CSWh1I'}","chan":"stdout","logger":"task"}
{"timestamp":"2025-12-05T01:06:47.540195Z","level":"info","event":"https://musicbrainz.org/ws/2/url?resource=https://open.spotify.com/artist/0BvkDsjIUla7X0k6CSWh1I&inc=artist-rels&fmt=json","chan":"stdout","logger":"task"}
{"timestamp":"2025-12-05T01:06:47.659456Z","level":"info","event":"https://musicbrainz.org/ws/2/artist/aab35942-f176-4f77-bbf9-1d6aa98ccf3f?inc=tags&fmt=json","chan":"stdout","logger":"task"}
{"timestamp":"2025-12-05T01:06:48.779012Z","level":"info","event":"{'name': 'Colbie Caillat', 'id': '6aZyMrc4doVtZyKNilOmwu', 'url': 'https://open.spotify.com/artist/6aZyMrc4doVtZyKNilOmwu'}","chan":"stdout","logger":"task"}
{"timestamp":"2025-12-05T01:06:48.780101Z","level":"info","event":"https://musicbrainz.org/ws/2/url?resource=https://open.spotify.com/artist/6aZyMrc4doVtZyKNilOmwu&inc=artist-rels&fmt=json","chan":"stdout","logger":"task"}
{"timestamp":"2025-12-05T01:06:48.910453Z","level":"info","event":"https://musicbrainz.org/ws/2/artist/efc8a006-d0c6-4a9b-8cb1-91ca770fa2b9?inc=tags&fmt=json","chan":"stdout","logger":"task"}
{"timestamp":"2025-12-05T01:06:50.028475Z","level":"info","event":"{'name': 'Slash', 'id': '4Cqia9vrAbm7ANXbJGXsTE', 'url': 'https://open.spotify.com/artist/4Cqia9vrAbm7ANXbJGXsTE'}","chan":"stdout","logger":"task"}
{"timestamp":"2025-12-05T01:06:50.029448Z","level":"info","event":"https://musicbrainz.org/ws/2/url?resource=https://open.spotify.com/artist/4Cqia9vrAbm7ANXbJGXsTE&inc=artist-rels&fmt=json","chan":"stdout","logger":"task"}
{"timestamp":"2025-12-05T01:06:50.164083Z","level":"info","event":"https://musicbrainz.org/ws/2/artist/5e7a7026-dfc5-4aba-8496-95140716f3db?inc=tags&fmt=json","chan":"stdout","logger":"task"}
{"timestamp":"2025-12-05T01:06:51.341400Z","level":"info","event":"{'name': 'Little Big Town', 'id': '3CygdxquGHurS7f9LjNLkv', 'url': 'https://open.spotify.com/artist/3CygdxquGHurS7f9LjNLkv'}","chan":"stdout","logger":"task"}
{"timestamp":"2025-12-05T01:06:51.343207Z","level":"info","event":"https://musicbrainz.org/ws/2/url?resource=https://open.spotify.com/artist/3CygdxquGHurS7f9LjNLkv&inc=artist-rels&fmt=json","chan":"stdout","logger":"task"}
{"timestamp":"2025-12-05T01:06:51.456294Z","level":"info","event":"https://musicbrainz.org/ws/2/artist/76e78b58-f301-4975-8058-7f84d8360738?inc=tags&fmt=json","chan":"stdout","logger":"task"}
{"timestamp":"2025-12-05T01:06:52.585754Z","level":"info","event":"{'name': 'Blake Shelton', 'id': '1UTPBmNbXNTittyMJrNkvw', 'url': 'https://open.spotify.com/artist/1UTPBmNbXNTittyMJrNkvw'}","chan":"stdout","logger":"task"}
{"timestamp":"2025-12-05T01:06:52.587243Z","level":"info","event":"https://musicbrainz.org/ws/2/url?resource=https://open.spotify.com/artist/1UTPBmNbXNTittyMJrNkvw&inc=artist-rels&fmt=json","chan":"stdout","logger":"task"}
{"timestamp":"2025-12-05T01:06:52.708456Z","level":"info","event":"https://musicbrainz.org/ws/2/artist/2ad66473-ccb3-41d2-8756-b56680cdfe62?inc=tags&fmt=json","chan":"stdout","logger":"task"}
{"timestamp":"2025-12-05T01:06:53.820747Z","level":"info","event":"{'name': 'Shakira', 'id': '0EmeFodog0BfCgMzAIvKQp', 'url': 'https://open.spotify.com/artist/0EmeFodog0BfCgMzAIvKQp'}","chan":"stdout","logger":"task"}
{"timestamp":"2025-12-05T01:06:53.822003Z","level":"info","event":"https://musicbrainz.org/ws/2/url?resource=https://open.spotify.com/artist/0EmeFodog0BfCgMzAIvKQp&inc=artist-rels&fmt=json","chan":"stdout","logger":"task"}
{"timestamp":"2025-12-05T01:06:53.930698Z","level":"info","event":"https://musicbrainz.org/ws/2/artist/bf24ca37-25f4-4e34-9aec-460b94364cfc?inc=tags&fmt=json","chan":"stdout","logger":"task"}
{"timestamp":"2025-12-05T01:06:55.045099Z","level":"info","event":"{'name': 'Freshlyground', 'id': '7AcV1lk8Zrgo1691PDWEle', 'url': 'https://open.spotify.com/artist/7AcV1lk8Zrgo1691PDWEle'}","chan":"stdout","logger":"task"}
{"timestamp":"2025-12-05T01:06:55.051625Z","level":"info","event":"https://musicbrainz.org/ws/2/url?resource=https://open.spotify.com/artist/7AcV1lk8Zrgo1691PDWEle&inc=artist-rels&fmt=json","chan":"stdout","logger":"task"}
{"timestamp":"2025-12-05T01:06:55.162485Z","level":"info","event":"Rate limit hit. Retrying in 1s...","chan":"stdout","logger":"task"}
{"timestamp":"2025-12-05T01:06:56.273196Z","level":"info","event":"https://musicbrainz.org/ws/2/artist/fc318255-d27e-4e85-bfe5-46657eaef734?inc=tags&fmt=json","chan":"stdout","logger":"task"}
{"timestamp":"2025-12-05T01:06:57.385236Z","level":"info","event":"{'name': 'Miranda Lambert', 'id': '66lH4jAE7pqPlOlzUKbwA0', 'url': 'https://open.spotify.com/artist/66lH4jAE7pqPlOlzUKbwA0'}","chan":"stdout","logger":"task"}
{"timestamp":"2025-12-05T01:06:57.385547Z","level":"info","event":"https://musicbrainz.org/ws/2/url?resource=https://open.spotify.com/artist/66lH4jAE7pqPlOlzUKbwA0&inc=artist-rels&fmt=json","chan":"stdout","logger":"task"}
{"timestamp":"2025-12-05T01:06:57.499260Z","level":"info","event":"https://musicbrainz.org/ws/2/artist/4eca1aa0-c79f-481b-af8a-4a2d6c41aa5c?inc=tags&fmt=json","chan":"stdout","logger":"task"}
{"timestamp":"2025-12-05T01:06:58.610895Z","level":"info","event":"{'name': 'Jeezy', 'id': '4yBK75WVCQXej1p04GWqxH', 'url': 'https://open.spotify.com/artist/4yBK75WVCQXej1p04GWqxH'}","chan":"stdout","logger":"task"}
{"timestamp":"2025-12-05T01:06:58.616465Z","level":"info","event":"https://musicbrainz.org/ws/2/url?resource=https://open.spotify.com/artist/4yBK75WVCQXej1p04GWqxH&inc=artist-rels&fmt=json","chan":"stdout","logger":"task"}
{"timestamp":"2025-12-05T01:06:58.734510Z","level":"info","event":"https://musicbrainz.org/ws/2/artist/dcad99e7-3c3e-4c78-bf8a-68203e17da48?inc=tags&fmt=json","chan":"stdout","logger":"task"}
{"timestamp":"2025-12-05T01:06:59.862802Z","level":"info","event":"{'name': 'Plies', 'id': '3jksrX4oBklxR78ft8gv3j', 'url': 'https://open.spotify.com/artist/3jksrX4oBklxR78ft8gv3j'}","chan":"stdout","logger":"task"}
{"timestamp":"2025-12-05T01:06:59.865080Z","level":"info","event":"https://musicbrainz.org/ws/2/url?resource=https://open.spotify.com/artist/3jksrX4oBklxR78ft8gv3j&inc=artist-rels&fmt=json","chan":"stdout","logger":"task"}
{"timestamp":"2025-12-05T01:06:59.981007Z","level":"info","event":"https://musicbrainz.org/ws/2/artist/72f62a4c-0042-49f6-b4dc-2f5b27dd289f?inc=tags&fmt=json","chan":"stdout","logger":"task"}
{"timestamp":"2025-12-05T01:07:01.111309Z","level":"info","event":"{'name': 'Diddy - Dirty Money', 'id': '2QYEvpsWUOjqaYuxDPTCmV', 'url': 'https://open.spotify.com/artist/2QYEvpsWUOjqaYuxDPTCmV'}","chan":"stdout","logger":"task"}
{"timestamp":"2025-12-05T01:07:01.114308Z","level":"info","event":"https://musicbrainz.org/ws/2/url?resource=https://open.spotify.com/artist/2QYEvpsWUOjqaYuxDPTCmV&inc=artist-rels&fmt=json","chan":"stdout","logger":"task"}
{"timestamp":"2025-12-05T01:07:01.258368Z","level":"info","event":"HTTP 404: Not Found","chan":"stdout","logger":"task"}
{"timestamp":"2025-12-05T01:07:01.258868Z","level":"info","event":"unable to get mbid for https://open.spotify.com/artist/2QYEvpsWUOjqaYuxDPTCmV","chan":"stdout","logger":"task"}
{"timestamp":"2025-12-05T01:07:02.262740Z","level":"info","event":"{'name': 'Black Eyed Peas', 'id': '1yxSLGMDHlW21z4YXirZDS', 'url': 'https://open.spotify.com/artist/1yxSLGMDHlW21z4YXirZDS'}","chan":"stdout","logger":"task"}
{"timestamp":"2025-12-05T01:07:02.267775Z","level":"info","event":"https://musicbrainz.org/ws/2/url?resource=https://open.spotify.com/artist/1yxSLGMDHlW21z4YXirZDS&inc=artist-rels&fmt=json","chan":"stdout","logger":"task"}
{"timestamp":"2025-12-05T01:07:02.392648Z","level":"info","event":"https://musicbrainz.org/ws/2/artist/d5be5333-4171-427e-8e12-732087c6b78e?inc=tags&fmt=json","chan":"stdout","logger":"task"}
{"timestamp":"2025-12-05T01:07:03.504516Z","level":"info","event":"{'name': 'Justin Bieber', 'id': '1uNFoZAHBGtllmzznpCI3s', 'url': 'https://open.spotify.com/artist/1uNFoZAHBGtllmzznpCI3s'}","chan":"stdout","logger":"task"}
{"timestamp":"2025-12-05T01:07:03.505412Z","level":"info","event":"https://musicbrainz.org/ws/2/url?resource=https://open.spotify.com/artist/1uNFoZAHBGtllmzznpCI3s&inc=artist-rels&fmt=json","chan":"stdout","logger":"task"}
{"timestamp":"2025-12-05T01:07:03.618374Z","level":"info","event":"https://musicbrainz.org/ws/2/artist/e0140a67-e4d1-4f13-8a01-364355bee46e?inc=tags&fmt=json","chan":"stdout","logger":"task"}
{"timestamp":"2025-12-05T01:07:04.744581Z","level":"info","event":"{'name': 'Nickelback', 'id': '6deZN1bslXzeGvOLaLMOIF', 'url': 'https://open.spotify.com/artist/6deZN1bslXzeGvOLaLMOIF'}","chan":"stdout","logger":"task"}
{"timestamp":"2025-12-05T01:07:04.746473Z","level":"info","event":"https://musicbrainz.org/ws/2/url?resource=https://open.spotify.com/artist/6deZN1bslXzeGvOLaLMOIF&inc=artist-rels&fmt=json","chan":"stdout","logger":"task"}
{"timestamp":"2025-12-05T01:07:04.861226Z","level":"info","event":"https://musicbrainz.org/ws/2/artist/bc710bcf-8815-42cf-bad2-3f1d12246aeb?inc=tags&fmt=json","chan":"stdout","logger":"task"}
{"timestamp":"2025-12-05T01:07:05.983276Z","level":"info","event":"{'name': 'Miranda Cosgrove', 'id': '3SYGWAHCe31oykdeUPpoJp', 'url': 'https://open.spotify.com/artist/3SYGWAHCe31oykdeUPpoJp'}","chan":"stdout","logger":"task"}
{"timestamp":"2025-12-05T01:07:05.984762Z","level":"info","event":"https://musicbrainz.org/ws/2/url?resource=https://open.spotify.com/artist/3SYGWAHCe31oykdeUPpoJp&inc=artist-rels&fmt=json","chan":"stdout","logger":"task"}
{"timestamp":"2025-12-05T01:07:06.099943Z","level":"info","event":"Rate limit hit. Retrying in 1s...","chan":"stdout","logger":"task"}
{"timestamp":"2025-12-05T01:07:07.230225Z","level":"info","event":"https://musicbrainz.org/ws/2/artist/75285014-bdd1-4ca2-81c9-c6c642bfdec7?inc=tags&fmt=json","chan":"stdout","logger":"task"}
{"timestamp":"2025-12-05T01:07:08.346900Z","level":"info","event":"{'name': 'P!nk', 'id': '1KCSPY1glIKqW2TotWuXOR', 'url': 'https://open.spotify.com/artist/1KCSPY1glIKqW2TotWuXOR'}","chan":"stdout","logger":"task"}
{"timestamp":"2025-12-05T01:07:08.349606Z","level":"info","event":"https://musicbrainz.org/ws/2/url?resource=https://open.spotify.com/artist/1KCSPY1glIKqW2TotWuXOR&inc=artist-rels&fmt=json","chan":"stdout","logger":"task"}
{"timestamp":"2025-12-05T01:07:08.485700Z","level":"info","event":"https://musicbrainz.org/ws/2/artist/f4d5cc07-3bc9-4836-9b15-88a08359bc63?inc=tags&fmt=json","chan":"stdout","logger":"task"}
{"timestamp":"2025-12-05T01:07:09.609359Z","level":"info","event":"{'name': 'Darius Rucker', 'id': '7FY5V3XMwlNBPitEjXowHQ', 'url': 'https://open.spotify.com/artist/7FY5V3XMwlNBPitEjXowHQ'}","chan":"stdout","logger":"task"}
{"timestamp":"2025-12-05T01:07:09.614193Z","level":"info","event":"https://musicbrainz.org/ws/2/url?resource=https://open.spotify.com/artist/7FY5V3XMwlNBPitEjXowHQ&inc=artist-rels&fmt=json","chan":"stdout","logger":"task"}
{"timestamp":"2025-12-05T01:07:09.725508Z","level":"info","event":"https://musicbrainz.org/ws/2/artist/3ae70f76-ea53-4cc5-906e-d47a384202a1?inc=tags&fmt=json","chan":"stdout","logger":"task"}
{"timestamp":"2025-12-05T01:07:10.836828Z","level":"info","event":"{'name': 'Ne-Yo', 'id': '21E3waRsmPlU7jZsS13rcj', 'url': 'https://open.spotify.com/artist/21E3waRsmPlU7jZsS13rcj'}","chan":"stdout","logger":"task"}
{"timestamp":"2025-12-05T01:07:10.837430Z","level":"info","event":"https://musicbrainz.org/ws/2/url?resource=https://open.spotify.com/artist/21E3waRsmPlU7jZsS13rcj&inc=artist-rels&fmt=json","chan":"stdout","logger":"task"}
{"timestamp":"2025-12-05T01:07:10.953914Z","level":"info","event":"https://musicbrainz.org/ws/2/artist/a4a01f5d-18e7-4571-8c3a-76ec0e24e2d7?inc=tags&fmt=json","chan":"stdout","logger":"task"}
{"timestamp":"2025-12-05T01:07:12.069972Z","level":"info","event":"{'name': 'Rodney Atkins', 'id': '2qgvmDsc4jrqbAbjq1HGM2', 'url': 'https://open.spotify.com/artist/2qgvmDsc4jrqbAbjq1HGM2'}","chan":"stdout","logger":"task"}
{"timestamp":"2025-12-05T01:07:12.072588Z","level":"info","event":"https://musicbrainz.org/ws/2/url?resource=https://open.spotify.com/artist/2qgvmDsc4jrqbAbjq1HGM2&inc=artist-rels&fmt=json","chan":"stdout","logger":"task"}
{"timestamp":"2025-12-05T01:07:12.203084Z","level":"info","event":"HTTP 404: Not Found","chan":"stdout","logger":"task"}
{"timestamp":"2025-12-05T01:07:12.203498Z","level":"info","event":"unable to get mbid for https://open.spotify.com/artist/2qgvmDsc4jrqbAbjq1HGM2","chan":"stdout","logger":"task"}
{"timestamp":"2025-12-05T01:07:13.214002Z","level":"info","event":"{'name': 'Brad Paisley', 'id': '13YmWQJFwgZrd4bf5IjMY4', 'url': 'https://open.spotify.com/artist/13YmWQJFwgZrd4bf5IjMY4'}","chan":"stdout","logger":"task"}
{"timestamp":"2025-12-05T01:07:13.215308Z","level":"info","event":"https://musicbrainz.org/ws/2/url?resource=https://open.spotify.com/artist/13YmWQJFwgZrd4bf5IjMY4&inc=artist-rels&fmt=json","chan":"stdout","logger":"task"}
{"timestamp":"2025-12-05T01:07:13.329191Z","level":"info","event":"https://musicbrainz.org/ws/2/artist/6cfd7ffc-824f-4219-8e27-4b9417700f44?inc=tags&fmt=json","chan":"stdout","logger":"task"}
{"timestamp":"2025-12-05T01:07:14.455996Z","level":"info","event":"{'name': 'Bobby Brackins', 'id': '72rsQfzxNVLPpbzQzXVJSc', 'url': 'https://open.spotify.com/artist/72rsQfzxNVLPpbzQzXVJSc'}","chan":"stdout","logger":"task"}
{"timestamp":"2025-12-05T01:07:14.461733Z","level":"info","event":"https://musicbrainz.org/ws/2/url?resource=https://open.spotify.com/artist/72rsQfzxNVLPpbzQzXVJSc&inc=artist-rels&fmt=json","chan":"stdout","logger":"task"}
{"timestamp":"2025-12-05T01:07:14.626353Z","level":"info","event":"https://musicbrainz.org/ws/2/artist/28a0e439-e447-49cb-9aa2-6c754bdf665f?inc=tags&fmt=json","chan":"stdout","logger":"task"}
{"timestamp":"2025-12-05T01:07:15.739006Z","level":"info","event":"{'name': 'Ray J', 'id': '6gbGGM0E8Q1hE511psqxL0', 'url': 'https://open.spotify.com/artist/6gbGGM0E8Q1hE511psqxL0'}","chan":"stdout","logger":"task"}
{"timestamp":"2025-12-05T01:07:15.740450Z","level":"info","event":"https://musicbrainz.org/ws/2/url?resource=https://open.spotify.com/artist/6gbGGM0E8Q1hE511psqxL0&inc=artist-rels&fmt=json","chan":"stdout","logger":"task"}
{"timestamp":"2025-12-05T01:07:15.861142Z","level":"info","event":"https://musicbrainz.org/ws/2/artist/9a07de5c-37e5-4907-ac77-ba9674a9bd6a?inc=tags&fmt=json","chan":"stdout","logger":"task"}
{"timestamp":"2025-12-05T01:07:16.976886Z","level":"info","event":"{'name': 'Josh Turner', 'id': '7vCtweS8UVAXTyau2j0rDT', 'url': 'https://open.spotify.com/artist/7vCtweS8UVAXTyau2j0rDT'}","chan":"stdout","logger":"task"}
{"timestamp":"2025-12-05T01:07:16.977206Z","level":"info","event":"https://musicbrainz.org/ws/2/url?resource=https://open.spotify.com/artist/7vCtweS8UVAXTyau2j0rDT&inc=artist-rels&fmt=json","chan":"stdout","logger":"task"}
{"timestamp":"2025-12-05T01:07:17.088418Z","level":"info","event":"Rate limit hit. Retrying in 1s...","chan":"stdout","logger":"task"}
{"timestamp":"2025-12-05T01:07:18.225718Z","level":"info","event":"HTTP 404: Not Found","chan":"stdout","logger":"task"}
{"timestamp":"2025-12-05T01:07:18.228136Z","level":"info","event":"unable to get mbid for https://open.spotify.com/artist/7vCtweS8UVAXTyau2j0rDT","chan":"stdout","logger":"task"}
{"timestamp":"2025-12-05T01:07:19.228024Z","level":"info","event":"{'name': 'Easton Corbin', 'id': '070kGpqtESdDsLb3gdMIyx', 'url': 'https://open.spotify.com/artist/070kGpqtESdDsLb3gdMIyx'}","chan":"stdout","logger":"task"}
{"timestamp":"2025-12-05T01:07:19.229430Z","level":"info","event":"https://musicbrainz.org/ws/2/url?resource=https://open.spotify.com/artist/070kGpqtESdDsLb3gdMIyx&inc=artist-rels&fmt=json","chan":"stdout","logger":"task"}
{"timestamp":"2025-12-05T01:07:19.347125Z","level":"info","event":"https://musicbrainz.org/ws/2/artist/c6ada25c-8590-4b75-8013-883a8df55882?inc=tags&fmt=json","chan":"stdout","logger":"task"}
{"timestamp":"2025-12-05T01:07:20.479140Z","level":"info","event":"{'name': 'New Boyz', 'id': '1ZKqrja0WvbSssYNFO3lzs', 'url': 'https://open.spotify.com/artist/1ZKqrja0WvbSssYNFO3lzs'}","chan":"stdout","logger":"task"}
{"timestamp":"2025-12-05T01:07:20.479403Z","level":"info","event":"https://musicbrainz.org/ws/2/url?resource=https://open.spotify.com/artist/1ZKqrja0WvbSssYNFO3lzs&inc=artist-rels&fmt=json","chan":"stdout","logger":"task"}
{"timestamp":"2025-12-05T01:07:20.594664Z","level":"info","event":"https://musicbrainz.org/ws/2/artist/8e1d63a3-2980-4d69-ba61-1024e8a6df4b?inc=tags&fmt=json","chan":"stdout","logger":"task"}
{"timestamp":"2025-12-05T01:07:21.707489Z","level":"info","event":"{'name': 'Iyaz', 'id': '5tKXB9uuebKE34yowVaU3C', 'url': 'https://open.spotify.com/artist/5tKXB9uuebKE34yowVaU3C'}","chan":"stdout","logger":"task"}
{"timestamp":"2025-12-05T01:07:21.708105Z","level":"info","event":"https://musicbrainz.org/ws/2/url?resource=https://open.spotify.com/artist/5tKXB9uuebKE34yowVaU3C&inc=artist-rels&fmt=json","chan":"stdout","logger":"task"}
{"timestamp":"2025-12-05T01:07:21.832605Z","level":"info","event":"https://musicbrainz.org/ws/2/artist/3bf30073-ce4e-4207-88d2-ad83677b0387?inc=tags&fmt=json","chan":"stdout","logger":"task"}
{"timestamp":"2025-12-05T01:07:22.959797Z","level":"info","event":"{'name': 'Monica', 'id': '6nzxy2wXs6tLgzEtqOkEi2', 'url': 'https://open.spotify.com/artist/6nzxy2wXs6tLgzEtqOkEi2'}","chan":"stdout","logger":"task"}
{"timestamp":"2025-12-05T01:07:22.963128Z","level":"info","event":"https://musicbrainz.org/ws/2/url?resource=https://open.spotify.com/artist/6nzxy2wXs6tLgzEtqOkEi2&inc=artist-rels&fmt=json","chan":"stdout","logger":"task"}
{"timestamp":"2025-12-05T01:07:23.078640Z","level":"info","event":"https://musicbrainz.org/ws/2/artist/af84073d-3b6d-4390-9d3f-bf65a91c824f?inc=tags&fmt=json","chan":"stdout","logger":"task"}
{"timestamp":"2025-12-05T01:07:24.202574Z","level":"info","event":"{'name': 'Craig Morgan', 'id': '6ktyNEnEukKzskQEiXgCFD', 'url': 'https://open.spotify.com/artist/6ktyNEnEukKzskQEiXgCFD'}","chan":"stdout","logger":"task"}
{"timestamp":"2025-12-05T01:07:24.206566Z","level":"info","event":"https://musicbrainz.org/ws/2/url?resource=https://open.spotify.com/artist/6ktyNEnEukKzskQEiXgCFD&inc=artist-rels&fmt=json","chan":"stdout","logger":"task"}
{"timestamp":"2025-12-05T01:07:24.316490Z","level":"info","event":"https://musicbrainz.org/ws/2/artist/1415b94a-ae0d-4918-9100-1943e8227f1b?inc=tags&fmt=json","chan":"stdout","logger":"task"}
{"timestamp":"2025-12-05T01:07:25.422283Z","level":"info","event":"{'name': 'Fantasia', 'id': '7xAcVHPiirnUqfdqo0USb1', 'url': 'https://open.spotify.com/artist/7xAcVHPiirnUqfdqo0USb1'}","chan":"stdout","logger":"task"}
{"timestamp":"2025-12-05T01:07:25.423413Z","level":"info","event":"https://musicbrainz.org/ws/2/url?resource=https://open.spotify.com/artist/7xAcVHPiirnUqfdqo0USb1&inc=artist-rels&fmt=json","chan":"stdout","logger":"task"}
{"timestamp":"2025-12-05T01:07:25.540940Z","level":"info","event":"https://musicbrainz.org/ws/2/artist/4a5d70ad-89c8-47a1-afb2-4cc26471e113?inc=tags&fmt=json","chan":"stdout","logger":"task"}
{"timestamp":"2025-12-05T01:07:26.665812Z","level":"info","event":"{'name': 'Jaron And The Long Road To Love', 'id': '1gnxlAhv4TnE1Kbvcbv8QI', 'url': 'https://open.spotify.com/artist/1gnxlAhv4TnE1Kbvcbv8QI'}","chan":"stdout","logger":"task"}
{"timestamp":"2025-12-05T01:07:26.667166Z","level":"info","event":"https://musicbrainz.org/ws/2/url?resource=https://open.spotify.com/artist/1gnxlAhv4TnE1Kbvcbv8QI&inc=artist-rels&fmt=json","chan":"stdout","logger":"task"}
{"timestamp":"2025-12-05T01:07:26.788731Z","level":"info","event":"HTTP 404: Not Found","chan":"stdout","logger":"task"}
{"timestamp":"2025-12-05T01:07:26.788895Z","level":"info","event":"unable to get mbid for https://open.spotify.com/artist/1gnxlAhv4TnE1Kbvcbv8QI","chan":"stdout","logger":"task"}
{"timestamp":"2025-12-05T01:07:27.789835Z","level":"info","event":"{'name': 'We The Kings', 'id': '3ao3jf5d70Tf4fPh2bnXVl', 'url': 'https://open.spotify.com/artist/3ao3jf5d70Tf4fPh2bnXVl'}","chan":"stdout","logger":"task"}
{"timestamp":"2025-12-05T01:07:27.790511Z","level":"info","event":"https://musicbrainz.org/ws/2/url?resource=https://open.spotify.com/artist/3ao3jf5d70Tf4fPh2bnXVl&inc=artist-rels&fmt=json","chan":"stdout","logger":"task"}
{"timestamp":"2025-12-05T01:07:27.901873Z","level":"info","event":"https://musicbrainz.org/ws/2/artist/6ec79457-b06b-4e3b-83f9-9b26fc7a99bc?inc=tags&fmt=json","chan":"stdout","logger":"task"}
{"timestamp":"2025-12-05T01:07:28.008247Z","level":"info","event":"Rate limit hit. Retrying in 1s...","chan":"stdout","logger":"task"}
{"timestamp":"2025-12-05T01:07:30.133856Z","level":"info","event":"{'name': 'Demi Lovato', 'id': '6S2OmqARrzebs0tKUEyXyp', 'url': 'https://open.spotify.com/artist/6S2OmqARrzebs0tKUEyXyp'}","chan":"stdout","logger":"task"}
{"timestamp":"2025-12-05T01:07:30.134549Z","level":"info","event":"https://musicbrainz.org/ws/2/url?resource=https://open.spotify.com/artist/6S2OmqARrzebs0tKUEyXyp&inc=artist-rels&fmt=json","chan":"stdout","logger":"task"}
{"timestamp":"2025-12-05T01:07:30.254139Z","level":"info","event":"https://musicbrainz.org/ws/2/artist/faf4cefb-036c-4c88-b93a-5b03dd0a0e6b?inc=tags&fmt=json","chan":"stdout","logger":"task"}
{"timestamp":"2025-12-05T01:07:31.360852Z","level":"info","event":"{'name': 'Daughtry', 'id': '5P5FTygHyx2G57oszR3Wot', 'url': 'https://open.spotify.com/artist/5P5FTygHyx2G57oszR3Wot'}","chan":"stdout","logger":"task"}
{"timestamp":"2025-12-05T01:07:31.361591Z","level":"info","event":"https://musicbrainz.org/ws/2/url?resource=https://open.spotify.com/artist/5P5FTygHyx2G57oszR3Wot&inc=artist-rels&fmt=json","chan":"stdout","logger":"task"}
{"timestamp":"2025-12-05T01:07:31.508087Z","level":"info","event":"https://musicbrainz.org/ws/2/artist/21e3292e-dac8-4609-b57d-402f926aa41f?inc=tags&fmt=json","chan":"stdout","logger":"task"}
{"timestamp":"2025-12-05T01:07:32.656814Z","level":"info","event":"{'name': 'Gyptian', 'id': '2JX4h8xm0hNxCB0aNBWzyi', 'url': 'https://open.spotify.com/artist/2JX4h8xm0hNxCB0aNBWzyi'}","chan":"stdout","logger":"task"}
{"timestamp":"2025-12-05T01:07:32.657029Z","level":"info","event":"https://musicbrainz.org/ws/2/url?resource=https://open.spotify.com/artist/2JX4h8xm0hNxCB0aNBWzyi&inc=artist-rels&fmt=json","chan":"stdout","logger":"task"}
{"timestamp":"2025-12-05T01:07:32.771757Z","level":"info","event":"https://musicbrainz.org/ws/2/artist/c70a1a51-caf3-4667-b956-11e27a00fe37?inc=tags&fmt=json","chan":"stdout","logger":"task"}
{"timestamp":"2025-12-05T01:07:33.891084Z","level":"info","event":"{'name': 'Swizz Beatz', 'id': '2cADQgiLMjNhbsfeN52Bf3', 'url': 'https://open.spotify.com/artist/2cADQgiLMjNhbsfeN52Bf3'}","chan":"stdout","logger":"task"}
{"timestamp":"2025-12-05T01:07:33.892335Z","level":"info","event":"https://musicbrainz.org/ws/2/url?resource=https://open.spotify.com/artist/2cADQgiLMjNhbsfeN52Bf3&inc=artist-rels&fmt=json","chan":"stdout","logger":"task"}
{"timestamp":"2025-12-05T01:07:34.074151Z","level":"info","event":"https://musicbrainz.org/ws/2/artist/698ff525-ff51-4206-8f08-60a7458aab24?inc=tags&fmt=json","chan":"stdout","logger":"task"}
{"timestamp":"2025-12-05T01:07:35.370572Z","level":"info","event":"{'name': 'Jason Aldean', 'id': '3FfvYsEGaIb52QPXhg4DcH', 'url': 'https://open.spotify.com/artist/3FfvYsEGaIb52QPXhg4DcH'}","chan":"stdout","logger":"task"}
{"timestamp":"2025-12-05T01:07:35.371776Z","level":"info","event":"https://musicbrainz.org/ws/2/url?resource=https://open.spotify.com/artist/3FfvYsEGaIb52QPXhg4DcH&inc=artist-rels&fmt=json","chan":"stdout","logger":"task"}
{"timestamp":"2025-12-05T01:07:35.493572Z","level":"info","event":"https://musicbrainz.org/ws/2/artist/f24df11a-7e35-4979-a4db-a3b2a170ce27?inc=tags&fmt=json","chan":"stdout","logger":"task"}
{"timestamp":"2025-12-05T01:07:36.628780Z","level":"info","event":"{'name': 'Trey Songz', 'id': '2iojnBLj0qIMiKPvVhLnsH', 'url': 'https://open.spotify.com/artist/2iojnBLj0qIMiKPvVhLnsH'}","chan":"stdout","logger":"task"}
{"timestamp":"2025-12-05T01:07:36.631632Z","level":"info","event":"https://musicbrainz.org/ws/2/url?resource=https://open.spotify.com/artist/2iojnBLj0qIMiKPvVhLnsH&inc=artist-rels&fmt=json","chan":"stdout","logger":"task"}
{"timestamp":"2025-12-05T01:07:36.757923Z","level":"info","event":"https://musicbrainz.org/ws/2/artist/4d7304f6-7fe3-4959-9d98-01a5af84afe6?inc=tags&fmt=json","chan":"stdout","logger":"task"}
{"timestamp":"2025-12-05T01:07:37.880340Z","level":"info","event":"{'name': 'Dirty Heads', 'id': '6GkJh85o22LfD2vgL9DP6f', 'url': 'https://open.spotify.com/artist/6GkJh85o22LfD2vgL9DP6f'}","chan":"stdout","logger":"task"}
{"timestamp":"2025-12-05T01:07:37.882536Z","level":"info","event":"https://musicbrainz.org/ws/2/url?resource=https://open.spotify.com/artist/6GkJh85o22LfD2vgL9DP6f&inc=artist-rels&fmt=json","chan":"stdout","logger":"task"}
{"timestamp":"2025-12-05T01:07:37.997287Z","level":"info","event":"https://musicbrainz.org/ws/2/artist/0a9f8491-5f30-4678-8b11-066f32e9cf11?inc=tags&fmt=json","chan":"stdout","logger":"task"}
{"timestamp":"2025-12-05T01:07:39.180255Z","level":"info","event":"{'name': 'ROME', 'id': '7hlcwaLWsbcwOkPtdxRoCa', 'url': 'https://open.spotify.com/artist/7hlcwaLWsbcwOkPtdxRoCa'}","chan":"stdout","logger":"task"}
{"timestamp":"2025-12-05T01:07:39.180674Z","level":"info","event":"https://musicbrainz.org/ws/2/url?resource=https://open.spotify.com/artist/7hlcwaLWsbcwOkPtdxRoCa&inc=artist-rels&fmt=json","chan":"stdout","logger":"task"}
{"timestamp":"2025-12-05T01:07:39.313811Z","level":"info","event":"HTTP 404: Not Found","chan":"stdout","logger":"task"}
{"timestamp":"2025-12-05T01:07:39.314315Z","level":"info","event":"unable to get mbid for https://open.spotify.com/artist/7hlcwaLWsbcwOkPtdxRoCa","chan":"stdout","logger":"task"}
{"timestamp":"2025-12-05T01:07:40.320900Z","level":"info","event":"Fetching audio details for 100 songs...","chan":"stdout","logger":"task"}
{"timestamp":"2025-12-05T01:07:40.322575Z","level":"info","event":"  Fetching batch 1/3 (40 songs)...","chan":"stdout","logger":"task"}
{"timestamp":"2025-12-05T01:07:41.427712Z","level":"info","event":"  Retrieved 31 song details","chan":"stdout","logger":"task"}
{"timestamp":"2025-12-05T01:07:43.440654Z","level":"info","event":"  Fetching batch 2/3 (40 songs)...","chan":"stdout","logger":"task"}
{"timestamp":"2025-12-05T01:07:44.517602Z","level":"info","event":"  Retrieved 32 song details","chan":"stdout","logger":"task"}
{"timestamp":"2025-12-05T01:07:46.529240Z","level":"info","event":"  Fetching batch 3/3 (20 songs)...","chan":"stdout","logger":"task"}
{"timestamp":"2025-12-05T01:07:47.459701Z","level":"info","event":"  Retrieved 18 song details","chan":"stdout","logger":"task"}
{"timestamp":"2025-12-05T01:07:47.464041Z","level":"info","event":"Fetching audio analysis for 81 songs...","chan":"stdout","logger":"task"}
{"timestamp":"2025-12-05T01:07:58.624923Z","level":"info","event":"  Processing audio analysis 10/81...","chan":"stdout","logger":"task"}
{"timestamp":"2025-12-05T01:08:10.382482Z","level":"info","event":"  Processing audio analysis 20/81...","chan":"stdout","logger":"task"}
{"timestamp":"2025-12-05T01:08:21.087210Z","level":"info","event":"  Processing audio analysis 30/81...","chan":"stdout","logger":"task"}
{"timestamp":"2025-12-05T01:08:31.259219Z","level":"info","event":"  Processing audio analysis 40/81...","chan":"stdout","logger":"task"}
{"timestamp":"2025-12-05T01:08:41.408013Z","level":"info","event":"  Processing audio analysis 50/81...","chan":"stdout","logger":"task"}
{"timestamp":"2025-12-05T01:08:52.065805Z","level":"info","event":"  Processing audio analysis 60/81...","chan":"stdout","logger":"task"}
{"timestamp":"2025-12-05T01:09:04.036084Z","level":"info","event":"  Processing audio analysis 70/81...","chan":"stdout","logger":"task"}
{"timestamp":"2025-12-05T01:09:14.183973Z","level":"info","event":"  Processing audio analysis 80/81...","chan":"stdout","logger":"task"}
{"timestamp":"2025-12-05T01:09:15.516720Z","level":"info","event":"Completed fetching audio details for 81 songs","chan":"stdout","logger":"task"}
{"timestamp":"2025-12-05T01:09:15.592294Z","level":"info","event":"DEBUG: DATABASE_URL value: postgresql+psycopg2:****@postgres/music_warehouse","chan":"stdout","logger":"task"}
{"timestamp":"2025-12-05T01:09:15.640694Z","level":"info","event":"TYPE OF ENGINE: <class 'sqlalchemy.engine.base.Engine'>","chan":"stdout","logger":"task"}
{"timestamp":"2025-12-05T01:09:15.640894Z","level":"info","event":"ENGINE DIR: ['__class__', '__delattr__', '__dict__', '__dir__', '__doc__', '__eq__', '__format__', '__ge__', '__getattribute__', '__getstate__', '__gt__', '__hash__', '__init__', '__init_subclass__', '__le__', '__lt__', '__module__', '__ne__', '__new__', '__reduce__', '__reduce_ex__', '__repr__', '__setattr__', '__sizeof__', '__str__', '__subclasshook__', '__weakref__', '_compiled_cache', '_connection_cls', '_echo', '_execute_clauseelement', '_execute_compiled', '_execute_default', '_execution_options', '_has_events', '_is_future', '_lru_size_alert', '_option_cls', '_optional_conn_ctx_manager', '_run_ddl_visitor', '_run_visitor', '_schema_translate_map', '_should_log_debug', '_should_log_info', '_sqla_logger_namespace', '_trans_ctx', '_wrap_pool_connect', 'begin', 'clear_compiled_cache', 'connect', 'dialect', 'dispatch', 'dispose', 'driver', 'echo', 'engine', 'execute', 'execution_options', 'get_execution_options', 'has_table', 'hide_parameters', 'logger', 'logging_name', 'name', 'pool', 'raw_connection', 'run_callable', 'scalar', 'table_names', 'transaction', 'update_execution_options', 'url']","chan":"stdout","logger":"task"}
{"timestamp":"2025-12-05T01:09:15.640975Z","level":"info","event":"IS SQLALCHEMY ENGINE: True","chan":"stdout","logger":"task"}
{"timestamp":"2025-12-05T01:09:15.641046Z","level":"info","event":"Database connection successful","chan":"stdout","logger":"task"}
{"timestamp":"2025-12-05T01:09:15.641100Z","level":"info","event":"Loading chart_weeks (1 rows)...","chan":"stdout","logger":"task"}
{"timestamp":"2025-12-05T01:09:15.669800Z","level":"info","event":"  Exported CSV to data_exports/chart_weeks.csv","chan":"stdout","logger":"task"}
{"timestamp":"2025-12-05T01:09:15.669929Z","level":"info","event":"Loading songs (100 rows)...","chan":"stdout","logger":"task"}
{"timestamp":"2025-12-05T01:09:15.697047Z","level":"info","event":"  Exported CSV to data_exports/songs.csv","chan":"stdout","logger":"task"}
{"timestamp":"2025-12-05T01:09:15.697164Z","level":"info","event":"Loading artists (109 rows)...","chan":"stdout","logger":"task"}
{"timestamp":"2025-12-05T01:09:15.705734Z","level":"info","event":"  Exported CSV to data_exports/artists.csv","chan":"stdout","logger":"task"}
{"timestamp":"2025-12-05T01:09:15.705866Z","level":"info","event":"Loading song_artists (138 rows)...","chan":"stdout","logger":"task"}
{"timestamp":"2025-12-05T01:09:15.716933Z","level":"info","event":"  Exported CSV to data_exports/song_artists.csv","chan":"stdout","logger":"task"}
{"timestamp":"2025-12-05T01:09:15.717050Z","level":"info","event":"Loading chart_entries (100 rows)...","chan":"stdout","logger":"task"}
{"timestamp":"2025-12-05T01:09:15.744328Z","level":"info","event":"  Exported CSV to data_exports/chart_entries.csv","chan":"stdout","logger":"task"}
{"timestamp":"2025-12-05T01:09:15.746438","level":"info","event":"Done. Returned value was: None","logger":"airflow.task.operators.airflow.providers.standard.operators.python.PythonOperator"}
{"timestamp":"2025-12-05T01:09:15.806255Z","level":"info","event":"Task instance in success state","chan":"stdout","logger":"task"}
{"timestamp":"2025-12-05T01:09:15.807094Z","level":"info","event":" Previous state of the Task instance: TaskInstanceState.RUNNING","chan":"stdout","logger":"task"}
{"timestamp":"2025-12-05T01:09:15.807547Z","level":"info","event":"Task operator:<Task(PythonOperator): load_music_data>","chan":"stdout","logger":"task"}
