[2025-11-19T23:33:29.725+0000] {processor.py:161} INFO - Started process (PID=80) to work on /home/airflow/.local/lib/python3.12/site-packages/airflow/example_dags/example_skip_dag.py
[2025-11-19T23:33:29.731+0000] {processor.py:830} INFO - Processing file /home/airflow/.local/lib/python3.12/site-packages/airflow/example_dags/example_skip_dag.py for tasks to queue
[2025-11-19T23:33:29.850+0000] {logging_mixin.py:188} INFO - [2025-11-19T23:33:29.757+0000] {dagbag.py:545} INFO - Filling up the DagBag from /home/airflow/.local/lib/python3.12/site-packages/airflow/example_dags/example_skip_dag.py
[2025-11-19T23:33:30.024+0000] {processor.py:840} INFO - DAG(s) 'example_skip_dag' retrieved from /home/airflow/.local/lib/python3.12/site-packages/airflow/example_dags/example_skip_dag.py
[2025-11-19T23:33:30.903+0000] {logging_mixin.py:188} INFO - [2025-11-19T23:33:30.881+0000] {dag.py:3096} INFO - Sync 1 DAGs
[2025-11-19T23:33:31.277+0000] {logging_mixin.py:188} INFO - [2025-11-19T23:33:31.257+0000] {dag.py:3954} INFO - Setting next_dagrun for example_skip_dag to 2025-11-18 00:00:00+00:00, run_after=2025-11-19 00:00:00+00:00
[2025-11-19T23:33:32.500+0000] {processor.py:183} INFO - Processing /home/airflow/.local/lib/python3.12/site-packages/airflow/example_dags/example_skip_dag.py took 2.799 seconds
[2025-11-19T23:34:17.686+0000] {processor.py:161} INFO - Started process (PID=138) to work on /home/airflow/.local/lib/python3.12/site-packages/airflow/example_dags/example_skip_dag.py
[2025-11-19T23:34:17.688+0000] {processor.py:830} INFO - Processing file /home/airflow/.local/lib/python3.12/site-packages/airflow/example_dags/example_skip_dag.py for tasks to queue
[2025-11-19T23:34:17.692+0000] {logging_mixin.py:188} INFO - [2025-11-19T23:34:17.691+0000] {dagbag.py:545} INFO - Filling up the DagBag from /home/airflow/.local/lib/python3.12/site-packages/airflow/example_dags/example_skip_dag.py
[2025-11-19T23:34:17.699+0000] {processor.py:840} INFO - DAG(s) 'example_skip_dag' retrieved from /home/airflow/.local/lib/python3.12/site-packages/airflow/example_dags/example_skip_dag.py
[2025-11-19T23:34:17.714+0000] {logging_mixin.py:188} INFO - [2025-11-19T23:34:17.714+0000] {dag.py:3096} INFO - Sync 1 DAGs
[2025-11-19T23:34:17.727+0000] {logging_mixin.py:188} INFO - [2025-11-19T23:34:17.727+0000] {dag.py:3954} INFO - Setting next_dagrun for example_skip_dag to 2025-11-18 00:00:00+00:00, run_after=2025-11-19 00:00:00+00:00
[2025-11-19T23:34:17.734+0000] {processor.py:183} INFO - Processing /home/airflow/.local/lib/python3.12/site-packages/airflow/example_dags/example_skip_dag.py took 0.056 seconds
[2025-11-19T23:34:48.131+0000] {processor.py:161} INFO - Started process (PID=196) to work on /home/airflow/.local/lib/python3.12/site-packages/airflow/example_dags/example_skip_dag.py
[2025-11-19T23:34:48.132+0000] {processor.py:830} INFO - Processing file /home/airflow/.local/lib/python3.12/site-packages/airflow/example_dags/example_skip_dag.py for tasks to queue
[2025-11-19T23:34:48.133+0000] {logging_mixin.py:188} INFO - [2025-11-19T23:34:48.133+0000] {dagbag.py:545} INFO - Filling up the DagBag from /home/airflow/.local/lib/python3.12/site-packages/airflow/example_dags/example_skip_dag.py
[2025-11-19T23:34:48.136+0000] {processor.py:840} INFO - DAG(s) 'example_skip_dag' retrieved from /home/airflow/.local/lib/python3.12/site-packages/airflow/example_dags/example_skip_dag.py
[2025-11-19T23:34:48.144+0000] {logging_mixin.py:188} INFO - [2025-11-19T23:34:48.144+0000] {dag.py:3096} INFO - Sync 1 DAGs
[2025-11-19T23:34:48.156+0000] {logging_mixin.py:188} INFO - [2025-11-19T23:34:48.156+0000] {dag.py:3954} INFO - Setting next_dagrun for example_skip_dag to 2025-11-18 00:00:00+00:00, run_after=2025-11-19 00:00:00+00:00
[2025-11-19T23:34:48.165+0000] {processor.py:183} INFO - Processing /home/airflow/.local/lib/python3.12/site-packages/airflow/example_dags/example_skip_dag.py took 0.036 seconds
[2025-11-19T23:35:19.151+0000] {processor.py:161} INFO - Started process (PID=252) to work on /home/airflow/.local/lib/python3.12/site-packages/airflow/example_dags/example_skip_dag.py
[2025-11-19T23:35:19.153+0000] {processor.py:830} INFO - Processing file /home/airflow/.local/lib/python3.12/site-packages/airflow/example_dags/example_skip_dag.py for tasks to queue
[2025-11-19T23:35:19.155+0000] {logging_mixin.py:188} INFO - [2025-11-19T23:35:19.155+0000] {dagbag.py:545} INFO - Filling up the DagBag from /home/airflow/.local/lib/python3.12/site-packages/airflow/example_dags/example_skip_dag.py
[2025-11-19T23:35:19.162+0000] {processor.py:840} INFO - DAG(s) 'example_skip_dag' retrieved from /home/airflow/.local/lib/python3.12/site-packages/airflow/example_dags/example_skip_dag.py
[2025-11-19T23:35:19.179+0000] {logging_mixin.py:188} INFO - [2025-11-19T23:35:19.179+0000] {dag.py:3096} INFO - Sync 1 DAGs
[2025-11-19T23:35:19.189+0000] {logging_mixin.py:188} INFO - [2025-11-19T23:35:19.189+0000] {dag.py:3954} INFO - Setting next_dagrun for example_skip_dag to 2025-11-18 00:00:00+00:00, run_after=2025-11-19 00:00:00+00:00
[2025-11-19T23:35:19.202+0000] {processor.py:183} INFO - Processing /home/airflow/.local/lib/python3.12/site-packages/airflow/example_dags/example_skip_dag.py took 0.055 seconds
[2025-11-19T23:35:50.124+0000] {processor.py:161} INFO - Started process (PID=310) to work on /home/airflow/.local/lib/python3.12/site-packages/airflow/example_dags/example_skip_dag.py
[2025-11-19T23:35:50.125+0000] {processor.py:830} INFO - Processing file /home/airflow/.local/lib/python3.12/site-packages/airflow/example_dags/example_skip_dag.py for tasks to queue
[2025-11-19T23:35:50.126+0000] {logging_mixin.py:188} INFO - [2025-11-19T23:35:50.126+0000] {dagbag.py:545} INFO - Filling up the DagBag from /home/airflow/.local/lib/python3.12/site-packages/airflow/example_dags/example_skip_dag.py
[2025-11-19T23:35:50.129+0000] {processor.py:840} INFO - DAG(s) 'example_skip_dag' retrieved from /home/airflow/.local/lib/python3.12/site-packages/airflow/example_dags/example_skip_dag.py
[2025-11-19T23:35:50.144+0000] {logging_mixin.py:188} INFO - [2025-11-19T23:35:50.143+0000] {dag.py:3096} INFO - Sync 1 DAGs
[2025-11-19T23:35:50.164+0000] {logging_mixin.py:188} INFO - [2025-11-19T23:35:50.164+0000] {dag.py:3954} INFO - Setting next_dagrun for example_skip_dag to 2025-11-18 00:00:00+00:00, run_after=2025-11-19 00:00:00+00:00
[2025-11-19T23:35:50.190+0000] {processor.py:183} INFO - Processing /home/airflow/.local/lib/python3.12/site-packages/airflow/example_dags/example_skip_dag.py took 0.071 seconds
[2025-11-19T23:36:20.600+0000] {processor.py:161} INFO - Started process (PID=368) to work on /home/airflow/.local/lib/python3.12/site-packages/airflow/example_dags/example_skip_dag.py
[2025-11-19T23:36:20.600+0000] {processor.py:830} INFO - Processing file /home/airflow/.local/lib/python3.12/site-packages/airflow/example_dags/example_skip_dag.py for tasks to queue
[2025-11-19T23:36:20.601+0000] {logging_mixin.py:188} INFO - [2025-11-19T23:36:20.601+0000] {dagbag.py:545} INFO - Filling up the DagBag from /home/airflow/.local/lib/python3.12/site-packages/airflow/example_dags/example_skip_dag.py
[2025-11-19T23:36:20.604+0000] {processor.py:840} INFO - DAG(s) 'example_skip_dag' retrieved from /home/airflow/.local/lib/python3.12/site-packages/airflow/example_dags/example_skip_dag.py
[2025-11-19T23:36:20.644+0000] {logging_mixin.py:188} INFO - [2025-11-19T23:36:20.644+0000] {dag.py:3096} INFO - Sync 1 DAGs
[2025-11-19T23:36:20.651+0000] {logging_mixin.py:188} INFO - [2025-11-19T23:36:20.651+0000] {dag.py:3954} INFO - Setting next_dagrun for example_skip_dag to 2025-11-18 00:00:00+00:00, run_after=2025-11-19 00:00:00+00:00
[2025-11-19T23:36:20.657+0000] {processor.py:183} INFO - Processing /home/airflow/.local/lib/python3.12/site-packages/airflow/example_dags/example_skip_dag.py took 0.060 seconds
