[2025-11-19T23:34:14.157+0000] {processor.py:161} INFO - Started process (PID=99) to work on /home/airflow/.local/lib/python3.12/site-packages/airflow/example_dags/example_xcomargs.py
[2025-11-19T23:34:14.157+0000] {processor.py:830} INFO - Processing file /home/airflow/.local/lib/python3.12/site-packages/airflow/example_dags/example_xcomargs.py for tasks to queue
[2025-11-19T23:34:14.158+0000] {logging_mixin.py:188} INFO - [2025-11-19T23:34:14.158+0000] {dagbag.py:545} INFO - Filling up the DagBag from /home/airflow/.local/lib/python3.12/site-packages/airflow/example_dags/example_xcomargs.py
[2025-11-19T23:34:14.170+0000] {processor.py:840} INFO - DAG(s) 'example_xcom_args_with_operators', 'example_xcom_args' retrieved from /home/airflow/.local/lib/python3.12/site-packages/airflow/example_dags/example_xcomargs.py
[2025-11-19T23:34:14.256+0000] {logging_mixin.py:188} INFO - [2025-11-19T23:34:14.256+0000] {dag.py:3096} INFO - Sync 2 DAGs
[2025-11-19T23:34:14.273+0000] {logging_mixin.py:188} INFO - [2025-11-19T23:34:14.273+0000] {dag.py:3954} INFO - Setting next_dagrun for example_xcom_args to None, run_after=None
[2025-11-19T23:34:14.277+0000] {logging_mixin.py:188} INFO - [2025-11-19T23:34:14.277+0000] {dag.py:3954} INFO - Setting next_dagrun for example_xcom_args_with_operators to None, run_after=None
[2025-11-19T23:34:14.294+0000] {processor.py:183} INFO - Processing /home/airflow/.local/lib/python3.12/site-packages/airflow/example_dags/example_xcomargs.py took 0.141 seconds
[2025-11-19T23:34:44.495+0000] {processor.py:161} INFO - Started process (PID=157) to work on /home/airflow/.local/lib/python3.12/site-packages/airflow/example_dags/example_xcomargs.py
[2025-11-19T23:34:44.497+0000] {processor.py:830} INFO - Processing file /home/airflow/.local/lib/python3.12/site-packages/airflow/example_dags/example_xcomargs.py for tasks to queue
[2025-11-19T23:34:44.498+0000] {logging_mixin.py:188} INFO - [2025-11-19T23:34:44.498+0000] {dagbag.py:545} INFO - Filling up the DagBag from /home/airflow/.local/lib/python3.12/site-packages/airflow/example_dags/example_xcomargs.py
[2025-11-19T23:34:44.502+0000] {processor.py:840} INFO - DAG(s) 'example_xcom_args_with_operators', 'example_xcom_args' retrieved from /home/airflow/.local/lib/python3.12/site-packages/airflow/example_dags/example_xcomargs.py
[2025-11-19T23:34:44.514+0000] {logging_mixin.py:188} INFO - [2025-11-19T23:34:44.513+0000] {dag.py:3096} INFO - Sync 2 DAGs
[2025-11-19T23:34:44.520+0000] {logging_mixin.py:188} INFO - [2025-11-19T23:34:44.520+0000] {dag.py:3954} INFO - Setting next_dagrun for example_xcom_args to None, run_after=None
[2025-11-19T23:34:44.523+0000] {logging_mixin.py:188} INFO - [2025-11-19T23:34:44.523+0000] {dag.py:3954} INFO - Setting next_dagrun for example_xcom_args_with_operators to None, run_after=None
[2025-11-19T23:34:44.529+0000] {processor.py:183} INFO - Processing /home/airflow/.local/lib/python3.12/site-packages/airflow/example_dags/example_xcomargs.py took 0.036 seconds
[2025-11-19T23:35:14.978+0000] {processor.py:161} INFO - Started process (PID=215) to work on /home/airflow/.local/lib/python3.12/site-packages/airflow/example_dags/example_xcomargs.py
[2025-11-19T23:35:14.979+0000] {processor.py:830} INFO - Processing file /home/airflow/.local/lib/python3.12/site-packages/airflow/example_dags/example_xcomargs.py for tasks to queue
[2025-11-19T23:35:14.980+0000] {logging_mixin.py:188} INFO - [2025-11-19T23:35:14.979+0000] {dagbag.py:545} INFO - Filling up the DagBag from /home/airflow/.local/lib/python3.12/site-packages/airflow/example_dags/example_xcomargs.py
[2025-11-19T23:35:14.983+0000] {processor.py:840} INFO - DAG(s) 'example_xcom_args', 'example_xcom_args_with_operators' retrieved from /home/airflow/.local/lib/python3.12/site-packages/airflow/example_dags/example_xcomargs.py
[2025-11-19T23:35:14.994+0000] {logging_mixin.py:188} INFO - [2025-11-19T23:35:14.994+0000] {dag.py:3096} INFO - Sync 2 DAGs
[2025-11-19T23:35:15.000+0000] {logging_mixin.py:188} INFO - [2025-11-19T23:35:15.000+0000] {dag.py:3954} INFO - Setting next_dagrun for example_xcom_args to None, run_after=None
[2025-11-19T23:35:15.003+0000] {logging_mixin.py:188} INFO - [2025-11-19T23:35:15.003+0000] {dag.py:3954} INFO - Setting next_dagrun for example_xcom_args_with_operators to None, run_after=None
[2025-11-19T23:35:15.013+0000] {processor.py:183} INFO - Processing /home/airflow/.local/lib/python3.12/site-packages/airflow/example_dags/example_xcomargs.py took 0.037 seconds
[2025-11-19T23:35:46.279+0000] {processor.py:161} INFO - Started process (PID=273) to work on /home/airflow/.local/lib/python3.12/site-packages/airflow/example_dags/example_xcomargs.py
[2025-11-19T23:35:46.279+0000] {processor.py:830} INFO - Processing file /home/airflow/.local/lib/python3.12/site-packages/airflow/example_dags/example_xcomargs.py for tasks to queue
[2025-11-19T23:35:46.280+0000] {logging_mixin.py:188} INFO - [2025-11-19T23:35:46.280+0000] {dagbag.py:545} INFO - Filling up the DagBag from /home/airflow/.local/lib/python3.12/site-packages/airflow/example_dags/example_xcomargs.py
[2025-11-19T23:35:46.285+0000] {processor.py:840} INFO - DAG(s) 'example_xcom_args_with_operators', 'example_xcom_args' retrieved from /home/airflow/.local/lib/python3.12/site-packages/airflow/example_dags/example_xcomargs.py
[2025-11-19T23:35:46.296+0000] {logging_mixin.py:188} INFO - [2025-11-19T23:35:46.296+0000] {dag.py:3096} INFO - Sync 2 DAGs
[2025-11-19T23:35:46.303+0000] {logging_mixin.py:188} INFO - [2025-11-19T23:35:46.303+0000] {dag.py:3954} INFO - Setting next_dagrun for example_xcom_args to None, run_after=None
[2025-11-19T23:35:46.305+0000] {logging_mixin.py:188} INFO - [2025-11-19T23:35:46.305+0000] {dag.py:3954} INFO - Setting next_dagrun for example_xcom_args_with_operators to None, run_after=None
[2025-11-19T23:35:46.312+0000] {processor.py:183} INFO - Processing /home/airflow/.local/lib/python3.12/site-packages/airflow/example_dags/example_xcomargs.py took 0.037 seconds
[2025-11-19T23:36:17.367+0000] {processor.py:161} INFO - Started process (PID=334) to work on /home/airflow/.local/lib/python3.12/site-packages/airflow/example_dags/example_xcomargs.py
[2025-11-19T23:36:17.368+0000] {processor.py:830} INFO - Processing file /home/airflow/.local/lib/python3.12/site-packages/airflow/example_dags/example_xcomargs.py for tasks to queue
[2025-11-19T23:36:17.369+0000] {logging_mixin.py:188} INFO - [2025-11-19T23:36:17.369+0000] {dagbag.py:545} INFO - Filling up the DagBag from /home/airflow/.local/lib/python3.12/site-packages/airflow/example_dags/example_xcomargs.py
[2025-11-19T23:36:17.378+0000] {processor.py:840} INFO - DAG(s) 'example_xcom_args', 'example_xcom_args_with_operators' retrieved from /home/airflow/.local/lib/python3.12/site-packages/airflow/example_dags/example_xcomargs.py
[2025-11-19T23:36:17.392+0000] {logging_mixin.py:188} INFO - [2025-11-19T23:36:17.391+0000] {dag.py:3096} INFO - Sync 2 DAGs
[2025-11-19T23:36:17.406+0000] {logging_mixin.py:188} INFO - [2025-11-19T23:36:17.405+0000] {dag.py:3954} INFO - Setting next_dagrun for example_xcom_args to None, run_after=None
[2025-11-19T23:36:17.409+0000] {logging_mixin.py:188} INFO - [2025-11-19T23:36:17.409+0000] {dag.py:3954} INFO - Setting next_dagrun for example_xcom_args_with_operators to None, run_after=None
[2025-11-19T23:36:17.440+0000] {processor.py:183} INFO - Processing /home/airflow/.local/lib/python3.12/site-packages/airflow/example_dags/example_xcomargs.py took 0.077 seconds
