[2025-11-19T23:33:09.900+0000] {processor.py:161} INFO - Started process (PID=47) to work on /home/airflow/.local/lib/python3.12/site-packages/airflow/example_dags/example_latest_only_with_trigger.py
[2025-11-19T23:33:09.905+0000] {processor.py:830} INFO - Processing file /home/airflow/.local/lib/python3.12/site-packages/airflow/example_dags/example_latest_only_with_trigger.py for tasks to queue
[2025-11-19T23:33:09.910+0000] {logging_mixin.py:188} INFO - [2025-11-19T23:33:09.909+0000] {dagbag.py:545} INFO - Filling up the DagBag from /home/airflow/.local/lib/python3.12/site-packages/airflow/example_dags/example_latest_only_with_trigger.py
[2025-11-19T23:33:09.994+0000] {processor.py:840} INFO - DAG(s) 'latest_only_with_trigger' retrieved from /home/airflow/.local/lib/python3.12/site-packages/airflow/example_dags/example_latest_only_with_trigger.py
[2025-11-19T23:33:10.108+0000] {logging_mixin.py:188} INFO - [2025-11-19T23:33:10.107+0000] {dag.py:3096} INFO - Sync 1 DAGs
[2025-11-19T23:33:10.235+0000] {logging_mixin.py:188} INFO - [2025-11-19T23:33:10.234+0000] {dag.py:3954} INFO - Setting next_dagrun for latest_only_with_trigger to 2025-11-19 16:00:00+00:00, run_after=2025-11-19 20:00:00+00:00
[2025-11-19T23:33:10.281+0000] {processor.py:183} INFO - Processing /home/airflow/.local/lib/python3.12/site-packages/airflow/example_dags/example_latest_only_with_trigger.py took 0.390 seconds
[2025-11-19T23:34:14.771+0000] {processor.py:161} INFO - Started process (PID=110) to work on /home/airflow/.local/lib/python3.12/site-packages/airflow/example_dags/example_latest_only_with_trigger.py
[2025-11-19T23:34:14.772+0000] {processor.py:830} INFO - Processing file /home/airflow/.local/lib/python3.12/site-packages/airflow/example_dags/example_latest_only_with_trigger.py for tasks to queue
[2025-11-19T23:34:14.773+0000] {logging_mixin.py:188} INFO - [2025-11-19T23:34:14.773+0000] {dagbag.py:545} INFO - Filling up the DagBag from /home/airflow/.local/lib/python3.12/site-packages/airflow/example_dags/example_latest_only_with_trigger.py
[2025-11-19T23:34:14.778+0000] {processor.py:840} INFO - DAG(s) 'latest_only_with_trigger' retrieved from /home/airflow/.local/lib/python3.12/site-packages/airflow/example_dags/example_latest_only_with_trigger.py
[2025-11-19T23:34:14.889+0000] {logging_mixin.py:188} INFO - [2025-11-19T23:34:14.889+0000] {dag.py:3096} INFO - Sync 1 DAGs
[2025-11-19T23:34:14.919+0000] {logging_mixin.py:188} INFO - [2025-11-19T23:34:14.919+0000] {dag.py:3954} INFO - Setting next_dagrun for latest_only_with_trigger to 2025-11-19 16:00:00+00:00, run_after=2025-11-19 20:00:00+00:00
[2025-11-19T23:34:14.983+0000] {processor.py:183} INFO - Processing /home/airflow/.local/lib/python3.12/site-packages/airflow/example_dags/example_latest_only_with_trigger.py took 0.215 seconds
[2025-11-19T23:34:45.645+0000] {processor.py:161} INFO - Started process (PID=161) to work on /home/airflow/.local/lib/python3.12/site-packages/airflow/example_dags/example_latest_only_with_trigger.py
[2025-11-19T23:34:45.648+0000] {processor.py:830} INFO - Processing file /home/airflow/.local/lib/python3.12/site-packages/airflow/example_dags/example_latest_only_with_trigger.py for tasks to queue
[2025-11-19T23:34:45.653+0000] {logging_mixin.py:188} INFO - [2025-11-19T23:34:45.653+0000] {dagbag.py:545} INFO - Filling up the DagBag from /home/airflow/.local/lib/python3.12/site-packages/airflow/example_dags/example_latest_only_with_trigger.py
[2025-11-19T23:34:45.660+0000] {processor.py:840} INFO - DAG(s) 'latest_only_with_trigger' retrieved from /home/airflow/.local/lib/python3.12/site-packages/airflow/example_dags/example_latest_only_with_trigger.py
[2025-11-19T23:34:45.680+0000] {logging_mixin.py:188} INFO - [2025-11-19T23:34:45.680+0000] {dag.py:3096} INFO - Sync 1 DAGs
[2025-11-19T23:34:45.692+0000] {logging_mixin.py:188} INFO - [2025-11-19T23:34:45.692+0000] {dag.py:3954} INFO - Setting next_dagrun for latest_only_with_trigger to 2025-11-19 16:00:00+00:00, run_after=2025-11-19 20:00:00+00:00
[2025-11-19T23:34:45.703+0000] {processor.py:183} INFO - Processing /home/airflow/.local/lib/python3.12/site-packages/airflow/example_dags/example_latest_only_with_trigger.py took 0.063 seconds
[2025-11-19T23:35:16.112+0000] {processor.py:161} INFO - Started process (PID=219) to work on /home/airflow/.local/lib/python3.12/site-packages/airflow/example_dags/example_latest_only_with_trigger.py
[2025-11-19T23:35:16.113+0000] {processor.py:830} INFO - Processing file /home/airflow/.local/lib/python3.12/site-packages/airflow/example_dags/example_latest_only_with_trigger.py for tasks to queue
[2025-11-19T23:35:16.114+0000] {logging_mixin.py:188} INFO - [2025-11-19T23:35:16.114+0000] {dagbag.py:545} INFO - Filling up the DagBag from /home/airflow/.local/lib/python3.12/site-packages/airflow/example_dags/example_latest_only_with_trigger.py
[2025-11-19T23:35:16.118+0000] {processor.py:840} INFO - DAG(s) 'latest_only_with_trigger' retrieved from /home/airflow/.local/lib/python3.12/site-packages/airflow/example_dags/example_latest_only_with_trigger.py
[2025-11-19T23:35:16.137+0000] {logging_mixin.py:188} INFO - [2025-11-19T23:35:16.137+0000] {dag.py:3096} INFO - Sync 1 DAGs
[2025-11-19T23:35:16.154+0000] {logging_mixin.py:188} INFO - [2025-11-19T23:35:16.154+0000] {dag.py:3954} INFO - Setting next_dagrun for latest_only_with_trigger to 2025-11-19 16:00:00+00:00, run_after=2025-11-19 20:00:00+00:00
[2025-11-19T23:35:16.167+0000] {processor.py:183} INFO - Processing /home/airflow/.local/lib/python3.12/site-packages/airflow/example_dags/example_latest_only_with_trigger.py took 0.060 seconds
[2025-11-19T23:35:46.416+0000] {processor.py:161} INFO - Started process (PID=277) to work on /home/airflow/.local/lib/python3.12/site-packages/airflow/example_dags/example_latest_only_with_trigger.py
[2025-11-19T23:35:46.417+0000] {processor.py:830} INFO - Processing file /home/airflow/.local/lib/python3.12/site-packages/airflow/example_dags/example_latest_only_with_trigger.py for tasks to queue
[2025-11-19T23:35:46.418+0000] {logging_mixin.py:188} INFO - [2025-11-19T23:35:46.418+0000] {dagbag.py:545} INFO - Filling up the DagBag from /home/airflow/.local/lib/python3.12/site-packages/airflow/example_dags/example_latest_only_with_trigger.py
[2025-11-19T23:35:46.421+0000] {processor.py:840} INFO - DAG(s) 'latest_only_with_trigger' retrieved from /home/airflow/.local/lib/python3.12/site-packages/airflow/example_dags/example_latest_only_with_trigger.py
[2025-11-19T23:35:46.436+0000] {logging_mixin.py:188} INFO - [2025-11-19T23:35:46.436+0000] {dag.py:3096} INFO - Sync 1 DAGs
[2025-11-19T23:35:46.449+0000] {logging_mixin.py:188} INFO - [2025-11-19T23:35:46.449+0000] {dag.py:3954} INFO - Setting next_dagrun for latest_only_with_trigger to 2025-11-19 16:00:00+00:00, run_after=2025-11-19 20:00:00+00:00
[2025-11-19T23:35:46.469+0000] {processor.py:183} INFO - Processing /home/airflow/.local/lib/python3.12/site-packages/airflow/example_dags/example_latest_only_with_trigger.py took 0.057 seconds
[2025-11-19T23:36:16.949+0000] {processor.py:161} INFO - Started process (PID=325) to work on /home/airflow/.local/lib/python3.12/site-packages/airflow/example_dags/example_latest_only_with_trigger.py
[2025-11-19T23:36:16.952+0000] {processor.py:830} INFO - Processing file /home/airflow/.local/lib/python3.12/site-packages/airflow/example_dags/example_latest_only_with_trigger.py for tasks to queue
[2025-11-19T23:36:16.961+0000] {logging_mixin.py:188} INFO - [2025-11-19T23:36:16.961+0000] {dagbag.py:545} INFO - Filling up the DagBag from /home/airflow/.local/lib/python3.12/site-packages/airflow/example_dags/example_latest_only_with_trigger.py
[2025-11-19T23:36:16.972+0000] {processor.py:840} INFO - DAG(s) 'latest_only_with_trigger' retrieved from /home/airflow/.local/lib/python3.12/site-packages/airflow/example_dags/example_latest_only_with_trigger.py
[2025-11-19T23:36:17.017+0000] {logging_mixin.py:188} INFO - [2025-11-19T23:36:17.017+0000] {dag.py:3096} INFO - Sync 1 DAGs
[2025-11-19T23:36:17.037+0000] {logging_mixin.py:188} INFO - [2025-11-19T23:36:17.037+0000] {dag.py:3954} INFO - Setting next_dagrun for latest_only_with_trigger to 2025-11-19 16:00:00+00:00, run_after=2025-11-19 20:00:00+00:00
[2025-11-19T23:36:17.056+0000] {processor.py:183} INFO - Processing /home/airflow/.local/lib/python3.12/site-packages/airflow/example_dags/example_latest_only_with_trigger.py took 0.118 seconds
