{"timestamp":"2025-12-05T07:47:01.223602","level":"info","event":"DAG bundles loaded: dags-folder, example_dags","logger":"airflow.dag_processing.bundles.manager.DagBundlesManager"}
{"timestamp":"2025-12-05T07:47:01.224362","level":"info","event":"Filling up the DagBag from /opt/airflow/dags/music_load_dag.py","logger":"airflow.models.dagbag.DagBag"}
{"timestamp":"2025-12-05T07:47:02.007691Z","level":"info","event":"postgresql+psycopg2://airflow:airflow@postgres/airflow","chan":"stdout","logger":"task"}
{"timestamp":"2025-12-05T07:47:02.068538Z","level":"info","event":"Task instance is in running state","chan":"stdout","logger":"task"}
{"timestamp":"2025-12-05T07:47:02.068815Z","level":"info","event":" Previous state of the Task instance: TaskInstanceState.QUEUED","chan":"stdout","logger":"task"}
{"timestamp":"2025-12-05T07:47:02.069059Z","level":"info","event":"Current task name:load_music_data","chan":"stdout","logger":"task"}
{"timestamp":"2025-12-05T07:47:02.069157Z","level":"info","event":"Dag name:weekly_music_pipeline","chan":"stdout","logger":"task"}
{"timestamp":"2025-12-05T07:47:19.345249Z","level":"info","event":"  Searching Spotify for 100 songs...","chan":"stdout","logger":"task"}
{"timestamp":"2025-12-05T07:47:19.347135Z","level":"info","event":"  Processing song 1/100: Sexy And I Know It by LMFAO","chan":"stdout","logger":"task"}
{"timestamp":"2025-12-05T07:47:20.034689Z","level":"info","event":"1","chan":"stdout","logger":"task"}
{"timestamp":"2025-12-05T07:47:20.712483Z","level":"info","event":"2","chan":"stdout","logger":"task"}
{"timestamp":"2025-12-05T07:47:21.345608Z","level":"info","event":"3","chan":"stdout","logger":"task"}
{"timestamp":"2025-12-05T07:47:22.006532Z","level":"info","event":"4","chan":"stdout","logger":"task"}
{"timestamp":"2025-12-05T07:47:22.584927Z","level":"info","event":"5","chan":"stdout","logger":"task"}
{"timestamp":"2025-12-05T07:47:23.208259Z","level":"info","event":"6","chan":"stdout","logger":"task"}
{"timestamp":"2025-12-05T07:47:23.825201Z","level":"info","event":"7","chan":"stdout","logger":"task"}
{"timestamp":"2025-12-05T07:47:24.393441Z","level":"info","event":"8","chan":"stdout","logger":"task"}
{"timestamp":"2025-12-05T07:47:25.121546Z","level":"info","event":"9","chan":"stdout","logger":"task"}
{"timestamp":"2025-12-05T07:47:25.122753Z","level":"info","event":"  Processing song 10/100: Dance (A$$) by Big Sean Featuring Nicki Minaj","chan":"stdout","logger":"task"}
{"timestamp":"2025-12-05T07:47:25.708769Z","level":"info","event":"10","chan":"stdout","logger":"task"}
{"timestamp":"2025-12-05T07:47:26.345817Z","level":"info","event":"11","chan":"stdout","logger":"task"}
{"timestamp":"2025-12-05T07:47:26.963713Z","level":"info","event":"12","chan":"stdout","logger":"task"}
{"timestamp":"2025-12-05T07:47:27.815769Z","level":"info","event":"13","chan":"stdout","logger":"task"}
{"timestamp":"2025-12-05T07:47:28.444694Z","level":"info","event":"14","chan":"stdout","logger":"task"}
{"timestamp":"2025-12-05T07:47:29.180455Z","level":"info","event":"15","chan":"stdout","logger":"task"}
{"timestamp":"2025-12-05T07:47:30.116293Z","level":"info","event":"16","chan":"stdout","logger":"task"}
{"timestamp":"2025-12-05T07:47:30.793561Z","level":"info","event":"17","chan":"stdout","logger":"task"}
{"timestamp":"2025-12-05T07:47:31.453110Z","level":"info","event":"18","chan":"stdout","logger":"task"}
{"timestamp":"2025-12-05T07:47:32.040681Z","level":"info","event":"19","chan":"stdout","logger":"task"}
{"timestamp":"2025-12-05T07:47:32.041671Z","level":"info","event":"  Processing song 20/100: Pumped Up Kicks by Foster the People","chan":"stdout","logger":"task"}
{"timestamp":"2025-12-05T07:47:32.581713Z","level":"info","event":"20","chan":"stdout","logger":"task"}
{"timestamp":"2025-12-05T07:47:33.169757Z","level":"info","event":"21","chan":"stdout","logger":"task"}
{"timestamp":"2025-12-05T07:47:33.845889Z","level":"info","event":"22","chan":"stdout","logger":"task"}
{"timestamp":"2025-12-05T07:47:34.461304Z","level":"info","event":"23","chan":"stdout","logger":"task"}
{"timestamp":"2025-12-05T07:47:35.507201Z","level":"info","event":"24","chan":"stdout","logger":"task"}
{"timestamp":"2025-12-05T07:47:36.150724Z","level":"info","event":"25","chan":"stdout","logger":"task"}
{"timestamp":"2025-12-05T07:47:36.722914Z","level":"info","event":"26","chan":"stdout","logger":"task"}
{"timestamp":"2025-12-05T07:47:37.431367Z","level":"info","event":"27","chan":"stdout","logger":"task"}
{"timestamp":"2025-12-05T07:47:38.145095Z","level":"info","event":"28","chan":"stdout","logger":"task"}
{"timestamp":"2025-12-05T07:47:38.801294Z","level":"info","event":"29","chan":"stdout","logger":"task"}
{"timestamp":"2025-12-05T07:47:38.801742Z","level":"info","event":"  Processing song 30/100: Safe & Sound by Taylor Swift Featuring The Civil Wars","chan":"stdout","logger":"task"}
{"timestamp":"2025-12-05T07:47:39.602030Z","level":"info","event":"30","chan":"stdout","logger":"task"}
{"timestamp":"2025-12-05T07:47:40.172478Z","level":"info","event":"31","chan":"stdout","logger":"task"}
{"timestamp":"2025-12-05T07:47:41.135708Z","level":"info","event":"32","chan":"stdout","logger":"task"}
{"timestamp":"2025-12-05T07:47:41.848651Z","level":"info","event":"33","chan":"stdout","logger":"task"}
{"timestamp":"2025-12-05T07:47:42.480121Z","level":"info","event":"34","chan":"stdout","logger":"task"}
{"timestamp":"2025-12-05T07:47:43.152992Z","level":"info","event":"35","chan":"stdout","logger":"task"}
{"timestamp":"2025-12-05T07:47:43.835985Z","level":"info","event":"36","chan":"stdout","logger":"task"}
{"timestamp":"2025-12-05T07:47:44.501995Z","level":"info","event":"37","chan":"stdout","logger":"task"}
{"timestamp":"2025-12-05T07:47:45.182724Z","level":"info","event":"38","chan":"stdout","logger":"task"}
{"timestamp":"2025-12-05T07:47:45.986387Z","level":"info","event":"39","chan":"stdout","logger":"task"}
{"timestamp":"2025-12-05T07:47:45.987583Z","level":"info","event":"  Processing song 40/100: Tattoos On This Town by Jason Aldean","chan":"stdout","logger":"task"}
{"timestamp":"2025-12-05T07:47:46.521532Z","level":"info","event":"40","chan":"stdout","logger":"task"}
{"timestamp":"2025-12-05T07:47:47.225866Z","level":"info","event":"41","chan":"stdout","logger":"task"}
{"timestamp":"2025-12-05T07:47:47.932639Z","level":"info","event":"42","chan":"stdout","logger":"task"}
{"timestamp":"2025-12-05T07:47:48.756811Z","level":"info","event":"43","chan":"stdout","logger":"task"}
{"timestamp":"2025-12-05T07:47:49.458014Z","level":"info","event":"44","chan":"stdout","logger":"task"}
{"timestamp":"2025-12-05T07:47:50.017289Z","level":"info","event":"45","chan":"stdout","logger":"task"}
{"timestamp":"2025-12-05T07:47:50.649786Z","level":"info","event":"46","chan":"stdout","logger":"task"}
{"timestamp":"2025-12-05T07:47:51.537368Z","level":"info","event":"47","chan":"stdout","logger":"task"}
{"timestamp":"2025-12-05T07:47:52.176011Z","level":"info","event":"48","chan":"stdout","logger":"task"}
{"timestamp":"2025-12-05T07:47:52.973765Z","level":"info","event":"49","chan":"stdout","logger":"task"}
{"timestamp":"2025-12-05T07:47:52.974411Z","level":"info","event":"  Processing song 50/100: Easy by Rascal Flatts Featuring Natasha Bedingfield","chan":"stdout","logger":"task"}
{"timestamp":"2025-12-05T07:47:53.838219Z","level":"info","event":"50","chan":"stdout","logger":"task"}
{"timestamp":"2025-12-05T07:47:54.445860Z","level":"info","event":"51","chan":"stdout","logger":"task"}
{"timestamp":"2025-12-05T07:47:55.143845Z","level":"info","event":"52","chan":"stdout","logger":"task"}
{"timestamp":"2025-12-05T07:47:55.700780Z","level":"info","event":"53","chan":"stdout","logger":"task"}
{"timestamp":"2025-12-05T07:47:56.286706Z","level":"info","event":"54","chan":"stdout","logger":"task"}
{"timestamp":"2025-12-05T07:47:56.882860Z","level":"info","event":"55","chan":"stdout","logger":"task"}
{"timestamp":"2025-12-05T07:47:57.621931Z","level":"info","event":"56","chan":"stdout","logger":"task"}
{"timestamp":"2025-12-05T07:47:58.386845Z","level":"info","event":"57","chan":"stdout","logger":"task"}
{"timestamp":"2025-12-05T07:47:58.976342Z","level":"info","event":"58","chan":"stdout","logger":"task"}
{"timestamp":"2025-12-05T07:47:59.633515Z","level":"info","event":"59","chan":"stdout","logger":"task"}
{"timestamp":"2025-12-05T07:47:59.634172Z","level":"info","event":"  Processing song 60/100: You by Chris Young","chan":"stdout","logger":"task"}
{"timestamp":"2025-12-05T07:48:00.585096Z","level":"info","event":"60","chan":"stdout","logger":"task"}
{"timestamp":"2025-12-05T07:48:01.205849Z","level":"info","event":"61","chan":"stdout","logger":"task"}
{"timestamp":"2025-12-05T07:48:01.895801Z","level":"info","event":"62","chan":"stdout","logger":"task"}
{"timestamp":"2025-12-05T07:48:02.529209Z","level":"info","event":"63","chan":"stdout","logger":"task"}
{"timestamp":"2025-12-05T07:48:03.173744Z","level":"info","event":"64","chan":"stdout","logger":"task"}
{"timestamp":"2025-12-05T07:48:03.979786Z","level":"info","event":"65","chan":"stdout","logger":"task"}
{"timestamp":"2025-12-05T07:48:04.636637Z","level":"info","event":"66","chan":"stdout","logger":"task"}
{"timestamp":"2025-12-05T07:48:05.213119Z","level":"info","event":"67","chan":"stdout","logger":"task"}
{"timestamp":"2025-12-05T07:48:05.877135Z","level":"info","event":"68","chan":"stdout","logger":"task"}
{"timestamp":"2025-12-05T07:48:06.493574Z","level":"info","event":"69","chan":"stdout","logger":"task"}
{"timestamp":"2025-12-05T07:48:06.497303Z","level":"info","event":"  Processing song 70/100: You The Boss by Rick Ross Featuring Nicki Minaj","chan":"stdout","logger":"task"}
{"timestamp":"2025-12-05T07:48:07.154265Z","level":"info","event":"70","chan":"stdout","logger":"task"}
{"timestamp":"2025-12-05T07:48:08.225374Z","level":"info","event":"71","chan":"stdout","logger":"task"}
{"timestamp":"2025-12-05T07:48:08.923889Z","level":"info","event":"72","chan":"stdout","logger":"task"}
{"timestamp":"2025-12-05T07:48:09.551142Z","level":"info","event":"73","chan":"stdout","logger":"task"}
{"timestamp":"2025-12-05T07:48:10.212603Z","level":"info","event":"74","chan":"stdout","logger":"task"}
{"timestamp":"2025-12-05T07:48:10.877776Z","level":"info","event":"75","chan":"stdout","logger":"task"}
{"timestamp":"2025-12-05T07:48:11.600376Z","level":"info","event":"76","chan":"stdout","logger":"task"}
{"timestamp":"2025-12-05T07:48:12.287284Z","level":"info","event":"77","chan":"stdout","logger":"task"}
{"timestamp":"2025-12-05T07:48:12.827951Z","level":"info","event":"78","chan":"stdout","logger":"task"}
{"timestamp":"2025-12-05T07:48:13.451703Z","level":"info","event":"79","chan":"stdout","logger":"task"}
{"timestamp":"2025-12-05T07:48:13.453651Z","level":"info","event":"  Processing song 80/100: Countdown by Beyonce","chan":"stdout","logger":"task"}
{"timestamp":"2025-12-05T07:48:14.100256Z","level":"info","event":"80","chan":"stdout","logger":"task"}
{"timestamp":"2025-12-05T07:48:14.921462Z","level":"info","event":"81","chan":"stdout","logger":"task"}
{"timestamp":"2025-12-05T07:48:15.590338Z","level":"info","event":"82","chan":"stdout","logger":"task"}
{"timestamp":"2025-12-05T07:48:16.766581Z","level":"info","event":"83","chan":"stdout","logger":"task"}
{"timestamp":"2025-12-05T07:48:17.382075Z","level":"info","event":"84","chan":"stdout","logger":"task"}
{"timestamp":"2025-12-05T07:48:18.224773Z","level":"info","event":"85","chan":"stdout","logger":"task"}
{"timestamp":"2025-12-05T07:48:18.999965Z","level":"info","event":"86","chan":"stdout","logger":"task"}
{"timestamp":"2025-12-05T07:48:19.788286Z","level":"info","event":"87","chan":"stdout","logger":"task"}
{"timestamp":"2025-12-05T07:48:20.469798Z","level":"info","event":"88","chan":"stdout","logger":"task"}
{"timestamp":"2025-12-05T07:48:21.073723Z","level":"info","event":"89","chan":"stdout","logger":"task"}
{"timestamp":"2025-12-05T07:48:21.074083Z","level":"info","event":"  Processing song 90/100: Party On Fifth Ave. by Mac Miller","chan":"stdout","logger":"task"}
{"timestamp":"2025-12-05T07:48:21.747094Z","level":"info","event":"90","chan":"stdout","logger":"task"}
{"timestamp":"2025-12-05T07:48:22.411018Z","level":"info","event":"91","chan":"stdout","logger":"task"}
{"timestamp":"2025-12-05T07:48:23.022252Z","level":"info","event":"92","chan":"stdout","logger":"task"}
{"timestamp":"2025-12-05T07:48:23.622030Z","level":"info","event":"93","chan":"stdout","logger":"task"}
{"timestamp":"2025-12-05T07:48:24.284830Z","level":"info","event":"94","chan":"stdout","logger":"task"}
{"timestamp":"2025-12-05T07:48:24.973535Z","level":"info","event":"95","chan":"stdout","logger":"task"}
{"timestamp":"2025-12-05T07:48:25.561229Z","level":"info","event":"96","chan":"stdout","logger":"task"}
{"timestamp":"2025-12-05T07:48:26.212480Z","level":"info","event":"97","chan":"stdout","logger":"task"}
{"timestamp":"2025-12-05T07:48:26.850973Z","level":"info","event":"98","chan":"stdout","logger":"task"}
{"timestamp":"2025-12-05T07:48:27.643816Z","level":"info","event":"99","chan":"stdout","logger":"task"}
{"timestamp":"2025-12-05T07:48:27.644003Z","level":"info","event":"  Processing song 100/100: We Are Young by Glee Cast","chan":"stdout","logger":"task"}
{"timestamp":"2025-12-05T07:48:28.167456Z","level":"info","event":"100","chan":"stdout","logger":"task"}
{"timestamp":"2025-12-05T07:48:28.168149Z","level":"info","event":"{'name': 'LMFAO', 'id': '3sgFRtyBnxXD5ESfmbK4dl', 'url': 'https://open.spotify.com/artist/3sgFRtyBnxXD5ESfmbK4dl'}","chan":"stdout","logger":"task"}
{"timestamp":"2025-12-05T07:48:28.168377Z","level":"info","event":"https://musicbrainz.org/ws/2/url?resource=https://open.spotify.com/artist/3sgFRtyBnxXD5ESfmbK4dl&inc=artist-rels&fmt=json","chan":"stdout","logger":"task"}
{"timestamp":"2025-12-05T07:48:28.575319Z","level":"info","event":"https://musicbrainz.org/ws/2/artist/ed5d9086-e8cd-473a-b96c-d81ad6c98f0d?inc=tags&fmt=json","chan":"stdout","logger":"task"}
{"timestamp":"2025-12-05T07:48:29.703131Z","level":"info","event":"{'name': 'Rihanna', 'id': '5pKCCKE2ajJHZ9KAiaK11H', 'url': 'https://open.spotify.com/artist/5pKCCKE2ajJHZ9KAiaK11H'}","chan":"stdout","logger":"task"}
{"timestamp":"2025-12-05T07:48:29.706477Z","level":"info","event":"https://musicbrainz.org/ws/2/url?resource=https://open.spotify.com/artist/5pKCCKE2ajJHZ9KAiaK11H&inc=artist-rels&fmt=json","chan":"stdout","logger":"task"}
{"timestamp":"2025-12-05T07:48:29.829268Z","level":"info","event":"https://musicbrainz.org/ws/2/artist/73e5e69d-3554-40d8-8516-00cb38737a1c?inc=tags&fmt=json","chan":"stdout","logger":"task"}
{"timestamp":"2025-12-05T07:48:30.950841Z","level":"info","event":"{'name': 'Calvin Harris', 'id': '7CajNmpbOovFoOoasH2HaY', 'url': 'https://open.spotify.com/artist/7CajNmpbOovFoOoasH2HaY'}","chan":"stdout","logger":"task"}
{"timestamp":"2025-12-05T07:48:30.951504Z","level":"info","event":"https://musicbrainz.org/ws/2/url?resource=https://open.spotify.com/artist/7CajNmpbOovFoOoasH2HaY&inc=artist-rels&fmt=json","chan":"stdout","logger":"task"}
{"timestamp":"2025-12-05T07:48:31.068663Z","level":"info","event":"https://musicbrainz.org/ws/2/artist/8dd98bdc-80ec-4e93-8509-2f46bafc09a7?inc=tags&fmt=json","chan":"stdout","logger":"task"}
{"timestamp":"2025-12-05T07:48:32.189453Z","level":"info","event":"{'name': 'Katy Perry', 'id': '6jJ0s89eD6GaHleKKya26X', 'url': 'https://open.spotify.com/artist/6jJ0s89eD6GaHleKKya26X'}","chan":"stdout","logger":"task"}
{"timestamp":"2025-12-05T07:48:32.191259Z","level":"info","event":"https://musicbrainz.org/ws/2/url?resource=https://open.spotify.com/artist/6jJ0s89eD6GaHleKKya26X&inc=artist-rels&fmt=json","chan":"stdout","logger":"task"}
{"timestamp":"2025-12-05T07:48:32.306008Z","level":"info","event":"https://musicbrainz.org/ws/2/artist/122d63fc-8671-43e4-9752-34e846d62a9c?inc=tags&fmt=json","chan":"stdout","logger":"task"}
{"timestamp":"2025-12-05T07:48:33.424214Z","level":"info","event":"{'name': 'Bruno Mars', 'id': '0du5cEVh5yTK9QJze8zA0C', 'url': 'https://open.spotify.com/artist/0du5cEVh5yTK9QJze8zA0C'}","chan":"stdout","logger":"task"}
{"timestamp":"2025-12-05T07:48:33.427371Z","level":"info","event":"https://musicbrainz.org/ws/2/url?resource=https://open.spotify.com/artist/0du5cEVh5yTK9QJze8zA0C&inc=artist-rels&fmt=json","chan":"stdout","logger":"task"}
{"timestamp":"2025-12-05T07:48:33.545728Z","level":"info","event":"https://musicbrainz.org/ws/2/artist/afb680f2-b6eb-4cd7-a70b-a63b25c763d5?inc=tags&fmt=json","chan":"stdout","logger":"task"}
{"timestamp":"2025-12-05T07:48:34.660191Z","level":"info","event":"{'name': 'JAY-Z', 'id': '3nFkdlSjzX9mRTtwJOzDYB', 'url': 'https://open.spotify.com/artist/3nFkdlSjzX9mRTtwJOzDYB'}","chan":"stdout","logger":"task"}
{"timestamp":"2025-12-05T07:48:34.663074Z","level":"info","event":"https://musicbrainz.org/ws/2/url?resource=https://open.spotify.com/artist/3nFkdlSjzX9mRTtwJOzDYB&inc=artist-rels&fmt=json","chan":"stdout","logger":"task"}
{"timestamp":"2025-12-05T07:48:34.785064Z","level":"info","event":"https://musicbrainz.org/ws/2/artist/f82bcf78-5b69-4622-a5ef-73800768d9ac?inc=tags&fmt=json","chan":"stdout","logger":"task"}
{"timestamp":"2025-12-05T07:48:35.898573Z","level":"info","event":"{'name': 'Kanye West', 'id': '5K4W6rqBFWDnAN6FQUkS6x', 'url': 'https://open.spotify.com/artist/5K4W6rqBFWDnAN6FQUkS6x'}","chan":"stdout","logger":"task"}
{"timestamp":"2025-12-05T07:48:35.899308Z","level":"info","event":"https://musicbrainz.org/ws/2/url?resource=https://open.spotify.com/artist/5K4W6rqBFWDnAN6FQUkS6x&inc=artist-rels&fmt=json","chan":"stdout","logger":"task"}
{"timestamp":"2025-12-05T07:48:36.009780Z","level":"info","event":"https://musicbrainz.org/ws/2/artist/164f0d73-1234-4e2c-8743-d77bf2191051?inc=tags&fmt=json","chan":"stdout","logger":"task"}
{"timestamp":"2025-12-05T07:48:37.131934Z","level":"info","event":"{'name': 'Flo Rida', 'id': '0jnsk9HBra6NMjO2oANoPY', 'url': 'https://open.spotify.com/artist/0jnsk9HBra6NMjO2oANoPY'}","chan":"stdout","logger":"task"}
{"timestamp":"2025-12-05T07:48:37.132830Z","level":"info","event":"https://musicbrainz.org/ws/2/url?resource=https://open.spotify.com/artist/0jnsk9HBra6NMjO2oANoPY&inc=artist-rels&fmt=json","chan":"stdout","logger":"task"}
{"timestamp":"2025-12-05T07:48:37.251378Z","level":"info","event":"https://musicbrainz.org/ws/2/artist/4593d49a-7f67-46ba-9ec0-126bd676286f?inc=tags&fmt=json","chan":"stdout","logger":"task"}
{"timestamp":"2025-12-05T07:48:37.360872Z","level":"info","event":"Rate limit hit. Retrying in 1s...","chan":"stdout","logger":"task"}
{"timestamp":"2025-12-05T07:48:38.500049Z","level":"info","event":"Rate limit hit. Retrying in 2s...","chan":"stdout","logger":"task"}
{"timestamp":"2025-12-05T07:48:41.647900Z","level":"info","event":"{'name': 'Adele', 'id': '4dpARuHxo51G3z768sgnrY', 'url': 'https://open.spotify.com/artist/4dpARuHxo51G3z768sgnrY'}","chan":"stdout","logger":"task"}
{"timestamp":"2025-12-05T07:48:41.649130Z","level":"info","event":"https://musicbrainz.org/ws/2/url?resource=https://open.spotify.com/artist/4dpARuHxo51G3z768sgnrY&inc=artist-rels&fmt=json","chan":"stdout","logger":"task"}
{"timestamp":"2025-12-05T07:48:41.787916Z","level":"info","event":"https://musicbrainz.org/ws/2/artist/cc2c9c3c-b7bc-4b8b-84d8-4fbd8779e493?inc=tags&fmt=json","chan":"stdout","logger":"task"}
{"timestamp":"2025-12-05T07:48:42.900784Z","level":"info","event":"{'name': 'Lauren Bennett', 'id': '2jLE4BoXHriQ96JagEtiDP', 'url': 'https://open.spotify.com/artist/2jLE4BoXHriQ96JagEtiDP'}","chan":"stdout","logger":"task"}
{"timestamp":"2025-12-05T07:48:42.902033Z","level":"info","event":"https://musicbrainz.org/ws/2/url?resource=https://open.spotify.com/artist/2jLE4BoXHriQ96JagEtiDP&inc=artist-rels&fmt=json","chan":"stdout","logger":"task"}
{"timestamp":"2025-12-05T07:48:43.016990Z","level":"info","event":"https://musicbrainz.org/ws/2/artist/131a8268-b0aa-4c5c-89fc-d0e618af3f45?inc=tags&fmt=json","chan":"stdout","logger":"task"}
{"timestamp":"2025-12-05T07:48:44.200148Z","level":"info","event":"{'name': 'GoonRock', 'id': '53sIBaVjXQhfH89Vu6nEGh', 'url': 'https://open.spotify.com/artist/53sIBaVjXQhfH89Vu6nEGh'}","chan":"stdout","logger":"task"}
{"timestamp":"2025-12-05T07:48:44.205033Z","level":"info","event":"https://musicbrainz.org/ws/2/url?resource=https://open.spotify.com/artist/53sIBaVjXQhfH89Vu6nEGh&inc=artist-rels&fmt=json","chan":"stdout","logger":"task"}
{"timestamp":"2025-12-05T07:48:44.320996Z","level":"info","event":"https://musicbrainz.org/ws/2/artist/727b0e62-ad3e-4e14-ae3c-f068b0a84195?inc=tags&fmt=json","chan":"stdout","logger":"task"}
{"timestamp":"2025-12-05T07:48:45.443877Z","level":"info","event":"{'name': 'Big Sean', 'id': '0c173mlxpT3dSFRgMO8XPh', 'url': 'https://open.spotify.com/artist/0c173mlxpT3dSFRgMO8XPh'}","chan":"stdout","logger":"task"}
{"timestamp":"2025-12-05T07:48:45.445481Z","level":"info","event":"https://musicbrainz.org/ws/2/url?resource=https://open.spotify.com/artist/0c173mlxpT3dSFRgMO8XPh&inc=artist-rels&fmt=json","chan":"stdout","logger":"task"}
{"timestamp":"2025-12-05T07:48:45.558389Z","level":"info","event":"https://musicbrainz.org/ws/2/artist/942a9807-9c1a-4a0e-a285-1fde2c5be9d1?inc=tags&fmt=json","chan":"stdout","logger":"task"}
{"timestamp":"2025-12-05T07:48:46.663416Z","level":"info","event":"{'name': 'Nicki Minaj', 'id': '0hCNtLu0JehylgoiP8L4Gh', 'url': 'https://open.spotify.com/artist/0hCNtLu0JehylgoiP8L4Gh'}","chan":"stdout","logger":"task"}
{"timestamp":"2025-12-05T07:48:46.664189Z","level":"info","event":"https://musicbrainz.org/ws/2/url?resource=https://open.spotify.com/artist/0hCNtLu0JehylgoiP8L4Gh&inc=artist-rels&fmt=json","chan":"stdout","logger":"task"}
{"timestamp":"2025-12-05T07:48:46.779904Z","level":"info","event":"https://musicbrainz.org/ws/2/artist/1036b808-f58c-4a3e-b461-a2c4492ecf1b?inc=tags&fmt=json","chan":"stdout","logger":"task"}
{"timestamp":"2025-12-05T07:48:47.894236Z","level":"info","event":"{'name': 'Gym Class Heroes', 'id': '4IJczjB0fJ04gs4uvP0Fli', 'url': 'https://open.spotify.com/artist/4IJczjB0fJ04gs4uvP0Fli'}","chan":"stdout","logger":"task"}
{"timestamp":"2025-12-05T07:48:47.896453Z","level":"info","event":"https://musicbrainz.org/ws/2/url?resource=https://open.spotify.com/artist/4IJczjB0fJ04gs4uvP0Fli&inc=artist-rels&fmt=json","chan":"stdout","logger":"task"}
{"timestamp":"2025-12-05T07:48:48.022784Z","level":"info","event":"https://musicbrainz.org/ws/2/artist/f4d4b515-0b74-423f-a161-db184330c37c?inc=tags&fmt=json","chan":"stdout","logger":"task"}
{"timestamp":"2025-12-05T07:48:49.136493Z","level":"info","event":"{'name': 'Adam Levine', 'id': '4bYPcJP5jwMhSivRcqie2n', 'url': 'https://open.spotify.com/artist/4bYPcJP5jwMhSivRcqie2n'}","chan":"stdout","logger":"task"}
{"timestamp":"2025-12-05T07:48:49.136852Z","level":"info","event":"https://musicbrainz.org/ws/2/url?resource=https://open.spotify.com/artist/4bYPcJP5jwMhSivRcqie2n&inc=artist-rels&fmt=json","chan":"stdout","logger":"task"}
{"timestamp":"2025-12-05T07:48:49.255003Z","level":"info","event":"https://musicbrainz.org/ws/2/artist/a1421d73-1a21-484b-97ad-77c9a5676daf?inc=tags&fmt=json","chan":"stdout","logger":"task"}
{"timestamp":"2025-12-05T07:48:50.370368Z","level":"info","event":"{'name': 'Maroon 5', 'id': '04gDigrS5kc9YWfZHwBETP', 'url': 'https://open.spotify.com/artist/04gDigrS5kc9YWfZHwBETP'}","chan":"stdout","logger":"task"}
{"timestamp":"2025-12-05T07:48:50.371437Z","level":"info","event":"https://musicbrainz.org/ws/2/url?resource=https://open.spotify.com/artist/04gDigrS5kc9YWfZHwBETP&inc=artist-rels&fmt=json","chan":"stdout","logger":"task"}
{"timestamp":"2025-12-05T07:48:50.478991Z","level":"info","event":"Rate limit hit. Retrying in 1s...","chan":"stdout","logger":"task"}
{"timestamp":"2025-12-05T07:48:51.610230Z","level":"info","event":"https://musicbrainz.org/ws/2/artist/0ab49580-c84f-44d4-875f-d83760ea2cfe?inc=tags&fmt=json","chan":"stdout","logger":"task"}
{"timestamp":"2025-12-05T07:48:52.723698Z","level":"info","event":"{'name': 'Christina Aguilera', 'id': '1l7ZsJRRS8wlW3WfJfPfNS', 'url': 'https://open.spotify.com/artist/1l7ZsJRRS8wlW3WfJfPfNS'}","chan":"stdout","logger":"task"}
{"timestamp":"2025-12-05T07:48:52.724067Z","level":"info","event":"https://musicbrainz.org/ws/2/url?resource=https://open.spotify.com/artist/1l7ZsJRRS8wlW3WfJfPfNS&inc=artist-rels&fmt=json","chan":"stdout","logger":"task"}
{"timestamp":"2025-12-05T07:48:52.837275Z","level":"info","event":"https://musicbrainz.org/ws/2/artist/b202beb7-99bd-47e7-8b72-195c8d72ebdd?inc=tags&fmt=json","chan":"stdout","logger":"task"}
{"timestamp":"2025-12-05T07:48:53.945885Z","level":"info","event":"{'name': 'T-Pain', 'id': '3aQeKQSyrW4qWr35idm0cy', 'url': 'https://open.spotify.com/artist/3aQeKQSyrW4qWr35idm0cy'}","chan":"stdout","logger":"task"}
{"timestamp":"2025-12-05T07:48:53.955141Z","level":"info","event":"https://musicbrainz.org/ws/2/url?resource=https://open.spotify.com/artist/3aQeKQSyrW4qWr35idm0cy&inc=artist-rels&fmt=json","chan":"stdout","logger":"task"}
{"timestamp":"2025-12-05T07:48:54.075955Z","level":"info","event":"https://musicbrainz.org/ws/2/artist/ce55e49a-32f4-4757-9849-bf04d06d5fcc?inc=tags&fmt=json","chan":"stdout","logger":"task"}
{"timestamp":"2025-12-05T07:48:55.192659Z","level":"info","event":"{'name': 'Lily Allen', 'id': '13saZpZnCDWOI9D4IJhp1f', 'url': 'https://open.spotify.com/artist/13saZpZnCDWOI9D4IJhp1f'}","chan":"stdout","logger":"task"}
{"timestamp":"2025-12-05T07:48:55.194449Z","level":"info","event":"https://musicbrainz.org/ws/2/url?resource=https://open.spotify.com/artist/13saZpZnCDWOI9D4IJhp1f&inc=artist-rels&fmt=json","chan":"stdout","logger":"task"}
{"timestamp":"2025-12-05T07:48:55.317400Z","level":"info","event":"https://musicbrainz.org/ws/2/artist/6e0c7c0e-cba5-4c2c-a652-38f71ef5785d?inc=tags&fmt=json","chan":"stdout","logger":"task"}
{"timestamp":"2025-12-05T07:48:56.439184Z","level":"info","event":"{'name': 'Wiz Khalifa', 'id': '137W8MRPWKqSmrBGDBFSop', 'url': 'https://open.spotify.com/artist/137W8MRPWKqSmrBGDBFSop'}","chan":"stdout","logger":"task"}
{"timestamp":"2025-12-05T07:48:56.441774Z","level":"info","event":"https://musicbrainz.org/ws/2/url?resource=https://open.spotify.com/artist/137W8MRPWKqSmrBGDBFSop&inc=artist-rels&fmt=json","chan":"stdout","logger":"task"}
{"timestamp":"2025-12-05T07:48:56.562566Z","level":"info","event":"https://musicbrainz.org/ws/2/artist/f5dfa020-ad69-41cd-b3d4-fd7af0414e94?inc=tags&fmt=json","chan":"stdout","logger":"task"}
{"timestamp":"2025-12-05T07:48:57.675527Z","level":"info","event":"{'name': 'David Guetta', 'id': '1Cs0zKBU1kc0i8ypK3B9ai', 'url': 'https://open.spotify.com/artist/1Cs0zKBU1kc0i8ypK3B9ai'}","chan":"stdout","logger":"task"}
{"timestamp":"2025-12-05T07:48:57.677555Z","level":"info","event":"https://musicbrainz.org/ws/2/url?resource=https://open.spotify.com/artist/1Cs0zKBU1kc0i8ypK3B9ai&inc=artist-rels&fmt=json","chan":"stdout","logger":"task"}
{"timestamp":"2025-12-05T07:48:57.796443Z","level":"info","event":"https://musicbrainz.org/ws/2/artist/302bd7b9-d012-4360-897a-93b00c855680?inc=tags&fmt=json","chan":"stdout","logger":"task"}
{"timestamp":"2025-12-05T07:48:58.910758Z","level":"info","event":"{'name': 'USHER', 'id': '23zg3TcAtWQy7J6upgbUnj', 'url': 'https://open.spotify.com/artist/23zg3TcAtWQy7J6upgbUnj'}","chan":"stdout","logger":"task"}
{"timestamp":"2025-12-05T07:48:58.915701Z","level":"info","event":"https://musicbrainz.org/ws/2/url?resource=https://open.spotify.com/artist/23zg3TcAtWQy7J6upgbUnj&inc=artist-rels&fmt=json","chan":"stdout","logger":"task"}
{"timestamp":"2025-12-05T07:48:59.032453Z","level":"info","event":"https://musicbrainz.org/ws/2/artist/3414d446-735a-443c-931f-10634f57e5b9?inc=tags&fmt=json","chan":"stdout","logger":"task"}
{"timestamp":"2025-12-05T07:49:00.149971Z","level":"info","event":"{'name': 'Drake', 'id': '3TVXtAsR1Inumwj472S9r4', 'url': 'https://open.spotify.com/artist/3TVXtAsR1Inumwj472S9r4'}","chan":"stdout","logger":"task"}
{"timestamp":"2025-12-05T07:49:00.155317Z","level":"info","event":"https://musicbrainz.org/ws/2/url?resource=https://open.spotify.com/artist/3TVXtAsR1Inumwj472S9r4&inc=artist-rels&fmt=json","chan":"stdout","logger":"task"}
{"timestamp":"2025-12-05T07:49:00.273701Z","level":"info","event":"https://musicbrainz.org/ws/2/artist/9fff2f8a-21e6-47de-a2b8-7f449929d43f?inc=tags&fmt=json","chan":"stdout","logger":"task"}
{"timestamp":"2025-12-05T07:49:00.385030Z","level":"info","event":"Rate limit hit. Retrying in 1s...","chan":"stdout","logger":"task"}
{"timestamp":"2025-12-05T07:49:01.504874Z","level":"info","event":"Rate limit hit. Retrying in 2s...","chan":"stdout","logger":"task"}
{"timestamp":"2025-12-05T07:49:04.633475Z","level":"info","event":"{'name': 'Snoop Dogg', 'id': '7hJcb9fa4alzcOq3EaNPoG', 'url': 'https://open.spotify.com/artist/7hJcb9fa4alzcOq3EaNPoG'}","chan":"stdout","logger":"task"}
{"timestamp":"2025-12-05T07:49:04.635395Z","level":"info","event":"https://musicbrainz.org/ws/2/url?resource=https://open.spotify.com/artist/7hJcb9fa4alzcOq3EaNPoG&inc=artist-rels&fmt=json","chan":"stdout","logger":"task"}
{"timestamp":"2025-12-05T07:49:04.756793Z","level":"info","event":"https://musicbrainz.org/ws/2/artist/f90e8b26-9e52-4669-a5c9-e28529c47894?inc=tags&fmt=json","chan":"stdout","logger":"task"}
{"timestamp":"2025-12-05T07:49:05.881388Z","level":"info","event":"{'name': 'J. Cole', 'id': '6l3HvQ5sa6mXTsMTB19rO5', 'url': 'https://open.spotify.com/artist/6l3HvQ5sa6mXTsMTB19rO5'}","chan":"stdout","logger":"task"}
{"timestamp":"2025-12-05T07:49:05.883128Z","level":"info","event":"https://musicbrainz.org/ws/2/url?resource=https://open.spotify.com/artist/6l3HvQ5sa6mXTsMTB19rO5&inc=artist-rels&fmt=json","chan":"stdout","logger":"task"}
{"timestamp":"2025-12-05T07:49:05.996051Z","level":"info","event":"https://musicbrainz.org/ws/2/artist/875203e1-8e58-4b86-8dcb-7190faf411c5?inc=tags&fmt=json","chan":"stdout","logger":"task"}
{"timestamp":"2025-12-05T07:49:07.110712Z","level":"info","event":"{'name': 'Toby Keith', 'id': '2bA6fzP0lMAQ4kz6CF61w8', 'url': 'https://open.spotify.com/artist/2bA6fzP0lMAQ4kz6CF61w8'}","chan":"stdout","logger":"task"}
{"timestamp":"2025-12-05T07:49:07.114547Z","level":"info","event":"https://musicbrainz.org/ws/2/url?resource=https://open.spotify.com/artist/2bA6fzP0lMAQ4kz6CF61w8&inc=artist-rels&fmt=json","chan":"stdout","logger":"task"}
{"timestamp":"2025-12-05T07:49:07.220694Z","level":"info","event":"https://musicbrainz.org/ws/2/artist/2f951906-5629-4fef-a260-5033151c162a?inc=tags&fmt=json","chan":"stdout","logger":"task"}
{"timestamp":"2025-12-05T07:49:08.334790Z","level":"info","event":"{'name': 'Justin Bieber', 'id': '1uNFoZAHBGtllmzznpCI3s', 'url': 'https://open.spotify.com/artist/1uNFoZAHBGtllmzznpCI3s'}","chan":"stdout","logger":"task"}
{"timestamp":"2025-12-05T07:49:08.338721Z","level":"info","event":"https://musicbrainz.org/ws/2/url?resource=https://open.spotify.com/artist/1uNFoZAHBGtllmzznpCI3s&inc=artist-rels&fmt=json","chan":"stdout","logger":"task"}
{"timestamp":"2025-12-05T07:49:08.457444Z","level":"info","event":"https://musicbrainz.org/ws/2/artist/e0140a67-e4d1-4f13-8a01-364355bee46e?inc=tags&fmt=json","chan":"stdout","logger":"task"}
{"timestamp":"2025-12-05T07:49:09.568979Z","level":"info","event":"{'name': 'Foster The People', 'id': '7gP3bB2nilZXLfPHJhMdvc', 'url': 'https://open.spotify.com/artist/7gP3bB2nilZXLfPHJhMdvc'}","chan":"stdout","logger":"task"}
{"timestamp":"2025-12-05T07:49:09.570292Z","level":"info","event":"https://musicbrainz.org/ws/2/url?resource=https://open.spotify.com/artist/7gP3bB2nilZXLfPHJhMdvc&inc=artist-rels&fmt=json","chan":"stdout","logger":"task"}
{"timestamp":"2025-12-05T07:49:09.688739Z","level":"info","event":"https://musicbrainz.org/ws/2/artist/e0e1a584-dd0a-4bd1-88d1-c4c62895039d?inc=tags&fmt=json","chan":"stdout","logger":"task"}
{"timestamp":"2025-12-05T07:49:10.810619Z","level":"info","event":"{'name': 'Lil Wayne', 'id': '55Aa2cqylxrFIXC767Z865', 'url': 'https://open.spotify.com/artist/55Aa2cqylxrFIXC767Z865'}","chan":"stdout","logger":"task"}
{"timestamp":"2025-12-05T07:49:10.818466Z","level":"info","event":"https://musicbrainz.org/ws/2/url?resource=https://open.spotify.com/artist/55Aa2cqylxrFIXC767Z865&inc=artist-rels&fmt=json","chan":"stdout","logger":"task"}
{"timestamp":"2025-12-05T07:49:10.938025Z","level":"info","event":"https://musicbrainz.org/ws/2/artist/ac9a487a-d9d2-4f27-bb23-0f4686488345?inc=tags&fmt=json","chan":"stdout","logger":"task"}
{"timestamp":"2025-12-05T07:49:12.069446Z","level":"info","event":"{'name': 'Gavin DeGraw', 'id': '5DYAABs8rkY9VhwtENoQCz', 'url': 'https://open.spotify.com/artist/5DYAABs8rkY9VhwtENoQCz'}","chan":"stdout","logger":"task"}
{"timestamp":"2025-12-05T07:49:12.071228Z","level":"info","event":"https://musicbrainz.org/ws/2/url?resource=https://open.spotify.com/artist/5DYAABs8rkY9VhwtENoQCz&inc=artist-rels&fmt=json","chan":"stdout","logger":"task"}
{"timestamp":"2025-12-05T07:49:12.185800Z","level":"info","event":"https://musicbrainz.org/ws/2/artist/3f2a12e9-6398-42fd-b257-2f6abd4aa5fc?inc=tags&fmt=json","chan":"stdout","logger":"task"}
{"timestamp":"2025-12-05T07:49:13.300836Z","level":"info","event":"{'name': 'Jessie J', 'id': '2gsggkzM5R49q6jpPvazou', 'url': 'https://open.spotify.com/artist/2gsggkzM5R49q6jpPvazou'}","chan":"stdout","logger":"task"}
{"timestamp":"2025-12-05T07:49:13.304970Z","level":"info","event":"https://musicbrainz.org/ws/2/url?resource=https://open.spotify.com/artist/2gsggkzM5R49q6jpPvazou&inc=artist-rels&fmt=json","chan":"stdout","logger":"task"}
{"timestamp":"2025-12-05T07:49:13.421495Z","level":"info","event":"Rate limit hit. Retrying in 1s...","chan":"stdout","logger":"task"}
{"timestamp":"2025-12-05T07:49:14.549495Z","level":"info","event":"https://musicbrainz.org/ws/2/artist/d24fb461-dee8-41fc-bb15-2f13bb2644a6?inc=tags&fmt=json","chan":"stdout","logger":"task"}
{"timestamp":"2025-12-05T07:49:15.662213Z","level":"info","event":"{'name': 'Luke Bryan', 'id': '0BvkDsjIUla7X0k6CSWh1I', 'url': 'https://open.spotify.com/artist/0BvkDsjIUla7X0k6CSWh1I'}","chan":"stdout","logger":"task"}
{"timestamp":"2025-12-05T07:49:15.663722Z","level":"info","event":"https://musicbrainz.org/ws/2/url?resource=https://open.spotify.com/artist/0BvkDsjIUla7X0k6CSWh1I&inc=artist-rels&fmt=json","chan":"stdout","logger":"task"}
{"timestamp":"2025-12-05T07:49:15.779500Z","level":"info","event":"https://musicbrainz.org/ws/2/artist/aab35942-f176-4f77-bbf9-1d6aa98ccf3f?inc=tags&fmt=json","chan":"stdout","logger":"task"}
{"timestamp":"2025-12-05T07:49:17.179516Z","level":"info","event":"{'name': 'Selena Gomez & The Scene', 'id': '6dJeKm76NjfXBNTpHmOhfO', 'url': 'https://open.spotify.com/artist/6dJeKm76NjfXBNTpHmOhfO'}","chan":"stdout","logger":"task"}
{"timestamp":"2025-12-05T07:49:17.180201Z","level":"info","event":"https://musicbrainz.org/ws/2/url?resource=https://open.spotify.com/artist/6dJeKm76NjfXBNTpHmOhfO&inc=artist-rels&fmt=json","chan":"stdout","logger":"task"}
{"timestamp":"2025-12-05T07:49:17.297284Z","level":"info","event":"https://musicbrainz.org/ws/2/artist/37d0a847-32d3-480f-bd1e-101f50a3d332?inc=tags&fmt=json","chan":"stdout","logger":"task"}
{"timestamp":"2025-12-05T07:49:18.414179Z","level":"info","event":"{'name': 'Hot Chelle Rae', 'id': '6jTnHxhb6cDCaCu4rdvsQ0', 'url': 'https://open.spotify.com/artist/6jTnHxhb6cDCaCu4rdvsQ0'}","chan":"stdout","logger":"task"}
{"timestamp":"2025-12-05T07:49:18.416663Z","level":"info","event":"https://musicbrainz.org/ws/2/url?resource=https://open.spotify.com/artist/6jTnHxhb6cDCaCu4rdvsQ0&inc=artist-rels&fmt=json","chan":"stdout","logger":"task"}
{"timestamp":"2025-12-05T07:49:18.537508Z","level":"info","event":"https://musicbrainz.org/ws/2/artist/20aee940-3b65-4d04-8768-9a5918db2973?inc=tags&fmt=json","chan":"stdout","logger":"task"}
{"timestamp":"2025-12-05T07:49:19.650931Z","level":"info","event":"{'name': 'New Boyz', 'id': '1ZKqrja0WvbSssYNFO3lzs', 'url': 'https://open.spotify.com/artist/1ZKqrja0WvbSssYNFO3lzs'}","chan":"stdout","logger":"task"}
{"timestamp":"2025-12-05T07:49:19.651996Z","level":"info","event":"https://musicbrainz.org/ws/2/url?resource=https://open.spotify.com/artist/1ZKqrja0WvbSssYNFO3lzs&inc=artist-rels&fmt=json","chan":"stdout","logger":"task"}
{"timestamp":"2025-12-05T07:49:19.764727Z","level":"info","event":"https://musicbrainz.org/ws/2/artist/8e1d63a3-2980-4d69-ba61-1024e8a6df4b?inc=tags&fmt=json","chan":"stdout","logger":"task"}
{"timestamp":"2025-12-05T07:49:20.881693Z","level":"info","event":"{'name': 'Taylor Swift', 'id': '06HL4z0CvFAxyc27GXpf02', 'url': 'https://open.spotify.com/artist/06HL4z0CvFAxyc27GXpf02'}","chan":"stdout","logger":"task"}
{"timestamp":"2025-12-05T07:49:20.882856Z","level":"info","event":"https://musicbrainz.org/ws/2/url?resource=https://open.spotify.com/artist/06HL4z0CvFAxyc27GXpf02&inc=artist-rels&fmt=json","chan":"stdout","logger":"task"}
{"timestamp":"2025-12-05T07:49:20.996806Z","level":"info","event":"https://musicbrainz.org/ws/2/artist/20244d07-534f-4eff-b4d4-930878889970?inc=tags&fmt=json","chan":"stdout","logger":"task"}
{"timestamp":"2025-12-05T07:49:22.103038Z","level":"info","event":"{'name': 'The Civil Wars', 'id': '6J7rw7NELJUCThPbAfyLIE', 'url': 'https://open.spotify.com/artist/6J7rw7NELJUCThPbAfyLIE'}","chan":"stdout","logger":"task"}
{"timestamp":"2025-12-05T07:49:22.104714Z","level":"info","event":"https://musicbrainz.org/ws/2/url?resource=https://open.spotify.com/artist/6J7rw7NELJUCThPbAfyLIE&inc=artist-rels&fmt=json","chan":"stdout","logger":"task"}
{"timestamp":"2025-12-05T07:49:22.260705Z","level":"info","event":"https://musicbrainz.org/ws/2/artist/91dad7e7-0bf6-47e8-bd42-ef1fac32c729?inc=tags&fmt=json","chan":"stdout","logger":"task"}
{"timestamp":"2025-12-05T07:49:23.712358Z","level":"info","event":"{'name': 'Cobra Starship', 'id': '2aYJ5LAta2ScCdfLhKgZOY', 'url': 'https://open.spotify.com/artist/2aYJ5LAta2ScCdfLhKgZOY'}","chan":"stdout","logger":"task"}
{"timestamp":"2025-12-05T07:49:23.718747Z","level":"info","event":"https://musicbrainz.org/ws/2/url?resource=https://open.spotify.com/artist/2aYJ5LAta2ScCdfLhKgZOY&inc=artist-rels&fmt=json","chan":"stdout","logger":"task"}
{"timestamp":"2025-12-05T07:49:23.839832Z","level":"info","event":"https://musicbrainz.org/ws/2/artist/ffb390b8-8df4-4b72-97d1-7b2fc008a452?inc=tags&fmt=json","chan":"stdout","logger":"task"}
{"timestamp":"2025-12-05T07:49:23.949346Z","level":"info","event":"Rate limit hit. Retrying in 1s...","chan":"stdout","logger":"task"}
{"timestamp":"2025-12-05T07:49:26.064554Z","level":"info","event":"{'name': 'Sabi', 'id': '3tB8VKd0rtEnc9x8l78ymo', 'url': 'https://open.spotify.com/artist/3tB8VKd0rtEnc9x8l78ymo'}","chan":"stdout","logger":"task"}
{"timestamp":"2025-12-05T07:49:26.071678Z","level":"info","event":"https://musicbrainz.org/ws/2/url?resource=https://open.spotify.com/artist/3tB8VKd0rtEnc9x8l78ymo&inc=artist-rels&fmt=json","chan":"stdout","logger":"task"}
{"timestamp":"2025-12-05T07:49:26.200799Z","level":"info","event":"https://musicbrainz.org/ws/2/artist/d6b9bc68-dcf7-4ec1-8416-a7f046e9354c?inc=tags&fmt=json","chan":"stdout","logger":"task"}
{"timestamp":"2025-12-05T07:49:27.314393Z","level":"info","event":"{'name': 'Kelly Clarkson', 'id': '3BmGtnKgCSGYIUhmivXKWX', 'url': 'https://open.spotify.com/artist/3BmGtnKgCSGYIUhmivXKWX'}","chan":"stdout","logger":"task"}
{"timestamp":"2025-12-05T07:49:27.315490Z","level":"info","event":"https://musicbrainz.org/ws/2/url?resource=https://open.spotify.com/artist/3BmGtnKgCSGYIUhmivXKWX&inc=artist-rels&fmt=json","chan":"stdout","logger":"task"}
{"timestamp":"2025-12-05T07:49:27.434347Z","level":"info","event":"https://musicbrainz.org/ws/2/artist/d339efbb-77b9-4147-ba9e-59f2f24550b2?inc=tags&fmt=json","chan":"stdout","logger":"task"}
{"timestamp":"2025-12-05T07:49:28.550502Z","level":"info","event":"{'name': 'Pitbull', 'id': '0TnOYISbd1XYRBk9myaseg', 'url': 'https://open.spotify.com/artist/0TnOYISbd1XYRBk9myaseg'}","chan":"stdout","logger":"task"}
{"timestamp":"2025-12-05T07:49:28.556158Z","level":"info","event":"https://musicbrainz.org/ws/2/url?resource=https://open.spotify.com/artist/0TnOYISbd1XYRBk9myaseg&inc=artist-rels&fmt=json","chan":"stdout","logger":"task"}
{"timestamp":"2025-12-05T07:49:28.679109Z","level":"info","event":"https://musicbrainz.org/ws/2/artist/d262ea27-3ffe-40f7-b922-85c42d625e67?inc=tags&fmt=json","chan":"stdout","logger":"task"}
{"timestamp":"2025-12-05T07:49:29.794012Z","level":"info","event":"{'name': 'Chris Brown', 'id': '7bXgB6jMjp9ATFy66eO08Z', 'url': 'https://open.spotify.com/artist/7bXgB6jMjp9ATFy66eO08Z'}","chan":"stdout","logger":"task"}
{"timestamp":"2025-12-05T07:49:29.795338Z","level":"info","event":"https://musicbrainz.org/ws/2/url?resource=https://open.spotify.com/artist/7bXgB6jMjp9ATFy66eO08Z&inc=artist-rels&fmt=json","chan":"stdout","logger":"task"}
{"timestamp":"2025-12-05T07:49:29.907223Z","level":"info","event":"https://musicbrainz.org/ws/2/artist/c234fa42-e6a6-443e-937e-2f4b073538a3?inc=tags&fmt=json","chan":"stdout","logger":"task"}
{"timestamp":"2025-12-05T07:49:31.022106Z","level":"info","event":"{'name': 'Jason Derulo', 'id': '07YZf4WDAMNwqr4jfgOZ8y', 'url': 'https://open.spotify.com/artist/07YZf4WDAMNwqr4jfgOZ8y'}","chan":"stdout","logger":"task"}
{"timestamp":"2025-12-05T07:49:31.024491Z","level":"info","event":"https://musicbrainz.org/ws/2/url?resource=https://open.spotify.com/artist/07YZf4WDAMNwqr4jfgOZ8y&inc=artist-rels&fmt=json","chan":"stdout","logger":"task"}
{"timestamp":"2025-12-05T07:49:31.152823Z","level":"info","event":"https://musicbrainz.org/ws/2/artist/6de0f914-3e60-4418-be3b-42e0feb6eb4d?inc=tags&fmt=json","chan":"stdout","logger":"task"}
{"timestamp":"2025-12-05T07:49:32.267113Z","level":"info","event":"{'name': 'Lady A', 'id': '32WkQRZEVKSzVAAYqukAEA', 'url': 'https://open.spotify.com/artist/32WkQRZEVKSzVAAYqukAEA'}","chan":"stdout","logger":"task"}
{"timestamp":"2025-12-05T07:49:32.268751Z","level":"info","event":"https://musicbrainz.org/ws/2/url?resource=https://open.spotify.com/artist/32WkQRZEVKSzVAAYqukAEA&inc=artist-rels&fmt=json","chan":"stdout","logger":"task"}
{"timestamp":"2025-12-05T07:49:32.388374Z","level":"info","event":"https://musicbrainz.org/ws/2/artist/0eedfc95-e79a-4fd9-832a-cd816a0b3fda?inc=tags&fmt=json","chan":"stdout","logger":"task"}
{"timestamp":"2025-12-05T07:49:33.597723Z","level":"info","event":"{'name': 'AFROJACK', 'id': '4D75GcNG95ebPtNvoNVXhz', 'url': 'https://open.spotify.com/artist/4D75GcNG95ebPtNvoNVXhz'}","chan":"stdout","logger":"task"}
{"timestamp":"2025-12-05T07:49:33.600515Z","level":"info","event":"https://musicbrainz.org/ws/2/url?resource=https://open.spotify.com/artist/4D75GcNG95ebPtNvoNVXhz&inc=artist-rels&fmt=json","chan":"stdout","logger":"task"}
{"timestamp":"2025-12-05T07:49:33.718152Z","level":"info","event":"https://musicbrainz.org/ws/2/artist/a3ee920f-4e7f-4993-8aca-4b8538cfaa4a?inc=tags&fmt=json","chan":"stdout","logger":"task"}
{"timestamp":"2025-12-05T07:49:34.828772Z","level":"info","event":"{'name': 'Ne-Yo', 'id': '21E3waRsmPlU7jZsS13rcj', 'url': 'https://open.spotify.com/artist/21E3waRsmPlU7jZsS13rcj'}","chan":"stdout","logger":"task"}
{"timestamp":"2025-12-05T07:49:34.829115Z","level":"info","event":"https://musicbrainz.org/ws/2/url?resource=https://open.spotify.com/artist/21E3waRsmPlU7jZsS13rcj&inc=artist-rels&fmt=json","chan":"stdout","logger":"task"}
{"timestamp":"2025-12-05T07:49:34.937195Z","level":"info","event":"Rate limit hit. Retrying in 1s...","chan":"stdout","logger":"task"}
{"timestamp":"2025-12-05T07:49:36.056731Z","level":"info","event":"https://musicbrainz.org/ws/2/artist/a4a01f5d-18e7-4571-8c3a-76ec0e24e2d7?inc=tags&fmt=json","chan":"stdout","logger":"task"}
{"timestamp":"2025-12-05T07:49:37.170060Z","level":"info","event":"{'name': 'Nayer', 'id': '1ruutHJcECI7cos2n5TqpO', 'url': 'https://open.spotify.com/artist/1ruutHJcECI7cos2n5TqpO'}","chan":"stdout","logger":"task"}
{"timestamp":"2025-12-05T07:49:37.171510Z","level":"info","event":"https://musicbrainz.org/ws/2/url?resource=https://open.spotify.com/artist/1ruutHJcECI7cos2n5TqpO&inc=artist-rels&fmt=json","chan":"stdout","logger":"task"}
{"timestamp":"2025-12-05T07:49:37.280691Z","level":"info","event":"https://musicbrainz.org/ws/2/artist/276d7d13-c0c4-4e67-a165-8e3764e4a2f3?inc=tags&fmt=json","chan":"stdout","logger":"task"}
{"timestamp":"2025-12-05T07:49:38.395803Z","level":"info","event":"{'name': 'Lady Gaga', 'id': '1HY2Jd0NmPuamShAr6KMms', 'url': 'https://open.spotify.com/artist/1HY2Jd0NmPuamShAr6KMms'}","chan":"stdout","logger":"task"}
{"timestamp":"2025-12-05T07:49:38.396517Z","level":"info","event":"https://musicbrainz.org/ws/2/url?resource=https://open.spotify.com/artist/1HY2Jd0NmPuamShAr6KMms&inc=artist-rels&fmt=json","chan":"stdout","logger":"task"}
{"timestamp":"2025-12-05T07:49:38.502677Z","level":"info","event":"https://musicbrainz.org/ws/2/artist/650e7db6-b795-4eb5-a702-5ea2fc46c848?inc=tags&fmt=json","chan":"stdout","logger":"task"}
{"timestamp":"2025-12-05T07:49:39.620667Z","level":"info","event":"{'name': 'Jason Aldean', 'id': '3FfvYsEGaIb52QPXhg4DcH', 'url': 'https://open.spotify.com/artist/3FfvYsEGaIb52QPXhg4DcH'}","chan":"stdout","logger":"task"}
{"timestamp":"2025-12-05T07:49:39.624399Z","level":"info","event":"https://musicbrainz.org/ws/2/url?resource=https://open.spotify.com/artist/3FfvYsEGaIb52QPXhg4DcH&inc=artist-rels&fmt=json","chan":"stdout","logger":"task"}
{"timestamp":"2025-12-05T07:49:39.749329Z","level":"info","event":"https://musicbrainz.org/ws/2/artist/f24df11a-7e35-4979-a4db-a3b2a170ce27?inc=tags&fmt=json","chan":"stdout","logger":"task"}
{"timestamp":"2025-12-05T07:49:40.977517Z","level":"info","event":"{'name': 'B.o.B', 'id': '5ndkK3dpZLKtBklKjxNQwT', 'url': 'https://open.spotify.com/artist/5ndkK3dpZLKtBklKjxNQwT'}","chan":"stdout","logger":"task"}
{"timestamp":"2025-12-05T07:49:40.988030Z","level":"info","event":"https://musicbrainz.org/ws/2/url?resource=https://open.spotify.com/artist/5ndkK3dpZLKtBklKjxNQwT&inc=artist-rels&fmt=json","chan":"stdout","logger":"task"}
{"timestamp":"2025-12-05T07:49:41.106409Z","level":"info","event":"https://musicbrainz.org/ws/2/artist/94c338ff-1985-4429-9dc8-997b61bb5932?inc=tags&fmt=json","chan":"stdout","logger":"task"}
{"timestamp":"2025-12-05T07:49:42.213506Z","level":"info","event":"{'name': 'Coldplay', 'id': '4gzpq5DPGxSnKTe4SA8HAU', 'url': 'https://open.spotify.com/artist/4gzpq5DPGxSnKTe4SA8HAU'}","chan":"stdout","logger":"task"}
{"timestamp":"2025-12-05T07:49:42.214324Z","level":"info","event":"https://musicbrainz.org/ws/2/url?resource=https://open.spotify.com/artist/4gzpq5DPGxSnKTe4SA8HAU&inc=artist-rels&fmt=json","chan":"stdout","logger":"task"}
{"timestamp":"2025-12-05T07:49:42.327714Z","level":"info","event":"https://musicbrainz.org/ws/2/artist/cc197bad-dc9c-440d-a5b5-d52ba2e14234?inc=tags&fmt=json","chan":"stdout","logger":"task"}
{"timestamp":"2025-12-05T07:49:43.445830Z","level":"info","event":"{'name': 'Tyga', 'id': '5LHRHt1k9lMyONurDHEdrp', 'url': 'https://open.spotify.com/artist/5LHRHt1k9lMyONurDHEdrp'}","chan":"stdout","logger":"task"}
{"timestamp":"2025-12-05T07:49:43.449761Z","level":"info","event":"https://musicbrainz.org/ws/2/url?resource=https://open.spotify.com/artist/5LHRHt1k9lMyONurDHEdrp&inc=artist-rels&fmt=json","chan":"stdout","logger":"task"}
{"timestamp":"2025-12-05T07:49:43.571561Z","level":"info","event":"https://musicbrainz.org/ws/2/artist/ce09ea31-3d4a-4487-a797-e315175457a0?inc=tags&fmt=json","chan":"stdout","logger":"task"}
{"timestamp":"2025-12-05T07:49:44.687677Z","level":"info","event":"{'name': 'Blake Shelton', 'id': '1UTPBmNbXNTittyMJrNkvw', 'url': 'https://open.spotify.com/artist/1UTPBmNbXNTittyMJrNkvw'}","chan":"stdout","logger":"task"}
{"timestamp":"2025-12-05T07:49:44.690254Z","level":"info","event":"https://musicbrainz.org/ws/2/url?resource=https://open.spotify.com/artist/1UTPBmNbXNTittyMJrNkvw&inc=artist-rels&fmt=json","chan":"stdout","logger":"task"}
{"timestamp":"2025-12-05T07:49:44.806720Z","level":"info","event":"https://musicbrainz.org/ws/2/artist/2ad66473-ccb3-41d2-8756-b56680cdfe62?inc=tags&fmt=json","chan":"stdout","logger":"task"}
{"timestamp":"2025-12-05T07:49:44.912729Z","level":"info","event":"Rate limit hit. Retrying in 1s...","chan":"stdout","logger":"task"}
{"timestamp":"2025-12-05T07:49:46.029496Z","level":"info","event":"Rate limit hit. Retrying in 2s...","chan":"stdout","logger":"task"}
{"timestamp":"2025-12-05T07:49:49.158848Z","level":"info","event":"{'name': 'Breathe Carolina', 'id': '53M4Iv2RkzzxFFvW2B1jhC', 'url': 'https://open.spotify.com/artist/53M4Iv2RkzzxFFvW2B1jhC'}","chan":"stdout","logger":"task"}
{"timestamp":"2025-12-05T07:49:49.160662Z","level":"info","event":"https://musicbrainz.org/ws/2/url?resource=https://open.spotify.com/artist/53M4Iv2RkzzxFFvW2B1jhC&inc=artist-rels&fmt=json","chan":"stdout","logger":"task"}
{"timestamp":"2025-12-05T07:49:49.283738Z","level":"info","event":"https://musicbrainz.org/ws/2/artist/0509d076-7e31-4f53-bad3-80ee246e23b7?inc=tags&fmt=json","chan":"stdout","logger":"task"}
{"timestamp":"2025-12-05T07:49:50.387974Z","level":"info","event":"{'name': 'Wale', 'id': '67nwj3Y5sZQLl72VNUHEYE', 'url': 'https://open.spotify.com/artist/67nwj3Y5sZQLl72VNUHEYE'}","chan":"stdout","logger":"task"}
{"timestamp":"2025-12-05T07:49:50.389101Z","level":"info","event":"https://musicbrainz.org/ws/2/url?resource=https://open.spotify.com/artist/67nwj3Y5sZQLl72VNUHEYE&inc=artist-rels&fmt=json","chan":"stdout","logger":"task"}
{"timestamp":"2025-12-05T07:49:50.511404Z","level":"info","event":"https://musicbrainz.org/ws/2/artist/e34e41f2-f480-45d3-8190-a3ce5ab34fab?inc=tags&fmt=json","chan":"stdout","logger":"task"}
{"timestamp":"2025-12-05T07:49:51.632925Z","level":"info","event":"{'name': 'Miguel', 'id': '360IAlyVv4PCEVjgyMZrxK', 'url': 'https://open.spotify.com/artist/360IAlyVv4PCEVjgyMZrxK'}","chan":"stdout","logger":"task"}
{"timestamp":"2025-12-05T07:49:51.634112Z","level":"info","event":"https://musicbrainz.org/ws/2/url?resource=https://open.spotify.com/artist/360IAlyVv4PCEVjgyMZrxK&inc=artist-rels&fmt=json","chan":"stdout","logger":"task"}
{"timestamp":"2025-12-05T07:49:51.746762Z","level":"info","event":"https://musicbrainz.org/ws/2/artist/285e1285-aecc-478f-a8da-0c8cf69e1217?inc=tags&fmt=json","chan":"stdout","logger":"task"}
{"timestamp":"2025-12-05T07:49:52.867365Z","level":"info","event":"{'name': 'Rascal Flatts', 'id': '0a1gHP0HAqALbEyxaD5Ngn', 'url': 'https://open.spotify.com/artist/0a1gHP0HAqALbEyxaD5Ngn'}","chan":"stdout","logger":"task"}
{"timestamp":"2025-12-05T07:49:52.867808Z","level":"info","event":"https://musicbrainz.org/ws/2/url?resource=https://open.spotify.com/artist/0a1gHP0HAqALbEyxaD5Ngn&inc=artist-rels&fmt=json","chan":"stdout","logger":"task"}
{"timestamp":"2025-12-05T07:49:52.975577Z","level":"info","event":"https://musicbrainz.org/ws/2/artist/6e0ae159-8449-4262-bba5-18ec87fa529f?inc=tags&fmt=json","chan":"stdout","logger":"task"}
{"timestamp":"2025-12-05T07:49:54.108993Z","level":"info","event":"{'name': 'Natasha Bedingfield', 'id': '7o95ZoZt5ZYn31e9z1Hc0a', 'url': 'https://open.spotify.com/artist/7o95ZoZt5ZYn31e9z1Hc0a'}","chan":"stdout","logger":"task"}
{"timestamp":"2025-12-05T07:49:54.109810Z","level":"info","event":"https://musicbrainz.org/ws/2/url?resource=https://open.spotify.com/artist/7o95ZoZt5ZYn31e9z1Hc0a&inc=artist-rels&fmt=json","chan":"stdout","logger":"task"}
{"timestamp":"2025-12-05T07:49:54.221863Z","level":"info","event":"https://musicbrainz.org/ws/2/artist/8b477559-946e-4ef2-9fe1-446cff8fdd79?inc=tags&fmt=json","chan":"stdout","logger":"task"}
{"timestamp":"2025-12-05T07:49:55.332925Z","level":"info","event":"{'name': 'Eric Church', 'id': '2IvkS5MXK0vPGnwyJsrEyV', 'url': 'https://open.spotify.com/artist/2IvkS5MXK0vPGnwyJsrEyV'}","chan":"stdout","logger":"task"}
{"timestamp":"2025-12-05T07:49:55.336478Z","level":"info","event":"https://musicbrainz.org/ws/2/url?resource=https://open.spotify.com/artist/2IvkS5MXK0vPGnwyJsrEyV&inc=artist-rels&fmt=json","chan":"stdout","logger":"task"}
{"timestamp":"2025-12-05T07:49:55.455239Z","level":"info","event":"https://musicbrainz.org/ws/2/artist/15856215-cc51-4423-879c-9ac955ccb11a?inc=tags&fmt=json","chan":"stdout","logger":"task"}
{"timestamp":"2025-12-05T07:49:56.573017Z","level":"info","event":"{'name': 'Christina Perri', 'id': '7H55rcKCfwqkyDFH9wpKM6', 'url': 'https://open.spotify.com/artist/7H55rcKCfwqkyDFH9wpKM6'}","chan":"stdout","logger":"task"}
{"timestamp":"2025-12-05T07:49:56.574161Z","level":"info","event":"https://musicbrainz.org/ws/2/url?resource=https://open.spotify.com/artist/7H55rcKCfwqkyDFH9wpKM6&inc=artist-rels&fmt=json","chan":"stdout","logger":"task"}
{"timestamp":"2025-12-05T07:49:56.685857Z","level":"info","event":"https://musicbrainz.org/ws/2/artist/38d363c7-fdcb-4308-9474-a0d14ab8d9b7?inc=tags&fmt=json","chan":"stdout","logger":"task"}
{"timestamp":"2025-12-05T07:49:57.802658Z","level":"info","event":"{'name': 'Zac Brown Band', 'id': '6yJCxee7QumYr820xdIsjo', 'url': 'https://open.spotify.com/artist/6yJCxee7QumYr820xdIsjo'}","chan":"stdout","logger":"task"}
{"timestamp":"2025-12-05T07:49:57.803880Z","level":"info","event":"https://musicbrainz.org/ws/2/url?resource=https://open.spotify.com/artist/6yJCxee7QumYr820xdIsjo&inc=artist-rels&fmt=json","chan":"stdout","logger":"task"}
{"timestamp":"2025-12-05T07:49:57.921712Z","level":"info","event":"Rate limit hit. Retrying in 1s...","chan":"stdout","logger":"task"}
{"timestamp":"2025-12-05T07:49:59.053334Z","level":"info","event":"https://musicbrainz.org/ws/2/artist/507226f4-0842-4f43-950e-81a7017230ec?inc=tags&fmt=json","chan":"stdout","logger":"task"}
{"timestamp":"2025-12-05T07:50:00.172400Z","level":"info","event":"{'name': 'Outasight', 'id': '1zuG3w1Zgeou53fb3Vu3bO', 'url': 'https://open.spotify.com/artist/1zuG3w1Zgeou53fb3Vu3bO'}","chan":"stdout","logger":"task"}
{"timestamp":"2025-12-05T07:50:00.174401Z","level":"info","event":"https://musicbrainz.org/ws/2/url?resource=https://open.spotify.com/artist/1zuG3w1Zgeou53fb3Vu3bO&inc=artist-rels&fmt=json","chan":"stdout","logger":"task"}
{"timestamp":"2025-12-05T07:50:00.360846Z","level":"info","event":"HTTP 404: Not Found","chan":"stdout","logger":"task"}
{"timestamp":"2025-12-05T07:50:00.361285Z","level":"info","event":"unable to get mbid for https://open.spotify.com/artist/1zuG3w1Zgeou53fb3Vu3bO","chan":"stdout","logger":"task"}
{"timestamp":"2025-12-05T07:50:01.366508Z","level":"info","event":"{'name': 'Scotty McCreery', 'id': '6ZV6lGY0prbqpTD0Md8i29', 'url': 'https://open.spotify.com/artist/6ZV6lGY0prbqpTD0Md8i29'}","chan":"stdout","logger":"task"}
{"timestamp":"2025-12-05T07:50:01.369654Z","level":"info","event":"https://musicbrainz.org/ws/2/url?resource=https://open.spotify.com/artist/6ZV6lGY0prbqpTD0Md8i29&inc=artist-rels&fmt=json","chan":"stdout","logger":"task"}
{"timestamp":"2025-12-05T07:50:01.504304Z","level":"info","event":"https://musicbrainz.org/ws/2/artist/2294c553-58e4-425b-8bab-bee01f2d477a?inc=tags&fmt=json","chan":"stdout","logger":"task"}
{"timestamp":"2025-12-05T07:50:02.628425Z","level":"info","event":"{'name': 'David Nail', 'id': '4DZGvSv2oMkBUnPz67E6z6', 'url': 'https://open.spotify.com/artist/4DZGvSv2oMkBUnPz67E6z6'}","chan":"stdout","logger":"task"}
{"timestamp":"2025-12-05T07:50:02.634787Z","level":"info","event":"https://musicbrainz.org/ws/2/url?resource=https://open.spotify.com/artist/4DZGvSv2oMkBUnPz67E6z6&inc=artist-rels&fmt=json","chan":"stdout","logger":"task"}
{"timestamp":"2025-12-05T07:50:02.753646Z","level":"info","event":"https://musicbrainz.org/ws/2/artist/a73662ac-647d-4ca4-b26d-162a0d5c5a8e?inc=tags&fmt=json","chan":"stdout","logger":"task"}
{"timestamp":"2025-12-05T07:50:03.877474Z","level":"info","event":"{'name': 'Sarah Buxton', 'id': '2xTlb6eueddQmWsxImpDbP', 'url': 'https://open.spotify.com/artist/2xTlb6eueddQmWsxImpDbP'}","chan":"stdout","logger":"task"}
{"timestamp":"2025-12-05T07:50:03.880237Z","level":"info","event":"https://musicbrainz.org/ws/2/url?resource=https://open.spotify.com/artist/2xTlb6eueddQmWsxImpDbP&inc=artist-rels&fmt=json","chan":"stdout","logger":"task"}
{"timestamp":"2025-12-05T07:50:04.003866Z","level":"info","event":"https://musicbrainz.org/ws/2/artist/70462fb1-10ea-4f1f-8b35-84cf96d1740d?inc=tags&fmt=json","chan":"stdout","logger":"task"}
{"timestamp":"2025-12-05T07:50:05.123970Z","level":"info","event":"{'name': 'Sia', 'id': '5WUlDfRSoLAfcVSX1WnrxN', 'url': 'https://open.spotify.com/artist/5WUlDfRSoLAfcVSX1WnrxN'}","chan":"stdout","logger":"task"}
{"timestamp":"2025-12-05T07:50:05.125047Z","level":"info","event":"https://musicbrainz.org/ws/2/url?resource=https://open.spotify.com/artist/5WUlDfRSoLAfcVSX1WnrxN&inc=artist-rels&fmt=json","chan":"stdout","logger":"task"}
{"timestamp":"2025-12-05T07:50:05.616979Z","level":"info","event":"https://musicbrainz.org/ws/2/artist/2f548675-008d-4332-876c-108b0c7ab9c5?inc=tags&fmt=json","chan":"stdout","logger":"task"}
{"timestamp":"2025-12-05T07:50:06.827322Z","level":"info","event":"{'name': 'The Band Perry', 'id': '75FnCoo4FBxH5K1Rrx0k5A', 'url': 'https://open.spotify.com/artist/75FnCoo4FBxH5K1Rrx0k5A'}","chan":"stdout","logger":"task"}
{"timestamp":"2025-12-05T07:50:06.829028Z","level":"info","event":"https://musicbrainz.org/ws/2/url?resource=https://open.spotify.com/artist/75FnCoo4FBxH5K1Rrx0k5A&inc=artist-rels&fmt=json","chan":"stdout","logger":"task"}
{"timestamp":"2025-12-05T07:50:06.948242Z","level":"info","event":"https://musicbrainz.org/ws/2/artist/28955336-2348-488a-9381-e3a7b0107343?inc=tags&fmt=json","chan":"stdout","logger":"task"}
{"timestamp":"2025-12-05T07:50:08.261219Z","level":"info","event":"{'name': 'Chris Young', 'id': '4BYxqVkZyFjtik7crYLg5Q', 'url': 'https://open.spotify.com/artist/4BYxqVkZyFjtik7crYLg5Q'}","chan":"stdout","logger":"task"}
{"timestamp":"2025-12-05T07:50:08.262912Z","level":"info","event":"https://musicbrainz.org/ws/2/url?resource=https://open.spotify.com/artist/4BYxqVkZyFjtik7crYLg5Q&inc=artist-rels&fmt=json","chan":"stdout","logger":"task"}
{"timestamp":"2025-12-05T07:50:08.383232Z","level":"info","event":"https://musicbrainz.org/ws/2/artist/86de027e-097d-41b1-9b97-c0a69379ff4b?inc=tags&fmt=json","chan":"stdout","logger":"task"}
{"timestamp":"2025-12-05T07:50:09.508948Z","level":"info","event":"{'name': 'Jeezy', 'id': '4yBK75WVCQXej1p04GWqxH', 'url': 'https://open.spotify.com/artist/4yBK75WVCQXej1p04GWqxH'}","chan":"stdout","logger":"task"}
{"timestamp":"2025-12-05T07:50:09.512106Z","level":"info","event":"https://musicbrainz.org/ws/2/url?resource=https://open.spotify.com/artist/4yBK75WVCQXej1p04GWqxH&inc=artist-rels&fmt=json","chan":"stdout","logger":"task"}
{"timestamp":"2025-12-05T07:50:09.666028Z","level":"info","event":"https://musicbrainz.org/ws/2/artist/dcad99e7-3c3e-4c78-bf8a-68203e17da48?inc=tags&fmt=json","chan":"stdout","logger":"task"}
{"timestamp":"2025-12-05T07:50:10.931169Z","level":"info","event":"{'name': 'Colbie Caillat', 'id': '6aZyMrc4doVtZyKNilOmwu', 'url': 'https://open.spotify.com/artist/6aZyMrc4doVtZyKNilOmwu'}","chan":"stdout","logger":"task"}
{"timestamp":"2025-12-05T07:50:10.932906Z","level":"info","event":"https://musicbrainz.org/ws/2/url?resource=https://open.spotify.com/artist/6aZyMrc4doVtZyKNilOmwu&inc=artist-rels&fmt=json","chan":"stdout","logger":"task"}
{"timestamp":"2025-12-05T07:50:11.038391Z","level":"info","event":"https://musicbrainz.org/ws/2/artist/efc8a006-d0c6-4a9b-8cb1-91ca770fa2b9?inc=tags&fmt=json","chan":"stdout","logger":"task"}
{"timestamp":"2025-12-05T07:50:12.149173Z","level":"info","event":"{'name': 'The Fray', 'id': '0zOcE3mg9nS6l3yxt1Y0bK', 'url': 'https://open.spotify.com/artist/0zOcE3mg9nS6l3yxt1Y0bK'}","chan":"stdout","logger":"task"}
{"timestamp":"2025-12-05T07:50:12.149684Z","level":"info","event":"https://musicbrainz.org/ws/2/url?resource=https://open.spotify.com/artist/0zOcE3mg9nS6l3yxt1Y0bK&inc=artist-rels&fmt=json","chan":"stdout","logger":"task"}
{"timestamp":"2025-12-05T07:50:12.270791Z","level":"info","event":"https://musicbrainz.org/ws/2/artist/2ddd167f-5b8a-4372-b350-6ad50493bac0?inc=tags&fmt=json","chan":"stdout","logger":"task"}
{"timestamp":"2025-12-05T07:50:13.392912Z","level":"info","event":"{'name': 'Beyoncé', 'id': '6vWDO969PvNqNYHIOW5v0m', 'url': 'https://open.spotify.com/artist/6vWDO969PvNqNYHIOW5v0m'}","chan":"stdout","logger":"task"}
{"timestamp":"2025-12-05T07:50:13.395906Z","level":"info","event":"https://musicbrainz.org/ws/2/url?resource=https://open.spotify.com/artist/6vWDO969PvNqNYHIOW5v0m&inc=artist-rels&fmt=json","chan":"stdout","logger":"task"}
{"timestamp":"2025-12-05T07:50:13.517929Z","level":"info","event":"https://musicbrainz.org/ws/2/artist/859d0860-d480-4efd-970c-c05d5f1776b8?inc=tags&fmt=json","chan":"stdout","logger":"task"}
{"timestamp":"2025-12-05T07:50:14.624616Z","level":"info","event":"{'name': 'André 3000', 'id': '74V3dE1a51skRkdII8y2C6', 'url': 'https://open.spotify.com/artist/74V3dE1a51skRkdII8y2C6'}","chan":"stdout","logger":"task"}
{"timestamp":"2025-12-05T07:50:14.628815Z","level":"info","event":"https://musicbrainz.org/ws/2/url?resource=https://open.spotify.com/artist/74V3dE1a51skRkdII8y2C6&inc=artist-rels&fmt=json","chan":"stdout","logger":"task"}
{"timestamp":"2025-12-05T07:50:14.738508Z","level":"info","event":"https://musicbrainz.org/ws/2/artist/f563a1a9-069b-41ed-8b3b-e1b1a6f5b34b?inc=tags&fmt=json","chan":"stdout","logger":"task"}
{"timestamp":"2025-12-05T07:50:15.851398Z","level":"info","event":"{'name': 'Nickelback', 'id': '6deZN1bslXzeGvOLaLMOIF', 'url': 'https://open.spotify.com/artist/6deZN1bslXzeGvOLaLMOIF'}","chan":"stdout","logger":"task"}
{"timestamp":"2025-12-05T07:50:15.852833Z","level":"info","event":"https://musicbrainz.org/ws/2/url?resource=https://open.spotify.com/artist/6deZN1bslXzeGvOLaLMOIF&inc=artist-rels&fmt=json","chan":"stdout","logger":"task"}
{"timestamp":"2025-12-05T07:50:15.961495Z","level":"info","event":"https://musicbrainz.org/ws/2/artist/bc710bcf-8815-42cf-bad2-3f1d12246aeb?inc=tags&fmt=json","chan":"stdout","logger":"task"}
{"timestamp":"2025-12-05T07:50:17.080434Z","level":"info","event":"{'name': 'Trey Songz', 'id': '2iojnBLj0qIMiKPvVhLnsH', 'url': 'https://open.spotify.com/artist/2iojnBLj0qIMiKPvVhLnsH'}","chan":"stdout","logger":"task"}
{"timestamp":"2025-12-05T07:50:17.086580Z","level":"info","event":"https://musicbrainz.org/ws/2/url?resource=https://open.spotify.com/artist/2iojnBLj0qIMiKPvVhLnsH&inc=artist-rels&fmt=json","chan":"stdout","logger":"task"}
{"timestamp":"2025-12-05T07:50:17.219379Z","level":"info","event":"https://musicbrainz.org/ws/2/artist/4d7304f6-7fe3-4959-9d98-01a5af84afe6?inc=tags&fmt=json","chan":"stdout","logger":"task"}
{"timestamp":"2025-12-05T07:50:18.347918Z","level":"info","event":"{'name': 'Avril Lavigne', 'id': '0p4nmQO2msCgU4IF37Wi3j', 'url': 'https://open.spotify.com/artist/0p4nmQO2msCgU4IF37Wi3j'}","chan":"stdout","logger":"task"}
{"timestamp":"2025-12-05T07:50:18.351797Z","level":"info","event":"https://musicbrainz.org/ws/2/url?resource=https://open.spotify.com/artist/0p4nmQO2msCgU4IF37Wi3j&inc=artist-rels&fmt=json","chan":"stdout","logger":"task"}
{"timestamp":"2025-12-05T07:50:18.467171Z","level":"info","event":"https://musicbrainz.org/ws/2/artist/0103c1cc-4a09-4a5d-a344-56ad99a77193?inc=tags&fmt=json","chan":"stdout","logger":"task"}
{"timestamp":"2025-12-05T07:50:18.591995Z","level":"info","event":"Rate limit hit. Retrying in 1s...","chan":"stdout","logger":"task"}
{"timestamp":"2025-12-05T07:50:20.714404Z","level":"info","event":"{'name': 'Skrillex', 'id': '5he5w2lnU9x7JFhnwcekXX', 'url': 'https://open.spotify.com/artist/5he5w2lnU9x7JFhnwcekXX'}","chan":"stdout","logger":"task"}
{"timestamp":"2025-12-05T07:50:20.715624Z","level":"info","event":"https://musicbrainz.org/ws/2/url?resource=https://open.spotify.com/artist/5he5w2lnU9x7JFhnwcekXX&inc=artist-rels&fmt=json","chan":"stdout","logger":"task"}
{"timestamp":"2025-12-05T07:50:20.965908Z","level":"info","event":"https://musicbrainz.org/ws/2/artist/ae002c5d-aac6-490b-a39a-30aa9e2edf2b?inc=tags&fmt=json","chan":"stdout","logger":"task"}
{"timestamp":"2025-12-05T07:50:22.121052Z","level":"info","event":"{'name': 'Rick Ross', 'id': '1sBkRIssrMs1AbVkOJbc7a', 'url': 'https://open.spotify.com/artist/1sBkRIssrMs1AbVkOJbc7a'}","chan":"stdout","logger":"task"}
{"timestamp":"2025-12-05T07:50:22.125930Z","level":"info","event":"https://musicbrainz.org/ws/2/url?resource=https://open.spotify.com/artist/1sBkRIssrMs1AbVkOJbc7a&inc=artist-rels&fmt=json","chan":"stdout","logger":"task"}
{"timestamp":"2025-12-05T07:50:22.234673Z","level":"info","event":"https://musicbrainz.org/ws/2/artist/13bcb2bb-db37-4397-baf5-e0f085be2d64?inc=tags&fmt=json","chan":"stdout","logger":"task"}
{"timestamp":"2025-12-05T07:50:23.362384Z","level":"info","event":"{'name': 'Avicii', 'id': '1vCWHaC5f2uS3yhpwWbIA6', 'url': 'https://open.spotify.com/artist/1vCWHaC5f2uS3yhpwWbIA6'}","chan":"stdout","logger":"task"}
{"timestamp":"2025-12-05T07:50:23.364808Z","level":"info","event":"https://musicbrainz.org/ws/2/url?resource=https://open.spotify.com/artist/1vCWHaC5f2uS3yhpwWbIA6&inc=artist-rels&fmt=json","chan":"stdout","logger":"task"}
{"timestamp":"2025-12-05T07:50:23.482982Z","level":"info","event":"https://musicbrainz.org/ws/2/artist/c85cfd6b-b1e9-4a50-bd55-eb725f04f7d5?inc=tags&fmt=json","chan":"stdout","logger":"task"}
{"timestamp":"2025-12-05T07:50:24.608402Z","level":"info","event":"{'name': 'Justin Moore', 'id': '30e8DmahrEamvLbFRPdWmk', 'url': 'https://open.spotify.com/artist/30e8DmahrEamvLbFRPdWmk'}","chan":"stdout","logger":"task"}
{"timestamp":"2025-12-05T07:50:24.610660Z","level":"info","event":"https://musicbrainz.org/ws/2/url?resource=https://open.spotify.com/artist/30e8DmahrEamvLbFRPdWmk&inc=artist-rels&fmt=json","chan":"stdout","logger":"task"}
{"timestamp":"2025-12-05T07:50:24.732223Z","level":"info","event":"https://musicbrainz.org/ws/2/artist/ab5d785b-ff87-48b5-b9e1-027e3c21ec0d?inc=tags&fmt=json","chan":"stdout","logger":"task"}
{"timestamp":"2025-12-05T07:50:25.945863Z","level":"info","event":"{'name': 'Mac Miller', 'id': '4LLpKhyESsyAXpc4laK94U', 'url': 'https://open.spotify.com/artist/4LLpKhyESsyAXpc4laK94U'}","chan":"stdout","logger":"task"}
{"timestamp":"2025-12-05T07:50:25.949823Z","level":"info","event":"https://musicbrainz.org/ws/2/url?resource=https://open.spotify.com/artist/4LLpKhyESsyAXpc4laK94U&inc=artist-rels&fmt=json","chan":"stdout","logger":"task"}
{"timestamp":"2025-12-05T07:50:26.125781Z","level":"info","event":"https://musicbrainz.org/ws/2/artist/a0e8a1b1-5f8f-475a-a253-17415c17d0ff?inc=tags&fmt=json","chan":"stdout","logger":"task"}
{"timestamp":"2025-12-05T07:50:27.312268Z","level":"info","event":"{'name': 'Adam Lambert', 'id': '6prmLEyn4LfHlD9NnXWlf7', 'url': 'https://open.spotify.com/artist/6prmLEyn4LfHlD9NnXWlf7'}","chan":"stdout","logger":"task"}
{"timestamp":"2025-12-05T07:50:27.324886Z","level":"info","event":"https://musicbrainz.org/ws/2/url?resource=https://open.spotify.com/artist/6prmLEyn4LfHlD9NnXWlf7&inc=artist-rels&fmt=json","chan":"stdout","logger":"task"}
{"timestamp":"2025-12-05T07:50:27.560147Z","level":"info","event":"https://musicbrainz.org/ws/2/artist/e942594a-91cc-427a-8beb-6815c28e9254?inc=tags&fmt=json","chan":"stdout","logger":"task"}
{"timestamp":"2025-12-05T07:50:28.748805Z","level":"info","event":"{'name': 'Jake Owen', 'id': '1n2pb9Tsfe4SwAjmUac6YT', 'url': 'https://open.spotify.com/artist/1n2pb9Tsfe4SwAjmUac6YT'}","chan":"stdout","logger":"task"}
{"timestamp":"2025-12-05T07:50:28.750162Z","level":"info","event":"https://musicbrainz.org/ws/2/url?resource=https://open.spotify.com/artist/1n2pb9Tsfe4SwAjmUac6YT&inc=artist-rels&fmt=json","chan":"stdout","logger":"task"}
{"timestamp":"2025-12-05T07:50:28.854305Z","level":"info","event":"https://musicbrainz.org/ws/2/artist/508f4f83-26dc-4d21-98d9-1a8c04d5ad4a?inc=tags&fmt=json","chan":"stdout","logger":"task"}
{"timestamp":"2025-12-05T07:50:30.013263Z","level":"info","event":"{'name': 'Martina McBride', 'id': '3P33qFNGBVXl86yQYWspFj', 'url': 'https://open.spotify.com/artist/3P33qFNGBVXl86yQYWspFj'}","chan":"stdout","logger":"task"}
{"timestamp":"2025-12-05T07:50:30.013521Z","level":"info","event":"https://musicbrainz.org/ws/2/url?resource=https://open.spotify.com/artist/3P33qFNGBVXl86yQYWspFj&inc=artist-rels&fmt=json","chan":"stdout","logger":"task"}
{"timestamp":"2025-12-05T07:50:30.122380Z","level":"info","event":"https://musicbrainz.org/ws/2/artist/b0a55bd8-60c7-45c1-b78e-f20e4c8adba1?inc=tags&fmt=json","chan":"stdout","logger":"task"}
{"timestamp":"2025-12-05T07:50:31.236878Z","level":"info","event":"{'name': 'The Black Keys', 'id': '7mnBLXK823vNxN3UWB7Gfz', 'url': 'https://open.spotify.com/artist/7mnBLXK823vNxN3UWB7Gfz'}","chan":"stdout","logger":"task"}
{"timestamp":"2025-12-05T07:50:31.238118Z","level":"info","event":"https://musicbrainz.org/ws/2/url?resource=https://open.spotify.com/artist/7mnBLXK823vNxN3UWB7Gfz&inc=artist-rels&fmt=json","chan":"stdout","logger":"task"}
{"timestamp":"2025-12-05T07:50:31.349404Z","level":"info","event":"https://musicbrainz.org/ws/2/artist/d15721d8-56b4-453d-b506-fc915b14cba2?inc=tags&fmt=json","chan":"stdout","logger":"task"}
{"timestamp":"2025-12-05T07:50:32.471955Z","level":"info","event":"{'name': 'Neon Hitch', 'id': '2TnJ7VOpGzjtKUn0ObpEYe', 'url': 'https://open.spotify.com/artist/2TnJ7VOpGzjtKUn0ObpEYe'}","chan":"stdout","logger":"task"}
{"timestamp":"2025-12-05T07:50:32.474111Z","level":"info","event":"https://musicbrainz.org/ws/2/url?resource=https://open.spotify.com/artist/2TnJ7VOpGzjtKUn0ObpEYe&inc=artist-rels&fmt=json","chan":"stdout","logger":"task"}
{"timestamp":"2025-12-05T07:50:32.703968Z","level":"info","event":"https://musicbrainz.org/ws/2/artist/8386d976-933e-454c-8364-63f75dd7b7e2?inc=tags&fmt=json","chan":"stdout","logger":"task"}
{"timestamp":"2025-12-05T07:50:33.868807Z","level":"info","event":"{'name': 'Hunter Hayes', 'id': '7H6dkUChT5EoOQtUVMg4cN', 'url': 'https://open.spotify.com/artist/7H6dkUChT5EoOQtUVMg4cN'}","chan":"stdout","logger":"task"}
{"timestamp":"2025-12-05T07:50:33.878284Z","level":"info","event":"https://musicbrainz.org/ws/2/url?resource=https://open.spotify.com/artist/7H6dkUChT5EoOQtUVMg4cN&inc=artist-rels&fmt=json","chan":"stdout","logger":"task"}
{"timestamp":"2025-12-05T07:50:34.003523Z","level":"info","event":"https://musicbrainz.org/ws/2/artist/0c75ddc6-2b5d-4b01-8c99-3d9479a14683?inc=tags&fmt=json","chan":"stdout","logger":"task"}
{"timestamp":"2025-12-05T07:50:35.127019Z","level":"info","event":"{'name': 'Busta Rhymes', 'id': '1YfEcTuGvBQ8xSD1f53UnK', 'url': 'https://open.spotify.com/artist/1YfEcTuGvBQ8xSD1f53UnK'}","chan":"stdout","logger":"task"}
{"timestamp":"2025-12-05T07:50:35.141840Z","level":"info","event":"https://musicbrainz.org/ws/2/url?resource=https://open.spotify.com/artist/1YfEcTuGvBQ8xSD1f53UnK&inc=artist-rels&fmt=json","chan":"stdout","logger":"task"}
{"timestamp":"2025-12-05T07:50:35.347759Z","level":"info","event":"https://musicbrainz.org/ws/2/artist/10a9ff92-9637-4498-afea-7044b2ab0dc0?inc=tags&fmt=json","chan":"stdout","logger":"task"}
{"timestamp":"2025-12-05T07:50:36.551213Z","level":"info","event":"{'name': 'The Script', 'id': '3AQRLZ9PuTAozP28Skbq8V', 'url': 'https://open.spotify.com/artist/3AQRLZ9PuTAozP28Skbq8V'}","chan":"stdout","logger":"task"}
{"timestamp":"2025-12-05T07:50:36.556611Z","level":"info","event":"https://musicbrainz.org/ws/2/url?resource=https://open.spotify.com/artist/3AQRLZ9PuTAozP28Skbq8V&inc=artist-rels&fmt=json","chan":"stdout","logger":"task"}
{"timestamp":"2025-12-05T07:50:36.666477Z","level":"info","event":"https://musicbrainz.org/ws/2/artist/4c98aa1b-34eb-4336-987f-5e50aa059c00?inc=tags&fmt=json","chan":"stdout","logger":"task"}
{"timestamp":"2025-12-05T07:50:37.776813Z","level":"info","event":"{'name': 'Miranda Lambert', 'id': '66lH4jAE7pqPlOlzUKbwA0', 'url': 'https://open.spotify.com/artist/66lH4jAE7pqPlOlzUKbwA0'}","chan":"stdout","logger":"task"}
{"timestamp":"2025-12-05T07:50:37.777209Z","level":"info","event":"https://musicbrainz.org/ws/2/url?resource=https://open.spotify.com/artist/66lH4jAE7pqPlOlzUKbwA0&inc=artist-rels&fmt=json","chan":"stdout","logger":"task"}
{"timestamp":"2025-12-05T07:50:37.890818Z","level":"info","event":"https://musicbrainz.org/ws/2/artist/4eca1aa0-c79f-481b-af8a-4a2d6c41aa5c?inc=tags&fmt=json","chan":"stdout","logger":"task"}
{"timestamp":"2025-12-05T07:50:39.031041Z","level":"info","event":"{'name': 'Kevin McCall', 'id': '2teIxF2qgr0rYmTTMKiZ7s', 'url': 'https://open.spotify.com/artist/2teIxF2qgr0rYmTTMKiZ7s'}","chan":"stdout","logger":"task"}
{"timestamp":"2025-12-05T07:50:39.035223Z","level":"info","event":"https://musicbrainz.org/ws/2/url?resource=https://open.spotify.com/artist/2teIxF2qgr0rYmTTMKiZ7s&inc=artist-rels&fmt=json","chan":"stdout","logger":"task"}
{"timestamp":"2025-12-05T07:50:39.186080Z","level":"info","event":"https://musicbrainz.org/ws/2/artist/727105fb-1a82-423f-9b3c-e29c7ea0fb4c?inc=tags&fmt=json","chan":"stdout","logger":"task"}
{"timestamp":"2025-12-05T07:50:39.291356Z","level":"info","event":"Rate limit hit. Retrying in 1s...","chan":"stdout","logger":"task"}
{"timestamp":"2025-12-05T07:50:41.509609Z","level":"info","event":"{'name': 'Roscoe Dash', 'id': '0bfX8pF8kuHNCs57Ms4jZb', 'url': 'https://open.spotify.com/artist/0bfX8pF8kuHNCs57Ms4jZb'}","chan":"stdout","logger":"task"}
{"timestamp":"2025-12-05T07:50:41.517409Z","level":"info","event":"https://musicbrainz.org/ws/2/url?resource=https://open.spotify.com/artist/0bfX8pF8kuHNCs57Ms4jZb&inc=artist-rels&fmt=json","chan":"stdout","logger":"task"}
{"timestamp":"2025-12-05T07:50:41.677726Z","level":"info","event":"https://musicbrainz.org/ws/2/artist/2d79c678-e9e6-4456-a941-8ca436747a43?inc=tags&fmt=json","chan":"stdout","logger":"task"}
{"timestamp":"2025-12-05T07:50:42.791517Z","level":"info","event":"{'name': 'V.I.C.', 'id': '49mHZzhcsoQB1JXWv8Q9gU', 'url': 'https://open.spotify.com/artist/49mHZzhcsoQB1JXWv8Q9gU'}","chan":"stdout","logger":"task"}
{"timestamp":"2025-12-05T07:50:42.795078Z","level":"info","event":"https://musicbrainz.org/ws/2/url?resource=https://open.spotify.com/artist/49mHZzhcsoQB1JXWv8Q9gU&inc=artist-rels&fmt=json","chan":"stdout","logger":"task"}
{"timestamp":"2025-12-05T07:50:42.924727Z","level":"info","event":"HTTP 404: Not Found","chan":"stdout","logger":"task"}
{"timestamp":"2025-12-05T07:50:42.924933Z","level":"info","event":"unable to get mbid for https://open.spotify.com/artist/49mHZzhcsoQB1JXWv8Q9gU","chan":"stdout","logger":"task"}
{"timestamp":"2025-12-05T07:50:43.928822Z","level":"info","event":"{'name': 'Dierks Bentley', 'id': '7x8nK0m0cP2ksQf0mjWdPS', 'url': 'https://open.spotify.com/artist/7x8nK0m0cP2ksQf0mjWdPS'}","chan":"stdout","logger":"task"}
{"timestamp":"2025-12-05T07:50:43.937621Z","level":"info","event":"https://musicbrainz.org/ws/2/url?resource=https://open.spotify.com/artist/7x8nK0m0cP2ksQf0mjWdPS&inc=artist-rels&fmt=json","chan":"stdout","logger":"task"}
{"timestamp":"2025-12-05T07:50:44.064681Z","level":"info","event":"https://musicbrainz.org/ws/2/artist/6bd7faa9-601f-44db-a2a6-239209f83156?inc=tags&fmt=json","chan":"stdout","logger":"task"}
{"timestamp":"2025-12-05T07:50:45.185890Z","level":"info","event":"{'name': 'Florence + The Machine', 'id': '1moxjboGR7GNWYIMWsRjgG', 'url': 'https://open.spotify.com/artist/1moxjboGR7GNWYIMWsRjgG'}","chan":"stdout","logger":"task"}
{"timestamp":"2025-12-05T07:50:45.187601Z","level":"info","event":"https://musicbrainz.org/ws/2/url?resource=https://open.spotify.com/artist/1moxjboGR7GNWYIMWsRjgG&inc=artist-rels&fmt=json","chan":"stdout","logger":"task"}
{"timestamp":"2025-12-05T07:50:45.298586Z","level":"info","event":"https://musicbrainz.org/ws/2/artist/5fee3020-513b-48c2-b1f7-4681b01db0c6?inc=tags&fmt=json","chan":"stdout","logger":"task"}
{"timestamp":"2025-12-05T07:50:46.403863Z","level":"info","event":"{'name': 'AWOLNATION', 'id': '4njdEjTnLfcGImKZu1iSrz', 'url': 'https://open.spotify.com/artist/4njdEjTnLfcGImKZu1iSrz'}","chan":"stdout","logger":"task"}
{"timestamp":"2025-12-05T07:50:46.404236Z","level":"info","event":"https://musicbrainz.org/ws/2/url?resource=https://open.spotify.com/artist/4njdEjTnLfcGImKZu1iSrz&inc=artist-rels&fmt=json","chan":"stdout","logger":"task"}
{"timestamp":"2025-12-05T07:50:46.510537Z","level":"info","event":"https://musicbrainz.org/ws/2/artist/77b29df2-056e-409e-a1b2-5e2bbfe421c4?inc=tags&fmt=json","chan":"stdout","logger":"task"}
{"timestamp":"2025-12-05T07:50:47.619430Z","level":"info","event":"{'name': 'Brad Paisley', 'id': '13YmWQJFwgZrd4bf5IjMY4', 'url': 'https://open.spotify.com/artist/13YmWQJFwgZrd4bf5IjMY4'}","chan":"stdout","logger":"task"}
{"timestamp":"2025-12-05T07:50:47.620963Z","level":"info","event":"https://musicbrainz.org/ws/2/url?resource=https://open.spotify.com/artist/13YmWQJFwgZrd4bf5IjMY4&inc=artist-rels&fmt=json","chan":"stdout","logger":"task"}
{"timestamp":"2025-12-05T07:50:47.731971Z","level":"info","event":"https://musicbrainz.org/ws/2/artist/6cfd7ffc-824f-4219-8e27-4b9417700f44?inc=tags&fmt=json","chan":"stdout","logger":"task"}
{"timestamp":"2025-12-05T07:50:48.874928Z","level":"info","event":"{'name': 'Jeremih', 'id': '3KV3p5EY4AvKxOlhGHORLg', 'url': 'https://open.spotify.com/artist/3KV3p5EY4AvKxOlhGHORLg'}","chan":"stdout","logger":"task"}
{"timestamp":"2025-12-05T07:50:48.881734Z","level":"info","event":"https://musicbrainz.org/ws/2/url?resource=https://open.spotify.com/artist/3KV3p5EY4AvKxOlhGHORLg&inc=artist-rels&fmt=json","chan":"stdout","logger":"task"}
{"timestamp":"2025-12-05T07:50:49.019192Z","level":"info","event":"https://musicbrainz.org/ws/2/artist/1c009a08-74d1-4682-bc56-8bfbe9e66b62?inc=tags&fmt=json","chan":"stdout","logger":"task"}
{"timestamp":"2025-12-05T07:50:50.229279Z","level":"info","event":"{'name': 'Glee Cast', 'id': '0SCbttzoZTnLFebDYmAWCm', 'url': 'https://open.spotify.com/artist/0SCbttzoZTnLFebDYmAWCm'}","chan":"stdout","logger":"task"}
{"timestamp":"2025-12-05T07:50:50.233136Z","level":"info","event":"https://musicbrainz.org/ws/2/url?resource=https://open.spotify.com/artist/0SCbttzoZTnLFebDYmAWCm&inc=artist-rels&fmt=json","chan":"stdout","logger":"task"}
{"timestamp":"2025-12-05T07:50:50.341520Z","level":"info","event":"https://musicbrainz.org/ws/2/artist/29542149-a818-4167-aa91-439adc9d61f5?inc=tags&fmt=json","chan":"stdout","logger":"task"}
{"timestamp":"2025-12-05T07:50:51.454252Z","level":"info","event":"Fetching audio details for 100 songs...","chan":"stdout","logger":"task"}
{"timestamp":"2025-12-05T07:50:51.454601Z","level":"info","event":"  Fetching batch 1/3 (40 songs)...","chan":"stdout","logger":"task"}
{"timestamp":"2025-12-05T07:50:52.522430Z","level":"info","event":"  Retrieved 26 song details","chan":"stdout","logger":"task"}
{"timestamp":"2025-12-05T07:50:54.529779Z","level":"info","event":"  Fetching batch 2/3 (40 songs)...","chan":"stdout","logger":"task"}
{"timestamp":"2025-12-05T07:50:55.620188Z","level":"info","event":"  Retrieved 29 song details","chan":"stdout","logger":"task"}
{"timestamp":"2025-12-05T07:50:57.621123Z","level":"info","event":"  Fetching batch 3/3 (20 songs)...","chan":"stdout","logger":"task"}
{"timestamp":"2025-12-05T07:50:58.682149Z","level":"info","event":"  Retrieved 12 song details","chan":"stdout","logger":"task"}
{"timestamp":"2025-12-05T07:50:58.683434Z","level":"info","event":"Fetching audio analysis for 67 songs...","chan":"stdout","logger":"task"}
{"timestamp":"2025-12-05T07:51:09.011908Z","level":"info","event":"  Processing audio analysis 10/67...","chan":"stdout","logger":"task"}
{"timestamp":"2025-12-05T07:51:20.984278Z","level":"info","event":"  Processing audio analysis 20/67...","chan":"stdout","logger":"task"}
{"timestamp":"2025-12-05T07:51:32.962371Z","level":"info","event":"  Processing audio analysis 30/67...","chan":"stdout","logger":"task"}
{"timestamp":"2025-12-05T07:51:45.761577Z","level":"info","event":"  Processing audio analysis 40/67...","chan":"stdout","logger":"task"}
{"timestamp":"2025-12-05T07:51:56.061899Z","level":"info","event":"  Processing audio analysis 50/67...","chan":"stdout","logger":"task"}
{"timestamp":"2025-12-05T07:52:07.056503Z","level":"info","event":"  Processing audio analysis 60/67...","chan":"stdout","logger":"task"}
{"timestamp":"2025-12-05T07:52:15.771002Z","level":"info","event":"Completed fetching audio details for 67 songs","chan":"stdout","logger":"task"}
{"timestamp":"2025-12-05T07:52:15.819123Z","level":"info","event":"DEBUG: DATABASE_URL value: postgresql+psycopg2:****@postgres/music_warehouse","chan":"stdout","logger":"task"}
{"timestamp":"2025-12-05T07:52:15.867795Z","level":"info","event":"TYPE OF ENGINE: <class 'sqlalchemy.engine.base.Engine'>","chan":"stdout","logger":"task"}
{"timestamp":"2025-12-05T07:52:15.868179Z","level":"info","event":"ENGINE DIR: ['__class__', '__delattr__', '__dict__', '__dir__', '__doc__', '__eq__', '__format__', '__ge__', '__getattribute__', '__getstate__', '__gt__', '__hash__', '__init__', '__init_subclass__', '__le__', '__lt__', '__module__', '__ne__', '__new__', '__reduce__', '__reduce_ex__', '__repr__', '__setattr__', '__sizeof__', '__str__', '__subclasshook__', '__weakref__', '_compiled_cache', '_connection_cls', '_echo', '_execute_clauseelement', '_execute_compiled', '_execute_default', '_execution_options', '_has_events', '_is_future', '_lru_size_alert', '_option_cls', '_optional_conn_ctx_manager', '_run_ddl_visitor', '_run_visitor', '_schema_translate_map', '_should_log_debug', '_should_log_info', '_sqla_logger_namespace', '_trans_ctx', '_wrap_pool_connect', 'begin', 'clear_compiled_cache', 'connect', 'dialect', 'dispatch', 'dispose', 'driver', 'echo', 'engine', 'execute', 'execution_options', 'get_execution_options', 'has_table', 'hide_parameters', 'logger', 'logging_name', 'name', 'pool', 'raw_connection', 'run_callable', 'scalar', 'table_names', 'transaction', 'update_execution_options', 'url']","chan":"stdout","logger":"task"}
{"timestamp":"2025-12-05T07:52:15.868339Z","level":"info","event":"IS SQLALCHEMY ENGINE: True","chan":"stdout","logger":"task"}
{"timestamp":"2025-12-05T07:52:15.868437Z","level":"info","event":"Database connection successful","chan":"stdout","logger":"task"}
{"timestamp":"2025-12-05T07:52:15.868509Z","level":"info","event":"Loading chart_weeks (1 rows)...","chan":"stdout","logger":"task"}
{"timestamp":"2025-12-05T07:52:15.892266Z","level":"info","event":"  Exported CSV to data_exports/chart_weeks.csv","chan":"stdout","logger":"task"}
{"timestamp":"2025-12-05T07:52:15.893355Z","level":"info","event":"Loading songs (100 rows)...","chan":"stdout","logger":"task"}
{"timestamp":"2025-12-05T07:52:15.914016Z","level":"info","event":"  Exported CSV to data_exports/songs.csv","chan":"stdout","logger":"task"}
{"timestamp":"2025-12-05T07:52:15.914168Z","level":"info","event":"Loading artists (99 rows)...","chan":"stdout","logger":"task"}
{"timestamp":"2025-12-05T07:52:15.921899Z","level":"info","event":"  Exported CSV to data_exports/artists.csv","chan":"stdout","logger":"task"}
{"timestamp":"2025-12-05T07:52:15.922403Z","level":"info","event":"Loading song_artists (141 rows)...","chan":"stdout","logger":"task"}
{"timestamp":"2025-12-05T07:52:15.931777Z","level":"info","event":"  Exported CSV to data_exports/song_artists.csv","chan":"stdout","logger":"task"}
{"timestamp":"2025-12-05T07:52:15.932565Z","level":"info","event":"Loading chart_entries (100 rows)...","chan":"stdout","logger":"task"}
{"timestamp":"2025-12-05T07:52:15.945890Z","level":"info","event":"  Exported CSV to data_exports/chart_entries.csv","chan":"stdout","logger":"task"}
{"timestamp":"2025-12-05T07:52:15.946445","level":"info","event":"Done. Returned value was: None","logger":"airflow.task.operators.airflow.providers.standard.operators.python.PythonOperator"}
{"timestamp":"2025-12-05T07:52:16.003198Z","level":"info","event":"Task instance in success state","chan":"stdout","logger":"task"}
{"timestamp":"2025-12-05T07:52:16.003456Z","level":"info","event":" Previous state of the Task instance: TaskInstanceState.RUNNING","chan":"stdout","logger":"task"}
{"timestamp":"2025-12-05T07:52:16.003572Z","level":"info","event":"Task operator:<Task(PythonOperator): load_music_data>","chan":"stdout","logger":"task"}
