{"timestamp":"2025-12-05T20:46:47.630348","level":"info","event":"DAG bundles loaded: dags-folder, example_dags","logger":"airflow.dag_processing.bundles.manager.DagBundlesManager"}
{"timestamp":"2025-12-05T20:46:47.637002","level":"info","event":"Filling up the DagBag from /opt/airflow/dags/music_load_dag.py","logger":"airflow.models.dagbag.DagBag"}
{"timestamp":"2025-12-05T20:46:47.863618Z","level":"info","event":"postgresql+psycopg2://airflow:airflow@postgres/airflow","chan":"stdout","logger":"task"}
{"timestamp":"2025-12-05T20:46:47.972381Z","level":"info","event":"Task instance is in running state","chan":"stdout","logger":"task"}
{"timestamp":"2025-12-05T20:46:47.972720Z","level":"info","event":" Previous state of the Task instance: TaskInstanceState.QUEUED","chan":"stdout","logger":"task"}
{"timestamp":"2025-12-05T20:46:47.972827Z","level":"info","event":"Current task name:load_music_data","chan":"stdout","logger":"task"}
{"timestamp":"2025-12-05T20:46:47.972903Z","level":"info","event":"Dag name:weekly_music_pipeline","chan":"stdout","logger":"task"}
{"timestamp":"2025-12-05T20:47:21.308459Z","level":"info","event":"  Searching Spotify for 100 songs...","chan":"stdout","logger":"task"}
{"timestamp":"2025-12-05T20:47:21.319590Z","level":"info","event":"  Processing song 1/100: Somebody That I Used To Know by Gotye Featuring Kimbra","chan":"stdout","logger":"task"}
{"timestamp":"2025-12-05T20:47:22.247052Z","level":"info","event":"1","chan":"stdout","logger":"task"}
{"timestamp":"2025-12-05T20:47:23.409258Z","level":"info","event":"2","chan":"stdout","logger":"task"}
{"timestamp":"2025-12-05T20:47:24.661065Z","level":"info","event":"3","chan":"stdout","logger":"task"}
{"timestamp":"2025-12-05T20:47:25.940252Z","level":"info","event":"4","chan":"stdout","logger":"task"}
{"timestamp":"2025-12-05T20:47:26.745297Z","level":"info","event":"5","chan":"stdout","logger":"task"}
{"timestamp":"2025-12-05T20:47:27.916190Z","level":"info","event":"6","chan":"stdout","logger":"task"}
{"timestamp":"2025-12-05T20:47:29.049911Z","level":"info","event":"7","chan":"stdout","logger":"task"}
{"timestamp":"2025-12-05T20:47:30.251798Z","level":"info","event":"8","chan":"stdout","logger":"task"}
{"timestamp":"2025-12-05T20:47:31.246371Z","level":"info","event":"9","chan":"stdout","logger":"task"}
{"timestamp":"2025-12-05T20:47:31.255563Z","level":"info","event":"  Processing song 10/100: Stronger (What Doesn't Kill You) by Kelly Clarkson","chan":"stdout","logger":"task"}
{"timestamp":"2025-12-05T20:47:33.228361Z","level":"info","event":"10","chan":"stdout","logger":"task"}
{"timestamp":"2025-12-05T20:47:34.820230Z","level":"info","event":"11","chan":"stdout","logger":"task"}
{"timestamp":"2025-12-05T20:47:36.138666Z","level":"info","event":"12","chan":"stdout","logger":"task"}
{"timestamp":"2025-12-05T20:47:37.982525Z","level":"info","event":"13","chan":"stdout","logger":"task"}
{"timestamp":"2025-12-05T20:47:41.888838Z","level":"info","event":"14","chan":"stdout","logger":"task"}
{"timestamp":"2025-12-05T20:47:45.317292Z","level":"info","event":"15","chan":"stdout","logger":"task"}
{"timestamp":"2025-12-05T20:47:47.529527Z","level":"info","event":"16","chan":"stdout","logger":"task"}
{"timestamp":"2025-12-05T20:47:50.195210Z","level":"info","event":"17","chan":"stdout","logger":"task"}
{"timestamp":"2025-12-05T20:47:51.988798Z","level":"info","event":"18","chan":"stdout","logger":"task"}
{"timestamp":"2025-12-05T20:47:53.749711Z","level":"info","event":"19","chan":"stdout","logger":"task"}
{"timestamp":"2025-12-05T20:47:53.756264Z","level":"info","event":"  Processing song 20/100: Dance Again by Jennifer Lopez Featuring Pitbull","chan":"stdout","logger":"task"}
{"timestamp":"2025-12-05T20:47:55.389753Z","level":"info","event":"20","chan":"stdout","logger":"task"}
{"timestamp":"2025-12-05T20:47:56.772792Z","level":"info","event":"21","chan":"stdout","logger":"task"}
{"timestamp":"2025-12-05T20:47:58.231380Z","level":"info","event":"22","chan":"stdout","logger":"task"}
{"timestamp":"2025-12-05T20:48:00.171100Z","level":"info","event":"23","chan":"stdout","logger":"task"}
{"timestamp":"2025-12-05T20:48:01.809406Z","level":"info","event":"24","chan":"stdout","logger":"task"}
{"timestamp":"2025-12-05T20:48:04.098257Z","level":"info","event":"25","chan":"stdout","logger":"task"}
{"timestamp":"2025-12-05T20:48:06.579548Z","level":"info","event":"26","chan":"stdout","logger":"task"}
{"timestamp":"2025-12-05T20:48:09.817791Z","level":"info","event":"27","chan":"stdout","logger":"task"}
{"timestamp":"2025-12-05T20:48:12.562094Z","level":"info","event":"28","chan":"stdout","logger":"task"}
{"timestamp":"2025-12-05T20:48:15.996831Z","level":"info","event":"29","chan":"stdout","logger":"task"}
{"timestamp":"2025-12-05T20:48:16.013531Z","level":"info","event":"  Processing song 30/100: Back In Time by Pitbull","chan":"stdout","logger":"task"}
{"timestamp":"2025-12-05T20:48:19.073202Z","level":"info","event":"30","chan":"stdout","logger":"task"}
{"timestamp":"2025-12-05T20:48:22.623804Z","level":"info","event":"31","chan":"stdout","logger":"task"}
{"timestamp":"2025-12-05T20:48:26.903832Z","level":"info","event":"32","chan":"stdout","logger":"task"}
{"timestamp":"2025-12-05T20:48:31.050527Z","level":"info","event":"33","chan":"stdout","logger":"task"}
{"timestamp":"2025-12-05T20:48:34.476384Z","level":"info","event":"34","chan":"stdout","logger":"task"}
{"timestamp":"2025-12-05T20:48:37.442347Z","level":"info","event":"35","chan":"stdout","logger":"task"}
{"timestamp":"2025-12-05T20:48:40.524837Z","level":"info","event":"36","chan":"stdout","logger":"task"}
{"timestamp":"2025-12-05T20:48:43.042404Z","level":"info","event":"37","chan":"stdout","logger":"task"}
{"timestamp":"2025-12-05T20:48:46.169961Z","level":"info","event":"38","chan":"stdout","logger":"task"}
{"timestamp":"2025-12-05T20:48:50.880607Z","level":"info","event":"39","chan":"stdout","logger":"task"}
{"timestamp":"2025-12-05T20:48:50.930032Z","level":"info","event":"  Processing song 40/100: I Won't Give Up by Jason Mraz","chan":"stdout","logger":"task"}
{"timestamp":"2025-12-05T20:48:54.526793Z","level":"info","event":"40","chan":"stdout","logger":"task"}
{"timestamp":"2025-12-05T20:48:58.506506Z","level":"info","event":"41","chan":"stdout","logger":"task"}
{"timestamp":"2025-12-05T20:49:01.777182Z","level":"info","event":"42","chan":"stdout","logger":"task"}
{"timestamp":"2025-12-05T20:49:06.526200Z","level":"info","event":"43","chan":"stdout","logger":"task"}
{"timestamp":"2025-12-05T20:49:10.306644Z","level":"info","event":"44","chan":"stdout","logger":"task"}
{"timestamp":"2025-12-05T20:49:15.438881Z","level":"info","event":"45","chan":"stdout","logger":"task"}
{"timestamp":"2025-12-05T20:49:19.402637Z","level":"info","event":"46","chan":"stdout","logger":"task"}
{"timestamp":"2025-12-05T20:49:22.922803Z","level":"info","event":"47","chan":"stdout","logger":"task"}
{"timestamp":"2025-12-05T20:49:27.129630Z","level":"info","event":"48","chan":"stdout","logger":"task"}
{"timestamp":"2025-12-05T20:49:33.547259Z","level":"info","event":"49","chan":"stdout","logger":"task"}
{"timestamp":"2025-12-05T20:49:33.656468Z","level":"info","event":"  Processing song 50/100: UP! by LoveRance Featuring IamSu & Skipper or 50 Cent","chan":"stdout","logger":"task"}
{"timestamp":"2025-12-05T20:49:37.421060Z","level":"info","event":"50","chan":"stdout","logger":"task"}
{"timestamp":"2025-12-05T20:49:44.585312Z","level":"info","event":"51","chan":"stdout","logger":"task"}
{"timestamp":"2025-12-05T20:49:53.846454Z","level":"info","event":"52","chan":"stdout","logger":"task"}
{"timestamp":"2025-12-05T20:49:58.524161Z","level":"info","event":"53","chan":"stdout","logger":"task"}
{"timestamp":"2025-12-05T20:50:05.654707Z","level":"info","event":"54","chan":"stdout","logger":"task"}
{"timestamp":"2025-12-05T20:50:09.955936Z","level":"info","event":"55","chan":"stdout","logger":"task"}
{"timestamp":"2025-12-05T20:50:13.208814Z","level":"info","event":"56","chan":"stdout","logger":"task"}
{"timestamp":"2025-12-05T20:50:17.336688Z","level":"info","event":"57","chan":"stdout","logger":"task"}
{"timestamp":"2025-12-05T20:50:21.451537Z","level":"info","event":"58","chan":"stdout","logger":"task"}
{"timestamp":"2025-12-05T20:50:26.419348Z","level":"info","event":"59","chan":"stdout","logger":"task"}
{"timestamp":"2025-12-05T20:50:26.439436Z","level":"info","event":"  Processing song 60/100: Feel Like A Rock Star by Kenny Chesney & Tim McGraw","chan":"stdout","logger":"task"}
{"timestamp":"2025-12-05T20:50:33.588708Z","level":"info","event":"60","chan":"stdout","logger":"task"}
{"timestamp":"2025-12-05T20:50:36.726700Z","level":"info","event":"61","chan":"stdout","logger":"task"}
{"timestamp":"2025-12-05T20:50:41.164915Z","level":"info","event":"62","chan":"stdout","logger":"task"}
{"timestamp":"2025-12-05T20:50:44.869134Z","level":"info","event":"63","chan":"stdout","logger":"task"}
{"timestamp":"2025-12-05T20:50:47.490259Z","level":"info","event":"64","chan":"stdout","logger":"task"}
{"timestamp":"2025-12-05T20:50:52.370194Z","level":"info","event":"65","chan":"stdout","logger":"task"}
{"timestamp":"2025-12-05T20:50:58.597533Z","level":"info","event":"66","chan":"stdout","logger":"task"}
{"timestamp":"2025-12-05T20:51:01.810980Z","level":"info","event":"67","chan":"stdout","logger":"task"}
{"timestamp":"2025-12-05T20:51:07.678454Z","level":"info","event":"68","chan":"stdout","logger":"task"}
{"timestamp":"2025-12-05T20:51:09.638559Z","level":"info","event":"69","chan":"stdout","logger":"task"}
{"timestamp":"2025-12-05T20:51:09.676431Z","level":"info","event":"  Processing song 70/100: It's A Man's, Man's, Man's World by Juliet Simms","chan":"stdout","logger":"task"}
{"timestamp":"2025-12-05T20:51:18.562110Z","level":"info","event":"70","chan":"stdout","logger":"task"}
{"timestamp":"2025-12-05T20:51:21.425854Z","level":"info","event":"71","chan":"stdout","logger":"task"}
{"timestamp":"2025-12-05T20:51:25.016007Z","level":"info","event":"72","chan":"stdout","logger":"task"}
{"timestamp":"2025-12-05T20:51:27.978655Z","level":"info","event":"73","chan":"stdout","logger":"task"}
{"timestamp":"2025-12-05T20:51:31.021260Z","level":"info","event":"74","chan":"stdout","logger":"task"}
{"timestamp":"2025-12-05T20:51:34.716753Z","level":"info","event":"75","chan":"stdout","logger":"task"}
{"timestamp":"2025-12-05T20:51:40.166723Z","level":"info","event":"76","chan":"stdout","logger":"task"}
{"timestamp":"2025-12-05T20:51:46.126178Z","level":"info","event":"77","chan":"stdout","logger":"task"}
{"timestamp":"2025-12-05T20:51:49.545211Z","level":"info","event":"78","chan":"stdout","logger":"task"}
{"timestamp":"2025-12-05T20:51:58.819379Z","level":"info","event":"79","chan":"stdout","logger":"task"}
{"timestamp":"2025-12-05T20:51:58.855637Z","level":"info","event":"  Processing song 80/100: Tonight (Best You Ever Had) by John Legend Featuring Ludacris","chan":"stdout","logger":"task"}
{"timestamp":"2025-12-05T20:52:02.480512Z","level":"info","event":"80","chan":"stdout","logger":"task"}
{"timestamp":"2025-12-05T20:52:06.700529Z","level":"info","event":"81","chan":"stdout","logger":"task"}
{"timestamp":"2025-12-05T20:52:14.870183Z","level":"info","event":"82","chan":"stdout","logger":"task"}
{"timestamp":"2025-12-05T20:52:19.975116Z","level":"info","event":"83","chan":"stdout","logger":"task"}
{"timestamp":"2025-12-05T20:52:23.565931Z","level":"info","event":"84","chan":"stdout","logger":"task"}
{"timestamp":"2025-12-05T20:52:25.878140Z","level":"info","event":"85","chan":"stdout","logger":"task"}
{"timestamp":"2025-12-05T20:52:29.095024Z","level":"info","event":"86","chan":"stdout","logger":"task"}
{"timestamp":"2025-12-05T20:52:33.422521Z","level":"info","event":"87","chan":"stdout","logger":"task"}
{"timestamp":"2025-12-05T20:52:37.231712Z","level":"info","event":"88","chan":"stdout","logger":"task"}
{"timestamp":"2025-12-05T20:52:40.025820Z","level":"info","event":"89","chan":"stdout","logger":"task"}
{"timestamp":"2025-12-05T20:52:40.042477Z","level":"info","event":"  Processing song 90/100: Ai Se Eu Te Pego by Michel Telo","chan":"stdout","logger":"task"}
{"timestamp":"2025-12-05T20:52:43.260881Z","level":"info","event":"90","chan":"stdout","logger":"task"}
{"timestamp":"2025-12-05T20:52:45.563941Z","level":"info","event":"91","chan":"stdout","logger":"task"}
{"timestamp":"2025-12-05T20:52:48.856667Z","level":"info","event":"92","chan":"stdout","logger":"task"}
{"timestamp":"2025-12-05T20:52:51.528090Z","level":"info","event":"93","chan":"stdout","logger":"task"}
{"timestamp":"2025-12-05T20:52:53.398770Z","level":"info","event":"94","chan":"stdout","logger":"task"}
{"timestamp":"2025-12-05T20:52:55.188117Z","level":"info","event":"95","chan":"stdout","logger":"task"}
{"timestamp":"2025-12-05T20:52:57.529606Z","level":"info","event":"96","chan":"stdout","logger":"task"}
{"timestamp":"2025-12-05T20:53:02.021980Z","level":"info","event":"97","chan":"stdout","logger":"task"}
{"timestamp":"2025-12-05T20:53:06.142498Z","level":"info","event":"98","chan":"stdout","logger":"task"}
{"timestamp":"2025-12-05T20:53:08.921782Z","level":"info","event":"99","chan":"stdout","logger":"task"}
{"timestamp":"2025-12-05T20:53:08.928952Z","level":"info","event":"  Processing song 100/100: Postcard From Paris by The Band Perry","chan":"stdout","logger":"task"}
{"timestamp":"2025-12-05T20:53:10.530990Z","level":"info","event":"100","chan":"stdout","logger":"task"}
{"timestamp":"2025-12-05T20:53:10.541449Z","level":"info","event":"{'name': 'Gotye', 'id': '2AsusXITU8P25dlRNhcAbG', 'url': 'https://open.spotify.com/artist/2AsusXITU8P25dlRNhcAbG'}","chan":"stdout","logger":"task"}
{"timestamp":"2025-12-05T20:53:10.542883Z","level":"info","event":"https://musicbrainz.org/ws/2/url?resource=https://open.spotify.com/artist/2AsusXITU8P25dlRNhcAbG&inc=artist-rels&fmt=json","chan":"stdout","logger":"task"}
{"timestamp":"2025-12-05T20:53:11.110568Z","level":"info","event":"https://musicbrainz.org/ws/2/artist/6f6fd596-76e0-4b82-aa37-f558ac2d337b?inc=tags&fmt=json","chan":"stdout","logger":"task"}
{"timestamp":"2025-12-05T20:53:12.229070Z","level":"info","event":"{'name': 'Kimbra', 'id': '6hk7Yq1DU9QcCCrz9uc0Ti', 'url': 'https://open.spotify.com/artist/6hk7Yq1DU9QcCCrz9uc0Ti'}","chan":"stdout","logger":"task"}
{"timestamp":"2025-12-05T20:53:12.254810Z","level":"info","event":"https://musicbrainz.org/ws/2/url?resource=https://open.spotify.com/artist/6hk7Yq1DU9QcCCrz9uc0Ti&inc=artist-rels&fmt=json","chan":"stdout","logger":"task"}
{"timestamp":"2025-12-05T20:53:12.671712Z","level":"info","event":"https://musicbrainz.org/ws/2/artist/fad2875e-ba81-4637-b859-4684622dcb1c?inc=tags&fmt=json","chan":"stdout","logger":"task"}
{"timestamp":"2025-12-05T20:53:13.536055Z","level":"info","event":"{'name': 'fun.', 'id': '5nCi3BB41mBaMH9gfr6Su0', 'url': 'https://open.spotify.com/artist/5nCi3BB41mBaMH9gfr6Su0'}","chan":"stdout","logger":"task"}
{"timestamp":"2025-12-05T20:53:13.544864Z","level":"info","event":"https://musicbrainz.org/ws/2/url?resource=https://open.spotify.com/artist/5nCi3BB41mBaMH9gfr6Su0&inc=artist-rels&fmt=json","chan":"stdout","logger":"task"}
{"timestamp":"2025-12-05T20:53:13.684870Z","level":"info","event":"https://musicbrainz.org/ws/2/artist/136c4166-85b3-4994-aa04-59857c434199?inc=tags&fmt=json","chan":"stdout","logger":"task"}
{"timestamp":"2025-12-05T20:53:14.826678Z","level":"info","event":"{'name': 'Janelle Monáe', 'id': '6ueGR6SWhUJfvEhqkvMsVs', 'url': 'https://open.spotify.com/artist/6ueGR6SWhUJfvEhqkvMsVs'}","chan":"stdout","logger":"task"}
{"timestamp":"2025-12-05T20:53:14.842053Z","level":"info","event":"https://musicbrainz.org/ws/2/url?resource=https://open.spotify.com/artist/6ueGR6SWhUJfvEhqkvMsVs&inc=artist-rels&fmt=json","chan":"stdout","logger":"task"}
{"timestamp":"2025-12-05T20:53:15.022935Z","level":"info","event":"https://musicbrainz.org/ws/2/artist/ee190f6b-7d98-43ec-b924-da5f8018eca0?inc=tags&fmt=json","chan":"stdout","logger":"task"}
{"timestamp":"2025-12-05T20:53:16.161995Z","level":"info","event":"{'name': 'Maroon 5', 'id': '04gDigrS5kc9YWfZHwBETP', 'url': 'https://open.spotify.com/artist/04gDigrS5kc9YWfZHwBETP'}","chan":"stdout","logger":"task"}
{"timestamp":"2025-12-05T20:53:16.185538Z","level":"info","event":"https://musicbrainz.org/ws/2/url?resource=https://open.spotify.com/artist/04gDigrS5kc9YWfZHwBETP&inc=artist-rels&fmt=json","chan":"stdout","logger":"task"}
{"timestamp":"2025-12-05T20:53:16.334092Z","level":"info","event":"https://musicbrainz.org/ws/2/artist/0ab49580-c84f-44d4-875f-d83760ea2cfe?inc=tags&fmt=json","chan":"stdout","logger":"task"}
{"timestamp":"2025-12-05T20:53:17.465551Z","level":"info","event":"{'name': 'Wiz Khalifa', 'id': '137W8MRPWKqSmrBGDBFSop', 'url': 'https://open.spotify.com/artist/137W8MRPWKqSmrBGDBFSop'}","chan":"stdout","logger":"task"}
{"timestamp":"2025-12-05T20:53:17.724660Z","level":"info","event":"https://musicbrainz.org/ws/2/url?resource=https://open.spotify.com/artist/137W8MRPWKqSmrBGDBFSop&inc=artist-rels&fmt=json","chan":"stdout","logger":"task"}
{"timestamp":"2025-12-05T20:53:17.726193Z","level":"info","event":"https://musicbrainz.org/ws/2/artist/f5dfa020-ad69-41cd-b3d4-fd7af0414e94?inc=tags&fmt=json","chan":"stdout","logger":"task"}
{"timestamp":"2025-12-05T20:53:19.120906Z","level":"info","event":"{'name': 'Carly Rae Jepsen', 'id': '6sFIWsNpZYqfjUpaCgueju', 'url': 'https://open.spotify.com/artist/6sFIWsNpZYqfjUpaCgueju'}","chan":"stdout","logger":"task"}
{"timestamp":"2025-12-05T20:53:19.126546Z","level":"info","event":"https://musicbrainz.org/ws/2/url?resource=https://open.spotify.com/artist/6sFIWsNpZYqfjUpaCgueju&inc=artist-rels&fmt=json","chan":"stdout","logger":"task"}
{"timestamp":"2025-12-05T20:53:19.285474Z","level":"info","event":"https://musicbrainz.org/ws/2/artist/09887aa7-226e-4ecc-9a0c-02d2ae5777e1?inc=tags&fmt=json","chan":"stdout","logger":"task"}
{"timestamp":"2025-12-05T20:53:20.416822Z","level":"info","event":"{'name': 'Flo Rida', 'id': '0jnsk9HBra6NMjO2oANoPY', 'url': 'https://open.spotify.com/artist/0jnsk9HBra6NMjO2oANoPY'}","chan":"stdout","logger":"task"}
{"timestamp":"2025-12-05T20:53:20.436228Z","level":"info","event":"https://musicbrainz.org/ws/2/url?resource=https://open.spotify.com/artist/0jnsk9HBra6NMjO2oANoPY&inc=artist-rels&fmt=json","chan":"stdout","logger":"task"}
{"timestamp":"2025-12-05T20:53:20.609687Z","level":"info","event":"https://musicbrainz.org/ws/2/artist/4593d49a-7f67-46ba-9ec0-126bd676286f?inc=tags&fmt=json","chan":"stdout","logger":"task"}
{"timestamp":"2025-12-05T20:53:20.723657Z","level":"info","event":"Rate limit hit. Retrying in 1s...","chan":"stdout","logger":"task"}
{"timestamp":"2025-12-05T20:53:22.930463Z","level":"info","event":"{'name': 'Sia', 'id': '5WUlDfRSoLAfcVSX1WnrxN', 'url': 'https://open.spotify.com/artist/5WUlDfRSoLAfcVSX1WnrxN'}","chan":"stdout","logger":"task"}
{"timestamp":"2025-12-05T20:53:23.203243Z","level":"info","event":"https://musicbrainz.org/ws/2/url?resource=https://open.spotify.com/artist/5WUlDfRSoLAfcVSX1WnrxN&inc=artist-rels&fmt=json","chan":"stdout","logger":"task"}
{"timestamp":"2025-12-05T20:53:23.212904Z","level":"info","event":"https://musicbrainz.org/ws/2/artist/2f548675-008d-4332-876c-108b0c7ab9c5?inc=tags&fmt=json","chan":"stdout","logger":"task"}
{"timestamp":"2025-12-05T20:53:24.250060Z","level":"info","event":"{'name': 'The Wanted', 'id': '2NhdGz9EDv2FeUw6udu2g1', 'url': 'https://open.spotify.com/artist/2NhdGz9EDv2FeUw6udu2g1'}","chan":"stdout","logger":"task"}
{"timestamp":"2025-12-05T20:53:24.273901Z","level":"info","event":"https://musicbrainz.org/ws/2/url?resource=https://open.spotify.com/artist/2NhdGz9EDv2FeUw6udu2g1&inc=artist-rels&fmt=json","chan":"stdout","logger":"task"}
{"timestamp":"2025-12-05T20:53:24.422986Z","level":"info","event":"https://musicbrainz.org/ws/2/artist/bcb16f22-b064-4b80-b3a3-c824bccdbab1?inc=tags&fmt=json","chan":"stdout","logger":"task"}
{"timestamp":"2025-12-05T20:53:25.555299Z","level":"info","event":"{'name': 'Nicki Minaj', 'id': '0hCNtLu0JehylgoiP8L4Gh', 'url': 'https://open.spotify.com/artist/0hCNtLu0JehylgoiP8L4Gh'}","chan":"stdout","logger":"task"}
{"timestamp":"2025-12-05T20:53:25.565752Z","level":"info","event":"https://musicbrainz.org/ws/2/url?resource=https://open.spotify.com/artist/0hCNtLu0JehylgoiP8L4Gh&inc=artist-rels&fmt=json","chan":"stdout","logger":"task"}
{"timestamp":"2025-12-05T20:53:25.801183Z","level":"info","event":"https://musicbrainz.org/ws/2/artist/1036b808-f58c-4a3e-b461-a2c4492ecf1b?inc=tags&fmt=json","chan":"stdout","logger":"task"}
{"timestamp":"2025-12-05T20:53:26.925085Z","level":"info","event":"{'name': 'Justin Bieber', 'id': '1uNFoZAHBGtllmzznpCI3s', 'url': 'https://open.spotify.com/artist/1uNFoZAHBGtllmzznpCI3s'}","chan":"stdout","logger":"task"}
{"timestamp":"2025-12-05T20:53:26.931254Z","level":"info","event":"https://musicbrainz.org/ws/2/url?resource=https://open.spotify.com/artist/1uNFoZAHBGtllmzznpCI3s&inc=artist-rels&fmt=json","chan":"stdout","logger":"task"}
{"timestamp":"2025-12-05T20:53:27.083856Z","level":"info","event":"https://musicbrainz.org/ws/2/artist/e0140a67-e4d1-4f13-8a01-364355bee46e?inc=tags&fmt=json","chan":"stdout","logger":"task"}
{"timestamp":"2025-12-05T20:53:28.220585Z","level":"info","event":"{'name': 'One Direction', 'id': '4AK6F7OLvEQ5QYCBNiQWHq', 'url': 'https://open.spotify.com/artist/4AK6F7OLvEQ5QYCBNiQWHq'}","chan":"stdout","logger":"task"}
{"timestamp":"2025-12-05T20:53:28.245482Z","level":"info","event":"https://musicbrainz.org/ws/2/url?resource=https://open.spotify.com/artist/4AK6F7OLvEQ5QYCBNiQWHq&inc=artist-rels&fmt=json","chan":"stdout","logger":"task"}
{"timestamp":"2025-12-05T20:53:28.877090Z","level":"info","event":"https://musicbrainz.org/ws/2/artist/1a425bbd-cca4-4b2c-aeb7-71cb176c828a?inc=tags&fmt=json","chan":"stdout","logger":"task"}
{"timestamp":"2025-12-05T20:53:29.553808Z","level":"info","event":"{'name': 'Kelly Clarkson', 'id': '3BmGtnKgCSGYIUhmivXKWX', 'url': 'https://open.spotify.com/artist/3BmGtnKgCSGYIUhmivXKWX'}","chan":"stdout","logger":"task"}
{"timestamp":"2025-12-05T20:53:29.564741Z","level":"info","event":"https://musicbrainz.org/ws/2/url?resource=https://open.spotify.com/artist/3BmGtnKgCSGYIUhmivXKWX&inc=artist-rels&fmt=json","chan":"stdout","logger":"task"}
{"timestamp":"2025-12-05T20:53:29.709037Z","level":"info","event":"https://musicbrainz.org/ws/2/artist/d339efbb-77b9-4147-ba9e-59f2f24550b2?inc=tags&fmt=json","chan":"stdout","logger":"task"}
{"timestamp":"2025-12-05T20:53:30.861524Z","level":"info","event":"{'name': 'Train', 'id': '3FUY2gzHeIiaesXtOAdB7A', 'url': 'https://open.spotify.com/artist/3FUY2gzHeIiaesXtOAdB7A'}","chan":"stdout","logger":"task"}
{"timestamp":"2025-12-05T20:53:30.878420Z","level":"info","event":"https://musicbrainz.org/ws/2/url?resource=https://open.spotify.com/artist/3FUY2gzHeIiaesXtOAdB7A&inc=artist-rels&fmt=json","chan":"stdout","logger":"task"}
{"timestamp":"2025-12-05T20:53:31.015182Z","level":"info","event":"https://musicbrainz.org/ws/2/artist/bfd5aec5-62a2-4560-a316-7c46c17babda?inc=tags&fmt=json","chan":"stdout","logger":"task"}
{"timestamp":"2025-12-05T20:53:32.135828Z","level":"info","event":"{'name': 'Calvin Harris', 'id': '7CajNmpbOovFoOoasH2HaY', 'url': 'https://open.spotify.com/artist/7CajNmpbOovFoOoasH2HaY'}","chan":"stdout","logger":"task"}
{"timestamp":"2025-12-05T20:53:32.143242Z","level":"info","event":"https://musicbrainz.org/ws/2/url?resource=https://open.spotify.com/artist/7CajNmpbOovFoOoasH2HaY&inc=artist-rels&fmt=json","chan":"stdout","logger":"task"}
{"timestamp":"2025-12-05T20:53:32.291714Z","level":"info","event":"https://musicbrainz.org/ws/2/artist/8dd98bdc-80ec-4e93-8509-2f46bafc09a7?inc=tags&fmt=json","chan":"stdout","logger":"task"}
{"timestamp":"2025-12-05T20:53:33.416075Z","level":"info","event":"{'name': 'Katy Perry', 'id': '6jJ0s89eD6GaHleKKya26X', 'url': 'https://open.spotify.com/artist/6jJ0s89eD6GaHleKKya26X'}","chan":"stdout","logger":"task"}
{"timestamp":"2025-12-05T20:53:33.432712Z","level":"info","event":"https://musicbrainz.org/ws/2/url?resource=https://open.spotify.com/artist/6jJ0s89eD6GaHleKKya26X&inc=artist-rels&fmt=json","chan":"stdout","logger":"task"}
{"timestamp":"2025-12-05T20:53:33.689811Z","level":"info","event":"https://musicbrainz.org/ws/2/artist/122d63fc-8671-43e4-9752-34e846d62a9c?inc=tags&fmt=json","chan":"stdout","logger":"task"}
{"timestamp":"2025-12-05T20:53:34.710234Z","level":"info","event":"{'name': 'Drake', 'id': '3TVXtAsR1Inumwj472S9r4', 'url': 'https://open.spotify.com/artist/3TVXtAsR1Inumwj472S9r4'}","chan":"stdout","logger":"task"}
{"timestamp":"2025-12-05T20:53:34.719350Z","level":"info","event":"https://musicbrainz.org/ws/2/url?resource=https://open.spotify.com/artist/3TVXtAsR1Inumwj472S9r4&inc=artist-rels&fmt=json","chan":"stdout","logger":"task"}
{"timestamp":"2025-12-05T20:53:34.945593Z","level":"info","event":"https://musicbrainz.org/ws/2/artist/9fff2f8a-21e6-47de-a2b8-7f449929d43f?inc=tags&fmt=json","chan":"stdout","logger":"task"}
{"timestamp":"2025-12-05T20:53:36.074400Z","level":"info","event":"{'name': 'Rihanna', 'id': '5pKCCKE2ajJHZ9KAiaK11H', 'url': 'https://open.spotify.com/artist/5pKCCKE2ajJHZ9KAiaK11H'}","chan":"stdout","logger":"task"}
{"timestamp":"2025-12-05T20:53:36.086813Z","level":"info","event":"https://musicbrainz.org/ws/2/url?resource=https://open.spotify.com/artist/5pKCCKE2ajJHZ9KAiaK11H&inc=artist-rels&fmt=json","chan":"stdout","logger":"task"}
{"timestamp":"2025-12-05T20:53:36.242343Z","level":"info","event":"https://musicbrainz.org/ws/2/artist/73e5e69d-3554-40d8-8516-00cb38737a1c?inc=tags&fmt=json","chan":"stdout","logger":"task"}
{"timestamp":"2025-12-05T20:53:37.374664Z","level":"info","event":"{'name': 'Lil Wayne', 'id': '55Aa2cqylxrFIXC767Z865', 'url': 'https://open.spotify.com/artist/55Aa2cqylxrFIXC767Z865'}","chan":"stdout","logger":"task"}
{"timestamp":"2025-12-05T20:53:37.379667Z","level":"info","event":"https://musicbrainz.org/ws/2/url?resource=https://open.spotify.com/artist/55Aa2cqylxrFIXC767Z865&inc=artist-rels&fmt=json","chan":"stdout","logger":"task"}
{"timestamp":"2025-12-05T20:53:37.504553Z","level":"info","event":"https://musicbrainz.org/ws/2/artist/ac9a487a-d9d2-4f27-bb23-0f4686488345?inc=tags&fmt=json","chan":"stdout","logger":"task"}
{"timestamp":"2025-12-05T20:53:38.621428Z","level":"info","event":"{'name': 'Adele', 'id': '4dpARuHxo51G3z768sgnrY', 'url': 'https://open.spotify.com/artist/4dpARuHxo51G3z768sgnrY'}","chan":"stdout","logger":"task"}
{"timestamp":"2025-12-05T20:53:38.626569Z","level":"info","event":"https://musicbrainz.org/ws/2/url?resource=https://open.spotify.com/artist/4dpARuHxo51G3z768sgnrY&inc=artist-rels&fmt=json","chan":"stdout","logger":"task"}
{"timestamp":"2025-12-05T20:53:39.020027Z","level":"info","event":"https://musicbrainz.org/ws/2/artist/cc2c9c3c-b7bc-4b8b-84d8-4fbd8779e493?inc=tags&fmt=json","chan":"stdout","logger":"task"}
{"timestamp":"2025-12-05T20:53:39.913063Z","level":"info","event":"{'name': 'USHER', 'id': '23zg3TcAtWQy7J6upgbUnj', 'url': 'https://open.spotify.com/artist/23zg3TcAtWQy7J6upgbUnj'}","chan":"stdout","logger":"task"}
{"timestamp":"2025-12-05T20:53:39.925389Z","level":"info","event":"https://musicbrainz.org/ws/2/url?resource=https://open.spotify.com/artist/23zg3TcAtWQy7J6upgbUnj&inc=artist-rels&fmt=json","chan":"stdout","logger":"task"}
{"timestamp":"2025-12-05T20:53:40.054769Z","level":"info","event":"https://musicbrainz.org/ws/2/artist/3414d446-735a-443c-931f-10634f57e5b9?inc=tags&fmt=json","chan":"stdout","logger":"task"}
{"timestamp":"2025-12-05T20:53:41.171565Z","level":"info","event":"{'name': 'B.o.B', 'id': '5ndkK3dpZLKtBklKjxNQwT', 'url': 'https://open.spotify.com/artist/5ndkK3dpZLKtBklKjxNQwT'}","chan":"stdout","logger":"task"}
{"timestamp":"2025-12-05T20:53:41.177997Z","level":"info","event":"https://musicbrainz.org/ws/2/url?resource=https://open.spotify.com/artist/5ndkK3dpZLKtBklKjxNQwT&inc=artist-rels&fmt=json","chan":"stdout","logger":"task"}
{"timestamp":"2025-12-05T20:53:41.316064Z","level":"info","event":"https://musicbrainz.org/ws/2/artist/94c338ff-1985-4429-9dc8-997b61bb5932?inc=tags&fmt=json","chan":"stdout","logger":"task"}
{"timestamp":"2025-12-05T20:53:41.448551Z","level":"info","event":"Rate limit hit. Retrying in 1s...","chan":"stdout","logger":"task"}
{"timestamp":"2025-12-05T20:53:43.585981Z","level":"info","event":"{'name': 'Taylor Swift', 'id': '06HL4z0CvFAxyc27GXpf02', 'url': 'https://open.spotify.com/artist/06HL4z0CvFAxyc27GXpf02'}","chan":"stdout","logger":"task"}
{"timestamp":"2025-12-05T20:53:43.587233Z","level":"info","event":"https://musicbrainz.org/ws/2/url?resource=https://open.spotify.com/artist/06HL4z0CvFAxyc27GXpf02&inc=artist-rels&fmt=json","chan":"stdout","logger":"task"}
{"timestamp":"2025-12-05T20:53:43.704640Z","level":"info","event":"https://musicbrainz.org/ws/2/artist/20244d07-534f-4eff-b4d4-930878889970?inc=tags&fmt=json","chan":"stdout","logger":"task"}
{"timestamp":"2025-12-05T20:53:44.831234Z","level":"info","event":"{'name': 'Eric Church', 'id': '2IvkS5MXK0vPGnwyJsrEyV', 'url': 'https://open.spotify.com/artist/2IvkS5MXK0vPGnwyJsrEyV'}","chan":"stdout","logger":"task"}
{"timestamp":"2025-12-05T20:53:44.833809Z","level":"info","event":"https://musicbrainz.org/ws/2/url?resource=https://open.spotify.com/artist/2IvkS5MXK0vPGnwyJsrEyV&inc=artist-rels&fmt=json","chan":"stdout","logger":"task"}
{"timestamp":"2025-12-05T20:53:44.954665Z","level":"info","event":"https://musicbrainz.org/ws/2/artist/15856215-cc51-4423-879c-9ac955ccb11a?inc=tags&fmt=json","chan":"stdout","logger":"task"}
{"timestamp":"2025-12-05T20:53:46.076635Z","level":"info","event":"{'name': 'Jennifer Lopez', 'id': '2DlGxzQSjYe5N6G9nkYghR', 'url': 'https://open.spotify.com/artist/2DlGxzQSjYe5N6G9nkYghR'}","chan":"stdout","logger":"task"}
{"timestamp":"2025-12-05T20:53:46.081891Z","level":"info","event":"https://musicbrainz.org/ws/2/url?resource=https://open.spotify.com/artist/2DlGxzQSjYe5N6G9nkYghR&inc=artist-rels&fmt=json","chan":"stdout","logger":"task"}
{"timestamp":"2025-12-05T20:53:46.208536Z","level":"info","event":"https://musicbrainz.org/ws/2/artist/f0602f55-1770-483d-89bd-4bae0d0ac086?inc=tags&fmt=json","chan":"stdout","logger":"task"}
{"timestamp":"2025-12-05T20:53:47.325022Z","level":"info","event":"{'name': 'Pitbull', 'id': '0TnOYISbd1XYRBk9myaseg', 'url': 'https://open.spotify.com/artist/0TnOYISbd1XYRBk9myaseg'}","chan":"stdout","logger":"task"}
{"timestamp":"2025-12-05T20:53:47.329463Z","level":"info","event":"https://musicbrainz.org/ws/2/url?resource=https://open.spotify.com/artist/0TnOYISbd1XYRBk9myaseg&inc=artist-rels&fmt=json","chan":"stdout","logger":"task"}
{"timestamp":"2025-12-05T20:53:47.458670Z","level":"info","event":"https://musicbrainz.org/ws/2/artist/d262ea27-3ffe-40f7-b922-85c42d625e67?inc=tags&fmt=json","chan":"stdout","logger":"task"}
{"timestamp":"2025-12-05T20:53:48.579352Z","level":"info","event":"{'name': 'David Guetta', 'id': '1Cs0zKBU1kc0i8ypK3B9ai', 'url': 'https://open.spotify.com/artist/1Cs0zKBU1kc0i8ypK3B9ai'}","chan":"stdout","logger":"task"}
{"timestamp":"2025-12-05T20:53:48.582048Z","level":"info","event":"https://musicbrainz.org/ws/2/url?resource=https://open.spotify.com/artist/1Cs0zKBU1kc0i8ypK3B9ai&inc=artist-rels&fmt=json","chan":"stdout","logger":"task"}
{"timestamp":"2025-12-05T20:53:48.701761Z","level":"info","event":"https://musicbrainz.org/ws/2/artist/302bd7b9-d012-4360-897a-93b00c855680?inc=tags&fmt=json","chan":"stdout","logger":"task"}
{"timestamp":"2025-12-05T20:53:49.853037Z","level":"info","event":"{'name': 'Luke Bryan', 'id': '0BvkDsjIUla7X0k6CSWh1I', 'url': 'https://open.spotify.com/artist/0BvkDsjIUla7X0k6CSWh1I'}","chan":"stdout","logger":"task"}
{"timestamp":"2025-12-05T20:53:49.858881Z","level":"info","event":"https://musicbrainz.org/ws/2/url?resource=https://open.spotify.com/artist/0BvkDsjIUla7X0k6CSWh1I&inc=artist-rels&fmt=json","chan":"stdout","logger":"task"}
{"timestamp":"2025-12-05T20:53:49.974310Z","level":"info","event":"https://musicbrainz.org/ws/2/artist/aab35942-f176-4f77-bbf9-1d6aa98ccf3f?inc=tags&fmt=json","chan":"stdout","logger":"task"}
{"timestamp":"2025-12-05T20:53:51.093282Z","level":"info","event":"{'name': 'Karmin', 'id': '4M0DLz8te9Q1lNIXBBwvfG', 'url': 'https://open.spotify.com/artist/4M0DLz8te9Q1lNIXBBwvfG'}","chan":"stdout","logger":"task"}
{"timestamp":"2025-12-05T20:53:51.095540Z","level":"info","event":"https://musicbrainz.org/ws/2/url?resource=https://open.spotify.com/artist/4M0DLz8te9Q1lNIXBBwvfG&inc=artist-rels&fmt=json","chan":"stdout","logger":"task"}
{"timestamp":"2025-12-05T20:53:51.214322Z","level":"info","event":"https://musicbrainz.org/ws/2/artist/a81303f1-64a5-4359-83ce-767f5fc3a542?inc=tags&fmt=json","chan":"stdout","logger":"task"}
{"timestamp":"2025-12-05T20:53:52.332497Z","level":"info","event":"{'name': 'Kirko Bangz', 'id': '2r8r62VGJKGi463aH1HJUZ', 'url': 'https://open.spotify.com/artist/2r8r62VGJKGi463aH1HJUZ'}","chan":"stdout","logger":"task"}
{"timestamp":"2025-12-05T20:53:52.336004Z","level":"info","event":"https://musicbrainz.org/ws/2/url?resource=https://open.spotify.com/artist/2r8r62VGJKGi463aH1HJUZ&inc=artist-rels&fmt=json","chan":"stdout","logger":"task"}
{"timestamp":"2025-12-05T20:53:52.455914Z","level":"info","event":"Rate limit hit. Retrying in 1s...","chan":"stdout","logger":"task"}
{"timestamp":"2025-12-05T20:53:53.576111Z","level":"info","event":"https://musicbrainz.org/ws/2/artist/7e08b1ef-cc96-4b9c-a175-e64aa022bc1d?inc=tags&fmt=json","chan":"stdout","logger":"task"}
{"timestamp":"2025-12-05T20:53:54.695185Z","level":"info","event":"{'name': 'Gym Class Heroes', 'id': '4IJczjB0fJ04gs4uvP0Fli', 'url': 'https://open.spotify.com/artist/4IJczjB0fJ04gs4uvP0Fli'}","chan":"stdout","logger":"task"}
{"timestamp":"2025-12-05T20:53:54.698818Z","level":"info","event":"https://musicbrainz.org/ws/2/url?resource=https://open.spotify.com/artist/4IJczjB0fJ04gs4uvP0Fli&inc=artist-rels&fmt=json","chan":"stdout","logger":"task"}
{"timestamp":"2025-12-05T20:53:54.812135Z","level":"info","event":"https://musicbrainz.org/ws/2/artist/f4d4b515-0b74-423f-a161-db184330c37c?inc=tags&fmt=json","chan":"stdout","logger":"task"}
{"timestamp":"2025-12-05T20:53:55.923408Z","level":"info","event":"{'name': 'Neon Hitch', 'id': '2TnJ7VOpGzjtKUn0ObpEYe', 'url': 'https://open.spotify.com/artist/2TnJ7VOpGzjtKUn0ObpEYe'}","chan":"stdout","logger":"task"}
{"timestamp":"2025-12-05T20:53:55.924748Z","level":"info","event":"https://musicbrainz.org/ws/2/url?resource=https://open.spotify.com/artist/2TnJ7VOpGzjtKUn0ObpEYe&inc=artist-rels&fmt=json","chan":"stdout","logger":"task"}
{"timestamp":"2025-12-05T20:53:56.056100Z","level":"info","event":"https://musicbrainz.org/ws/2/artist/8386d976-933e-454c-8364-63f75dd7b7e2?inc=tags&fmt=json","chan":"stdout","logger":"task"}
{"timestamp":"2025-12-05T20:53:57.164441Z","level":"info","event":"{'name': 'Carrie Underwood', 'id': '4xFUf1FHVy696Q1JQZMTRj', 'url': 'https://open.spotify.com/artist/4xFUf1FHVy696Q1JQZMTRj'}","chan":"stdout","logger":"task"}
{"timestamp":"2025-12-05T20:53:57.167581Z","level":"info","event":"https://musicbrainz.org/ws/2/url?resource=https://open.spotify.com/artist/4xFUf1FHVy696Q1JQZMTRj&inc=artist-rels&fmt=json","chan":"stdout","logger":"task"}
{"timestamp":"2025-12-05T20:53:57.284061Z","level":"info","event":"https://musicbrainz.org/ws/2/artist/70f0e309-5418-49b6-a130-666e2f76eecd?inc=tags&fmt=json","chan":"stdout","logger":"task"}
{"timestamp":"2025-12-05T20:53:58.399521Z","level":"info","event":"{'name': 'Jason Aldean', 'id': '3FfvYsEGaIb52QPXhg4DcH', 'url': 'https://open.spotify.com/artist/3FfvYsEGaIb52QPXhg4DcH'}","chan":"stdout","logger":"task"}
{"timestamp":"2025-12-05T20:53:58.400998Z","level":"info","event":"https://musicbrainz.org/ws/2/url?resource=https://open.spotify.com/artist/3FfvYsEGaIb52QPXhg4DcH&inc=artist-rels&fmt=json","chan":"stdout","logger":"task"}
{"timestamp":"2025-12-05T20:53:58.526748Z","level":"info","event":"https://musicbrainz.org/ws/2/artist/f24df11a-7e35-4979-a4db-a3b2a170ce27?inc=tags&fmt=json","chan":"stdout","logger":"task"}
{"timestamp":"2025-12-05T20:53:59.641451Z","level":"info","event":"{'name': 'Ellie Goulding', 'id': '0X2BH1fck6amBIoJhDVmmJ', 'url': 'https://open.spotify.com/artist/0X2BH1fck6amBIoJhDVmmJ'}","chan":"stdout","logger":"task"}
{"timestamp":"2025-12-05T20:53:59.642829Z","level":"info","event":"https://musicbrainz.org/ws/2/url?resource=https://open.spotify.com/artist/0X2BH1fck6amBIoJhDVmmJ&inc=artist-rels&fmt=json","chan":"stdout","logger":"task"}
{"timestamp":"2025-12-05T20:53:59.751937Z","level":"info","event":"https://musicbrainz.org/ws/2/artist/33ca19f4-18c8-4411-98df-ac23890ce9f5?inc=tags&fmt=json","chan":"stdout","logger":"task"}
{"timestamp":"2025-12-05T20:54:00.870347Z","level":"info","event":"{'name': 'Kanye West', 'id': '5K4W6rqBFWDnAN6FQUkS6x', 'url': 'https://open.spotify.com/artist/5K4W6rqBFWDnAN6FQUkS6x'}","chan":"stdout","logger":"task"}
{"timestamp":"2025-12-05T20:54:00.875133Z","level":"info","event":"https://musicbrainz.org/ws/2/url?resource=https://open.spotify.com/artist/5K4W6rqBFWDnAN6FQUkS6x&inc=artist-rels&fmt=json","chan":"stdout","logger":"task"}
{"timestamp":"2025-12-05T20:54:00.999675Z","level":"info","event":"https://musicbrainz.org/ws/2/artist/164f0d73-1234-4e2c-8743-d77bf2191051?inc=tags&fmt=json","chan":"stdout","logger":"task"}
{"timestamp":"2025-12-05T20:54:02.108712Z","level":"info","event":"{'name': 'Big Sean', 'id': '0c173mlxpT3dSFRgMO8XPh', 'url': 'https://open.spotify.com/artist/0c173mlxpT3dSFRgMO8XPh'}","chan":"stdout","logger":"task"}
{"timestamp":"2025-12-05T20:54:02.113291Z","level":"info","event":"https://musicbrainz.org/ws/2/url?resource=https://open.spotify.com/artist/0c173mlxpT3dSFRgMO8XPh&inc=artist-rels&fmt=json","chan":"stdout","logger":"task"}
{"timestamp":"2025-12-05T20:54:02.224495Z","level":"info","event":"https://musicbrainz.org/ws/2/artist/942a9807-9c1a-4a0e-a285-1fde2c5be9d1?inc=tags&fmt=json","chan":"stdout","logger":"task"}
{"timestamp":"2025-12-05T20:54:02.333790Z","level":"info","event":"Rate limit hit. Retrying in 1s...","chan":"stdout","logger":"task"}
{"timestamp":"2025-12-05T20:54:03.458175Z","level":"info","event":"Rate limit hit. Retrying in 2s...","chan":"stdout","logger":"task"}
{"timestamp":"2025-12-05T20:54:06.587297Z","level":"info","event":"{'name': 'Pusha T', 'id': '0ONHkAv9pCAFxb0zJwDNTy', 'url': 'https://open.spotify.com/artist/0ONHkAv9pCAFxb0zJwDNTy'}","chan":"stdout","logger":"task"}
{"timestamp":"2025-12-05T20:54:06.593699Z","level":"info","event":"https://musicbrainz.org/ws/2/url?resource=https://open.spotify.com/artist/0ONHkAv9pCAFxb0zJwDNTy&inc=artist-rels&fmt=json","chan":"stdout","logger":"task"}
{"timestamp":"2025-12-05T20:54:06.706919Z","level":"info","event":"https://musicbrainz.org/ws/2/artist/14ecd19f-7121-4192-8549-e5056241a42f?inc=tags&fmt=json","chan":"stdout","logger":"task"}
{"timestamp":"2025-12-05T20:54:07.829819Z","level":"info","event":"{'name': '2 Chainz', 'id': '17lzZA2AlOHwCwFALHttmp', 'url': 'https://open.spotify.com/artist/17lzZA2AlOHwCwFALHttmp'}","chan":"stdout","logger":"task"}
{"timestamp":"2025-12-05T20:54:07.837791Z","level":"info","event":"https://musicbrainz.org/ws/2/url?resource=https://open.spotify.com/artist/17lzZA2AlOHwCwFALHttmp&inc=artist-rels&fmt=json","chan":"stdout","logger":"task"}
{"timestamp":"2025-12-05T20:54:07.975134Z","level":"info","event":"https://musicbrainz.org/ws/2/artist/dff0d392-4cd5-4052-9fbb-f485df3891e5?inc=tags&fmt=json","chan":"stdout","logger":"task"}
{"timestamp":"2025-12-05T20:54:09.088681Z","level":"info","event":"{'name': 'Snoop Dogg', 'id': '7hJcb9fa4alzcOq3EaNPoG', 'url': 'https://open.spotify.com/artist/7hJcb9fa4alzcOq3EaNPoG'}","chan":"stdout","logger":"task"}
{"timestamp":"2025-12-05T20:54:09.092064Z","level":"info","event":"https://musicbrainz.org/ws/2/url?resource=https://open.spotify.com/artist/7hJcb9fa4alzcOq3EaNPoG&inc=artist-rels&fmt=json","chan":"stdout","logger":"task"}
{"timestamp":"2025-12-05T20:54:09.213829Z","level":"info","event":"https://musicbrainz.org/ws/2/artist/f90e8b26-9e52-4669-a5c9-e28529c47894?inc=tags&fmt=json","chan":"stdout","logger":"task"}
{"timestamp":"2025-12-05T20:54:10.342877Z","level":"info","event":"{'name': 'Bruno Mars', 'id': '0du5cEVh5yTK9QJze8zA0C', 'url': 'https://open.spotify.com/artist/0du5cEVh5yTK9QJze8zA0C'}","chan":"stdout","logger":"task"}
{"timestamp":"2025-12-05T20:54:10.353264Z","level":"info","event":"https://musicbrainz.org/ws/2/url?resource=https://open.spotify.com/artist/0du5cEVh5yTK9QJze8zA0C&inc=artist-rels&fmt=json","chan":"stdout","logger":"task"}
{"timestamp":"2025-12-05T20:54:10.472845Z","level":"info","event":"https://musicbrainz.org/ws/2/artist/afb680f2-b6eb-4cd7-a70b-a63b25c763d5?inc=tags&fmt=json","chan":"stdout","logger":"task"}
{"timestamp":"2025-12-05T20:54:11.581920Z","level":"info","event":"{'name': 'Miranda Lambert', 'id': '66lH4jAE7pqPlOlzUKbwA0', 'url': 'https://open.spotify.com/artist/66lH4jAE7pqPlOlzUKbwA0'}","chan":"stdout","logger":"task"}
{"timestamp":"2025-12-05T20:54:11.586170Z","level":"info","event":"https://musicbrainz.org/ws/2/url?resource=https://open.spotify.com/artist/66lH4jAE7pqPlOlzUKbwA0&inc=artist-rels&fmt=json","chan":"stdout","logger":"task"}
{"timestamp":"2025-12-05T20:54:11.704336Z","level":"info","event":"https://musicbrainz.org/ws/2/artist/4eca1aa0-c79f-481b-af8a-4a2d6c41aa5c?inc=tags&fmt=json","chan":"stdout","logger":"task"}
{"timestamp":"2025-12-05T20:54:12.817625Z","level":"info","event":"{'name': 'Jason Mraz', 'id': '4phGZZrJZRo4ElhRtViYdl', 'url': 'https://open.spotify.com/artist/4phGZZrJZRo4ElhRtViYdl'}","chan":"stdout","logger":"task"}
{"timestamp":"2025-12-05T20:54:12.828442Z","level":"info","event":"https://musicbrainz.org/ws/2/url?resource=https://open.spotify.com/artist/4phGZZrJZRo4ElhRtViYdl&inc=artist-rels&fmt=json","chan":"stdout","logger":"task"}
{"timestamp":"2025-12-05T20:54:12.945025Z","level":"info","event":"https://musicbrainz.org/ws/2/artist/82eb8936-7bf6-4577-8320-a2639465206d?inc=tags&fmt=json","chan":"stdout","logger":"task"}
{"timestamp":"2025-12-05T20:54:14.050738Z","level":"info","event":"{'name': 'Tyga', 'id': '5LHRHt1k9lMyONurDHEdrp', 'url': 'https://open.spotify.com/artist/5LHRHt1k9lMyONurDHEdrp'}","chan":"stdout","logger":"task"}
{"timestamp":"2025-12-05T20:54:14.055055Z","level":"info","event":"https://musicbrainz.org/ws/2/url?resource=https://open.spotify.com/artist/5LHRHt1k9lMyONurDHEdrp&inc=artist-rels&fmt=json","chan":"stdout","logger":"task"}
{"timestamp":"2025-12-05T20:54:14.165868Z","level":"info","event":"https://musicbrainz.org/ws/2/artist/ce09ea31-3d4a-4487-a797-e315175457a0?inc=tags&fmt=json","chan":"stdout","logger":"task"}
{"timestamp":"2025-12-05T20:54:15.431717Z","level":"info","event":"{'name': 'LMFAO', 'id': '3sgFRtyBnxXD5ESfmbK4dl', 'url': 'https://open.spotify.com/artist/3sgFRtyBnxXD5ESfmbK4dl'}","chan":"stdout","logger":"task"}
{"timestamp":"2025-12-05T20:54:15.451552Z","level":"info","event":"https://musicbrainz.org/ws/2/url?resource=https://open.spotify.com/artist/3sgFRtyBnxXD5ESfmbK4dl&inc=artist-rels&fmt=json","chan":"stdout","logger":"task"}
{"timestamp":"2025-12-05T20:54:15.558466Z","level":"info","event":"Rate limit hit. Retrying in 1s...","chan":"stdout","logger":"task"}
{"timestamp":"2025-12-05T20:54:16.677305Z","level":"info","event":"https://musicbrainz.org/ws/2/artist/ed5d9086-e8cd-473a-b96c-d81ad6c98f0d?inc=tags&fmt=json","chan":"stdout","logger":"task"}
{"timestamp":"2025-12-05T20:54:17.791453Z","level":"info","event":"{'name': 'Kip Moore', 'id': '2hJPr4lk7Q8SSvCVBl9fWM', 'url': 'https://open.spotify.com/artist/2hJPr4lk7Q8SSvCVBl9fWM'}","chan":"stdout","logger":"task"}
{"timestamp":"2025-12-05T20:54:17.796949Z","level":"info","event":"https://musicbrainz.org/ws/2/url?resource=https://open.spotify.com/artist/2hJPr4lk7Q8SSvCVBl9fWM&inc=artist-rels&fmt=json","chan":"stdout","logger":"task"}
{"timestamp":"2025-12-05T20:54:17.925309Z","level":"info","event":"https://musicbrainz.org/ws/2/artist/3afa378a-4a7f-46f5-b686-f41ee2287c0c?inc=tags&fmt=json","chan":"stdout","logger":"task"}
{"timestamp":"2025-12-05T20:54:19.070335Z","level":"info","event":"{'name': 'Lauren Bennett', 'id': '2jLE4BoXHriQ96JagEtiDP', 'url': 'https://open.spotify.com/artist/2jLE4BoXHriQ96JagEtiDP'}","chan":"stdout","logger":"task"}
{"timestamp":"2025-12-05T20:54:19.072079Z","level":"info","event":"https://musicbrainz.org/ws/2/url?resource=https://open.spotify.com/artist/2jLE4BoXHriQ96JagEtiDP&inc=artist-rels&fmt=json","chan":"stdout","logger":"task"}
{"timestamp":"2025-12-05T20:54:19.180345Z","level":"info","event":"https://musicbrainz.org/ws/2/artist/131a8268-b0aa-4c5c-89fc-d0e618af3f45?inc=tags&fmt=json","chan":"stdout","logger":"task"}
{"timestamp":"2025-12-05T20:54:20.296967Z","level":"info","event":"{'name': 'GoonRock', 'id': '53sIBaVjXQhfH89Vu6nEGh', 'url': 'https://open.spotify.com/artist/53sIBaVjXQhfH89Vu6nEGh'}","chan":"stdout","logger":"task"}
{"timestamp":"2025-12-05T20:54:20.304058Z","level":"info","event":"https://musicbrainz.org/ws/2/url?resource=https://open.spotify.com/artist/53sIBaVjXQhfH89Vu6nEGh&inc=artist-rels&fmt=json","chan":"stdout","logger":"task"}
{"timestamp":"2025-12-05T20:54:20.407575Z","level":"info","event":"https://musicbrainz.org/ws/2/artist/727b0e62-ad3e-4e14-ae3c-f068b0a84195?inc=tags&fmt=json","chan":"stdout","logger":"task"}
{"timestamp":"2025-12-05T20:54:21.517406Z","level":"info","event":"{'name': 'Coldplay', 'id': '4gzpq5DPGxSnKTe4SA8HAU', 'url': 'https://open.spotify.com/artist/4gzpq5DPGxSnKTe4SA8HAU'}","chan":"stdout","logger":"task"}
{"timestamp":"2025-12-05T20:54:21.521067Z","level":"info","event":"https://musicbrainz.org/ws/2/url?resource=https://open.spotify.com/artist/4gzpq5DPGxSnKTe4SA8HAU&inc=artist-rels&fmt=json","chan":"stdout","logger":"task"}
{"timestamp":"2025-12-05T20:54:21.637905Z","level":"info","event":"https://musicbrainz.org/ws/2/artist/cc197bad-dc9c-440d-a5b5-d52ba2e14234?inc=tags&fmt=json","chan":"stdout","logger":"task"}
{"timestamp":"2025-12-05T20:54:22.748174Z","level":"info","event":"{'name': 'Christina Aguilera', 'id': '1l7ZsJRRS8wlW3WfJfPfNS', 'url': 'https://open.spotify.com/artist/1l7ZsJRRS8wlW3WfJfPfNS'}","chan":"stdout","logger":"task"}
{"timestamp":"2025-12-05T20:54:22.755406Z","level":"info","event":"https://musicbrainz.org/ws/2/url?resource=https://open.spotify.com/artist/1l7ZsJRRS8wlW3WfJfPfNS&inc=artist-rels&fmt=json","chan":"stdout","logger":"task"}
{"timestamp":"2025-12-05T20:54:22.879227Z","level":"info","event":"https://musicbrainz.org/ws/2/artist/b202beb7-99bd-47e7-8b72-195c8d72ebdd?inc=tags&fmt=json","chan":"stdout","logger":"task"}
{"timestamp":"2025-12-05T20:54:23.993835Z","level":"info","event":"{'name': 'LoveRance', 'id': '1rBxtaN521NYi8Z35G7fUn', 'url': 'https://open.spotify.com/artist/1rBxtaN521NYi8Z35G7fUn'}","chan":"stdout","logger":"task"}
{"timestamp":"2025-12-05T20:54:23.998827Z","level":"info","event":"https://musicbrainz.org/ws/2/url?resource=https://open.spotify.com/artist/1rBxtaN521NYi8Z35G7fUn&inc=artist-rels&fmt=json","chan":"stdout","logger":"task"}
{"timestamp":"2025-12-05T20:54:24.167582Z","level":"info","event":"HTTP 404: Not Found","chan":"stdout","logger":"task"}
{"timestamp":"2025-12-05T20:54:24.167803Z","level":"info","event":"unable to get mbid for https://open.spotify.com/artist/1rBxtaN521NYi8Z35G7fUn","chan":"stdout","logger":"task"}
{"timestamp":"2025-12-05T20:54:25.170768Z","level":"info","event":"{'name': 'Iamsu!', 'id': '2ZavqCJe7uqkRpISes0NFi', 'url': 'https://open.spotify.com/artist/2ZavqCJe7uqkRpISes0NFi'}","chan":"stdout","logger":"task"}
{"timestamp":"2025-12-05T20:54:25.172772Z","level":"info","event":"https://musicbrainz.org/ws/2/url?resource=https://open.spotify.com/artist/2ZavqCJe7uqkRpISes0NFi&inc=artist-rels&fmt=json","chan":"stdout","logger":"task"}
{"timestamp":"2025-12-05T20:54:25.294662Z","level":"info","event":"https://musicbrainz.org/ws/2/artist/efa81d5c-b900-480a-b27f-0a66e48792de?inc=tags&fmt=json","chan":"stdout","logger":"task"}
{"timestamp":"2025-12-05T20:54:26.403194Z","level":"info","event":"{'name': 'Skipper', 'id': '6kXYz9AWM0zp233hM4BT8j', 'url': 'https://open.spotify.com/artist/6kXYz9AWM0zp233hM4BT8j'}","chan":"stdout","logger":"task"}
{"timestamp":"2025-12-05T20:54:26.404999Z","level":"info","event":"https://musicbrainz.org/ws/2/url?resource=https://open.spotify.com/artist/6kXYz9AWM0zp233hM4BT8j&inc=artist-rels&fmt=json","chan":"stdout","logger":"task"}
{"timestamp":"2025-12-05T20:54:26.517577Z","level":"info","event":"Rate limit hit. Retrying in 1s...","chan":"stdout","logger":"task"}
{"timestamp":"2025-12-05T20:54:27.657834Z","level":"info","event":"HTTP 404: Not Found","chan":"stdout","logger":"task"}
{"timestamp":"2025-12-05T20:54:27.660193Z","level":"info","event":"unable to get mbid for https://open.spotify.com/artist/6kXYz9AWM0zp233hM4BT8j","chan":"stdout","logger":"task"}
{"timestamp":"2025-12-05T20:54:28.663782Z","level":"info","event":"{'name': 'Lee Brice', 'id': '5Zq7R5qmi58ByYyBQTlNuk', 'url': 'https://open.spotify.com/artist/5Zq7R5qmi58ByYyBQTlNuk'}","chan":"stdout","logger":"task"}
{"timestamp":"2025-12-05T20:54:28.667717Z","level":"info","event":"https://musicbrainz.org/ws/2/url?resource=https://open.spotify.com/artist/5Zq7R5qmi58ByYyBQTlNuk&inc=artist-rels&fmt=json","chan":"stdout","logger":"task"}
{"timestamp":"2025-12-05T20:54:28.777687Z","level":"info","event":"https://musicbrainz.org/ws/2/artist/48a6d065-1fda-4280-ae39-df1394d419cd?inc=tags&fmt=json","chan":"stdout","logger":"task"}
{"timestamp":"2025-12-05T20:54:29.902378Z","level":"info","event":"{'name': 'Travis Porter', 'id': '6z1cicLMt9XArxN10q7m8a', 'url': 'https://open.spotify.com/artist/6z1cicLMt9XArxN10q7m8a'}","chan":"stdout","logger":"task"}
{"timestamp":"2025-12-05T20:54:29.912251Z","level":"info","event":"https://musicbrainz.org/ws/2/url?resource=https://open.spotify.com/artist/6z1cicLMt9XArxN10q7m8a&inc=artist-rels&fmt=json","chan":"stdout","logger":"task"}
{"timestamp":"2025-12-05T20:54:30.035315Z","level":"info","event":"https://musicbrainz.org/ws/2/artist/53423220-42b5-4082-a374-417ce6f8a919?inc=tags&fmt=json","chan":"stdout","logger":"task"}
{"timestamp":"2025-12-05T20:54:31.145630Z","level":"info","event":"{'name': 'Jeezy', 'id': '4yBK75WVCQXej1p04GWqxH', 'url': 'https://open.spotify.com/artist/4yBK75WVCQXej1p04GWqxH'}","chan":"stdout","logger":"task"}
{"timestamp":"2025-12-05T20:54:31.149562Z","level":"info","event":"https://musicbrainz.org/ws/2/url?resource=https://open.spotify.com/artist/4yBK75WVCQXej1p04GWqxH&inc=artist-rels&fmt=json","chan":"stdout","logger":"task"}
{"timestamp":"2025-12-05T20:54:31.266868Z","level":"info","event":"https://musicbrainz.org/ws/2/artist/dcad99e7-3c3e-4c78-bf8a-68203e17da48?inc=tags&fmt=json","chan":"stdout","logger":"task"}
{"timestamp":"2025-12-05T20:54:32.383383Z","level":"info","event":"{'name': 'Ne-Yo', 'id': '21E3waRsmPlU7jZsS13rcj', 'url': 'https://open.spotify.com/artist/21E3waRsmPlU7jZsS13rcj'}","chan":"stdout","logger":"task"}
{"timestamp":"2025-12-05T20:54:32.388991Z","level":"info","event":"https://musicbrainz.org/ws/2/url?resource=https://open.spotify.com/artist/21E3waRsmPlU7jZsS13rcj&inc=artist-rels&fmt=json","chan":"stdout","logger":"task"}
{"timestamp":"2025-12-05T20:54:32.549197Z","level":"info","event":"https://musicbrainz.org/ws/2/artist/a4a01f5d-18e7-4571-8c3a-76ec0e24e2d7?inc=tags&fmt=json","chan":"stdout","logger":"task"}
{"timestamp":"2025-12-05T20:54:33.663575Z","level":"info","event":"{'name': 'Lady A', 'id': '32WkQRZEVKSzVAAYqukAEA', 'url': 'https://open.spotify.com/artist/32WkQRZEVKSzVAAYqukAEA'}","chan":"stdout","logger":"task"}
{"timestamp":"2025-12-05T20:54:33.771059Z","level":"info","event":"https://musicbrainz.org/ws/2/url?resource=https://open.spotify.com/artist/32WkQRZEVKSzVAAYqukAEA&inc=artist-rels&fmt=json","chan":"stdout","logger":"task"}
{"timestamp":"2025-12-05T20:54:33.804629Z","level":"info","event":"https://musicbrainz.org/ws/2/artist/0eedfc95-e79a-4fd9-832a-cd816a0b3fda?inc=tags&fmt=json","chan":"stdout","logger":"task"}
{"timestamp":"2025-12-05T20:54:34.916441Z","level":"info","event":"{'name': 'Rascal Flatts', 'id': '0a1gHP0HAqALbEyxaD5Ngn', 'url': 'https://open.spotify.com/artist/0a1gHP0HAqALbEyxaD5Ngn'}","chan":"stdout","logger":"task"}
{"timestamp":"2025-12-05T20:54:34.922886Z","level":"info","event":"https://musicbrainz.org/ws/2/url?resource=https://open.spotify.com/artist/0a1gHP0HAqALbEyxaD5Ngn&inc=artist-rels&fmt=json","chan":"stdout","logger":"task"}
{"timestamp":"2025-12-05T20:54:35.051241Z","level":"info","event":"https://musicbrainz.org/ws/2/artist/6e0ae159-8449-4262-bba5-18ec87fa529f?inc=tags&fmt=json","chan":"stdout","logger":"task"}
{"timestamp":"2025-12-05T20:54:36.161444Z","level":"info","event":"{'name': 'Blake Shelton', 'id': '1UTPBmNbXNTittyMJrNkvw', 'url': 'https://open.spotify.com/artist/1UTPBmNbXNTittyMJrNkvw'}","chan":"stdout","logger":"task"}
{"timestamp":"2025-12-05T20:54:36.165227Z","level":"info","event":"https://musicbrainz.org/ws/2/url?resource=https://open.spotify.com/artist/1UTPBmNbXNTittyMJrNkvw&inc=artist-rels&fmt=json","chan":"stdout","logger":"task"}
{"timestamp":"2025-12-05T20:54:36.282581Z","level":"info","event":"https://musicbrainz.org/ws/2/artist/2ad66473-ccb3-41d2-8756-b56680cdfe62?inc=tags&fmt=json","chan":"stdout","logger":"task"}
{"timestamp":"2025-12-05T20:54:37.396127Z","level":"info","event":"{'name': 'Zac Brown Band', 'id': '6yJCxee7QumYr820xdIsjo', 'url': 'https://open.spotify.com/artist/6yJCxee7QumYr820xdIsjo'}","chan":"stdout","logger":"task"}
{"timestamp":"2025-12-05T20:54:37.398563Z","level":"info","event":"https://musicbrainz.org/ws/2/url?resource=https://open.spotify.com/artist/6yJCxee7QumYr820xdIsjo&inc=artist-rels&fmt=json","chan":"stdout","logger":"task"}
{"timestamp":"2025-12-05T20:54:37.512682Z","level":"info","event":"Rate limit hit. Retrying in 1s...","chan":"stdout","logger":"task"}
{"timestamp":"2025-12-05T20:54:38.644544Z","level":"info","event":"https://musicbrainz.org/ws/2/artist/507226f4-0842-4f43-950e-81a7017230ec?inc=tags&fmt=json","chan":"stdout","logger":"task"}
{"timestamp":"2025-12-05T20:54:39.753057Z","level":"info","event":"{'name': 'Tim McGraw', 'id': '6roFdX1y5BYSbp60OTJWMd', 'url': 'https://open.spotify.com/artist/6roFdX1y5BYSbp60OTJWMd'}","chan":"stdout","logger":"task"}
{"timestamp":"2025-12-05T20:54:39.756166Z","level":"info","event":"https://musicbrainz.org/ws/2/url?resource=https://open.spotify.com/artist/6roFdX1y5BYSbp60OTJWMd&inc=artist-rels&fmt=json","chan":"stdout","logger":"task"}
{"timestamp":"2025-12-05T20:54:39.869743Z","level":"info","event":"https://musicbrainz.org/ws/2/artist/7e5cfc9a-e9e1-46f1-b81a-861b12049488?inc=tags&fmt=json","chan":"stdout","logger":"task"}
{"timestamp":"2025-12-05T20:54:41.006049Z","level":"info","event":"{'name': 'Kenny Chesney', 'id': '3grHWM9bx2E9vwJCdlRv9O', 'url': 'https://open.spotify.com/artist/3grHWM9bx2E9vwJCdlRv9O'}","chan":"stdout","logger":"task"}
{"timestamp":"2025-12-05T20:54:41.009803Z","level":"info","event":"https://musicbrainz.org/ws/2/url?resource=https://open.spotify.com/artist/3grHWM9bx2E9vwJCdlRv9O&inc=artist-rels&fmt=json","chan":"stdout","logger":"task"}
{"timestamp":"2025-12-05T20:54:41.132370Z","level":"info","event":"https://musicbrainz.org/ws/2/artist/5dca4d22-d6c8-4e70-8ca1-4543e43353c7?inc=tags&fmt=json","chan":"stdout","logger":"task"}
{"timestamp":"2025-12-05T20:54:42.243686Z","level":"info","event":"{'name': 'Demi Lovato', 'id': '6S2OmqARrzebs0tKUEyXyp', 'url': 'https://open.spotify.com/artist/6S2OmqARrzebs0tKUEyXyp'}","chan":"stdout","logger":"task"}
{"timestamp":"2025-12-05T20:54:42.246190Z","level":"info","event":"https://musicbrainz.org/ws/2/url?resource=https://open.spotify.com/artist/6S2OmqARrzebs0tKUEyXyp&inc=artist-rels&fmt=json","chan":"stdout","logger":"task"}
{"timestamp":"2025-12-05T20:54:42.365347Z","level":"info","event":"https://musicbrainz.org/ws/2/artist/faf4cefb-036c-4c88-b93a-5b03dd0a0e6b?inc=tags&fmt=json","chan":"stdout","logger":"task"}
{"timestamp":"2025-12-05T20:54:43.471294Z","level":"info","event":"{'name': 'Eli Young Band', 'id': '6eKWqnckwdIlSnjaYgIyxv', 'url': 'https://open.spotify.com/artist/6eKWqnckwdIlSnjaYgIyxv'}","chan":"stdout","logger":"task"}
{"timestamp":"2025-12-05T20:54:43.474482Z","level":"info","event":"https://musicbrainz.org/ws/2/url?resource=https://open.spotify.com/artist/6eKWqnckwdIlSnjaYgIyxv&inc=artist-rels&fmt=json","chan":"stdout","logger":"task"}
{"timestamp":"2025-12-05T20:54:43.593633Z","level":"info","event":"https://musicbrainz.org/ws/2/artist/80737f69-60c5-4c0d-9562-88faf8d8f2f4?inc=tags&fmt=json","chan":"stdout","logger":"task"}
{"timestamp":"2025-12-05T20:54:44.704640Z","level":"info","event":"{'name': 'Chris Brown', 'id': '7bXgB6jMjp9ATFy66eO08Z', 'url': 'https://open.spotify.com/artist/7bXgB6jMjp9ATFy66eO08Z'}","chan":"stdout","logger":"task"}
{"timestamp":"2025-12-05T20:54:44.705558Z","level":"info","event":"https://musicbrainz.org/ws/2/url?resource=https://open.spotify.com/artist/7bXgB6jMjp9ATFy66eO08Z&inc=artist-rels&fmt=json","chan":"stdout","logger":"task"}
{"timestamp":"2025-12-05T20:54:44.818877Z","level":"info","event":"https://musicbrainz.org/ws/2/artist/c234fa42-e6a6-443e-937e-2f4b073538a3?inc=tags&fmt=json","chan":"stdout","logger":"task"}
{"timestamp":"2025-12-05T20:54:45.924821Z","level":"info","event":"{'name': 'JAY-Z', 'id': '3nFkdlSjzX9mRTtwJOzDYB', 'url': 'https://open.spotify.com/artist/3nFkdlSjzX9mRTtwJOzDYB'}","chan":"stdout","logger":"task"}
{"timestamp":"2025-12-05T20:54:45.928365Z","level":"info","event":"https://musicbrainz.org/ws/2/url?resource=https://open.spotify.com/artist/3nFkdlSjzX9mRTtwJOzDYB&inc=artist-rels&fmt=json","chan":"stdout","logger":"task"}
{"timestamp":"2025-12-05T20:54:46.037275Z","level":"info","event":"https://musicbrainz.org/ws/2/artist/f82bcf78-5b69-4622-a5ef-73800768d9ac?inc=tags&fmt=json","chan":"stdout","logger":"task"}
{"timestamp":"2025-12-05T20:54:47.147735Z","level":"info","event":"{'name': 'Neon Trees', 'id': '0RpddSzUHfncUWNJXKOsjy', 'url': 'https://open.spotify.com/artist/0RpddSzUHfncUWNJXKOsjy'}","chan":"stdout","logger":"task"}
{"timestamp":"2025-12-05T20:54:47.148024Z","level":"info","event":"https://musicbrainz.org/ws/2/url?resource=https://open.spotify.com/artist/0RpddSzUHfncUWNJXKOsjy&inc=artist-rels&fmt=json","chan":"stdout","logger":"task"}
{"timestamp":"2025-12-05T20:54:47.252542Z","level":"info","event":"https://musicbrainz.org/ws/2/artist/16243662-8538-4746-a0fb-0d15b5828b8e?inc=tags&fmt=json","chan":"stdout","logger":"task"}
{"timestamp":"2025-12-05T20:54:47.360512Z","level":"info","event":"Rate limit hit. Retrying in 1s...","chan":"stdout","logger":"task"}
{"timestamp":"2025-12-05T20:54:48.480695Z","level":"info","event":"Rate limit hit. Retrying in 2s...","chan":"stdout","logger":"task"}
{"timestamp":"2025-12-05T20:54:51.654151Z","level":"info","event":"{'name': 'Juliet Simms', 'id': '1hlXIybvN1I8r3ooBEkYRh', 'url': 'https://open.spotify.com/artist/1hlXIybvN1I8r3ooBEkYRh'}","chan":"stdout","logger":"task"}
{"timestamp":"2025-12-05T20:54:51.655728Z","level":"info","event":"https://musicbrainz.org/ws/2/url?resource=https://open.spotify.com/artist/1hlXIybvN1I8r3ooBEkYRh&inc=artist-rels&fmt=json","chan":"stdout","logger":"task"}
{"timestamp":"2025-12-05T20:54:51.909356Z","level":"info","event":"https://musicbrainz.org/ws/2/artist/0cd47028-76b6-4baf-a89c-38069385da5c?inc=tags&fmt=json","chan":"stdout","logger":"task"}
{"timestamp":"2025-12-05T20:54:53.061192Z","level":"info","event":"{'name': 'Glee Cast', 'id': '0SCbttzoZTnLFebDYmAWCm', 'url': 'https://open.spotify.com/artist/0SCbttzoZTnLFebDYmAWCm'}","chan":"stdout","logger":"task"}
{"timestamp":"2025-12-05T20:54:53.062353Z","level":"info","event":"https://musicbrainz.org/ws/2/url?resource=https://open.spotify.com/artist/0SCbttzoZTnLFebDYmAWCm&inc=artist-rels&fmt=json","chan":"stdout","logger":"task"}
{"timestamp":"2025-12-05T20:54:53.187585Z","level":"info","event":"https://musicbrainz.org/ws/2/artist/29542149-a818-4167-aa91-439adc9d61f5?inc=tags&fmt=json","chan":"stdout","logger":"task"}
{"timestamp":"2025-12-05T20:54:54.366050Z","level":"info","event":"{'name': 'Havana Brown', 'id': '1EVWYRr2obCRDoSoD6KSuM', 'url': 'https://open.spotify.com/artist/1EVWYRr2obCRDoSoD6KSuM'}","chan":"stdout","logger":"task"}
{"timestamp":"2025-12-05T20:54:54.367591Z","level":"info","event":"https://musicbrainz.org/ws/2/url?resource=https://open.spotify.com/artist/1EVWYRr2obCRDoSoD6KSuM&inc=artist-rels&fmt=json","chan":"stdout","logger":"task"}
{"timestamp":"2025-12-05T20:54:54.480638Z","level":"info","event":"https://musicbrainz.org/ws/2/artist/202d9955-4cd2-4bb2-835c-e0152c6abf19?inc=tags&fmt=json","chan":"stdout","logger":"task"}
{"timestamp":"2025-12-05T20:54:56.248930Z","level":"info","event":"{'name': 'Linkin Park', 'id': '6XyY86QOPPrYVGvF9ch6wz', 'url': 'https://open.spotify.com/artist/6XyY86QOPPrYVGvF9ch6wz'}","chan":"stdout","logger":"task"}
{"timestamp":"2025-12-05T20:54:56.250374Z","level":"info","event":"https://musicbrainz.org/ws/2/url?resource=https://open.spotify.com/artist/6XyY86QOPPrYVGvF9ch6wz&inc=artist-rels&fmt=json","chan":"stdout","logger":"task"}
{"timestamp":"2025-12-05T20:54:56.360062Z","level":"info","event":"https://musicbrainz.org/ws/2/artist/f59c5520-5f46-4d2c-b2c4-822eabf53419?inc=tags&fmt=json","chan":"stdout","logger":"task"}
{"timestamp":"2025-12-05T20:54:57.488042Z","level":"info","event":"{'name': 'Brantley Gilbert', 'id': '5q8HGNo0BjLWaTAhRtbwxa', 'url': 'https://open.spotify.com/artist/5q8HGNo0BjLWaTAhRtbwxa'}","chan":"stdout","logger":"task"}
{"timestamp":"2025-12-05T20:54:57.491711Z","level":"info","event":"https://musicbrainz.org/ws/2/url?resource=https://open.spotify.com/artist/5q8HGNo0BjLWaTAhRtbwxa&inc=artist-rels&fmt=json","chan":"stdout","logger":"task"}
{"timestamp":"2025-12-05T20:54:57.599909Z","level":"info","event":"https://musicbrainz.org/ws/2/artist/9ad8aede-6938-48f2-93fa-908bc4da9ef6?inc=tags&fmt=json","chan":"stdout","logger":"task"}
{"timestamp":"2025-12-05T20:54:58.712667Z","level":"info","event":"{'name': 'Alex Clare', 'id': '5Tf4EH8tDvznnjULcFxkIl', 'url': 'https://open.spotify.com/artist/5Tf4EH8tDvznnjULcFxkIl'}","chan":"stdout","logger":"task"}
{"timestamp":"2025-12-05T20:54:58.720994Z","level":"info","event":"https://musicbrainz.org/ws/2/url?resource=https://open.spotify.com/artist/5Tf4EH8tDvznnjULcFxkIl&inc=artist-rels&fmt=json","chan":"stdout","logger":"task"}
{"timestamp":"2025-12-05T20:54:58.857280Z","level":"info","event":"https://musicbrainz.org/ws/2/artist/e8c8a3c3-29b6-421e-b977-fb6796231d41?inc=tags&fmt=json","chan":"stdout","logger":"task"}
{"timestamp":"2025-12-05T20:54:59.971013Z","level":"info","event":"{'name': 'M83', 'id': '63MQldklfxkjYDoUE4Tppz', 'url': 'https://open.spotify.com/artist/63MQldklfxkjYDoUE4Tppz'}","chan":"stdout","logger":"task"}
{"timestamp":"2025-12-05T20:54:59.972401Z","level":"info","event":"https://musicbrainz.org/ws/2/url?resource=https://open.spotify.com/artist/63MQldklfxkjYDoUE4Tppz&inc=artist-rels&fmt=json","chan":"stdout","logger":"task"}
{"timestamp":"2025-12-05T20:55:00.091844Z","level":"info","event":"https://musicbrainz.org/ws/2/artist/6d7b7cd4-254b-4c25-83f6-dd20f98ceacd?inc=tags&fmt=json","chan":"stdout","logger":"task"}
{"timestamp":"2025-12-05T20:55:01.269211Z","level":"info","event":"{'name': 'Toby Keith', 'id': '2bA6fzP0lMAQ4kz6CF61w8', 'url': 'https://open.spotify.com/artist/2bA6fzP0lMAQ4kz6CF61w8'}","chan":"stdout","logger":"task"}
{"timestamp":"2025-12-05T20:55:01.273803Z","level":"info","event":"https://musicbrainz.org/ws/2/url?resource=https://open.spotify.com/artist/2bA6fzP0lMAQ4kz6CF61w8&inc=artist-rels&fmt=json","chan":"stdout","logger":"task"}
{"timestamp":"2025-12-05T20:55:01.389943Z","level":"info","event":"https://musicbrainz.org/ws/2/artist/2f951906-5629-4fef-a260-5033151c162a?inc=tags&fmt=json","chan":"stdout","logger":"task"}
{"timestamp":"2025-12-05T20:55:02.507908Z","level":"info","event":"{'name': 'John Legend', 'id': '5y2Xq6xcjJb2jVM54GHK3t', 'url': 'https://open.spotify.com/artist/5y2Xq6xcjJb2jVM54GHK3t'}","chan":"stdout","logger":"task"}
{"timestamp":"2025-12-05T20:55:02.511176Z","level":"info","event":"https://musicbrainz.org/ws/2/url?resource=https://open.spotify.com/artist/5y2Xq6xcjJb2jVM54GHK3t&inc=artist-rels&fmt=json","chan":"stdout","logger":"task"}
{"timestamp":"2025-12-05T20:55:02.633460Z","level":"info","event":"https://musicbrainz.org/ws/2/artist/75a72702-a5ef-4513-bca5-c5b944903546?inc=tags&fmt=json","chan":"stdout","logger":"task"}
{"timestamp":"2025-12-05T20:55:03.835912Z","level":"info","event":"{'name': 'Ludacris', 'id': '3ipn9JLAPI5GUEo4y4jcoi', 'url': 'https://open.spotify.com/artist/3ipn9JLAPI5GUEo4y4jcoi'}","chan":"stdout","logger":"task"}
{"timestamp":"2025-12-05T20:55:03.850264Z","level":"info","event":"https://musicbrainz.org/ws/2/url?resource=https://open.spotify.com/artist/3ipn9JLAPI5GUEo4y4jcoi&inc=artist-rels&fmt=json","chan":"stdout","logger":"task"}
{"timestamp":"2025-12-05T20:55:03.987570Z","level":"info","event":"https://musicbrainz.org/ws/2/artist/0638ba22-040f-438d-83a5-9b670c4adaf5?inc=tags&fmt=json","chan":"stdout","logger":"task"}
{"timestamp":"2025-12-05T20:55:05.102765Z","level":"info","event":"{'name': 'Trey Songz', 'id': '2iojnBLj0qIMiKPvVhLnsH', 'url': 'https://open.spotify.com/artist/2iojnBLj0qIMiKPvVhLnsH'}","chan":"stdout","logger":"task"}
{"timestamp":"2025-12-05T20:55:05.105023Z","level":"info","event":"https://musicbrainz.org/ws/2/url?resource=https://open.spotify.com/artist/2iojnBLj0qIMiKPvVhLnsH&inc=artist-rels&fmt=json","chan":"stdout","logger":"task"}
{"timestamp":"2025-12-05T20:55:05.219872Z","level":"info","event":"https://musicbrainz.org/ws/2/artist/4d7304f6-7fe3-4959-9d98-01a5af84afe6?inc=tags&fmt=json","chan":"stdout","logger":"task"}
{"timestamp":"2025-12-05T20:55:06.336905Z","level":"info","event":"{'name': 'DJ Khaled', 'id': '0QHgL1lAIqAw0HtD7YldmP', 'url': 'https://open.spotify.com/artist/0QHgL1lAIqAw0HtD7YldmP'}","chan":"stdout","logger":"task"}
{"timestamp":"2025-12-05T20:55:06.345621Z","level":"info","event":"https://musicbrainz.org/ws/2/url?resource=https://open.spotify.com/artist/0QHgL1lAIqAw0HtD7YldmP&inc=artist-rels&fmt=json","chan":"stdout","logger":"task"}
{"timestamp":"2025-12-05T20:55:06.474909Z","level":"info","event":"https://musicbrainz.org/ws/2/artist/081a2d60-9791-4e05-a075-f1890355eeee?inc=tags&fmt=json","chan":"stdout","logger":"task"}
{"timestamp":"2025-12-05T20:55:07.586433Z","level":"info","event":"{'name': 'Rick Ross', 'id': '1sBkRIssrMs1AbVkOJbc7a', 'url': 'https://open.spotify.com/artist/1sBkRIssrMs1AbVkOJbc7a'}","chan":"stdout","logger":"task"}
{"timestamp":"2025-12-05T20:55:07.592338Z","level":"info","event":"https://musicbrainz.org/ws/2/url?resource=https://open.spotify.com/artist/1sBkRIssrMs1AbVkOJbc7a&inc=artist-rels&fmt=json","chan":"stdout","logger":"task"}
{"timestamp":"2025-12-05T20:55:07.716592Z","level":"info","event":"https://musicbrainz.org/ws/2/artist/13bcb2bb-db37-4397-baf5-e0f085be2d64?inc=tags&fmt=json","chan":"stdout","logger":"task"}
{"timestamp":"2025-12-05T20:55:08.849012Z","level":"info","event":"{'name': 'Gloriana', 'id': '5RjqSn7vYk8Qb9GeLWRRhB', 'url': 'https://open.spotify.com/artist/5RjqSn7vYk8Qb9GeLWRRhB'}","chan":"stdout","logger":"task"}
{"timestamp":"2025-12-05T20:55:08.850272Z","level":"info","event":"https://musicbrainz.org/ws/2/url?resource=https://open.spotify.com/artist/5RjqSn7vYk8Qb9GeLWRRhB&inc=artist-rels&fmt=json","chan":"stdout","logger":"task"}
{"timestamp":"2025-12-05T20:55:08.967760Z","level":"info","event":"https://musicbrainz.org/ws/2/artist/45ee3bf0-7ef7-4a87-81e3-a5867473b93d?inc=tags&fmt=json","chan":"stdout","logger":"task"}
{"timestamp":"2025-12-05T20:55:10.083100Z","level":"info","event":"{'name': 'Of Monsters and Men', 'id': '4dwdTW1Lfiq0cM8nBAqIIz', 'url': 'https://open.spotify.com/artist/4dwdTW1Lfiq0cM8nBAqIIz'}","chan":"stdout","logger":"task"}
{"timestamp":"2025-12-05T20:55:10.084479Z","level":"info","event":"https://musicbrainz.org/ws/2/url?resource=https://open.spotify.com/artist/4dwdTW1Lfiq0cM8nBAqIIz&inc=artist-rels&fmt=json","chan":"stdout","logger":"task"}
{"timestamp":"2025-12-05T20:55:10.195262Z","level":"info","event":"https://musicbrainz.org/ws/2/artist/9e103f85-7af7-41d7-b83b-49ba8f0c5abf?inc=tags&fmt=json","chan":"stdout","logger":"task"}
{"timestamp":"2025-12-05T20:55:10.298426Z","level":"info","event":"Rate limit hit. Retrying in 1s...","chan":"stdout","logger":"task"}
{"timestamp":"2025-12-05T20:55:12.453037Z","level":"info","event":"{'name': 'The Civil Wars', 'id': '6J7rw7NELJUCThPbAfyLIE', 'url': 'https://open.spotify.com/artist/6J7rw7NELJUCThPbAfyLIE'}","chan":"stdout","logger":"task"}
{"timestamp":"2025-12-05T20:55:12.457624Z","level":"info","event":"https://musicbrainz.org/ws/2/url?resource=https://open.spotify.com/artist/6J7rw7NELJUCThPbAfyLIE&inc=artist-rels&fmt=json","chan":"stdout","logger":"task"}
{"timestamp":"2025-12-05T20:55:12.580108Z","level":"info","event":"https://musicbrainz.org/ws/2/artist/91dad7e7-0bf6-47e8-bd42-ef1fac32c729?inc=tags&fmt=json","chan":"stdout","logger":"task"}
{"timestamp":"2025-12-05T20:55:13.690524Z","level":"info","event":"{'name': 'Josh Turner', 'id': '7vCtweS8UVAXTyau2j0rDT', 'url': 'https://open.spotify.com/artist/7vCtweS8UVAXTyau2j0rDT'}","chan":"stdout","logger":"task"}
{"timestamp":"2025-12-05T20:55:13.691757Z","level":"info","event":"https://musicbrainz.org/ws/2/url?resource=https://open.spotify.com/artist/7vCtweS8UVAXTyau2j0rDT&inc=artist-rels&fmt=json","chan":"stdout","logger":"task"}
{"timestamp":"2025-12-05T20:55:13.825073Z","level":"info","event":"HTTP 404: Not Found","chan":"stdout","logger":"task"}
{"timestamp":"2025-12-05T20:55:13.825297Z","level":"info","event":"unable to get mbid for https://open.spotify.com/artist/7vCtweS8UVAXTyau2j0rDT","chan":"stdout","logger":"task"}
{"timestamp":"2025-12-05T20:55:14.829452Z","level":"info","event":"{'name': 'Hunter Hayes', 'id': '7H6dkUChT5EoOQtUVMg4cN', 'url': 'https://open.spotify.com/artist/7H6dkUChT5EoOQtUVMg4cN'}","chan":"stdout","logger":"task"}
{"timestamp":"2025-12-05T20:55:14.830337Z","level":"info","event":"https://musicbrainz.org/ws/2/url?resource=https://open.spotify.com/artist/7H6dkUChT5EoOQtUVMg4cN&inc=artist-rels&fmt=json","chan":"stdout","logger":"task"}
{"timestamp":"2025-12-05T20:55:15.048855Z","level":"info","event":"https://musicbrainz.org/ws/2/artist/0c75ddc6-2b5d-4b01-8c99-3d9479a14683?inc=tags&fmt=json","chan":"stdout","logger":"task"}
{"timestamp":"2025-12-05T20:55:16.454267Z","level":"info","event":"{'name': 'The Weeknd', 'id': '1Xyo4u8uXC1ZmMpatF05PJ', 'url': 'https://open.spotify.com/artist/1Xyo4u8uXC1ZmMpatF05PJ'}","chan":"stdout","logger":"task"}
{"timestamp":"2025-12-05T20:55:16.455314Z","level":"info","event":"https://musicbrainz.org/ws/2/url?resource=https://open.spotify.com/artist/1Xyo4u8uXC1ZmMpatF05PJ&inc=artist-rels&fmt=json","chan":"stdout","logger":"task"}
{"timestamp":"2025-12-05T20:55:16.567339Z","level":"info","event":"https://musicbrainz.org/ws/2/artist/c8b03190-306c-4120-bb0b-6f2ebfc06ea9?inc=tags&fmt=json","chan":"stdout","logger":"task"}
{"timestamp":"2025-12-05T20:55:17.710746Z","level":"info","event":"{'name': 'Michel Teló', 'id': '1sDVuztNhGcetCLChkleDA', 'url': 'https://open.spotify.com/artist/1sDVuztNhGcetCLChkleDA'}","chan":"stdout","logger":"task"}
{"timestamp":"2025-12-05T20:55:17.712350Z","level":"info","event":"https://musicbrainz.org/ws/2/url?resource=https://open.spotify.com/artist/1sDVuztNhGcetCLChkleDA&inc=artist-rels&fmt=json","chan":"stdout","logger":"task"}
{"timestamp":"2025-12-05T20:55:17.831694Z","level":"info","event":"https://musicbrainz.org/ws/2/artist/6d00cc0d-2027-41d4-be9f-13770037354b?inc=tags&fmt=json","chan":"stdout","logger":"task"}
{"timestamp":"2025-12-05T20:55:18.948693Z","level":"info","event":"{'name': 'Andy Grammer', 'id': '2oX42qP5ineK3hrhBECLmj', 'url': 'https://open.spotify.com/artist/2oX42qP5ineK3hrhBECLmj'}","chan":"stdout","logger":"task"}
{"timestamp":"2025-12-05T20:55:18.951369Z","level":"info","event":"https://musicbrainz.org/ws/2/url?resource=https://open.spotify.com/artist/2oX42qP5ineK3hrhBECLmj&inc=artist-rels&fmt=json","chan":"stdout","logger":"task"}
{"timestamp":"2025-12-05T20:55:19.068425Z","level":"info","event":"https://musicbrainz.org/ws/2/artist/9e60ea29-9607-4f7d-aa96-2092ef41f0d3?inc=tags&fmt=json","chan":"stdout","logger":"task"}
{"timestamp":"2025-12-05T20:55:20.176902Z","level":"info","event":"{'name': 'Skrillex', 'id': '5he5w2lnU9x7JFhnwcekXX', 'url': 'https://open.spotify.com/artist/5he5w2lnU9x7JFhnwcekXX'}","chan":"stdout","logger":"task"}
{"timestamp":"2025-12-05T20:55:20.178373Z","level":"info","event":"https://musicbrainz.org/ws/2/url?resource=https://open.spotify.com/artist/5he5w2lnU9x7JFhnwcekXX&inc=artist-rels&fmt=json","chan":"stdout","logger":"task"}
{"timestamp":"2025-12-05T20:55:20.300340Z","level":"info","event":"https://musicbrainz.org/ws/2/artist/ae002c5d-aac6-490b-a39a-30aa9e2edf2b?inc=tags&fmt=json","chan":"stdout","logger":"task"}
{"timestamp":"2025-12-05T20:55:21.466623Z","level":"info","event":"{'name': 'Sirah', 'id': '3oAazIwC0nAYkOKVQPUC38', 'url': 'https://open.spotify.com/artist/3oAazIwC0nAYkOKVQPUC38'}","chan":"stdout","logger":"task"}
{"timestamp":"2025-12-05T20:55:21.467705Z","level":"info","event":"https://musicbrainz.org/ws/2/url?resource=https://open.spotify.com/artist/3oAazIwC0nAYkOKVQPUC38&inc=artist-rels&fmt=json","chan":"stdout","logger":"task"}
{"timestamp":"2025-12-05T20:55:21.580106Z","level":"info","event":"https://musicbrainz.org/ws/2/artist/e451c0ae-5dbe-42d2-9830-9bc96efa3ea9?inc=tags&fmt=json","chan":"stdout","logger":"task"}
{"timestamp":"2025-12-05T20:55:22.695807Z","level":"info","event":"{'name': 'Chris Cagle', 'id': '1zhIzONVRlTfD1VQRauHMl', 'url': 'https://open.spotify.com/artist/1zhIzONVRlTfD1VQRauHMl'}","chan":"stdout","logger":"task"}
{"timestamp":"2025-12-05T20:55:22.697727Z","level":"info","event":"https://musicbrainz.org/ws/2/url?resource=https://open.spotify.com/artist/1zhIzONVRlTfD1VQRauHMl&inc=artist-rels&fmt=json","chan":"stdout","logger":"task"}
{"timestamp":"2025-12-05T20:55:22.808328Z","level":"info","event":"https://musicbrainz.org/ws/2/artist/533aaba8-82a2-451b-a99b-a24392696543?inc=tags&fmt=json","chan":"stdout","logger":"task"}
{"timestamp":"2025-12-05T20:55:23.929141Z","level":"info","event":"{'name': 'Craig Morgan', 'id': '6ktyNEnEukKzskQEiXgCFD', 'url': 'https://open.spotify.com/artist/6ktyNEnEukKzskQEiXgCFD'}","chan":"stdout","logger":"task"}
{"timestamp":"2025-12-05T20:55:23.929899Z","level":"info","event":"https://musicbrainz.org/ws/2/url?resource=https://open.spotify.com/artist/6ktyNEnEukKzskQEiXgCFD&inc=artist-rels&fmt=json","chan":"stdout","logger":"task"}
{"timestamp":"2025-12-05T20:55:24.039474Z","level":"info","event":"https://musicbrainz.org/ws/2/artist/1415b94a-ae0d-4918-9100-1943e8227f1b?inc=tags&fmt=json","chan":"stdout","logger":"task"}
{"timestamp":"2025-12-05T20:55:25.163900Z","level":"info","event":"{'name': 'Fat Joe', 'id': '3ScY9CQxNLQei8Umvpx5g6', 'url': 'https://open.spotify.com/artist/3ScY9CQxNLQei8Umvpx5g6'}","chan":"stdout","logger":"task"}
{"timestamp":"2025-12-05T20:55:25.165220Z","level":"info","event":"https://musicbrainz.org/ws/2/url?resource=https://open.spotify.com/artist/3ScY9CQxNLQei8Umvpx5g6&inc=artist-rels&fmt=json","chan":"stdout","logger":"task"}
{"timestamp":"2025-12-05T20:55:25.287204Z","level":"info","event":"https://musicbrainz.org/ws/2/artist/a6a4c910-2b22-4a6f-aebe-805b176c47b8?inc=tags&fmt=json","chan":"stdout","logger":"task"}
{"timestamp":"2025-12-05T20:55:26.393000Z","level":"info","event":"{'name': 'Jana Kramer', 'id': '2PaRhxWFaqCUZybJDDoNrf', 'url': 'https://open.spotify.com/artist/2PaRhxWFaqCUZybJDDoNrf'}","chan":"stdout","logger":"task"}
{"timestamp":"2025-12-05T20:55:26.394309Z","level":"info","event":"https://musicbrainz.org/ws/2/url?resource=https://open.spotify.com/artist/2PaRhxWFaqCUZybJDDoNrf&inc=artist-rels&fmt=json","chan":"stdout","logger":"task"}
{"timestamp":"2025-12-05T20:55:26.613415Z","level":"info","event":"https://musicbrainz.org/ws/2/artist/7ccdfc16-1b38-4368-b286-13e0c8b0bd0e?inc=tags&fmt=json","chan":"stdout","logger":"task"}
{"timestamp":"2025-12-05T20:55:27.792352Z","level":"info","event":"{'name': 'Future', 'id': '1RyvyyTE3xzB2ZywiAwp0i', 'url': 'https://open.spotify.com/artist/1RyvyyTE3xzB2ZywiAwp0i'}","chan":"stdout","logger":"task"}
{"timestamp":"2025-12-05T20:55:27.802065Z","level":"info","event":"https://musicbrainz.org/ws/2/url?resource=https://open.spotify.com/artist/1RyvyyTE3xzB2ZywiAwp0i&inc=artist-rels&fmt=json","chan":"stdout","logger":"task"}
{"timestamp":"2025-12-05T20:55:27.914732Z","level":"info","event":"https://musicbrainz.org/ws/2/artist/48262e82-db9f-4a92-b650-dfef979b73ec?inc=tags&fmt=json","chan":"stdout","logger":"task"}
{"timestamp":"2025-12-05T20:55:29.023995Z","level":"info","event":"{'name': 'Diddy', 'id': '59wfkuBoNyhDMQGCljbUbA', 'url': 'https://open.spotify.com/artist/59wfkuBoNyhDMQGCljbUbA'}","chan":"stdout","logger":"task"}
{"timestamp":"2025-12-05T20:55:29.025517Z","level":"info","event":"https://musicbrainz.org/ws/2/url?resource=https://open.spotify.com/artist/59wfkuBoNyhDMQGCljbUbA&inc=artist-rels&fmt=json","chan":"stdout","logger":"task"}
{"timestamp":"2025-12-05T20:55:29.231559Z","level":"info","event":"https://musicbrainz.org/ws/2/artist/cabb4fcf-4067-4ba5-908d-76ee66fcf0c6?inc=tags&fmt=json","chan":"stdout","logger":"task"}
{"timestamp":"2025-12-05T20:55:30.441272Z","level":"info","event":"{'name': 'The Band Perry', 'id': '75FnCoo4FBxH5K1Rrx0k5A', 'url': 'https://open.spotify.com/artist/75FnCoo4FBxH5K1Rrx0k5A'}","chan":"stdout","logger":"task"}
{"timestamp":"2025-12-05T20:55:30.442779Z","level":"info","event":"https://musicbrainz.org/ws/2/url?resource=https://open.spotify.com/artist/75FnCoo4FBxH5K1Rrx0k5A&inc=artist-rels&fmt=json","chan":"stdout","logger":"task"}
{"timestamp":"2025-12-05T20:55:30.588783Z","level":"info","event":"https://musicbrainz.org/ws/2/artist/28955336-2348-488a-9381-e3a7b0107343?inc=tags&fmt=json","chan":"stdout","logger":"task"}
{"timestamp":"2025-12-05T20:55:30.693899Z","level":"info","event":"Rate limit hit. Retrying in 1s...","chan":"stdout","logger":"task"}
{"timestamp":"2025-12-05T20:55:33.021894Z","level":"info","event":"Fetching audio details for 98 songs...","chan":"stdout","logger":"task"}
{"timestamp":"2025-12-05T20:55:33.025587Z","level":"info","event":"  Fetching batch 1/3 (40 songs)...","chan":"stdout","logger":"task"}
{"timestamp":"2025-12-05T20:55:34.230836Z","level":"info","event":"  Retrieved 27 song details","chan":"stdout","logger":"task"}
{"timestamp":"2025-12-05T20:55:36.236034Z","level":"info","event":"  Fetching batch 2/3 (40 songs)...","chan":"stdout","logger":"task"}
{"timestamp":"2025-12-05T20:55:37.273456Z","level":"info","event":"  Retrieved 28 song details","chan":"stdout","logger":"task"}
{"timestamp":"2025-12-05T20:55:39.279385Z","level":"info","event":"  Fetching batch 3/3 (18 songs)...","chan":"stdout","logger":"task"}
{"timestamp":"2025-12-05T20:55:40.255395Z","level":"info","event":"  Retrieved 16 song details","chan":"stdout","logger":"task"}
{"timestamp":"2025-12-05T20:55:40.257847Z","level":"info","event":"Fetching audio analysis for 71 songs...","chan":"stdout","logger":"task"}
{"timestamp":"2025-12-05T20:55:51.087853Z","level":"info","event":"  Processing audio analysis 10/71...","chan":"stdout","logger":"task"}
{"timestamp":"2025-12-05T20:56:03.071895Z","level":"info","event":"  Processing audio analysis 20/71...","chan":"stdout","logger":"task"}
{"timestamp":"2025-12-05T20:56:14.775826Z","level":"info","event":"  Processing audio analysis 30/71...","chan":"stdout","logger":"task"}
{"timestamp":"2025-12-05T20:56:25.294361Z","level":"info","event":"  Processing audio analysis 40/71...","chan":"stdout","logger":"task"}
{"timestamp":"2025-12-05T20:56:40.352161Z","level":"info","event":"  Processing audio analysis 50/71...","chan":"stdout","logger":"task"}
{"timestamp":"2025-12-05T20:56:50.585324Z","level":"info","event":"  Processing audio analysis 60/71...","chan":"stdout","logger":"task"}
