{"timestamp":"2025-12-06T08:19:29.755353","level":"info","event":"DAG bundles loaded: dags-folder, example_dags","logger":"airflow.dag_processing.bundles.manager.DagBundlesManager"}
{"timestamp":"2025-12-06T08:19:29.756079","level":"info","event":"Filling up the DagBag from /opt/airflow/dags/music_load_dag.py","logger":"airflow.models.dagbag.DagBag"}
{"timestamp":"2025-12-06T08:19:29.878508Z","level":"info","event":"postgresql+psycopg2://airflow:airflow@postgres/airflow","chan":"stdout","logger":"task"}
{"timestamp":"2025-12-06T08:19:29.928091Z","level":"info","event":"Task instance is in running state","chan":"stdout","logger":"task"}
{"timestamp":"2025-12-06T08:19:29.929991Z","level":"info","event":" Previous state of the Task instance: TaskInstanceState.QUEUED","chan":"stdout","logger":"task"}
{"timestamp":"2025-12-06T08:19:29.930863Z","level":"info","event":"Current task name:load_music_data","chan":"stdout","logger":"task"}
{"timestamp":"2025-12-06T08:19:29.931267Z","level":"info","event":"Dag name:weekly_music_pipeline","chan":"stdout","logger":"task"}
{"timestamp":"2025-12-06T08:19:44.116450Z","level":"info","event":"  Searching Spotify for 100 songs...","chan":"stdout","logger":"task"}
{"timestamp":"2025-12-06T08:19:44.119960Z","level":"info","event":"  Processing song 1/100: We Are Never Ever Getting Back Together by Taylor Swift","chan":"stdout","logger":"task"}
{"timestamp":"2025-12-06T08:19:45.568877Z","level":"info","event":"1","chan":"stdout","logger":"task"}
{"timestamp":"2025-12-06T08:19:46.978021Z","level":"info","event":"2","chan":"stdout","logger":"task"}
{"timestamp":"2025-12-06T08:19:47.732517Z","level":"info","event":"3","chan":"stdout","logger":"task"}
{"timestamp":"2025-12-06T08:19:48.475495Z","level":"info","event":"4","chan":"stdout","logger":"task"}
{"timestamp":"2025-12-06T08:19:49.187216Z","level":"info","event":"5","chan":"stdout","logger":"task"}
{"timestamp":"2025-12-06T08:19:50.114365Z","level":"info","event":"6","chan":"stdout","logger":"task"}
{"timestamp":"2025-12-06T08:19:50.766981Z","level":"info","event":"7","chan":"stdout","logger":"task"}
{"timestamp":"2025-12-06T08:19:51.543673Z","level":"info","event":"8","chan":"stdout","logger":"task"}
{"timestamp":"2025-12-06T08:19:52.227507Z","level":"info","event":"9","chan":"stdout","logger":"task"}
{"timestamp":"2025-12-06T08:19:52.228228Z","level":"info","event":"  Processing song 10/100: Too Close by Alex Clare","chan":"stdout","logger":"task"}
{"timestamp":"2025-12-06T08:19:52.891692Z","level":"info","event":"10","chan":"stdout","logger":"task"}
{"timestamp":"2025-12-06T08:19:53.710649Z","level":"info","event":"11","chan":"stdout","logger":"task"}
{"timestamp":"2025-12-06T08:19:54.338633Z","level":"info","event":"12","chan":"stdout","logger":"task"}
{"timestamp":"2025-12-06T08:19:55.146896Z","level":"info","event":"13","chan":"stdout","logger":"task"}
{"timestamp":"2025-12-06T08:19:55.988610Z","level":"info","event":"14","chan":"stdout","logger":"task"}
{"timestamp":"2025-12-06T08:19:56.673682Z","level":"info","event":"15","chan":"stdout","logger":"task"}
{"timestamp":"2025-12-06T08:19:57.415640Z","level":"info","event":"16","chan":"stdout","logger":"task"}
{"timestamp":"2025-12-06T08:19:58.211082Z","level":"info","event":"17","chan":"stdout","logger":"task"}
{"timestamp":"2025-12-06T08:19:58.951043Z","level":"info","event":"18","chan":"stdout","logger":"task"}
{"timestamp":"2025-12-06T08:19:59.582357Z","level":"info","event":"19","chan":"stdout","logger":"task"}
{"timestamp":"2025-12-06T08:19:59.584070Z","level":"info","event":"  Processing song 20/100: Where Have You Been by Rihanna","chan":"stdout","logger":"task"}
{"timestamp":"2025-12-06T08:20:00.227289Z","level":"info","event":"20","chan":"stdout","logger":"task"}
{"timestamp":"2025-12-06T08:20:00.912222Z","level":"info","event":"21","chan":"stdout","logger":"task"}
{"timestamp":"2025-12-06T08:20:01.711584Z","level":"info","event":"22","chan":"stdout","logger":"task"}
{"timestamp":"2025-12-06T08:20:02.276251Z","level":"info","event":"23","chan":"stdout","logger":"task"}
{"timestamp":"2025-12-06T08:20:03.011878Z","level":"info","event":"24","chan":"stdout","logger":"task"}
{"timestamp":"2025-12-06T08:20:03.849103Z","level":"info","event":"25","chan":"stdout","logger":"task"}
{"timestamp":"2025-12-06T08:20:04.534423Z","level":"info","event":"26","chan":"stdout","logger":"task"}
{"timestamp":"2025-12-06T08:20:05.205382Z","level":"info","event":"27","chan":"stdout","logger":"task"}
{"timestamp":"2025-12-06T08:20:05.780275Z","level":"info","event":"28","chan":"stdout","logger":"task"}
{"timestamp":"2025-12-06T08:20:06.474837Z","level":"info","event":"29","chan":"stdout","logger":"task"}
{"timestamp":"2025-12-06T08:20:06.476161Z","level":"info","event":"  Processing song 30/100: Let's Go by Calvin Harris Featuring Ne-Yo","chan":"stdout","logger":"task"}
{"timestamp":"2025-12-06T08:20:16.640000Z","level":"info","event":"Network error getting access token: HTTPSConnectionPool(host='accounts.spotify.com', port=443): Read timed out. (read timeout=10). Retrying in 1s (attempt 1/3)...","chan":"stdout","logger":"task"}
{"timestamp":"2025-12-06T08:20:18.346890Z","level":"info","event":"30","chan":"stdout","logger":"task"}
{"timestamp":"2025-12-06T08:20:19.083537Z","level":"info","event":"31","chan":"stdout","logger":"task"}
{"timestamp":"2025-12-06T08:20:19.928935Z","level":"info","event":"32","chan":"stdout","logger":"task"}
{"timestamp":"2025-12-06T08:20:20.531838Z","level":"info","event":"33","chan":"stdout","logger":"task"}
{"timestamp":"2025-12-06T08:20:21.269110Z","level":"info","event":"34","chan":"stdout","logger":"task"}
{"timestamp":"2025-12-06T08:20:21.901081Z","level":"info","event":"35","chan":"stdout","logger":"task"}
{"timestamp":"2025-12-06T08:20:22.624606Z","level":"info","event":"36","chan":"stdout","logger":"task"}
{"timestamp":"2025-12-06T08:20:23.439807Z","level":"info","event":"37","chan":"stdout","logger":"task"}
{"timestamp":"2025-12-06T08:20:24.162404Z","level":"info","event":"38","chan":"stdout","logger":"task"}
{"timestamp":"2025-12-06T08:20:24.892932Z","level":"info","event":"39","chan":"stdout","logger":"task"}
{"timestamp":"2025-12-06T08:20:24.893220Z","level":"info","event":"  Processing song 40/100: Drive By by Train","chan":"stdout","logger":"task"}
{"timestamp":"2025-12-06T08:20:25.613023Z","level":"info","event":"40","chan":"stdout","logger":"task"}
{"timestamp":"2025-12-06T08:20:26.197435Z","level":"info","event":"41","chan":"stdout","logger":"task"}
{"timestamp":"2025-12-06T08:20:27.002565Z","level":"info","event":"42","chan":"stdout","logger":"task"}
{"timestamp":"2025-12-06T08:20:27.668458Z","level":"info","event":"43","chan":"stdout","logger":"task"}
{"timestamp":"2025-12-06T08:38:04.305479Z","level":"info","event":"44","chan":"stdout","logger":"task"}
{"timestamp":"2025-12-06T08:38:06.207122Z","level":"info","event":"45","chan":"stdout","logger":"task"}
{"timestamp":"2025-12-06T08:38:07.770803Z","level":"info","event":"46","chan":"stdout","logger":"task"}
