{"timestamp":"2025-12-05T05:25:05.447639","level":"info","event":"DAG bundles loaded: dags-folder, example_dags","logger":"airflow.dag_processing.bundles.manager.DagBundlesManager"}
{"timestamp":"2025-12-05T05:25:05.450526","level":"info","event":"Filling up the DagBag from /opt/airflow/dags/music_load_dag.py","logger":"airflow.models.dagbag.DagBag"}
{"timestamp":"2025-12-05T05:25:06.095435Z","level":"info","event":"postgresql+psycopg2://airflow:airflow@postgres/airflow","chan":"stdout","logger":"task"}
{"timestamp":"2025-12-05T05:25:06.169219Z","level":"info","event":"Task instance is in running state","chan":"stdout","logger":"task"}
{"timestamp":"2025-12-05T05:25:06.169452Z","level":"info","event":" Previous state of the Task instance: TaskInstanceState.QUEUED","chan":"stdout","logger":"task"}
{"timestamp":"2025-12-05T05:25:06.169738Z","level":"info","event":"Current task name:load_music_data","chan":"stdout","logger":"task"}
{"timestamp":"2025-12-05T05:25:06.169903Z","level":"info","event":"Dag name:weekly_music_pipeline","chan":"stdout","logger":"task"}
{"timestamp":"2025-12-05T05:25:23.312710Z","level":"info","event":"  Searching Spotify for 100 songs...","chan":"stdout","logger":"task"}
{"timestamp":"2025-12-05T05:25:23.316473Z","level":"info","event":"  Processing song 1/100: Give Me Everything by Pitbull Featuring Ne-Yo, Afrojack & Nayer","chan":"stdout","logger":"task"}
{"timestamp":"2025-12-05T05:25:23.991160Z","level":"info","event":"1","chan":"stdout","logger":"task"}
{"timestamp":"2025-12-05T05:25:24.691814Z","level":"info","event":"2","chan":"stdout","logger":"task"}
{"timestamp":"2025-12-05T05:25:25.347636Z","level":"info","event":"3","chan":"stdout","logger":"task"}
{"timestamp":"2025-12-05T05:25:25.998329Z","level":"info","event":"4","chan":"stdout","logger":"task"}
{"timestamp":"2025-12-05T05:25:26.673162Z","level":"info","event":"5","chan":"stdout","logger":"task"}
{"timestamp":"2025-12-05T05:25:27.348346Z","level":"info","event":"6","chan":"stdout","logger":"task"}
{"timestamp":"2025-12-05T05:25:28.119268Z","level":"info","event":"7","chan":"stdout","logger":"task"}
{"timestamp":"2025-12-05T05:25:28.819574Z","level":"info","event":"8","chan":"stdout","logger":"task"}
{"timestamp":"2025-12-05T05:25:29.491924Z","level":"info","event":"9","chan":"stdout","logger":"task"}
{"timestamp":"2025-12-05T05:25:29.493060Z","level":"info","event":"  Processing song 10/100: How To Love by Lil Wayne","chan":"stdout","logger":"task"}
{"timestamp":"2025-12-05T05:25:30.139235Z","level":"info","event":"10","chan":"stdout","logger":"task"}
{"timestamp":"2025-12-05T05:25:30.757935Z","level":"info","event":"11","chan":"stdout","logger":"task"}
{"timestamp":"2025-12-05T05:25:31.409216Z","level":"info","event":"12","chan":"stdout","logger":"task"}
{"timestamp":"2025-12-05T05:25:32.083491Z","level":"info","event":"13","chan":"stdout","logger":"task"}
{"timestamp":"2025-12-05T05:25:32.734566Z","level":"info","event":"14","chan":"stdout","logger":"task"}
{"timestamp":"2025-12-05T05:25:33.311081Z","level":"info","event":"15","chan":"stdout","logger":"task"}
{"timestamp":"2025-12-05T05:25:34.315838Z","level":"info","event":"16","chan":"stdout","logger":"task"}
{"timestamp":"2025-12-05T05:25:35.001468Z","level":"info","event":"17","chan":"stdout","logger":"task"}
{"timestamp":"2025-12-05T05:25:35.284024Z","level":"info","event":"18","chan":"stdout","logger":"task"}
{"timestamp":"2025-12-05T05:25:35.918423Z","level":"info","event":"19","chan":"stdout","logger":"task"}
{"timestamp":"2025-12-05T05:25:35.919311Z","level":"info","event":"  Processing song 20/100: I'm On One by DJ Khaled Featuring Drake, Rick Ross & Lil Wayne","chan":"stdout","logger":"task"}
{"timestamp":"2025-12-05T05:25:36.713217Z","level":"info","event":"20","chan":"stdout","logger":"task"}
{"timestamp":"2025-12-05T05:25:37.352128Z","level":"info","event":"21","chan":"stdout","logger":"task"}
{"timestamp":"2025-12-05T05:25:38.236905Z","level":"info","event":"22","chan":"stdout","logger":"task"}
{"timestamp":"2025-12-05T05:25:38.859759Z","level":"info","event":"23","chan":"stdout","logger":"task"}
{"timestamp":"2025-12-05T05:25:39.512372Z","level":"info","event":"24","chan":"stdout","logger":"task"}
{"timestamp":"2025-12-05T05:25:40.140087Z","level":"info","event":"25","chan":"stdout","logger":"task"}
{"timestamp":"2025-12-05T05:25:40.838913Z","level":"info","event":"26","chan":"stdout","logger":"task"}
{"timestamp":"2025-12-05T05:25:41.518748Z","level":"info","event":"27","chan":"stdout","logger":"task"}
{"timestamp":"2025-12-05T05:25:42.075324Z","level":"info","event":"28","chan":"stdout","logger":"task"}
{"timestamp":"2025-12-05T05:25:42.780312Z","level":"info","event":"29","chan":"stdout","logger":"task"}
{"timestamp":"2025-12-05T05:25:42.785322Z","level":"info","event":"  Processing song 30/100: She Ain't You by Chris Brown","chan":"stdout","logger":"task"}
{"timestamp":"2025-12-05T05:25:43.732410Z","level":"info","event":"30","chan":"stdout","logger":"task"}
{"timestamp":"2025-12-05T05:25:44.431620Z","level":"info","event":"31","chan":"stdout","logger":"task"}
{"timestamp":"2025-12-05T05:25:45.064982Z","level":"info","event":"32","chan":"stdout","logger":"task"}
{"timestamp":"2025-12-05T05:25:45.805323Z","level":"info","event":"33","chan":"stdout","logger":"task"}
{"timestamp":"2025-12-05T05:25:46.458106Z","level":"info","event":"34","chan":"stdout","logger":"task"}
{"timestamp":"2025-12-05T05:25:46.762461Z","level":"info","event":"35","chan":"stdout","logger":"task"}
{"timestamp":"2025-12-05T05:25:47.513468Z","level":"info","event":"36","chan":"stdout","logger":"task"}
{"timestamp":"2025-12-05T05:25:48.258875Z","level":"info","event":"37","chan":"stdout","logger":"task"}
{"timestamp":"2025-12-05T05:25:49.106397Z","level":"info","event":"38","chan":"stdout","logger":"task"}
{"timestamp":"2025-12-05T05:25:49.756370Z","level":"info","event":"39","chan":"stdout","logger":"task"}
{"timestamp":"2025-12-05T05:25:49.756677Z","level":"info","event":"  Processing song 40/100: For The First Time by The Script","chan":"stdout","logger":"task"}
{"timestamp":"2025-12-05T05:25:50.425172Z","level":"info","event":"40","chan":"stdout","logger":"task"}
{"timestamp":"2025-12-05T05:25:50.703472Z","level":"info","event":"41","chan":"stdout","logger":"task"}
{"timestamp":"2025-12-05T05:25:51.351622Z","level":"info","event":"42","chan":"stdout","logger":"task"}
{"timestamp":"2025-12-05T05:25:52.049649Z","level":"info","event":"43","chan":"stdout","logger":"task"}
{"timestamp":"2025-12-05T05:25:52.715101Z","level":"info","event":"44","chan":"stdout","logger":"task"}
{"timestamp":"2025-12-05T05:25:54.029855Z","level":"info","event":"45","chan":"stdout","logger":"task"}
{"timestamp":"2025-12-05T05:25:54.858607Z","level":"info","event":"46","chan":"stdout","logger":"task"}
{"timestamp":"2025-12-05T05:25:55.421051Z","level":"info","event":"47","chan":"stdout","logger":"task"}
{"timestamp":"2025-12-05T05:25:56.138357Z","level":"info","event":"48","chan":"stdout","logger":"task"}
{"timestamp":"2025-12-05T05:25:56.789344Z","level":"info","event":"49","chan":"stdout","logger":"task"}
{"timestamp":"2025-12-05T05:25:56.790247Z","level":"info","event":"  Processing song 50/100: Hello by Martin Solveig & Dragonette","chan":"stdout","logger":"task"}
{"timestamp":"2025-12-05T05:25:57.396035Z","level":"info","event":"50","chan":"stdout","logger":"task"}
{"timestamp":"2025-12-05T05:25:58.273811Z","level":"info","event":"51","chan":"stdout","logger":"task"}
{"timestamp":"2025-12-05T05:25:59.140486Z","level":"info","event":"52","chan":"stdout","logger":"task"}
{"timestamp":"2025-12-05T05:26:00.067041Z","level":"info","event":"53","chan":"stdout","logger":"task"}
{"timestamp":"2025-12-05T05:26:00.865817Z","level":"info","event":"54","chan":"stdout","logger":"task"}
{"timestamp":"2025-12-05T05:26:01.596622Z","level":"info","event":"55","chan":"stdout","logger":"task"}
{"timestamp":"2025-12-05T05:26:02.317015Z","level":"info","event":"56","chan":"stdout","logger":"task"}
{"timestamp":"2025-12-05T05:26:03.009960Z","level":"info","event":"57","chan":"stdout","logger":"task"}
{"timestamp":"2025-12-05T05:26:03.657522Z","level":"info","event":"58","chan":"stdout","logger":"task"}
{"timestamp":"2025-12-05T05:26:04.374284Z","level":"info","event":"59","chan":"stdout","logger":"task"}
{"timestamp":"2025-12-05T05:26:04.377434Z","level":"info","event":"  Processing song 60/100: Homeboy by Eric Church","chan":"stdout","logger":"task"}
{"timestamp":"2025-12-05T05:26:04.974254Z","level":"info","event":"60","chan":"stdout","logger":"task"}
{"timestamp":"2025-12-05T05:26:05.642750Z","level":"info","event":"61","chan":"stdout","logger":"task"}
{"timestamp":"2025-12-05T05:26:06.309549Z","level":"info","event":"62","chan":"stdout","logger":"task"}
{"timestamp":"2025-12-05T05:26:07.089025Z","level":"info","event":"63","chan":"stdout","logger":"task"}
{"timestamp":"2025-12-05T05:26:07.777300Z","level":"info","event":"64","chan":"stdout","logger":"task"}
{"timestamp":"2025-12-05T05:26:08.555317Z","level":"info","event":"65","chan":"stdout","logger":"task"}
{"timestamp":"2025-12-05T05:26:09.152053Z","level":"info","event":"66","chan":"stdout","logger":"task"}
{"timestamp":"2025-12-05T05:26:09.724101Z","level":"info","event":"67","chan":"stdout","logger":"task"}
{"timestamp":"2025-12-05T05:26:10.402973Z","level":"info","event":"68","chan":"stdout","logger":"task"}
{"timestamp":"2025-12-05T05:26:11.042266Z","level":"info","event":"69","chan":"stdout","logger":"task"}
{"timestamp":"2025-12-05T05:26:11.046014Z","level":"info","event":"  Processing song 70/100: Out Of My Head by Lupe Fiasco Featuring Trey Songz","chan":"stdout","logger":"task"}
{"timestamp":"2025-12-05T05:26:11.835318Z","level":"info","event":"70","chan":"stdout","logger":"task"}
{"timestamp":"2025-12-05T05:26:12.658052Z","level":"info","event":"71","chan":"stdout","logger":"task"}
{"timestamp":"2025-12-05T05:26:13.668190Z","level":"info","event":"72","chan":"stdout","logger":"task"}
{"timestamp":"2025-12-05T05:26:14.369788Z","level":"info","event":"73","chan":"stdout","logger":"task"}
{"timestamp":"2025-12-05T05:26:15.078417Z","level":"info","event":"74","chan":"stdout","logger":"task"}
{"timestamp":"2025-12-05T05:26:15.778383Z","level":"info","event":"75","chan":"stdout","logger":"task"}
{"timestamp":"2025-12-05T05:26:16.550811Z","level":"info","event":"76","chan":"stdout","logger":"task"}
{"timestamp":"2025-12-05T05:26:17.214258Z","level":"info","event":"77","chan":"stdout","logger":"task"}
{"timestamp":"2025-12-05T05:26:17.828393Z","level":"info","event":"78","chan":"stdout","logger":"task"}
{"timestamp":"2025-12-05T05:26:18.423433Z","level":"info","event":"79","chan":"stdout","logger":"task"}
{"timestamp":"2025-12-05T05:26:18.424412Z","level":"info","event":"  Processing song 80/100: Hustle Hard by Ace Hood","chan":"stdout","logger":"task"}
{"timestamp":"2025-12-05T05:26:19.075660Z","level":"info","event":"80","chan":"stdout","logger":"task"}
{"timestamp":"2025-12-05T05:26:19.801184Z","level":"info","event":"81","chan":"stdout","logger":"task"}
{"timestamp":"2025-12-05T05:26:20.423599Z","level":"info","event":"82","chan":"stdout","logger":"task"}
{"timestamp":"2025-12-05T05:26:21.083488Z","level":"info","event":"83","chan":"stdout","logger":"task"}
{"timestamp":"2025-12-05T05:26:21.886573Z","level":"info","event":"84","chan":"stdout","logger":"task"}
{"timestamp":"2025-12-05T05:26:22.956928Z","level":"info","event":"85","chan":"stdout","logger":"task"}
{"timestamp":"2025-12-05T05:26:23.738332Z","level":"info","event":"86","chan":"stdout","logger":"task"}
{"timestamp":"2025-12-05T05:26:24.725411Z","level":"info","event":"87","chan":"stdout","logger":"task"}
{"timestamp":"2025-12-05T05:26:25.357958Z","level":"info","event":"88","chan":"stdout","logger":"task"}
{"timestamp":"2025-12-05T05:26:26.001906Z","level":"info","event":"89","chan":"stdout","logger":"task"}
{"timestamp":"2025-12-05T05:26:26.004093Z","level":"info","event":"  Processing song 90/100: Love Done Gone by Billy Currington","chan":"stdout","logger":"task"}
{"timestamp":"2025-12-05T05:26:26.590627Z","level":"info","event":"90","chan":"stdout","logger":"task"}
{"timestamp":"2025-12-05T05:26:27.298836Z","level":"info","event":"91","chan":"stdout","logger":"task"}
{"timestamp":"2025-12-05T05:26:28.185433Z","level":"info","event":"92","chan":"stdout","logger":"task"}
{"timestamp":"2025-12-05T05:26:28.791264Z","level":"info","event":"93","chan":"stdout","logger":"task"}
{"timestamp":"2025-12-05T05:26:29.506378Z","level":"info","event":"94","chan":"stdout","logger":"task"}
{"timestamp":"2025-12-05T05:26:30.470971Z","level":"info","event":"95","chan":"stdout","logger":"task"}
{"timestamp":"2025-12-05T05:26:31.074604Z","level":"info","event":"96","chan":"stdout","logger":"task"}
{"timestamp":"2025-12-05T05:26:31.729954Z","level":"info","event":"97","chan":"stdout","logger":"task"}
{"timestamp":"2025-12-05T05:26:32.773990Z","level":"info","event":"98","chan":"stdout","logger":"task"}
{"timestamp":"2025-12-05T05:26:33.391890Z","level":"info","event":"99","chan":"stdout","logger":"task"}
{"timestamp":"2025-12-05T05:26:33.392405Z","level":"info","event":"  Processing song 100/100: Country Must Be Country Wide by Brantley Gilbert","chan":"stdout","logger":"task"}
{"timestamp":"2025-12-05T05:26:34.076010Z","level":"info","event":"100","chan":"stdout","logger":"task"}
{"timestamp":"2025-12-05T05:26:34.076972Z","level":"info","event":"{'name': 'Pitbull', 'id': '0TnOYISbd1XYRBk9myaseg', 'url': 'https://open.spotify.com/artist/0TnOYISbd1XYRBk9myaseg'}","chan":"stdout","logger":"task"}
{"timestamp":"2025-12-05T05:26:34.077138Z","level":"info","event":"https://musicbrainz.org/ws/2/url?resource=https://open.spotify.com/artist/0TnOYISbd1XYRBk9myaseg&inc=artist-rels&fmt=json","chan":"stdout","logger":"task"}
{"timestamp":"2025-12-05T05:26:34.446592Z","level":"info","event":"https://musicbrainz.org/ws/2/artist/d262ea27-3ffe-40f7-b922-85c42d625e67?inc=tags&fmt=json","chan":"stdout","logger":"task"}
{"timestamp":"2025-12-05T05:26:35.585634Z","level":"info","event":"{'name': 'AFROJACK', 'id': '4D75GcNG95ebPtNvoNVXhz', 'url': 'https://open.spotify.com/artist/4D75GcNG95ebPtNvoNVXhz'}","chan":"stdout","logger":"task"}
{"timestamp":"2025-12-05T05:26:35.589729Z","level":"info","event":"https://musicbrainz.org/ws/2/url?resource=https://open.spotify.com/artist/4D75GcNG95ebPtNvoNVXhz&inc=artist-rels&fmt=json","chan":"stdout","logger":"task"}
{"timestamp":"2025-12-05T05:26:35.716480Z","level":"info","event":"https://musicbrainz.org/ws/2/artist/a3ee920f-4e7f-4993-8aca-4b8538cfaa4a?inc=tags&fmt=json","chan":"stdout","logger":"task"}
{"timestamp":"2025-12-05T05:26:36.841886Z","level":"info","event":"{'name': 'Ne-Yo', 'id': '21E3waRsmPlU7jZsS13rcj', 'url': 'https://open.spotify.com/artist/21E3waRsmPlU7jZsS13rcj'}","chan":"stdout","logger":"task"}
{"timestamp":"2025-12-05T05:26:36.843460Z","level":"info","event":"https://musicbrainz.org/ws/2/url?resource=https://open.spotify.com/artist/21E3waRsmPlU7jZsS13rcj&inc=artist-rels&fmt=json","chan":"stdout","logger":"task"}
{"timestamp":"2025-12-05T05:26:36.966582Z","level":"info","event":"https://musicbrainz.org/ws/2/artist/a4a01f5d-18e7-4571-8c3a-76ec0e24e2d7?inc=tags&fmt=json","chan":"stdout","logger":"task"}
{"timestamp":"2025-12-05T05:26:38.093110Z","level":"info","event":"{'name': 'Nayer', 'id': '1ruutHJcECI7cos2n5TqpO', 'url': 'https://open.spotify.com/artist/1ruutHJcECI7cos2n5TqpO'}","chan":"stdout","logger":"task"}
{"timestamp":"2025-12-05T05:26:38.095563Z","level":"info","event":"https://musicbrainz.org/ws/2/url?resource=https://open.spotify.com/artist/1ruutHJcECI7cos2n5TqpO&inc=artist-rels&fmt=json","chan":"stdout","logger":"task"}
{"timestamp":"2025-12-05T05:26:38.227725Z","level":"info","event":"https://musicbrainz.org/ws/2/artist/276d7d13-c0c4-4e67-a165-8e3764e4a2f3?inc=tags&fmt=json","chan":"stdout","logger":"task"}
{"timestamp":"2025-12-05T05:26:39.358975Z","level":"info","event":"{'name': 'Adele', 'id': '4dpARuHxo51G3z768sgnrY', 'url': 'https://open.spotify.com/artist/4dpARuHxo51G3z768sgnrY'}","chan":"stdout","logger":"task"}
{"timestamp":"2025-12-05T05:26:39.364330Z","level":"info","event":"https://musicbrainz.org/ws/2/url?resource=https://open.spotify.com/artist/4dpARuHxo51G3z768sgnrY&inc=artist-rels&fmt=json","chan":"stdout","logger":"task"}
{"timestamp":"2025-12-05T05:26:39.499350Z","level":"info","event":"https://musicbrainz.org/ws/2/artist/cc2c9c3c-b7bc-4b8b-84d8-4fbd8779e493?inc=tags&fmt=json","chan":"stdout","logger":"task"}
{"timestamp":"2025-12-05T05:26:40.621280Z","level":"info","event":"{'name': 'LMFAO', 'id': '3sgFRtyBnxXD5ESfmbK4dl', 'url': 'https://open.spotify.com/artist/3sgFRtyBnxXD5ESfmbK4dl'}","chan":"stdout","logger":"task"}
{"timestamp":"2025-12-05T05:26:40.622035Z","level":"info","event":"https://musicbrainz.org/ws/2/url?resource=https://open.spotify.com/artist/3sgFRtyBnxXD5ESfmbK4dl&inc=artist-rels&fmt=json","chan":"stdout","logger":"task"}
{"timestamp":"2025-12-05T05:26:40.747576Z","level":"info","event":"https://musicbrainz.org/ws/2/artist/ed5d9086-e8cd-473a-b96c-d81ad6c98f0d?inc=tags&fmt=json","chan":"stdout","logger":"task"}
{"timestamp":"2025-12-05T05:26:41.871815Z","level":"info","event":"{'name': 'Lauren Bennett', 'id': '2jLE4BoXHriQ96JagEtiDP', 'url': 'https://open.spotify.com/artist/2jLE4BoXHriQ96JagEtiDP'}","chan":"stdout","logger":"task"}
{"timestamp":"2025-12-05T05:26:41.872865Z","level":"info","event":"https://musicbrainz.org/ws/2/url?resource=https://open.spotify.com/artist/2jLE4BoXHriQ96JagEtiDP&inc=artist-rels&fmt=json","chan":"stdout","logger":"task"}
{"timestamp":"2025-12-05T05:26:42.000923Z","level":"info","event":"https://musicbrainz.org/ws/2/artist/131a8268-b0aa-4c5c-89fc-d0e618af3f45?inc=tags&fmt=json","chan":"stdout","logger":"task"}
{"timestamp":"2025-12-05T05:26:43.133231Z","level":"info","event":"{'name': 'GoonRock', 'id': '53sIBaVjXQhfH89Vu6nEGh', 'url': 'https://open.spotify.com/artist/53sIBaVjXQhfH89Vu6nEGh'}","chan":"stdout","logger":"task"}
{"timestamp":"2025-12-05T05:26:43.136514Z","level":"info","event":"https://musicbrainz.org/ws/2/url?resource=https://open.spotify.com/artist/53sIBaVjXQhfH89Vu6nEGh&inc=artist-rels&fmt=json","chan":"stdout","logger":"task"}
{"timestamp":"2025-12-05T05:26:43.274307Z","level":"info","event":"https://musicbrainz.org/ws/2/artist/727b0e62-ad3e-4e14-ae3c-f068b0a84195?inc=tags&fmt=json","chan":"stdout","logger":"task"}
{"timestamp":"2025-12-05T05:26:43.401729Z","level":"info","event":"Rate limit hit. Retrying in 1s...","chan":"stdout","logger":"task"}
{"timestamp":"2025-12-05T05:26:45.555817Z","level":"info","event":"{'name': 'Katy Perry', 'id': '6jJ0s89eD6GaHleKKya26X', 'url': 'https://open.spotify.com/artist/6jJ0s89eD6GaHleKKya26X'}","chan":"stdout","logger":"task"}
{"timestamp":"2025-12-05T05:26:45.559231Z","level":"info","event":"https://musicbrainz.org/ws/2/url?resource=https://open.spotify.com/artist/6jJ0s89eD6GaHleKKya26X&inc=artist-rels&fmt=json","chan":"stdout","logger":"task"}
{"timestamp":"2025-12-05T05:26:45.691607Z","level":"info","event":"https://musicbrainz.org/ws/2/artist/122d63fc-8671-43e4-9752-34e846d62a9c?inc=tags&fmt=json","chan":"stdout","logger":"task"}
{"timestamp":"2025-12-05T05:26:46.815458Z","level":"info","event":"{'name': 'Nicki Minaj', 'id': '0hCNtLu0JehylgoiP8L4Gh', 'url': 'https://open.spotify.com/artist/0hCNtLu0JehylgoiP8L4Gh'}","chan":"stdout","logger":"task"}
{"timestamp":"2025-12-05T05:26:46.816497Z","level":"info","event":"https://musicbrainz.org/ws/2/url?resource=https://open.spotify.com/artist/0hCNtLu0JehylgoiP8L4Gh&inc=artist-rels&fmt=json","chan":"stdout","logger":"task"}
{"timestamp":"2025-12-05T05:26:46.947038Z","level":"info","event":"https://musicbrainz.org/ws/2/artist/1036b808-f58c-4a3e-b461-a2c4492ecf1b?inc=tags&fmt=json","chan":"stdout","logger":"task"}
{"timestamp":"2025-12-05T05:26:48.070395Z","level":"info","event":"{'name': 'Lady Gaga', 'id': '1HY2Jd0NmPuamShAr6KMms', 'url': 'https://open.spotify.com/artist/1HY2Jd0NmPuamShAr6KMms'}","chan":"stdout","logger":"task"}
{"timestamp":"2025-12-05T05:26:48.070686Z","level":"info","event":"https://musicbrainz.org/ws/2/url?resource=https://open.spotify.com/artist/1HY2Jd0NmPuamShAr6KMms&inc=artist-rels&fmt=json","chan":"stdout","logger":"task"}
{"timestamp":"2025-12-05T05:26:48.203288Z","level":"info","event":"https://musicbrainz.org/ws/2/artist/650e7db6-b795-4eb5-a702-5ea2fc46c848?inc=tags&fmt=json","chan":"stdout","logger":"task"}
{"timestamp":"2025-12-05T05:26:49.339353Z","level":"info","event":"{'name': 'Maroon 5', 'id': '04gDigrS5kc9YWfZHwBETP', 'url': 'https://open.spotify.com/artist/04gDigrS5kc9YWfZHwBETP'}","chan":"stdout","logger":"task"}
{"timestamp":"2025-12-05T05:26:49.341829Z","level":"info","event":"https://musicbrainz.org/ws/2/url?resource=https://open.spotify.com/artist/04gDigrS5kc9YWfZHwBETP&inc=artist-rels&fmt=json","chan":"stdout","logger":"task"}
{"timestamp":"2025-12-05T05:26:49.463743Z","level":"info","event":"https://musicbrainz.org/ws/2/artist/0ab49580-c84f-44d4-875f-d83760ea2cfe?inc=tags&fmt=json","chan":"stdout","logger":"task"}
{"timestamp":"2025-12-05T05:26:50.589350Z","level":"info","event":"{'name': 'Christina Aguilera', 'id': '1l7ZsJRRS8wlW3WfJfPfNS', 'url': 'https://open.spotify.com/artist/1l7ZsJRRS8wlW3WfJfPfNS'}","chan":"stdout","logger":"task"}
{"timestamp":"2025-12-05T05:26:50.595193Z","level":"info","event":"https://musicbrainz.org/ws/2/url?resource=https://open.spotify.com/artist/1l7ZsJRRS8wlW3WfJfPfNS&inc=artist-rels&fmt=json","chan":"stdout","logger":"task"}
{"timestamp":"2025-12-05T05:26:50.742531Z","level":"info","event":"https://musicbrainz.org/ws/2/artist/b202beb7-99bd-47e7-8b72-195c8d72ebdd?inc=tags&fmt=json","chan":"stdout","logger":"task"}
{"timestamp":"2025-12-05T05:26:51.927965Z","level":"info","event":"{'name': 'Bruno Mars', 'id': '0du5cEVh5yTK9QJze8zA0C', 'url': 'https://open.spotify.com/artist/0du5cEVh5yTK9QJze8zA0C'}","chan":"stdout","logger":"task"}
{"timestamp":"2025-12-05T05:26:51.930644Z","level":"info","event":"https://musicbrainz.org/ws/2/url?resource=https://open.spotify.com/artist/0du5cEVh5yTK9QJze8zA0C&inc=artist-rels&fmt=json","chan":"stdout","logger":"task"}
{"timestamp":"2025-12-05T05:26:52.056785Z","level":"info","event":"https://musicbrainz.org/ws/2/artist/afb680f2-b6eb-4cd7-a70b-a63b25c763d5?inc=tags&fmt=json","chan":"stdout","logger":"task"}
{"timestamp":"2025-12-05T05:26:53.191726Z","level":"info","event":"{'name': 'Lil Wayne', 'id': '55Aa2cqylxrFIXC767Z865', 'url': 'https://open.spotify.com/artist/55Aa2cqylxrFIXC767Z865'}","chan":"stdout","logger":"task"}
{"timestamp":"2025-12-05T05:26:53.193023Z","level":"info","event":"https://musicbrainz.org/ws/2/url?resource=https://open.spotify.com/artist/55Aa2cqylxrFIXC767Z865&inc=artist-rels&fmt=json","chan":"stdout","logger":"task"}
{"timestamp":"2025-12-05T05:26:53.340933Z","level":"info","event":"https://musicbrainz.org/ws/2/artist/ac9a487a-d9d2-4f27-bb23-0f4686488345?inc=tags&fmt=json","chan":"stdout","logger":"task"}
{"timestamp":"2025-12-05T05:26:54.467970Z","level":"info","event":"{'name': 'Jason Aldean', 'id': '3FfvYsEGaIb52QPXhg4DcH', 'url': 'https://open.spotify.com/artist/3FfvYsEGaIb52QPXhg4DcH'}","chan":"stdout","logger":"task"}
{"timestamp":"2025-12-05T05:26:54.471817Z","level":"info","event":"https://musicbrainz.org/ws/2/url?resource=https://open.spotify.com/artist/3FfvYsEGaIb52QPXhg4DcH&inc=artist-rels&fmt=json","chan":"stdout","logger":"task"}
{"timestamp":"2025-12-05T05:26:54.607722Z","level":"info","event":"https://musicbrainz.org/ws/2/artist/f24df11a-7e35-4979-a4db-a3b2a170ce27?inc=tags&fmt=json","chan":"stdout","logger":"task"}
{"timestamp":"2025-12-05T05:26:55.732049Z","level":"info","event":"{'name': 'Lupe Fiasco', 'id': '01QTIT5P1pFP3QnnFSdsJf', 'url': 'https://open.spotify.com/artist/01QTIT5P1pFP3QnnFSdsJf'}","chan":"stdout","logger":"task"}
{"timestamp":"2025-12-05T05:26:55.736705Z","level":"info","event":"https://musicbrainz.org/ws/2/url?resource=https://open.spotify.com/artist/01QTIT5P1pFP3QnnFSdsJf&inc=artist-rels&fmt=json","chan":"stdout","logger":"task"}
{"timestamp":"2025-12-05T05:26:55.870387Z","level":"info","event":"https://musicbrainz.org/ws/2/artist/cf15719f-51f9-4db8-a15d-5eed9664ce69?inc=tags&fmt=json","chan":"stdout","logger":"task"}
{"timestamp":"2025-12-05T05:26:57.004988Z","level":"info","event":"{'name': 'Hot Chelle Rae', 'id': '6jTnHxhb6cDCaCu4rdvsQ0', 'url': 'https://open.spotify.com/artist/6jTnHxhb6cDCaCu4rdvsQ0'}","chan":"stdout","logger":"task"}
{"timestamp":"2025-12-05T05:26:57.008878Z","level":"info","event":"https://musicbrainz.org/ws/2/url?resource=https://open.spotify.com/artist/6jTnHxhb6cDCaCu4rdvsQ0&inc=artist-rels&fmt=json","chan":"stdout","logger":"task"}
{"timestamp":"2025-12-05T05:26:57.142220Z","level":"info","event":"https://musicbrainz.org/ws/2/artist/20aee940-3b65-4d04-8768-9a5918db2973?inc=tags&fmt=json","chan":"stdout","logger":"task"}
{"timestamp":"2025-12-05T05:26:58.271661Z","level":"info","event":"{'name': 'Black Eyed Peas', 'id': '1yxSLGMDHlW21z4YXirZDS', 'url': 'https://open.spotify.com/artist/1yxSLGMDHlW21z4YXirZDS'}","chan":"stdout","logger":"task"}
{"timestamp":"2025-12-05T05:26:58.273335Z","level":"info","event":"https://musicbrainz.org/ws/2/url?resource=https://open.spotify.com/artist/1yxSLGMDHlW21z4YXirZDS&inc=artist-rels&fmt=json","chan":"stdout","logger":"task"}
{"timestamp":"2025-12-05T05:26:58.396527Z","level":"info","event":"https://musicbrainz.org/ws/2/artist/d5be5333-4171-427e-8e12-732087c6b78e?inc=tags&fmt=json","chan":"stdout","logger":"task"}
{"timestamp":"2025-12-05T05:26:59.530312Z","level":"info","event":"{'name': 'Blake Shelton', 'id': '1UTPBmNbXNTittyMJrNkvw', 'url': 'https://open.spotify.com/artist/1UTPBmNbXNTittyMJrNkvw'}","chan":"stdout","logger":"task"}
{"timestamp":"2025-12-05T05:26:59.533427Z","level":"info","event":"https://musicbrainz.org/ws/2/url?resource=https://open.spotify.com/artist/1UTPBmNbXNTittyMJrNkvw&inc=artist-rels&fmt=json","chan":"stdout","logger":"task"}
{"timestamp":"2025-12-05T05:26:59.659719Z","level":"info","event":"https://musicbrainz.org/ws/2/artist/2ad66473-ccb3-41d2-8756-b56680cdfe62?inc=tags&fmt=json","chan":"stdout","logger":"task"}
{"timestamp":"2025-12-05T05:27:00.797273Z","level":"info","event":"{'name': 'Jennifer Lopez', 'id': '2DlGxzQSjYe5N6G9nkYghR', 'url': 'https://open.spotify.com/artist/2DlGxzQSjYe5N6G9nkYghR'}","chan":"stdout","logger":"task"}
{"timestamp":"2025-12-05T05:27:00.799645Z","level":"info","event":"https://musicbrainz.org/ws/2/url?resource=https://open.spotify.com/artist/2DlGxzQSjYe5N6G9nkYghR&inc=artist-rels&fmt=json","chan":"stdout","logger":"task"}
{"timestamp":"2025-12-05T05:27:00.925291Z","level":"info","event":"https://musicbrainz.org/ws/2/artist/f0602f55-1770-483d-89bd-4bae0d0ac086?inc=tags&fmt=json","chan":"stdout","logger":"task"}
{"timestamp":"2025-12-05T05:27:02.059584Z","level":"info","event":"{'name': 'Jason Derulo', 'id': '07YZf4WDAMNwqr4jfgOZ8y', 'url': 'https://open.spotify.com/artist/07YZf4WDAMNwqr4jfgOZ8y'}","chan":"stdout","logger":"task"}
{"timestamp":"2025-12-05T05:27:02.064685Z","level":"info","event":"https://musicbrainz.org/ws/2/url?resource=https://open.spotify.com/artist/07YZf4WDAMNwqr4jfgOZ8y&inc=artist-rels&fmt=json","chan":"stdout","logger":"task"}
{"timestamp":"2025-12-05T05:27:02.201681Z","level":"info","event":"https://musicbrainz.org/ws/2/artist/6de0f914-3e60-4418-be3b-42e0feb6eb4d?inc=tags&fmt=json","chan":"stdout","logger":"task"}
{"timestamp":"2025-12-05T05:27:03.334203Z","level":"info","event":"{'name': 'Britney Spears', 'id': '26dSoYclwsYLMAKD3tpOr4', 'url': 'https://open.spotify.com/artist/26dSoYclwsYLMAKD3tpOr4'}","chan":"stdout","logger":"task"}
{"timestamp":"2025-12-05T05:27:03.337723Z","level":"info","event":"https://musicbrainz.org/ws/2/url?resource=https://open.spotify.com/artist/26dSoYclwsYLMAKD3tpOr4&inc=artist-rels&fmt=json","chan":"stdout","logger":"task"}
{"timestamp":"2025-12-05T05:27:03.465591Z","level":"info","event":"https://musicbrainz.org/ws/2/artist/45a663b5-b1cb-4a91-bff6-2bef7bbfdd76?inc=tags&fmt=json","chan":"stdout","logger":"task"}
{"timestamp":"2025-12-05T05:27:03.582383Z","level":"info","event":"Rate limit hit. Retrying in 1s...","chan":"stdout","logger":"task"}
{"timestamp":"2025-12-05T05:27:05.727610Z","level":"info","event":"{'name': 'DJ Khaled', 'id': '0QHgL1lAIqAw0HtD7YldmP', 'url': 'https://open.spotify.com/artist/0QHgL1lAIqAw0HtD7YldmP'}","chan":"stdout","logger":"task"}
{"timestamp":"2025-12-05T05:27:05.730527Z","level":"info","event":"https://musicbrainz.org/ws/2/url?resource=https://open.spotify.com/artist/0QHgL1lAIqAw0HtD7YldmP&inc=artist-rels&fmt=json","chan":"stdout","logger":"task"}
{"timestamp":"2025-12-05T05:27:05.856531Z","level":"info","event":"https://musicbrainz.org/ws/2/artist/081a2d60-9791-4e05-a075-f1890355eeee?inc=tags&fmt=json","chan":"stdout","logger":"task"}
{"timestamp":"2025-12-05T05:27:06.978716Z","level":"info","event":"{'name': 'Drake', 'id': '3TVXtAsR1Inumwj472S9r4', 'url': 'https://open.spotify.com/artist/3TVXtAsR1Inumwj472S9r4'}","chan":"stdout","logger":"task"}
{"timestamp":"2025-12-05T05:27:06.981312Z","level":"info","event":"https://musicbrainz.org/ws/2/url?resource=https://open.spotify.com/artist/3TVXtAsR1Inumwj472S9r4&inc=artist-rels&fmt=json","chan":"stdout","logger":"task"}
{"timestamp":"2025-12-05T05:27:07.115938Z","level":"info","event":"https://musicbrainz.org/ws/2/artist/9fff2f8a-21e6-47de-a2b8-7f449929d43f?inc=tags&fmt=json","chan":"stdout","logger":"task"}
{"timestamp":"2025-12-05T05:27:08.240690Z","level":"info","event":"{'name': 'Rick Ross', 'id': '1sBkRIssrMs1AbVkOJbc7a', 'url': 'https://open.spotify.com/artist/1sBkRIssrMs1AbVkOJbc7a'}","chan":"stdout","logger":"task"}
{"timestamp":"2025-12-05T05:27:08.241734Z","level":"info","event":"https://musicbrainz.org/ws/2/url?resource=https://open.spotify.com/artist/1sBkRIssrMs1AbVkOJbc7a&inc=artist-rels&fmt=json","chan":"stdout","logger":"task"}
{"timestamp":"2025-12-05T05:27:08.365482Z","level":"info","event":"https://musicbrainz.org/ws/2/artist/13bcb2bb-db37-4397-baf5-e0f085be2d64?inc=tags&fmt=json","chan":"stdout","logger":"task"}
{"timestamp":"2025-12-05T05:27:09.499111Z","level":"info","event":"{'name': 'Selena Gomez & The Scene', 'id': '6dJeKm76NjfXBNTpHmOhfO', 'url': 'https://open.spotify.com/artist/6dJeKm76NjfXBNTpHmOhfO'}","chan":"stdout","logger":"task"}
{"timestamp":"2025-12-05T05:27:09.508332Z","level":"info","event":"https://musicbrainz.org/ws/2/url?resource=https://open.spotify.com/artist/6dJeKm76NjfXBNTpHmOhfO&inc=artist-rels&fmt=json","chan":"stdout","logger":"task"}
{"timestamp":"2025-12-05T05:27:09.643484Z","level":"info","event":"https://musicbrainz.org/ws/2/artist/37d0a847-32d3-480f-bd1e-101f50a3d332?inc=tags&fmt=json","chan":"stdout","logger":"task"}
{"timestamp":"2025-12-05T05:27:10.771900Z","level":"info","event":"{'name': 'Chris Brown', 'id': '7bXgB6jMjp9ATFy66eO08Z', 'url': 'https://open.spotify.com/artist/7bXgB6jMjp9ATFy66eO08Z'}","chan":"stdout","logger":"task"}
{"timestamp":"2025-12-05T05:27:10.775051Z","level":"info","event":"https://musicbrainz.org/ws/2/url?resource=https://open.spotify.com/artist/7bXgB6jMjp9ATFy66eO08Z&inc=artist-rels&fmt=json","chan":"stdout","logger":"task"}
{"timestamp":"2025-12-05T05:27:10.897256Z","level":"info","event":"https://musicbrainz.org/ws/2/artist/c234fa42-e6a6-443e-937e-2f4b073538a3?inc=tags&fmt=json","chan":"stdout","logger":"task"}
{"timestamp":"2025-12-05T05:27:12.026689Z","level":"info","event":"{'name': 'Busta Rhymes', 'id': '1YfEcTuGvBQ8xSD1f53UnK', 'url': 'https://open.spotify.com/artist/1YfEcTuGvBQ8xSD1f53UnK'}","chan":"stdout","logger":"task"}
{"timestamp":"2025-12-05T05:27:12.040111Z","level":"info","event":"https://musicbrainz.org/ws/2/url?resource=https://open.spotify.com/artist/1YfEcTuGvBQ8xSD1f53UnK&inc=artist-rels&fmt=json","chan":"stdout","logger":"task"}
{"timestamp":"2025-12-05T05:27:12.170851Z","level":"info","event":"https://musicbrainz.org/ws/2/artist/10a9ff92-9637-4498-afea-7044b2ab0dc0?inc=tags&fmt=json","chan":"stdout","logger":"task"}
{"timestamp":"2025-12-05T05:27:13.293361Z","level":"info","event":"{'name': 'Kelly Rowland', 'id': '3AuMNF8rQAKOzjYppFNAoB', 'url': 'https://open.spotify.com/artist/3AuMNF8rQAKOzjYppFNAoB'}","chan":"stdout","logger":"task"}
{"timestamp":"2025-12-05T05:27:13.293763Z","level":"info","event":"https://musicbrainz.org/ws/2/url?resource=https://open.spotify.com/artist/3AuMNF8rQAKOzjYppFNAoB&inc=artist-rels&fmt=json","chan":"stdout","logger":"task"}
{"timestamp":"2025-12-05T05:27:13.434291Z","level":"info","event":"https://musicbrainz.org/ws/2/artist/31bea673-d23a-4889-8da1-7cb040863268?inc=tags&fmt=json","chan":"stdout","logger":"task"}
{"timestamp":"2025-12-05T05:27:14.557829Z","level":"info","event":"{'name': 'Zac Brown Band', 'id': '6yJCxee7QumYr820xdIsjo', 'url': 'https://open.spotify.com/artist/6yJCxee7QumYr820xdIsjo'}","chan":"stdout","logger":"task"}
{"timestamp":"2025-12-05T05:27:14.559675Z","level":"info","event":"https://musicbrainz.org/ws/2/url?resource=https://open.spotify.com/artist/6yJCxee7QumYr820xdIsjo&inc=artist-rels&fmt=json","chan":"stdout","logger":"task"}
{"timestamp":"2025-12-05T05:27:14.691708Z","level":"info","event":"Rate limit hit. Retrying in 1s...","chan":"stdout","logger":"task"}
{"timestamp":"2025-12-05T05:27:15.851277Z","level":"info","event":"https://musicbrainz.org/ws/2/artist/507226f4-0842-4f43-950e-81a7017230ec?inc=tags&fmt=json","chan":"stdout","logger":"task"}
{"timestamp":"2025-12-05T05:27:16.976973Z","level":"info","event":"{'name': 'Jimmy Buffett', 'id': '28AyklUmMECPwdfo8NEsV0', 'url': 'https://open.spotify.com/artist/28AyklUmMECPwdfo8NEsV0'}","chan":"stdout","logger":"task"}
{"timestamp":"2025-12-05T05:27:16.981108Z","level":"info","event":"https://musicbrainz.org/ws/2/url?resource=https://open.spotify.com/artist/28AyklUmMECPwdfo8NEsV0&inc=artist-rels&fmt=json","chan":"stdout","logger":"task"}
{"timestamp":"2025-12-05T05:27:17.113892Z","level":"info","event":"https://musicbrainz.org/ws/2/artist/16fdd9af-467f-47ce-bd29-3413b445b90f?inc=tags&fmt=json","chan":"stdout","logger":"task"}
{"timestamp":"2025-12-05T05:27:18.242636Z","level":"info","event":"{'name': 'Wiz Khalifa', 'id': '137W8MRPWKqSmrBGDBFSop', 'url': 'https://open.spotify.com/artist/137W8MRPWKqSmrBGDBFSop'}","chan":"stdout","logger":"task"}
{"timestamp":"2025-12-05T05:27:18.243984Z","level":"info","event":"https://musicbrainz.org/ws/2/url?resource=https://open.spotify.com/artist/137W8MRPWKqSmrBGDBFSop&inc=artist-rels&fmt=json","chan":"stdout","logger":"task"}
{"timestamp":"2025-12-05T05:27:18.371248Z","level":"info","event":"https://musicbrainz.org/ws/2/artist/f5dfa020-ad69-41cd-b3d4-fd7af0414e94?inc=tags&fmt=json","chan":"stdout","logger":"task"}
{"timestamp":"2025-12-05T05:27:19.493716Z","level":"info","event":"{'name': 'Lady A', 'id': '32WkQRZEVKSzVAAYqukAEA', 'url': 'https://open.spotify.com/artist/32WkQRZEVKSzVAAYqukAEA'}","chan":"stdout","logger":"task"}
{"timestamp":"2025-12-05T05:27:19.494829Z","level":"info","event":"https://musicbrainz.org/ws/2/url?resource=https://open.spotify.com/artist/32WkQRZEVKSzVAAYqukAEA&inc=artist-rels&fmt=json","chan":"stdout","logger":"task"}
{"timestamp":"2025-12-05T05:27:19.629753Z","level":"info","event":"https://musicbrainz.org/ws/2/artist/0eedfc95-e79a-4fd9-832a-cd816a0b3fda?inc=tags&fmt=json","chan":"stdout","logger":"task"}
{"timestamp":"2025-12-05T05:27:20.749917Z","level":"info","event":"{'name': 'Kesha', 'id': '6LqNN22kT3074XbTVUrhzX', 'url': 'https://open.spotify.com/artist/6LqNN22kT3074XbTVUrhzX'}","chan":"stdout","logger":"task"}
{"timestamp":"2025-12-05T05:27:20.751762Z","level":"info","event":"https://musicbrainz.org/ws/2/url?resource=https://open.spotify.com/artist/6LqNN22kT3074XbTVUrhzX&inc=artist-rels&fmt=json","chan":"stdout","logger":"task"}
{"timestamp":"2025-12-05T05:27:20.867940Z","level":"info","event":"https://musicbrainz.org/ws/2/artist/fab34286-b8e1-4879-bce3-194e1358fbd2?inc=tags&fmt=json","chan":"stdout","logger":"task"}
{"timestamp":"2025-12-05T05:27:22.031473Z","level":"info","event":"{'name': 'Brad Paisley', 'id': '13YmWQJFwgZrd4bf5IjMY4', 'url': 'https://open.spotify.com/artist/13YmWQJFwgZrd4bf5IjMY4'}","chan":"stdout","logger":"task"}
{"timestamp":"2025-12-05T05:27:22.031717Z","level":"info","event":"https://musicbrainz.org/ws/2/url?resource=https://open.spotify.com/artist/13YmWQJFwgZrd4bf5IjMY4&inc=artist-rels&fmt=json","chan":"stdout","logger":"task"}
{"timestamp":"2025-12-05T05:27:22.158217Z","level":"info","event":"https://musicbrainz.org/ws/2/artist/6cfd7ffc-824f-4219-8e27-4b9417700f44?inc=tags&fmt=json","chan":"stdout","logger":"task"}
{"timestamp":"2025-12-05T05:27:23.283248Z","level":"info","event":"{'name': 'Carrie Underwood', 'id': '4xFUf1FHVy696Q1JQZMTRj', 'url': 'https://open.spotify.com/artist/4xFUf1FHVy696Q1JQZMTRj'}","chan":"stdout","logger":"task"}
{"timestamp":"2025-12-05T05:27:23.285063Z","level":"info","event":"https://musicbrainz.org/ws/2/url?resource=https://open.spotify.com/artist/4xFUf1FHVy696Q1JQZMTRj&inc=artist-rels&fmt=json","chan":"stdout","logger":"task"}
{"timestamp":"2025-12-05T05:27:23.413918Z","level":"info","event":"https://musicbrainz.org/ws/2/artist/70f0e309-5418-49b6-a130-666e2f76eecd?inc=tags&fmt=json","chan":"stdout","logger":"task"}
{"timestamp":"2025-12-05T05:27:24.542449Z","level":"info","event":"{'name': 'John Summit', 'id': '7kNqXtgeIwFtelmRjWv205', 'url': 'https://open.spotify.com/artist/7kNqXtgeIwFtelmRjWv205'}","chan":"stdout","logger":"task"}
{"timestamp":"2025-12-05T05:27:24.543561Z","level":"info","event":"https://musicbrainz.org/ws/2/url?resource=https://open.spotify.com/artist/7kNqXtgeIwFtelmRjWv205&inc=artist-rels&fmt=json","chan":"stdout","logger":"task"}
{"timestamp":"2025-12-05T05:27:24.708465Z","level":"info","event":"https://musicbrainz.org/ws/2/artist/2547c5e3-314c-4332-981d-f18c902a4086?inc=tags&fmt=json","chan":"stdout","logger":"task"}
{"timestamp":"2025-12-05T05:27:24.824986Z","level":"info","event":"Rate limit hit. Retrying in 1s...","chan":"stdout","logger":"task"}
{"timestamp":"2025-12-05T05:27:26.992191Z","level":"info","event":"{'name': 'Luke Bryan', 'id': '0BvkDsjIUla7X0k6CSWh1I', 'url': 'https://open.spotify.com/artist/0BvkDsjIUla7X0k6CSWh1I'}","chan":"stdout","logger":"task"}
{"timestamp":"2025-12-05T05:27:26.994482Z","level":"info","event":"https://musicbrainz.org/ws/2/url?resource=https://open.spotify.com/artist/0BvkDsjIUla7X0k6CSWh1I&inc=artist-rels&fmt=json","chan":"stdout","logger":"task"}
{"timestamp":"2025-12-05T05:27:27.133954Z","level":"info","event":"https://musicbrainz.org/ws/2/artist/aab35942-f176-4f77-bbf9-1d6aa98ccf3f?inc=tags&fmt=json","chan":"stdout","logger":"task"}
{"timestamp":"2025-12-05T05:27:28.264466Z","level":"info","event":"{'name': 'Enrique Iglesias', 'id': '7qG3b048QCHVRO5Pv1T5lw', 'url': 'https://open.spotify.com/artist/7qG3b048QCHVRO5Pv1T5lw'}","chan":"stdout","logger":"task"}
{"timestamp":"2025-12-05T05:27:28.265258Z","level":"info","event":"https://musicbrainz.org/ws/2/url?resource=https://open.spotify.com/artist/7qG3b048QCHVRO5Pv1T5lw&inc=artist-rels&fmt=json","chan":"stdout","logger":"task"}
{"timestamp":"2025-12-05T05:27:28.403105Z","level":"info","event":"https://musicbrainz.org/ws/2/artist/35f866dc-c061-48ba-8157-cf2e0eac4857?inc=tags&fmt=json","chan":"stdout","logger":"task"}
{"timestamp":"2025-12-05T05:27:29.551251Z","level":"info","event":"{'name': 'USHER', 'id': '23zg3TcAtWQy7J6upgbUnj', 'url': 'https://open.spotify.com/artist/23zg3TcAtWQy7J6upgbUnj'}","chan":"stdout","logger":"task"}
{"timestamp":"2025-12-05T05:27:29.554698Z","level":"info","event":"https://musicbrainz.org/ws/2/url?resource=https://open.spotify.com/artist/23zg3TcAtWQy7J6upgbUnj&inc=artist-rels&fmt=json","chan":"stdout","logger":"task"}
{"timestamp":"2025-12-05T05:27:29.690756Z","level":"info","event":"https://musicbrainz.org/ws/2/artist/3414d446-735a-443c-931f-10634f57e5b9?inc=tags&fmt=json","chan":"stdout","logger":"task"}
{"timestamp":"2025-12-05T05:27:30.840923Z","level":"info","event":"{'name': 'The Band Perry', 'id': '75FnCoo4FBxH5K1Rrx0k5A', 'url': 'https://open.spotify.com/artist/75FnCoo4FBxH5K1Rrx0k5A'}","chan":"stdout","logger":"task"}
{"timestamp":"2025-12-05T05:27:30.841558Z","level":"info","event":"https://musicbrainz.org/ws/2/url?resource=https://open.spotify.com/artist/75FnCoo4FBxH5K1Rrx0k5A&inc=artist-rels&fmt=json","chan":"stdout","logger":"task"}
{"timestamp":"2025-12-05T05:27:30.966896Z","level":"info","event":"https://musicbrainz.org/ws/2/artist/28955336-2348-488a-9381-e3a7b0107343?inc=tags&fmt=json","chan":"stdout","logger":"task"}
{"timestamp":"2025-12-05T05:27:32.101158Z","level":"info","event":"{'name': 'Taylor Swift', 'id': '06HL4z0CvFAxyc27GXpf02', 'url': 'https://open.spotify.com/artist/06HL4z0CvFAxyc27GXpf02'}","chan":"stdout","logger":"task"}
{"timestamp":"2025-12-05T05:27:32.104229Z","level":"info","event":"https://musicbrainz.org/ws/2/url?resource=https://open.spotify.com/artist/06HL4z0CvFAxyc27GXpf02&inc=artist-rels&fmt=json","chan":"stdout","logger":"task"}
{"timestamp":"2025-12-05T05:27:32.245188Z","level":"info","event":"https://musicbrainz.org/ws/2/artist/20244d07-534f-4eff-b4d4-930878889970?inc=tags&fmt=json","chan":"stdout","logger":"task"}
{"timestamp":"2025-12-05T05:27:33.372125Z","level":"info","event":"{'name': 'Bad Meets Evil', 'id': '77IURH5NC56Jn09QHi76is', 'url': 'https://open.spotify.com/artist/77IURH5NC56Jn09QHi76is'}","chan":"stdout","logger":"task"}
{"timestamp":"2025-12-05T05:27:33.375200Z","level":"info","event":"https://musicbrainz.org/ws/2/url?resource=https://open.spotify.com/artist/77IURH5NC56Jn09QHi76is&inc=artist-rels&fmt=json","chan":"stdout","logger":"task"}
{"timestamp":"2025-12-05T05:27:33.503399Z","level":"info","event":"https://musicbrainz.org/ws/2/artist/87f27b14-cbd0-44ea-93a3-6fead5cb45e7?inc=tags&fmt=json","chan":"stdout","logger":"task"}
{"timestamp":"2025-12-05T05:27:34.625693Z","level":"info","event":"{'name': 'Big Sean', 'id': '0c173mlxpT3dSFRgMO8XPh', 'url': 'https://open.spotify.com/artist/0c173mlxpT3dSFRgMO8XPh'}","chan":"stdout","logger":"task"}
{"timestamp":"2025-12-05T05:27:34.627388Z","level":"info","event":"https://musicbrainz.org/ws/2/url?resource=https://open.spotify.com/artist/0c173mlxpT3dSFRgMO8XPh&inc=artist-rels&fmt=json","chan":"stdout","logger":"task"}
{"timestamp":"2025-12-05T05:27:34.751627Z","level":"info","event":"https://musicbrainz.org/ws/2/artist/942a9807-9c1a-4a0e-a285-1fde2c5be9d1?inc=tags&fmt=json","chan":"stdout","logger":"task"}
{"timestamp":"2025-12-05T05:27:35.874526Z","level":"info","event":"{'name': 'David Guetta', 'id': '1Cs0zKBU1kc0i8ypK3B9ai', 'url': 'https://open.spotify.com/artist/1Cs0zKBU1kc0i8ypK3B9ai'}","chan":"stdout","logger":"task"}
{"timestamp":"2025-12-05T05:27:35.876247Z","level":"info","event":"https://musicbrainz.org/ws/2/url?resource=https://open.spotify.com/artist/1Cs0zKBU1kc0i8ypK3B9ai&inc=artist-rels&fmt=json","chan":"stdout","logger":"task"}
{"timestamp":"2025-12-05T05:27:36.003835Z","level":"info","event":"https://musicbrainz.org/ws/2/artist/302bd7b9-d012-4360-897a-93b00c855680?inc=tags&fmt=json","chan":"stdout","logger":"task"}
{"timestamp":"2025-12-05T05:27:37.140576Z","level":"info","event":"{'name': 'Flo Rida', 'id': '0jnsk9HBra6NMjO2oANoPY', 'url': 'https://open.spotify.com/artist/0jnsk9HBra6NMjO2oANoPY'}","chan":"stdout","logger":"task"}
{"timestamp":"2025-12-05T05:27:37.142861Z","level":"info","event":"https://musicbrainz.org/ws/2/url?resource=https://open.spotify.com/artist/0jnsk9HBra6NMjO2oANoPY&inc=artist-rels&fmt=json","chan":"stdout","logger":"task"}
{"timestamp":"2025-12-05T05:27:37.274154Z","level":"info","event":"https://musicbrainz.org/ws/2/artist/4593d49a-7f67-46ba-9ec0-126bd676286f?inc=tags&fmt=json","chan":"stdout","logger":"task"}
{"timestamp":"2025-12-05T05:27:38.401792Z","level":"info","event":"{'name': 'Jeremih', 'id': '3KV3p5EY4AvKxOlhGHORLg', 'url': 'https://open.spotify.com/artist/3KV3p5EY4AvKxOlhGHORLg'}","chan":"stdout","logger":"task"}
{"timestamp":"2025-12-05T05:27:38.402609Z","level":"info","event":"https://musicbrainz.org/ws/2/url?resource=https://open.spotify.com/artist/3KV3p5EY4AvKxOlhGHORLg&inc=artist-rels&fmt=json","chan":"stdout","logger":"task"}
{"timestamp":"2025-12-05T05:27:38.520877Z","level":"info","event":"https://musicbrainz.org/ws/2/artist/1c009a08-74d1-4682-bc56-8bfbe9e66b62?inc=tags&fmt=json","chan":"stdout","logger":"task"}
{"timestamp":"2025-12-05T05:27:39.648521Z","level":"info","event":"{'name': '50 Cent', 'id': '3q7HBObVc0L8jNeTe5Gofh', 'url': 'https://open.spotify.com/artist/3q7HBObVc0L8jNeTe5Gofh'}","chan":"stdout","logger":"task"}
{"timestamp":"2025-12-05T05:27:39.652122Z","level":"info","event":"https://musicbrainz.org/ws/2/url?resource=https://open.spotify.com/artist/3q7HBObVc0L8jNeTe5Gofh&inc=artist-rels&fmt=json","chan":"stdout","logger":"task"}
{"timestamp":"2025-12-05T05:27:39.781324Z","level":"info","event":"https://musicbrainz.org/ws/2/artist/8e68819d-71be-4e7d-b41d-f1df81b01d3f?inc=tags&fmt=json","chan":"stdout","logger":"task"}
{"timestamp":"2025-12-05T05:27:40.906799Z","level":"info","event":"{'name': 'The Script', 'id': '3AQRLZ9PuTAozP28Skbq8V', 'url': 'https://open.spotify.com/artist/3AQRLZ9PuTAozP28Skbq8V'}","chan":"stdout","logger":"task"}
{"timestamp":"2025-12-05T05:27:40.908932Z","level":"info","event":"https://musicbrainz.org/ws/2/url?resource=https://open.spotify.com/artist/3AQRLZ9PuTAozP28Skbq8V&inc=artist-rels&fmt=json","chan":"stdout","logger":"task"}
{"timestamp":"2025-12-05T05:27:41.033274Z","level":"info","event":"https://musicbrainz.org/ws/2/artist/4c98aa1b-34eb-4336-987f-5e50aa059c00?inc=tags&fmt=json","chan":"stdout","logger":"task"}
{"timestamp":"2025-12-05T05:27:42.160957Z","level":"info","event":"{'name': 'Miguel', 'id': '360IAlyVv4PCEVjgyMZrxK', 'url': 'https://open.spotify.com/artist/360IAlyVv4PCEVjgyMZrxK'}","chan":"stdout","logger":"task"}
{"timestamp":"2025-12-05T05:27:42.167007Z","level":"info","event":"https://musicbrainz.org/ws/2/url?resource=https://open.spotify.com/artist/360IAlyVv4PCEVjgyMZrxK&inc=artist-rels&fmt=json","chan":"stdout","logger":"task"}
{"timestamp":"2025-12-05T05:27:42.298702Z","level":"info","event":"https://musicbrainz.org/ws/2/artist/285e1285-aecc-478f-a8da-0c8cf69e1217?inc=tags&fmt=json","chan":"stdout","logger":"task"}
{"timestamp":"2025-12-05T05:27:43.433597Z","level":"info","event":"{'name': 'P!nk', 'id': '1KCSPY1glIKqW2TotWuXOR', 'url': 'https://open.spotify.com/artist/1KCSPY1glIKqW2TotWuXOR'}","chan":"stdout","logger":"task"}
{"timestamp":"2025-12-05T05:27:43.435457Z","level":"info","event":"https://musicbrainz.org/ws/2/url?resource=https://open.spotify.com/artist/1KCSPY1glIKqW2TotWuXOR&inc=artist-rels&fmt=json","chan":"stdout","logger":"task"}
{"timestamp":"2025-12-05T05:27:43.567517Z","level":"info","event":"https://musicbrainz.org/ws/2/artist/f4d5cc07-3bc9-4836-9b15-88a08359bc63?inc=tags&fmt=json","chan":"stdout","logger":"task"}
{"timestamp":"2025-12-05T05:27:44.711537Z","level":"info","event":"{'name': 'Chris Young', 'id': '4BYxqVkZyFjtik7crYLg5Q', 'url': 'https://open.spotify.com/artist/4BYxqVkZyFjtik7crYLg5Q'}","chan":"stdout","logger":"task"}
{"timestamp":"2025-12-05T05:27:44.714867Z","level":"info","event":"https://musicbrainz.org/ws/2/url?resource=https://open.spotify.com/artist/4BYxqVkZyFjtik7crYLg5Q&inc=artist-rels&fmt=json","chan":"stdout","logger":"task"}
{"timestamp":"2025-12-05T05:27:44.853295Z","level":"info","event":"https://musicbrainz.org/ws/2/artist/86de027e-097d-41b1-9b97-c0a69379ff4b?inc=tags&fmt=json","chan":"stdout","logger":"task"}
{"timestamp":"2025-12-05T05:27:44.980195Z","level":"info","event":"Rate limit hit. Retrying in 1s...","chan":"stdout","logger":"task"}
{"timestamp":"2025-12-05T05:27:47.115888Z","level":"info","event":"{'name': 'Kenny Chesney', 'id': '3grHWM9bx2E9vwJCdlRv9O', 'url': 'https://open.spotify.com/artist/3grHWM9bx2E9vwJCdlRv9O'}","chan":"stdout","logger":"task"}
{"timestamp":"2025-12-05T05:27:47.116976Z","level":"info","event":"https://musicbrainz.org/ws/2/url?resource=https://open.spotify.com/artist/3grHWM9bx2E9vwJCdlRv9O&inc=artist-rels&fmt=json","chan":"stdout","logger":"task"}
{"timestamp":"2025-12-05T05:27:47.230965Z","level":"info","event":"https://musicbrainz.org/ws/2/artist/5dca4d22-d6c8-4e70-8ca1-4543e43353c7?inc=tags&fmt=json","chan":"stdout","logger":"task"}
{"timestamp":"2025-12-05T05:27:48.362349Z","level":"info","event":"{'name': 'Grace Potter', 'id': '1PJVVIeS5Wu0wbZDhtC0Ht', 'url': 'https://open.spotify.com/artist/1PJVVIeS5Wu0wbZDhtC0Ht'}","chan":"stdout","logger":"task"}
{"timestamp":"2025-12-05T05:27:48.364476Z","level":"info","event":"https://musicbrainz.org/ws/2/url?resource=https://open.spotify.com/artist/1PJVVIeS5Wu0wbZDhtC0Ht&inc=artist-rels&fmt=json","chan":"stdout","logger":"task"}
{"timestamp":"2025-12-05T05:27:48.492132Z","level":"info","event":"https://musicbrainz.org/ws/2/artist/b1103b87-3b91-4ec5-9d7b-15c2d1e486af?inc=tags&fmt=json","chan":"stdout","logger":"task"}
{"timestamp":"2025-12-05T05:27:49.626762Z","level":"info","event":"{'name': 'Tinie Tempah', 'id': '0Tob4H0FLtEONHU1MjpUEp', 'url': 'https://open.spotify.com/artist/0Tob4H0FLtEONHU1MjpUEp'}","chan":"stdout","logger":"task"}
{"timestamp":"2025-12-05T05:27:49.629541Z","level":"info","event":"https://musicbrainz.org/ws/2/url?resource=https://open.spotify.com/artist/0Tob4H0FLtEONHU1MjpUEp&inc=artist-rels&fmt=json","chan":"stdout","logger":"task"}
{"timestamp":"2025-12-05T05:27:49.758507Z","level":"info","event":"https://musicbrainz.org/ws/2/artist/3cce3d37-d44f-46a2-b1e3-cd7247d5015c?inc=tags&fmt=json","chan":"stdout","logger":"task"}
{"timestamp":"2025-12-05T05:27:50.885713Z","level":"info","event":"{'name': 'Eric Turner', 'id': '79DOwuMzV2h4es3em0t002', 'url': 'https://open.spotify.com/artist/79DOwuMzV2h4es3em0t002'}","chan":"stdout","logger":"task"}
{"timestamp":"2025-12-05T05:27:50.887344Z","level":"info","event":"https://musicbrainz.org/ws/2/url?resource=https://open.spotify.com/artist/79DOwuMzV2h4es3em0t002&inc=artist-rels&fmt=json","chan":"stdout","logger":"task"}
{"timestamp":"2025-12-05T05:27:51.030189Z","level":"info","event":"https://musicbrainz.org/ws/2/artist/df2f7876-e731-4bde-965c-bd4a67b3fadd?inc=tags&fmt=json","chan":"stdout","logger":"task"}
{"timestamp":"2025-12-05T05:27:52.168898Z","level":"info","event":"{'name': 'Jake Owen', 'id': '1n2pb9Tsfe4SwAjmUac6YT', 'url': 'https://open.spotify.com/artist/1n2pb9Tsfe4SwAjmUac6YT'}","chan":"stdout","logger":"task"}
{"timestamp":"2025-12-05T05:27:52.171164Z","level":"info","event":"https://musicbrainz.org/ws/2/url?resource=https://open.spotify.com/artist/1n2pb9Tsfe4SwAjmUac6YT&inc=artist-rels&fmt=json","chan":"stdout","logger":"task"}
{"timestamp":"2025-12-05T05:27:52.312908Z","level":"info","event":"https://musicbrainz.org/ws/2/artist/508f4f83-26dc-4d21-98d9-1a8c04d5ad4a?inc=tags&fmt=json","chan":"stdout","logger":"task"}
{"timestamp":"2025-12-05T05:27:53.449375Z","level":"info","event":"{'name': 'Martin Solveig', 'id': '1bj5GrcLom5gZFF5t949Xl', 'url': 'https://open.spotify.com/artist/1bj5GrcLom5gZFF5t949Xl'}","chan":"stdout","logger":"task"}
{"timestamp":"2025-12-05T05:27:53.451429Z","level":"info","event":"https://musicbrainz.org/ws/2/url?resource=https://open.spotify.com/artist/1bj5GrcLom5gZFF5t949Xl&inc=artist-rels&fmt=json","chan":"stdout","logger":"task"}
{"timestamp":"2025-12-05T05:27:53.583012Z","level":"info","event":"https://musicbrainz.org/ws/2/artist/06db73fd-57e2-4a6f-bcd3-699fb7bb7af4?inc=tags&fmt=json","chan":"stdout","logger":"task"}
{"timestamp":"2025-12-05T05:27:54.735261Z","level":"info","event":"{'name': 'Dragonette', 'id': '4GLJPBj5Cdr9AgLKvLWM4n', 'url': 'https://open.spotify.com/artist/4GLJPBj5Cdr9AgLKvLWM4n'}","chan":"stdout","logger":"task"}
{"timestamp":"2025-12-05T05:27:54.746581Z","level":"info","event":"https://musicbrainz.org/ws/2/url?resource=https://open.spotify.com/artist/4GLJPBj5Cdr9AgLKvLWM4n&inc=artist-rels&fmt=json","chan":"stdout","logger":"task"}
{"timestamp":"2025-12-05T05:27:54.875611Z","level":"info","event":"https://musicbrainz.org/ws/2/artist/00ef5e52-582b-4d53-a03a-bbd5b3084197?inc=tags&fmt=json","chan":"stdout","logger":"task"}
{"timestamp":"2025-12-05T05:27:56.004871Z","level":"info","event":"{'name': 'T-Pain', 'id': '3aQeKQSyrW4qWr35idm0cy', 'url': 'https://open.spotify.com/artist/3aQeKQSyrW4qWr35idm0cy'}","chan":"stdout","logger":"task"}
{"timestamp":"2025-12-05T05:27:56.006851Z","level":"info","event":"https://musicbrainz.org/ws/2/url?resource=https://open.spotify.com/artist/3aQeKQSyrW4qWr35idm0cy&inc=artist-rels&fmt=json","chan":"stdout","logger":"task"}
{"timestamp":"2025-12-05T05:27:56.131721Z","level":"info","event":"https://musicbrainz.org/ws/2/artist/ce55e49a-32f4-4757-9849-bf04d06d5fcc?inc=tags&fmt=json","chan":"stdout","logger":"task"}
{"timestamp":"2025-12-05T05:27:57.281844Z","level":"info","event":"{'name': 'Javier Colon', 'id': '3flTDj1VSZCktpBGZlNutt', 'url': 'https://open.spotify.com/artist/3flTDj1VSZCktpBGZlNutt'}","chan":"stdout","logger":"task"}
{"timestamp":"2025-12-05T05:27:57.283750Z","level":"info","event":"https://musicbrainz.org/ws/2/url?resource=https://open.spotify.com/artist/3flTDj1VSZCktpBGZlNutt&inc=artist-rels&fmt=json","chan":"stdout","logger":"task"}
{"timestamp":"2025-12-05T05:27:57.426135Z","level":"info","event":"HTTP 404: Not Found","chan":"stdout","logger":"task"}
{"timestamp":"2025-12-05T05:27:57.426317Z","level":"info","event":"unable to get mbid for https://open.spotify.com/artist/3flTDj1VSZCktpBGZlNutt","chan":"stdout","logger":"task"}
{"timestamp":"2025-12-05T05:27:58.430262Z","level":"info","event":"{'name': 'Rihanna', 'id': '5pKCCKE2ajJHZ9KAiaK11H', 'url': 'https://open.spotify.com/artist/5pKCCKE2ajJHZ9KAiaK11H'}","chan":"stdout","logger":"task"}
{"timestamp":"2025-12-05T05:27:58.431149Z","level":"info","event":"https://musicbrainz.org/ws/2/url?resource=https://open.spotify.com/artist/5pKCCKE2ajJHZ9KAiaK11H&inc=artist-rels&fmt=json","chan":"stdout","logger":"task"}
{"timestamp":"2025-12-05T05:27:58.559457Z","level":"info","event":"https://musicbrainz.org/ws/2/artist/73e5e69d-3554-40d8-8516-00cb38737a1c?inc=tags&fmt=json","chan":"stdout","logger":"task"}
{"timestamp":"2025-12-05T05:27:59.678898Z","level":"info","event":"{'name': 'Dia Frampton', 'id': '3ppkM4QtM781APpaX7H9t7', 'url': 'https://open.spotify.com/artist/3ppkM4QtM781APpaX7H9t7'}","chan":"stdout","logger":"task"}
{"timestamp":"2025-12-05T05:27:59.679087Z","level":"info","event":"https://musicbrainz.org/ws/2/url?resource=https://open.spotify.com/artist/3ppkM4QtM781APpaX7H9t7&inc=artist-rels&fmt=json","chan":"stdout","logger":"task"}
{"timestamp":"2025-12-05T05:27:59.792026Z","level":"info","event":"https://musicbrainz.org/ws/2/artist/fe3399b8-16c1-4e96-8f06-331072cb61bf?inc=tags&fmt=json","chan":"stdout","logger":"task"}
{"timestamp":"2025-12-05T05:28:00.917055Z","level":"info","event":"{'name': 'Justin Moore', 'id': '30e8DmahrEamvLbFRPdWmk', 'url': 'https://open.spotify.com/artist/30e8DmahrEamvLbFRPdWmk'}","chan":"stdout","logger":"task"}
{"timestamp":"2025-12-05T05:28:00.920305Z","level":"info","event":"https://musicbrainz.org/ws/2/url?resource=https://open.spotify.com/artist/30e8DmahrEamvLbFRPdWmk&inc=artist-rels&fmt=json","chan":"stdout","logger":"task"}
{"timestamp":"2025-12-05T05:28:01.055030Z","level":"info","event":"https://musicbrainz.org/ws/2/artist/ab5d785b-ff87-48b5-b9e1-027e3c21ec0d?inc=tags&fmt=json","chan":"stdout","logger":"task"}
{"timestamp":"2025-12-05T05:28:02.176606Z","level":"info","event":"{'name': 'Beyoncé', 'id': '6vWDO969PvNqNYHIOW5v0m', 'url': 'https://open.spotify.com/artist/6vWDO969PvNqNYHIOW5v0m'}","chan":"stdout","logger":"task"}
{"timestamp":"2025-12-05T05:28:02.177207Z","level":"info","event":"https://musicbrainz.org/ws/2/url?resource=https://open.spotify.com/artist/6vWDO969PvNqNYHIOW5v0m&inc=artist-rels&fmt=json","chan":"stdout","logger":"task"}
{"timestamp":"2025-12-05T05:28:02.302893Z","level":"info","event":"https://musicbrainz.org/ws/2/artist/859d0860-d480-4efd-970c-c05d5f1776b8?inc=tags&fmt=json","chan":"stdout","logger":"task"}
{"timestamp":"2025-12-05T05:28:03.423954Z","level":"info","event":"{'name': 'Eric Church', 'id': '2IvkS5MXK0vPGnwyJsrEyV', 'url': 'https://open.spotify.com/artist/2IvkS5MXK0vPGnwyJsrEyV'}","chan":"stdout","logger":"task"}
{"timestamp":"2025-12-05T05:28:03.425236Z","level":"info","event":"https://musicbrainz.org/ws/2/url?resource=https://open.spotify.com/artist/2IvkS5MXK0vPGnwyJsrEyV&inc=artist-rels&fmt=json","chan":"stdout","logger":"task"}
{"timestamp":"2025-12-05T05:28:03.554356Z","level":"info","event":"https://musicbrainz.org/ws/2/artist/15856215-cc51-4423-879c-9ac955ccb11a?inc=tags&fmt=json","chan":"stdout","logger":"task"}
{"timestamp":"2025-12-05T05:28:04.671845Z","level":"info","event":"{'name': 'Coldplay', 'id': '4gzpq5DPGxSnKTe4SA8HAU', 'url': 'https://open.spotify.com/artist/4gzpq5DPGxSnKTe4SA8HAU'}","chan":"stdout","logger":"task"}
{"timestamp":"2025-12-05T05:28:04.672328Z","level":"info","event":"https://musicbrainz.org/ws/2/url?resource=https://open.spotify.com/artist/4gzpq5DPGxSnKTe4SA8HAU&inc=artist-rels&fmt=json","chan":"stdout","logger":"task"}
{"timestamp":"2025-12-05T05:28:04.788367Z","level":"info","event":"https://musicbrainz.org/ws/2/artist/cc197bad-dc9c-440d-a5b5-d52ba2e14234?inc=tags&fmt=json","chan":"stdout","logger":"task"}
{"timestamp":"2025-12-05T05:28:05.916387Z","level":"info","event":"{'name': 'Nicole Scherzinger', 'id': '40xbWSB4JPdOkRyuTDy1oP', 'url': 'https://open.spotify.com/artist/40xbWSB4JPdOkRyuTDy1oP'}","chan":"stdout","logger":"task"}
{"timestamp":"2025-12-05T05:28:05.920777Z","level":"info","event":"https://musicbrainz.org/ws/2/url?resource=https://open.spotify.com/artist/40xbWSB4JPdOkRyuTDy1oP&inc=artist-rels&fmt=json","chan":"stdout","logger":"task"}
{"timestamp":"2025-12-05T05:28:06.033994Z","level":"info","event":"Rate limit hit. Retrying in 1s...","chan":"stdout","logger":"task"}
{"timestamp":"2025-12-05T05:28:07.153415Z","level":"info","event":"https://musicbrainz.org/ws/2/artist/0f7534a6-dc5f-46ca-a2e0-13d214cdd52b?inc=tags&fmt=json","chan":"stdout","logger":"task"}
{"timestamp":"2025-12-05T05:28:08.274061Z","level":"info","event":"{'name': 'Eli Young Band', 'id': '6eKWqnckwdIlSnjaYgIyxv', 'url': 'https://open.spotify.com/artist/6eKWqnckwdIlSnjaYgIyxv'}","chan":"stdout","logger":"task"}
{"timestamp":"2025-12-05T05:28:08.275331Z","level":"info","event":"https://musicbrainz.org/ws/2/url?resource=https://open.spotify.com/artist/6eKWqnckwdIlSnjaYgIyxv&inc=artist-rels&fmt=json","chan":"stdout","logger":"task"}
{"timestamp":"2025-12-05T05:28:08.417598Z","level":"info","event":"https://musicbrainz.org/ws/2/artist/80737f69-60c5-4c0d-9562-88faf8d8f2f4?inc=tags&fmt=json","chan":"stdout","logger":"task"}
{"timestamp":"2025-12-05T05:28:09.542501Z","level":"info","event":"{'name': 'Dierks Bentley', 'id': '7x8nK0m0cP2ksQf0mjWdPS', 'url': 'https://open.spotify.com/artist/7x8nK0m0cP2ksQf0mjWdPS'}","chan":"stdout","logger":"task"}
{"timestamp":"2025-12-05T05:28:09.544222Z","level":"info","event":"https://musicbrainz.org/ws/2/url?resource=https://open.spotify.com/artist/7x8nK0m0cP2ksQf0mjWdPS&inc=artist-rels&fmt=json","chan":"stdout","logger":"task"}
{"timestamp":"2025-12-05T05:28:09.662961Z","level":"info","event":"https://musicbrainz.org/ws/2/artist/6bd7faa9-601f-44db-a2a6-239209f83156?inc=tags&fmt=json","chan":"stdout","logger":"task"}
{"timestamp":"2025-12-05T05:28:10.782347Z","level":"info","event":"{'name': 'Foster The People', 'id': '7gP3bB2nilZXLfPHJhMdvc', 'url': 'https://open.spotify.com/artist/7gP3bB2nilZXLfPHJhMdvc'}","chan":"stdout","logger":"task"}
{"timestamp":"2025-12-05T05:28:10.783925Z","level":"info","event":"https://musicbrainz.org/ws/2/url?resource=https://open.spotify.com/artist/7gP3bB2nilZXLfPHJhMdvc&inc=artist-rels&fmt=json","chan":"stdout","logger":"task"}
{"timestamp":"2025-12-05T05:28:10.917784Z","level":"info","event":"https://musicbrainz.org/ws/2/artist/e0e1a584-dd0a-4bd1-88d1-c4c62895039d?inc=tags&fmt=json","chan":"stdout","logger":"task"}
{"timestamp":"2025-12-05T05:28:12.034045Z","level":"info","event":"{'name': 'Alabama', 'id': '6rJqqRce0Kvo2dJUXoHleC', 'url': 'https://open.spotify.com/artist/6rJqqRce0Kvo2dJUXoHleC'}","chan":"stdout","logger":"task"}
{"timestamp":"2025-12-05T05:28:12.035939Z","level":"info","event":"https://musicbrainz.org/ws/2/url?resource=https://open.spotify.com/artist/6rJqqRce0Kvo2dJUXoHleC&inc=artist-rels&fmt=json","chan":"stdout","logger":"task"}
{"timestamp":"2025-12-05T05:28:12.154158Z","level":"info","event":"https://musicbrainz.org/ws/2/artist/7ac055fa-e357-4890-9098-010b8094a900?inc=tags&fmt=json","chan":"stdout","logger":"task"}
{"timestamp":"2025-12-05T05:28:13.274857Z","level":"info","event":"{'name': 'Vicci Martinez', 'id': '1sxu3pxg9icRUHpyWpDxz2', 'url': 'https://open.spotify.com/artist/1sxu3pxg9icRUHpyWpDxz2'}","chan":"stdout","logger":"task"}
{"timestamp":"2025-12-05T05:28:13.276934Z","level":"info","event":"https://musicbrainz.org/ws/2/url?resource=https://open.spotify.com/artist/1sxu3pxg9icRUHpyWpDxz2&inc=artist-rels&fmt=json","chan":"stdout","logger":"task"}
{"timestamp":"2025-12-05T05:28:13.441964Z","level":"info","event":"https://musicbrainz.org/ws/2/artist/6aabc385-f85b-4c98-8f68-684891a44c81?inc=tags&fmt=json","chan":"stdout","logger":"task"}
{"timestamp":"2025-12-05T05:28:14.653931Z","level":"info","event":"{'name': 'Sean Paul', 'id': '3Isy6kedDrgPYoTS1dazA9', 'url': 'https://open.spotify.com/artist/3Isy6kedDrgPYoTS1dazA9'}","chan":"stdout","logger":"task"}
{"timestamp":"2025-12-05T05:28:14.655107Z","level":"info","event":"https://musicbrainz.org/ws/2/url?resource=https://open.spotify.com/artist/3Isy6kedDrgPYoTS1dazA9&inc=artist-rels&fmt=json","chan":"stdout","logger":"task"}
{"timestamp":"2025-12-05T05:28:14.837237Z","level":"info","event":"https://musicbrainz.org/ws/2/artist/c3da3346-2643-48a7-93cd-011f6834b3d7?inc=tags&fmt=json","chan":"stdout","logger":"task"}
{"timestamp":"2025-12-05T05:28:16.018430Z","level":"info","event":"{'name': 'Trey Songz', 'id': '2iojnBLj0qIMiKPvVhLnsH', 'url': 'https://open.spotify.com/artist/2iojnBLj0qIMiKPvVhLnsH'}","chan":"stdout","logger":"task"}
{"timestamp":"2025-12-05T05:28:16.020567Z","level":"info","event":"https://musicbrainz.org/ws/2/url?resource=https://open.spotify.com/artist/2iojnBLj0qIMiKPvVhLnsH&inc=artist-rels&fmt=json","chan":"stdout","logger":"task"}
{"timestamp":"2025-12-05T05:28:16.138606Z","level":"info","event":"https://musicbrainz.org/ws/2/artist/4d7304f6-7fe3-4959-9d98-01a5af84afe6?inc=tags&fmt=json","chan":"stdout","logger":"task"}
{"timestamp":"2025-12-05T05:28:16.254985Z","level":"info","event":"Rate limit hit. Retrying in 1s...","chan":"stdout","logger":"task"}
{"timestamp":"2025-12-05T05:28:18.398113Z","level":"info","event":"{'name': 'Rodney Atkins', 'id': '2qgvmDsc4jrqbAbjq1HGM2', 'url': 'https://open.spotify.com/artist/2qgvmDsc4jrqbAbjq1HGM2'}","chan":"stdout","logger":"task"}
{"timestamp":"2025-12-05T05:28:18.400980Z","level":"info","event":"https://musicbrainz.org/ws/2/url?resource=https://open.spotify.com/artist/2qgvmDsc4jrqbAbjq1HGM2&inc=artist-rels&fmt=json","chan":"stdout","logger":"task"}
{"timestamp":"2025-12-05T05:28:18.555719Z","level":"info","event":"HTTP 404: Not Found","chan":"stdout","logger":"task"}
{"timestamp":"2025-12-05T05:28:18.557364Z","level":"info","event":"unable to get mbid for https://open.spotify.com/artist/2qgvmDsc4jrqbAbjq1HGM2","chan":"stdout","logger":"task"}
{"timestamp":"2025-12-05T05:28:19.558895Z","level":"info","event":"{'name': 'Scotty McCreery', 'id': '6ZV6lGY0prbqpTD0Md8i29', 'url': 'https://open.spotify.com/artist/6ZV6lGY0prbqpTD0Md8i29'}","chan":"stdout","logger":"task"}
{"timestamp":"2025-12-05T05:28:19.559986Z","level":"info","event":"https://musicbrainz.org/ws/2/url?resource=https://open.spotify.com/artist/6ZV6lGY0prbqpTD0Md8i29&inc=artist-rels&fmt=json","chan":"stdout","logger":"task"}
{"timestamp":"2025-12-05T05:28:19.684766Z","level":"info","event":"https://musicbrainz.org/ws/2/artist/2294c553-58e4-425b-8bab-bee01f2d477a?inc=tags&fmt=json","chan":"stdout","logger":"task"}
{"timestamp":"2025-12-05T05:28:20.802969Z","level":"info","event":"{'name': 'New Boyz', 'id': '1ZKqrja0WvbSssYNFO3lzs', 'url': 'https://open.spotify.com/artist/1ZKqrja0WvbSssYNFO3lzs'}","chan":"stdout","logger":"task"}
{"timestamp":"2025-12-05T05:28:20.804029Z","level":"info","event":"https://musicbrainz.org/ws/2/url?resource=https://open.spotify.com/artist/1ZKqrja0WvbSssYNFO3lzs&inc=artist-rels&fmt=json","chan":"stdout","logger":"task"}
{"timestamp":"2025-12-05T05:28:20.930099Z","level":"info","event":"https://musicbrainz.org/ws/2/artist/8e1d63a3-2980-4d69-ba61-1024e8a6df4b?inc=tags&fmt=json","chan":"stdout","logger":"task"}
{"timestamp":"2025-12-05T05:28:22.051701Z","level":"info","event":"{'name': 'The Cataracs', 'id': '7C64wNX3howEFZjAYRKsfP', 'url': 'https://open.spotify.com/artist/7C64wNX3howEFZjAYRKsfP'}","chan":"stdout","logger":"task"}
{"timestamp":"2025-12-05T05:28:22.051965Z","level":"info","event":"https://musicbrainz.org/ws/2/url?resource=https://open.spotify.com/artist/7C64wNX3howEFZjAYRKsfP&inc=artist-rels&fmt=json","chan":"stdout","logger":"task"}
{"timestamp":"2025-12-05T05:28:22.174698Z","level":"info","event":"https://musicbrainz.org/ws/2/artist/50d9d3ee-8947-4079-9d73-b01dd3e71d8a?inc=tags&fmt=json","chan":"stdout","logger":"task"}
{"timestamp":"2025-12-05T05:28:23.302561Z","level":"info","event":"{'name': 'DEV', 'id': '7Ip2u3e5Nv6fFb5xyIHxEE', 'url': 'https://open.spotify.com/artist/7Ip2u3e5Nv6fFb5xyIHxEE'}","chan":"stdout","logger":"task"}
{"timestamp":"2025-12-05T05:28:23.313368Z","level":"info","event":"https://musicbrainz.org/ws/2/url?resource=https://open.spotify.com/artist/7Ip2u3e5Nv6fFb5xyIHxEE&inc=artist-rels&fmt=json","chan":"stdout","logger":"task"}
{"timestamp":"2025-12-05T05:28:23.446386Z","level":"info","event":"https://musicbrainz.org/ws/2/artist/7cc04f00-4c8f-40ea-894c-5f65777b3575?inc=tags&fmt=json","chan":"stdout","logger":"task"}
{"timestamp":"2025-12-05T05:28:24.583305Z","level":"info","event":"{'name': 'YC Worldwide', 'id': '1JvKSExhqV480k3qFUJwLm', 'url': 'https://open.spotify.com/artist/1JvKSExhqV480k3qFUJwLm'}","chan":"stdout","logger":"task"}
{"timestamp":"2025-12-05T05:28:24.587155Z","level":"info","event":"https://musicbrainz.org/ws/2/url?resource=https://open.spotify.com/artist/1JvKSExhqV480k3qFUJwLm&inc=artist-rels&fmt=json","chan":"stdout","logger":"task"}
{"timestamp":"2025-12-05T05:28:24.718684Z","level":"info","event":"HTTP 404: Not Found","chan":"stdout","logger":"task"}
{"timestamp":"2025-12-05T05:28:24.718886Z","level":"info","event":"unable to get mbid for https://open.spotify.com/artist/1JvKSExhqV480k3qFUJwLm","chan":"stdout","logger":"task"}
{"timestamp":"2025-12-05T05:28:25.721417Z","level":"info","event":"{'name': 'Future', 'id': '1RyvyyTE3xzB2ZywiAwp0i', 'url': 'https://open.spotify.com/artist/1RyvyyTE3xzB2ZywiAwp0i'}","chan":"stdout","logger":"task"}
{"timestamp":"2025-12-05T05:28:25.721729Z","level":"info","event":"https://musicbrainz.org/ws/2/url?resource=https://open.spotify.com/artist/1RyvyyTE3xzB2ZywiAwp0i&inc=artist-rels&fmt=json","chan":"stdout","logger":"task"}
{"timestamp":"2025-12-05T05:28:25.841930Z","level":"info","event":"https://musicbrainz.org/ws/2/artist/48262e82-db9f-4a92-b650-dfef979b73ec?inc=tags&fmt=json","chan":"stdout","logger":"task"}
{"timestamp":"2025-12-05T05:28:26.974527Z","level":"info","event":"{'name': 'Keith Urban', 'id': '0u2FHSq3ln94y5Q57xazwf', 'url': 'https://open.spotify.com/artist/0u2FHSq3ln94y5Q57xazwf'}","chan":"stdout","logger":"task"}
{"timestamp":"2025-12-05T05:28:26.977522Z","level":"info","event":"https://musicbrainz.org/ws/2/url?resource=https://open.spotify.com/artist/0u2FHSq3ln94y5Q57xazwf&inc=artist-rels&fmt=json","chan":"stdout","logger":"task"}
{"timestamp":"2025-12-05T05:28:27.102898Z","level":"info","event":"https://musicbrainz.org/ws/2/artist/f45da029-7b00-4bf3-962c-0eeb20309cc4?inc=tags&fmt=json","chan":"stdout","logger":"task"}
{"timestamp":"2025-12-05T05:28:28.233004Z","level":"info","event":"{'name': 'Andy Grammer', 'id': '2oX42qP5ineK3hrhBECLmj', 'url': 'https://open.spotify.com/artist/2oX42qP5ineK3hrhBECLmj'}","chan":"stdout","logger":"task"}
{"timestamp":"2025-12-05T05:28:28.234154Z","level":"info","event":"https://musicbrainz.org/ws/2/url?resource=https://open.spotify.com/artist/2oX42qP5ineK3hrhBECLmj&inc=artist-rels&fmt=json","chan":"stdout","logger":"task"}
{"timestamp":"2025-12-05T05:28:28.359770Z","level":"info","event":"https://musicbrainz.org/ws/2/artist/9e60ea29-9607-4f7d-aa96-2092ef41f0d3?inc=tags&fmt=json","chan":"stdout","logger":"task"}
{"timestamp":"2025-12-05T05:28:29.481316Z","level":"info","event":"{'name': 'Trace Adkins', 'id': '79FMDwzZQxHgSkIYBl3ODU', 'url': 'https://open.spotify.com/artist/79FMDwzZQxHgSkIYBl3ODU'}","chan":"stdout","logger":"task"}
{"timestamp":"2025-12-05T05:28:29.481941Z","level":"info","event":"https://musicbrainz.org/ws/2/url?resource=https://open.spotify.com/artist/79FMDwzZQxHgSkIYBl3ODU&inc=artist-rels&fmt=json","chan":"stdout","logger":"task"}
{"timestamp":"2025-12-05T05:28:29.612014Z","level":"info","event":"https://musicbrainz.org/ws/2/artist/3dc9c919-508f-4255-b05e-0eed6a28137d?inc=tags&fmt=json","chan":"stdout","logger":"task"}
{"timestamp":"2025-12-05T05:28:30.749408Z","level":"info","event":"{'name': 'Ace Hood', 'id': '31HjiqargV4NAw4GZqUale', 'url': 'https://open.spotify.com/artist/31HjiqargV4NAw4GZqUale'}","chan":"stdout","logger":"task"}
{"timestamp":"2025-12-05T05:28:30.750098Z","level":"info","event":"https://musicbrainz.org/ws/2/url?resource=https://open.spotify.com/artist/31HjiqargV4NAw4GZqUale&inc=artist-rels&fmt=json","chan":"stdout","logger":"task"}
{"timestamp":"2025-12-05T05:28:30.870691Z","level":"info","event":"https://musicbrainz.org/ws/2/artist/986ee464-cf8a-4e59-a71f-74756102067f?inc=tags&fmt=json","chan":"stdout","logger":"task"}
{"timestamp":"2025-12-05T05:28:32.004602Z","level":"info","event":"{'name': 'Marsha Ambrosius', 'id': '46VWDbmWmzvPBTmkSr25gM', 'url': 'https://open.spotify.com/artist/46VWDbmWmzvPBTmkSr25gM'}","chan":"stdout","logger":"task"}
{"timestamp":"2025-12-05T05:28:32.005408Z","level":"info","event":"https://musicbrainz.org/ws/2/url?resource=https://open.spotify.com/artist/46VWDbmWmzvPBTmkSr25gM&inc=artist-rels&fmt=json","chan":"stdout","logger":"task"}
{"timestamp":"2025-12-05T05:28:32.132483Z","level":"info","event":"https://musicbrainz.org/ws/2/artist/24285231-f192-42f1-baea-0f467dd1d8aa?inc=tags&fmt=json","chan":"stdout","logger":"task"}
{"timestamp":"2025-12-05T05:28:33.263939Z","level":"info","event":"{'name': 'Seether', 'id': '6B5c4sch27tWHAGdarpPaW', 'url': 'https://open.spotify.com/artist/6B5c4sch27tWHAGdarpPaW'}","chan":"stdout","logger":"task"}
{"timestamp":"2025-12-05T05:28:33.266640Z","level":"info","event":"https://musicbrainz.org/ws/2/url?resource=https://open.spotify.com/artist/6B5c4sch27tWHAGdarpPaW&inc=artist-rels&fmt=json","chan":"stdout","logger":"task"}
{"timestamp":"2025-12-05T05:28:33.385448Z","level":"info","event":"https://musicbrainz.org/ws/2/artist/fbcd7b29-455f-49e6-9c4f-8249d20a055e?inc=tags&fmt=json","chan":"stdout","logger":"task"}
{"timestamp":"2025-12-05T05:28:34.523751Z","level":"info","event":"{'name': 'Victorious Cast', 'id': '1KYszkVzlhV3rAqmAcYIgd', 'url': 'https://open.spotify.com/artist/1KYszkVzlhV3rAqmAcYIgd'}","chan":"stdout","logger":"task"}
{"timestamp":"2025-12-05T05:28:34.528224Z","level":"info","event":"https://musicbrainz.org/ws/2/url?resource=https://open.spotify.com/artist/1KYszkVzlhV3rAqmAcYIgd&inc=artist-rels&fmt=json","chan":"stdout","logger":"task"}
{"timestamp":"2025-12-05T05:28:34.646647Z","level":"info","event":"https://musicbrainz.org/ws/2/artist/19c682b6-31cc-41fa-bf6e-1796f2a1e778?inc=tags&fmt=json","chan":"stdout","logger":"task"}
{"timestamp":"2025-12-05T05:28:35.777312Z","level":"info","event":"{'name': 'Victoria Justice', 'id': '2OTfr6S2kuHRYStjt1IkY6', 'url': 'https://open.spotify.com/artist/2OTfr6S2kuHRYStjt1IkY6'}","chan":"stdout","logger":"task"}
{"timestamp":"2025-12-05T05:28:35.778252Z","level":"info","event":"https://musicbrainz.org/ws/2/url?resource=https://open.spotify.com/artist/2OTfr6S2kuHRYStjt1IkY6&inc=artist-rels&fmt=json","chan":"stdout","logger":"task"}
{"timestamp":"2025-12-05T05:28:35.907629Z","level":"info","event":"https://musicbrainz.org/ws/2/artist/4ce94c22-acbc-4535-a0e4-b8a8d002887e?inc=tags&fmt=json","chan":"stdout","logger":"task"}
{"timestamp":"2025-12-05T05:28:37.029270Z","level":"info","event":"{'name': 'Gym Class Heroes', 'id': '4IJczjB0fJ04gs4uvP0Fli', 'url': 'https://open.spotify.com/artist/4IJczjB0fJ04gs4uvP0Fli'}","chan":"stdout","logger":"task"}
{"timestamp":"2025-12-05T05:28:37.030388Z","level":"info","event":"https://musicbrainz.org/ws/2/url?resource=https://open.spotify.com/artist/4IJczjB0fJ04gs4uvP0Fli&inc=artist-rels&fmt=json","chan":"stdout","logger":"task"}
{"timestamp":"2025-12-05T05:28:37.197671Z","level":"info","event":"https://musicbrainz.org/ws/2/artist/f4d4b515-0b74-423f-a161-db184330c37c?inc=tags&fmt=json","chan":"stdout","logger":"task"}
{"timestamp":"2025-12-05T05:28:37.309975Z","level":"info","event":"Rate limit hit. Retrying in 1s...","chan":"stdout","logger":"task"}
{"timestamp":"2025-12-05T05:28:39.524216Z","level":"info","event":"{'name': 'Adam Levine', 'id': '4bYPcJP5jwMhSivRcqie2n', 'url': 'https://open.spotify.com/artist/4bYPcJP5jwMhSivRcqie2n'}","chan":"stdout","logger":"task"}
{"timestamp":"2025-12-05T05:28:39.527501Z","level":"info","event":"https://musicbrainz.org/ws/2/url?resource=https://open.spotify.com/artist/4bYPcJP5jwMhSivRcqie2n&inc=artist-rels&fmt=json","chan":"stdout","logger":"task"}
{"timestamp":"2025-12-05T05:28:39.703295Z","level":"info","event":"https://musicbrainz.org/ws/2/artist/a1421d73-1a21-484b-97ad-77c9a5676daf?inc=tags&fmt=json","chan":"stdout","logger":"task"}
{"timestamp":"2025-12-05T05:28:40.907560Z","level":"info","event":"{'name': 'Eva Simons', 'id': '2d6W4cnC5XsVOaxtgaj9hA', 'url': 'https://open.spotify.com/artist/2d6W4cnC5XsVOaxtgaj9hA'}","chan":"stdout","logger":"task"}
{"timestamp":"2025-12-05T05:28:40.908308Z","level":"info","event":"https://musicbrainz.org/ws/2/url?resource=https://open.spotify.com/artist/2d6W4cnC5XsVOaxtgaj9hA&inc=artist-rels&fmt=json","chan":"stdout","logger":"task"}
{"timestamp":"2025-12-05T05:28:41.122929Z","level":"info","event":"https://musicbrainz.org/ws/2/artist/481cbdd9-02ac-46fd-825f-afed658bc505?inc=tags&fmt=json","chan":"stdout","logger":"task"}
{"timestamp":"2025-12-05T05:28:42.289319Z","level":"info","event":"{'name': 'Billy Currington', 'id': '1By9QBFnjZAoI83BZppHlt', 'url': 'https://open.spotify.com/artist/1By9QBFnjZAoI83BZppHlt'}","chan":"stdout","logger":"task"}
{"timestamp":"2025-12-05T05:28:42.290775Z","level":"info","event":"https://musicbrainz.org/ws/2/url?resource=https://open.spotify.com/artist/1By9QBFnjZAoI83BZppHlt&inc=artist-rels&fmt=json","chan":"stdout","logger":"task"}
{"timestamp":"2025-12-05T05:28:42.461047Z","level":"info","event":"https://musicbrainz.org/ws/2/artist/dbf94c49-0dd9-4f72-85d5-f548beb453f6?inc=tags&fmt=json","chan":"stdout","logger":"task"}
{"timestamp":"2025-12-05T05:28:43.697020Z","level":"info","event":"{'name': 'Miranda Lambert', 'id': '66lH4jAE7pqPlOlzUKbwA0', 'url': 'https://open.spotify.com/artist/66lH4jAE7pqPlOlzUKbwA0'}","chan":"stdout","logger":"task"}
{"timestamp":"2025-12-05T05:28:43.699321Z","level":"info","event":"https://musicbrainz.org/ws/2/url?resource=https://open.spotify.com/artist/66lH4jAE7pqPlOlzUKbwA0&inc=artist-rels&fmt=json","chan":"stdout","logger":"task"}
{"timestamp":"2025-12-05T05:28:43.828148Z","level":"info","event":"https://musicbrainz.org/ws/2/artist/4eca1aa0-c79f-481b-af8a-4a2d6c41aa5c?inc=tags&fmt=json","chan":"stdout","logger":"task"}
{"timestamp":"2025-12-05T05:28:44.947290Z","level":"info","event":"{'name': 'Xenia', 'id': '4hlUIRQCAtCnIO4mh0jvpq', 'url': 'https://open.spotify.com/artist/4hlUIRQCAtCnIO4mh0jvpq'}","chan":"stdout","logger":"task"}
{"timestamp":"2025-12-05T05:28:44.949043Z","level":"info","event":"https://musicbrainz.org/ws/2/url?resource=https://open.spotify.com/artist/4hlUIRQCAtCnIO4mh0jvpq&inc=artist-rels&fmt=json","chan":"stdout","logger":"task"}
{"timestamp":"2025-12-05T05:28:45.287170Z","level":"info","event":"https://musicbrainz.org/ws/2/artist/49c354e3-1230-487e-961c-d28c15ee262b?inc=tags&fmt=json","chan":"stdout","logger":"task"}
{"timestamp":"2025-12-05T05:28:46.581880Z","level":"info","event":"{'name': 'Toby Keith', 'id': '2bA6fzP0lMAQ4kz6CF61w8', 'url': 'https://open.spotify.com/artist/2bA6fzP0lMAQ4kz6CF61w8'}","chan":"stdout","logger":"task"}
{"timestamp":"2025-12-05T05:28:46.589267Z","level":"info","event":"https://musicbrainz.org/ws/2/url?resource=https://open.spotify.com/artist/2bA6fzP0lMAQ4kz6CF61w8&inc=artist-rels&fmt=json","chan":"stdout","logger":"task"}
{"timestamp":"2025-12-05T05:28:46.717190Z","level":"info","event":"https://musicbrainz.org/ws/2/artist/2f951906-5629-4fef-a260-5033151c162a?inc=tags&fmt=json","chan":"stdout","logger":"task"}
{"timestamp":"2025-12-05T05:28:47.836441Z","level":"info","event":"{'name': 'Justin Bieber', 'id': '1uNFoZAHBGtllmzznpCI3s', 'url': 'https://open.spotify.com/artist/1uNFoZAHBGtllmzznpCI3s'}","chan":"stdout","logger":"task"}
{"timestamp":"2025-12-05T05:28:47.839334Z","level":"info","event":"https://musicbrainz.org/ws/2/url?resource=https://open.spotify.com/artist/1uNFoZAHBGtllmzznpCI3s&inc=artist-rels&fmt=json","chan":"stdout","logger":"task"}
{"timestamp":"2025-12-05T05:28:48.001717Z","level":"info","event":"https://musicbrainz.org/ws/2/artist/e0140a67-e4d1-4f13-8a01-364355bee46e?inc=tags&fmt=json","chan":"stdout","logger":"task"}
{"timestamp":"2025-12-05T05:28:49.163373Z","level":"info","event":"{'name': 'Bella Thorne', 'id': '58AqJv0sDFPFnnBcLT8eeX', 'url': 'https://open.spotify.com/artist/58AqJv0sDFPFnnBcLT8eeX'}","chan":"stdout","logger":"task"}
{"timestamp":"2025-12-05T05:28:49.164718Z","level":"info","event":"https://musicbrainz.org/ws/2/url?resource=https://open.spotify.com/artist/58AqJv0sDFPFnnBcLT8eeX&inc=artist-rels&fmt=json","chan":"stdout","logger":"task"}
{"timestamp":"2025-12-05T05:28:49.391961Z","level":"info","event":"https://musicbrainz.org/ws/2/artist/53c336fa-358f-4ce5-8681-ab7909922874?inc=tags&fmt=json","chan":"stdout","logger":"task"}
{"timestamp":"2025-12-05T05:28:50.613000Z","level":"info","event":"{'name': 'Zendaya', 'id': '6sCbFbEjbYepqswM1vWjjs', 'url': 'https://open.spotify.com/artist/6sCbFbEjbYepqswM1vWjjs'}","chan":"stdout","logger":"task"}
{"timestamp":"2025-12-05T05:28:50.613843Z","level":"info","event":"https://musicbrainz.org/ws/2/url?resource=https://open.spotify.com/artist/6sCbFbEjbYepqswM1vWjjs&inc=artist-rels&fmt=json","chan":"stdout","logger":"task"}
{"timestamp":"2025-12-05T05:28:50.847033Z","level":"info","event":"https://musicbrainz.org/ws/2/artist/5b946a83-b395-4016-b67f-c71690f9a866?inc=tags&fmt=json","chan":"stdout","logger":"task"}
{"timestamp":"2025-12-05T05:28:52.024905Z","level":"info","event":"{'name': 'Cast of Shake It Up: Break It Down', 'id': '116v5BJngSpJcXNml0OPeu', 'url': 'https://open.spotify.com/artist/116v5BJngSpJcXNml0OPeu'}","chan":"stdout","logger":"task"}
{"timestamp":"2025-12-05T05:28:52.026093Z","level":"info","event":"https://musicbrainz.org/ws/2/url?resource=https://open.spotify.com/artist/116v5BJngSpJcXNml0OPeu&inc=artist-rels&fmt=json","chan":"stdout","logger":"task"}
{"timestamp":"2025-12-05T05:28:52.169115Z","level":"info","event":"HTTP 404: Not Found","chan":"stdout","logger":"task"}
{"timestamp":"2025-12-05T05:28:52.169369Z","level":"info","event":"unable to get mbid for https://open.spotify.com/artist/116v5BJngSpJcXNml0OPeu","chan":"stdout","logger":"task"}
{"timestamp":"2025-12-05T05:28:53.173218Z","level":"info","event":"{'name': 'Mac Miller', 'id': '4LLpKhyESsyAXpc4laK94U', 'url': 'https://open.spotify.com/artist/4LLpKhyESsyAXpc4laK94U'}","chan":"stdout","logger":"task"}
{"timestamp":"2025-12-05T05:28:53.174817Z","level":"info","event":"https://musicbrainz.org/ws/2/url?resource=https://open.spotify.com/artist/4LLpKhyESsyAXpc4laK94U&inc=artist-rels&fmt=json","chan":"stdout","logger":"task"}
{"timestamp":"2025-12-05T05:28:53.317225Z","level":"info","event":"https://musicbrainz.org/ws/2/artist/a0e8a1b1-5f8f-475a-a253-17415c17d0ff?inc=tags&fmt=json","chan":"stdout","logger":"task"}
{"timestamp":"2025-12-05T05:28:54.446018Z","level":"info","event":"{'name': 'Jill Scott', 'id': '6AVLthptCPhfrxlHadOBJD', 'url': 'https://open.spotify.com/artist/6AVLthptCPhfrxlHadOBJD'}","chan":"stdout","logger":"task"}
{"timestamp":"2025-12-05T05:28:54.450588Z","level":"info","event":"https://musicbrainz.org/ws/2/url?resource=https://open.spotify.com/artist/6AVLthptCPhfrxlHadOBJD&inc=artist-rels&fmt=json","chan":"stdout","logger":"task"}
{"timestamp":"2025-12-05T05:28:54.629209Z","level":"info","event":"https://musicbrainz.org/ws/2/artist/b1fb6a18-1626-4011-80fb-eaf83dfebcb6?inc=tags&fmt=json","chan":"stdout","logger":"task"}
{"timestamp":"2025-12-05T05:28:55.851015Z","level":"info","event":"{'name': 'Anthony Hamilton', 'id': '2DzRMyWgjuMbYvt5BLbpCo', 'url': 'https://open.spotify.com/artist/2DzRMyWgjuMbYvt5BLbpCo'}","chan":"stdout","logger":"task"}
{"timestamp":"2025-12-05T05:28:55.856834Z","level":"info","event":"https://musicbrainz.org/ws/2/url?resource=https://open.spotify.com/artist/2DzRMyWgjuMbYvt5BLbpCo&inc=artist-rels&fmt=json","chan":"stdout","logger":"task"}
{"timestamp":"2025-12-05T05:28:56.095691Z","level":"info","event":"https://musicbrainz.org/ws/2/artist/af7f5e8e-ac05-4d55-b860-a4dc72c78e66?inc=tags&fmt=json","chan":"stdout","logger":"task"}
{"timestamp":"2025-12-05T05:28:57.276232Z","level":"info","event":"{'name': 'Train', 'id': '3FUY2gzHeIiaesXtOAdB7A', 'url': 'https://open.spotify.com/artist/3FUY2gzHeIiaesXtOAdB7A'}","chan":"stdout","logger":"task"}
{"timestamp":"2025-12-05T05:28:57.277463Z","level":"info","event":"https://musicbrainz.org/ws/2/url?resource=https://open.spotify.com/artist/3FUY2gzHeIiaesXtOAdB7A&inc=artist-rels&fmt=json","chan":"stdout","logger":"task"}
{"timestamp":"2025-12-05T05:28:57.464513Z","level":"info","event":"https://musicbrainz.org/ws/2/artist/bfd5aec5-62a2-4560-a316-7c46c17babda?inc=tags&fmt=json","chan":"stdout","logger":"task"}
{"timestamp":"2025-12-05T05:28:58.629193Z","level":"info","event":"{'name': 'Kirk Franklin', 'id': '4akybxRTGHJZ1DXjLhJ1qu', 'url': 'https://open.spotify.com/artist/4akybxRTGHJZ1DXjLhJ1qu'}","chan":"stdout","logger":"task"}
{"timestamp":"2025-12-05T05:28:58.632512Z","level":"info","event":"https://musicbrainz.org/ws/2/url?resource=https://open.spotify.com/artist/4akybxRTGHJZ1DXjLhJ1qu&inc=artist-rels&fmt=json","chan":"stdout","logger":"task"}
{"timestamp":"2025-12-05T05:28:58.759879Z","level":"info","event":"https://musicbrainz.org/ws/2/artist/685332a4-12ed-4c3b-8d0e-04e6a37e28f0?inc=tags&fmt=json","chan":"stdout","logger":"task"}
{"timestamp":"2025-12-05T05:28:59.882430Z","level":"info","event":"{'name': 'Brantley Gilbert', 'id': '5q8HGNo0BjLWaTAhRtbwxa', 'url': 'https://open.spotify.com/artist/5q8HGNo0BjLWaTAhRtbwxa'}","chan":"stdout","logger":"task"}
{"timestamp":"2025-12-05T05:28:59.894785Z","level":"info","event":"https://musicbrainz.org/ws/2/url?resource=https://open.spotify.com/artist/5q8HGNo0BjLWaTAhRtbwxa&inc=artist-rels&fmt=json","chan":"stdout","logger":"task"}
{"timestamp":"2025-12-05T05:29:00.092338Z","level":"info","event":"https://musicbrainz.org/ws/2/artist/9ad8aede-6938-48f2-93fa-908bc4da9ef6?inc=tags&fmt=json","chan":"stdout","logger":"task"}
{"timestamp":"2025-12-05T05:29:01.353435Z","level":"info","event":"Fetching audio details for 97 songs...","chan":"stdout","logger":"task"}
{"timestamp":"2025-12-05T05:29:01.361408Z","level":"info","event":"  Fetching batch 1/3 (40 songs)...","chan":"stdout","logger":"task"}
{"timestamp":"2025-12-05T05:29:02.471653Z","level":"info","event":"  Retrieved 25 song details","chan":"stdout","logger":"task"}
{"timestamp":"2025-12-05T05:29:04.482177Z","level":"info","event":"  Fetching batch 2/3 (40 songs)...","chan":"stdout","logger":"task"}
{"timestamp":"2025-12-05T05:29:05.507168Z","level":"info","event":"  Retrieved 26 song details","chan":"stdout","logger":"task"}
{"timestamp":"2025-12-05T05:29:07.520403Z","level":"info","event":"  Fetching batch 3/3 (17 songs)...","chan":"stdout","logger":"task"}
{"timestamp":"2025-12-05T05:29:08.604231Z","level":"info","event":"  Retrieved 13 song details","chan":"stdout","logger":"task"}
{"timestamp":"2025-12-05T05:29:08.605954Z","level":"info","event":"Fetching audio analysis for 64 songs...","chan":"stdout","logger":"task"}
{"timestamp":"2025-12-05T05:29:18.920890Z","level":"info","event":"  Processing audio analysis 10/64...","chan":"stdout","logger":"task"}
{"timestamp":"2025-12-05T05:29:31.211973Z","level":"info","event":"  Processing audio analysis 20/64...","chan":"stdout","logger":"task"}
{"timestamp":"2025-12-05T05:29:42.778499Z","level":"info","event":"  Processing audio analysis 30/64...","chan":"stdout","logger":"task"}
{"timestamp":"2025-12-05T05:29:53.117504Z","level":"info","event":"  Processing audio analysis 40/64...","chan":"stdout","logger":"task"}
{"timestamp":"2025-12-05T05:30:03.777134Z","level":"info","event":"  Processing audio analysis 50/64...","chan":"stdout","logger":"task"}
{"timestamp":"2025-12-05T05:30:15.543393Z","level":"info","event":"  Processing audio analysis 60/64...","chan":"stdout","logger":"task"}
{"timestamp":"2025-12-05T05:30:20.262605Z","level":"info","event":"Completed fetching audio details for 64 songs","chan":"stdout","logger":"task"}
{"timestamp":"2025-12-05T05:30:20.312476Z","level":"info","event":"DEBUG: DATABASE_URL value: postgresql+psycopg2:****@postgres/music_warehouse","chan":"stdout","logger":"task"}
{"timestamp":"2025-12-05T05:30:20.374327Z","level":"info","event":"TYPE OF ENGINE: <class 'sqlalchemy.engine.base.Engine'>","chan":"stdout","logger":"task"}
{"timestamp":"2025-12-05T05:30:20.374579Z","level":"info","event":"ENGINE DIR: ['__class__', '__delattr__', '__dict__', '__dir__', '__doc__', '__eq__', '__format__', '__ge__', '__getattribute__', '__getstate__', '__gt__', '__hash__', '__init__', '__init_subclass__', '__le__', '__lt__', '__module__', '__ne__', '__new__', '__reduce__', '__reduce_ex__', '__repr__', '__setattr__', '__sizeof__', '__str__', '__subclasshook__', '__weakref__', '_compiled_cache', '_connection_cls', '_echo', '_execute_clauseelement', '_execute_compiled', '_execute_default', '_execution_options', '_has_events', '_is_future', '_lru_size_alert', '_option_cls', '_optional_conn_ctx_manager', '_run_ddl_visitor', '_run_visitor', '_schema_translate_map', '_should_log_debug', '_should_log_info', '_sqla_logger_namespace', '_trans_ctx', '_wrap_pool_connect', 'begin', 'clear_compiled_cache', 'connect', 'dialect', 'dispatch', 'dispose', 'driver', 'echo', 'engine', 'execute', 'execution_options', 'get_execution_options', 'has_table', 'hide_parameters', 'logger', 'logging_name', 'name', 'pool', 'raw_connection', 'run_callable', 'scalar', 'table_names', 'transaction', 'update_execution_options', 'url']","chan":"stdout","logger":"task"}
{"timestamp":"2025-12-05T05:30:20.374641Z","level":"info","event":"IS SQLALCHEMY ENGINE: True","chan":"stdout","logger":"task"}
{"timestamp":"2025-12-05T05:30:20.374710Z","level":"info","event":"Database connection successful","chan":"stdout","logger":"task"}
{"timestamp":"2025-12-05T05:30:20.374773Z","level":"info","event":"Loading chart_weeks (1 rows)...","chan":"stdout","logger":"task"}
{"timestamp":"2025-12-05T05:30:20.404772Z","level":"info","event":"  Exported CSV to data_exports/chart_weeks.csv","chan":"stdout","logger":"task"}
{"timestamp":"2025-12-05T05:30:20.405344Z","level":"info","event":"Loading songs (97 rows)...","chan":"stdout","logger":"task"}
{"timestamp":"2025-12-05T05:30:20.433674Z","level":"info","event":"  Exported CSV to data_exports/songs.csv","chan":"stdout","logger":"task"}
{"timestamp":"2025-12-05T05:30:20.434403Z","level":"info","event":"Loading artists (108 rows)...","chan":"stdout","logger":"task"}
{"timestamp":"2025-12-05T05:30:20.441118Z","level":"info","event":"  Exported CSV to data_exports/artists.csv","chan":"stdout","logger":"task"}
{"timestamp":"2025-12-05T05:30:20.441592Z","level":"info","event":"Loading song_artists (142 rows)...","chan":"stdout","logger":"task"}
{"timestamp":"2025-12-05T05:30:20.449877Z","level":"info","event":"  Exported CSV to data_exports/song_artists.csv","chan":"stdout","logger":"task"}
{"timestamp":"2025-12-05T05:30:20.450702Z","level":"info","event":"Loading chart_entries (100 rows)...","chan":"stdout","logger":"task"}
{"timestamp":"2025-12-05T05:30:20.469310Z","level":"info","event":"  Exported CSV to data_exports/chart_entries.csv","chan":"stdout","logger":"task"}
{"timestamp":"2025-12-05T05:30:20.467856","level":"info","event":"Done. Returned value was: None","logger":"airflow.task.operators.airflow.providers.standard.operators.python.PythonOperator"}
{"timestamp":"2025-12-05T05:30:20.499366Z","level":"info","event":"Task instance in success state","chan":"stdout","logger":"task"}
{"timestamp":"2025-12-05T05:30:20.500552Z","level":"info","event":" Previous state of the Task instance: TaskInstanceState.RUNNING","chan":"stdout","logger":"task"}
{"timestamp":"2025-12-05T05:30:20.500699Z","level":"info","event":"Task operator:<Task(PythonOperator): load_music_data>","chan":"stdout","logger":"task"}
