{"timestamp":"2025-12-07T18:45:28.674093","level":"info","event":"DAG bundles loaded: dags-folder, example_dags","logger":"airflow.dag_processing.bundles.manager.DagBundlesManager"}
{"timestamp":"2025-12-07T18:45:28.674689","level":"info","event":"Filling up the DagBag from /opt/airflow/dags/music_load_dag.py","logger":"airflow.models.dagbag.DagBag"}
{"timestamp":"2025-12-07T18:45:28.768334Z","level":"info","event":"postgresql+psycopg2://airflow:airflow@postgres/airflow","chan":"stdout","logger":"task"}
{"timestamp":"2025-12-07T18:45:28.942225Z","level":"info","event":"Task instance is in running state","chan":"stdout","logger":"task"}
{"timestamp":"2025-12-07T18:45:28.942482Z","level":"info","event":" Previous state of the Task instance: TaskInstanceState.QUEUED","chan":"stdout","logger":"task"}
{"timestamp":"2025-12-07T18:45:28.942566Z","level":"info","event":"Current task name:load_music_data","chan":"stdout","logger":"task"}
{"timestamp":"2025-12-07T18:45:28.942647Z","level":"info","event":"Dag name:weekly_music_pipeline","chan":"stdout","logger":"task"}
{"timestamp":"2025-12-07T18:45:50.664457Z","level":"info","event":"  Searching Spotify for 100 songs...","chan":"stdout","logger":"task"}
{"timestamp":"2025-12-07T18:45:50.670301Z","level":"info","event":"  Processing song 1/100: Royals by Lorde","chan":"stdout","logger":"task"}
{"timestamp":"2025-12-07T18:45:51.811984Z","level":"info","event":"1","chan":"stdout","logger":"task"}
{"timestamp":"2025-12-07T18:45:52.487077Z","level":"info","event":"2","chan":"stdout","logger":"task"}
{"timestamp":"2025-12-07T18:45:53.530934Z","level":"info","event":"3","chan":"stdout","logger":"task"}
{"timestamp":"2025-12-07T18:45:54.657677Z","level":"info","event":"4","chan":"stdout","logger":"task"}
{"timestamp":"2025-12-07T18:45:55.617340Z","level":"info","event":"5","chan":"stdout","logger":"task"}
{"timestamp":"2025-12-07T18:45:56.521713Z","level":"info","event":"6","chan":"stdout","logger":"task"}
{"timestamp":"2025-12-07T18:45:57.314057Z","level":"info","event":"7","chan":"stdout","logger":"task"}
{"timestamp":"2025-12-07T18:45:58.041282Z","level":"info","event":"8","chan":"stdout","logger":"task"}
{"timestamp":"2025-12-07T18:45:58.961498Z","level":"info","event":"9","chan":"stdout","logger":"task"}
{"timestamp":"2025-12-07T18:45:58.965275Z","level":"info","event":"  Processing song 10/100: Summertime Sadness by Lana Del Rey vs. Cedric Gervais","chan":"stdout","logger":"task"}
{"timestamp":"2025-12-07T18:45:59.714550Z","level":"info","event":"10","chan":"stdout","logger":"task"}
{"timestamp":"2025-12-07T18:46:00.394296Z","level":"info","event":"11","chan":"stdout","logger":"task"}
{"timestamp":"2025-12-07T18:46:01.100838Z","level":"info","event":"12","chan":"stdout","logger":"task"}
{"timestamp":"2025-12-07T18:46:01.940765Z","level":"info","event":"13","chan":"stdout","logger":"task"}
{"timestamp":"2025-12-07T18:46:02.727442Z","level":"info","event":"14","chan":"stdout","logger":"task"}
{"timestamp":"2025-12-07T18:46:03.569679Z","level":"info","event":"15","chan":"stdout","logger":"task"}
{"timestamp":"2025-12-07T18:46:04.337445Z","level":"info","event":"16","chan":"stdout","logger":"task"}
{"timestamp":"2025-12-07T18:46:05.176367Z","level":"info","event":"17","chan":"stdout","logger":"task"}
{"timestamp":"2025-12-07T18:46:06.022184Z","level":"info","event":"18","chan":"stdout","logger":"task"}
{"timestamp":"2025-12-07T18:46:06.769228Z","level":"info","event":"19","chan":"stdout","logger":"task"}
{"timestamp":"2025-12-07T18:46:06.770161Z","level":"info","event":"  Processing song 20/100: All Me by Drake Featuring 2 Chainz & Big Sean","chan":"stdout","logger":"task"}
{"timestamp":"2025-12-07T18:46:07.763746Z","level":"info","event":"20","chan":"stdout","logger":"task"}
{"timestamp":"2025-12-07T18:46:08.512868Z","level":"info","event":"21","chan":"stdout","logger":"task"}
{"timestamp":"2025-12-07T18:46:09.221907Z","level":"info","event":"22","chan":"stdout","logger":"task"}
{"timestamp":"2025-12-07T18:46:10.186728Z","level":"info","event":"23","chan":"stdout","logger":"task"}
{"timestamp":"2025-12-07T18:46:11.154193Z","level":"info","event":"24","chan":"stdout","logger":"task"}
{"timestamp":"2025-12-07T18:46:12.136834Z","level":"info","event":"25","chan":"stdout","logger":"task"}
{"timestamp":"2025-12-07T18:46:12.903372Z","level":"info","event":"26","chan":"stdout","logger":"task"}
{"timestamp":"2025-12-07T18:46:13.786160Z","level":"info","event":"27","chan":"stdout","logger":"task"}
{"timestamp":"2025-12-07T18:46:14.699784Z","level":"info","event":"28","chan":"stdout","logger":"task"}
{"timestamp":"2025-12-07T18:46:18.368702Z","level":"info","event":"29","chan":"stdout","logger":"task"}
{"timestamp":"2025-12-07T18:46:19.814108Z","level":"info","event":"  Processing song 30/100: Love Somebody by Maroon 5","chan":"stdout","logger":"task"}
{"timestamp":"2025-12-07T18:46:21.653517Z","level":"info","event":"30","chan":"stdout","logger":"task"}
