{"timestamp":"2025-12-06T01:12:25.671867","level":"info","event":"DAG bundles loaded: dags-folder, example_dags","logger":"airflow.dag_processing.bundles.manager.DagBundlesManager"}
{"timestamp":"2025-12-06T01:12:25.672902","level":"info","event":"Filling up the DagBag from /opt/airflow/dags/music_load_dag.py","logger":"airflow.models.dagbag.DagBag"}
{"timestamp":"2025-12-06T01:12:25.747054Z","level":"info","event":"postgresql+psycopg2://airflow:airflow@postgres/airflow","chan":"stdout","logger":"task"}
{"timestamp":"2025-12-06T01:12:25.783166Z","level":"info","event":"Task instance is in running state","chan":"stdout","logger":"task"}
{"timestamp":"2025-12-06T01:12:25.784595Z","level":"info","event":" Previous state of the Task instance: TaskInstanceState.QUEUED","chan":"stdout","logger":"task"}
{"timestamp":"2025-12-06T01:12:25.784839Z","level":"info","event":"Current task name:load_music_data","chan":"stdout","logger":"task"}
{"timestamp":"2025-12-06T01:12:25.785147Z","level":"info","event":"Dag name:weekly_music_pipeline","chan":"stdout","logger":"task"}
{"timestamp":"2025-12-06T01:12:39.789588Z","level":"info","event":"  Searching Spotify for 100 songs...","chan":"stdout","logger":"task"}
{"timestamp":"2025-12-06T01:12:39.790595Z","level":"info","event":"  Processing song 1/100: Call Me Maybe by Carly Rae Jepsen","chan":"stdout","logger":"task"}
{"timestamp":"2025-12-06T01:12:40.414759Z","level":"info","event":"1","chan":"stdout","logger":"task"}
{"timestamp":"2025-12-06T01:12:41.001181Z","level":"info","event":"2","chan":"stdout","logger":"task"}
{"timestamp":"2025-12-06T01:12:41.728349Z","level":"info","event":"3","chan":"stdout","logger":"task"}
{"timestamp":"2025-12-06T01:12:42.988738Z","level":"info","event":"4","chan":"stdout","logger":"task"}
{"timestamp":"2025-12-06T01:12:44.615729Z","level":"info","event":"5","chan":"stdout","logger":"task"}
{"timestamp":"2025-12-06T01:12:46.207202Z","level":"info","event":"6","chan":"stdout","logger":"task"}
{"timestamp":"2025-12-06T01:12:47.724484Z","level":"info","event":"7","chan":"stdout","logger":"task"}
{"timestamp":"2025-12-06T01:12:49.325672Z","level":"info","event":"8","chan":"stdout","logger":"task"}
{"timestamp":"2025-12-06T01:12:50.004763Z","level":"info","event":"9","chan":"stdout","logger":"task"}
{"timestamp":"2025-12-06T01:12:50.006495Z","level":"info","event":"  Processing song 10/100: Blow Me (One Last Kiss) by P!nk","chan":"stdout","logger":"task"}
{"timestamp":"2025-12-06T01:12:50.657050Z","level":"info","event":"10","chan":"stdout","logger":"task"}
{"timestamp":"2025-12-06T01:12:51.457649Z","level":"info","event":"11","chan":"stdout","logger":"task"}
{"timestamp":"2025-12-06T01:12:52.295551Z","level":"info","event":"12","chan":"stdout","logger":"task"}
{"timestamp":"2025-12-06T01:12:53.039672Z","level":"info","event":"13","chan":"stdout","logger":"task"}
{"timestamp":"2025-12-06T01:12:53.927569Z","level":"info","event":"14","chan":"stdout","logger":"task"}
{"timestamp":"2025-12-06T01:12:54.615721Z","level":"info","event":"15","chan":"stdout","logger":"task"}
{"timestamp":"2025-12-06T01:12:55.279656Z","level":"info","event":"16","chan":"stdout","logger":"task"}
{"timestamp":"2025-12-06T01:12:56.051050Z","level":"info","event":"17","chan":"stdout","logger":"task"}
{"timestamp":"2025-12-06T01:12:56.841547Z","level":"info","event":"18","chan":"stdout","logger":"task"}
{"timestamp":"2025-12-06T01:12:57.585789Z","level":"info","event":"19","chan":"stdout","logger":"task"}
{"timestamp":"2025-12-06T01:12:57.586192Z","level":"info","event":"  Processing song 20/100: Starships by Nicki Minaj","chan":"stdout","logger":"task"}
{"timestamp":"2025-12-06T01:12:58.290480Z","level":"info","event":"20","chan":"stdout","logger":"task"}
{"timestamp":"2025-12-06T01:12:59.152987Z","level":"info","event":"21","chan":"stdout","logger":"task"}
{"timestamp":"2025-12-06T01:12:59.942635Z","level":"info","event":"22","chan":"stdout","logger":"task"}
{"timestamp":"2025-12-06T01:13:00.694016Z","level":"info","event":"23","chan":"stdout","logger":"task"}
{"timestamp":"2025-12-06T01:13:01.523760Z","level":"info","event":"24","chan":"stdout","logger":"task"}
{"timestamp":"2025-12-06T01:13:02.424953Z","level":"info","event":"25","chan":"stdout","logger":"task"}
{"timestamp":"2025-12-06T01:13:03.089572Z","level":"info","event":"26","chan":"stdout","logger":"task"}
{"timestamp":"2025-12-06T01:13:03.885404Z","level":"info","event":"27","chan":"stdout","logger":"task"}
{"timestamp":"2025-12-06T01:13:04.481157Z","level":"info","event":"28","chan":"stdout","logger":"task"}
{"timestamp":"2025-12-06T01:13:05.014853Z","level":"info","event":"29","chan":"stdout","logger":"task"}
{"timestamp":"2025-12-06T01:13:05.015373Z","level":"info","event":"  Processing song 30/100: Too Close by Alex Clare","chan":"stdout","logger":"task"}
{"timestamp":"2025-12-06T01:13:05.596528Z","level":"info","event":"30","chan":"stdout","logger":"task"}
{"timestamp":"2025-12-06T01:13:06.264146Z","level":"info","event":"31","chan":"stdout","logger":"task"}
{"timestamp":"2025-12-06T01:13:07.036170Z","level":"info","event":"32","chan":"stdout","logger":"task"}
{"timestamp":"2025-12-06T01:13:07.543994Z","level":"info","event":"Failed to get access token: HTTP 503. Retrying in 1s (attempt 1/3)...","chan":"stdout","logger":"task"}
{"timestamp":"2025-12-06T01:13:09.501838Z","level":"info","event":"Network error: HTTPSConnectionPool(host='api.spotify.com', port=443): Max retries exceeded with url: /v1/search?q=track%3ADrunk%20On%20You%20artist%3ALuke%20Bryan&type=track&limit=1 (Caused by SSLError(SSLEOFError(8, '[SSL: UNEXPECTED_EOF_WHILE_READING] EOF occurred in violation of protocol (_ssl.c:1010)'))). Retrying in 1s (attempt 1/3)...","chan":"stdout","logger":"task"}
{"timestamp":"2025-12-06T01:13:10.853700Z","level":"info","event":"33","chan":"stdout","logger":"task"}
{"timestamp":"2025-12-06T01:13:11.576258Z","level":"info","event":"34","chan":"stdout","logger":"task"}
{"timestamp":"2025-12-06T01:13:12.557833Z","level":"info","event":"35","chan":"stdout","logger":"task"}
{"timestamp":"2025-12-06T01:13:13.196442Z","level":"info","event":"36","chan":"stdout","logger":"task"}
{"timestamp":"2025-12-06T01:13:13.913931Z","level":"info","event":"37","chan":"stdout","logger":"task"}
{"timestamp":"2025-12-06T01:13:14.602411Z","level":"info","event":"38","chan":"stdout","logger":"task"}
{"timestamp":"2025-12-06T01:13:14.894970Z","level":"info","event":"39","chan":"stdout","logger":"task"}
{"timestamp":"2025-12-06T01:13:14.895615Z","level":"info","event":"  Processing song 40/100: 5-1-5-0 by Dierks Bentley","chan":"stdout","logger":"task"}
{"timestamp":"2025-12-06T01:13:15.558992Z","level":"info","event":"40","chan":"stdout","logger":"task"}
{"timestamp":"2025-12-06T01:13:16.378492Z","level":"info","event":"41","chan":"stdout","logger":"task"}
{"timestamp":"2025-12-06T01:13:17.156090Z","level":"info","event":"42","chan":"stdout","logger":"task"}
{"timestamp":"2025-12-06T01:13:17.797766Z","level":"info","event":"43","chan":"stdout","logger":"task"}
{"timestamp":"2025-12-06T01:13:18.529759Z","level":"info","event":"44","chan":"stdout","logger":"task"}
{"timestamp":"2025-12-06T01:13:19.529853Z","level":"info","event":"45","chan":"stdout","logger":"task"}
{"timestamp":"2025-12-06T01:13:20.211353Z","level":"info","event":"46","chan":"stdout","logger":"task"}
{"timestamp":"2025-12-06T01:13:21.053935Z","level":"info","event":"47","chan":"stdout","logger":"task"}
{"timestamp":"2025-12-06T01:13:21.776498Z","level":"info","event":"48","chan":"stdout","logger":"task"}
{"timestamp":"2025-12-06T01:13:22.505588Z","level":"info","event":"49","chan":"stdout","logger":"task"}
{"timestamp":"2025-12-06T01:13:22.506412Z","level":"info","event":"  Processing song 50/100: The Fighter by Gym Class Heroes Featuring Ryan Tedder","chan":"stdout","logger":"task"}
{"timestamp":"2025-12-06T01:13:23.418692Z","level":"info","event":"50","chan":"stdout","logger":"task"}
{"timestamp":"2025-12-06T01:13:24.123762Z","level":"info","event":"51","chan":"stdout","logger":"task"}
{"timestamp":"2025-12-06T01:17:59.688438Z","level":"info","event":"52","chan":"stdout","logger":"task"}
{"timestamp":"2025-12-06T01:18:00.488826Z","level":"info","event":"53","chan":"stdout","logger":"task"}
{"timestamp":"2025-12-06T01:18:01.077280Z","level":"info","event":"54","chan":"stdout","logger":"task"}
{"timestamp":"2025-12-06T01:18:01.795299Z","level":"info","event":"55","chan":"stdout","logger":"task"}
{"timestamp":"2025-12-06T01:18:02.520959Z","level":"info","event":"56","chan":"stdout","logger":"task"}
{"timestamp":"2025-12-06T01:18:03.134898Z","level":"info","event":"57","chan":"stdout","logger":"task"}
{"timestamp":"2025-12-06T01:18:03.994393Z","level":"info","event":"58","chan":"stdout","logger":"task"}
{"timestamp":"2025-12-06T01:18:04.792837Z","level":"info","event":"59","chan":"stdout","logger":"task"}
{"timestamp":"2025-12-06T01:18:04.798410Z","level":"info","event":"  Processing song 60/100: Postcard From Paris by The Band Perry","chan":"stdout","logger":"task"}
{"timestamp":"2025-12-06T01:18:06.395619Z","level":"info","event":"60","chan":"stdout","logger":"task"}
{"timestamp":"2025-12-06T01:18:08.383473Z","level":"info","event":"61","chan":"stdout","logger":"task"}
{"timestamp":"2025-12-06T01:18:09.694563Z","level":"info","event":"62","chan":"stdout","logger":"task"}
{"timestamp":"2025-12-06T01:18:11.344828Z","level":"info","event":"63","chan":"stdout","logger":"task"}
{"timestamp":"2025-12-06T01:18:12.389662Z","level":"info","event":"64","chan":"stdout","logger":"task"}
{"timestamp":"2025-12-06T01:18:13.115948Z","level":"info","event":"65","chan":"stdout","logger":"task"}
{"timestamp":"2025-12-06T01:18:13.801417Z","level":"info","event":"66","chan":"stdout","logger":"task"}
{"timestamp":"2025-12-06T01:18:14.562695Z","level":"info","event":"67","chan":"stdout","logger":"task"}
{"timestamp":"2025-12-06T01:18:15.286428Z","level":"info","event":"68","chan":"stdout","logger":"task"}
{"timestamp":"2025-12-06T01:18:16.478313Z","level":"info","event":"69","chan":"stdout","logger":"task"}
{"timestamp":"2025-12-06T01:18:16.478784Z","level":"info","event":"  Processing song 70/100: She's So Mean by Matchbox Twenty","chan":"stdout","logger":"task"}
{"timestamp":"2025-12-06T01:18:17.719967Z","level":"info","event":"70","chan":"stdout","logger":"task"}
{"timestamp":"2025-12-06T01:18:18.644632Z","level":"info","event":"71","chan":"stdout","logger":"task"}
{"timestamp":"2025-12-06T01:18:19.754828Z","level":"info","event":"72","chan":"stdout","logger":"task"}
{"timestamp":"2025-12-06T01:18:20.716059Z","level":"info","event":"73","chan":"stdout","logger":"task"}
{"timestamp":"2025-12-06T01:18:21.457509Z","level":"info","event":"74","chan":"stdout","logger":"task"}
{"timestamp":"2025-12-06T01:18:22.182303Z","level":"info","event":"75","chan":"stdout","logger":"task"}
{"timestamp":"2025-12-06T01:18:22.903889Z","level":"info","event":"76","chan":"stdout","logger":"task"}
{"timestamp":"2025-12-06T01:18:23.565032Z","level":"info","event":"77","chan":"stdout","logger":"task"}
{"timestamp":"2025-12-06T01:18:24.233069Z","level":"info","event":"78","chan":"stdout","logger":"task"}
{"timestamp":"2025-12-06T01:18:25.300620Z","level":"info","event":"79","chan":"stdout","logger":"task"}
{"timestamp":"2025-12-06T01:18:25.301446Z","level":"info","event":"  Processing song 80/100: My Homies Still by Lil Wayne Featuring Big Sean","chan":"stdout","logger":"task"}
{"timestamp":"2025-12-06T01:18:26.037346Z","level":"info","event":"80","chan":"stdout","logger":"task"}
{"timestamp":"2025-12-06T01:18:26.707295Z","level":"info","event":"81","chan":"stdout","logger":"task"}
{"timestamp":"2025-12-06T01:18:27.364451Z","level":"info","event":"82","chan":"stdout","logger":"task"}
{"timestamp":"2025-12-06T01:18:28.061820Z","level":"info","event":"83","chan":"stdout","logger":"task"}
{"timestamp":"2025-12-06T01:18:28.819471Z","level":"info","event":"84","chan":"stdout","logger":"task"}
{"timestamp":"2025-12-06T01:18:29.511296Z","level":"info","event":"85","chan":"stdout","logger":"task"}
{"timestamp":"2025-12-06T01:18:31.643035Z","level":"info","event":"86","chan":"stdout","logger":"task"}
{"timestamp":"2025-12-06T01:18:32.502141Z","level":"info","event":"87","chan":"stdout","logger":"task"}
{"timestamp":"2025-12-06T01:18:33.140547Z","level":"info","event":"88","chan":"stdout","logger":"task"}
{"timestamp":"2025-12-06T01:18:34.010722Z","level":"info","event":"89","chan":"stdout","logger":"task"}
{"timestamp":"2025-12-06T01:18:34.012558Z","level":"info","event":"  Processing song 90/100: Dance Again by Jennifer Lopez Featuring Pitbull","chan":"stdout","logger":"task"}
{"timestamp":"2025-12-06T01:18:34.880248Z","level":"info","event":"90","chan":"stdout","logger":"task"}
{"timestamp":"2025-12-06T01:18:35.823158Z","level":"info","event":"91","chan":"stdout","logger":"task"}
{"timestamp":"2025-12-06T01:18:36.925872Z","level":"info","event":"92","chan":"stdout","logger":"task"}
{"timestamp":"2025-12-06T01:18:37.694149Z","level":"info","event":"93","chan":"stdout","logger":"task"}
{"timestamp":"2025-12-06T01:18:38.431401Z","level":"info","event":"94","chan":"stdout","logger":"task"}
{"timestamp":"2025-12-06T01:18:39.136422Z","level":"info","event":"95","chan":"stdout","logger":"task"}
{"timestamp":"2025-12-06T01:18:39.925482Z","level":"info","event":"96","chan":"stdout","logger":"task"}
{"timestamp":"2025-12-06T01:18:40.520306Z","level":"info","event":"97","chan":"stdout","logger":"task"}
{"timestamp":"2025-12-06T01:18:41.217010Z","level":"info","event":"98","chan":"stdout","logger":"task"}
{"timestamp":"2025-12-06T01:18:41.904916Z","level":"info","event":"99","chan":"stdout","logger":"task"}
{"timestamp":"2025-12-06T01:18:41.905249Z","level":"info","event":"  Processing song 100/100: Neon by Chris Young","chan":"stdout","logger":"task"}
{"timestamp":"2025-12-06T01:18:42.660937Z","level":"info","event":"100","chan":"stdout","logger":"task"}
{"timestamp":"2025-12-06T01:18:42.729640Z","level":"info","event":"{'name': 'Carly Rae Jepsen', 'id': '6sFIWsNpZYqfjUpaCgueju', 'url': 'https://open.spotify.com/artist/6sFIWsNpZYqfjUpaCgueju'}","chan":"stdout","logger":"task"}
{"timestamp":"2025-12-06T01:18:42.729846Z","level":"info","event":"https://musicbrainz.org/ws/2/url?resource=https://open.spotify.com/artist/6sFIWsNpZYqfjUpaCgueju&inc=artist-rels&fmt=json","chan":"stdout","logger":"task"}
{"timestamp":"2025-12-06T01:18:43.050661Z","level":"info","event":"https://musicbrainz.org/ws/2/artist/09887aa7-226e-4ecc-9a0c-02d2ae5777e1?inc=tags&fmt=json","chan":"stdout","logger":"task"}
{"timestamp":"2025-12-06T01:18:44.221631Z","level":"info","event":"{'name': 'Katy Perry', 'id': '6jJ0s89eD6GaHleKKya26X', 'url': 'https://open.spotify.com/artist/6jJ0s89eD6GaHleKKya26X'}","chan":"stdout","logger":"task"}
{"timestamp":"2025-12-06T01:18:44.228134Z","level":"info","event":"https://musicbrainz.org/ws/2/url?resource=https://open.spotify.com/artist/6jJ0s89eD6GaHleKKya26X&inc=artist-rels&fmt=json","chan":"stdout","logger":"task"}
{"timestamp":"2025-12-06T01:18:44.407373Z","level":"info","event":"https://musicbrainz.org/ws/2/artist/122d63fc-8671-43e4-9752-34e846d62a9c?inc=tags&fmt=json","chan":"stdout","logger":"task"}
{"timestamp":"2025-12-06T01:18:45.562748Z","level":"info","event":"{'name': 'Maroon 5', 'id': '04gDigrS5kc9YWfZHwBETP', 'url': 'https://open.spotify.com/artist/04gDigrS5kc9YWfZHwBETP'}","chan":"stdout","logger":"task"}
{"timestamp":"2025-12-06T01:18:45.564642Z","level":"info","event":"https://musicbrainz.org/ws/2/url?resource=https://open.spotify.com/artist/04gDigrS5kc9YWfZHwBETP&inc=artist-rels&fmt=json","chan":"stdout","logger":"task"}
{"timestamp":"2025-12-06T01:18:45.728580Z","level":"info","event":"https://musicbrainz.org/ws/2/artist/0ab49580-c84f-44d4-875f-d83760ea2cfe?inc=tags&fmt=json","chan":"stdout","logger":"task"}
{"timestamp":"2025-12-06T01:18:46.884023Z","level":"info","event":"{'name': 'Wiz Khalifa', 'id': '137W8MRPWKqSmrBGDBFSop', 'url': 'https://open.spotify.com/artist/137W8MRPWKqSmrBGDBFSop'}","chan":"stdout","logger":"task"}
{"timestamp":"2025-12-06T01:18:46.886007Z","level":"info","event":"https://musicbrainz.org/ws/2/url?resource=https://open.spotify.com/artist/137W8MRPWKqSmrBGDBFSop&inc=artist-rels&fmt=json","chan":"stdout","logger":"task"}
{"timestamp":"2025-12-06T01:18:47.078257Z","level":"info","event":"https://musicbrainz.org/ws/2/artist/f5dfa020-ad69-41cd-b3d4-fd7af0414e94?inc=tags&fmt=json","chan":"stdout","logger":"task"}
{"timestamp":"2025-12-06T01:18:48.371824Z","level":"info","event":"{'name': 'Flo Rida', 'id': '0jnsk9HBra6NMjO2oANoPY', 'url': 'https://open.spotify.com/artist/0jnsk9HBra6NMjO2oANoPY'}","chan":"stdout","logger":"task"}
{"timestamp":"2025-12-06T01:18:48.373520Z","level":"info","event":"https://musicbrainz.org/ws/2/url?resource=https://open.spotify.com/artist/0jnsk9HBra6NMjO2oANoPY&inc=artist-rels&fmt=json","chan":"stdout","logger":"task"}
{"timestamp":"2025-12-06T01:18:48.531992Z","level":"info","event":"https://musicbrainz.org/ws/2/artist/4593d49a-7f67-46ba-9ec0-126bd676286f?inc=tags&fmt=json","chan":"stdout","logger":"task"}
{"timestamp":"2025-12-06T01:18:49.672166Z","level":"info","event":"{'name': 'Ellie Goulding', 'id': '0X2BH1fck6amBIoJhDVmmJ', 'url': 'https://open.spotify.com/artist/0X2BH1fck6amBIoJhDVmmJ'}","chan":"stdout","logger":"task"}
{"timestamp":"2025-12-06T01:18:49.673239Z","level":"info","event":"https://musicbrainz.org/ws/2/url?resource=https://open.spotify.com/artist/0X2BH1fck6amBIoJhDVmmJ&inc=artist-rels&fmt=json","chan":"stdout","logger":"task"}
{"timestamp":"2025-12-06T01:18:49.814384Z","level":"info","event":"https://musicbrainz.org/ws/2/artist/33ca19f4-18c8-4411-98df-ac23890ce9f5?inc=tags&fmt=json","chan":"stdout","logger":"task"}
{"timestamp":"2025-12-06T01:18:50.954152Z","level":"info","event":"{'name': 'Gotye', 'id': '2AsusXITU8P25dlRNhcAbG', 'url': 'https://open.spotify.com/artist/2AsusXITU8P25dlRNhcAbG'}","chan":"stdout","logger":"task"}
{"timestamp":"2025-12-06T01:18:50.955166Z","level":"info","event":"https://musicbrainz.org/ws/2/url?resource=https://open.spotify.com/artist/2AsusXITU8P25dlRNhcAbG&inc=artist-rels&fmt=json","chan":"stdout","logger":"task"}
{"timestamp":"2025-12-06T01:18:51.097359Z","level":"info","event":"https://musicbrainz.org/ws/2/artist/6f6fd596-76e0-4b82-aa37-f558ac2d337b?inc=tags&fmt=json","chan":"stdout","logger":"task"}
{"timestamp":"2025-12-06T01:18:52.260064Z","level":"info","event":"{'name': 'Kimbra', 'id': '6hk7Yq1DU9QcCCrz9uc0Ti', 'url': 'https://open.spotify.com/artist/6hk7Yq1DU9QcCCrz9uc0Ti'}","chan":"stdout","logger":"task"}
{"timestamp":"2025-12-06T01:18:52.261194Z","level":"info","event":"https://musicbrainz.org/ws/2/url?resource=https://open.spotify.com/artist/6hk7Yq1DU9QcCCrz9uc0Ti&inc=artist-rels&fmt=json","chan":"stdout","logger":"task"}
{"timestamp":"2025-12-06T01:18:52.544079Z","level":"info","event":"https://musicbrainz.org/ws/2/artist/fad2875e-ba81-4637-b859-4684622dcb1c?inc=tags&fmt=json","chan":"stdout","logger":"task"}
{"timestamp":"2025-12-06T01:18:52.719589Z","level":"info","event":"Rate limit hit. Retrying in 1s...","chan":"stdout","logger":"task"}
{"timestamp":"2025-12-06T01:18:55.023459Z","level":"info","event":"{'name': 'Rihanna', 'id': '5pKCCKE2ajJHZ9KAiaK11H', 'url': 'https://open.spotify.com/artist/5pKCCKE2ajJHZ9KAiaK11H'}","chan":"stdout","logger":"task"}
{"timestamp":"2025-12-06T01:18:55.026138Z","level":"info","event":"https://musicbrainz.org/ws/2/url?resource=https://open.spotify.com/artist/5pKCCKE2ajJHZ9KAiaK11H&inc=artist-rels&fmt=json","chan":"stdout","logger":"task"}
{"timestamp":"2025-12-06T01:18:55.304496Z","level":"info","event":"https://musicbrainz.org/ws/2/artist/73e5e69d-3554-40d8-8516-00cb38737a1c?inc=tags&fmt=json","chan":"stdout","logger":"task"}
{"timestamp":"2025-12-06T01:18:56.541808Z","level":"info","event":"{'name': 'David Guetta', 'id': '1Cs0zKBU1kc0i8ypK3B9ai', 'url': 'https://open.spotify.com/artist/1Cs0zKBU1kc0i8ypK3B9ai'}","chan":"stdout","logger":"task"}
{"timestamp":"2025-12-06T01:18:56.542203Z","level":"info","event":"https://musicbrainz.org/ws/2/url?resource=https://open.spotify.com/artist/1Cs0zKBU1kc0i8ypK3B9ai&inc=artist-rels&fmt=json","chan":"stdout","logger":"task"}
{"timestamp":"2025-12-06T01:18:56.775949Z","level":"info","event":"https://musicbrainz.org/ws/2/artist/302bd7b9-d012-4360-897a-93b00c855680?inc=tags&fmt=json","chan":"stdout","logger":"task"}
{"timestamp":"2025-12-06T01:18:57.972296Z","level":"info","event":"{'name': 'Sia', 'id': '5WUlDfRSoLAfcVSX1WnrxN', 'url': 'https://open.spotify.com/artist/5WUlDfRSoLAfcVSX1WnrxN'}","chan":"stdout","logger":"task"}
{"timestamp":"2025-12-06T01:18:57.973291Z","level":"info","event":"https://musicbrainz.org/ws/2/url?resource=https://open.spotify.com/artist/5WUlDfRSoLAfcVSX1WnrxN&inc=artist-rels&fmt=json","chan":"stdout","logger":"task"}
{"timestamp":"2025-12-06T01:18:58.182124Z","level":"info","event":"https://musicbrainz.org/ws/2/artist/2f548675-008d-4332-876c-108b0c7ab9c5?inc=tags&fmt=json","chan":"stdout","logger":"task"}
{"timestamp":"2025-12-06T01:22:39.515589Z","level":"info","event":"{'name': 'USHER', 'id': '23zg3TcAtWQy7J6upgbUnj', 'url': 'https://open.spotify.com/artist/23zg3TcAtWQy7J6upgbUnj'}","chan":"stdout","logger":"task"}
{"timestamp":"2025-12-06T01:22:39.515771Z","level":"info","event":"https://musicbrainz.org/ws/2/url?resource=https://open.spotify.com/artist/23zg3TcAtWQy7J6upgbUnj&inc=artist-rels&fmt=json","chan":"stdout","logger":"task"}
{"timestamp":"2025-12-06T01:22:39.685396Z","level":"info","event":"https://musicbrainz.org/ws/2/artist/3414d446-735a-443c-931f-10634f57e5b9?inc=tags&fmt=json","chan":"stdout","logger":"task"}
{"timestamp":"2025-12-06T01:22:40.844239Z","level":"info","event":"{'name': 'P!nk', 'id': '1KCSPY1glIKqW2TotWuXOR', 'url': 'https://open.spotify.com/artist/1KCSPY1glIKqW2TotWuXOR'}","chan":"stdout","logger":"task"}
{"timestamp":"2025-12-06T01:22:40.844480Z","level":"info","event":"https://musicbrainz.org/ws/2/url?resource=https://open.spotify.com/artist/1KCSPY1glIKqW2TotWuXOR&inc=artist-rels&fmt=json","chan":"stdout","logger":"task"}
