{"timestamp":"2025-12-02T17:56:00.212818","level":"info","event":"DAG bundles loaded: dags-folder, example_dags","logger":"airflow.dag_processing.bundles.manager.DagBundlesManager"}
{"timestamp":"2025-12-02T17:56:00.213634","level":"info","event":"Filling up the DagBag from /opt/airflow/dags/music_load_dag.py","logger":"airflow.models.dagbag.DagBag"}
{"timestamp":"2025-12-02T17:56:00.329041Z","level":"info","event":"Pandas version: 2.3.3","chan":"stdout","logger":"task"}
{"timestamp":"2025-12-02T17:56:00.331207Z","level":"info","event":"SQLAlchemy version: 1.4.54","chan":"stdout","logger":"task"}
{"timestamp":"2025-12-02T17:56:00.331341Z","level":"info","event":"postgresql+psycopg2://airflow:airflow@postgres/airflow","chan":"stdout","logger":"task"}
{"timestamp":"2025-12-02T17:56:00.360972Z","level":"info","event":"Task instance is in running state","chan":"stdout","logger":"task"}
{"timestamp":"2025-12-02T17:56:00.361182Z","level":"info","event":" Previous state of the Task instance: TaskInstanceState.QUEUED","chan":"stdout","logger":"task"}
{"timestamp":"2025-12-02T17:56:00.361234Z","level":"info","event":"Current task name:load_music_data","chan":"stdout","logger":"task"}
{"timestamp":"2025-12-02T17:56:00.361273Z","level":"info","event":"Dag name:weekly_music_pipeline","chan":"stdout","logger":"task"}
{"timestamp":"2025-12-02T17:56:15.280881Z","level":"info","event":"  Searching Spotify for 100 songs...","chan":"stdout","logger":"task"}
{"timestamp":"2025-12-02T17:56:15.281915Z","level":"info","event":"  Processing song 1/100: The Fate Of Ophelia by Taylor Swift","chan":"stdout","logger":"task"}
{"timestamp":"2025-12-02T17:56:21.574211Z","level":"info","event":"  Processing song 10/100: Back To Friends by sombr","chan":"stdout","logger":"task"}
{"timestamp":"2025-12-02T17:56:28.650004Z","level":"info","event":"  Processing song 20/100: Jingle Bell Rock by Bobby Helms","chan":"stdout","logger":"task"}
{"timestamp":"2025-12-02T17:56:35.435327Z","level":"info","event":"  Processing song 30/100: Santa Tell Me by Ariana Grande","chan":"stdout","logger":"task"}
{"timestamp":"2025-12-02T17:56:41.598907Z","level":"info","event":"  Processing song 40/100: wgft by Gunna Featuring Burna Boy","chan":"stdout","logger":"task"}
{"timestamp":"2025-12-02T17:56:49.214353Z","level":"info","event":"  Processing song 50/100: The Christmas Song (Merry Christmas To You) by Nat \"King\" Cole","chan":"stdout","logger":"task"}
{"timestamp":"2025-12-02T17:56:55.514806Z","level":"info","event":"  Processing song 60/100: Wood by Taylor Swift","chan":"stdout","logger":"task"}
{"timestamp":"2025-12-02T17:57:03.131601Z","level":"info","event":"  Processing song 70/100: Went Legit by G Herbo","chan":"stdout","logger":"task"}
{"timestamp":"2025-12-02T17:57:10.807170Z","level":"info","event":"  Processing song 80/100: How Far Does A Goodbye Go by Jason Aldean","chan":"stdout","logger":"task"}
{"timestamp":"2025-12-02T17:57:17.600387Z","level":"info","event":"  Processing song 90/100: Favorite Country Song by HARDY","chan":"stdout","logger":"task"}
{"timestamp":"2025-12-02T17:57:24.906712Z","level":"info","event":"  Processing song 100/100: 3am by Loe Shimmy & Don Toliver","chan":"stdout","logger":"task"}
{"timestamp":"2025-12-02T17:57:25.785701Z","level":"info","event":"{'name': 'Taylor Swift', 'id': '06HL4z0CvFAxyc27GXpf02', 'url': 'https://open.spotify.com/artist/06HL4z0CvFAxyc27GXpf02'}","chan":"stdout","logger":"task"}
{"timestamp":"2025-12-02T17:57:25.786812Z","level":"info","event":"https://musicbrainz.org/ws/2/url?resource=https://open.spotify.com/artist/06HL4z0CvFAxyc27GXpf02&inc=artist-rels&fmt=json","chan":"stdout","logger":"task"}
{"timestamp":"2025-12-02T17:57:26.127865Z","level":"info","event":"https://musicbrainz.org/ws/2/artist/20244d07-534f-4eff-b4d4-930878889970?inc=tags&fmt=json","chan":"stdout","logger":"task"}
{"timestamp":"2025-12-02T17:57:27.242786Z","level":"info","event":"{'name': 'HUNTR/X', 'id': '2yNNYQBChuox9A5Ka93BIn', 'url': 'https://open.spotify.com/artist/2yNNYQBChuox9A5Ka93BIn'}","chan":"stdout","logger":"task"}
{"timestamp":"2025-12-02T17:57:27.243430Z","level":"info","event":"https://musicbrainz.org/ws/2/url?resource=https://open.spotify.com/artist/2yNNYQBChuox9A5Ka93BIn&inc=artist-rels&fmt=json","chan":"stdout","logger":"task"}
{"timestamp":"2025-12-02T17:57:27.351604Z","level":"info","event":"https://musicbrainz.org/ws/2/artist/dc7fd424-6ba4-45cc-b407-7716c7bb3605?inc=tags&fmt=json","chan":"stdout","logger":"task"}
{"timestamp":"2025-12-02T17:57:28.458519Z","level":"info","event":"{'name': 'EJAE', 'id': '0RMJOzHDhAKY1o2j0W0vxY', 'url': 'https://open.spotify.com/artist/0RMJOzHDhAKY1o2j0W0vxY'}","chan":"stdout","logger":"task"}
{"timestamp":"2025-12-02T17:57:28.458719Z","level":"info","event":"https://musicbrainz.org/ws/2/url?resource=https://open.spotify.com/artist/0RMJOzHDhAKY1o2j0W0vxY&inc=artist-rels&fmt=json","chan":"stdout","logger":"task"}
{"timestamp":"2025-12-02T17:57:28.561756Z","level":"info","event":"https://musicbrainz.org/ws/2/artist/0f0a0c02-0aa6-4fc0-aad0-bb2e9d5bcbbb?inc=tags&fmt=json","chan":"stdout","logger":"task"}
{"timestamp":"2025-12-02T17:57:29.671899Z","level":"info","event":"{'name': 'AUDREY NUNA', 'id': '0Wwji82sLA0Hcvtuak3omb', 'url': 'https://open.spotify.com/artist/0Wwji82sLA0Hcvtuak3omb'}","chan":"stdout","logger":"task"}
{"timestamp":"2025-12-02T17:57:29.673296Z","level":"info","event":"https://musicbrainz.org/ws/2/url?resource=https://open.spotify.com/artist/0Wwji82sLA0Hcvtuak3omb&inc=artist-rels&fmt=json","chan":"stdout","logger":"task"}
{"timestamp":"2025-12-02T17:57:29.788372Z","level":"info","event":"https://musicbrainz.org/ws/2/artist/7b54e5e4-82f7-4dfe-9cd8-fc8d9f6815e3?inc=tags&fmt=json","chan":"stdout","logger":"task"}
{"timestamp":"2025-12-02T17:57:30.904181Z","level":"info","event":"{'name': 'REI AMI', 'id': '6U1dV7aL68N7Gb0Naq34V5', 'url': 'https://open.spotify.com/artist/6U1dV7aL68N7Gb0Naq34V5'}","chan":"stdout","logger":"task"}
{"timestamp":"2025-12-02T17:57:30.906098Z","level":"info","event":"https://musicbrainz.org/ws/2/url?resource=https://open.spotify.com/artist/6U1dV7aL68N7Gb0Naq34V5&inc=artist-rels&fmt=json","chan":"stdout","logger":"task"}
{"timestamp":"2025-12-02T17:57:31.015816Z","level":"info","event":"https://musicbrainz.org/ws/2/artist/59adde12-dd9d-40c6-9906-bd4357633915?inc=tags&fmt=json","chan":"stdout","logger":"task"}
{"timestamp":"2025-12-02T17:57:32.191982Z","level":"info","event":"{'name': 'KPop Demon Hunters Cast', 'id': '7mW7Tv7NvywKKXqafZo0Lc', 'url': 'https://open.spotify.com/artist/7mW7Tv7NvywKKXqafZo0Lc'}","chan":"stdout","logger":"task"}
{"timestamp":"2025-12-02T17:57:32.192501Z","level":"info","event":"https://musicbrainz.org/ws/2/url?resource=https://open.spotify.com/artist/7mW7Tv7NvywKKXqafZo0Lc&inc=artist-rels&fmt=json","chan":"stdout","logger":"task"}
{"timestamp":"2025-12-02T17:57:32.297717Z","level":"info","event":"https://musicbrainz.org/ws/2/artist/7ba8efd8-9cef-49dd-8399-3e90dac43fa6?inc=tags&fmt=json","chan":"stdout","logger":"task"}
{"timestamp":"2025-12-02T17:57:33.412202Z","level":"info","event":"{'name': 'Alex Warren', 'id': '0fTSzq9jAh4c36UVb4V7CB', 'url': 'https://open.spotify.com/artist/0fTSzq9jAh4c36UVb4V7CB'}","chan":"stdout","logger":"task"}
{"timestamp":"2025-12-02T17:57:33.412703Z","level":"info","event":"https://musicbrainz.org/ws/2/url?resource=https://open.spotify.com/artist/0fTSzq9jAh4c36UVb4V7CB&inc=artist-rels&fmt=json","chan":"stdout","logger":"task"}
{"timestamp":"2025-12-02T17:57:33.528284Z","level":"info","event":"https://musicbrainz.org/ws/2/artist/609a2ea3-f446-4e31-8eef-9f7591afb55a?inc=tags&fmt=json","chan":"stdout","logger":"task"}
{"timestamp":"2025-12-02T17:57:34.642844Z","level":"info","event":"{'name': 'Olivia Dean', 'id': '00x1fYSGhdqScXBRpSj3DW', 'url': 'https://open.spotify.com/artist/00x1fYSGhdqScXBRpSj3DW'}","chan":"stdout","logger":"task"}
{"timestamp":"2025-12-02T17:57:34.645398Z","level":"info","event":"https://musicbrainz.org/ws/2/url?resource=https://open.spotify.com/artist/00x1fYSGhdqScXBRpSj3DW&inc=artist-rels&fmt=json","chan":"stdout","logger":"task"}
{"timestamp":"2025-12-02T17:57:34.752106Z","level":"info","event":"https://musicbrainz.org/ws/2/artist/15e0d608-0869-429b-898d-3d8db3ecedd5?inc=tags&fmt=json","chan":"stdout","logger":"task"}
{"timestamp":"2025-12-02T17:57:34.857153Z","level":"info","event":"Rate limit hit. Retrying in 1s...","chan":"stdout","logger":"task"}
{"timestamp":"2025-12-02T17:57:35.972766Z","level":"info","event":"Rate limit hit. Retrying in 2s...","chan":"stdout","logger":"task"}
{"timestamp":"2025-12-02T17:57:39.092841Z","level":"info","event":"{'name': 'Justin Bieber', 'id': '1uNFoZAHBGtllmzznpCI3s', 'url': 'https://open.spotify.com/artist/1uNFoZAHBGtllmzznpCI3s'}","chan":"stdout","logger":"task"}
{"timestamp":"2025-12-02T17:57:39.095338Z","level":"info","event":"https://musicbrainz.org/ws/2/url?resource=https://open.spotify.com/artist/1uNFoZAHBGtllmzznpCI3s&inc=artist-rels&fmt=json","chan":"stdout","logger":"task"}
{"timestamp":"2025-12-02T17:57:39.205475Z","level":"info","event":"https://musicbrainz.org/ws/2/artist/e0140a67-e4d1-4f13-8a01-364355bee46e?inc=tags&fmt=json","chan":"stdout","logger":"task"}
{"timestamp":"2025-12-02T17:57:40.329673Z","level":"info","event":"{'name': 'Leon Thomas', 'id': '0nnBZ8FXWjG9wZgM2cpfeb', 'url': 'https://open.spotify.com/artist/0nnBZ8FXWjG9wZgM2cpfeb'}","chan":"stdout","logger":"task"}
{"timestamp":"2025-12-02T17:57:40.333602Z","level":"info","event":"https://musicbrainz.org/ws/2/url?resource=https://open.spotify.com/artist/0nnBZ8FXWjG9wZgM2cpfeb&inc=artist-rels&fmt=json","chan":"stdout","logger":"task"}
{"timestamp":"2025-12-02T17:57:40.448860Z","level":"info","event":"https://musicbrainz.org/ws/2/artist/46f70f03-d259-4314-b926-2db36c28d86f?inc=tags&fmt=json","chan":"stdout","logger":"task"}
{"timestamp":"2025-12-02T17:57:41.559958Z","level":"info","event":"{'name': 'Kehlani', 'id': '0cGUm45nv7Z6M6qdXYQGTX', 'url': 'https://open.spotify.com/artist/0cGUm45nv7Z6M6qdXYQGTX'}","chan":"stdout","logger":"task"}
{"timestamp":"2025-12-02T17:57:41.561234Z","level":"info","event":"https://musicbrainz.org/ws/2/url?resource=https://open.spotify.com/artist/0cGUm45nv7Z6M6qdXYQGTX&inc=artist-rels&fmt=json","chan":"stdout","logger":"task"}
{"timestamp":"2025-12-02T17:57:41.676089Z","level":"info","event":"https://musicbrainz.org/ws/2/artist/3260ce89-5eb0-4c6a-89c7-379c0dfc2ab9?inc=tags&fmt=json","chan":"stdout","logger":"task"}
{"timestamp":"2025-12-02T17:57:42.791198Z","level":"info","event":"{'name': 'Morgan Wallen', 'id': '4oUHIQIBe0LHzYfvXNW4QM', 'url': 'https://open.spotify.com/artist/4oUHIQIBe0LHzYfvXNW4QM'}","chan":"stdout","logger":"task"}
{"timestamp":"2025-12-02T17:57:42.792674Z","level":"info","event":"https://musicbrainz.org/ws/2/url?resource=https://open.spotify.com/artist/4oUHIQIBe0LHzYfvXNW4QM&inc=artist-rels&fmt=json","chan":"stdout","logger":"task"}
{"timestamp":"2025-12-02T17:57:42.902808Z","level":"info","event":"https://musicbrainz.org/ws/2/artist/2077273e-eaa1-4f49-903c-f286ededecb9?inc=tags&fmt=json","chan":"stdout","logger":"task"}
{"timestamp":"2025-12-02T17:57:44.008894Z","level":"info","event":"{'name': 'sombr', 'id': '4G9NDjRyZFDlJKMRL8hx3S', 'url': 'https://open.spotify.com/artist/4G9NDjRyZFDlJKMRL8hx3S'}","chan":"stdout","logger":"task"}
{"timestamp":"2025-12-02T17:57:44.010114Z","level":"info","event":"https://musicbrainz.org/ws/2/url?resource=https://open.spotify.com/artist/4G9NDjRyZFDlJKMRL8hx3S&inc=artist-rels&fmt=json","chan":"stdout","logger":"task"}
{"timestamp":"2025-12-02T17:57:44.121181Z","level":"info","event":"https://musicbrainz.org/ws/2/artist/502cf908-9921-48bc-bf0e-265c881c0156?inc=tags&fmt=json","chan":"stdout","logger":"task"}
{"timestamp":"2025-12-02T17:57:45.232761Z","level":"info","event":"{'name': 'Mariah Carey', 'id': '4iHNK0tOyZPYnBU7nGAgpQ', 'url': 'https://open.spotify.com/artist/4iHNK0tOyZPYnBU7nGAgpQ'}","chan":"stdout","logger":"task"}
{"timestamp":"2025-12-02T17:57:45.233773Z","level":"info","event":"https://musicbrainz.org/ws/2/url?resource=https://open.spotify.com/artist/4iHNK0tOyZPYnBU7nGAgpQ&inc=artist-rels&fmt=json","chan":"stdout","logger":"task"}
{"timestamp":"2025-12-02T17:57:45.345906Z","level":"info","event":"https://musicbrainz.org/ws/2/artist/494e8d09-f85b-4543-892f-a5096aed1cd4?inc=tags&fmt=json","chan":"stdout","logger":"task"}
{"timestamp":"2025-12-02T17:57:46.454951Z","level":"info","event":"{'name': 'Cody Johnson', 'id': '6zLBxLdl60ekBLpawtT63I', 'url': 'https://open.spotify.com/artist/6zLBxLdl60ekBLpawtT63I'}","chan":"stdout","logger":"task"}
{"timestamp":"2025-12-02T17:57:46.456488Z","level":"info","event":"https://musicbrainz.org/ws/2/url?resource=https://open.spotify.com/artist/6zLBxLdl60ekBLpawtT63I&inc=artist-rels&fmt=json","chan":"stdout","logger":"task"}
{"timestamp":"2025-12-02T17:57:46.567558Z","level":"info","event":"https://musicbrainz.org/ws/2/artist/faabeed5-3dd0-4be5-aec5-e6486e68db2f?inc=tags&fmt=json","chan":"stdout","logger":"task"}
{"timestamp":"2025-12-02T17:57:47.710643Z","level":"info","event":"{'name': 'Wham!', 'id': '5lpH0xAS4fVfLkACg9DAuM', 'url': 'https://open.spotify.com/artist/5lpH0xAS4fVfLkACg9DAuM'}","chan":"stdout","logger":"task"}
{"timestamp":"2025-12-02T17:57:47.715165Z","level":"info","event":"https://musicbrainz.org/ws/2/url?resource=https://open.spotify.com/artist/5lpH0xAS4fVfLkACg9DAuM&inc=artist-rels&fmt=json","chan":"stdout","logger":"task"}
{"timestamp":"2025-12-02T17:57:47.823019Z","level":"info","event":"Rate limit hit. Retrying in 1s...","chan":"stdout","logger":"task"}
{"timestamp":"2025-12-02T17:57:48.937031Z","level":"info","event":"https://musicbrainz.org/ws/2/artist/d570bb31-b9ca-45a4-a2d9-11b186d9c159?inc=tags&fmt=json","chan":"stdout","logger":"task"}
{"timestamp":"2025-12-02T17:57:50.052949Z","level":"info","event":"{'name': 'Tate McRae', 'id': '45dkTj5sMRSjrmBSBeiHym', 'url': 'https://open.spotify.com/artist/45dkTj5sMRSjrmBSBeiHym'}","chan":"stdout","logger":"task"}
{"timestamp":"2025-12-02T17:57:50.054008Z","level":"info","event":"https://musicbrainz.org/ws/2/url?resource=https://open.spotify.com/artist/45dkTj5sMRSjrmBSBeiHym&inc=artist-rels&fmt=json","chan":"stdout","logger":"task"}
{"timestamp":"2025-12-02T17:57:50.165360Z","level":"info","event":"https://musicbrainz.org/ws/2/artist/f9133869-f87c-459c-9aa7-2f176cda7e06?inc=tags&fmt=json","chan":"stdout","logger":"task"}
{"timestamp":"2025-12-02T17:57:51.277945Z","level":"info","event":"{'name': 'Saja Boys', 'id': '0BJ2EjOqcfgFvlZXNKrNbE', 'url': 'https://open.spotify.com/artist/0BJ2EjOqcfgFvlZXNKrNbE'}","chan":"stdout","logger":"task"}
{"timestamp":"2025-12-02T17:57:51.278205Z","level":"info","event":"https://musicbrainz.org/ws/2/url?resource=https://open.spotify.com/artist/0BJ2EjOqcfgFvlZXNKrNbE&inc=artist-rels&fmt=json","chan":"stdout","logger":"task"}
{"timestamp":"2025-12-02T17:57:51.382522Z","level":"info","event":"https://musicbrainz.org/ws/2/artist/62e4d845-5a9f-462f-a909-8e480dd3c1b8?inc=tags&fmt=json","chan":"stdout","logger":"task"}
{"timestamp":"2025-12-02T17:57:52.497549Z","level":"info","event":"{'name': 'Andrew Choi', 'id': '7JBaynR7JFeniONqbnn1U4', 'url': 'https://open.spotify.com/artist/7JBaynR7JFeniONqbnn1U4'}","chan":"stdout","logger":"task"}
{"timestamp":"2025-12-02T17:57:52.499409Z","level":"info","event":"https://musicbrainz.org/ws/2/url?resource=https://open.spotify.com/artist/7JBaynR7JFeniONqbnn1U4&inc=artist-rels&fmt=json","chan":"stdout","logger":"task"}
{"timestamp":"2025-12-02T17:57:52.611539Z","level":"info","event":"https://musicbrainz.org/ws/2/artist/3bc0a256-bd32-46af-ba2d-5404dce176fe?inc=tags&fmt=json","chan":"stdout","logger":"task"}
{"timestamp":"2025-12-02T17:57:53.718767Z","level":"info","event":"{'name': 'Neckwav', 'id': '5bXNU0MAF2HSqyFPhYtscH', 'url': 'https://open.spotify.com/artist/5bXNU0MAF2HSqyFPhYtscH'}","chan":"stdout","logger":"task"}
{"timestamp":"2025-12-02T17:57:53.718992Z","level":"info","event":"https://musicbrainz.org/ws/2/url?resource=https://open.spotify.com/artist/5bXNU0MAF2HSqyFPhYtscH&inc=artist-rels&fmt=json","chan":"stdout","logger":"task"}
{"timestamp":"2025-12-02T17:57:53.820190Z","level":"info","event":"https://musicbrainz.org/ws/2/artist/d1bb2849-6d06-4815-9aab-d360bc317f54?inc=tags&fmt=json","chan":"stdout","logger":"task"}
{"timestamp":"2025-12-02T17:57:54.928031Z","level":"info","event":"{'name': 'Danny Chung', 'id': '11pXvO7wYuzRWYONDOBd33', 'url': 'https://open.spotify.com/artist/11pXvO7wYuzRWYONDOBd33'}","chan":"stdout","logger":"task"}
{"timestamp":"2025-12-02T17:57:54.929794Z","level":"info","event":"https://musicbrainz.org/ws/2/url?resource=https://open.spotify.com/artist/11pXvO7wYuzRWYONDOBd33&inc=artist-rels&fmt=json","chan":"stdout","logger":"task"}
{"timestamp":"2025-12-02T17:57:55.051063Z","level":"info","event":"https://musicbrainz.org/ws/2/artist/072fa314-f544-4943-8dd5-afa37b55e696?inc=tags&fmt=json","chan":"stdout","logger":"task"}
{"timestamp":"2025-12-02T17:57:56.161387Z","level":"info","event":"{'name': 'KEVIN WOO', 'id': '2RYonYiVhhzBz82UFXOvEN', 'url': 'https://open.spotify.com/artist/2RYonYiVhhzBz82UFXOvEN'}","chan":"stdout","logger":"task"}
{"timestamp":"2025-12-02T17:57:56.187738Z","level":"info","event":"https://musicbrainz.org/ws/2/url?resource=https://open.spotify.com/artist/2RYonYiVhhzBz82UFXOvEN&inc=artist-rels&fmt=json","chan":"stdout","logger":"task"}
{"timestamp":"2025-12-02T17:57:56.269077Z","level":"info","event":"https://musicbrainz.org/ws/2/artist/b0c51568-37df-4b27-83a5-3a1c3539f3ff?inc=tags&fmt=json","chan":"stdout","logger":"task"}
{"timestamp":"2025-12-02T17:57:57.381899Z","level":"info","event":"{'name': 'samUIL Lee', 'id': '1eDupbD9kIx8UaZlzcBG5r', 'url': 'https://open.spotify.com/artist/1eDupbD9kIx8UaZlzcBG5r'}","chan":"stdout","logger":"task"}
{"timestamp":"2025-12-02T17:57:57.382586Z","level":"info","event":"https://musicbrainz.org/ws/2/url?resource=https://open.spotify.com/artist/1eDupbD9kIx8UaZlzcBG5r&inc=artist-rels&fmt=json","chan":"stdout","logger":"task"}
{"timestamp":"2025-12-02T17:57:57.549270Z","level":"info","event":"HTTP 404: Not Found","chan":"stdout","logger":"task"}
{"timestamp":"2025-12-02T17:57:57.549521Z","level":"info","event":"unable to get mbid for https://open.spotify.com/artist/1eDupbD9kIx8UaZlzcBG5r","chan":"stdout","logger":"task"}
{"timestamp":"2025-12-02T17:57:58.556120Z","level":"info","event":"{'name': 'Chris Brown', 'id': '7bXgB6jMjp9ATFy66eO08Z', 'url': 'https://open.spotify.com/artist/7bXgB6jMjp9ATFy66eO08Z'}","chan":"stdout","logger":"task"}
{"timestamp":"2025-12-02T17:57:58.556996Z","level":"info","event":"https://musicbrainz.org/ws/2/url?resource=https://open.spotify.com/artist/7bXgB6jMjp9ATFy66eO08Z&inc=artist-rels&fmt=json","chan":"stdout","logger":"task"}
{"timestamp":"2025-12-02T17:57:58.669837Z","level":"info","event":"Rate limit hit. Retrying in 1s...","chan":"stdout","logger":"task"}
{"timestamp":"2025-12-02T17:57:59.792878Z","level":"info","event":"https://musicbrainz.org/ws/2/artist/c234fa42-e6a6-443e-937e-2f4b073538a3?inc=tags&fmt=json","chan":"stdout","logger":"task"}
{"timestamp":"2025-12-02T17:58:00.903423Z","level":"info","event":"{'name': 'Bryson Tiller', 'id': '2EMAnMvWE2eb56ToJVfCWs', 'url': 'https://open.spotify.com/artist/2EMAnMvWE2eb56ToJVfCWs'}","chan":"stdout","logger":"task"}
{"timestamp":"2025-12-02T17:58:00.905459Z","level":"info","event":"https://musicbrainz.org/ws/2/url?resource=https://open.spotify.com/artist/2EMAnMvWE2eb56ToJVfCWs&inc=artist-rels&fmt=json","chan":"stdout","logger":"task"}
{"timestamp":"2025-12-02T17:58:01.029185Z","level":"info","event":"https://musicbrainz.org/ws/2/artist/d8fd8d9b-473b-4f06-83c8-869b1bb9de89?inc=tags&fmt=json","chan":"stdout","logger":"task"}
{"timestamp":"2025-12-02T17:58:02.138655Z","level":"info","event":"{'name': 'Sabrina Carpenter', 'id': '74KM79TiuVKeVCqs8QtB0B', 'url': 'https://open.spotify.com/artist/74KM79TiuVKeVCqs8QtB0B'}","chan":"stdout","logger":"task"}
{"timestamp":"2025-12-02T17:58:02.141000Z","level":"info","event":"https://musicbrainz.org/ws/2/url?resource=https://open.spotify.com/artist/74KM79TiuVKeVCqs8QtB0B&inc=artist-rels&fmt=json","chan":"stdout","logger":"task"}
{"timestamp":"2025-12-02T17:58:02.245086Z","level":"info","event":"https://musicbrainz.org/ws/2/artist/1882fe91-cdd9-49c9-9956-8e06a3810bd4?inc=tags&fmt=json","chan":"stdout","logger":"task"}
{"timestamp":"2025-12-02T17:58:03.355258Z","level":"info","event":"{'name': 'Brenda Lee', 'id': '4cPHsZM98sKzmV26wlwD2W', 'url': 'https://open.spotify.com/artist/4cPHsZM98sKzmV26wlwD2W'}","chan":"stdout","logger":"task"}
{"timestamp":"2025-12-02T17:58:03.356244Z","level":"info","event":"https://musicbrainz.org/ws/2/url?resource=https://open.spotify.com/artist/4cPHsZM98sKzmV26wlwD2W&inc=artist-rels&fmt=json","chan":"stdout","logger":"task"}
{"timestamp":"2025-12-02T17:58:03.463064Z","level":"info","event":"https://musicbrainz.org/ws/2/artist/6ca4886a-8f77-4133-b404-46fb3908e24a?inc=tags&fmt=json","chan":"stdout","logger":"task"}
{"timestamp":"2025-12-02T17:58:04.578763Z","level":"info","event":"{'name': 'Bobby Helms', 'id': '38EmEgXkgK51MT2tPY0EoC', 'url': 'https://open.spotify.com/artist/38EmEgXkgK51MT2tPY0EoC'}","chan":"stdout","logger":"task"}
{"timestamp":"2025-12-02T17:58:04.582542Z","level":"info","event":"https://musicbrainz.org/ws/2/url?resource=https://open.spotify.com/artist/38EmEgXkgK51MT2tPY0EoC&inc=artist-rels&fmt=json","chan":"stdout","logger":"task"}
{"timestamp":"2025-12-02T17:58:04.688097Z","level":"info","event":"https://musicbrainz.org/ws/2/artist/502b3244-0f7d-470c-99e9-b17fe6bcaabf?inc=tags&fmt=json","chan":"stdout","logger":"task"}
{"timestamp":"2025-12-02T17:58:05.927774Z","level":"info","event":"{'name': 'Ella Langley', 'id': '6BRxQ8cD3eqnrVj6WKDok8', 'url': 'https://open.spotify.com/artist/6BRxQ8cD3eqnrVj6WKDok8'}","chan":"stdout","logger":"task"}
{"timestamp":"2025-12-02T17:58:05.932078Z","level":"info","event":"https://musicbrainz.org/ws/2/url?resource=https://open.spotify.com/artist/6BRxQ8cD3eqnrVj6WKDok8&inc=artist-rels&fmt=json","chan":"stdout","logger":"task"}
{"timestamp":"2025-12-02T17:58:06.047060Z","level":"info","event":"https://musicbrainz.org/ws/2/artist/b16c0872-31a7-4db9-8569-0e3146fcecfc?inc=tags&fmt=json","chan":"stdout","logger":"task"}
{"timestamp":"2025-12-02T17:58:07.154643Z","level":"info","event":"{'name': 'Ravyn Lenae', 'id': '5RTLRtXjbXI2lSXc6jxlAz', 'url': 'https://open.spotify.com/artist/5RTLRtXjbXI2lSXc6jxlAz'}","chan":"stdout","logger":"task"}
{"timestamp":"2025-12-02T17:58:07.157641Z","level":"info","event":"https://musicbrainz.org/ws/2/url?resource=https://open.spotify.com/artist/5RTLRtXjbXI2lSXc6jxlAz&inc=artist-rels&fmt=json","chan":"stdout","logger":"task"}
{"timestamp":"2025-12-02T17:58:07.264862Z","level":"info","event":"https://musicbrainz.org/ws/2/artist/94c64122-dbd4-4927-b2fa-f204b0b4b0c2?inc=tags&fmt=json","chan":"stdout","logger":"task"}
{"timestamp":"2025-12-02T17:58:08.372499Z","level":"info","event":"{'name': 'Ariana Grande', 'id': '66CXWjxzNUsdJxJ2JdwvnR', 'url': 'https://open.spotify.com/artist/66CXWjxzNUsdJxJ2JdwvnR'}","chan":"stdout","logger":"task"}
{"timestamp":"2025-12-02T17:58:08.376024Z","level":"info","event":"https://musicbrainz.org/ws/2/url?resource=https://open.spotify.com/artist/66CXWjxzNUsdJxJ2JdwvnR&inc=artist-rels&fmt=json","chan":"stdout","logger":"task"}
{"timestamp":"2025-12-02T17:58:08.485808Z","level":"info","event":"https://musicbrainz.org/ws/2/artist/f4fdbb4c-e4b7-47a0-b83b-d91bbfcfa387?inc=tags&fmt=json","chan":"stdout","logger":"task"}
{"timestamp":"2025-12-02T17:58:08.589707Z","level":"info","event":"Rate limit hit. Retrying in 1s...","chan":"stdout","logger":"task"}
{"timestamp":"2025-12-02T17:58:09.712961Z","level":"info","event":"Rate limit hit. Retrying in 2s...","chan":"stdout","logger":"task"}
{"timestamp":"2025-12-02T17:58:12.830431Z","level":"info","event":"{'name': 'KATSEYE', 'id': '3c0gDdb9lhnHGFtP4prQpn', 'url': 'https://open.spotify.com/artist/3c0gDdb9lhnHGFtP4prQpn'}","chan":"stdout","logger":"task"}
{"timestamp":"2025-12-02T17:58:12.832954Z","level":"info","event":"https://musicbrainz.org/ws/2/url?resource=https://open.spotify.com/artist/3c0gDdb9lhnHGFtP4prQpn&inc=artist-rels&fmt=json","chan":"stdout","logger":"task"}
{"timestamp":"2025-12-02T17:58:12.948156Z","level":"info","event":"https://musicbrainz.org/ws/2/artist/abbf7d85-9a7f-4a6c-80bd-bf71f2c7d520?inc=tags&fmt=json","chan":"stdout","logger":"task"}
{"timestamp":"2025-12-02T17:58:14.059591Z","level":"info","event":"{'name': 'Riley Green', 'id': '2QMsj4XJ7ne2hojxt6v5eb', 'url': 'https://open.spotify.com/artist/2QMsj4XJ7ne2hojxt6v5eb'}","chan":"stdout","logger":"task"}
{"timestamp":"2025-12-02T17:58:14.062281Z","level":"info","event":"https://musicbrainz.org/ws/2/url?resource=https://open.spotify.com/artist/2QMsj4XJ7ne2hojxt6v5eb&inc=artist-rels&fmt=json","chan":"stdout","logger":"task"}
{"timestamp":"2025-12-02T17:58:14.172102Z","level":"info","event":"https://musicbrainz.org/ws/2/artist/d8c85c0e-ad88-47a7-a1df-b70608c2f52f?inc=tags&fmt=json","chan":"stdout","logger":"task"}
{"timestamp":"2025-12-02T17:58:15.311737Z","level":"info","event":"{'name': 'Russell Dickerson', 'id': '1E2AEtxaFaJtH0lO7kgNKw', 'url': 'https://open.spotify.com/artist/1E2AEtxaFaJtH0lO7kgNKw'}","chan":"stdout","logger":"task"}
{"timestamp":"2025-12-02T17:58:15.318118Z","level":"info","event":"https://musicbrainz.org/ws/2/url?resource=https://open.spotify.com/artist/1E2AEtxaFaJtH0lO7kgNKw&inc=artist-rels&fmt=json","chan":"stdout","logger":"task"}
{"timestamp":"2025-12-02T17:58:15.439867Z","level":"info","event":"https://musicbrainz.org/ws/2/artist/e2529584-b250-4a22-821c-16d3d8120978?inc=tags&fmt=json","chan":"stdout","logger":"task"}
{"timestamp":"2025-12-02T17:58:16.549079Z","level":"info","event":"{'name': 'Disco Lines', 'id': '5Kmr0b3ip8g9P2i0dLTC3Z', 'url': 'https://open.spotify.com/artist/5Kmr0b3ip8g9P2i0dLTC3Z'}","chan":"stdout","logger":"task"}
{"timestamp":"2025-12-02T17:58:16.549900Z","level":"info","event":"https://musicbrainz.org/ws/2/url?resource=https://open.spotify.com/artist/5Kmr0b3ip8g9P2i0dLTC3Z&inc=artist-rels&fmt=json","chan":"stdout","logger":"task"}
{"timestamp":"2025-12-02T17:58:16.664335Z","level":"info","event":"https://musicbrainz.org/ws/2/artist/9b2f64a8-98ea-433b-bfe0-2675c02b08db?inc=tags&fmt=json","chan":"stdout","logger":"task"}
{"timestamp":"2025-12-02T17:58:17.780495Z","level":"info","event":"{'name': 'Tinashe', 'id': '0NIIxcxNHmOoyBx03SfTCD', 'url': 'https://open.spotify.com/artist/0NIIxcxNHmOoyBx03SfTCD'}","chan":"stdout","logger":"task"}
{"timestamp":"2025-12-02T17:58:17.781582Z","level":"info","event":"https://musicbrainz.org/ws/2/url?resource=https://open.spotify.com/artist/0NIIxcxNHmOoyBx03SfTCD&inc=artist-rels&fmt=json","chan":"stdout","logger":"task"}
{"timestamp":"2025-12-02T17:58:17.894254Z","level":"info","event":"https://musicbrainz.org/ws/2/artist/396a9525-0994-4542-b480-c4587feeb476?inc=tags&fmt=json","chan":"stdout","logger":"task"}
{"timestamp":"2025-12-02T17:58:19.003804Z","level":"info","event":"{'name': 'Megan Moroney', 'id': '5Ppie0uPnbnvGBYRwYmlt0', 'url': 'https://open.spotify.com/artist/5Ppie0uPnbnvGBYRwYmlt0'}","chan":"stdout","logger":"task"}
{"timestamp":"2025-12-02T17:58:19.007392Z","level":"info","event":"https://musicbrainz.org/ws/2/url?resource=https://open.spotify.com/artist/5Ppie0uPnbnvGBYRwYmlt0&inc=artist-rels&fmt=json","chan":"stdout","logger":"task"}
{"timestamp":"2025-12-02T17:58:19.121098Z","level":"info","event":"https://musicbrainz.org/ws/2/artist/9eb2030a-c311-4cbf-a8f2-c57a58aa18ce?inc=tags&fmt=json","chan":"stdout","logger":"task"}
{"timestamp":"2025-12-02T17:58:20.231332Z","level":"info","event":"{'name': 'Tame Impala', 'id': '5INjqkS1o8h1imAzPqGZBb', 'url': 'https://open.spotify.com/artist/5INjqkS1o8h1imAzPqGZBb'}","chan":"stdout","logger":"task"}
{"timestamp":"2025-12-02T17:58:20.233486Z","level":"info","event":"https://musicbrainz.org/ws/2/url?resource=https://open.spotify.com/artist/5INjqkS1o8h1imAzPqGZBb&inc=artist-rels&fmt=json","chan":"stdout","logger":"task"}
{"timestamp":"2025-12-02T17:58:20.339016Z","level":"info","event":"https://musicbrainz.org/ws/2/artist/63aa26c3-d59b-4da4-84ac-716b54f1ef4d?inc=tags&fmt=json","chan":"stdout","logger":"task"}
{"timestamp":"2025-12-02T17:58:21.448123Z","level":"info","event":"{'name': 'Lainey Wilson', 'id': '6tPHARSq45lQ8BSALCfkFC', 'url': 'https://open.spotify.com/artist/6tPHARSq45lQ8BSALCfkFC'}","chan":"stdout","logger":"task"}
{"timestamp":"2025-12-02T17:58:21.449084Z","level":"info","event":"https://musicbrainz.org/ws/2/url?resource=https://open.spotify.com/artist/6tPHARSq45lQ8BSALCfkFC&inc=artist-rels&fmt=json","chan":"stdout","logger":"task"}
{"timestamp":"2025-12-02T17:58:21.559570Z","level":"info","event":"Rate limit hit. Retrying in 1s...","chan":"stdout","logger":"task"}
{"timestamp":"2025-12-02T17:58:22.680721Z","level":"info","event":"https://musicbrainz.org/ws/2/artist/a6e613d6-ff65-4972-beff-303a1b10ab05?inc=tags&fmt=json","chan":"stdout","logger":"task"}
{"timestamp":"2025-12-02T17:58:23.798662Z","level":"info","event":"{'name': 'Gunna', 'id': '2hlmm7s2ICUX0LVIhVFlZQ', 'url': 'https://open.spotify.com/artist/2hlmm7s2ICUX0LVIhVFlZQ'}","chan":"stdout","logger":"task"}
{"timestamp":"2025-12-02T17:58:23.799107Z","level":"info","event":"https://musicbrainz.org/ws/2/url?resource=https://open.spotify.com/artist/2hlmm7s2ICUX0LVIhVFlZQ&inc=artist-rels&fmt=json","chan":"stdout","logger":"task"}
{"timestamp":"2025-12-02T17:58:23.910989Z","level":"info","event":"https://musicbrainz.org/ws/2/artist/100b8734-f4f0-4536-9960-47f7c59d1b4c?inc=tags&fmt=json","chan":"stdout","logger":"task"}
{"timestamp":"2025-12-02T17:58:25.034111Z","level":"info","event":"{'name': 'Burna Boy', 'id': '3wcj11K77LjEY1PkEazffa', 'url': 'https://open.spotify.com/artist/3wcj11K77LjEY1PkEazffa'}","chan":"stdout","logger":"task"}
{"timestamp":"2025-12-02T17:58:25.041898Z","level":"info","event":"https://musicbrainz.org/ws/2/url?resource=https://open.spotify.com/artist/3wcj11K77LjEY1PkEazffa&inc=artist-rels&fmt=json","chan":"stdout","logger":"task"}
{"timestamp":"2025-12-02T17:58:25.155015Z","level":"info","event":"https://musicbrainz.org/ws/2/artist/78a19169-ac75-4868-b504-7e2e073118e0?inc=tags&fmt=json","chan":"stdout","logger":"task"}
{"timestamp":"2025-12-02T17:58:26.276333Z","level":"info","event":"{'name': 'Kelly Clarkson', 'id': '3BmGtnKgCSGYIUhmivXKWX', 'url': 'https://open.spotify.com/artist/3BmGtnKgCSGYIUhmivXKWX'}","chan":"stdout","logger":"task"}
{"timestamp":"2025-12-02T17:58:26.276883Z","level":"info","event":"https://musicbrainz.org/ws/2/url?resource=https://open.spotify.com/artist/3BmGtnKgCSGYIUhmivXKWX&inc=artist-rels&fmt=json","chan":"stdout","logger":"task"}
{"timestamp":"2025-12-02T17:58:26.382801Z","level":"info","event":"https://musicbrainz.org/ws/2/artist/d339efbb-77b9-4147-ba9e-59f2f24550b2?inc=tags&fmt=json","chan":"stdout","logger":"task"}
{"timestamp":"2025-12-02T17:58:27.489313Z","level":"info","event":"{'name': 'Rumi', 'id': '2DSE0PhxKUmTPLfZm13sup', 'url': 'https://open.spotify.com/artist/2DSE0PhxKUmTPLfZm13sup'}","chan":"stdout","logger":"task"}
{"timestamp":"2025-12-02T17:58:27.491768Z","level":"info","event":"https://musicbrainz.org/ws/2/url?resource=https://open.spotify.com/artist/2DSE0PhxKUmTPLfZm13sup&inc=artist-rels&fmt=json","chan":"stdout","logger":"task"}
{"timestamp":"2025-12-02T17:58:27.696405Z","level":"info","event":"https://musicbrainz.org/ws/2/artist/7d5ca377-aedc-4d9e-ad95-1f592e7af627?inc=tags&fmt=json","chan":"stdout","logger":"task"}
{"timestamp":"2025-12-02T17:58:28.989679Z","level":"info","event":"{'name': 'Jinu', 'id': '0rIiNDJUesrgFPkYesJmKl', 'url': 'https://open.spotify.com/artist/0rIiNDJUesrgFPkYesJmKl'}","chan":"stdout","logger":"task"}
{"timestamp":"2025-12-02T17:58:28.990676Z","level":"info","event":"https://musicbrainz.org/ws/2/url?resource=https://open.spotify.com/artist/0rIiNDJUesrgFPkYesJmKl&inc=artist-rels&fmt=json","chan":"stdout","logger":"task"}
{"timestamp":"2025-12-02T17:58:29.099599Z","level":"info","event":"https://musicbrainz.org/ws/2/artist/b774ed72-9208-4df6-b48c-1370e71e3d70?inc=tags&fmt=json","chan":"stdout","logger":"task"}
{"timestamp":"2025-12-02T17:58:30.211695Z","level":"info","event":"{'name': 'Mariah the Scientist', 'id': '7HO5fOXE4gh3lzZn64tX2E', 'url': 'https://open.spotify.com/artist/7HO5fOXE4gh3lzZn64tX2E'}","chan":"stdout","logger":"task"}
{"timestamp":"2025-12-02T17:58:30.212243Z","level":"info","event":"https://musicbrainz.org/ws/2/url?resource=https://open.spotify.com/artist/7HO5fOXE4gh3lzZn64tX2E&inc=artist-rels&fmt=json","chan":"stdout","logger":"task"}
{"timestamp":"2025-12-02T17:58:30.319237Z","level":"info","event":"https://musicbrainz.org/ws/2/artist/5fc55ebf-21bd-4eda-954c-dd250132331e?inc=tags&fmt=json","chan":"stdout","logger":"task"}
{"timestamp":"2025-12-02T17:58:31.534410Z","level":"info","event":"{'name': 'Kali Uchis', 'id': '1U1el3k54VvEUzo3ybLPlM', 'url': 'https://open.spotify.com/artist/1U1el3k54VvEUzo3ybLPlM'}","chan":"stdout","logger":"task"}
{"timestamp":"2025-12-02T17:58:31.534756Z","level":"info","event":"https://musicbrainz.org/ws/2/url?resource=https://open.spotify.com/artist/1U1el3k54VvEUzo3ybLPlM&inc=artist-rels&fmt=json","chan":"stdout","logger":"task"}
{"timestamp":"2025-12-02T17:58:31.642627Z","level":"info","event":"https://musicbrainz.org/ws/2/artist/d0c7656d-8169-4f77-9dbe-b8f24e40105d?inc=tags&fmt=json","chan":"stdout","logger":"task"}
{"timestamp":"2025-12-02T17:58:31.908240Z","level":"info","event":"Rate limit hit. Retrying in 1s...","chan":"stdout","logger":"task"}
{"timestamp":"2025-12-02T17:58:34.032469Z","level":"info","event":"{'name': 'BigXthaPlug', 'id': '6qxpnaukVayrQn6ViNvu9I', 'url': 'https://open.spotify.com/artist/6qxpnaukVayrQn6ViNvu9I'}","chan":"stdout","logger":"task"}
{"timestamp":"2025-12-02T17:58:34.034839Z","level":"info","event":"https://musicbrainz.org/ws/2/url?resource=https://open.spotify.com/artist/6qxpnaukVayrQn6ViNvu9I&inc=artist-rels&fmt=json","chan":"stdout","logger":"task"}
{"timestamp":"2025-12-02T17:58:34.142212Z","level":"info","event":"https://musicbrainz.org/ws/2/artist/d25f6294-686a-4569-b1b9-fe64bfef2519?inc=tags&fmt=json","chan":"stdout","logger":"task"}
{"timestamp":"2025-12-02T17:58:35.255380Z","level":"info","event":"{'name': 'Andy Williams', 'id': '4sj6D0zlMOl25nprDJBiU9', 'url': 'https://open.spotify.com/artist/4sj6D0zlMOl25nprDJBiU9'}","chan":"stdout","logger":"task"}
{"timestamp":"2025-12-02T17:58:35.255676Z","level":"info","event":"https://musicbrainz.org/ws/2/url?resource=https://open.spotify.com/artist/4sj6D0zlMOl25nprDJBiU9&inc=artist-rels&fmt=json","chan":"stdout","logger":"task"}
{"timestamp":"2025-12-02T17:58:35.365584Z","level":"info","event":"https://musicbrainz.org/ws/2/artist/57cb4257-9855-4a42-b1be-bfba1d9b520d?inc=tags&fmt=json","chan":"stdout","logger":"task"}
{"timestamp":"2025-12-02T17:58:36.479247Z","level":"info","event":"{'name': 'Michael Bublé', 'id': '1GxkXlMwML1oSg5eLPiAz3', 'url': 'https://open.spotify.com/artist/1GxkXlMwML1oSg5eLPiAz3'}","chan":"stdout","logger":"task"}
{"timestamp":"2025-12-02T17:58:36.481077Z","level":"info","event":"https://musicbrainz.org/ws/2/url?resource=https://open.spotify.com/artist/1GxkXlMwML1oSg5eLPiAz3&inc=artist-rels&fmt=json","chan":"stdout","logger":"task"}
{"timestamp":"2025-12-02T17:58:36.596221Z","level":"info","event":"https://musicbrainz.org/ws/2/artist/611700cf-27f0-4dc9-ae80-c513a767853e?inc=tags&fmt=json","chan":"stdout","logger":"task"}
{"timestamp":"2025-12-02T17:58:37.702969Z","level":"info","event":"{'name': 'Nat King Cole', 'id': '7v4imS0moSyGdXyLgVTIV7', 'url': 'https://open.spotify.com/artist/7v4imS0moSyGdXyLgVTIV7'}","chan":"stdout","logger":"task"}
{"timestamp":"2025-12-02T17:58:37.706090Z","level":"info","event":"https://musicbrainz.org/ws/2/url?resource=https://open.spotify.com/artist/7v4imS0moSyGdXyLgVTIV7&inc=artist-rels&fmt=json","chan":"stdout","logger":"task"}
{"timestamp":"2025-12-02T17:58:37.813220Z","level":"info","event":"https://musicbrainz.org/ws/2/artist/fbe054ec-a143-4101-9e9e-64abc5ff5ac9?inc=tags&fmt=json","chan":"stdout","logger":"task"}
{"timestamp":"2025-12-02T17:58:38.937898Z","level":"info","event":"{'name': 'YoungBoy Never Broke Again', 'id': '7wlFDEWiM5OoIAt8RSli8b', 'url': 'https://open.spotify.com/artist/7wlFDEWiM5OoIAt8RSli8b'}","chan":"stdout","logger":"task"}
{"timestamp":"2025-12-02T17:58:38.938942Z","level":"info","event":"https://musicbrainz.org/ws/2/url?resource=https://open.spotify.com/artist/7wlFDEWiM5OoIAt8RSli8b&inc=artist-rels&fmt=json","chan":"stdout","logger":"task"}
{"timestamp":"2025-12-02T17:58:39.053177Z","level":"info","event":"https://musicbrainz.org/ws/2/artist/127d8614-0876-4408-886c-6f110b047a78?inc=tags&fmt=json","chan":"stdout","logger":"task"}
{"timestamp":"2025-12-02T17:58:40.161855Z","level":"info","event":"{'name': 'Chase Matthew', 'id': '7HTLVyjNf0VRxfIgNcfRRH', 'url': 'https://open.spotify.com/artist/7HTLVyjNf0VRxfIgNcfRRH'}","chan":"stdout","logger":"task"}
{"timestamp":"2025-12-02T17:58:40.163190Z","level":"info","event":"https://musicbrainz.org/ws/2/url?resource=https://open.spotify.com/artist/7HTLVyjNf0VRxfIgNcfRRH&inc=artist-rels&fmt=json","chan":"stdout","logger":"task"}
{"timestamp":"2025-12-02T17:58:40.270233Z","level":"info","event":"https://musicbrainz.org/ws/2/artist/b9bdc8af-9641-4958-8eb3-1bead9ff632d?inc=tags&fmt=json","chan":"stdout","logger":"task"}
{"timestamp":"2025-12-02T17:58:41.376444Z","level":"info","event":"{'name': 'Hudson Westbrook', 'id': '0C4gtx1iHMfuaQ73GKWvtZ', 'url': 'https://open.spotify.com/artist/0C4gtx1iHMfuaQ73GKWvtZ'}","chan":"stdout","logger":"task"}
{"timestamp":"2025-12-02T17:58:41.376654Z","level":"info","event":"https://musicbrainz.org/ws/2/url?resource=https://open.spotify.com/artist/0C4gtx1iHMfuaQ73GKWvtZ&inc=artist-rels&fmt=json","chan":"stdout","logger":"task"}
{"timestamp":"2025-12-02T17:58:41.479827Z","level":"info","event":"https://musicbrainz.org/ws/2/artist/5b511be8-fd02-4de2-a017-7f5d06db53e4?inc=tags&fmt=json","chan":"stdout","logger":"task"}
{"timestamp":"2025-12-02T17:58:42.587928Z","level":"info","event":"{'name': 'Myles Smith', 'id': '3bO19AOone0ubCsfDXDtYt', 'url': 'https://open.spotify.com/artist/3bO19AOone0ubCsfDXDtYt'}","chan":"stdout","logger":"task"}
{"timestamp":"2025-12-02T17:58:42.590358Z","level":"info","event":"https://musicbrainz.org/ws/2/url?resource=https://open.spotify.com/artist/3bO19AOone0ubCsfDXDtYt&inc=artist-rels&fmt=json","chan":"stdout","logger":"task"}
{"timestamp":"2025-12-02T17:58:42.695208Z","level":"info","event":"Rate limit hit. Retrying in 1s...","chan":"stdout","logger":"task"}
{"timestamp":"2025-12-02T17:58:43.814594Z","level":"info","event":"https://musicbrainz.org/ws/2/artist/73d2a9d4-de5d-4bcd-9acb-ddf67dfd71ac?inc=tags&fmt=json","chan":"stdout","logger":"task"}
{"timestamp":"2025-12-02T17:58:44.928445Z","level":"info","event":"{'name': 'Doja Cat', 'id': '5cj0lLjcoR7YOSnhnX0Po5', 'url': 'https://open.spotify.com/artist/5cj0lLjcoR7YOSnhnX0Po5'}","chan":"stdout","logger":"task"}
{"timestamp":"2025-12-02T17:58:44.931099Z","level":"info","event":"https://musicbrainz.org/ws/2/url?resource=https://open.spotify.com/artist/5cj0lLjcoR7YOSnhnX0Po5&inc=artist-rels&fmt=json","chan":"stdout","logger":"task"}
{"timestamp":"2025-12-02T17:58:45.042203Z","level":"info","event":"https://musicbrainz.org/ws/2/artist/5df62a88-cac9-490a-b62c-c7c88f4020f4?inc=tags&fmt=json","chan":"stdout","logger":"task"}
{"timestamp":"2025-12-02T17:58:46.154377Z","level":"info","event":"{'name': 'RAYE', 'id': '5KKpBU5eC2tJDzf0wmlRp2', 'url': 'https://open.spotify.com/artist/5KKpBU5eC2tJDzf0wmlRp2'}","chan":"stdout","logger":"task"}
{"timestamp":"2025-12-02T17:58:46.161454Z","level":"info","event":"https://musicbrainz.org/ws/2/url?resource=https://open.spotify.com/artist/5KKpBU5eC2tJDzf0wmlRp2&inc=artist-rels&fmt=json","chan":"stdout","logger":"task"}
{"timestamp":"2025-12-02T17:58:46.328618Z","level":"info","event":"https://musicbrainz.org/ws/2/artist/8be564c3-dfba-440b-af8c-4ffbceeef45e?inc=tags&fmt=json","chan":"stdout","logger":"task"}
{"timestamp":"2025-12-02T17:58:47.605173Z","level":"info","event":"{'name': 'Luke Combs', 'id': '718COspgdWOnwOFpJHRZHS', 'url': 'https://open.spotify.com/artist/718COspgdWOnwOFpJHRZHS'}","chan":"stdout","logger":"task"}
{"timestamp":"2025-12-02T17:58:47.607775Z","level":"info","event":"https://musicbrainz.org/ws/2/url?resource=https://open.spotify.com/artist/718COspgdWOnwOFpJHRZHS&inc=artist-rels&fmt=json","chan":"stdout","logger":"task"}
{"timestamp":"2025-12-02T17:58:47.723907Z","level":"info","event":"https://musicbrainz.org/ws/2/artist/c20ee61f-071f-4e65-9c81-45ee931a54ce?inc=tags&fmt=json","chan":"stdout","logger":"task"}
{"timestamp":"2025-12-02T17:58:48.833564Z","level":"info","event":"{'name': 'Max McNown', 'id': '340PS4ZcZ4UCBgyrXzEjcp', 'url': 'https://open.spotify.com/artist/340PS4ZcZ4UCBgyrXzEjcp'}","chan":"stdout","logger":"task"}
{"timestamp":"2025-12-02T17:58:48.834529Z","level":"info","event":"https://musicbrainz.org/ws/2/url?resource=https://open.spotify.com/artist/340PS4ZcZ4UCBgyrXzEjcp&inc=artist-rels&fmt=json","chan":"stdout","logger":"task"}
{"timestamp":"2025-12-02T17:58:48.945705Z","level":"info","event":"https://musicbrainz.org/ws/2/artist/cc45b39c-c7c2-4db3-98f2-9c0220c76d7c?inc=tags&fmt=json","chan":"stdout","logger":"task"}
{"timestamp":"2025-12-02T17:58:50.070777Z","level":"info","event":"{'name': 'Gavin Adcock', 'id': '5jG6uRqinuI83luutMpW6y', 'url': 'https://open.spotify.com/artist/5jG6uRqinuI83luutMpW6y'}","chan":"stdout","logger":"task"}
{"timestamp":"2025-12-02T17:58:50.071981Z","level":"info","event":"https://musicbrainz.org/ws/2/url?resource=https://open.spotify.com/artist/5jG6uRqinuI83luutMpW6y&inc=artist-rels&fmt=json","chan":"stdout","logger":"task"}
{"timestamp":"2025-12-02T17:58:50.182586Z","level":"info","event":"https://musicbrainz.org/ws/2/artist/4a75faf4-995d-42dd-88b6-e5ff2d61e791?inc=tags&fmt=json","chan":"stdout","logger":"task"}
{"timestamp":"2025-12-02T17:58:51.291599Z","level":"info","event":"{'name': 'Cardi B', 'id': '4kYSro6naA4h99UJvo89HB', 'url': 'https://open.spotify.com/artist/4kYSro6naA4h99UJvo89HB'}","chan":"stdout","logger":"task"}
{"timestamp":"2025-12-02T17:58:51.293065Z","level":"info","event":"https://musicbrainz.org/ws/2/url?resource=https://open.spotify.com/artist/4kYSro6naA4h99UJvo89HB&inc=artist-rels&fmt=json","chan":"stdout","logger":"task"}
{"timestamp":"2025-12-02T17:58:51.396768Z","level":"info","event":"https://musicbrainz.org/ws/2/artist/2f3c4d70-0462-40da-bba3-0aec5772c556?inc=tags&fmt=json","chan":"stdout","logger":"task"}
{"timestamp":"2025-12-02T17:58:52.503134Z","level":"info","event":"{'name': 'Tyler, The Creator', 'id': '4V8LLVI7PbaPR0K2TGSxFF', 'url': 'https://open.spotify.com/artist/4V8LLVI7PbaPR0K2TGSxFF'}","chan":"stdout","logger":"task"}
{"timestamp":"2025-12-02T17:58:52.503843Z","level":"info","event":"https://musicbrainz.org/ws/2/url?resource=https://open.spotify.com/artist/4V8LLVI7PbaPR0K2TGSxFF&inc=artist-rels&fmt=json","chan":"stdout","logger":"task"}
{"timestamp":"2025-12-02T17:58:52.611288Z","level":"info","event":"https://musicbrainz.org/ws/2/artist/f6beac20-5dfe-4d1f-ae02-0b0a740aafd6?inc=tags&fmt=json","chan":"stdout","logger":"task"}
{"timestamp":"2025-12-02T17:58:52.715468Z","level":"info","event":"Rate limit hit. Retrying in 1s...","chan":"stdout","logger":"task"}
{"timestamp":"2025-12-02T17:58:54.825281Z","level":"info","event":"{'name': 'G Herbo', 'id': '5QdEbQJ3ylBnc3gsIASAT5', 'url': 'https://open.spotify.com/artist/5QdEbQJ3ylBnc3gsIASAT5'}","chan":"stdout","logger":"task"}
{"timestamp":"2025-12-02T17:58:54.826364Z","level":"info","event":"https://musicbrainz.org/ws/2/url?resource=https://open.spotify.com/artist/5QdEbQJ3ylBnc3gsIASAT5&inc=artist-rels&fmt=json","chan":"stdout","logger":"task"}
{"timestamp":"2025-12-02T17:58:54.933930Z","level":"info","event":"https://musicbrainz.org/ws/2/artist/1b1f50d1-4746-468b-a6a2-7db7200d3dfc?inc=tags&fmt=json","chan":"stdout","logger":"task"}
{"timestamp":"2025-12-02T17:58:56.044768Z","level":"info","event":"{'name': 'Southside', 'id': '23DYJsw4uSCguIqiTIDtcN', 'url': 'https://open.spotify.com/artist/23DYJsw4uSCguIqiTIDtcN'}","chan":"stdout","logger":"task"}
{"timestamp":"2025-12-02T17:58:56.045990Z","level":"info","event":"https://musicbrainz.org/ws/2/url?resource=https://open.spotify.com/artist/23DYJsw4uSCguIqiTIDtcN&inc=artist-rels&fmt=json","chan":"stdout","logger":"task"}
{"timestamp":"2025-12-02T17:58:56.159533Z","level":"info","event":"https://musicbrainz.org/ws/2/artist/d642aa48-79ef-4837-b8df-72ae8a4ecf52?inc=tags&fmt=json","chan":"stdout","logger":"task"}
{"timestamp":"2025-12-02T17:58:57.267441Z","level":"info","event":"{'name': 'Metro Boomin', 'id': '0iEtIxbK0KxaSlF7G42ZOp', 'url': 'https://open.spotify.com/artist/0iEtIxbK0KxaSlF7G42ZOp'}","chan":"stdout","logger":"task"}
{"timestamp":"2025-12-02T17:58:57.267914Z","level":"info","event":"https://musicbrainz.org/ws/2/url?resource=https://open.spotify.com/artist/0iEtIxbK0KxaSlF7G42ZOp&inc=artist-rels&fmt=json","chan":"stdout","logger":"task"}
{"timestamp":"2025-12-02T17:58:57.374903Z","level":"info","event":"https://musicbrainz.org/ws/2/artist/59db3d82-86ea-451f-881f-dffc8ec387c9?inc=tags&fmt=json","chan":"stdout","logger":"task"}
{"timestamp":"2025-12-02T17:58:58.480646Z","level":"info","event":"{'name': 'Quavo', 'id': '0VRj0yCOv2FXJNP47XQnx5', 'url': 'https://open.spotify.com/artist/0VRj0yCOv2FXJNP47XQnx5'}","chan":"stdout","logger":"task"}
{"timestamp":"2025-12-02T17:58:58.481251Z","level":"info","event":"https://musicbrainz.org/ws/2/url?resource=https://open.spotify.com/artist/0VRj0yCOv2FXJNP47XQnx5&inc=artist-rels&fmt=json","chan":"stdout","logger":"task"}
{"timestamp":"2025-12-02T17:58:58.588028Z","level":"info","event":"https://musicbrainz.org/ws/2/artist/6143403a-df6c-429e-8ee6-ef869896b0da?inc=tags&fmt=json","chan":"stdout","logger":"task"}
{"timestamp":"2025-12-02T17:58:59.812645Z","level":"info","event":"{'name': 'Breskii', 'id': '2wVt4s4eHizk62Er2CLunw', 'url': 'https://open.spotify.com/artist/2wVt4s4eHizk62Er2CLunw'}","chan":"stdout","logger":"task"}
{"timestamp":"2025-12-02T17:58:59.814743Z","level":"info","event":"https://musicbrainz.org/ws/2/url?resource=https://open.spotify.com/artist/2wVt4s4eHizk62Er2CLunw&inc=artist-rels&fmt=json","chan":"stdout","logger":"task"}
{"timestamp":"2025-12-02T17:58:59.972403Z","level":"info","event":"HTTP 404: Not Found","chan":"stdout","logger":"task"}
{"timestamp":"2025-12-02T17:58:59.973871Z","level":"info","event":"unable to get mbid for https://open.spotify.com/artist/2wVt4s4eHizk62Er2CLunw","chan":"stdout","logger":"task"}
{"timestamp":"2025-12-02T17:59:00.979836Z","level":"info","event":"{'name': 'YKNIECE', 'id': '0W1zQBUWnDofTkc0APdaog', 'url': 'https://open.spotify.com/artist/0W1zQBUWnDofTkc0APdaog'}","chan":"stdout","logger":"task"}
{"timestamp":"2025-12-02T17:59:00.981722Z","level":"info","event":"https://musicbrainz.org/ws/2/url?resource=https://open.spotify.com/artist/0W1zQBUWnDofTkc0APdaog&inc=artist-rels&fmt=json","chan":"stdout","logger":"task"}
{"timestamp":"2025-12-02T17:59:01.096148Z","level":"info","event":"https://musicbrainz.org/ws/2/artist/53e432c2-4da5-46cd-a89d-7bc7db509469?inc=tags&fmt=json","chan":"stdout","logger":"task"}
{"timestamp":"2025-12-02T17:59:02.212393Z","level":"info","event":"{'name': 'DJ Spinz', 'id': '7m4YY1JUSagIGuM9BL7KR1', 'url': 'https://open.spotify.com/artist/7m4YY1JUSagIGuM9BL7KR1'}","chan":"stdout","logger":"task"}
{"timestamp":"2025-12-02T17:59:02.214659Z","level":"info","event":"https://musicbrainz.org/ws/2/url?resource=https://open.spotify.com/artist/7m4YY1JUSagIGuM9BL7KR1&inc=artist-rels&fmt=json","chan":"stdout","logger":"task"}
{"timestamp":"2025-12-02T17:59:02.374144Z","level":"info","event":"HTTP 404: Not Found","chan":"stdout","logger":"task"}
{"timestamp":"2025-12-02T17:59:02.374402Z","level":"info","event":"unable to get mbid for https://open.spotify.com/artist/7m4YY1JUSagIGuM9BL7KR1","chan":"stdout","logger":"task"}
{"timestamp":"2025-12-02T17:59:03.377915Z","level":"info","event":"{'name': 'Lady Gaga', 'id': '1HY2Jd0NmPuamShAr6KMms', 'url': 'https://open.spotify.com/artist/1HY2Jd0NmPuamShAr6KMms'}","chan":"stdout","logger":"task"}
{"timestamp":"2025-12-02T17:59:03.379245Z","level":"info","event":"https://musicbrainz.org/ws/2/url?resource=https://open.spotify.com/artist/1HY2Jd0NmPuamShAr6KMms&inc=artist-rels&fmt=json","chan":"stdout","logger":"task"}
{"timestamp":"2025-12-02T17:59:03.491647Z","level":"info","event":"https://musicbrainz.org/ws/2/artist/650e7db6-b795-4eb5-a702-5ea2fc46c848?inc=tags&fmt=json","chan":"stdout","logger":"task"}
{"timestamp":"2025-12-02T17:59:04.598718Z","level":"info","event":"{'name': 'Coldplay', 'id': '4gzpq5DPGxSnKTe4SA8HAU', 'url': 'https://open.spotify.com/artist/4gzpq5DPGxSnKTe4SA8HAU'}","chan":"stdout","logger":"task"}
{"timestamp":"2025-12-02T17:59:04.602640Z","level":"info","event":"https://musicbrainz.org/ws/2/url?resource=https://open.spotify.com/artist/4gzpq5DPGxSnKTe4SA8HAU&inc=artist-rels&fmt=json","chan":"stdout","logger":"task"}
{"timestamp":"2025-12-02T17:59:04.712193Z","level":"info","event":"https://musicbrainz.org/ws/2/artist/cc197bad-dc9c-440d-a5b5-d52ba2e14234?inc=tags&fmt=json","chan":"stdout","logger":"task"}
{"timestamp":"2025-12-02T17:59:05.820755Z","level":"info","event":"{'name': 'Ed Sheeran', 'id': '6eUKZXaKkcviH0Ku9w2n3V', 'url': 'https://open.spotify.com/artist/6eUKZXaKkcviH0Ku9w2n3V'}","chan":"stdout","logger":"task"}
{"timestamp":"2025-12-02T17:59:05.821097Z","level":"info","event":"https://musicbrainz.org/ws/2/url?resource=https://open.spotify.com/artist/6eUKZXaKkcviH0Ku9w2n3V&inc=artist-rels&fmt=json","chan":"stdout","logger":"task"}
{"timestamp":"2025-12-02T17:59:05.927492Z","level":"info","event":"https://musicbrainz.org/ws/2/artist/b8a7c51f-362c-4dcb-a259-bc6e0095f0a6?inc=tags&fmt=json","chan":"stdout","logger":"task"}
{"timestamp":"2025-12-02T17:59:07.039067Z","level":"info","event":"{'name': 'Parker McCollum', 'id': '0Z8XVUAOBPM4x12wKnFHEQ', 'url': 'https://open.spotify.com/artist/0Z8XVUAOBPM4x12wKnFHEQ'}","chan":"stdout","logger":"task"}
{"timestamp":"2025-12-02T17:59:07.040212Z","level":"info","event":"https://musicbrainz.org/ws/2/url?resource=https://open.spotify.com/artist/0Z8XVUAOBPM4x12wKnFHEQ&inc=artist-rels&fmt=json","chan":"stdout","logger":"task"}
{"timestamp":"2025-12-02T17:59:07.148612Z","level":"info","event":"https://musicbrainz.org/ws/2/artist/ba67b7da-cca7-4c3f-ba19-05349f0f7d97?inc=tags&fmt=json","chan":"stdout","logger":"task"}
{"timestamp":"2025-12-02T17:59:08.261247Z","level":"info","event":"{'name': 'Joji', 'id': '3MZsBdqDrRTJihTHQrO6Dq', 'url': 'https://open.spotify.com/artist/3MZsBdqDrRTJihTHQrO6Dq'}","chan":"stdout","logger":"task"}
{"timestamp":"2025-12-02T17:59:08.262332Z","level":"info","event":"https://musicbrainz.org/ws/2/url?resource=https://open.spotify.com/artist/3MZsBdqDrRTJihTHQrO6Dq&inc=artist-rels&fmt=json","chan":"stdout","logger":"task"}
{"timestamp":"2025-12-02T17:59:08.377122Z","level":"info","event":"https://musicbrainz.org/ws/2/artist/8264722b-df00-467a-858e-5c97cda169c9?inc=tags&fmt=json","chan":"stdout","logger":"task"}
{"timestamp":"2025-12-02T17:59:09.587957Z","level":"info","event":"{'name': 'Jason Aldean', 'id': '3FfvYsEGaIb52QPXhg4DcH', 'url': 'https://open.spotify.com/artist/3FfvYsEGaIb52QPXhg4DcH'}","chan":"stdout","logger":"task"}
{"timestamp":"2025-12-02T17:59:09.588551Z","level":"info","event":"https://musicbrainz.org/ws/2/url?resource=https://open.spotify.com/artist/3FfvYsEGaIb52QPXhg4DcH&inc=artist-rels&fmt=json","chan":"stdout","logger":"task"}
{"timestamp":"2025-12-02T17:59:09.696008Z","level":"info","event":"https://musicbrainz.org/ws/2/artist/f24df11a-7e35-4979-a4db-a3b2a170ce27?inc=tags&fmt=json","chan":"stdout","logger":"task"}
{"timestamp":"2025-12-02T17:59:10.807175Z","level":"info","event":"{'name': 'ROSALÍA', 'id': '7ltDVBr6mKbRvohxheJ9h1', 'url': 'https://open.spotify.com/artist/7ltDVBr6mKbRvohxheJ9h1'}","chan":"stdout","logger":"task"}
{"timestamp":"2025-12-02T17:59:10.807447Z","level":"info","event":"https://musicbrainz.org/ws/2/url?resource=https://open.spotify.com/artist/7ltDVBr6mKbRvohxheJ9h1&inc=artist-rels&fmt=json","chan":"stdout","logger":"task"}
{"timestamp":"2025-12-02T17:59:10.955105Z","level":"info","event":"https://musicbrainz.org/ws/2/artist/25f3abd9-63b5-471a-bd25-feb9672dfa11?inc=tags&fmt=json","chan":"stdout","logger":"task"}
{"timestamp":"2025-12-02T17:59:12.159677Z","level":"info","event":"{'name': 'Yahritza Y Su Esencia', 'id': '51ZSh80McCt7vbqHouzW0A', 'url': 'https://open.spotify.com/artist/51ZSh80McCt7vbqHouzW0A'}","chan":"stdout","logger":"task"}
{"timestamp":"2025-12-02T17:59:12.160359Z","level":"info","event":"https://musicbrainz.org/ws/2/url?resource=https://open.spotify.com/artist/51ZSh80McCt7vbqHouzW0A&inc=artist-rels&fmt=json","chan":"stdout","logger":"task"}
{"timestamp":"2025-12-02T17:59:12.268924Z","level":"info","event":"https://musicbrainz.org/ws/2/artist/8d953b16-01b8-4901-8986-6203cac5d16c?inc=tags&fmt=json","chan":"stdout","logger":"task"}
{"timestamp":"2025-12-02T17:59:13.377541Z","level":"info","event":"{'name': 'Jelly Roll', 'id': '19k8AgwwTSxeaxkOuCQEJs', 'url': 'https://open.spotify.com/artist/19k8AgwwTSxeaxkOuCQEJs'}","chan":"stdout","logger":"task"}
{"timestamp":"2025-12-02T17:59:13.377751Z","level":"info","event":"https://musicbrainz.org/ws/2/url?resource=https://open.spotify.com/artist/19k8AgwwTSxeaxkOuCQEJs&inc=artist-rels&fmt=json","chan":"stdout","logger":"task"}
{"timestamp":"2025-12-02T17:59:13.485146Z","level":"info","event":"https://musicbrainz.org/ws/2/artist/ab5a7a60-1b71-4e5b-b622-e0ae2ce84c32?inc=tags&fmt=json","chan":"stdout","logger":"task"}
{"timestamp":"2025-12-02T17:59:13.590646Z","level":"info","event":"Rate limit hit. Retrying in 1s...","chan":"stdout","logger":"task"}
{"timestamp":"2025-12-02T17:59:14.710389Z","level":"info","event":"Rate limit hit. Retrying in 2s...","chan":"stdout","logger":"task"}
{"timestamp":"2025-12-02T17:59:17.827647Z","level":"info","event":"{'name': 'Shaboozey', 'id': '3y2cIKLjiOlp1Np37WiUdH', 'url': 'https://open.spotify.com/artist/3y2cIKLjiOlp1Np37WiUdH'}","chan":"stdout","logger":"task"}
{"timestamp":"2025-12-02T17:59:17.830149Z","level":"info","event":"https://musicbrainz.org/ws/2/url?resource=https://open.spotify.com/artist/3y2cIKLjiOlp1Np37WiUdH&inc=artist-rels&fmt=json","chan":"stdout","logger":"task"}
{"timestamp":"2025-12-02T17:59:18.005067Z","level":"info","event":"https://musicbrainz.org/ws/2/artist/0b427dad-1ee5-48f1-aa4b-026680a3338e?inc=tags&fmt=json","chan":"stdout","logger":"task"}
{"timestamp":"2025-12-02T17:59:19.057121Z","level":"info","event":"{'name': 'Mellow Rackz', 'id': '3celDTSIsfH8ks4YQ68B5w', 'url': 'https://open.spotify.com/artist/3celDTSIsfH8ks4YQ68B5w'}","chan":"stdout","logger":"task"}
{"timestamp":"2025-12-02T17:59:19.061768Z","level":"info","event":"https://musicbrainz.org/ws/2/url?resource=https://open.spotify.com/artist/3celDTSIsfH8ks4YQ68B5w&inc=artist-rels&fmt=json","chan":"stdout","logger":"task"}
{"timestamp":"2025-12-02T17:59:19.170085Z","level":"info","event":"https://musicbrainz.org/ws/2/artist/f7504e7c-75e2-45e5-9c4a-f0c3e04fbd32?inc=tags&fmt=json","chan":"stdout","logger":"task"}
{"timestamp":"2025-12-02T17:59:20.278937Z","level":"info","event":"{'name': 'The Marías', 'id': '2sSGPbdZJkaSE2AbcGOACx', 'url': 'https://open.spotify.com/artist/2sSGPbdZJkaSE2AbcGOACx'}","chan":"stdout","logger":"task"}
{"timestamp":"2025-12-02T17:59:20.282135Z","level":"info","event":"https://musicbrainz.org/ws/2/url?resource=https://open.spotify.com/artist/2sSGPbdZJkaSE2AbcGOACx&inc=artist-rels&fmt=json","chan":"stdout","logger":"task"}
{"timestamp":"2025-12-02T17:59:20.488200Z","level":"info","event":"https://musicbrainz.org/ws/2/artist/7a3970c9-ecd8-4eee-a267-4d8c77d97ff3?inc=tags&fmt=json","chan":"stdout","logger":"task"}
{"timestamp":"2025-12-02T17:59:21.697641Z","level":"info","event":"{'name': 'TWICE', 'id': '7n2Ycct7Beij7Dj7meI4X0', 'url': 'https://open.spotify.com/artist/7n2Ycct7Beij7Dj7meI4X0'}","chan":"stdout","logger":"task"}
{"timestamp":"2025-12-02T17:59:21.703864Z","level":"info","event":"https://musicbrainz.org/ws/2/url?resource=https://open.spotify.com/artist/7n2Ycct7Beij7Dj7meI4X0&inc=artist-rels&fmt=json","chan":"stdout","logger":"task"}
{"timestamp":"2025-12-02T17:59:21.819320Z","level":"info","event":"https://musicbrainz.org/ws/2/artist/8da127cc-c432-418f-b356-ef36210d82ac?inc=tags&fmt=json","chan":"stdout","logger":"task"}
{"timestamp":"2025-12-02T17:59:22.924681Z","level":"info","event":"{'name': 'HARDY', 'id': '5QNm7E7RU2m64l6Gliu8Oy', 'url': 'https://open.spotify.com/artist/5QNm7E7RU2m64l6Gliu8Oy'}","chan":"stdout","logger":"task"}
{"timestamp":"2025-12-02T17:59:22.952296Z","level":"info","event":"https://musicbrainz.org/ws/2/url?resource=https://open.spotify.com/artist/5QNm7E7RU2m64l6Gliu8Oy&inc=artist-rels&fmt=json","chan":"stdout","logger":"task"}
{"timestamp":"2025-12-02T17:59:23.035159Z","level":"info","event":"https://musicbrainz.org/ws/2/artist/f4fe9be1-8e34-47c8-bf16-33d1a94a235b?inc=tags&fmt=json","chan":"stdout","logger":"task"}
{"timestamp":"2025-12-02T17:59:24.170681Z","level":"info","event":"{'name': 'emmanuellcortess_', 'id': '7hDt3OE2ubsKzO9rMYPXox', 'url': 'https://open.spotify.com/artist/7hDt3OE2ubsKzO9rMYPXox'}","chan":"stdout","logger":"task"}
{"timestamp":"2025-12-02T17:59:24.177213Z","level":"info","event":"https://musicbrainz.org/ws/2/url?resource=https://open.spotify.com/artist/7hDt3OE2ubsKzO9rMYPXox&inc=artist-rels&fmt=json","chan":"stdout","logger":"task"}
{"timestamp":"2025-12-02T17:59:24.288584Z","level":"info","event":"https://musicbrainz.org/ws/2/artist/2074c77f-f3d2-440f-a32c-35a62ae851a9?inc=tags&fmt=json","chan":"stdout","logger":"task"}
{"timestamp":"2025-12-02T17:59:25.397804Z","level":"info","event":"{'name': 'Radiohead', 'id': '4Z8W4fKeB5YxbusRsdQVPb', 'url': 'https://open.spotify.com/artist/4Z8W4fKeB5YxbusRsdQVPb'}","chan":"stdout","logger":"task"}
{"timestamp":"2025-12-02T17:59:25.403152Z","level":"info","event":"https://musicbrainz.org/ws/2/url?resource=https://open.spotify.com/artist/4Z8W4fKeB5YxbusRsdQVPb&inc=artist-rels&fmt=json","chan":"stdout","logger":"task"}
{"timestamp":"2025-12-02T17:59:25.518320Z","level":"info","event":"https://musicbrainz.org/ws/2/artist/a74b1b7f-71a5-4011-9441-d0b5e4122711?inc=tags&fmt=json","chan":"stdout","logger":"task"}
{"timestamp":"2025-12-02T17:59:26.790844Z","level":"info","event":"{'name': 'Tucker Wetmore', 'id': '4sCKpwwEsgReZxjtKFm2A0', 'url': 'https://open.spotify.com/artist/4sCKpwwEsgReZxjtKFm2A0'}","chan":"stdout","logger":"task"}
{"timestamp":"2025-12-02T17:59:26.793646Z","level":"info","event":"https://musicbrainz.org/ws/2/url?resource=https://open.spotify.com/artist/4sCKpwwEsgReZxjtKFm2A0&inc=artist-rels&fmt=json","chan":"stdout","logger":"task"}
{"timestamp":"2025-12-02T17:59:26.907090Z","level":"info","event":"https://musicbrainz.org/ws/2/artist/bac63106-16c3-4a31-80a4-d269ec27ab96?inc=tags&fmt=json","chan":"stdout","logger":"task"}
{"timestamp":"2025-12-02T17:59:28.014435Z","level":"info","event":"{'name': 'Yeat', 'id': '3qiHUAX7zY4Qnjx8TNUzVx', 'url': 'https://open.spotify.com/artist/3qiHUAX7zY4Qnjx8TNUzVx'}","chan":"stdout","logger":"task"}
{"timestamp":"2025-12-02T17:59:28.015571Z","level":"info","event":"https://musicbrainz.org/ws/2/url?resource=https://open.spotify.com/artist/3qiHUAX7zY4Qnjx8TNUzVx&inc=artist-rels&fmt=json","chan":"stdout","logger":"task"}
{"timestamp":"2025-12-02T17:59:28.154660Z","level":"info","event":"https://musicbrainz.org/ws/2/artist/9e6a6a2f-f696-4cc0-87f1-e4f712e46802?inc=tags&fmt=json","chan":"stdout","logger":"task"}
{"timestamp":"2025-12-02T17:59:29.265413Z","level":"info","event":"{'name': 'Post Malone', 'id': '246dkjvS1zLTtiykXe5h60', 'url': 'https://open.spotify.com/artist/246dkjvS1zLTtiykXe5h60'}","chan":"stdout","logger":"task"}
{"timestamp":"2025-12-02T17:59:29.266884Z","level":"info","event":"https://musicbrainz.org/ws/2/url?resource=https://open.spotify.com/artist/246dkjvS1zLTtiykXe5h60&inc=artist-rels&fmt=json","chan":"stdout","logger":"task"}
{"timestamp":"2025-12-02T17:59:29.456086Z","level":"info","event":"https://musicbrainz.org/ws/2/artist/b1e26560-60e5-4236-bbdb-9aa5a8d5ee19?inc=tags&fmt=json","chan":"stdout","logger":"task"}
{"timestamp":"2025-12-02T17:59:30.656771Z","level":"info","event":"{'name': 'Loe Shimmy', 'id': '6UIpxj5ggLdOebFVCOxVax', 'url': 'https://open.spotify.com/artist/6UIpxj5ggLdOebFVCOxVax'}","chan":"stdout","logger":"task"}
{"timestamp":"2025-12-02T17:59:30.662204Z","level":"info","event":"https://musicbrainz.org/ws/2/url?resource=https://open.spotify.com/artist/6UIpxj5ggLdOebFVCOxVax&inc=artist-rels&fmt=json","chan":"stdout","logger":"task"}
{"timestamp":"2025-12-02T17:59:30.779567Z","level":"info","event":"https://musicbrainz.org/ws/2/artist/ed411d15-00f4-4e56-b264-94e0d2f64ffe?inc=tags&fmt=json","chan":"stdout","logger":"task"}
{"timestamp":"2025-12-02T17:59:31.893526Z","level":"info","event":"{'name': 'Don Toliver', 'id': '4Gso3d4CscCijv0lmajZWs', 'url': 'https://open.spotify.com/artist/4Gso3d4CscCijv0lmajZWs'}","chan":"stdout","logger":"task"}
{"timestamp":"2025-12-02T17:59:31.893726Z","level":"info","event":"https://musicbrainz.org/ws/2/url?resource=https://open.spotify.com/artist/4Gso3d4CscCijv0lmajZWs&inc=artist-rels&fmt=json","chan":"stdout","logger":"task"}
{"timestamp":"2025-12-02T17:59:32.089770Z","level":"info","event":"https://musicbrainz.org/ws/2/artist/a0723a3c-4135-438e-85c5-012712144ede?inc=tags&fmt=json","chan":"stdout","logger":"task"}
{"timestamp":"2025-12-02T17:59:33.277709Z","level":"info","event":"Fetching audio details for 100 songs...","chan":"stdout","logger":"task"}
{"timestamp":"2025-12-02T17:59:33.278045Z","level":"info","event":"  Fetching batch 1/3 (40 songs)...","chan":"stdout","logger":"task"}
{"timestamp":"2025-12-02T17:59:34.410445Z","level":"info","event":"  Retrieved 38 song details","chan":"stdout","logger":"task"}
{"timestamp":"2025-12-02T17:59:36.416021Z","level":"info","event":"  Fetching batch 2/3 (40 songs)...","chan":"stdout","logger":"task"}
{"timestamp":"2025-12-02T17:59:37.332208Z","level":"info","event":"  Retrieved 35 song details","chan":"stdout","logger":"task"}
{"timestamp":"2025-12-02T17:59:39.337493Z","level":"info","event":"  Fetching batch 3/3 (20 songs)...","chan":"stdout","logger":"task"}
{"timestamp":"2025-12-02T17:59:40.190317Z","level":"info","event":"  Retrieved 17 song details","chan":"stdout","logger":"task"}
{"timestamp":"2025-12-02T17:59:40.191617Z","level":"info","event":"Fetching audio analysis for 90 songs...","chan":"stdout","logger":"task"}
{"timestamp":"2025-12-02T17:59:49.989511Z","level":"info","event":"  Processing audio analysis 10/90...","chan":"stdout","logger":"task"}
{"timestamp":"2025-12-02T18:00:01.784581Z","level":"info","event":"  Processing audio analysis 20/90...","chan":"stdout","logger":"task"}
{"timestamp":"2025-12-02T18:00:13.155889Z","level":"info","event":"  Processing audio analysis 30/90...","chan":"stdout","logger":"task"}
{"timestamp":"2025-12-02T18:00:23.066913Z","level":"info","event":"  Processing audio analysis 40/90...","chan":"stdout","logger":"task"}
{"timestamp":"2025-12-02T18:00:32.507757Z","level":"info","event":"  Processing audio analysis 50/90...","chan":"stdout","logger":"task"}
{"timestamp":"2025-12-02T18:00:41.929050Z","level":"info","event":"  Processing audio analysis 60/90...","chan":"stdout","logger":"task"}
{"timestamp":"2025-12-02T18:00:51.012086Z","level":"info","event":"  Processing audio analysis 70/90...","chan":"stdout","logger":"task"}
{"timestamp":"2025-12-02T18:01:01.602119Z","level":"info","event":"  Processing audio analysis 80/90...","chan":"stdout","logger":"task"}
{"timestamp":"2025-12-02T18:01:11.280399Z","level":"info","event":"  Processing audio analysis 90/90...","chan":"stdout","logger":"task"}
{"timestamp":"2025-12-02T18:01:11.615321Z","level":"info","event":"Completed fetching audio details for 90 songs","chan":"stdout","logger":"task"}
{"timestamp":"2025-12-02T18:01:11.694477","level":"error","event":"Task failed with exception","logger":"task","error_detail":[{"exc_type":"AttributeError","exc_value":"'DataFrame' object has no attribute 'name'","exc_notes":[],"syntax_error":null,"is_cause":false,"frames":[{"filename":"/home/airflow/.local/lib/python3.12/site-packages/airflow/sdk/execution_time/task_runner.py","lineno":920,"name":"run"},{"filename":"/home/airflow/.local/lib/python3.12/site-packages/airflow/sdk/execution_time/task_runner.py","lineno":1215,"name":"_execute_task"},{"filename":"/home/airflow/.local/lib/python3.12/site-packages/airflow/sdk/bases/operator.py","lineno":397,"name":"wrapper"},{"filename":"/home/airflow/.local/lib/python3.12/site-packages/airflow/providers/standard/operators/python.py","lineno":213,"name":"execute"},{"filename":"/home/airflow/.local/lib/python3.12/site-packages/airflow/providers/standard/operators/python.py","lineno":236,"name":"execute_callable"},{"filename":"/home/airflow/.local/lib/python3.12/site-packages/airflow/sdk/execution_time/callback_runner.py","lineno":81,"name":"run"},{"filename":"/opt/airflow/src/load.py","lineno":21,"name":"load_to_postgres"},{"filename":"/home/airflow/.local/lib/python3.12/site-packages/pandas/core/generic.py","lineno":6321,"name":"__getattr__"}],"is_group":false,"exceptions":[]}]}
{"timestamp":"2025-12-02T18:01:11.718073Z","level":"info","event":"Task instance in failure state","chan":"stdout","logger":"task"}
{"timestamp":"2025-12-02T18:01:11.721378Z","level":"info","event":"Task start","chan":"stdout","logger":"task"}
{"timestamp":"2025-12-02T18:01:11.722291Z","level":"info","event":"Task:<Task(PythonOperator): load_music_data>","chan":"stdout","logger":"task"}
{"timestamp":"2025-12-02T18:01:11.722402Z","level":"info","event":"Failure caused by 'DataFrame' object has no attribute 'name'","chan":"stdout","logger":"task"}
