{"timestamp":"2025-12-05T05:30:22.716870","level":"info","event":"DAG bundles loaded: dags-folder, example_dags","logger":"airflow.dag_processing.bundles.manager.DagBundlesManager"}
{"timestamp":"2025-12-05T05:30:22.719111","level":"info","event":"Filling up the DagBag from /opt/airflow/dags/music_load_dag.py","logger":"airflow.models.dagbag.DagBag"}
{"timestamp":"2025-12-05T05:30:23.637327Z","level":"info","event":"postgresql+psycopg2://airflow:airflow@postgres/airflow","chan":"stdout","logger":"task"}
{"timestamp":"2025-12-05T05:30:23.734361Z","level":"info","event":"Task instance is in running state","chan":"stdout","logger":"task"}
{"timestamp":"2025-12-05T05:30:23.734776Z","level":"info","event":" Previous state of the Task instance: TaskInstanceState.QUEUED","chan":"stdout","logger":"task"}
{"timestamp":"2025-12-05T05:30:23.734914Z","level":"info","event":"Current task name:load_music_data","chan":"stdout","logger":"task"}
{"timestamp":"2025-12-05T05:30:23.735077Z","level":"info","event":"Dag name:weekly_music_pipeline","chan":"stdout","logger":"task"}
{"timestamp":"2025-12-05T05:30:41.851631Z","level":"info","event":"  Searching Spotify for 100 songs...","chan":"stdout","logger":"task"}
{"timestamp":"2025-12-05T05:30:41.853912Z","level":"info","event":"  Processing song 1/100: Party Rock Anthem by LMFAO Featuring Lauren Bennett & GoonRock","chan":"stdout","logger":"task"}
{"timestamp":"2025-12-05T05:30:42.511249Z","level":"info","event":"1","chan":"stdout","logger":"task"}
{"timestamp":"2025-12-05T05:30:43.263547Z","level":"info","event":"2","chan":"stdout","logger":"task"}
{"timestamp":"2025-12-05T05:30:43.967278Z","level":"info","event":"3","chan":"stdout","logger":"task"}
{"timestamp":"2025-12-05T05:30:44.667162Z","level":"info","event":"4","chan":"stdout","logger":"task"}
{"timestamp":"2025-12-05T05:30:45.382873Z","level":"info","event":"5","chan":"stdout","logger":"task"}
{"timestamp":"2025-12-05T05:30:46.016729Z","level":"info","event":"6","chan":"stdout","logger":"task"}
{"timestamp":"2025-12-05T05:30:46.727352Z","level":"info","event":"7","chan":"stdout","logger":"task"}
{"timestamp":"2025-12-05T05:30:47.372681Z","level":"info","event":"8","chan":"stdout","logger":"task"}
{"timestamp":"2025-12-05T05:30:47.733548Z","level":"info","event":"9","chan":"stdout","logger":"task"}
{"timestamp":"2025-12-05T05:30:47.734264Z","level":"info","event":"  Processing song 10/100: Tonight Tonight by Hot Chelle Rae","chan":"stdout","logger":"task"}
{"timestamp":"2025-12-05T05:30:48.484838Z","level":"info","event":"10","chan":"stdout","logger":"task"}
{"timestamp":"2025-12-05T05:30:49.465569Z","level":"info","event":"11","chan":"stdout","logger":"task"}
{"timestamp":"2025-12-05T05:30:50.159070Z","level":"info","event":"12","chan":"stdout","logger":"task"}
{"timestamp":"2025-12-05T05:30:51.090912Z","level":"info","event":"13","chan":"stdout","logger":"task"}
{"timestamp":"2025-12-05T05:30:51.698219Z","level":"info","event":"14","chan":"stdout","logger":"task"}
{"timestamp":"2025-12-05T05:30:52.326152Z","level":"info","event":"15","chan":"stdout","logger":"task"}
{"timestamp":"2025-12-05T05:30:53.591612Z","level":"info","event":"16","chan":"stdout","logger":"task"}
{"timestamp":"2025-12-05T05:30:54.333017Z","level":"info","event":"17","chan":"stdout","logger":"task"}
{"timestamp":"2025-12-05T05:30:54.954897Z","level":"info","event":"18","chan":"stdout","logger":"task"}
{"timestamp":"2025-12-05T05:30:55.906831Z","level":"info","event":"19","chan":"stdout","logger":"task"}
{"timestamp":"2025-12-05T05:30:55.909840Z","level":"info","event":"  Processing song 20/100: Inventing Shadows by Dia Frampton","chan":"stdout","logger":"task"}
{"timestamp":"2025-12-05T05:30:56.654913Z","level":"info","event":"20","chan":"stdout","logger":"task"}
{"timestamp":"2025-12-05T05:30:57.309601Z","level":"info","event":"21","chan":"stdout","logger":"task"}
{"timestamp":"2025-12-05T05:30:57.930871Z","level":"info","event":"22","chan":"stdout","logger":"task"}
{"timestamp":"2025-12-05T05:30:58.508927Z","level":"info","event":"23","chan":"stdout","logger":"task"}
{"timestamp":"2025-12-05T05:30:59.306443Z","level":"info","event":"24","chan":"stdout","logger":"task"}
{"timestamp":"2025-12-05T05:30:59.946686Z","level":"info","event":"25","chan":"stdout","logger":"task"}
{"timestamp":"2025-12-05T05:31:00.832005Z","level":"info","event":"26","chan":"stdout","logger":"task"}
{"timestamp":"2025-12-05T05:31:01.488250Z","level":"info","event":"27","chan":"stdout","logger":"task"}
{"timestamp":"2025-12-05T05:31:02.450942Z","level":"info","event":"28","chan":"stdout","logger":"task"}
{"timestamp":"2025-12-05T05:31:03.276387Z","level":"info","event":"29","chan":"stdout","logger":"task"}
{"timestamp":"2025-12-05T05:31:03.278555Z","level":"info","event":"  Processing song 30/100: Remind Me by Brad Paisley Duet With Carrie Underwood","chan":"stdout","logger":"task"}
{"timestamp":"2025-12-05T05:31:04.008859Z","level":"info","event":"30","chan":"stdout","logger":"task"}
{"timestamp":"2025-12-05T05:31:04.594642Z","level":"info","event":"31","chan":"stdout","logger":"task"}
{"timestamp":"2025-12-05T05:31:05.268755Z","level":"info","event":"32","chan":"stdout","logger":"task"}
{"timestamp":"2025-12-05T05:31:05.885765Z","level":"info","event":"33","chan":"stdout","logger":"task"}
{"timestamp":"2025-12-05T05:31:06.544940Z","level":"info","event":"34","chan":"stdout","logger":"task"}
{"timestamp":"2025-12-05T05:31:07.191814Z","level":"info","event":"35","chan":"stdout","logger":"task"}
{"timestamp":"2025-12-05T05:31:07.760060Z","level":"info","event":"36","chan":"stdout","logger":"task"}
{"timestamp":"2025-12-05T05:31:08.398365Z","level":"info","event":"37","chan":"stdout","logger":"task"}
{"timestamp":"2025-12-05T05:31:09.048679Z","level":"info","event":"38","chan":"stdout","logger":"task"}
{"timestamp":"2025-12-05T05:31:09.793061Z","level":"info","event":"39","chan":"stdout","logger":"task"}
{"timestamp":"2025-12-05T05:31:09.793696Z","level":"info","event":"  Processing song 40/100: F**k You! (Forget You) by CeeLo Green","chan":"stdout","logger":"task"}
{"timestamp":"2025-12-05T05:31:10.095198Z","level":"info","event":"40","chan":"stdout","logger":"task"}
{"timestamp":"2025-12-05T05:31:10.962423Z","level":"info","event":"41","chan":"stdout","logger":"task"}
{"timestamp":"2025-12-05T05:31:11.685685Z","level":"info","event":"42","chan":"stdout","logger":"task"}
{"timestamp":"2025-12-05T05:31:12.383860Z","level":"info","event":"43","chan":"stdout","logger":"task"}
{"timestamp":"2025-12-05T05:31:13.111147Z","level":"info","event":"44","chan":"stdout","logger":"task"}
{"timestamp":"2025-12-05T05:31:13.747796Z","level":"info","event":"45","chan":"stdout","logger":"task"}
{"timestamp":"2025-12-05T05:31:14.457666Z","level":"info","event":"46","chan":"stdout","logger":"task"}
{"timestamp":"2025-12-05T05:31:14.721314Z","level":"info","event":"47","chan":"stdout","logger":"task"}
{"timestamp":"2025-12-05T05:31:15.295788Z","level":"info","event":"48","chan":"stdout","logger":"task"}
{"timestamp":"2025-12-05T05:31:15.875684Z","level":"info","event":"49","chan":"stdout","logger":"task"}
{"timestamp":"2025-12-05T05:31:15.876923Z","level":"info","event":"  Processing song 50/100: F**kin' Perfect by P!nk","chan":"stdout","logger":"task"}
{"timestamp":"2025-12-05T05:31:16.588575Z","level":"info","event":"50","chan":"stdout","logger":"task"}
{"timestamp":"2025-12-05T05:31:17.210209Z","level":"info","event":"51","chan":"stdout","logger":"task"}
{"timestamp":"2025-12-05T05:31:17.855229Z","level":"info","event":"52","chan":"stdout","logger":"task"}
{"timestamp":"2025-12-05T05:31:18.617309Z","level":"info","event":"53","chan":"stdout","logger":"task"}
{"timestamp":"2025-12-05T05:31:19.263751Z","level":"info","event":"54","chan":"stdout","logger":"task"}
{"timestamp":"2025-12-05T05:31:19.940542Z","level":"info","event":"55","chan":"stdout","logger":"task"}
{"timestamp":"2025-12-05T05:31:20.563526Z","level":"info","event":"56","chan":"stdout","logger":"task"}
{"timestamp":"2025-12-05T05:31:21.294144Z","level":"info","event":"57","chan":"stdout","logger":"task"}
{"timestamp":"2025-12-05T05:31:22.174188Z","level":"info","event":"58","chan":"stdout","logger":"task"}
{"timestamp":"2025-12-05T05:31:22.805267Z","level":"info","event":"59","chan":"stdout","logger":"task"}
{"timestamp":"2025-12-05T05:31:22.806863Z","level":"info","event":"  Processing song 60/100: Pumped Up Kicks by Foster the People","chan":"stdout","logger":"task"}
{"timestamp":"2025-12-05T05:31:23.517829Z","level":"info","event":"60","chan":"stdout","logger":"task"}
{"timestamp":"2025-12-05T05:31:24.112210Z","level":"info","event":"61","chan":"stdout","logger":"task"}
{"timestamp":"2025-12-05T05:31:24.800503Z","level":"info","event":"62","chan":"stdout","logger":"task"}
{"timestamp":"2025-12-05T05:31:25.421511Z","level":"info","event":"63","chan":"stdout","logger":"task"}
{"timestamp":"2025-12-05T05:31:26.049892Z","level":"info","event":"64","chan":"stdout","logger":"task"}
{"timestamp":"2025-12-05T05:31:26.741830Z","level":"info","event":"65","chan":"stdout","logger":"task"}
{"timestamp":"2025-12-05T05:31:27.391953Z","level":"info","event":"66","chan":"stdout","logger":"task"}
{"timestamp":"2025-12-05T05:31:28.037111Z","level":"info","event":"67","chan":"stdout","logger":"task"}
{"timestamp":"2025-12-05T05:31:28.752047Z","level":"info","event":"68","chan":"stdout","logger":"task"}
{"timestamp":"2025-12-05T05:31:29.385669Z","level":"info","event":"69","chan":"stdout","logger":"task"}
{"timestamp":"2025-12-05T05:31:29.386149Z","level":"info","event":"  Processing song 70/100: Little Bad Girl by David Guetta Featuring Taio Cruz & Ludacris","chan":"stdout","logger":"task"}
{"timestamp":"2025-12-05T05:31:29.972639Z","level":"info","event":"70","chan":"stdout","logger":"task"}
{"timestamp":"2025-12-05T05:31:30.613758Z","level":"info","event":"71","chan":"stdout","logger":"task"}
{"timestamp":"2025-12-05T05:31:31.300580Z","level":"info","event":"72","chan":"stdout","logger":"task"}
{"timestamp":"2025-12-05T05:31:32.174127Z","level":"info","event":"73","chan":"stdout","logger":"task"}
{"timestamp":"2025-12-05T05:31:32.826091Z","level":"info","event":"74","chan":"stdout","logger":"task"}
{"timestamp":"2025-12-05T05:31:33.580234Z","level":"info","event":"75","chan":"stdout","logger":"task"}
{"timestamp":"2025-12-05T05:31:34.296007Z","level":"info","event":"76","chan":"stdout","logger":"task"}
{"timestamp":"2025-12-05T05:31:34.963062Z","level":"info","event":"77","chan":"stdout","logger":"task"}
{"timestamp":"2025-12-05T05:31:35.590497Z","level":"info","event":"78","chan":"stdout","logger":"task"}
{"timestamp":"2025-12-05T05:31:36.173113Z","level":"info","event":"79","chan":"stdout","logger":"task"}
{"timestamp":"2025-12-05T05:31:36.173299Z","level":"info","event":"  Processing song 80/100: Keep Your Head Up by Andy Grammer","chan":"stdout","logger":"task"}
{"timestamp":"2025-12-05T05:31:36.871693Z","level":"info","event":"80","chan":"stdout","logger":"task"}
{"timestamp":"2025-12-05T05:31:37.660075Z","level":"info","event":"81","chan":"stdout","logger":"task"}
{"timestamp":"2025-12-05T05:31:38.342138Z","level":"info","event":"82","chan":"stdout","logger":"task"}
{"timestamp":"2025-12-05T05:31:39.451818Z","level":"info","event":"83","chan":"stdout","logger":"task"}
{"timestamp":"2025-12-05T05:31:40.151628Z","level":"info","event":"84","chan":"stdout","logger":"task"}
{"timestamp":"2025-12-05T05:31:41.066456Z","level":"info","event":"85","chan":"stdout","logger":"task"}
{"timestamp":"2025-12-05T05:31:41.691107Z","level":"info","event":"86","chan":"stdout","logger":"task"}
{"timestamp":"2025-12-05T05:31:42.513098Z","level":"info","event":"87","chan":"stdout","logger":"task"}
{"timestamp":"2025-12-05T05:31:43.234166Z","level":"info","event":"88","chan":"stdout","logger":"task"}
{"timestamp":"2025-12-05T05:31:43.868834Z","level":"info","event":"89","chan":"stdout","logger":"task"}
{"timestamp":"2025-12-05T05:31:43.870067Z","level":"info","event":"  Processing song 90/100: Moving To Mars by Coldplay","chan":"stdout","logger":"task"}
{"timestamp":"2025-12-05T05:31:44.526360Z","level":"info","event":"90","chan":"stdout","logger":"task"}
{"timestamp":"2025-12-05T05:31:45.205492Z","level":"info","event":"91","chan":"stdout","logger":"task"}
{"timestamp":"2025-12-05T05:31:45.851544Z","level":"info","event":"92","chan":"stdout","logger":"task"}
{"timestamp":"2025-12-05T05:31:46.468606Z","level":"info","event":"93","chan":"stdout","logger":"task"}
{"timestamp":"2025-12-05T05:31:47.027337Z","level":"info","event":"94","chan":"stdout","logger":"task"}
{"timestamp":"2025-12-05T05:31:47.811567Z","level":"info","event":"95","chan":"stdout","logger":"task"}
{"timestamp":"2025-12-05T05:31:48.530216Z","level":"info","event":"96","chan":"stdout","logger":"task"}
{"timestamp":"2025-12-05T05:31:49.137664Z","level":"info","event":"97","chan":"stdout","logger":"task"}
{"timestamp":"2025-12-05T05:31:49.811467Z","level":"info","event":"98","chan":"stdout","logger":"task"}
{"timestamp":"2025-12-05T05:31:50.509963Z","level":"info","event":"99","chan":"stdout","logger":"task"}
{"timestamp":"2025-12-05T05:31:50.511501Z","level":"info","event":"  Processing song 100/100: Stereo Hearts by Gym Class Heroes Featuring Adam Levine","chan":"stdout","logger":"task"}
{"timestamp":"2025-12-05T05:31:51.142486Z","level":"info","event":"100","chan":"stdout","logger":"task"}
{"timestamp":"2025-12-05T05:31:51.143672Z","level":"info","event":"{'name': 'LMFAO', 'id': '3sgFRtyBnxXD5ESfmbK4dl', 'url': 'https://open.spotify.com/artist/3sgFRtyBnxXD5ESfmbK4dl'}","chan":"stdout","logger":"task"}
{"timestamp":"2025-12-05T05:31:51.143825Z","level":"info","event":"https://musicbrainz.org/ws/2/url?resource=https://open.spotify.com/artist/3sgFRtyBnxXD5ESfmbK4dl&inc=artist-rels&fmt=json","chan":"stdout","logger":"task"}
{"timestamp":"2025-12-05T05:31:51.496172Z","level":"info","event":"https://musicbrainz.org/ws/2/artist/ed5d9086-e8cd-473a-b96c-d81ad6c98f0d?inc=tags&fmt=json","chan":"stdout","logger":"task"}
{"timestamp":"2025-12-05T05:31:52.632094Z","level":"info","event":"{'name': 'Lauren Bennett', 'id': '2jLE4BoXHriQ96JagEtiDP', 'url': 'https://open.spotify.com/artist/2jLE4BoXHriQ96JagEtiDP'}","chan":"stdout","logger":"task"}
{"timestamp":"2025-12-05T05:31:52.632786Z","level":"info","event":"https://musicbrainz.org/ws/2/url?resource=https://open.spotify.com/artist/2jLE4BoXHriQ96JagEtiDP&inc=artist-rels&fmt=json","chan":"stdout","logger":"task"}
{"timestamp":"2025-12-05T05:31:52.745027Z","level":"info","event":"https://musicbrainz.org/ws/2/artist/131a8268-b0aa-4c5c-89fc-d0e618af3f45?inc=tags&fmt=json","chan":"stdout","logger":"task"}
{"timestamp":"2025-12-05T05:31:53.856570Z","level":"info","event":"{'name': 'GoonRock', 'id': '53sIBaVjXQhfH89Vu6nEGh', 'url': 'https://open.spotify.com/artist/53sIBaVjXQhfH89Vu6nEGh'}","chan":"stdout","logger":"task"}
{"timestamp":"2025-12-05T05:31:53.858346Z","level":"info","event":"https://musicbrainz.org/ws/2/url?resource=https://open.spotify.com/artist/53sIBaVjXQhfH89Vu6nEGh&inc=artist-rels&fmt=json","chan":"stdout","logger":"task"}
{"timestamp":"2025-12-05T05:31:53.981299Z","level":"info","event":"https://musicbrainz.org/ws/2/artist/727b0e62-ad3e-4e14-ae3c-f068b0a84195?inc=tags&fmt=json","chan":"stdout","logger":"task"}
{"timestamp":"2025-12-05T05:31:55.132138Z","level":"info","event":"{'name': 'Pitbull', 'id': '0TnOYISbd1XYRBk9myaseg', 'url': 'https://open.spotify.com/artist/0TnOYISbd1XYRBk9myaseg'}","chan":"stdout","logger":"task"}
{"timestamp":"2025-12-05T05:31:55.142378Z","level":"info","event":"https://musicbrainz.org/ws/2/url?resource=https://open.spotify.com/artist/0TnOYISbd1XYRBk9myaseg&inc=artist-rels&fmt=json","chan":"stdout","logger":"task"}
{"timestamp":"2025-12-05T05:31:55.262467Z","level":"info","event":"https://musicbrainz.org/ws/2/artist/d262ea27-3ffe-40f7-b922-85c42d625e67?inc=tags&fmt=json","chan":"stdout","logger":"task"}
{"timestamp":"2025-12-05T05:31:56.374866Z","level":"info","event":"{'name': 'AFROJACK', 'id': '4D75GcNG95ebPtNvoNVXhz', 'url': 'https://open.spotify.com/artist/4D75GcNG95ebPtNvoNVXhz'}","chan":"stdout","logger":"task"}
{"timestamp":"2025-12-05T05:31:56.375888Z","level":"info","event":"https://musicbrainz.org/ws/2/url?resource=https://open.spotify.com/artist/4D75GcNG95ebPtNvoNVXhz&inc=artist-rels&fmt=json","chan":"stdout","logger":"task"}
{"timestamp":"2025-12-05T05:31:56.490425Z","level":"info","event":"https://musicbrainz.org/ws/2/artist/a3ee920f-4e7f-4993-8aca-4b8538cfaa4a?inc=tags&fmt=json","chan":"stdout","logger":"task"}
{"timestamp":"2025-12-05T05:31:57.613810Z","level":"info","event":"{'name': 'Ne-Yo', 'id': '21E3waRsmPlU7jZsS13rcj', 'url': 'https://open.spotify.com/artist/21E3waRsmPlU7jZsS13rcj'}","chan":"stdout","logger":"task"}
{"timestamp":"2025-12-05T05:31:57.616551Z","level":"info","event":"https://musicbrainz.org/ws/2/url?resource=https://open.spotify.com/artist/21E3waRsmPlU7jZsS13rcj&inc=artist-rels&fmt=json","chan":"stdout","logger":"task"}
{"timestamp":"2025-12-05T05:31:57.729246Z","level":"info","event":"https://musicbrainz.org/ws/2/artist/a4a01f5d-18e7-4571-8c3a-76ec0e24e2d7?inc=tags&fmt=json","chan":"stdout","logger":"task"}
{"timestamp":"2025-12-05T05:31:58.842296Z","level":"info","event":"{'name': 'Nayer', 'id': '1ruutHJcECI7cos2n5TqpO', 'url': 'https://open.spotify.com/artist/1ruutHJcECI7cos2n5TqpO'}","chan":"stdout","logger":"task"}
{"timestamp":"2025-12-05T05:31:58.844780Z","level":"info","event":"https://musicbrainz.org/ws/2/url?resource=https://open.spotify.com/artist/1ruutHJcECI7cos2n5TqpO&inc=artist-rels&fmt=json","chan":"stdout","logger":"task"}
{"timestamp":"2025-12-05T05:31:58.966999Z","level":"info","event":"https://musicbrainz.org/ws/2/artist/276d7d13-c0c4-4e67-a165-8e3764e4a2f3?inc=tags&fmt=json","chan":"stdout","logger":"task"}
{"timestamp":"2025-12-05T05:32:00.084780Z","level":"info","event":"{'name': 'Adele', 'id': '4dpARuHxo51G3z768sgnrY', 'url': 'https://open.spotify.com/artist/4dpARuHxo51G3z768sgnrY'}","chan":"stdout","logger":"task"}
{"timestamp":"2025-12-05T05:32:00.088496Z","level":"info","event":"https://musicbrainz.org/ws/2/url?resource=https://open.spotify.com/artist/4dpARuHxo51G3z768sgnrY&inc=artist-rels&fmt=json","chan":"stdout","logger":"task"}
{"timestamp":"2025-12-05T05:32:00.196743Z","level":"info","event":"https://musicbrainz.org/ws/2/artist/cc2c9c3c-b7bc-4b8b-84d8-4fbd8779e493?inc=tags&fmt=json","chan":"stdout","logger":"task"}
{"timestamp":"2025-12-05T05:32:00.308753Z","level":"info","event":"Rate limit hit. Retrying in 1s...","chan":"stdout","logger":"task"}
{"timestamp":"2025-12-05T05:32:01.433388Z","level":"info","event":"Rate limit hit. Retrying in 2s...","chan":"stdout","logger":"task"}
{"timestamp":"2025-12-05T05:32:04.566982Z","level":"info","event":"{'name': 'Katy Perry', 'id': '6jJ0s89eD6GaHleKKya26X', 'url': 'https://open.spotify.com/artist/6jJ0s89eD6GaHleKKya26X'}","chan":"stdout","logger":"task"}
{"timestamp":"2025-12-05T05:32:04.569294Z","level":"info","event":"https://musicbrainz.org/ws/2/url?resource=https://open.spotify.com/artist/6jJ0s89eD6GaHleKKya26X&inc=artist-rels&fmt=json","chan":"stdout","logger":"task"}
{"timestamp":"2025-12-05T05:32:04.675245Z","level":"info","event":"https://musicbrainz.org/ws/2/artist/122d63fc-8671-43e4-9752-34e846d62a9c?inc=tags&fmt=json","chan":"stdout","logger":"task"}
{"timestamp":"2025-12-05T05:32:05.826323Z","level":"info","event":"{'name': 'Nicki Minaj', 'id': '0hCNtLu0JehylgoiP8L4Gh', 'url': 'https://open.spotify.com/artist/0hCNtLu0JehylgoiP8L4Gh'}","chan":"stdout","logger":"task"}
{"timestamp":"2025-12-05T05:32:05.827277Z","level":"info","event":"https://musicbrainz.org/ws/2/url?resource=https://open.spotify.com/artist/0hCNtLu0JehylgoiP8L4Gh&inc=artist-rels&fmt=json","chan":"stdout","logger":"task"}
{"timestamp":"2025-12-05T05:32:05.941635Z","level":"info","event":"https://musicbrainz.org/ws/2/artist/1036b808-f58c-4a3e-b461-a2c4492ecf1b?inc=tags&fmt=json","chan":"stdout","logger":"task"}
{"timestamp":"2025-12-05T05:32:07.048991Z","level":"info","event":"{'name': 'Lady Gaga', 'id': '1HY2Jd0NmPuamShAr6KMms', 'url': 'https://open.spotify.com/artist/1HY2Jd0NmPuamShAr6KMms'}","chan":"stdout","logger":"task"}
{"timestamp":"2025-12-05T05:32:07.049643Z","level":"info","event":"https://musicbrainz.org/ws/2/url?resource=https://open.spotify.com/artist/1HY2Jd0NmPuamShAr6KMms&inc=artist-rels&fmt=json","chan":"stdout","logger":"task"}
{"timestamp":"2025-12-05T05:32:07.172993Z","level":"info","event":"https://musicbrainz.org/ws/2/artist/650e7db6-b795-4eb5-a702-5ea2fc46c848?inc=tags&fmt=json","chan":"stdout","logger":"task"}
{"timestamp":"2025-12-05T05:32:08.298789Z","level":"info","event":"{'name': 'Lil Wayne', 'id': '55Aa2cqylxrFIXC767Z865', 'url': 'https://open.spotify.com/artist/55Aa2cqylxrFIXC767Z865'}","chan":"stdout","logger":"task"}
{"timestamp":"2025-12-05T05:32:08.299239Z","level":"info","event":"https://musicbrainz.org/ws/2/url?resource=https://open.spotify.com/artist/55Aa2cqylxrFIXC767Z865&inc=artist-rels&fmt=json","chan":"stdout","logger":"task"}
{"timestamp":"2025-12-05T05:32:08.420468Z","level":"info","event":"https://musicbrainz.org/ws/2/artist/ac9a487a-d9d2-4f27-bb23-0f4686488345?inc=tags&fmt=json","chan":"stdout","logger":"task"}
{"timestamp":"2025-12-05T05:32:09.525954Z","level":"info","event":"{'name': 'Hot Chelle Rae', 'id': '6jTnHxhb6cDCaCu4rdvsQ0', 'url': 'https://open.spotify.com/artist/6jTnHxhb6cDCaCu4rdvsQ0'}","chan":"stdout","logger":"task"}
{"timestamp":"2025-12-05T05:32:09.527308Z","level":"info","event":"https://musicbrainz.org/ws/2/url?resource=https://open.spotify.com/artist/6jTnHxhb6cDCaCu4rdvsQ0&inc=artist-rels&fmt=json","chan":"stdout","logger":"task"}
{"timestamp":"2025-12-05T05:32:09.655478Z","level":"info","event":"https://musicbrainz.org/ws/2/artist/20aee940-3b65-4d04-8768-9a5918db2973?inc=tags&fmt=json","chan":"stdout","logger":"task"}
{"timestamp":"2025-12-05T05:32:10.772026Z","level":"info","event":"{'name': 'Jason Aldean', 'id': '3FfvYsEGaIb52QPXhg4DcH', 'url': 'https://open.spotify.com/artist/3FfvYsEGaIb52QPXhg4DcH'}","chan":"stdout","logger":"task"}
{"timestamp":"2025-12-05T05:32:10.774648Z","level":"info","event":"https://musicbrainz.org/ws/2/url?resource=https://open.spotify.com/artist/3FfvYsEGaIb52QPXhg4DcH&inc=artist-rels&fmt=json","chan":"stdout","logger":"task"}
{"timestamp":"2025-12-05T05:32:10.893940Z","level":"info","event":"https://musicbrainz.org/ws/2/artist/f24df11a-7e35-4979-a4db-a3b2a170ce27?inc=tags&fmt=json","chan":"stdout","logger":"task"}
{"timestamp":"2025-12-05T05:32:12.012544Z","level":"info","event":"{'name': 'Bruno Mars', 'id': '0du5cEVh5yTK9QJze8zA0C', 'url': 'https://open.spotify.com/artist/0du5cEVh5yTK9QJze8zA0C'}","chan":"stdout","logger":"task"}
{"timestamp":"2025-12-05T05:32:12.013175Z","level":"info","event":"https://musicbrainz.org/ws/2/url?resource=https://open.spotify.com/artist/0du5cEVh5yTK9QJze8zA0C&inc=artist-rels&fmt=json","chan":"stdout","logger":"task"}
{"timestamp":"2025-12-05T05:32:12.127795Z","level":"info","event":"https://musicbrainz.org/ws/2/artist/afb680f2-b6eb-4cd7-a70b-a63b25c763d5?inc=tags&fmt=json","chan":"stdout","logger":"task"}
{"timestamp":"2025-12-05T05:32:13.235074Z","level":"info","event":"{'name': 'Lupe Fiasco', 'id': '01QTIT5P1pFP3QnnFSdsJf', 'url': 'https://open.spotify.com/artist/01QTIT5P1pFP3QnnFSdsJf'}","chan":"stdout","logger":"task"}
{"timestamp":"2025-12-05T05:32:13.235782Z","level":"info","event":"https://musicbrainz.org/ws/2/url?resource=https://open.spotify.com/artist/01QTIT5P1pFP3QnnFSdsJf&inc=artist-rels&fmt=json","chan":"stdout","logger":"task"}
{"timestamp":"2025-12-05T05:32:13.342536Z","level":"info","event":"Rate limit hit. Retrying in 1s...","chan":"stdout","logger":"task"}
{"timestamp":"2025-12-05T05:32:14.508602Z","level":"info","event":"https://musicbrainz.org/ws/2/artist/cf15719f-51f9-4db8-a15d-5eed9664ce69?inc=tags&fmt=json","chan":"stdout","logger":"task"}
{"timestamp":"2025-12-05T05:32:15.615646Z","level":"info","event":"{'name': 'Black Eyed Peas', 'id': '1yxSLGMDHlW21z4YXirZDS', 'url': 'https://open.spotify.com/artist/1yxSLGMDHlW21z4YXirZDS'}","chan":"stdout","logger":"task"}
{"timestamp":"2025-12-05T05:32:15.616650Z","level":"info","event":"https://musicbrainz.org/ws/2/url?resource=https://open.spotify.com/artist/1yxSLGMDHlW21z4YXirZDS&inc=artist-rels&fmt=json","chan":"stdout","logger":"task"}
{"timestamp":"2025-12-05T05:32:15.734010Z","level":"info","event":"https://musicbrainz.org/ws/2/artist/d5be5333-4171-427e-8e12-732087c6b78e?inc=tags&fmt=json","chan":"stdout","logger":"task"}
{"timestamp":"2025-12-05T05:32:16.848092Z","level":"info","event":"{'name': 'DJ Khaled', 'id': '0QHgL1lAIqAw0HtD7YldmP', 'url': 'https://open.spotify.com/artist/0QHgL1lAIqAw0HtD7YldmP'}","chan":"stdout","logger":"task"}
{"timestamp":"2025-12-05T05:32:16.848730Z","level":"info","event":"https://musicbrainz.org/ws/2/url?resource=https://open.spotify.com/artist/0QHgL1lAIqAw0HtD7YldmP&inc=artist-rels&fmt=json","chan":"stdout","logger":"task"}
{"timestamp":"2025-12-05T05:32:16.956999Z","level":"info","event":"https://musicbrainz.org/ws/2/artist/081a2d60-9791-4e05-a075-f1890355eeee?inc=tags&fmt=json","chan":"stdout","logger":"task"}
{"timestamp":"2025-12-05T05:32:18.078760Z","level":"info","event":"{'name': 'Drake', 'id': '3TVXtAsR1Inumwj472S9r4', 'url': 'https://open.spotify.com/artist/3TVXtAsR1Inumwj472S9r4'}","chan":"stdout","logger":"task"}
{"timestamp":"2025-12-05T05:32:18.081484Z","level":"info","event":"https://musicbrainz.org/ws/2/url?resource=https://open.spotify.com/artist/3TVXtAsR1Inumwj472S9r4&inc=artist-rels&fmt=json","chan":"stdout","logger":"task"}
{"timestamp":"2025-12-05T05:32:18.217000Z","level":"info","event":"https://musicbrainz.org/ws/2/artist/9fff2f8a-21e6-47de-a2b8-7f449929d43f?inc=tags&fmt=json","chan":"stdout","logger":"task"}
{"timestamp":"2025-12-05T05:32:19.330447Z","level":"info","event":"{'name': 'Rick Ross', 'id': '1sBkRIssrMs1AbVkOJbc7a', 'url': 'https://open.spotify.com/artist/1sBkRIssrMs1AbVkOJbc7a'}","chan":"stdout","logger":"task"}
{"timestamp":"2025-12-05T05:32:19.334561Z","level":"info","event":"https://musicbrainz.org/ws/2/url?resource=https://open.spotify.com/artist/1sBkRIssrMs1AbVkOJbc7a&inc=artist-rels&fmt=json","chan":"stdout","logger":"task"}
{"timestamp":"2025-12-05T05:32:19.445557Z","level":"info","event":"https://musicbrainz.org/ws/2/artist/13bcb2bb-db37-4397-baf5-e0f085be2d64?inc=tags&fmt=json","chan":"stdout","logger":"task"}
{"timestamp":"2025-12-05T05:32:20.555584Z","level":"info","event":"{'name': 'Blake Shelton', 'id': '1UTPBmNbXNTittyMJrNkvw', 'url': 'https://open.spotify.com/artist/1UTPBmNbXNTittyMJrNkvw'}","chan":"stdout","logger":"task"}
{"timestamp":"2025-12-05T05:32:20.558004Z","level":"info","event":"https://musicbrainz.org/ws/2/url?resource=https://open.spotify.com/artist/1UTPBmNbXNTittyMJrNkvw&inc=artist-rels&fmt=json","chan":"stdout","logger":"task"}
{"timestamp":"2025-12-05T05:32:20.672419Z","level":"info","event":"https://musicbrainz.org/ws/2/artist/2ad66473-ccb3-41d2-8756-b56680cdfe62?inc=tags&fmt=json","chan":"stdout","logger":"task"}
{"timestamp":"2025-12-05T05:32:21.837711Z","level":"info","event":"{'name': 'Javier Colon', 'id': '3flTDj1VSZCktpBGZlNutt', 'url': 'https://open.spotify.com/artist/3flTDj1VSZCktpBGZlNutt'}","chan":"stdout","logger":"task"}
{"timestamp":"2025-12-05T05:32:21.851142Z","level":"info","event":"https://musicbrainz.org/ws/2/url?resource=https://open.spotify.com/artist/3flTDj1VSZCktpBGZlNutt&inc=artist-rels&fmt=json","chan":"stdout","logger":"task"}
{"timestamp":"2025-12-05T05:32:21.976333Z","level":"info","event":"HTTP 404: Not Found","chan":"stdout","logger":"task"}
{"timestamp":"2025-12-05T05:32:21.976551Z","level":"info","event":"unable to get mbid for https://open.spotify.com/artist/3flTDj1VSZCktpBGZlNutt","chan":"stdout","logger":"task"}
{"timestamp":"2025-12-05T05:32:22.979187Z","level":"info","event":"{'name': 'Jason Derulo', 'id': '07YZf4WDAMNwqr4jfgOZ8y', 'url': 'https://open.spotify.com/artist/07YZf4WDAMNwqr4jfgOZ8y'}","chan":"stdout","logger":"task"}
{"timestamp":"2025-12-05T05:32:22.980490Z","level":"info","event":"https://musicbrainz.org/ws/2/url?resource=https://open.spotify.com/artist/07YZf4WDAMNwqr4jfgOZ8y&inc=artist-rels&fmt=json","chan":"stdout","logger":"task"}
{"timestamp":"2025-12-05T05:32:23.105888Z","level":"info","event":"https://musicbrainz.org/ws/2/artist/6de0f914-3e60-4418-be3b-42e0feb6eb4d?inc=tags&fmt=json","chan":"stdout","logger":"task"}
{"timestamp":"2025-12-05T05:32:24.220881Z","level":"info","event":"{'name': 'Jennifer Lopez', 'id': '2DlGxzQSjYe5N6G9nkYghR', 'url': 'https://open.spotify.com/artist/2DlGxzQSjYe5N6G9nkYghR'}","chan":"stdout","logger":"task"}
{"timestamp":"2025-12-05T05:32:24.221776Z","level":"info","event":"https://musicbrainz.org/ws/2/url?resource=https://open.spotify.com/artist/2DlGxzQSjYe5N6G9nkYghR&inc=artist-rels&fmt=json","chan":"stdout","logger":"task"}
{"timestamp":"2025-12-05T05:32:24.334872Z","level":"info","event":"Rate limit hit. Retrying in 1s...","chan":"stdout","logger":"task"}
{"timestamp":"2025-12-05T05:32:25.458418Z","level":"info","event":"https://musicbrainz.org/ws/2/artist/f0602f55-1770-483d-89bd-4bae0d0ac086?inc=tags&fmt=json","chan":"stdout","logger":"task"}
{"timestamp":"2025-12-05T05:32:26.579347Z","level":"info","event":"{'name': 'Dia Frampton', 'id': '3ppkM4QtM781APpaX7H9t7', 'url': 'https://open.spotify.com/artist/3ppkM4QtM781APpaX7H9t7'}","chan":"stdout","logger":"task"}
{"timestamp":"2025-12-05T05:32:26.579684Z","level":"info","event":"https://musicbrainz.org/ws/2/url?resource=https://open.spotify.com/artist/3ppkM4QtM781APpaX7H9t7&inc=artist-rels&fmt=json","chan":"stdout","logger":"task"}
{"timestamp":"2025-12-05T05:32:26.689260Z","level":"info","event":"https://musicbrainz.org/ws/2/artist/fe3399b8-16c1-4e96-8f06-331072cb61bf?inc=tags&fmt=json","chan":"stdout","logger":"task"}
{"timestamp":"2025-12-05T05:32:27.951322Z","level":"info","event":"{'name': 'Kelly Rowland', 'id': '3AuMNF8rQAKOzjYppFNAoB', 'url': 'https://open.spotify.com/artist/3AuMNF8rQAKOzjYppFNAoB'}","chan":"stdout","logger":"task"}
{"timestamp":"2025-12-05T05:32:27.952020Z","level":"info","event":"https://musicbrainz.org/ws/2/url?resource=https://open.spotify.com/artist/3AuMNF8rQAKOzjYppFNAoB&inc=artist-rels&fmt=json","chan":"stdout","logger":"task"}
{"timestamp":"2025-12-05T05:32:28.069462Z","level":"info","event":"https://musicbrainz.org/ws/2/artist/31bea673-d23a-4889-8da1-7cb040863268?inc=tags&fmt=json","chan":"stdout","logger":"task"}
{"timestamp":"2025-12-05T05:32:29.189968Z","level":"info","event":"{'name': 'John Summit', 'id': '7kNqXtgeIwFtelmRjWv205', 'url': 'https://open.spotify.com/artist/7kNqXtgeIwFtelmRjWv205'}","chan":"stdout","logger":"task"}
{"timestamp":"2025-12-05T05:32:29.191150Z","level":"info","event":"https://musicbrainz.org/ws/2/url?resource=https://open.spotify.com/artist/7kNqXtgeIwFtelmRjWv205&inc=artist-rels&fmt=json","chan":"stdout","logger":"task"}
{"timestamp":"2025-12-05T05:32:29.302439Z","level":"info","event":"https://musicbrainz.org/ws/2/artist/2547c5e3-314c-4332-981d-f18c902a4086?inc=tags&fmt=json","chan":"stdout","logger":"task"}
{"timestamp":"2025-12-05T05:32:30.423605Z","level":"info","event":"{'name': 'Britney Spears', 'id': '26dSoYclwsYLMAKD3tpOr4', 'url': 'https://open.spotify.com/artist/26dSoYclwsYLMAKD3tpOr4'}","chan":"stdout","logger":"task"}
{"timestamp":"2025-12-05T05:32:30.424034Z","level":"info","event":"https://musicbrainz.org/ws/2/url?resource=https://open.spotify.com/artist/26dSoYclwsYLMAKD3tpOr4&inc=artist-rels&fmt=json","chan":"stdout","logger":"task"}
{"timestamp":"2025-12-05T05:32:30.542512Z","level":"info","event":"https://musicbrainz.org/ws/2/artist/45a663b5-b1cb-4a91-bff6-2bef7bbfdd76?inc=tags&fmt=json","chan":"stdout","logger":"task"}
{"timestamp":"2025-12-05T05:32:31.658020Z","level":"info","event":"{'name': 'Maroon 5', 'id': '04gDigrS5kc9YWfZHwBETP', 'url': 'https://open.spotify.com/artist/04gDigrS5kc9YWfZHwBETP'}","chan":"stdout","logger":"task"}
{"timestamp":"2025-12-05T05:32:31.662083Z","level":"info","event":"https://musicbrainz.org/ws/2/url?resource=https://open.spotify.com/artist/04gDigrS5kc9YWfZHwBETP&inc=artist-rels&fmt=json","chan":"stdout","logger":"task"}
{"timestamp":"2025-12-05T05:32:31.774986Z","level":"info","event":"https://musicbrainz.org/ws/2/artist/0ab49580-c84f-44d4-875f-d83760ea2cfe?inc=tags&fmt=json","chan":"stdout","logger":"task"}
{"timestamp":"2025-12-05T05:32:32.882672Z","level":"info","event":"{'name': 'Christina Aguilera', 'id': '1l7ZsJRRS8wlW3WfJfPfNS', 'url': 'https://open.spotify.com/artist/1l7ZsJRRS8wlW3WfJfPfNS'}","chan":"stdout","logger":"task"}
{"timestamp":"2025-12-05T05:32:32.883531Z","level":"info","event":"https://musicbrainz.org/ws/2/url?resource=https://open.spotify.com/artist/1l7ZsJRRS8wlW3WfJfPfNS&inc=artist-rels&fmt=json","chan":"stdout","logger":"task"}
{"timestamp":"2025-12-05T05:32:33.067999Z","level":"info","event":"https://musicbrainz.org/ws/2/artist/b202beb7-99bd-47e7-8b72-195c8d72ebdd?inc=tags&fmt=json","chan":"stdout","logger":"task"}
{"timestamp":"2025-12-05T05:32:34.265012Z","level":"info","event":"{'name': 'Zac Brown Band', 'id': '6yJCxee7QumYr820xdIsjo', 'url': 'https://open.spotify.com/artist/6yJCxee7QumYr820xdIsjo'}","chan":"stdout","logger":"task"}
{"timestamp":"2025-12-05T05:32:34.267225Z","level":"info","event":"https://musicbrainz.org/ws/2/url?resource=https://open.spotify.com/artist/6yJCxee7QumYr820xdIsjo&inc=artist-rels&fmt=json","chan":"stdout","logger":"task"}
{"timestamp":"2025-12-05T05:32:34.390483Z","level":"info","event":"https://musicbrainz.org/ws/2/artist/507226f4-0842-4f43-950e-81a7017230ec?inc=tags&fmt=json","chan":"stdout","logger":"task"}
{"timestamp":"2025-12-05T05:32:34.497709Z","level":"info","event":"Rate limit hit. Retrying in 1s...","chan":"stdout","logger":"task"}
{"timestamp":"2025-12-05T05:32:36.625141Z","level":"info","event":"{'name': 'Jimmy Buffett', 'id': '28AyklUmMECPwdfo8NEsV0', 'url': 'https://open.spotify.com/artist/28AyklUmMECPwdfo8NEsV0'}","chan":"stdout","logger":"task"}
{"timestamp":"2025-12-05T05:32:36.626953Z","level":"info","event":"https://musicbrainz.org/ws/2/url?resource=https://open.spotify.com/artist/28AyklUmMECPwdfo8NEsV0&inc=artist-rels&fmt=json","chan":"stdout","logger":"task"}
{"timestamp":"2025-12-05T05:32:36.745855Z","level":"info","event":"https://musicbrainz.org/ws/2/artist/16fdd9af-467f-47ce-bd29-3413b445b90f?inc=tags&fmt=json","chan":"stdout","logger":"task"}
{"timestamp":"2025-12-05T05:32:37.861223Z","level":"info","event":"{'name': 'Chris Brown', 'id': '7bXgB6jMjp9ATFy66eO08Z', 'url': 'https://open.spotify.com/artist/7bXgB6jMjp9ATFy66eO08Z'}","chan":"stdout","logger":"task"}
{"timestamp":"2025-12-05T05:32:37.864167Z","level":"info","event":"https://musicbrainz.org/ws/2/url?resource=https://open.spotify.com/artist/7bXgB6jMjp9ATFy66eO08Z&inc=artist-rels&fmt=json","chan":"stdout","logger":"task"}
{"timestamp":"2025-12-05T05:32:38.000837Z","level":"info","event":"https://musicbrainz.org/ws/2/artist/c234fa42-e6a6-443e-937e-2f4b073538a3?inc=tags&fmt=json","chan":"stdout","logger":"task"}
{"timestamp":"2025-12-05T05:32:39.119442Z","level":"info","event":"{'name': 'Busta Rhymes', 'id': '1YfEcTuGvBQ8xSD1f53UnK', 'url': 'https://open.spotify.com/artist/1YfEcTuGvBQ8xSD1f53UnK'}","chan":"stdout","logger":"task"}
{"timestamp":"2025-12-05T05:32:39.121736Z","level":"info","event":"https://musicbrainz.org/ws/2/url?resource=https://open.spotify.com/artist/1YfEcTuGvBQ8xSD1f53UnK&inc=artist-rels&fmt=json","chan":"stdout","logger":"task"}
{"timestamp":"2025-12-05T05:32:39.246451Z","level":"info","event":"https://musicbrainz.org/ws/2/artist/10a9ff92-9637-4498-afea-7044b2ab0dc0?inc=tags&fmt=json","chan":"stdout","logger":"task"}
{"timestamp":"2025-12-05T05:32:40.356309Z","level":"info","event":"{'name': 'Lady A', 'id': '32WkQRZEVKSzVAAYqukAEA', 'url': 'https://open.spotify.com/artist/32WkQRZEVKSzVAAYqukAEA'}","chan":"stdout","logger":"task"}
{"timestamp":"2025-12-05T05:32:40.357168Z","level":"info","event":"https://musicbrainz.org/ws/2/url?resource=https://open.spotify.com/artist/32WkQRZEVKSzVAAYqukAEA&inc=artist-rels&fmt=json","chan":"stdout","logger":"task"}
{"timestamp":"2025-12-05T05:32:40.465272Z","level":"info","event":"https://musicbrainz.org/ws/2/artist/0eedfc95-e79a-4fd9-832a-cd816a0b3fda?inc=tags&fmt=json","chan":"stdout","logger":"task"}
{"timestamp":"2025-12-05T05:32:41.570634Z","level":"info","event":"{'name': 'Selena Gomez & The Scene', 'id': '6dJeKm76NjfXBNTpHmOhfO', 'url': 'https://open.spotify.com/artist/6dJeKm76NjfXBNTpHmOhfO'}","chan":"stdout","logger":"task"}
{"timestamp":"2025-12-05T05:32:41.572182Z","level":"info","event":"https://musicbrainz.org/ws/2/url?resource=https://open.spotify.com/artist/6dJeKm76NjfXBNTpHmOhfO&inc=artist-rels&fmt=json","chan":"stdout","logger":"task"}
{"timestamp":"2025-12-05T05:32:41.694997Z","level":"info","event":"https://musicbrainz.org/ws/2/artist/37d0a847-32d3-480f-bd1e-101f50a3d332?inc=tags&fmt=json","chan":"stdout","logger":"task"}
{"timestamp":"2025-12-05T05:32:42.827733Z","level":"info","event":"{'name': 'Beyoncé', 'id': '6vWDO969PvNqNYHIOW5v0m', 'url': 'https://open.spotify.com/artist/6vWDO969PvNqNYHIOW5v0m'}","chan":"stdout","logger":"task"}
{"timestamp":"2025-12-05T05:32:42.834965Z","level":"info","event":"https://musicbrainz.org/ws/2/url?resource=https://open.spotify.com/artist/6vWDO969PvNqNYHIOW5v0m&inc=artist-rels&fmt=json","chan":"stdout","logger":"task"}
{"timestamp":"2025-12-05T05:32:42.978095Z","level":"info","event":"https://musicbrainz.org/ws/2/artist/859d0860-d480-4efd-970c-c05d5f1776b8?inc=tags&fmt=json","chan":"stdout","logger":"task"}
{"timestamp":"2025-12-05T05:32:44.103529Z","level":"info","event":"{'name': 'Brad Paisley', 'id': '13YmWQJFwgZrd4bf5IjMY4', 'url': 'https://open.spotify.com/artist/13YmWQJFwgZrd4bf5IjMY4'}","chan":"stdout","logger":"task"}
{"timestamp":"2025-12-05T05:32:44.104865Z","level":"info","event":"https://musicbrainz.org/ws/2/url?resource=https://open.spotify.com/artist/13YmWQJFwgZrd4bf5IjMY4&inc=artist-rels&fmt=json","chan":"stdout","logger":"task"}
{"timestamp":"2025-12-05T05:32:44.234897Z","level":"info","event":"https://musicbrainz.org/ws/2/artist/6cfd7ffc-824f-4219-8e27-4b9417700f44?inc=tags&fmt=json","chan":"stdout","logger":"task"}
{"timestamp":"2025-12-05T05:32:45.348075Z","level":"info","event":"{'name': 'Carrie Underwood', 'id': '4xFUf1FHVy696Q1JQZMTRj', 'url': 'https://open.spotify.com/artist/4xFUf1FHVy696Q1JQZMTRj'}","chan":"stdout","logger":"task"}
{"timestamp":"2025-12-05T05:32:45.349874Z","level":"info","event":"https://musicbrainz.org/ws/2/url?resource=https://open.spotify.com/artist/4xFUf1FHVy696Q1JQZMTRj&inc=artist-rels&fmt=json","chan":"stdout","logger":"task"}
{"timestamp":"2025-12-05T05:32:45.482350Z","level":"info","event":"Rate limit hit. Retrying in 1s...","chan":"stdout","logger":"task"}
{"timestamp":"2025-12-05T05:32:46.593022Z","level":"info","event":"https://musicbrainz.org/ws/2/artist/70f0e309-5418-49b6-a130-666e2f76eecd?inc=tags&fmt=json","chan":"stdout","logger":"task"}
{"timestamp":"2025-12-05T05:32:47.724034Z","level":"info","event":"{'name': 'The Band Perry', 'id': '75FnCoo4FBxH5K1Rrx0k5A', 'url': 'https://open.spotify.com/artist/75FnCoo4FBxH5K1Rrx0k5A'}","chan":"stdout","logger":"task"}
{"timestamp":"2025-12-05T05:32:47.725973Z","level":"info","event":"https://musicbrainz.org/ws/2/url?resource=https://open.spotify.com/artist/75FnCoo4FBxH5K1Rrx0k5A&inc=artist-rels&fmt=json","chan":"stdout","logger":"task"}
{"timestamp":"2025-12-05T05:32:47.844641Z","level":"info","event":"https://musicbrainz.org/ws/2/artist/28955336-2348-488a-9381-e3a7b0107343?inc=tags&fmt=json","chan":"stdout","logger":"task"}
{"timestamp":"2025-12-05T05:32:48.969216Z","level":"info","event":"{'name': 'David Guetta', 'id': '1Cs0zKBU1kc0i8ypK3B9ai', 'url': 'https://open.spotify.com/artist/1Cs0zKBU1kc0i8ypK3B9ai'}","chan":"stdout","logger":"task"}
{"timestamp":"2025-12-05T05:32:48.971178Z","level":"info","event":"https://musicbrainz.org/ws/2/url?resource=https://open.spotify.com/artist/1Cs0zKBU1kc0i8ypK3B9ai&inc=artist-rels&fmt=json","chan":"stdout","logger":"task"}
{"timestamp":"2025-12-05T05:32:49.090991Z","level":"info","event":"https://musicbrainz.org/ws/2/artist/302bd7b9-d012-4360-897a-93b00c855680?inc=tags&fmt=json","chan":"stdout","logger":"task"}
{"timestamp":"2025-12-05T05:32:50.221997Z","level":"info","event":"{'name': 'Flo Rida', 'id': '0jnsk9HBra6NMjO2oANoPY', 'url': 'https://open.spotify.com/artist/0jnsk9HBra6NMjO2oANoPY'}","chan":"stdout","logger":"task"}
{"timestamp":"2025-12-05T05:32:50.222351Z","level":"info","event":"https://musicbrainz.org/ws/2/url?resource=https://open.spotify.com/artist/0jnsk9HBra6NMjO2oANoPY&inc=artist-rels&fmt=json","chan":"stdout","logger":"task"}
{"timestamp":"2025-12-05T05:32:50.333629Z","level":"info","event":"https://musicbrainz.org/ws/2/artist/4593d49a-7f67-46ba-9ec0-126bd676286f?inc=tags&fmt=json","chan":"stdout","logger":"task"}
{"timestamp":"2025-12-05T05:32:51.448872Z","level":"info","event":"{'name': 'Luke Bryan', 'id': '0BvkDsjIUla7X0k6CSWh1I', 'url': 'https://open.spotify.com/artist/0BvkDsjIUla7X0k6CSWh1I'}","chan":"stdout","logger":"task"}
{"timestamp":"2025-12-05T05:32:51.452309Z","level":"info","event":"https://musicbrainz.org/ws/2/url?resource=https://open.spotify.com/artist/0BvkDsjIUla7X0k6CSWh1I&inc=artist-rels&fmt=json","chan":"stdout","logger":"task"}
{"timestamp":"2025-12-05T05:32:51.580406Z","level":"info","event":"https://musicbrainz.org/ws/2/artist/aab35942-f176-4f77-bbf9-1d6aa98ccf3f?inc=tags&fmt=json","chan":"stdout","logger":"task"}
{"timestamp":"2025-12-05T05:32:52.701279Z","level":"info","event":"{'name': 'Wiz Khalifa', 'id': '137W8MRPWKqSmrBGDBFSop', 'url': 'https://open.spotify.com/artist/137W8MRPWKqSmrBGDBFSop'}","chan":"stdout","logger":"task"}
{"timestamp":"2025-12-05T05:32:52.708043Z","level":"info","event":"https://musicbrainz.org/ws/2/url?resource=https://open.spotify.com/artist/137W8MRPWKqSmrBGDBFSop&inc=artist-rels&fmt=json","chan":"stdout","logger":"task"}
{"timestamp":"2025-12-05T05:32:52.834947Z","level":"info","event":"https://musicbrainz.org/ws/2/artist/f5dfa020-ad69-41cd-b3d4-fd7af0414e94?inc=tags&fmt=json","chan":"stdout","logger":"task"}
{"timestamp":"2025-12-05T05:32:53.950362Z","level":"info","event":"{'name': 'Kesha', 'id': '6LqNN22kT3074XbTVUrhzX', 'url': 'https://open.spotify.com/artist/6LqNN22kT3074XbTVUrhzX'}","chan":"stdout","logger":"task"}
{"timestamp":"2025-12-05T05:32:53.954614Z","level":"info","event":"https://musicbrainz.org/ws/2/url?resource=https://open.spotify.com/artist/6LqNN22kT3074XbTVUrhzX&inc=artist-rels&fmt=json","chan":"stdout","logger":"task"}
{"timestamp":"2025-12-05T05:32:54.062916Z","level":"info","event":"https://musicbrainz.org/ws/2/artist/fab34286-b8e1-4879-bce3-194e1358fbd2?inc=tags&fmt=json","chan":"stdout","logger":"task"}
{"timestamp":"2025-12-05T05:32:55.181827Z","level":"info","event":"{'name': 'Big Sean', 'id': '0c173mlxpT3dSFRgMO8XPh', 'url': 'https://open.spotify.com/artist/0c173mlxpT3dSFRgMO8XPh'}","chan":"stdout","logger":"task"}
{"timestamp":"2025-12-05T05:32:55.187225Z","level":"info","event":"https://musicbrainz.org/ws/2/url?resource=https://open.spotify.com/artist/0c173mlxpT3dSFRgMO8XPh&inc=artist-rels&fmt=json","chan":"stdout","logger":"task"}
{"timestamp":"2025-12-05T05:32:55.302631Z","level":"info","event":"https://musicbrainz.org/ws/2/artist/942a9807-9c1a-4a0e-a285-1fde2c5be9d1?inc=tags&fmt=json","chan":"stdout","logger":"task"}
{"timestamp":"2025-12-05T05:32:55.409305Z","level":"info","event":"Rate limit hit. Retrying in 1s...","chan":"stdout","logger":"task"}
{"timestamp":"2025-12-05T05:32:56.535984Z","level":"info","event":"Rate limit hit. Retrying in 2s...","chan":"stdout","logger":"task"}
{"timestamp":"2025-12-05T05:32:59.674760Z","level":"info","event":"{'name': 'Jake Owen', 'id': '1n2pb9Tsfe4SwAjmUac6YT', 'url': 'https://open.spotify.com/artist/1n2pb9Tsfe4SwAjmUac6YT'}","chan":"stdout","logger":"task"}
{"timestamp":"2025-12-05T05:32:59.676322Z","level":"info","event":"https://musicbrainz.org/ws/2/url?resource=https://open.spotify.com/artist/1n2pb9Tsfe4SwAjmUac6YT&inc=artist-rels&fmt=json","chan":"stdout","logger":"task"}
{"timestamp":"2025-12-05T05:32:59.783853Z","level":"info","event":"https://musicbrainz.org/ws/2/artist/508f4f83-26dc-4d21-98d9-1a8c04d5ad4a?inc=tags&fmt=json","chan":"stdout","logger":"task"}
{"timestamp":"2025-12-05T05:33:00.892377Z","level":"info","event":"{'name': 'Taylor Swift', 'id': '06HL4z0CvFAxyc27GXpf02', 'url': 'https://open.spotify.com/artist/06HL4z0CvFAxyc27GXpf02'}","chan":"stdout","logger":"task"}
{"timestamp":"2025-12-05T05:33:00.892745Z","level":"info","event":"https://musicbrainz.org/ws/2/url?resource=https://open.spotify.com/artist/06HL4z0CvFAxyc27GXpf02&inc=artist-rels&fmt=json","chan":"stdout","logger":"task"}
{"timestamp":"2025-12-05T05:33:01.008521Z","level":"info","event":"https://musicbrainz.org/ws/2/artist/20244d07-534f-4eff-b4d4-930878889970?inc=tags&fmt=json","chan":"stdout","logger":"task"}
{"timestamp":"2025-12-05T05:33:02.117554Z","level":"info","event":"{'name': 'Enrique Iglesias', 'id': '7qG3b048QCHVRO5Pv1T5lw', 'url': 'https://open.spotify.com/artist/7qG3b048QCHVRO5Pv1T5lw'}","chan":"stdout","logger":"task"}
{"timestamp":"2025-12-05T05:33:02.118024Z","level":"info","event":"https://musicbrainz.org/ws/2/url?resource=https://open.spotify.com/artist/7qG3b048QCHVRO5Pv1T5lw&inc=artist-rels&fmt=json","chan":"stdout","logger":"task"}
{"timestamp":"2025-12-05T05:33:02.267329Z","level":"info","event":"https://musicbrainz.org/ws/2/artist/35f866dc-c061-48ba-8157-cf2e0eac4857?inc=tags&fmt=json","chan":"stdout","logger":"task"}
{"timestamp":"2025-12-05T05:33:03.376507Z","level":"info","event":"{'name': 'USHER', 'id': '23zg3TcAtWQy7J6upgbUnj', 'url': 'https://open.spotify.com/artist/23zg3TcAtWQy7J6upgbUnj'}","chan":"stdout","logger":"task"}
{"timestamp":"2025-12-05T05:33:03.379224Z","level":"info","event":"https://musicbrainz.org/ws/2/url?resource=https://open.spotify.com/artist/23zg3TcAtWQy7J6upgbUnj&inc=artist-rels&fmt=json","chan":"stdout","logger":"task"}
{"timestamp":"2025-12-05T05:33:03.495072Z","level":"info","event":"https://musicbrainz.org/ws/2/artist/3414d446-735a-443c-931f-10634f57e5b9?inc=tags&fmt=json","chan":"stdout","logger":"task"}
{"timestamp":"2025-12-05T05:33:04.599814Z","level":"info","event":"{'name': 'Kenny Chesney', 'id': '3grHWM9bx2E9vwJCdlRv9O', 'url': 'https://open.spotify.com/artist/3grHWM9bx2E9vwJCdlRv9O'}","chan":"stdout","logger":"task"}
{"timestamp":"2025-12-05T05:33:04.600658Z","level":"info","event":"https://musicbrainz.org/ws/2/url?resource=https://open.spotify.com/artist/3grHWM9bx2E9vwJCdlRv9O&inc=artist-rels&fmt=json","chan":"stdout","logger":"task"}
{"timestamp":"2025-12-05T05:33:04.718855Z","level":"info","event":"https://musicbrainz.org/ws/2/artist/5dca4d22-d6c8-4e70-8ca1-4543e43353c7?inc=tags&fmt=json","chan":"stdout","logger":"task"}
{"timestamp":"2025-12-05T05:33:05.831697Z","level":"info","event":"{'name': 'Grace Potter', 'id': '1PJVVIeS5Wu0wbZDhtC0Ht', 'url': 'https://open.spotify.com/artist/1PJVVIeS5Wu0wbZDhtC0Ht'}","chan":"stdout","logger":"task"}
{"timestamp":"2025-12-05T05:33:05.832467Z","level":"info","event":"https://musicbrainz.org/ws/2/url?resource=https://open.spotify.com/artist/1PJVVIeS5Wu0wbZDhtC0Ht&inc=artist-rels&fmt=json","chan":"stdout","logger":"task"}
{"timestamp":"2025-12-05T05:33:05.942943Z","level":"info","event":"https://musicbrainz.org/ws/2/artist/b1103b87-3b91-4ec5-9d7b-15c2d1e486af?inc=tags&fmt=json","chan":"stdout","logger":"task"}
{"timestamp":"2025-12-05T05:33:07.052709Z","level":"info","event":"{'name': 'Adam Levine', 'id': '4bYPcJP5jwMhSivRcqie2n', 'url': 'https://open.spotify.com/artist/4bYPcJP5jwMhSivRcqie2n'}","chan":"stdout","logger":"task"}
{"timestamp":"2025-12-05T05:33:07.054219Z","level":"info","event":"https://musicbrainz.org/ws/2/url?resource=https://open.spotify.com/artist/4bYPcJP5jwMhSivRcqie2n&inc=artist-rels&fmt=json","chan":"stdout","logger":"task"}
{"timestamp":"2025-12-05T05:33:07.161387Z","level":"info","event":"https://musicbrainz.org/ws/2/artist/a1421d73-1a21-484b-97ad-77c9a5676daf?inc=tags&fmt=json","chan":"stdout","logger":"task"}
{"timestamp":"2025-12-05T05:33:08.278766Z","level":"info","event":"{'name': 'Chris Young', 'id': '4BYxqVkZyFjtik7crYLg5Q', 'url': 'https://open.spotify.com/artist/4BYxqVkZyFjtik7crYLg5Q'}","chan":"stdout","logger":"task"}
{"timestamp":"2025-12-05T05:33:08.283313Z","level":"info","event":"https://musicbrainz.org/ws/2/url?resource=https://open.spotify.com/artist/4BYxqVkZyFjtik7crYLg5Q&inc=artist-rels&fmt=json","chan":"stdout","logger":"task"}
{"timestamp":"2025-12-05T05:33:08.434784Z","level":"info","event":"Rate limit hit. Retrying in 1s...","chan":"stdout","logger":"task"}
{"timestamp":"2025-12-05T05:33:09.547251Z","level":"info","event":"https://musicbrainz.org/ws/2/artist/86de027e-097d-41b1-9b97-c0a69379ff4b?inc=tags&fmt=json","chan":"stdout","logger":"task"}
{"timestamp":"2025-12-05T05:33:10.655975Z","level":"info","event":"{'name': 'The Script', 'id': '3AQRLZ9PuTAozP28Skbq8V', 'url': 'https://open.spotify.com/artist/3AQRLZ9PuTAozP28Skbq8V'}","chan":"stdout","logger":"task"}
{"timestamp":"2025-12-05T05:33:10.656734Z","level":"info","event":"https://musicbrainz.org/ws/2/url?resource=https://open.spotify.com/artist/3AQRLZ9PuTAozP28Skbq8V&inc=artist-rels&fmt=json","chan":"stdout","logger":"task"}
{"timestamp":"2025-12-05T05:33:10.770993Z","level":"info","event":"https://musicbrainz.org/ws/2/artist/4c98aa1b-34eb-4336-987f-5e50aa059c00?inc=tags&fmt=json","chan":"stdout","logger":"task"}
{"timestamp":"2025-12-05T05:33:11.879960Z","level":"info","event":"{'name': 'Miguel', 'id': '360IAlyVv4PCEVjgyMZrxK', 'url': 'https://open.spotify.com/artist/360IAlyVv4PCEVjgyMZrxK'}","chan":"stdout","logger":"task"}
{"timestamp":"2025-12-05T05:33:11.880189Z","level":"info","event":"https://musicbrainz.org/ws/2/url?resource=https://open.spotify.com/artist/360IAlyVv4PCEVjgyMZrxK&inc=artist-rels&fmt=json","chan":"stdout","logger":"task"}
{"timestamp":"2025-12-05T05:33:11.994238Z","level":"info","event":"https://musicbrainz.org/ws/2/artist/285e1285-aecc-478f-a8da-0c8cf69e1217?inc=tags&fmt=json","chan":"stdout","logger":"task"}
{"timestamp":"2025-12-05T05:33:13.113753Z","level":"info","event":"{'name': 'P!nk', 'id': '1KCSPY1glIKqW2TotWuXOR', 'url': 'https://open.spotify.com/artist/1KCSPY1glIKqW2TotWuXOR'}","chan":"stdout","logger":"task"}
{"timestamp":"2025-12-05T05:33:13.114935Z","level":"info","event":"https://musicbrainz.org/ws/2/url?resource=https://open.spotify.com/artist/1KCSPY1glIKqW2TotWuXOR&inc=artist-rels&fmt=json","chan":"stdout","logger":"task"}
{"timestamp":"2025-12-05T05:33:13.229175Z","level":"info","event":"https://musicbrainz.org/ws/2/artist/f4d5cc07-3bc9-4836-9b15-88a08359bc63?inc=tags&fmt=json","chan":"stdout","logger":"task"}
{"timestamp":"2025-12-05T05:33:14.356091Z","level":"info","event":"{'name': 'Martin Solveig', 'id': '1bj5GrcLom5gZFF5t949Xl', 'url': 'https://open.spotify.com/artist/1bj5GrcLom5gZFF5t949Xl'}","chan":"stdout","logger":"task"}
{"timestamp":"2025-12-05T05:33:14.361165Z","level":"info","event":"https://musicbrainz.org/ws/2/url?resource=https://open.spotify.com/artist/1bj5GrcLom5gZFF5t949Xl&inc=artist-rels&fmt=json","chan":"stdout","logger":"task"}
{"timestamp":"2025-12-05T05:33:14.500353Z","level":"info","event":"https://musicbrainz.org/ws/2/artist/06db73fd-57e2-4a6f-bcd3-699fb7bb7af4?inc=tags&fmt=json","chan":"stdout","logger":"task"}
{"timestamp":"2025-12-05T05:33:15.782570Z","level":"info","event":"{'name': 'Dragonette', 'id': '4GLJPBj5Cdr9AgLKvLWM4n', 'url': 'https://open.spotify.com/artist/4GLJPBj5Cdr9AgLKvLWM4n'}","chan":"stdout","logger":"task"}
{"timestamp":"2025-12-05T05:33:15.783233Z","level":"info","event":"https://musicbrainz.org/ws/2/url?resource=https://open.spotify.com/artist/4GLJPBj5Cdr9AgLKvLWM4n&inc=artist-rels&fmt=json","chan":"stdout","logger":"task"}
{"timestamp":"2025-12-05T05:33:15.893557Z","level":"info","event":"https://musicbrainz.org/ws/2/artist/00ef5e52-582b-4d53-a03a-bbd5b3084197?inc=tags&fmt=json","chan":"stdout","logger":"task"}
{"timestamp":"2025-12-05T05:33:16.999709Z","level":"info","event":"{'name': 'Rihanna', 'id': '5pKCCKE2ajJHZ9KAiaK11H', 'url': 'https://open.spotify.com/artist/5pKCCKE2ajJHZ9KAiaK11H'}","chan":"stdout","logger":"task"}
{"timestamp":"2025-12-05T05:33:17.000104Z","level":"info","event":"https://musicbrainz.org/ws/2/url?resource=https://open.spotify.com/artist/5pKCCKE2ajJHZ9KAiaK11H&inc=artist-rels&fmt=json","chan":"stdout","logger":"task"}
{"timestamp":"2025-12-05T05:33:17.107105Z","level":"info","event":"https://musicbrainz.org/ws/2/artist/73e5e69d-3554-40d8-8516-00cb38737a1c?inc=tags&fmt=json","chan":"stdout","logger":"task"}
{"timestamp":"2025-12-05T05:33:18.220162Z","level":"info","event":"{'name': 'T-Pain', 'id': '3aQeKQSyrW4qWr35idm0cy', 'url': 'https://open.spotify.com/artist/3aQeKQSyrW4qWr35idm0cy'}","chan":"stdout","logger":"task"}
{"timestamp":"2025-12-05T05:33:18.225777Z","level":"info","event":"https://musicbrainz.org/ws/2/url?resource=https://open.spotify.com/artist/3aQeKQSyrW4qWr35idm0cy&inc=artist-rels&fmt=json","chan":"stdout","logger":"task"}
{"timestamp":"2025-12-05T05:33:18.342527Z","level":"info","event":"https://musicbrainz.org/ws/2/artist/ce55e49a-32f4-4757-9849-bf04d06d5fcc?inc=tags&fmt=json","chan":"stdout","logger":"task"}
{"timestamp":"2025-12-05T05:33:18.445851Z","level":"info","event":"Rate limit hit. Retrying in 1s...","chan":"stdout","logger":"task"}
{"timestamp":"2025-12-05T05:33:20.577170Z","level":"info","event":"{'name': 'Coldplay', 'id': '4gzpq5DPGxSnKTe4SA8HAU', 'url': 'https://open.spotify.com/artist/4gzpq5DPGxSnKTe4SA8HAU'}","chan":"stdout","logger":"task"}
{"timestamp":"2025-12-05T05:33:20.579862Z","level":"info","event":"https://musicbrainz.org/ws/2/url?resource=https://open.spotify.com/artist/4gzpq5DPGxSnKTe4SA8HAU&inc=artist-rels&fmt=json","chan":"stdout","logger":"task"}
{"timestamp":"2025-12-05T05:33:20.697209Z","level":"info","event":"https://musicbrainz.org/ws/2/artist/cc197bad-dc9c-440d-a5b5-d52ba2e14234?inc=tags&fmt=json","chan":"stdout","logger":"task"}
{"timestamp":"2025-12-05T05:33:21.810615Z","level":"info","event":"{'name': 'Justin Moore', 'id': '30e8DmahrEamvLbFRPdWmk', 'url': 'https://open.spotify.com/artist/30e8DmahrEamvLbFRPdWmk'}","chan":"stdout","logger":"task"}
{"timestamp":"2025-12-05T05:33:21.811550Z","level":"info","event":"https://musicbrainz.org/ws/2/url?resource=https://open.spotify.com/artist/30e8DmahrEamvLbFRPdWmk&inc=artist-rels&fmt=json","chan":"stdout","logger":"task"}
{"timestamp":"2025-12-05T05:33:21.922935Z","level":"info","event":"https://musicbrainz.org/ws/2/artist/ab5d785b-ff87-48b5-b9e1-027e3c21ec0d?inc=tags&fmt=json","chan":"stdout","logger":"task"}
{"timestamp":"2025-12-05T05:33:23.073108Z","level":"info","event":"{'name': 'Bad Meets Evil', 'id': '77IURH5NC56Jn09QHi76is', 'url': 'https://open.spotify.com/artist/77IURH5NC56Jn09QHi76is'}","chan":"stdout","logger":"task"}
{"timestamp":"2025-12-05T05:33:23.074541Z","level":"info","event":"https://musicbrainz.org/ws/2/url?resource=https://open.spotify.com/artist/77IURH5NC56Jn09QHi76is&inc=artist-rels&fmt=json","chan":"stdout","logger":"task"}
{"timestamp":"2025-12-05T05:33:23.212943Z","level":"info","event":"https://musicbrainz.org/ws/2/artist/87f27b14-cbd0-44ea-93a3-6fead5cb45e7?inc=tags&fmt=json","chan":"stdout","logger":"task"}
{"timestamp":"2025-12-05T05:33:24.331456Z","level":"info","event":"{'name': 'Tinie Tempah', 'id': '0Tob4H0FLtEONHU1MjpUEp', 'url': 'https://open.spotify.com/artist/0Tob4H0FLtEONHU1MjpUEp'}","chan":"stdout","logger":"task"}
{"timestamp":"2025-12-05T05:33:24.333524Z","level":"info","event":"https://musicbrainz.org/ws/2/url?resource=https://open.spotify.com/artist/0Tob4H0FLtEONHU1MjpUEp&inc=artist-rels&fmt=json","chan":"stdout","logger":"task"}
{"timestamp":"2025-12-05T05:33:24.459503Z","level":"info","event":"https://musicbrainz.org/ws/2/artist/3cce3d37-d44f-46a2-b1e3-cd7247d5015c?inc=tags&fmt=json","chan":"stdout","logger":"task"}
{"timestamp":"2025-12-05T05:33:25.579830Z","level":"info","event":"{'name': 'Eric Turner', 'id': '79DOwuMzV2h4es3em0t002', 'url': 'https://open.spotify.com/artist/79DOwuMzV2h4es3em0t002'}","chan":"stdout","logger":"task"}
{"timestamp":"2025-12-05T05:33:25.580885Z","level":"info","event":"https://musicbrainz.org/ws/2/url?resource=https://open.spotify.com/artist/79DOwuMzV2h4es3em0t002&inc=artist-rels&fmt=json","chan":"stdout","logger":"task"}
{"timestamp":"2025-12-05T05:33:25.705337Z","level":"info","event":"https://musicbrainz.org/ws/2/artist/df2f7876-e731-4bde-965c-bd4a67b3fadd?inc=tags&fmt=json","chan":"stdout","logger":"task"}
{"timestamp":"2025-12-05T05:33:26.860551Z","level":"info","event":"{'name': 'Foster The People', 'id': '7gP3bB2nilZXLfPHJhMdvc', 'url': 'https://open.spotify.com/artist/7gP3bB2nilZXLfPHJhMdvc'}","chan":"stdout","logger":"task"}
{"timestamp":"2025-12-05T05:33:26.861262Z","level":"info","event":"https://musicbrainz.org/ws/2/url?resource=https://open.spotify.com/artist/7gP3bB2nilZXLfPHJhMdvc&inc=artist-rels&fmt=json","chan":"stdout","logger":"task"}
{"timestamp":"2025-12-05T05:33:26.971006Z","level":"info","event":"https://musicbrainz.org/ws/2/artist/e0e1a584-dd0a-4bd1-88d1-c4c62895039d?inc=tags&fmt=json","chan":"stdout","logger":"task"}
{"timestamp":"2025-12-05T05:33:28.092187Z","level":"info","event":"{'name': 'Nicole Scherzinger', 'id': '40xbWSB4JPdOkRyuTDy1oP', 'url': 'https://open.spotify.com/artist/40xbWSB4JPdOkRyuTDy1oP'}","chan":"stdout","logger":"task"}
{"timestamp":"2025-12-05T05:33:28.092434Z","level":"info","event":"https://musicbrainz.org/ws/2/url?resource=https://open.spotify.com/artist/40xbWSB4JPdOkRyuTDy1oP&inc=artist-rels&fmt=json","chan":"stdout","logger":"task"}
{"timestamp":"2025-12-05T05:33:28.204006Z","level":"info","event":"https://musicbrainz.org/ws/2/artist/0f7534a6-dc5f-46ca-a2e0-13d214cdd52b?inc=tags&fmt=json","chan":"stdout","logger":"task"}
{"timestamp":"2025-12-05T05:33:29.312304Z","level":"info","event":"{'name': '50 Cent', 'id': '3q7HBObVc0L8jNeTe5Gofh', 'url': 'https://open.spotify.com/artist/3q7HBObVc0L8jNeTe5Gofh'}","chan":"stdout","logger":"task"}
{"timestamp":"2025-12-05T05:33:29.312745Z","level":"info","event":"https://musicbrainz.org/ws/2/url?resource=https://open.spotify.com/artist/3q7HBObVc0L8jNeTe5Gofh&inc=artist-rels&fmt=json","chan":"stdout","logger":"task"}
{"timestamp":"2025-12-05T05:33:29.424991Z","level":"info","event":"Rate limit hit. Retrying in 1s...","chan":"stdout","logger":"task"}
{"timestamp":"2025-12-05T05:33:30.544233Z","level":"info","event":"https://musicbrainz.org/ws/2/artist/8e68819d-71be-4e7d-b41d-f1df81b01d3f?inc=tags&fmt=json","chan":"stdout","logger":"task"}
{"timestamp":"2025-12-05T05:33:31.648372Z","level":"info","event":"{'name': 'Eric Church', 'id': '2IvkS5MXK0vPGnwyJsrEyV', 'url': 'https://open.spotify.com/artist/2IvkS5MXK0vPGnwyJsrEyV'}","chan":"stdout","logger":"task"}
{"timestamp":"2025-12-05T05:33:31.650018Z","level":"info","event":"https://musicbrainz.org/ws/2/url?resource=https://open.spotify.com/artist/2IvkS5MXK0vPGnwyJsrEyV&inc=artist-rels&fmt=json","chan":"stdout","logger":"task"}
{"timestamp":"2025-12-05T05:33:31.772460Z","level":"info","event":"https://musicbrainz.org/ws/2/artist/15856215-cc51-4423-879c-9ac955ccb11a?inc=tags&fmt=json","chan":"stdout","logger":"task"}
{"timestamp":"2025-12-05T05:33:32.884757Z","level":"info","event":"{'name': 'Dierks Bentley', 'id': '7x8nK0m0cP2ksQf0mjWdPS', 'url': 'https://open.spotify.com/artist/7x8nK0m0cP2ksQf0mjWdPS'}","chan":"stdout","logger":"task"}
{"timestamp":"2025-12-05T05:33:32.886299Z","level":"info","event":"https://musicbrainz.org/ws/2/url?resource=https://open.spotify.com/artist/7x8nK0m0cP2ksQf0mjWdPS&inc=artist-rels&fmt=json","chan":"stdout","logger":"task"}
{"timestamp":"2025-12-05T05:33:32.998197Z","level":"info","event":"https://musicbrainz.org/ws/2/artist/6bd7faa9-601f-44db-a2a6-239209f83156?inc=tags&fmt=json","chan":"stdout","logger":"task"}
{"timestamp":"2025-12-05T05:33:34.115318Z","level":"info","event":"{'name': 'Eli Young Band', 'id': '6eKWqnckwdIlSnjaYgIyxv', 'url': 'https://open.spotify.com/artist/6eKWqnckwdIlSnjaYgIyxv'}","chan":"stdout","logger":"task"}
{"timestamp":"2025-12-05T05:33:34.119115Z","level":"info","event":"https://musicbrainz.org/ws/2/url?resource=https://open.spotify.com/artist/6eKWqnckwdIlSnjaYgIyxv&inc=artist-rels&fmt=json","chan":"stdout","logger":"task"}
{"timestamp":"2025-12-05T05:33:34.222028Z","level":"info","event":"https://musicbrainz.org/ws/2/artist/80737f69-60c5-4c0d-9562-88faf8d8f2f4?inc=tags&fmt=json","chan":"stdout","logger":"task"}
{"timestamp":"2025-12-05T05:33:35.329986Z","level":"info","event":"{'name': 'George Strait', 'id': '5vngPClqofybhPERIqQMYd', 'url': 'https://open.spotify.com/artist/5vngPClqofybhPERIqQMYd'}","chan":"stdout","logger":"task"}
{"timestamp":"2025-12-05T05:33:35.330251Z","level":"info","event":"https://musicbrainz.org/ws/2/url?resource=https://open.spotify.com/artist/5vngPClqofybhPERIqQMYd&inc=artist-rels&fmt=json","chan":"stdout","logger":"task"}
{"timestamp":"2025-12-05T05:33:35.519229Z","level":"info","event":"https://musicbrainz.org/ws/2/artist/5ab2cf34-517e-48eb-b3a5-34e1cbcd600a?inc=tags&fmt=json","chan":"stdout","logger":"task"}
{"timestamp":"2025-12-05T05:33:36.680127Z","level":"info","event":"{'name': 'Rodney Atkins', 'id': '2qgvmDsc4jrqbAbjq1HGM2', 'url': 'https://open.spotify.com/artist/2qgvmDsc4jrqbAbjq1HGM2'}","chan":"stdout","logger":"task"}
{"timestamp":"2025-12-05T05:33:36.680860Z","level":"info","event":"https://musicbrainz.org/ws/2/url?resource=https://open.spotify.com/artist/2qgvmDsc4jrqbAbjq1HGM2&inc=artist-rels&fmt=json","chan":"stdout","logger":"task"}
{"timestamp":"2025-12-05T05:33:36.814865Z","level":"info","event":"HTTP 404: Not Found","chan":"stdout","logger":"task"}
{"timestamp":"2025-12-05T05:33:36.815450Z","level":"info","event":"unable to get mbid for https://open.spotify.com/artist/2qgvmDsc4jrqbAbjq1HGM2","chan":"stdout","logger":"task"}
{"timestamp":"2025-12-05T05:33:37.816758Z","level":"info","event":"{'name': 'Trey Songz', 'id': '2iojnBLj0qIMiKPvVhLnsH', 'url': 'https://open.spotify.com/artist/2iojnBLj0qIMiKPvVhLnsH'}","chan":"stdout","logger":"task"}
{"timestamp":"2025-12-05T05:33:37.817118Z","level":"info","event":"https://musicbrainz.org/ws/2/url?resource=https://open.spotify.com/artist/2iojnBLj0qIMiKPvVhLnsH&inc=artist-rels&fmt=json","chan":"stdout","logger":"task"}
{"timestamp":"2025-12-05T05:33:37.935351Z","level":"info","event":"https://musicbrainz.org/ws/2/artist/4d7304f6-7fe3-4959-9d98-01a5af84afe6?inc=tags&fmt=json","chan":"stdout","logger":"task"}
{"timestamp":"2025-12-05T05:33:39.043778Z","level":"info","event":"{'name': 'Ludacris', 'id': '3ipn9JLAPI5GUEo4y4jcoi', 'url': 'https://open.spotify.com/artist/3ipn9JLAPI5GUEo4y4jcoi'}","chan":"stdout","logger":"task"}
{"timestamp":"2025-12-05T05:33:39.045887Z","level":"info","event":"https://musicbrainz.org/ws/2/url?resource=https://open.spotify.com/artist/3ipn9JLAPI5GUEo4y4jcoi&inc=artist-rels&fmt=json","chan":"stdout","logger":"task"}
{"timestamp":"2025-12-05T05:33:39.327603Z","level":"info","event":"https://musicbrainz.org/ws/2/artist/0638ba22-040f-438d-83a5-9b670c4adaf5?inc=tags&fmt=json","chan":"stdout","logger":"task"}
{"timestamp":"2025-12-05T05:33:40.521128Z","level":"info","event":"{'name': 'Taio Cruz', 'id': '6MF9fzBmfXghAz953czmBC', 'url': 'https://open.spotify.com/artist/6MF9fzBmfXghAz953czmBC'}","chan":"stdout","logger":"task"}
{"timestamp":"2025-12-05T05:33:40.523838Z","level":"info","event":"https://musicbrainz.org/ws/2/url?resource=https://open.spotify.com/artist/6MF9fzBmfXghAz953czmBC&inc=artist-rels&fmt=json","chan":"stdout","logger":"task"}
{"timestamp":"2025-12-05T05:33:40.760259Z","level":"info","event":"https://musicbrainz.org/ws/2/artist/ba7d2626-38ce-4859-8495-bdb5732715c4?inc=tags&fmt=json","chan":"stdout","logger":"task"}
{"timestamp":"2025-12-05T05:33:42.000443Z","level":"info","event":"{'name': 'Alabama', 'id': '6rJqqRce0Kvo2dJUXoHleC', 'url': 'https://open.spotify.com/artist/6rJqqRce0Kvo2dJUXoHleC'}","chan":"stdout","logger":"task"}
{"timestamp":"2025-12-05T05:33:42.003496Z","level":"info","event":"https://musicbrainz.org/ws/2/url?resource=https://open.spotify.com/artist/6rJqqRce0Kvo2dJUXoHleC&inc=artist-rels&fmt=json","chan":"stdout","logger":"task"}
{"timestamp":"2025-12-05T05:33:42.107760Z","level":"info","event":"https://musicbrainz.org/ws/2/artist/7ac055fa-e357-4890-9098-010b8094a900?inc=tags&fmt=json","chan":"stdout","logger":"task"}
{"timestamp":"2025-12-05T05:33:43.283525Z","level":"info","event":"{'name': 'Scotty McCreery', 'id': '6ZV6lGY0prbqpTD0Md8i29', 'url': 'https://open.spotify.com/artist/6ZV6lGY0prbqpTD0Md8i29'}","chan":"stdout","logger":"task"}
{"timestamp":"2025-12-05T05:33:43.285414Z","level":"info","event":"https://musicbrainz.org/ws/2/url?resource=https://open.spotify.com/artist/6ZV6lGY0prbqpTD0Md8i29&inc=artist-rels&fmt=json","chan":"stdout","logger":"task"}
{"timestamp":"2025-12-05T05:33:43.404187Z","level":"info","event":"https://musicbrainz.org/ws/2/artist/2294c553-58e4-425b-8bab-bee01f2d477a?inc=tags&fmt=json","chan":"stdout","logger":"task"}
{"timestamp":"2025-12-05T05:33:44.522663Z","level":"info","event":"{'name': 'Ace Hood', 'id': '31HjiqargV4NAw4GZqUale', 'url': 'https://open.spotify.com/artist/31HjiqargV4NAw4GZqUale'}","chan":"stdout","logger":"task"}
{"timestamp":"2025-12-05T05:33:44.523649Z","level":"info","event":"https://musicbrainz.org/ws/2/url?resource=https://open.spotify.com/artist/31HjiqargV4NAw4GZqUale&inc=artist-rels&fmt=json","chan":"stdout","logger":"task"}
{"timestamp":"2025-12-05T05:33:44.641735Z","level":"info","event":"https://musicbrainz.org/ws/2/artist/986ee464-cf8a-4e59-a71f-74756102067f?inc=tags&fmt=json","chan":"stdout","logger":"task"}
{"timestamp":"2025-12-05T05:33:45.751527Z","level":"info","event":"{'name': 'YC Worldwide', 'id': '1JvKSExhqV480k3qFUJwLm', 'url': 'https://open.spotify.com/artist/1JvKSExhqV480k3qFUJwLm'}","chan":"stdout","logger":"task"}
{"timestamp":"2025-12-05T05:33:45.751724Z","level":"info","event":"https://musicbrainz.org/ws/2/url?resource=https://open.spotify.com/artist/1JvKSExhqV480k3qFUJwLm&inc=artist-rels&fmt=json","chan":"stdout","logger":"task"}
{"timestamp":"2025-12-05T05:33:45.871539Z","level":"info","event":"HTTP 404: Not Found","chan":"stdout","logger":"task"}
{"timestamp":"2025-12-05T05:33:45.871726Z","level":"info","event":"unable to get mbid for https://open.spotify.com/artist/1JvKSExhqV480k3qFUJwLm","chan":"stdout","logger":"task"}
{"timestamp":"2025-12-05T05:33:46.874436Z","level":"info","event":"{'name': 'Future', 'id': '1RyvyyTE3xzB2ZywiAwp0i', 'url': 'https://open.spotify.com/artist/1RyvyyTE3xzB2ZywiAwp0i'}","chan":"stdout","logger":"task"}
{"timestamp":"2025-12-05T05:33:46.877818Z","level":"info","event":"https://musicbrainz.org/ws/2/url?resource=https://open.spotify.com/artist/1RyvyyTE3xzB2ZywiAwp0i&inc=artist-rels&fmt=json","chan":"stdout","logger":"task"}
{"timestamp":"2025-12-05T05:33:47.001195Z","level":"info","event":"https://musicbrainz.org/ws/2/artist/48262e82-db9f-4a92-b650-dfef979b73ec?inc=tags&fmt=json","chan":"stdout","logger":"task"}
{"timestamp":"2025-12-05T05:33:48.124353Z","level":"info","event":"{'name': 'Vicci Martinez', 'id': '1sxu3pxg9icRUHpyWpDxz2', 'url': 'https://open.spotify.com/artist/1sxu3pxg9icRUHpyWpDxz2'}","chan":"stdout","logger":"task"}
{"timestamp":"2025-12-05T05:33:48.126268Z","level":"info","event":"https://musicbrainz.org/ws/2/url?resource=https://open.spotify.com/artist/1sxu3pxg9icRUHpyWpDxz2&inc=artist-rels&fmt=json","chan":"stdout","logger":"task"}
{"timestamp":"2025-12-05T05:33:48.247939Z","level":"info","event":"https://musicbrainz.org/ws/2/artist/6aabc385-f85b-4c98-8f68-684891a44c81?inc=tags&fmt=json","chan":"stdout","logger":"task"}
{"timestamp":"2025-12-05T05:33:49.366421Z","level":"info","event":"{'name': 'Trace Adkins', 'id': '79FMDwzZQxHgSkIYBl3ODU', 'url': 'https://open.spotify.com/artist/79FMDwzZQxHgSkIYBl3ODU'}","chan":"stdout","logger":"task"}
{"timestamp":"2025-12-05T05:33:49.368365Z","level":"info","event":"https://musicbrainz.org/ws/2/url?resource=https://open.spotify.com/artist/79FMDwzZQxHgSkIYBl3ODU&inc=artist-rels&fmt=json","chan":"stdout","logger":"task"}
{"timestamp":"2025-12-05T05:33:49.487692Z","level":"info","event":"https://musicbrainz.org/ws/2/artist/3dc9c919-508f-4255-b05e-0eed6a28137d?inc=tags&fmt=json","chan":"stdout","logger":"task"}
{"timestamp":"2025-12-05T05:33:50.604737Z","level":"info","event":"{'name': 'Andy Grammer', 'id': '2oX42qP5ineK3hrhBECLmj', 'url': 'https://open.spotify.com/artist/2oX42qP5ineK3hrhBECLmj'}","chan":"stdout","logger":"task"}
{"timestamp":"2025-12-05T05:33:50.605703Z","level":"info","event":"https://musicbrainz.org/ws/2/url?resource=https://open.spotify.com/artist/2oX42qP5ineK3hrhBECLmj&inc=artist-rels&fmt=json","chan":"stdout","logger":"task"}
{"timestamp":"2025-12-05T05:33:50.723259Z","level":"info","event":"https://musicbrainz.org/ws/2/artist/9e60ea29-9607-4f7d-aa96-2092ef41f0d3?inc=tags&fmt=json","chan":"stdout","logger":"task"}
{"timestamp":"2025-12-05T05:33:51.831856Z","level":"info","event":"{'name': 'Toby Keith', 'id': '2bA6fzP0lMAQ4kz6CF61w8', 'url': 'https://open.spotify.com/artist/2bA6fzP0lMAQ4kz6CF61w8'}","chan":"stdout","logger":"task"}
{"timestamp":"2025-12-05T05:33:51.832659Z","level":"info","event":"https://musicbrainz.org/ws/2/url?resource=https://open.spotify.com/artist/2bA6fzP0lMAQ4kz6CF61w8&inc=artist-rels&fmt=json","chan":"stdout","logger":"task"}
{"timestamp":"2025-12-05T05:33:51.952949Z","level":"info","event":"https://musicbrainz.org/ws/2/artist/2f951906-5629-4fef-a260-5033151c162a?inc=tags&fmt=json","chan":"stdout","logger":"task"}
{"timestamp":"2025-12-05T05:33:53.067791Z","level":"info","event":"{'name': 'Keith Urban', 'id': '0u2FHSq3ln94y5Q57xazwf', 'url': 'https://open.spotify.com/artist/0u2FHSq3ln94y5Q57xazwf'}","chan":"stdout","logger":"task"}
{"timestamp":"2025-12-05T05:33:53.069194Z","level":"info","event":"https://musicbrainz.org/ws/2/url?resource=https://open.spotify.com/artist/0u2FHSq3ln94y5Q57xazwf&inc=artist-rels&fmt=json","chan":"stdout","logger":"task"}
{"timestamp":"2025-12-05T05:33:53.193677Z","level":"info","event":"https://musicbrainz.org/ws/2/artist/f45da029-7b00-4bf3-962c-0eeb20309cc4?inc=tags&fmt=json","chan":"stdout","logger":"task"}
{"timestamp":"2025-12-05T05:33:54.328602Z","level":"info","event":"{'name': 'Billy Currington', 'id': '1By9QBFnjZAoI83BZppHlt', 'url': 'https://open.spotify.com/artist/1By9QBFnjZAoI83BZppHlt'}","chan":"stdout","logger":"task"}
{"timestamp":"2025-12-05T05:33:54.333436Z","level":"info","event":"https://musicbrainz.org/ws/2/url?resource=https://open.spotify.com/artist/1By9QBFnjZAoI83BZppHlt&inc=artist-rels&fmt=json","chan":"stdout","logger":"task"}
{"timestamp":"2025-12-05T05:33:54.461736Z","level":"info","event":"https://musicbrainz.org/ws/2/artist/dbf94c49-0dd9-4f72-85d5-f548beb453f6?inc=tags&fmt=json","chan":"stdout","logger":"task"}
{"timestamp":"2025-12-05T05:33:55.620034Z","level":"info","event":"{'name': 'Sean Paul', 'id': '3Isy6kedDrgPYoTS1dazA9', 'url': 'https://open.spotify.com/artist/3Isy6kedDrgPYoTS1dazA9'}","chan":"stdout","logger":"task"}
{"timestamp":"2025-12-05T05:33:55.620532Z","level":"info","event":"https://musicbrainz.org/ws/2/url?resource=https://open.spotify.com/artist/3Isy6kedDrgPYoTS1dazA9&inc=artist-rels&fmt=json","chan":"stdout","logger":"task"}
{"timestamp":"2025-12-05T05:33:55.856037Z","level":"info","event":"https://musicbrainz.org/ws/2/artist/c3da3346-2643-48a7-93cd-011f6834b3d7?inc=tags&fmt=json","chan":"stdout","logger":"task"}
{"timestamp":"2025-12-05T05:33:57.055418Z","level":"info","event":"{'name': 'Eva Simons', 'id': '2d6W4cnC5XsVOaxtgaj9hA', 'url': 'https://open.spotify.com/artist/2d6W4cnC5XsVOaxtgaj9hA'}","chan":"stdout","logger":"task"}
{"timestamp":"2025-12-05T05:33:57.056569Z","level":"info","event":"https://musicbrainz.org/ws/2/url?resource=https://open.spotify.com/artist/2d6W4cnC5XsVOaxtgaj9hA&inc=artist-rels&fmt=json","chan":"stdout","logger":"task"}
{"timestamp":"2025-12-05T05:33:57.180793Z","level":"info","event":"https://musicbrainz.org/ws/2/artist/481cbdd9-02ac-46fd-825f-afed658bc505?inc=tags&fmt=json","chan":"stdout","logger":"task"}
{"timestamp":"2025-12-05T05:33:58.293531Z","level":"info","event":"{'name': 'New Boyz', 'id': '1ZKqrja0WvbSssYNFO3lzs', 'url': 'https://open.spotify.com/artist/1ZKqrja0WvbSssYNFO3lzs'}","chan":"stdout","logger":"task"}
{"timestamp":"2025-12-05T05:33:58.294779Z","level":"info","event":"https://musicbrainz.org/ws/2/url?resource=https://open.spotify.com/artist/1ZKqrja0WvbSssYNFO3lzs&inc=artist-rels&fmt=json","chan":"stdout","logger":"task"}
{"timestamp":"2025-12-05T05:33:58.424355Z","level":"info","event":"https://musicbrainz.org/ws/2/artist/8e1d63a3-2980-4d69-ba61-1024e8a6df4b?inc=tags&fmt=json","chan":"stdout","logger":"task"}
{"timestamp":"2025-12-05T05:33:59.545261Z","level":"info","event":"{'name': 'The Cataracs', 'id': '7C64wNX3howEFZjAYRKsfP', 'url': 'https://open.spotify.com/artist/7C64wNX3howEFZjAYRKsfP'}","chan":"stdout","logger":"task"}
{"timestamp":"2025-12-05T05:33:59.547328Z","level":"info","event":"https://musicbrainz.org/ws/2/url?resource=https://open.spotify.com/artist/7C64wNX3howEFZjAYRKsfP&inc=artist-rels&fmt=json","chan":"stdout","logger":"task"}
{"timestamp":"2025-12-05T05:33:59.670216Z","level":"info","event":"https://musicbrainz.org/ws/2/artist/50d9d3ee-8947-4079-9d73-b01dd3e71d8a?inc=tags&fmt=json","chan":"stdout","logger":"task"}
{"timestamp":"2025-12-05T05:33:59.777931Z","level":"info","event":"Rate limit hit. Retrying in 1s...","chan":"stdout","logger":"task"}
{"timestamp":"2025-12-05T05:34:01.893696Z","level":"info","event":"{'name': 'DEV', 'id': '7Ip2u3e5Nv6fFb5xyIHxEE', 'url': 'https://open.spotify.com/artist/7Ip2u3e5Nv6fFb5xyIHxEE'}","chan":"stdout","logger":"task"}
{"timestamp":"2025-12-05T05:34:01.896538Z","level":"info","event":"https://musicbrainz.org/ws/2/url?resource=https://open.spotify.com/artist/7Ip2u3e5Nv6fFb5xyIHxEE&inc=artist-rels&fmt=json","chan":"stdout","logger":"task"}
{"timestamp":"2025-12-05T05:34:02.015465Z","level":"info","event":"https://musicbrainz.org/ws/2/artist/7cc04f00-4c8f-40ea-894c-5f65777b3575?inc=tags&fmt=json","chan":"stdout","logger":"task"}
{"timestamp":"2025-12-05T05:34:03.143899Z","level":"info","event":"{'name': 'Iyaz', 'id': '5tKXB9uuebKE34yowVaU3C', 'url': 'https://open.spotify.com/artist/5tKXB9uuebKE34yowVaU3C'}","chan":"stdout","logger":"task"}
{"timestamp":"2025-12-05T05:34:03.146125Z","level":"info","event":"https://musicbrainz.org/ws/2/url?resource=https://open.spotify.com/artist/5tKXB9uuebKE34yowVaU3C&inc=artist-rels&fmt=json","chan":"stdout","logger":"task"}
{"timestamp":"2025-12-05T05:34:03.378617Z","level":"info","event":"https://musicbrainz.org/ws/2/artist/3bf30073-ce4e-4207-88d2-ad83677b0387?inc=tags&fmt=json","chan":"stdout","logger":"task"}
{"timestamp":"2025-12-05T05:34:04.538520Z","level":"info","event":"{'name': 'Travie McCoy', 'id': '7o9Nl7K1Al6NNAHX6jn6iG', 'url': 'https://open.spotify.com/artist/7o9Nl7K1Al6NNAHX6jn6iG'}","chan":"stdout","logger":"task"}
{"timestamp":"2025-12-05T05:34:04.545189Z","level":"info","event":"https://musicbrainz.org/ws/2/url?resource=https://open.spotify.com/artist/7o9Nl7K1Al6NNAHX6jn6iG&inc=artist-rels&fmt=json","chan":"stdout","logger":"task"}
{"timestamp":"2025-12-05T05:34:04.705574Z","level":"info","event":"https://musicbrainz.org/ws/2/artist/76bf7aec-83f0-47a9-8964-eea180b99ac2?inc=tags&fmt=json","chan":"stdout","logger":"task"}
{"timestamp":"2025-12-05T05:34:05.917632Z","level":"info","event":"{'name': 'Train', 'id': '3FUY2gzHeIiaesXtOAdB7A', 'url': 'https://open.spotify.com/artist/3FUY2gzHeIiaesXtOAdB7A'}","chan":"stdout","logger":"task"}
{"timestamp":"2025-12-05T05:34:05.919931Z","level":"info","event":"https://musicbrainz.org/ws/2/url?resource=https://open.spotify.com/artist/3FUY2gzHeIiaesXtOAdB7A&inc=artist-rels&fmt=json","chan":"stdout","logger":"task"}
{"timestamp":"2025-12-05T05:34:06.057461Z","level":"info","event":"https://musicbrainz.org/ws/2/artist/bfd5aec5-62a2-4560-a316-7c46c17babda?inc=tags&fmt=json","chan":"stdout","logger":"task"}
{"timestamp":"2025-12-05T05:34:07.273823Z","level":"info","event":"{'name': 'Linkin Park', 'id': '6XyY86QOPPrYVGvF9ch6wz', 'url': 'https://open.spotify.com/artist/6XyY86QOPPrYVGvF9ch6wz'}","chan":"stdout","logger":"task"}
{"timestamp":"2025-12-05T05:34:07.275905Z","level":"info","event":"https://musicbrainz.org/ws/2/url?resource=https://open.spotify.com/artist/6XyY86QOPPrYVGvF9ch6wz&inc=artist-rels&fmt=json","chan":"stdout","logger":"task"}
{"timestamp":"2025-12-05T05:34:07.427608Z","level":"info","event":"https://musicbrainz.org/ws/2/artist/f59c5520-5f46-4d2c-b2c4-822eabf53419?inc=tags&fmt=json","chan":"stdout","logger":"task"}
{"timestamp":"2025-12-05T05:34:08.571265Z","level":"info","event":"{'name': 'Seether', 'id': '6B5c4sch27tWHAGdarpPaW', 'url': 'https://open.spotify.com/artist/6B5c4sch27tWHAGdarpPaW'}","chan":"stdout","logger":"task"}
{"timestamp":"2025-12-05T05:34:08.574128Z","level":"info","event":"https://musicbrainz.org/ws/2/url?resource=https://open.spotify.com/artist/6B5c4sch27tWHAGdarpPaW&inc=artist-rels&fmt=json","chan":"stdout","logger":"task"}
{"timestamp":"2025-12-05T05:34:08.696901Z","level":"info","event":"https://musicbrainz.org/ws/2/artist/fbcd7b29-455f-49e6-9c4f-8249d20a055e?inc=tags&fmt=json","chan":"stdout","logger":"task"}
{"timestamp":"2025-12-05T05:34:09.807466Z","level":"info","event":"{'name': 'Chiddy Bang', 'id': '40giwFcTQtv9ezxW8yqxJU', 'url': 'https://open.spotify.com/artist/40giwFcTQtv9ezxW8yqxJU'}","chan":"stdout","logger":"task"}
{"timestamp":"2025-12-05T05:34:09.808570Z","level":"info","event":"https://musicbrainz.org/ws/2/url?resource=https://open.spotify.com/artist/40giwFcTQtv9ezxW8yqxJU&inc=artist-rels&fmt=json","chan":"stdout","logger":"task"}
{"timestamp":"2025-12-05T05:34:09.956385Z","level":"info","event":"https://musicbrainz.org/ws/2/artist/d452681b-41e0-46a0-bb17-e77d23dfc220?inc=tags&fmt=json","chan":"stdout","logger":"task"}
{"timestamp":"2025-12-05T05:34:11.100566Z","level":"info","event":"{'name': 'Gym Class Heroes', 'id': '4IJczjB0fJ04gs4uvP0Fli', 'url': 'https://open.spotify.com/artist/4IJczjB0fJ04gs4uvP0Fli'}","chan":"stdout","logger":"task"}
{"timestamp":"2025-12-05T05:34:11.105003Z","level":"info","event":"https://musicbrainz.org/ws/2/url?resource=https://open.spotify.com/artist/4IJczjB0fJ04gs4uvP0Fli&inc=artist-rels&fmt=json","chan":"stdout","logger":"task"}
{"timestamp":"2025-12-05T05:34:11.217487Z","level":"info","event":"https://musicbrainz.org/ws/2/artist/f4d4b515-0b74-423f-a161-db184330c37c?inc=tags&fmt=json","chan":"stdout","logger":"task"}
{"timestamp":"2025-12-05T05:34:12.326324Z","level":"info","event":"Fetching audio details for 97 songs...","chan":"stdout","logger":"task"}
{"timestamp":"2025-12-05T05:34:12.369659Z","level":"info","event":"  Fetching batch 1/3 (40 songs)...","chan":"stdout","logger":"task"}
{"timestamp":"2025-12-05T05:34:13.364153Z","level":"info","event":"  Retrieved 28 song details","chan":"stdout","logger":"task"}
{"timestamp":"2025-12-05T05:34:15.386750Z","level":"info","event":"  Fetching batch 2/3 (40 songs)...","chan":"stdout","logger":"task"}
{"timestamp":"2025-12-05T05:34:16.328327Z","level":"info","event":"  Retrieved 26 song details","chan":"stdout","logger":"task"}
{"timestamp":"2025-12-05T05:34:18.361237Z","level":"info","event":"  Fetching batch 3/3 (17 songs)...","chan":"stdout","logger":"task"}
{"timestamp":"2025-12-05T05:34:19.376997Z","level":"info","event":"  Retrieved 14 song details","chan":"stdout","logger":"task"}
{"timestamp":"2025-12-05T05:34:19.379312Z","level":"info","event":"Fetching audio analysis for 68 songs...","chan":"stdout","logger":"task"}
{"timestamp":"2025-12-05T05:34:30.833339Z","level":"info","event":"  Processing audio analysis 10/68...","chan":"stdout","logger":"task"}
{"timestamp":"2025-12-05T05:34:43.840607Z","level":"info","event":"  Processing audio analysis 20/68...","chan":"stdout","logger":"task"}
{"timestamp":"2025-12-05T05:34:54.281477Z","level":"info","event":"  Processing audio analysis 30/68...","chan":"stdout","logger":"task"}
{"timestamp":"2025-12-05T05:35:05.953953Z","level":"info","event":"  Processing audio analysis 40/68...","chan":"stdout","logger":"task"}
{"timestamp":"2025-12-05T05:35:16.798768Z","level":"info","event":"  Processing audio analysis 50/68...","chan":"stdout","logger":"task"}
{"timestamp":"2025-12-05T05:35:27.963414Z","level":"info","event":"  Processing audio analysis 60/68...","chan":"stdout","logger":"task"}
{"timestamp":"2025-12-05T05:35:36.576955Z","level":"info","event":"Completed fetching audio details for 68 songs","chan":"stdout","logger":"task"}
{"timestamp":"2025-12-05T05:35:36.615544Z","level":"info","event":"DEBUG: DATABASE_URL value: postgresql+psycopg2:****@postgres/music_warehouse","chan":"stdout","logger":"task"}
{"timestamp":"2025-12-05T05:35:36.661358Z","level":"info","event":"TYPE OF ENGINE: <class 'sqlalchemy.engine.base.Engine'>","chan":"stdout","logger":"task"}
{"timestamp":"2025-12-05T05:35:36.661642Z","level":"info","event":"ENGINE DIR: ['__class__', '__delattr__', '__dict__', '__dir__', '__doc__', '__eq__', '__format__', '__ge__', '__getattribute__', '__getstate__', '__gt__', '__hash__', '__init__', '__init_subclass__', '__le__', '__lt__', '__module__', '__ne__', '__new__', '__reduce__', '__reduce_ex__', '__repr__', '__setattr__', '__sizeof__', '__str__', '__subclasshook__', '__weakref__', '_compiled_cache', '_connection_cls', '_echo', '_execute_clauseelement', '_execute_compiled', '_execute_default', '_execution_options', '_has_events', '_is_future', '_lru_size_alert', '_option_cls', '_optional_conn_ctx_manager', '_run_ddl_visitor', '_run_visitor', '_schema_translate_map', '_should_log_debug', '_should_log_info', '_sqla_logger_namespace', '_trans_ctx', '_wrap_pool_connect', 'begin', 'clear_compiled_cache', 'connect', 'dialect', 'dispatch', 'dispose', 'driver', 'echo', 'engine', 'execute', 'execution_options', 'get_execution_options', 'has_table', 'hide_parameters', 'logger', 'logging_name', 'name', 'pool', 'raw_connection', 'run_callable', 'scalar', 'table_names', 'transaction', 'update_execution_options', 'url']","chan":"stdout","logger":"task"}
{"timestamp":"2025-12-05T05:35:36.661766Z","level":"info","event":"IS SQLALCHEMY ENGINE: True","chan":"stdout","logger":"task"}
{"timestamp":"2025-12-05T05:35:36.661856Z","level":"info","event":"Database connection successful","chan":"stdout","logger":"task"}
{"timestamp":"2025-12-05T05:35:36.661903Z","level":"info","event":"Loading chart_weeks (1 rows)...","chan":"stdout","logger":"task"}
{"timestamp":"2025-12-05T05:35:36.697982Z","level":"info","event":"  Exported CSV to data_exports/chart_weeks.csv","chan":"stdout","logger":"task"}
{"timestamp":"2025-12-05T05:35:36.698202Z","level":"info","event":"Loading songs (97 rows)...","chan":"stdout","logger":"task"}
{"timestamp":"2025-12-05T05:35:36.716203Z","level":"info","event":"  Exported CSV to data_exports/songs.csv","chan":"stdout","logger":"task"}
{"timestamp":"2025-12-05T05:35:36.716805Z","level":"info","event":"Loading artists (100 rows)...","chan":"stdout","logger":"task"}
{"timestamp":"2025-12-05T05:35:36.722006Z","level":"info","event":"  Exported CSV to data_exports/artists.csv","chan":"stdout","logger":"task"}
{"timestamp":"2025-12-05T05:35:36.722360Z","level":"info","event":"Loading song_artists (143 rows)...","chan":"stdout","logger":"task"}
{"timestamp":"2025-12-05T05:35:36.730307Z","level":"info","event":"  Exported CSV to data_exports/song_artists.csv","chan":"stdout","logger":"task"}
{"timestamp":"2025-12-05T05:35:36.731371Z","level":"info","event":"Loading chart_entries (100 rows)...","chan":"stdout","logger":"task"}
{"timestamp":"2025-12-05T05:35:36.742487Z","level":"info","event":"  Exported CSV to data_exports/chart_entries.csv","chan":"stdout","logger":"task"}
{"timestamp":"2025-12-05T05:35:36.743287","level":"info","event":"Done. Returned value was: None","logger":"airflow.task.operators.airflow.providers.standard.operators.python.PythonOperator"}
{"timestamp":"2025-12-05T05:35:36.788255Z","level":"info","event":"Task instance in success state","chan":"stdout","logger":"task"}
{"timestamp":"2025-12-05T05:35:36.790081Z","level":"info","event":" Previous state of the Task instance: TaskInstanceState.RUNNING","chan":"stdout","logger":"task"}
{"timestamp":"2025-12-05T05:35:36.793099Z","level":"info","event":"Task operator:<Task(PythonOperator): load_music_data>","chan":"stdout","logger":"task"}
