{"timestamp":"2025-12-06T18:35:44.732262","level":"info","event":"DAG bundles loaded: dags-folder, example_dags","logger":"airflow.dag_processing.bundles.manager.DagBundlesManager"}
{"timestamp":"2025-12-06T18:35:44.732565","level":"info","event":"Filling up the DagBag from /opt/airflow/dags/music_load_dag.py","logger":"airflow.models.dagbag.DagBag"}
{"timestamp":"2025-12-06T18:35:44.807175Z","level":"info","event":"postgresql+psycopg2://airflow:airflow@postgres/airflow","chan":"stdout","logger":"task"}
{"timestamp":"2025-12-06T18:35:44.875292Z","level":"info","event":"Task instance is in running state","chan":"stdout","logger":"task"}
{"timestamp":"2025-12-06T18:35:44.875510Z","level":"info","event":" Previous state of the Task instance: TaskInstanceState.QUEUED","chan":"stdout","logger":"task"}
{"timestamp":"2025-12-06T18:35:44.875602Z","level":"info","event":"Current task name:load_music_data","chan":"stdout","logger":"task"}
{"timestamp":"2025-12-06T18:35:44.875684Z","level":"info","event":"Dag name:weekly_music_pipeline","chan":"stdout","logger":"task"}
{"timestamp":"2025-12-06T18:36:01.344175Z","level":"info","event":"  Searching Spotify for 100 songs...","chan":"stdout","logger":"task"}
{"timestamp":"2025-12-06T18:36:01.345206Z","level":"info","event":"  Processing song 1/100: Thrift Shop by Macklemore & Ryan Lewis Featuring Wanz","chan":"stdout","logger":"task"}
{"timestamp":"2025-12-06T18:36:02.053026Z","level":"info","event":"1","chan":"stdout","logger":"task"}
{"timestamp":"2025-12-06T18:36:02.856626Z","level":"info","event":"2","chan":"stdout","logger":"task"}
{"timestamp":"2025-12-06T18:36:03.603029Z","level":"info","event":"3","chan":"stdout","logger":"task"}
{"timestamp":"2025-12-06T18:36:04.461566Z","level":"info","event":"4","chan":"stdout","logger":"task"}
{"timestamp":"2025-12-06T18:36:05.043478Z","level":"info","event":"5","chan":"stdout","logger":"task"}
{"timestamp":"2025-12-06T18:36:05.825254Z","level":"info","event":"6","chan":"stdout","logger":"task"}
{"timestamp":"2025-12-06T18:36:06.505326Z","level":"info","event":"7","chan":"stdout","logger":"task"}
{"timestamp":"2025-12-06T18:36:07.338555Z","level":"info","event":"8","chan":"stdout","logger":"task"}
{"timestamp":"2025-12-06T18:36:07.995868Z","level":"info","event":"9","chan":"stdout","logger":"task"}
{"timestamp":"2025-12-06T18:36:07.996338Z","level":"info","event":"  Processing song 10/100: Home by Phillip Phillips","chan":"stdout","logger":"task"}
{"timestamp":"2025-12-06T18:36:08.713585Z","level":"info","event":"10","chan":"stdout","logger":"task"}
{"timestamp":"2025-12-06T18:36:09.298462Z","level":"info","event":"11","chan":"stdout","logger":"task"}
{"timestamp":"2025-12-06T18:36:10.224127Z","level":"info","event":"12","chan":"stdout","logger":"task"}
{"timestamp":"2025-12-06T18:36:11.041642Z","level":"info","event":"13","chan":"stdout","logger":"task"}
{"timestamp":"2025-12-06T18:36:11.738130Z","level":"info","event":"14","chan":"stdout","logger":"task"}
{"timestamp":"2025-12-06T18:36:12.659761Z","level":"info","event":"15","chan":"stdout","logger":"task"}
{"timestamp":"2025-12-06T18:36:13.356338Z","level":"info","event":"16","chan":"stdout","logger":"task"}
{"timestamp":"2025-12-06T18:36:14.033096Z","level":"info","event":"17","chan":"stdout","logger":"task"}
{"timestamp":"2025-12-06T18:36:14.733558Z","level":"info","event":"18","chan":"stdout","logger":"task"}
{"timestamp":"2025-12-06T18:36:15.548746Z","level":"info","event":"19","chan":"stdout","logger":"task"}
{"timestamp":"2025-12-06T18:36:15.551487Z","level":"info","event":"  Processing song 20/100: Die Young by Ke$ha","chan":"stdout","logger":"task"}
{"timestamp":"2025-12-06T18:36:16.238283Z","level":"info","event":"20","chan":"stdout","logger":"task"}
{"timestamp":"2025-12-06T18:36:17.098418Z","level":"info","event":"21","chan":"stdout","logger":"task"}
{"timestamp":"2025-12-06T18:36:17.992146Z","level":"info","event":"22","chan":"stdout","logger":"task"}
{"timestamp":"2025-12-06T18:36:18.650459Z","level":"info","event":"23","chan":"stdout","logger":"task"}
{"timestamp":"2025-12-06T18:36:19.358392Z","level":"info","event":"24","chan":"stdout","logger":"task"}
{"timestamp":"2025-12-06T18:36:20.043284Z","level":"info","event":"25","chan":"stdout","logger":"task"}
{"timestamp":"2025-12-06T18:36:20.655969Z","level":"info","event":"26","chan":"stdout","logger":"task"}
{"timestamp":"2025-12-06T18:36:21.421799Z","level":"info","event":"27","chan":"stdout","logger":"task"}
{"timestamp":"2025-12-06T18:36:21.617073Z","level":"info","event":"Failed to get access token: HTTP 503. Retrying in 1s (attempt 1/3)...","chan":"stdout","logger":"task"}
{"timestamp":"2025-12-06T18:36:23.309048Z","level":"info","event":"28","chan":"stdout","logger":"task"}
{"timestamp":"2025-12-06T18:36:24.127717Z","level":"info","event":"29","chan":"stdout","logger":"task"}
{"timestamp":"2025-12-06T18:36:24.135385Z","level":"info","event":"  Processing song 30/100: C'mon by Ke$ha","chan":"stdout","logger":"task"}
{"timestamp":"2025-12-06T18:36:25.015382Z","level":"info","event":"30","chan":"stdout","logger":"task"}
{"timestamp":"2025-12-06T18:36:25.859030Z","level":"info","event":"31","chan":"stdout","logger":"task"}
{"timestamp":"2025-12-06T18:36:26.446856Z","level":"info","event":"32","chan":"stdout","logger":"task"}
{"timestamp":"2025-12-06T18:36:27.299730Z","level":"info","event":"33","chan":"stdout","logger":"task"}
{"timestamp":"2025-12-06T18:36:28.085429Z","level":"info","event":"34","chan":"stdout","logger":"task"}
{"timestamp":"2025-12-06T18:36:28.977523Z","level":"info","event":"35","chan":"stdout","logger":"task"}
{"timestamp":"2025-12-06T18:36:29.762134Z","level":"info","event":"36","chan":"stdout","logger":"task"}
{"timestamp":"2025-12-06T18:36:30.467091Z","level":"info","event":"37","chan":"stdout","logger":"task"}
{"timestamp":"2025-12-06T18:36:31.237623Z","level":"info","event":"38","chan":"stdout","logger":"task"}
{"timestamp":"2025-12-06T18:36:31.890983Z","level":"info","event":"39","chan":"stdout","logger":"task"}
{"timestamp":"2025-12-06T18:36:31.891454Z","level":"info","event":"  Processing song 40/100: Too Close by Alex Clare","chan":"stdout","logger":"task"}
{"timestamp":"2025-12-06T18:36:32.702346Z","level":"info","event":"40","chan":"stdout","logger":"task"}
{"timestamp":"2025-12-06T18:36:33.475103Z","level":"info","event":"41","chan":"stdout","logger":"task"}
{"timestamp":"2025-12-06T18:36:34.200668Z","level":"info","event":"42","chan":"stdout","logger":"task"}
{"timestamp":"2025-12-06T18:36:35.100496Z","level":"info","event":"43","chan":"stdout","logger":"task"}
{"timestamp":"2025-12-06T18:36:35.795527Z","level":"info","event":"44","chan":"stdout","logger":"task"}
{"timestamp":"2025-12-06T18:36:36.553507Z","level":"info","event":"45","chan":"stdout","logger":"task"}
{"timestamp":"2025-12-06T18:36:37.359603Z","level":"info","event":"46","chan":"stdout","logger":"task"}
{"timestamp":"2025-12-06T18:36:37.984498Z","level":"info","event":"47","chan":"stdout","logger":"task"}
{"timestamp":"2025-12-06T18:36:38.627506Z","level":"info","event":"48","chan":"stdout","logger":"task"}
{"timestamp":"2025-12-06T18:36:39.306012Z","level":"info","event":"49","chan":"stdout","logger":"task"}
{"timestamp":"2025-12-06T18:36:39.306955Z","level":"info","event":"  Processing song 50/100: Lights by Ellie Goulding","chan":"stdout","logger":"task"}
{"timestamp":"2025-12-06T18:36:40.035657Z","level":"info","event":"50","chan":"stdout","logger":"task"}
{"timestamp":"2025-12-06T18:36:40.787437Z","level":"info","event":"51","chan":"stdout","logger":"task"}
{"timestamp":"2025-12-06T18:36:41.498068Z","level":"info","event":"52","chan":"stdout","logger":"task"}
{"timestamp":"2025-12-06T18:36:42.206675Z","level":"info","event":"53","chan":"stdout","logger":"task"}
{"timestamp":"2025-12-06T18:36:42.976149Z","level":"info","event":"54","chan":"stdout","logger":"task"}
{"timestamp":"2025-12-06T18:36:43.767086Z","level":"info","event":"55","chan":"stdout","logger":"task"}
{"timestamp":"2025-12-06T18:36:44.524284Z","level":"info","event":"56","chan":"stdout","logger":"task"}
{"timestamp":"2025-12-06T18:36:45.474645Z","level":"info","event":"57","chan":"stdout","logger":"task"}
{"timestamp":"2025-12-06T18:36:46.175107Z","level":"info","event":"58","chan":"stdout","logger":"task"}
{"timestamp":"2025-12-06T18:36:47.000952Z","level":"info","event":"59","chan":"stdout","logger":"task"}
{"timestamp":"2025-12-06T18:36:47.001657Z","level":"info","event":"  Processing song 60/100: Ball by T.I. Featuring Lil Wayne","chan":"stdout","logger":"task"}
{"timestamp":"2025-12-06T18:36:47.722813Z","level":"info","event":"60","chan":"stdout","logger":"task"}
{"timestamp":"2025-12-06T18:36:48.411175Z","level":"info","event":"61","chan":"stdout","logger":"task"}
{"timestamp":"2025-12-06T18:36:49.063976Z","level":"info","event":"62","chan":"stdout","logger":"task"}
{"timestamp":"2025-12-06T18:36:49.738631Z","level":"info","event":"63","chan":"stdout","logger":"task"}
{"timestamp":"2025-12-06T18:36:50.594462Z","level":"info","event":"64","chan":"stdout","logger":"task"}
{"timestamp":"2025-12-06T18:36:51.569035Z","level":"info","event":"65","chan":"stdout","logger":"task"}
{"timestamp":"2025-12-06T18:36:52.287823Z","level":"info","event":"66","chan":"stdout","logger":"task"}
{"timestamp":"2025-12-06T18:36:52.984874Z","level":"info","event":"67","chan":"stdout","logger":"task"}
{"timestamp":"2025-12-06T18:36:53.763026Z","level":"info","event":"68","chan":"stdout","logger":"task"}
{"timestamp":"2025-12-06T18:36:54.512811Z","level":"info","event":"69","chan":"stdout","logger":"task"}
{"timestamp":"2025-12-06T18:36:54.513353Z","level":"info","event":"  Processing song 70/100: Don't Judge Me by Chris Brown","chan":"stdout","logger":"task"}
{"timestamp":"2025-12-06T18:36:55.185034Z","level":"info","event":"70","chan":"stdout","logger":"task"}
{"timestamp":"2025-12-06T18:36:55.872542Z","level":"info","event":"71","chan":"stdout","logger":"task"}
{"timestamp":"2025-12-06T18:36:56.527945Z","level":"info","event":"72","chan":"stdout","logger":"task"}
{"timestamp":"2025-12-06T18:36:57.236286Z","level":"info","event":"73","chan":"stdout","logger":"task"}
{"timestamp":"2025-12-06T18:36:58.127363Z","level":"info","event":"74","chan":"stdout","logger":"task"}
{"timestamp":"2025-12-06T18:36:58.822380Z","level":"info","event":"75","chan":"stdout","logger":"task"}
{"timestamp":"2025-12-06T18:36:59.517752Z","level":"info","event":"76","chan":"stdout","logger":"task"}
{"timestamp":"2025-12-06T18:37:00.259000Z","level":"info","event":"77","chan":"stdout","logger":"task"}
{"timestamp":"2025-12-06T18:37:01.175186Z","level":"info","event":"78","chan":"stdout","logger":"task"}
{"timestamp":"2025-12-06T18:37:02.033369Z","level":"info","event":"79","chan":"stdout","logger":"task"}
{"timestamp":"2025-12-06T18:37:02.033832Z","level":"info","event":"  Processing song 80/100: I Drive Your Truck by Lee Brice","chan":"stdout","logger":"task"}
{"timestamp":"2025-12-06T18:37:02.712773Z","level":"info","event":"80","chan":"stdout","logger":"task"}
{"timestamp":"2025-12-06T18:37:03.476784Z","level":"info","event":"81","chan":"stdout","logger":"task"}
{"timestamp":"2025-12-06T18:37:04.123233Z","level":"info","event":"82","chan":"stdout","logger":"task"}
{"timestamp":"2025-12-06T18:37:04.973084Z","level":"info","event":"83","chan":"stdout","logger":"task"}
{"timestamp":"2025-12-06T18:37:05.897475Z","level":"info","event":"84","chan":"stdout","logger":"task"}
{"timestamp":"2025-12-06T18:37:06.841162Z","level":"info","event":"85","chan":"stdout","logger":"task"}
{"timestamp":"2025-12-06T18:37:07.570749Z","level":"info","event":"86","chan":"stdout","logger":"task"}
{"timestamp":"2025-12-06T18:37:08.217080Z","level":"info","event":"87","chan":"stdout","logger":"task"}
{"timestamp":"2025-12-06T18:37:08.963923Z","level":"info","event":"88","chan":"stdout","logger":"task"}
{"timestamp":"2025-12-06T18:37:09.646753Z","level":"info","event":"89","chan":"stdout","logger":"task"}
{"timestamp":"2025-12-06T18:37:09.647016Z","level":"info","event":"  Processing song 90/100: Celebration by Game Featuring Chris Brown, Tyga, Wiz Khalifa & Lil Wayne","chan":"stdout","logger":"task"}
{"timestamp":"2025-12-06T18:37:10.443182Z","level":"info","event":"90","chan":"stdout","logger":"task"}
{"timestamp":"2025-12-06T18:37:11.160329Z","level":"info","event":"91","chan":"stdout","logger":"task"}
{"timestamp":"2025-12-06T18:37:11.862344Z","level":"info","event":"92","chan":"stdout","logger":"task"}
{"timestamp":"2025-12-06T18:37:12.592772Z","level":"info","event":"93","chan":"stdout","logger":"task"}
{"timestamp":"2025-12-06T18:37:13.345951Z","level":"info","event":"94","chan":"stdout","logger":"task"}
{"timestamp":"2025-12-06T18:37:14.115028Z","level":"info","event":"95","chan":"stdout","logger":"task"}
{"timestamp":"2025-12-06T18:37:14.944248Z","level":"info","event":"96","chan":"stdout","logger":"task"}
{"timestamp":"2025-12-06T18:37:15.620889Z","level":"info","event":"97","chan":"stdout","logger":"task"}
{"timestamp":"2025-12-06T18:37:16.255210Z","level":"info","event":"98","chan":"stdout","logger":"task"}
{"timestamp":"2025-12-06T18:37:16.959144Z","level":"info","event":"99","chan":"stdout","logger":"task"}
{"timestamp":"2025-12-06T18:37:16.959821Z","level":"info","event":"  Processing song 100/100: Between The Raindrops by Lifehouse Featuring Natasha Bedingfield","chan":"stdout","logger":"task"}
{"timestamp":"2025-12-06T18:37:17.782343Z","level":"info","event":"100","chan":"stdout","logger":"task"}
{"timestamp":"2025-12-06T18:37:17.782885Z","level":"info","event":"{'name': 'Macklemore & Ryan Lewis', 'id': '5BcAKTbp20cv7tC5VqPFoC', 'url': 'https://open.spotify.com/artist/5BcAKTbp20cv7tC5VqPFoC'}","chan":"stdout","logger":"task"}
{"timestamp":"2025-12-06T18:37:17.783709Z","level":"info","event":"https://musicbrainz.org/ws/2/url?resource=https://open.spotify.com/artist/5BcAKTbp20cv7tC5VqPFoC&inc=artist-rels&fmt=json","chan":"stdout","logger":"task"}
{"timestamp":"2025-12-06T18:37:18.182723Z","level":"info","event":"https://musicbrainz.org/ws/2/artist/97b226c8-7140-4da3-91ac-15e62e131a81?inc=tags&fmt=json","chan":"stdout","logger":"task"}
{"timestamp":"2025-12-06T18:37:19.390281Z","level":"info","event":"{'name': 'Macklemore', 'id': '3JhNCzhSMTxs9WLGJJxWOY', 'url': 'https://open.spotify.com/artist/3JhNCzhSMTxs9WLGJJxWOY'}","chan":"stdout","logger":"task"}
{"timestamp":"2025-12-06T18:37:19.390418Z","level":"info","event":"https://musicbrainz.org/ws/2/url?resource=https://open.spotify.com/artist/3JhNCzhSMTxs9WLGJJxWOY&inc=artist-rels&fmt=json","chan":"stdout","logger":"task"}
{"timestamp":"2025-12-06T18:37:19.536596Z","level":"info","event":"https://musicbrainz.org/ws/2/artist/b6d7ec94-830c-44dd-b699-ce66556b7e55?inc=tags&fmt=json","chan":"stdout","logger":"task"}
{"timestamp":"2025-12-06T18:37:20.715568Z","level":"info","event":"{'name': 'Ryan Lewis', 'id': '5mZJerulcERBZV7xnhrVp1', 'url': 'https://open.spotify.com/artist/5mZJerulcERBZV7xnhrVp1'}","chan":"stdout","logger":"task"}
{"timestamp":"2025-12-06T18:37:20.717271Z","level":"info","event":"https://musicbrainz.org/ws/2/url?resource=https://open.spotify.com/artist/5mZJerulcERBZV7xnhrVp1&inc=artist-rels&fmt=json","chan":"stdout","logger":"task"}
{"timestamp":"2025-12-06T18:37:20.920200Z","level":"info","event":"HTTP 404: Not Found","chan":"stdout","logger":"task"}
{"timestamp":"2025-12-06T18:37:20.920489Z","level":"info","event":"unable to get mbid for https://open.spotify.com/artist/5mZJerulcERBZV7xnhrVp1","chan":"stdout","logger":"task"}
{"timestamp":"2025-12-06T18:37:21.920624Z","level":"info","event":"{'name': 'Wanz', 'id': '56xTxG4nQMAs1GW9kvn0uA', 'url': 'https://open.spotify.com/artist/56xTxG4nQMAs1GW9kvn0uA'}","chan":"stdout","logger":"task"}
{"timestamp":"2025-12-06T18:37:21.921491Z","level":"info","event":"https://musicbrainz.org/ws/2/url?resource=https://open.spotify.com/artist/56xTxG4nQMAs1GW9kvn0uA&inc=artist-rels&fmt=json","chan":"stdout","logger":"task"}
{"timestamp":"2025-12-06T18:37:22.227595Z","level":"info","event":"https://musicbrainz.org/ws/2/artist/1f6cdf02-c7d3-4165-bbde-b4e54420a00b?inc=tags&fmt=json","chan":"stdout","logger":"task"}
{"timestamp":"2025-12-06T18:37:23.382696Z","level":"info","event":"{'name': 'Bruno Mars', 'id': '0du5cEVh5yTK9QJze8zA0C', 'url': 'https://open.spotify.com/artist/0du5cEVh5yTK9QJze8zA0C'}","chan":"stdout","logger":"task"}
{"timestamp":"2025-12-06T18:37:23.384400Z","level":"info","event":"https://musicbrainz.org/ws/2/url?resource=https://open.spotify.com/artist/0du5cEVh5yTK9QJze8zA0C&inc=artist-rels&fmt=json","chan":"stdout","logger":"task"}
{"timestamp":"2025-12-06T18:37:23.564425Z","level":"info","event":"https://musicbrainz.org/ws/2/artist/afb680f2-b6eb-4cd7-a70b-a63b25c763d5?inc=tags&fmt=json","chan":"stdout","logger":"task"}
{"timestamp":"2025-12-06T18:37:24.786162Z","level":"info","event":"{'name': 'The Lumineers', 'id': '16oZKvXb6WkQlVAjwo2Wbg', 'url': 'https://open.spotify.com/artist/16oZKvXb6WkQlVAjwo2Wbg'}","chan":"stdout","logger":"task"}
{"timestamp":"2025-12-06T18:37:24.787182Z","level":"info","event":"https://musicbrainz.org/ws/2/url?resource=https://open.spotify.com/artist/16oZKvXb6WkQlVAjwo2Wbg&inc=artist-rels&fmt=json","chan":"stdout","logger":"task"}
{"timestamp":"2025-12-06T18:37:24.934583Z","level":"info","event":"https://musicbrainz.org/ws/2/artist/bfcb6630-9b31-4e63-b11f-7b0363be72b5?inc=tags&fmt=json","chan":"stdout","logger":"task"}
{"timestamp":"2025-12-06T18:37:26.070891Z","level":"info","event":"{'name': 'Justin Timberlake', 'id': '31TPClRtHm23RisEBtV3X7', 'url': 'https://open.spotify.com/artist/31TPClRtHm23RisEBtV3X7'}","chan":"stdout","logger":"task"}
{"timestamp":"2025-12-06T18:37:26.072459Z","level":"info","event":"https://musicbrainz.org/ws/2/url?resource=https://open.spotify.com/artist/31TPClRtHm23RisEBtV3X7&inc=artist-rels&fmt=json","chan":"stdout","logger":"task"}
{"timestamp":"2025-12-06T18:37:26.239496Z","level":"info","event":"https://musicbrainz.org/ws/2/artist/596ffa74-3d08-44ef-b113-765d43d12738?inc=tags&fmt=json","chan":"stdout","logger":"task"}
{"timestamp":"2025-12-06T18:37:27.420301Z","level":"info","event":"{'name': 'JAY-Z', 'id': '3nFkdlSjzX9mRTtwJOzDYB', 'url': 'https://open.spotify.com/artist/3nFkdlSjzX9mRTtwJOzDYB'}","chan":"stdout","logger":"task"}
{"timestamp":"2025-12-06T18:37:27.421468Z","level":"info","event":"https://musicbrainz.org/ws/2/url?resource=https://open.spotify.com/artist/3nFkdlSjzX9mRTtwJOzDYB&inc=artist-rels&fmt=json","chan":"stdout","logger":"task"}
{"timestamp":"2025-12-06T18:37:27.638521Z","level":"info","event":"https://musicbrainz.org/ws/2/artist/f82bcf78-5b69-4622-a5ef-73800768d9ac?inc=tags&fmt=json","chan":"stdout","logger":"task"}
{"timestamp":"2025-12-06T18:37:28.859947Z","level":"info","event":"{'name': 'Taylor Swift', 'id': '06HL4z0CvFAxyc27GXpf02', 'url': 'https://open.spotify.com/artist/06HL4z0CvFAxyc27GXpf02'}","chan":"stdout","logger":"task"}
{"timestamp":"2025-12-06T18:37:28.860904Z","level":"info","event":"https://musicbrainz.org/ws/2/url?resource=https://open.spotify.com/artist/06HL4z0CvFAxyc27GXpf02&inc=artist-rels&fmt=json","chan":"stdout","logger":"task"}
{"timestamp":"2025-12-06T18:37:29.010578Z","level":"info","event":"https://musicbrainz.org/ws/2/artist/20244d07-534f-4eff-b4d4-930878889970?inc=tags&fmt=json","chan":"stdout","logger":"task"}
{"timestamp":"2025-12-06T18:37:30.177669Z","level":"info","event":"{'name': 'will.i.am', 'id': '085pc2PYOi8bGKj0PNjekA', 'url': 'https://open.spotify.com/artist/085pc2PYOi8bGKj0PNjekA'}","chan":"stdout","logger":"task"}
{"timestamp":"2025-12-06T18:37:30.178586Z","level":"info","event":"https://musicbrainz.org/ws/2/url?resource=https://open.spotify.com/artist/085pc2PYOi8bGKj0PNjekA&inc=artist-rels&fmt=json","chan":"stdout","logger":"task"}
{"timestamp":"2025-12-06T18:37:30.314183Z","level":"info","event":"https://musicbrainz.org/ws/2/artist/d574c9bd-46f6-440a-8d6a-8412a283eeb1?inc=tags&fmt=json","chan":"stdout","logger":"task"}
{"timestamp":"2025-12-06T18:37:31.458234Z","level":"info","event":"{'name': 'Britney Spears', 'id': '26dSoYclwsYLMAKD3tpOr4', 'url': 'https://open.spotify.com/artist/26dSoYclwsYLMAKD3tpOr4'}","chan":"stdout","logger":"task"}
{"timestamp":"2025-12-06T18:37:31.459262Z","level":"info","event":"https://musicbrainz.org/ws/2/url?resource=https://open.spotify.com/artist/26dSoYclwsYLMAKD3tpOr4&inc=artist-rels&fmt=json","chan":"stdout","logger":"task"}
{"timestamp":"2025-12-06T18:37:31.678499Z","level":"info","event":"https://musicbrainz.org/ws/2/artist/45a663b5-b1cb-4a91-bff6-2bef7bbfdd76?inc=tags&fmt=json","chan":"stdout","logger":"task"}
{"timestamp":"2025-12-06T18:37:32.887237Z","level":"info","event":"{'name': 'Swedish House Mafia', 'id': '1h6Cn3P4NGzXbaXidqURXs', 'url': 'https://open.spotify.com/artist/1h6Cn3P4NGzXbaXidqURXs'}","chan":"stdout","logger":"task"}
{"timestamp":"2025-12-06T18:37:32.891721Z","level":"info","event":"https://musicbrainz.org/ws/2/url?resource=https://open.spotify.com/artist/1h6Cn3P4NGzXbaXidqURXs&inc=artist-rels&fmt=json","chan":"stdout","logger":"task"}
{"timestamp":"2025-12-06T18:37:33.094995Z","level":"info","event":"https://musicbrainz.org/ws/2/artist/99075985-0d80-4692-a15e-b16f78831792?inc=tags&fmt=json","chan":"stdout","logger":"task"}
{"timestamp":"2025-12-06T18:37:34.257163Z","level":"info","event":"{'name': 'John Martin', 'id': '2auikkNYqigWStoHWK1Grq', 'url': 'https://open.spotify.com/artist/2auikkNYqigWStoHWK1Grq'}","chan":"stdout","logger":"task"}
{"timestamp":"2025-12-06T18:37:34.258060Z","level":"info","event":"https://musicbrainz.org/ws/2/url?resource=https://open.spotify.com/artist/2auikkNYqigWStoHWK1Grq&inc=artist-rels&fmt=json","chan":"stdout","logger":"task"}
{"timestamp":"2025-12-06T18:37:34.480150Z","level":"info","event":"https://musicbrainz.org/ws/2/artist/a7962d26-fcee-41d4-b768-68661b5cfe19?inc=tags&fmt=json","chan":"stdout","logger":"task"}
{"timestamp":"2025-12-06T18:37:35.646131Z","level":"info","event":"{'name': 'Rihanna', 'id': '5pKCCKE2ajJHZ9KAiaK11H', 'url': 'https://open.spotify.com/artist/5pKCCKE2ajJHZ9KAiaK11H'}","chan":"stdout","logger":"task"}
{"timestamp":"2025-12-06T18:37:35.647560Z","level":"info","event":"https://musicbrainz.org/ws/2/url?resource=https://open.spotify.com/artist/5pKCCKE2ajJHZ9KAiaK11H&inc=artist-rels&fmt=json","chan":"stdout","logger":"task"}
{"timestamp":"2025-12-06T18:37:35.796698Z","level":"info","event":"https://musicbrainz.org/ws/2/artist/73e5e69d-3554-40d8-8516-00cb38737a1c?inc=tags&fmt=json","chan":"stdout","logger":"task"}
{"timestamp":"2025-12-06T18:37:36.979603Z","level":"info","event":"{'name': 'Justin Bieber', 'id': '1uNFoZAHBGtllmzznpCI3s', 'url': 'https://open.spotify.com/artist/1uNFoZAHBGtllmzznpCI3s'}","chan":"stdout","logger":"task"}
{"timestamp":"2025-12-06T18:37:36.979871Z","level":"info","event":"https://musicbrainz.org/ws/2/url?resource=https://open.spotify.com/artist/1uNFoZAHBGtllmzznpCI3s&inc=artist-rels&fmt=json","chan":"stdout","logger":"task"}
{"timestamp":"2025-12-06T18:37:37.163918Z","level":"info","event":"https://musicbrainz.org/ws/2/artist/e0140a67-e4d1-4f13-8a01-364355bee46e?inc=tags&fmt=json","chan":"stdout","logger":"task"}
{"timestamp":"2025-12-06T18:37:38.336508Z","level":"info","event":"{'name': 'Nicki Minaj', 'id': '0hCNtLu0JehylgoiP8L4Gh', 'url': 'https://open.spotify.com/artist/0hCNtLu0JehylgoiP8L4Gh'}","chan":"stdout","logger":"task"}
{"timestamp":"2025-12-06T18:37:38.337613Z","level":"info","event":"https://musicbrainz.org/ws/2/url?resource=https://open.spotify.com/artist/0hCNtLu0JehylgoiP8L4Gh&inc=artist-rels&fmt=json","chan":"stdout","logger":"task"}
{"timestamp":"2025-12-06T18:37:38.500621Z","level":"info","event":"https://musicbrainz.org/ws/2/artist/1036b808-f58c-4a3e-b461-a2c4492ecf1b?inc=tags&fmt=json","chan":"stdout","logger":"task"}
{"timestamp":"2025-12-06T18:37:38.619702Z","level":"info","event":"Rate limit hit. Retrying in 1s...","chan":"stdout","logger":"task"}
{"timestamp":"2025-12-06T18:37:40.777639Z","level":"info","event":"{'name': 'Phillip Phillips', 'id': '6p5JxpTc7USNnBnLzctyd4', 'url': 'https://open.spotify.com/artist/6p5JxpTc7USNnBnLzctyd4'}","chan":"stdout","logger":"task"}
{"timestamp":"2025-12-06T18:37:40.778629Z","level":"info","event":"https://musicbrainz.org/ws/2/url?resource=https://open.spotify.com/artist/6p5JxpTc7USNnBnLzctyd4&inc=artist-rels&fmt=json","chan":"stdout","logger":"task"}
{"timestamp":"2025-12-06T18:37:40.939700Z","level":"info","event":"https://musicbrainz.org/ws/2/artist/838483d3-a803-4194-9754-ad634fba8553?inc=tags&fmt=json","chan":"stdout","logger":"task"}
{"timestamp":"2025-12-06T18:37:42.090781Z","level":"info","event":"{'name': 'Maroon 5', 'id': '04gDigrS5kc9YWfZHwBETP', 'url': 'https://open.spotify.com/artist/04gDigrS5kc9YWfZHwBETP'}","chan":"stdout","logger":"task"}
{"timestamp":"2025-12-06T18:37:42.091327Z","level":"info","event":"https://musicbrainz.org/ws/2/url?resource=https://open.spotify.com/artist/04gDigrS5kc9YWfZHwBETP&inc=artist-rels&fmt=json","chan":"stdout","logger":"task"}
{"timestamp":"2025-12-06T18:37:42.229108Z","level":"info","event":"https://musicbrainz.org/ws/2/artist/0ab49580-c84f-44d4-875f-d83760ea2cfe?inc=tags&fmt=json","chan":"stdout","logger":"task"}
{"timestamp":"2025-12-06T18:37:43.377848Z","level":"info","event":"{'name': 'Flo Rida', 'id': '0jnsk9HBra6NMjO2oANoPY', 'url': 'https://open.spotify.com/artist/0jnsk9HBra6NMjO2oANoPY'}","chan":"stdout","logger":"task"}
{"timestamp":"2025-12-06T18:37:43.378908Z","level":"info","event":"https://musicbrainz.org/ws/2/url?resource=https://open.spotify.com/artist/0jnsk9HBra6NMjO2oANoPY&inc=artist-rels&fmt=json","chan":"stdout","logger":"task"}
{"timestamp":"2025-12-06T18:37:43.523703Z","level":"info","event":"https://musicbrainz.org/ws/2/artist/4593d49a-7f67-46ba-9ec0-126bd676286f?inc=tags&fmt=json","chan":"stdout","logger":"task"}
{"timestamp":"2025-12-06T18:37:44.740851Z","level":"info","event":"{'name': 'P!nk', 'id': '1KCSPY1glIKqW2TotWuXOR', 'url': 'https://open.spotify.com/artist/1KCSPY1glIKqW2TotWuXOR'}","chan":"stdout","logger":"task"}
{"timestamp":"2025-12-06T18:37:44.742075Z","level":"info","event":"https://musicbrainz.org/ws/2/url?resource=https://open.spotify.com/artist/1KCSPY1glIKqW2TotWuXOR&inc=artist-rels&fmt=json","chan":"stdout","logger":"task"}
{"timestamp":"2025-12-06T18:37:44.888668Z","level":"info","event":"https://musicbrainz.org/ws/2/artist/f4d5cc07-3bc9-4836-9b15-88a08359bc63?inc=tags&fmt=json","chan":"stdout","logger":"task"}
{"timestamp":"2025-12-06T18:37:46.053370Z","level":"info","event":"{'name': 'Alicia Keys', 'id': '3DiDSECUqqY1AuBP8qtaIa', 'url': 'https://open.spotify.com/artist/3DiDSECUqqY1AuBP8qtaIa'}","chan":"stdout","logger":"task"}
{"timestamp":"2025-12-06T18:37:46.054606Z","level":"info","event":"https://musicbrainz.org/ws/2/url?resource=https://open.spotify.com/artist/3DiDSECUqqY1AuBP8qtaIa&inc=artist-rels&fmt=json","chan":"stdout","logger":"task"}
{"timestamp":"2025-12-06T18:37:46.205967Z","level":"info","event":"https://musicbrainz.org/ws/2/artist/8ef1df30-ae4f-4dbd-9351-1a32b208a01e?inc=tags&fmt=json","chan":"stdout","logger":"task"}
{"timestamp":"2025-12-06T18:37:47.415260Z","level":"info","event":"{'name': 'A$AP Rocky', 'id': '13ubrt8QOOCPljQ2FL1Kca', 'url': 'https://open.spotify.com/artist/13ubrt8QOOCPljQ2FL1Kca'}","chan":"stdout","logger":"task"}
{"timestamp":"2025-12-06T18:37:47.415771Z","level":"info","event":"https://musicbrainz.org/ws/2/url?resource=https://open.spotify.com/artist/13ubrt8QOOCPljQ2FL1Kca&inc=artist-rels&fmt=json","chan":"stdout","logger":"task"}
{"timestamp":"2025-12-06T18:37:47.549909Z","level":"info","event":"https://musicbrainz.org/ws/2/artist/25b7b584-d952-4662-a8b9-dd8cdfbfeb64?inc=tags&fmt=json","chan":"stdout","logger":"task"}
{"timestamp":"2025-12-06T18:37:48.757532Z","level":"info","event":"{'name': 'Drake', 'id': '3TVXtAsR1Inumwj472S9r4', 'url': 'https://open.spotify.com/artist/3TVXtAsR1Inumwj472S9r4'}","chan":"stdout","logger":"task"}
{"timestamp":"2025-12-06T18:37:48.757809Z","level":"info","event":"https://musicbrainz.org/ws/2/url?resource=https://open.spotify.com/artist/3TVXtAsR1Inumwj472S9r4&inc=artist-rels&fmt=json","chan":"stdout","logger":"task"}
{"timestamp":"2025-12-06T18:37:48.912931Z","level":"info","event":"https://musicbrainz.org/ws/2/artist/9fff2f8a-21e6-47de-a2b8-7f449929d43f?inc=tags&fmt=json","chan":"stdout","logger":"task"}
{"timestamp":"2025-12-06T18:37:50.131339Z","level":"info","event":"{'name': '2 Chainz', 'id': '17lzZA2AlOHwCwFALHttmp', 'url': 'https://open.spotify.com/artist/17lzZA2AlOHwCwFALHttmp'}","chan":"stdout","logger":"task"}
{"timestamp":"2025-12-06T18:37:50.132523Z","level":"info","event":"https://musicbrainz.org/ws/2/url?resource=https://open.spotify.com/artist/17lzZA2AlOHwCwFALHttmp&inc=artist-rels&fmt=json","chan":"stdout","logger":"task"}
{"timestamp":"2025-12-06T18:37:50.379489Z","level":"info","event":"https://musicbrainz.org/ws/2/artist/dff0d392-4cd5-4052-9fbb-f485df3891e5?inc=tags&fmt=json","chan":"stdout","logger":"task"}
{"timestamp":"2025-12-06T18:37:51.510265Z","level":"info","event":"{'name': 'Kendrick Lamar', 'id': '2YZyLoL8N0Wb9xBt1NhZWg', 'url': 'https://open.spotify.com/artist/2YZyLoL8N0Wb9xBt1NhZWg'}","chan":"stdout","logger":"task"}
{"timestamp":"2025-12-06T18:37:51.511031Z","level":"info","event":"https://musicbrainz.org/ws/2/url?resource=https://open.spotify.com/artist/2YZyLoL8N0Wb9xBt1NhZWg&inc=artist-rels&fmt=json","chan":"stdout","logger":"task"}
{"timestamp":"2025-12-06T18:37:51.658432Z","level":"info","event":"https://musicbrainz.org/ws/2/artist/381086ea-f511-4aba-bdf9-71c753dc5077?inc=tags&fmt=json","chan":"stdout","logger":"task"}
{"timestamp":"2025-12-06T18:37:52.944495Z","level":"info","event":"{'name': 'Imagine Dragons', 'id': '53XhwfbYqKCa1cC15pYq2q', 'url': 'https://open.spotify.com/artist/53XhwfbYqKCa1cC15pYq2q'}","chan":"stdout","logger":"task"}
{"timestamp":"2025-12-06T18:37:52.945057Z","level":"info","event":"https://musicbrainz.org/ws/2/url?resource=https://open.spotify.com/artist/53XhwfbYqKCa1cC15pYq2q&inc=artist-rels&fmt=json","chan":"stdout","logger":"task"}
{"timestamp":"2025-12-06T18:37:53.149923Z","level":"info","event":"https://musicbrainz.org/ws/2/artist/012151a8-0f9a-44c9-997f-ebd68b5389f9?inc=tags&fmt=json","chan":"stdout","logger":"task"}
{"timestamp":"2025-12-06T18:37:54.296427Z","level":"info","event":"{'name': 'Calvin Harris', 'id': '7CajNmpbOovFoOoasH2HaY', 'url': 'https://open.spotify.com/artist/7CajNmpbOovFoOoasH2HaY'}","chan":"stdout","logger":"task"}
{"timestamp":"2025-12-06T18:37:54.297690Z","level":"info","event":"https://musicbrainz.org/ws/2/url?resource=https://open.spotify.com/artist/7CajNmpbOovFoOoasH2HaY&inc=artist-rels&fmt=json","chan":"stdout","logger":"task"}
{"timestamp":"2025-12-06T18:37:54.452297Z","level":"info","event":"https://musicbrainz.org/ws/2/artist/8dd98bdc-80ec-4e93-8509-2f46bafc09a7?inc=tags&fmt=json","chan":"stdout","logger":"task"}
{"timestamp":"2025-12-06T18:37:55.596401Z","level":"info","event":"{'name': 'Florence Welch', 'id': '0IROOdQ2fQUcoaEPqt1Isg', 'url': 'https://open.spotify.com/artist/0IROOdQ2fQUcoaEPqt1Isg'}","chan":"stdout","logger":"task"}
{"timestamp":"2025-12-06T18:37:55.596812Z","level":"info","event":"https://musicbrainz.org/ws/2/url?resource=https://open.spotify.com/artist/0IROOdQ2fQUcoaEPqt1Isg&inc=artist-rels&fmt=json","chan":"stdout","logger":"task"}
{"timestamp":"2025-12-06T18:37:55.734850Z","level":"info","event":"https://musicbrainz.org/ws/2/artist/88798869-338b-418e-9c47-97365444b734?inc=tags&fmt=json","chan":"stdout","logger":"task"}
{"timestamp":"2025-12-06T18:37:56.877737Z","level":"info","event":"{'name': 'fun.', 'id': '5nCi3BB41mBaMH9gfr6Su0', 'url': 'https://open.spotify.com/artist/5nCi3BB41mBaMH9gfr6Su0'}","chan":"stdout","logger":"task"}
{"timestamp":"2025-12-06T18:37:56.878223Z","level":"info","event":"https://musicbrainz.org/ws/2/url?resource=https://open.spotify.com/artist/5nCi3BB41mBaMH9gfr6Su0&inc=artist-rels&fmt=json","chan":"stdout","logger":"task"}
{"timestamp":"2025-12-06T18:37:57.037317Z","level":"info","event":"https://musicbrainz.org/ws/2/artist/136c4166-85b3-4994-aa04-59857c434199?inc=tags&fmt=json","chan":"stdout","logger":"task"}
{"timestamp":"2025-12-06T18:37:58.201016Z","level":"info","event":"{'name': 'Ed Sheeran', 'id': '6eUKZXaKkcviH0Ku9w2n3V', 'url': 'https://open.spotify.com/artist/6eUKZXaKkcviH0Ku9w2n3V'}","chan":"stdout","logger":"task"}
{"timestamp":"2025-12-06T18:37:58.201292Z","level":"info","event":"https://musicbrainz.org/ws/2/url?resource=https://open.spotify.com/artist/6eUKZXaKkcviH0Ku9w2n3V&inc=artist-rels&fmt=json","chan":"stdout","logger":"task"}
{"timestamp":"2025-12-06T18:37:58.359238Z","level":"info","event":"https://musicbrainz.org/ws/2/artist/b8a7c51f-362c-4dcb-a259-bc6e0095f0a6?inc=tags&fmt=json","chan":"stdout","logger":"task"}
{"timestamp":"2025-12-06T18:37:59.521617Z","level":"info","event":"{'name': 'Kesha', 'id': '6LqNN22kT3074XbTVUrhzX', 'url': 'https://open.spotify.com/artist/6LqNN22kT3074XbTVUrhzX'}","chan":"stdout","logger":"task"}
{"timestamp":"2025-12-06T18:37:59.522268Z","level":"info","event":"https://musicbrainz.org/ws/2/url?resource=https://open.spotify.com/artist/6LqNN22kT3074XbTVUrhzX&inc=artist-rels&fmt=json","chan":"stdout","logger":"task"}
{"timestamp":"2025-12-06T18:37:59.683318Z","level":"info","event":"https://musicbrainz.org/ws/2/artist/fab34286-b8e1-4879-bce3-194e1358fbd2?inc=tags&fmt=json","chan":"stdout","logger":"task"}
{"timestamp":"2025-12-06T18:37:59.794807Z","level":"info","event":"Rate limit hit. Retrying in 1s...","chan":"stdout","logger":"task"}
{"timestamp":"2025-12-06T18:38:01.949280Z","level":"info","event":"{'name': 'Pitbull', 'id': '0TnOYISbd1XYRBk9myaseg', 'url': 'https://open.spotify.com/artist/0TnOYISbd1XYRBk9myaseg'}","chan":"stdout","logger":"task"}
{"timestamp":"2025-12-06T18:38:01.950314Z","level":"info","event":"https://musicbrainz.org/ws/2/url?resource=https://open.spotify.com/artist/0TnOYISbd1XYRBk9myaseg&inc=artist-rels&fmt=json","chan":"stdout","logger":"task"}
{"timestamp":"2025-12-06T18:38:02.102214Z","level":"info","event":"https://musicbrainz.org/ws/2/artist/d262ea27-3ffe-40f7-b922-85c42d625e67?inc=tags&fmt=json","chan":"stdout","logger":"task"}
{"timestamp":"2025-12-06T18:38:03.269566Z","level":"info","event":"{'name': 'TJR', 'id': '2L8yW8GIoirHEdeW4bWQXq', 'url': 'https://open.spotify.com/artist/2L8yW8GIoirHEdeW4bWQXq'}","chan":"stdout","logger":"task"}
{"timestamp":"2025-12-06T18:38:03.272131Z","level":"info","event":"https://musicbrainz.org/ws/2/url?resource=https://open.spotify.com/artist/2L8yW8GIoirHEdeW4bWQXq&inc=artist-rels&fmt=json","chan":"stdout","logger":"task"}
{"timestamp":"2025-12-06T18:38:03.498380Z","level":"info","event":"https://musicbrainz.org/ws/2/artist/ccf21509-41c5-418c-9832-351f0824fb39?inc=tags&fmt=json","chan":"stdout","logger":"task"}
{"timestamp":"2025-12-06T18:38:04.670791Z","level":"info","event":"{'name': 'Kelly Clarkson', 'id': '3BmGtnKgCSGYIUhmivXKWX', 'url': 'https://open.spotify.com/artist/3BmGtnKgCSGYIUhmivXKWX'}","chan":"stdout","logger":"task"}
{"timestamp":"2025-12-06T18:38:04.671247Z","level":"info","event":"https://musicbrainz.org/ws/2/url?resource=https://open.spotify.com/artist/3BmGtnKgCSGYIUhmivXKWX&inc=artist-rels&fmt=json","chan":"stdout","logger":"task"}
{"timestamp":"2025-12-06T18:38:04.850608Z","level":"info","event":"https://musicbrainz.org/ws/2/artist/d339efbb-77b9-4147-ba9e-59f2f24550b2?inc=tags&fmt=json","chan":"stdout","logger":"task"}
{"timestamp":"2025-12-06T18:38:06.016525Z","level":"info","event":"{'name': 'Of Monsters and Men', 'id': '4dwdTW1Lfiq0cM8nBAqIIz', 'url': 'https://open.spotify.com/artist/4dwdTW1Lfiq0cM8nBAqIIz'}","chan":"stdout","logger":"task"}
{"timestamp":"2025-12-06T18:38:06.018753Z","level":"info","event":"https://musicbrainz.org/ws/2/url?resource=https://open.spotify.com/artist/4dwdTW1Lfiq0cM8nBAqIIz&inc=artist-rels&fmt=json","chan":"stdout","logger":"task"}
{"timestamp":"2025-12-06T18:38:06.163509Z","level":"info","event":"https://musicbrainz.org/ws/2/artist/9e103f85-7af7-41d7-b83b-49ba8f0c5abf?inc=tags&fmt=json","chan":"stdout","logger":"task"}
{"timestamp":"2025-12-06T18:38:07.322903Z","level":"info","event":"{'name': 'The Script', 'id': '3AQRLZ9PuTAozP28Skbq8V', 'url': 'https://open.spotify.com/artist/3AQRLZ9PuTAozP28Skbq8V'}","chan":"stdout","logger":"task"}
{"timestamp":"2025-12-06T18:38:07.325854Z","level":"info","event":"https://musicbrainz.org/ws/2/url?resource=https://open.spotify.com/artist/3AQRLZ9PuTAozP28Skbq8V&inc=artist-rels&fmt=json","chan":"stdout","logger":"task"}
{"timestamp":"2025-12-06T18:38:07.554704Z","level":"info","event":"https://musicbrainz.org/ws/2/artist/4c98aa1b-34eb-4336-987f-5e50aa059c00?inc=tags&fmt=json","chan":"stdout","logger":"task"}
{"timestamp":"2025-12-06T18:38:08.746386Z","level":"info","event":"{'name': 'The Band Perry', 'id': '75FnCoo4FBxH5K1Rrx0k5A', 'url': 'https://open.spotify.com/artist/75FnCoo4FBxH5K1Rrx0k5A'}","chan":"stdout","logger":"task"}
{"timestamp":"2025-12-06T18:38:08.750428Z","level":"info","event":"https://musicbrainz.org/ws/2/url?resource=https://open.spotify.com/artist/75FnCoo4FBxH5K1Rrx0k5A&inc=artist-rels&fmt=json","chan":"stdout","logger":"task"}
{"timestamp":"2025-12-06T18:38:08.860763Z","level":"info","event":"https://musicbrainz.org/ws/2/artist/28955336-2348-488a-9381-e3a7b0107343?inc=tags&fmt=json","chan":"stdout","logger":"task"}
{"timestamp":"2025-12-06T18:38:09.969729Z","level":"info","event":"{'name': 'Gary Allan', 'id': '37W8SKV5Vc8lcGtdyWCA5m', 'url': 'https://open.spotify.com/artist/37W8SKV5Vc8lcGtdyWCA5m'}","chan":"stdout","logger":"task"}
{"timestamp":"2025-12-06T18:38:09.972775Z","level":"info","event":"https://musicbrainz.org/ws/2/url?resource=https://open.spotify.com/artist/37W8SKV5Vc8lcGtdyWCA5m&inc=artist-rels&fmt=json","chan":"stdout","logger":"task"}
{"timestamp":"2025-12-06T18:38:10.081681Z","level":"info","event":"https://musicbrainz.org/ws/2/artist/d211333a-22eb-4be7-a2ac-ca12c73646db?inc=tags&fmt=json","chan":"stdout","logger":"task"}
{"timestamp":"2025-12-06T18:38:11.192821Z","level":"info","event":"{'name': 'PSY', 'id': '2dd5mrQZvg6SmahdgVKDzh', 'url': 'https://open.spotify.com/artist/2dd5mrQZvg6SmahdgVKDzh'}","chan":"stdout","logger":"task"}
{"timestamp":"2025-12-06T18:38:11.194596Z","level":"info","event":"https://musicbrainz.org/ws/2/url?resource=https://open.spotify.com/artist/2dd5mrQZvg6SmahdgVKDzh&inc=artist-rels&fmt=json","chan":"stdout","logger":"task"}
{"timestamp":"2025-12-06T18:38:11.306069Z","level":"info","event":"https://musicbrainz.org/ws/2/artist/f99b7d67-4e63-4678-aa66-4c6ac0f7d24a?inc=tags&fmt=json","chan":"stdout","logger":"task"}
{"timestamp":"2025-12-06T18:38:12.420264Z","level":"info","event":"{'name': 'Mumford & Sons', 'id': '3gd8FJtBJtkRxdfbTu19U2', 'url': 'https://open.spotify.com/artist/3gd8FJtBJtkRxdfbTu19U2'}","chan":"stdout","logger":"task"}
{"timestamp":"2025-12-06T18:38:12.421283Z","level":"info","event":"https://musicbrainz.org/ws/2/url?resource=https://open.spotify.com/artist/3gd8FJtBJtkRxdfbTu19U2&inc=artist-rels&fmt=json","chan":"stdout","logger":"task"}
{"timestamp":"2025-12-06T18:38:12.537949Z","level":"info","event":"https://musicbrainz.org/ws/2/artist/c44e9c22-ef82-4a77-9bcd-af6c958446d6?inc=tags&fmt=json","chan":"stdout","logger":"task"}
{"timestamp":"2025-12-06T18:38:13.677984Z","level":"info","event":"{'name': 'Ne-Yo', 'id': '21E3waRsmPlU7jZsS13rcj', 'url': 'https://open.spotify.com/artist/21E3waRsmPlU7jZsS13rcj'}","chan":"stdout","logger":"task"}
{"timestamp":"2025-12-06T18:38:13.711971Z","level":"info","event":"https://musicbrainz.org/ws/2/url?resource=https://open.spotify.com/artist/21E3waRsmPlU7jZsS13rcj&inc=artist-rels&fmt=json","chan":"stdout","logger":"task"}
{"timestamp":"2025-12-06T18:38:13.840172Z","level":"info","event":"https://musicbrainz.org/ws/2/artist/a4a01f5d-18e7-4571-8c3a-76ec0e24e2d7?inc=tags&fmt=json","chan":"stdout","logger":"task"}
{"timestamp":"2025-12-06T18:38:14.950394Z","level":"info","event":"{'name': 'Hunter Hayes', 'id': '7H6dkUChT5EoOQtUVMg4cN', 'url': 'https://open.spotify.com/artist/7H6dkUChT5EoOQtUVMg4cN'}","chan":"stdout","logger":"task"}
{"timestamp":"2025-12-06T18:38:14.953451Z","level":"info","event":"https://musicbrainz.org/ws/2/url?resource=https://open.spotify.com/artist/7H6dkUChT5EoOQtUVMg4cN&inc=artist-rels&fmt=json","chan":"stdout","logger":"task"}
{"timestamp":"2025-12-06T18:38:15.057908Z","level":"info","event":"https://musicbrainz.org/ws/2/artist/0c75ddc6-2b5d-4b01-8c99-3d9479a14683?inc=tags&fmt=json","chan":"stdout","logger":"task"}
{"timestamp":"2025-12-06T18:38:16.311764Z","level":"info","event":"{'name': 'Kanye West', 'id': '5K4W6rqBFWDnAN6FQUkS6x', 'url': 'https://open.spotify.com/artist/5K4W6rqBFWDnAN6FQUkS6x'}","chan":"stdout","logger":"task"}
{"timestamp":"2025-12-06T18:38:16.312298Z","level":"info","event":"https://musicbrainz.org/ws/2/url?resource=https://open.spotify.com/artist/5K4W6rqBFWDnAN6FQUkS6x&inc=artist-rels&fmt=json","chan":"stdout","logger":"task"}
{"timestamp":"2025-12-06T18:38:16.464914Z","level":"info","event":"https://musicbrainz.org/ws/2/artist/164f0d73-1234-4e2c-8743-d77bf2191051?inc=tags&fmt=json","chan":"stdout","logger":"task"}
{"timestamp":"2025-12-06T18:38:17.700421Z","level":"info","event":"{'name': 'Big Sean', 'id': '0c173mlxpT3dSFRgMO8XPh', 'url': 'https://open.spotify.com/artist/0c173mlxpT3dSFRgMO8XPh'}","chan":"stdout","logger":"task"}
{"timestamp":"2025-12-06T18:38:17.701317Z","level":"info","event":"https://musicbrainz.org/ws/2/url?resource=https://open.spotify.com/artist/0c173mlxpT3dSFRgMO8XPh&inc=artist-rels&fmt=json","chan":"stdout","logger":"task"}
{"timestamp":"2025-12-06T18:38:17.863855Z","level":"info","event":"https://musicbrainz.org/ws/2/artist/942a9807-9c1a-4a0e-a285-1fde2c5be9d1?inc=tags&fmt=json","chan":"stdout","logger":"task"}
{"timestamp":"2025-12-06T18:38:19.173850Z","level":"info","event":"{'name': 'Florida Georgia Line', 'id': '3b8QkneNDz4JHKKKlLgYZg', 'url': 'https://open.spotify.com/artist/3b8QkneNDz4JHKKKlLgYZg'}","chan":"stdout","logger":"task"}
{"timestamp":"2025-12-06T18:38:19.175464Z","level":"info","event":"https://musicbrainz.org/ws/2/url?resource=https://open.spotify.com/artist/3b8QkneNDz4JHKKKlLgYZg&inc=artist-rels&fmt=json","chan":"stdout","logger":"task"}
{"timestamp":"2025-12-06T18:38:19.318207Z","level":"info","event":"https://musicbrainz.org/ws/2/artist/c16817df-0160-490d-a437-c128cbca9218?inc=tags&fmt=json","chan":"stdout","logger":"task"}
{"timestamp":"2025-12-06T18:38:20.492596Z","level":"info","event":"{'name': 'Miguel', 'id': '360IAlyVv4PCEVjgyMZrxK', 'url': 'https://open.spotify.com/artist/360IAlyVv4PCEVjgyMZrxK'}","chan":"stdout","logger":"task"}
{"timestamp":"2025-12-06T18:38:20.499193Z","level":"info","event":"https://musicbrainz.org/ws/2/url?resource=https://open.spotify.com/artist/360IAlyVv4PCEVjgyMZrxK&inc=artist-rels&fmt=json","chan":"stdout","logger":"task"}
{"timestamp":"2025-12-06T18:38:20.963477Z","level":"info","event":"Network error: ('Connection aborted.', RemoteDisconnected('Remote end closed connection without response')). Attempt 1/3","chan":"stdout","logger":"task"}
{"timestamp":"2025-12-06T18:38:22.622736Z","level":"info","event":"https://musicbrainz.org/ws/2/artist/285e1285-aecc-478f-a8da-0c8cf69e1217?inc=tags&fmt=json","chan":"stdout","logger":"task"}
{"timestamp":"2025-12-06T18:38:23.773350Z","level":"info","event":"{'name': 'One Direction', 'id': '4AK6F7OLvEQ5QYCBNiQWHq', 'url': 'https://open.spotify.com/artist/4AK6F7OLvEQ5QYCBNiQWHq'}","chan":"stdout","logger":"task"}
{"timestamp":"2025-12-06T18:38:23.775096Z","level":"info","event":"https://musicbrainz.org/ws/2/url?resource=https://open.spotify.com/artist/4AK6F7OLvEQ5QYCBNiQWHq&inc=artist-rels&fmt=json","chan":"stdout","logger":"task"}
{"timestamp":"2025-12-06T18:38:24.153058Z","level":"info","event":"https://musicbrainz.org/ws/2/artist/1a425bbd-cca4-4b2c-aeb7-71cb176c828a?inc=tags&fmt=json","chan":"stdout","logger":"task"}
{"timestamp":"2025-12-06T18:38:25.463049Z","level":"info","event":"{'name': 'Alex Clare', 'id': '5Tf4EH8tDvznnjULcFxkIl', 'url': 'https://open.spotify.com/artist/5Tf4EH8tDvznnjULcFxkIl'}","chan":"stdout","logger":"task"}
{"timestamp":"2025-12-06T18:38:25.477358Z","level":"info","event":"https://musicbrainz.org/ws/2/url?resource=https://open.spotify.com/artist/5Tf4EH8tDvznnjULcFxkIl&inc=artist-rels&fmt=json","chan":"stdout","logger":"task"}
{"timestamp":"2025-12-06T18:38:26.323157Z","level":"info","event":"Network error: ('Connection aborted.', RemoteDisconnected('Remote end closed connection without response')). Attempt 1/3","chan":"stdout","logger":"task"}
{"timestamp":"2025-12-06T18:38:27.880529Z","level":"info","event":"https://musicbrainz.org/ws/2/artist/e8c8a3c3-29b6-421e-b977-fb6796231d41?inc=tags&fmt=json","chan":"stdout","logger":"task"}
{"timestamp":"2025-12-06T18:38:29.058828Z","level":"info","event":"{'name': 'Carly Rae Jepsen', 'id': '6sFIWsNpZYqfjUpaCgueju', 'url': 'https://open.spotify.com/artist/6sFIWsNpZYqfjUpaCgueju'}","chan":"stdout","logger":"task"}
{"timestamp":"2025-12-06T18:38:29.059374Z","level":"info","event":"https://musicbrainz.org/ws/2/url?resource=https://open.spotify.com/artist/6sFIWsNpZYqfjUpaCgueju&inc=artist-rels&fmt=json","chan":"stdout","logger":"task"}
{"timestamp":"2025-12-06T18:38:29.220018Z","level":"info","event":"https://musicbrainz.org/ws/2/artist/09887aa7-226e-4ecc-9a0c-02d2ae5777e1?inc=tags&fmt=json","chan":"stdout","logger":"task"}
{"timestamp":"2025-12-06T18:38:30.377795Z","level":"info","event":"{'name': 'Trinidad James', 'id': '0I5HubncQ8E1MFZOlPDY4J', 'url': 'https://open.spotify.com/artist/0I5HubncQ8E1MFZOlPDY4J'}","chan":"stdout","logger":"task"}
{"timestamp":"2025-12-06T18:38:30.378373Z","level":"info","event":"https://musicbrainz.org/ws/2/url?resource=https://open.spotify.com/artist/0I5HubncQ8E1MFZOlPDY4J&inc=artist-rels&fmt=json","chan":"stdout","logger":"task"}
{"timestamp":"2025-12-06T18:38:30.572443Z","level":"info","event":"https://musicbrainz.org/ws/2/artist/4da8a075-9db8-422e-a154-57386c572d88?inc=tags&fmt=json","chan":"stdout","logger":"task"}
{"timestamp":"2025-12-06T18:38:31.722094Z","level":"info","event":"{'name': 'Lil Wayne', 'id': '55Aa2cqylxrFIXC767Z865', 'url': 'https://open.spotify.com/artist/55Aa2cqylxrFIXC767Z865'}","chan":"stdout","logger":"task"}
{"timestamp":"2025-12-06T18:38:31.723347Z","level":"info","event":"https://musicbrainz.org/ws/2/url?resource=https://open.spotify.com/artist/55Aa2cqylxrFIXC767Z865&inc=artist-rels&fmt=json","chan":"stdout","logger":"task"}
{"timestamp":"2025-12-06T18:38:31.867215Z","level":"info","event":"https://musicbrainz.org/ws/2/artist/ac9a487a-d9d2-4f27-bb23-0f4686488345?inc=tags&fmt=json","chan":"stdout","logger":"task"}
{"timestamp":"2025-12-06T18:38:33.035526Z","level":"info","event":"{'name': 'Detail', 'id': '4sglKanXuoU0gqGYP3wiNv', 'url': 'https://open.spotify.com/artist/4sglKanXuoU0gqGYP3wiNv'}","chan":"stdout","logger":"task"}
{"timestamp":"2025-12-06T18:38:33.036811Z","level":"info","event":"https://musicbrainz.org/ws/2/url?resource=https://open.spotify.com/artist/4sglKanXuoU0gqGYP3wiNv&inc=artist-rels&fmt=json","chan":"stdout","logger":"task"}
{"timestamp":"2025-12-06T18:38:33.185870Z","level":"info","event":"https://musicbrainz.org/ws/2/artist/fbd0227f-5075-40ca-a8dd-9d26d1f4050b?inc=tags&fmt=json","chan":"stdout","logger":"task"}
{"timestamp":"2025-12-06T18:38:34.396370Z","level":"info","event":"{'name': 'Jason Aldean', 'id': '3FfvYsEGaIb52QPXhg4DcH', 'url': 'https://open.spotify.com/artist/3FfvYsEGaIb52QPXhg4DcH'}","chan":"stdout","logger":"task"}
{"timestamp":"2025-12-06T18:38:34.398120Z","level":"info","event":"https://musicbrainz.org/ws/2/url?resource=https://open.spotify.com/artist/3FfvYsEGaIb52QPXhg4DcH&inc=artist-rels&fmt=json","chan":"stdout","logger":"task"}
{"timestamp":"2025-12-06T18:38:34.537907Z","level":"info","event":"https://musicbrainz.org/ws/2/artist/f24df11a-7e35-4979-a4db-a3b2a170ce27?inc=tags&fmt=json","chan":"stdout","logger":"task"}
{"timestamp":"2025-12-06T18:38:35.734963Z","level":"info","event":"{'name': 'Gotye', 'id': '2AsusXITU8P25dlRNhcAbG', 'url': 'https://open.spotify.com/artist/2AsusXITU8P25dlRNhcAbG'}","chan":"stdout","logger":"task"}
{"timestamp":"2025-12-06T18:38:35.735953Z","level":"info","event":"https://musicbrainz.org/ws/2/url?resource=https://open.spotify.com/artist/2AsusXITU8P25dlRNhcAbG&inc=artist-rels&fmt=json","chan":"stdout","logger":"task"}
{"timestamp":"2025-12-06T18:38:35.934766Z","level":"info","event":"https://musicbrainz.org/ws/2/artist/6f6fd596-76e0-4b82-aa37-f558ac2d337b?inc=tags&fmt=json","chan":"stdout","logger":"task"}
{"timestamp":"2025-12-06T18:38:37.125415Z","level":"info","event":"{'name': 'Kimbra', 'id': '6hk7Yq1DU9QcCCrz9uc0Ti', 'url': 'https://open.spotify.com/artist/6hk7Yq1DU9QcCCrz9uc0Ti'}","chan":"stdout","logger":"task"}
{"timestamp":"2025-12-06T18:38:37.125624Z","level":"info","event":"https://musicbrainz.org/ws/2/url?resource=https://open.spotify.com/artist/6hk7Yq1DU9QcCCrz9uc0Ti&inc=artist-rels&fmt=json","chan":"stdout","logger":"task"}
{"timestamp":"2025-12-06T18:59:49.463140Z","level":"info","event":"https://musicbrainz.org/ws/2/artist/fad2875e-ba81-4637-b859-4684622dcb1c?inc=tags&fmt=json","chan":"stdout","logger":"task"}
{"timestamp":"2025-12-06T18:59:49.573431Z","level":"info","event":"Rate limit hit. Retrying in 1s...","chan":"stdout","logger":"task"}
{"timestamp":"2025-12-06T18:59:51.757595Z","level":"info","event":"{'name': 'Randy Houser', 'id': '56x8mYvS3cyDGAi8N2FxbB', 'url': 'https://open.spotify.com/artist/56x8mYvS3cyDGAi8N2FxbB'}","chan":"stdout","logger":"task"}
{"timestamp":"2025-12-06T18:59:51.762183Z","level":"info","event":"https://musicbrainz.org/ws/2/url?resource=https://open.spotify.com/artist/56x8mYvS3cyDGAi8N2FxbB&inc=artist-rels&fmt=json","chan":"stdout","logger":"task"}
{"timestamp":"2025-12-06T18:59:51.895239Z","level":"info","event":"https://musicbrainz.org/ws/2/artist/50e3dd64-6b87-4b9a-a511-c375ae4ff1ca?inc=tags&fmt=json","chan":"stdout","logger":"task"}
{"timestamp":"2025-12-06T18:59:53.048466Z","level":"info","event":"{'name': 'Juicy J', 'id': '5gCRApTajqwbnHHPbr2Fpi', 'url': 'https://open.spotify.com/artist/5gCRApTajqwbnHHPbr2Fpi'}","chan":"stdout","logger":"task"}
{"timestamp":"2025-12-06T18:59:53.049706Z","level":"info","event":"https://musicbrainz.org/ws/2/url?resource=https://open.spotify.com/artist/5gCRApTajqwbnHHPbr2Fpi&inc=artist-rels&fmt=json","chan":"stdout","logger":"task"}
