{"timestamp":"2025-12-04T22:50:39.020564","level":"info","event":"DAG bundles loaded: dags-folder, example_dags","logger":"airflow.dag_processing.bundles.manager.DagBundlesManager"}
{"timestamp":"2025-12-04T22:50:39.023059","level":"info","event":"Filling up the DagBag from /opt/airflow/dags/music_load_dag.py","logger":"airflow.models.dagbag.DagBag"}
{"timestamp":"2025-12-04T22:50:39.537749Z","level":"info","event":"postgresql+psycopg2://airflow:airflow@postgres/airflow","chan":"stdout","logger":"task"}
{"timestamp":"2025-12-04T22:50:40.195647Z","level":"info","event":"Task instance is in running state","chan":"stdout","logger":"task"}
{"timestamp":"2025-12-04T22:50:40.197514Z","level":"info","event":" Previous state of the Task instance: TaskInstanceState.QUEUED","chan":"stdout","logger":"task"}
{"timestamp":"2025-12-04T22:50:40.197959Z","level":"info","event":"Current task name:load_music_data","chan":"stdout","logger":"task"}
{"timestamp":"2025-12-04T22:50:40.198292Z","level":"info","event":"Dag name:weekly_music_pipeline","chan":"stdout","logger":"task"}
{"timestamp":"2025-12-04T22:50:58.323112Z","level":"info","event":"  Searching Spotify for 100 songs...","chan":"stdout","logger":"task"}
{"timestamp":"2025-12-04T22:50:58.324494Z","level":"info","event":"  Processing song 1/100: Imma Be by The Black Eyed Peas","chan":"stdout","logger":"task"}
{"timestamp":"2025-12-04T22:50:59.074806Z","level":"info","event":"1","chan":"stdout","logger":"task"}
{"timestamp":"2025-12-04T22:50:59.795923Z","level":"info","event":"2","chan":"stdout","logger":"task"}
{"timestamp":"2025-12-04T22:51:00.554948Z","level":"info","event":"3","chan":"stdout","logger":"task"}
{"timestamp":"2025-12-04T22:51:01.370003Z","level":"info","event":"4","chan":"stdout","logger":"task"}
{"timestamp":"2025-12-04T22:51:02.265393Z","level":"info","event":"5","chan":"stdout","logger":"task"}
{"timestamp":"2025-12-04T22:51:02.926282Z","level":"info","event":"6","chan":"stdout","logger":"task"}
{"timestamp":"2025-12-04T22:51:03.621698Z","level":"info","event":"7","chan":"stdout","logger":"task"}
{"timestamp":"2025-12-04T22:51:04.337683Z","level":"info","event":"8","chan":"stdout","logger":"task"}
{"timestamp":"2025-12-04T22:51:04.980908Z","level":"info","event":"9","chan":"stdout","logger":"task"}
{"timestamp":"2025-12-04T22:51:04.981930Z","level":"info","event":"  Processing song 10/100: Say Aah by Trey Songz Featuring Fabolous","chan":"stdout","logger":"task"}
{"timestamp":"2025-12-04T22:51:05.737960Z","level":"info","event":"10","chan":"stdout","logger":"task"}
{"timestamp":"2025-12-04T22:51:06.500519Z","level":"info","event":"11","chan":"stdout","logger":"task"}
{"timestamp":"2025-12-04T22:51:07.229083Z","level":"info","event":"12","chan":"stdout","logger":"task"}
{"timestamp":"2025-12-04T22:51:08.094781Z","level":"info","event":"13","chan":"stdout","logger":"task"}
{"timestamp":"2025-12-04T22:51:10.256580Z","level":"info","event":"14","chan":"stdout","logger":"task"}
{"timestamp":"2025-12-04T22:51:11.058438Z","level":"info","event":"15","chan":"stdout","logger":"task"}
{"timestamp":"2025-12-04T22:51:11.799576Z","level":"info","event":"16","chan":"stdout","logger":"task"}
{"timestamp":"2025-12-04T22:51:12.465140Z","level":"info","event":"17","chan":"stdout","logger":"task"}
{"timestamp":"2025-12-04T22:51:13.082335Z","level":"info","event":"18","chan":"stdout","logger":"task"}
{"timestamp":"2025-12-04T22:51:13.847095Z","level":"info","event":"19","chan":"stdout","logger":"task"}
{"timestamp":"2025-12-04T22:51:13.848105Z","level":"info","event":"  Processing song 20/100: I Gotta Feeling by The Black Eyed Peas","chan":"stdout","logger":"task"}
{"timestamp":"2025-12-04T22:51:14.648999Z","level":"info","event":"20","chan":"stdout","logger":"task"}
{"timestamp":"2025-12-04T22:51:15.572475Z","level":"info","event":"21","chan":"stdout","logger":"task"}
{"timestamp":"2025-12-04T22:51:16.253697Z","level":"info","event":"22","chan":"stdout","logger":"task"}
{"timestamp":"2025-12-04T22:51:16.985080Z","level":"info","event":"23","chan":"stdout","logger":"task"}
{"timestamp":"2025-12-04T22:51:17.648864Z","level":"info","event":"24","chan":"stdout","logger":"task"}
{"timestamp":"2025-12-04T22:51:18.313754Z","level":"info","event":"25","chan":"stdout","logger":"task"}
{"timestamp":"2025-12-04T22:51:18.970416Z","level":"info","event":"26","chan":"stdout","logger":"task"}
{"timestamp":"2025-12-04T22:51:19.712288Z","level":"info","event":"27","chan":"stdout","logger":"task"}
{"timestamp":"2025-12-04T22:51:20.339874Z","level":"info","event":"28","chan":"stdout","logger":"task"}
{"timestamp":"2025-12-04T22:51:21.214120Z","level":"info","event":"29","chan":"stdout","logger":"task"}
{"timestamp":"2025-12-04T22:51:21.215184Z","level":"info","event":"  Processing song 30/100: Fireflies by Owl City","chan":"stdout","logger":"task"}
{"timestamp":"2025-12-04T22:51:21.870834Z","level":"info","event":"30","chan":"stdout","logger":"task"}
{"timestamp":"2025-12-04T22:51:22.569446Z","level":"info","event":"31","chan":"stdout","logger":"task"}
{"timestamp":"2025-12-04T22:51:23.191120Z","level":"info","event":"32","chan":"stdout","logger":"task"}
{"timestamp":"2025-12-04T22:51:24.272119Z","level":"info","event":"33","chan":"stdout","logger":"task"}
{"timestamp":"2025-12-04T22:51:25.109227Z","level":"info","event":"34","chan":"stdout","logger":"task"}
{"timestamp":"2025-12-04T22:51:25.865236Z","level":"info","event":"35","chan":"stdout","logger":"task"}
{"timestamp":"2025-12-04T22:51:26.532521Z","level":"info","event":"36","chan":"stdout","logger":"task"}
{"timestamp":"2025-12-04T22:51:27.148361Z","level":"info","event":"37","chan":"stdout","logger":"task"}
{"timestamp":"2025-12-04T22:51:28.018983Z","level":"info","event":"38","chan":"stdout","logger":"task"}
{"timestamp":"2025-12-04T22:51:28.683910Z","level":"info","event":"39","chan":"stdout","logger":"task"}
{"timestamp":"2025-12-04T22:51:28.684301Z","level":"info","event":"  Processing song 40/100: Paparazzi by Lady Gaga","chan":"stdout","logger":"task"}
{"timestamp":"2025-12-04T22:51:29.387592Z","level":"info","event":"40","chan":"stdout","logger":"task"}
{"timestamp":"2025-12-04T22:51:30.088519Z","level":"info","event":"41","chan":"stdout","logger":"task"}
{"timestamp":"2025-12-04T22:51:30.755512Z","level":"info","event":"42","chan":"stdout","logger":"task"}
{"timestamp":"2025-12-04T22:51:31.581588Z","level":"info","event":"43","chan":"stdout","logger":"task"}
{"timestamp":"2025-12-04T22:51:32.194256Z","level":"info","event":"44","chan":"stdout","logger":"task"}
{"timestamp":"2025-12-04T22:51:33.083143Z","level":"info","event":"45","chan":"stdout","logger":"task"}
{"timestamp":"2025-12-04T22:51:33.743591Z","level":"info","event":"46","chan":"stdout","logger":"task"}
{"timestamp":"2025-12-04T22:51:34.765742Z","level":"info","event":"47","chan":"stdout","logger":"task"}
{"timestamp":"2025-12-04T22:51:35.540729Z","level":"info","event":"48","chan":"stdout","logger":"task"}
{"timestamp":"2025-12-04T22:51:36.229844Z","level":"info","event":"49","chan":"stdout","logger":"task"}
{"timestamp":"2025-12-04T22:51:36.230458Z","level":"info","event":"  Processing song 50/100: It Kills Me by Melanie Fiona","chan":"stdout","logger":"task"}
{"timestamp":"2025-12-04T22:51:36.969843Z","level":"info","event":"50","chan":"stdout","logger":"task"}
{"timestamp":"2025-12-04T22:51:37.859804Z","level":"info","event":"51","chan":"stdout","logger":"task"}
{"timestamp":"2025-12-04T22:51:38.768019Z","level":"info","event":"52","chan":"stdout","logger":"task"}
{"timestamp":"2025-12-04T22:51:39.450247Z","level":"info","event":"53","chan":"stdout","logger":"task"}
{"timestamp":"2025-12-04T22:51:40.117983Z","level":"info","event":"54","chan":"stdout","logger":"task"}
{"timestamp":"2025-12-04T22:51:40.713123Z","level":"info","event":"55","chan":"stdout","logger":"task"}
{"timestamp":"2025-12-04T22:51:41.510328Z","level":"info","event":"56","chan":"stdout","logger":"task"}
{"timestamp":"2025-12-04T22:51:42.313885Z","level":"info","event":"57","chan":"stdout","logger":"task"}
{"timestamp":"2025-12-04T22:51:43.000216Z","level":"info","event":"58","chan":"stdout","logger":"task"}
{"timestamp":"2025-12-04T22:51:43.669194Z","level":"info","event":"59","chan":"stdout","logger":"task"}
{"timestamp":"2025-12-04T22:51:43.670584Z","level":"info","event":"  Processing song 60/100: Pants On The Ground by General Larry Platt","chan":"stdout","logger":"task"}
{"timestamp":"2025-12-04T22:51:44.593371Z","level":"info","event":"60","chan":"stdout","logger":"task"}
{"timestamp":"2025-12-04T22:51:45.277541Z","level":"info","event":"61","chan":"stdout","logger":"task"}
{"timestamp":"2025-12-04T22:51:46.185447Z","level":"info","event":"62","chan":"stdout","logger":"task"}
{"timestamp":"2025-12-04T22:51:46.879984Z","level":"info","event":"63","chan":"stdout","logger":"task"}
{"timestamp":"2025-12-04T22:51:47.567029Z","level":"info","event":"64","chan":"stdout","logger":"task"}
{"timestamp":"2025-12-04T22:51:48.225943Z","level":"info","event":"65","chan":"stdout","logger":"task"}
{"timestamp":"2025-12-04T22:51:49.012879Z","level":"info","event":"66","chan":"stdout","logger":"task"}
{"timestamp":"2025-12-04T22:51:49.703401Z","level":"info","event":"67","chan":"stdout","logger":"task"}
{"timestamp":"2025-12-04T22:51:50.550847Z","level":"info","event":"68","chan":"stdout","logger":"task"}
{"timestamp":"2025-12-04T22:51:51.255984Z","level":"info","event":"69","chan":"stdout","logger":"task"}
{"timestamp":"2025-12-04T22:51:51.257013Z","level":"info","event":"  Processing song 70/100: Solo by Iyaz","chan":"stdout","logger":"task"}
{"timestamp":"2025-12-04T22:51:52.057959Z","level":"info","event":"70","chan":"stdout","logger":"task"}
{"timestamp":"2025-12-04T22:51:52.681698Z","level":"info","event":"71","chan":"stdout","logger":"task"}
{"timestamp":"2025-12-04T22:51:53.366629Z","level":"info","event":"72","chan":"stdout","logger":"task"}
{"timestamp":"2025-12-04T22:51:54.110422Z","level":"info","event":"73","chan":"stdout","logger":"task"}
{"timestamp":"2025-12-04T22:51:54.698507Z","level":"info","event":"74","chan":"stdout","logger":"task"}
{"timestamp":"2025-12-04T22:51:55.814884Z","level":"info","event":"75","chan":"stdout","logger":"task"}
{"timestamp":"2025-12-04T22:51:56.633690Z","level":"info","event":"76","chan":"stdout","logger":"task"}
{"timestamp":"2025-12-04T22:51:57.254534Z","level":"info","event":"77","chan":"stdout","logger":"task"}
{"timestamp":"2025-12-04T22:51:58.019901Z","level":"info","event":"78","chan":"stdout","logger":"task"}
{"timestamp":"2025-12-04T22:51:58.684560Z","level":"info","event":"79","chan":"stdout","logger":"task"}
{"timestamp":"2025-12-04T22:51:58.684828Z","level":"info","event":"  Processing song 80/100: All The Way Turnt Up by Roscoe Dash Featuring Soulja Boy Tell'em","chan":"stdout","logger":"task"}
{"timestamp":"2025-12-04T22:51:59.473076Z","level":"info","event":"80","chan":"stdout","logger":"task"}
{"timestamp":"2025-12-04T22:52:00.043833Z","level":"info","event":"81","chan":"stdout","logger":"task"}
{"timestamp":"2025-12-04T22:52:00.830580Z","level":"info","event":"82","chan":"stdout","logger":"task"}
{"timestamp":"2025-12-04T22:52:01.637322Z","level":"info","event":"83","chan":"stdout","logger":"task"}
{"timestamp":"2025-12-04T22:52:02.300240Z","level":"info","event":"84","chan":"stdout","logger":"task"}
{"timestamp":"2025-12-04T22:52:02.947030Z","level":"info","event":"85","chan":"stdout","logger":"task"}
{"timestamp":"2025-12-04T22:52:03.668696Z","level":"info","event":"86","chan":"stdout","logger":"task"}
{"timestamp":"2025-12-04T22:52:04.292766Z","level":"info","event":"87","chan":"stdout","logger":"task"}
{"timestamp":"2025-12-04T22:52:05.183571Z","level":"info","event":"88","chan":"stdout","logger":"task"}
{"timestamp":"2025-12-04T22:52:06.044808Z","level":"info","event":"89","chan":"stdout","logger":"task"}
{"timestamp":"2025-12-04T22:52:06.046152Z","level":"info","event":"  Processing song 90/100: Everything To Me by Monica","chan":"stdout","logger":"task"}
{"timestamp":"2025-12-04T22:52:06.844438Z","level":"info","event":"90","chan":"stdout","logger":"task"}
{"timestamp":"2025-12-04T22:52:07.528898Z","level":"info","event":"91","chan":"stdout","logger":"task"}
{"timestamp":"2025-12-04T22:52:08.317076Z","level":"info","event":"92","chan":"stdout","logger":"task"}
{"timestamp":"2025-12-04T22:52:09.003381Z","level":"info","event":"93","chan":"stdout","logger":"task"}
{"timestamp":"2025-12-04T22:52:09.661103Z","level":"info","event":"94","chan":"stdout","logger":"task"}
{"timestamp":"2025-12-04T22:52:10.272100Z","level":"info","event":"95","chan":"stdout","logger":"task"}
{"timestamp":"2025-12-04T22:52:11.078671Z","level":"info","event":"96","chan":"stdout","logger":"task"}
{"timestamp":"2025-12-04T22:52:11.744132Z","level":"info","event":"97","chan":"stdout","logger":"task"}
{"timestamp":"2025-12-04T22:52:12.467780Z","level":"info","event":"98","chan":"stdout","logger":"task"}
{"timestamp":"2025-12-04T22:52:13.117242Z","level":"info","event":"99","chan":"stdout","logger":"task"}
{"timestamp":"2025-12-04T22:52:13.118114Z","level":"info","event":"  Processing song 100/100: Up Out My Face by Mariah Carey Featuring Nicki Minaj","chan":"stdout","logger":"task"}
{"timestamp":"2025-12-04T22:52:13.816665Z","level":"info","event":"100","chan":"stdout","logger":"task"}
{"timestamp":"2025-12-04T22:52:13.816934Z","level":"info","event":"{'name': 'Black Eyed Peas', 'id': '1yxSLGMDHlW21z4YXirZDS', 'url': 'https://open.spotify.com/artist/1yxSLGMDHlW21z4YXirZDS'}","chan":"stdout","logger":"task"}
{"timestamp":"2025-12-04T22:52:13.817154Z","level":"info","event":"https://musicbrainz.org/ws/2/url?resource=https://open.spotify.com/artist/1yxSLGMDHlW21z4YXirZDS&inc=artist-rels&fmt=json","chan":"stdout","logger":"task"}
{"timestamp":"2025-12-04T22:52:14.194403Z","level":"info","event":"https://musicbrainz.org/ws/2/artist/d5be5333-4171-427e-8e12-732087c6b78e?inc=tags&fmt=json","chan":"stdout","logger":"task"}
{"timestamp":"2025-12-04T22:52:15.374028Z","level":"info","event":"{'name': 'Kesha', 'id': '6LqNN22kT3074XbTVUrhzX', 'url': 'https://open.spotify.com/artist/6LqNN22kT3074XbTVUrhzX'}","chan":"stdout","logger":"task"}
{"timestamp":"2025-12-04T22:52:15.375378Z","level":"info","event":"https://musicbrainz.org/ws/2/url?resource=https://open.spotify.com/artist/6LqNN22kT3074XbTVUrhzX&inc=artist-rels&fmt=json","chan":"stdout","logger":"task"}
{"timestamp":"2025-12-04T22:52:15.573100Z","level":"info","event":"https://musicbrainz.org/ws/2/artist/fab34286-b8e1-4879-bce3-194e1358fbd2?inc=tags&fmt=json","chan":"stdout","logger":"task"}
{"timestamp":"2025-12-04T22:52:16.732460Z","level":"info","event":"{'name': 'Young Money', 'id': '5OrB6Jhhrl9y2PK0pSV4VP', 'url': 'https://open.spotify.com/artist/5OrB6Jhhrl9y2PK0pSV4VP'}","chan":"stdout","logger":"task"}
{"timestamp":"2025-12-04T22:52:16.732745Z","level":"info","event":"https://musicbrainz.org/ws/2/url?resource=https://open.spotify.com/artist/5OrB6Jhhrl9y2PK0pSV4VP&inc=artist-rels&fmt=json","chan":"stdout","logger":"task"}
{"timestamp":"2025-12-04T22:52:16.873585Z","level":"info","event":"https://musicbrainz.org/ws/2/artist/3ba45541-87be-4631-896b-d148b7f70f00?inc=tags&fmt=json","chan":"stdout","logger":"task"}
{"timestamp":"2025-12-04T22:52:18.023706Z","level":"info","event":"{'name': 'Lloyd', 'id': '1Xfmvd48oOhEWkscWyEbh9', 'url': 'https://open.spotify.com/artist/1Xfmvd48oOhEWkscWyEbh9'}","chan":"stdout","logger":"task"}
{"timestamp":"2025-12-04T22:52:18.025704Z","level":"info","event":"https://musicbrainz.org/ws/2/url?resource=https://open.spotify.com/artist/1Xfmvd48oOhEWkscWyEbh9&inc=artist-rels&fmt=json","chan":"stdout","logger":"task"}
{"timestamp":"2025-12-04T22:52:18.191386Z","level":"info","event":"https://musicbrainz.org/ws/2/artist/e9296a90-9c59-4657-9165-1f1b5319de00?inc=tags&fmt=json","chan":"stdout","logger":"task"}
{"timestamp":"2025-12-04T22:52:19.343964Z","level":"info","event":"{'name': 'Lady Gaga', 'id': '1HY2Jd0NmPuamShAr6KMms', 'url': 'https://open.spotify.com/artist/1HY2Jd0NmPuamShAr6KMms'}","chan":"stdout","logger":"task"}
{"timestamp":"2025-12-04T22:52:19.346133Z","level":"info","event":"https://musicbrainz.org/ws/2/url?resource=https://open.spotify.com/artist/1HY2Jd0NmPuamShAr6KMms&inc=artist-rels&fmt=json","chan":"stdout","logger":"task"}
{"timestamp":"2025-12-04T22:52:19.572343Z","level":"info","event":"https://musicbrainz.org/ws/2/artist/650e7db6-b795-4eb5-a702-5ea2fc46c848?inc=tags&fmt=json","chan":"stdout","logger":"task"}
{"timestamp":"2025-12-04T22:52:20.729889Z","level":"info","event":"{'name': 'Lady A', 'id': '32WkQRZEVKSzVAAYqukAEA', 'url': 'https://open.spotify.com/artist/32WkQRZEVKSzVAAYqukAEA'}","chan":"stdout","logger":"task"}
{"timestamp":"2025-12-04T22:52:20.730194Z","level":"info","event":"https://musicbrainz.org/ws/2/url?resource=https://open.spotify.com/artist/32WkQRZEVKSzVAAYqukAEA&inc=artist-rels&fmt=json","chan":"stdout","logger":"task"}
{"timestamp":"2025-12-04T22:52:20.889257Z","level":"info","event":"https://musicbrainz.org/ws/2/artist/0eedfc95-e79a-4fd9-832a-cd816a0b3fda?inc=tags&fmt=json","chan":"stdout","logger":"task"}
{"timestamp":"2025-12-04T22:52:22.042489Z","level":"info","event":"{'name': 'Artists for Haiti', 'id': '0WjcdSKSTiNtfM4uQDIPDm', 'url': 'https://open.spotify.com/artist/0WjcdSKSTiNtfM4uQDIPDm'}","chan":"stdout","logger":"task"}
{"timestamp":"2025-12-04T22:52:22.046315Z","level":"info","event":"https://musicbrainz.org/ws/2/url?resource=https://open.spotify.com/artist/0WjcdSKSTiNtfM4uQDIPDm&inc=artist-rels&fmt=json","chan":"stdout","logger":"task"}
{"timestamp":"2025-12-04T22:52:22.174999Z","level":"info","event":"HTTP 404: Not Found","chan":"stdout","logger":"task"}
{"timestamp":"2025-12-04T22:52:22.177968Z","level":"info","event":"unable to get mbid for https://open.spotify.com/artist/0WjcdSKSTiNtfM4uQDIPDm","chan":"stdout","logger":"task"}
{"timestamp":"2025-12-04T22:52:23.179227Z","level":"info","event":"{'name': 'Train', 'id': '3FUY2gzHeIiaesXtOAdB7A', 'url': 'https://open.spotify.com/artist/3FUY2gzHeIiaesXtOAdB7A'}","chan":"stdout","logger":"task"}
{"timestamp":"2025-12-04T22:52:23.180535Z","level":"info","event":"https://musicbrainz.org/ws/2/url?resource=https://open.spotify.com/artist/3FUY2gzHeIiaesXtOAdB7A&inc=artist-rels&fmt=json","chan":"stdout","logger":"task"}
{"timestamp":"2025-12-04T22:52:23.320141Z","level":"info","event":"https://musicbrainz.org/ws/2/artist/bfd5aec5-62a2-4560-a316-7c46c17babda?inc=tags&fmt=json","chan":"stdout","logger":"task"}
{"timestamp":"2025-12-04T22:52:24.489419Z","level":"info","event":"{'name': 'Ludacris', 'id': '3ipn9JLAPI5GUEo4y4jcoi', 'url': 'https://open.spotify.com/artist/3ipn9JLAPI5GUEo4y4jcoi'}","chan":"stdout","logger":"task"}
{"timestamp":"2025-12-04T22:52:24.490410Z","level":"info","event":"https://musicbrainz.org/ws/2/url?resource=https://open.spotify.com/artist/3ipn9JLAPI5GUEo4y4jcoi&inc=artist-rels&fmt=json","chan":"stdout","logger":"task"}
{"timestamp":"2025-12-04T22:52:24.693069Z","level":"info","event":"https://musicbrainz.org/ws/2/artist/0638ba22-040f-438d-83a5-9b670c4adaf5?inc=tags&fmt=json","chan":"stdout","logger":"task"}
{"timestamp":"2025-12-04T22:52:25.900598Z","level":"info","event":"{'name': 'Jason Derulo', 'id': '07YZf4WDAMNwqr4jfgOZ8y', 'url': 'https://open.spotify.com/artist/07YZf4WDAMNwqr4jfgOZ8y'}","chan":"stdout","logger":"task"}
{"timestamp":"2025-12-04T22:52:25.904317Z","level":"info","event":"https://musicbrainz.org/ws/2/url?resource=https://open.spotify.com/artist/07YZf4WDAMNwqr4jfgOZ8y&inc=artist-rels&fmt=json","chan":"stdout","logger":"task"}
{"timestamp":"2025-12-04T22:52:26.073274Z","level":"info","event":"https://musicbrainz.org/ws/2/artist/6de0f914-3e60-4418-be3b-42e0feb6eb4d?inc=tags&fmt=json","chan":"stdout","logger":"task"}
{"timestamp":"2025-12-04T22:52:27.223131Z","level":"info","event":"{'name': 'Trey Songz', 'id': '2iojnBLj0qIMiKPvVhLnsH', 'url': 'https://open.spotify.com/artist/2iojnBLj0qIMiKPvVhLnsH'}","chan":"stdout","logger":"task"}
{"timestamp":"2025-12-04T22:52:27.224313Z","level":"info","event":"https://musicbrainz.org/ws/2/url?resource=https://open.spotify.com/artist/2iojnBLj0qIMiKPvVhLnsH&inc=artist-rels&fmt=json","chan":"stdout","logger":"task"}
{"timestamp":"2025-12-04T22:52:27.368053Z","level":"info","event":"https://musicbrainz.org/ws/2/artist/4d7304f6-7fe3-4959-9d98-01a5af84afe6?inc=tags&fmt=json","chan":"stdout","logger":"task"}
{"timestamp":"2025-12-04T22:52:28.548689Z","level":"info","event":"{'name': 'Fabolous', 'id': '0YWxKQj2Go9CGHCp77UOyy', 'url': 'https://open.spotify.com/artist/0YWxKQj2Go9CGHCp77UOyy'}","chan":"stdout","logger":"task"}
{"timestamp":"2025-12-04T22:52:28.555003Z","level":"info","event":"https://musicbrainz.org/ws/2/url?resource=https://open.spotify.com/artist/0YWxKQj2Go9CGHCp77UOyy&inc=artist-rels&fmt=json","chan":"stdout","logger":"task"}
{"timestamp":"2025-12-04T22:52:28.700160Z","level":"info","event":"https://musicbrainz.org/ws/2/artist/d2299099-e617-46dd-b013-ba0b4c72bc63?inc=tags&fmt=json","chan":"stdout","logger":"task"}
{"timestamp":"2025-12-04T22:52:29.875449Z","level":"info","event":"{'name': '3OH!3', 'id': '0FWzNDaEu9jdgcYTbcOa4F', 'url': 'https://open.spotify.com/artist/0FWzNDaEu9jdgcYTbcOa4F'}","chan":"stdout","logger":"task"}
{"timestamp":"2025-12-04T22:52:29.877285Z","level":"info","event":"https://musicbrainz.org/ws/2/url?resource=https://open.spotify.com/artist/0FWzNDaEu9jdgcYTbcOa4F&inc=artist-rels&fmt=json","chan":"stdout","logger":"task"}
{"timestamp":"2025-12-04T22:52:30.064413Z","level":"info","event":"https://musicbrainz.org/ws/2/artist/125948ec-7f91-4d1a-8b83-accbf50fae3d?inc=tags&fmt=json","chan":"stdout","logger":"task"}
{"timestamp":"2025-12-04T22:52:31.243841Z","level":"info","event":"{'name': 'David Guetta', 'id': '1Cs0zKBU1kc0i8ypK3B9ai', 'url': 'https://open.spotify.com/artist/1Cs0zKBU1kc0i8ypK3B9ai'}","chan":"stdout","logger":"task"}
{"timestamp":"2025-12-04T22:52:31.245973Z","level":"info","event":"https://musicbrainz.org/ws/2/url?resource=https://open.spotify.com/artist/1Cs0zKBU1kc0i8ypK3B9ai&inc=artist-rels&fmt=json","chan":"stdout","logger":"task"}
{"timestamp":"2025-12-04T22:52:31.409844Z","level":"info","event":"https://musicbrainz.org/ws/2/artist/302bd7b9-d012-4360-897a-93b00c855680?inc=tags&fmt=json","chan":"stdout","logger":"task"}
{"timestamp":"2025-12-04T22:52:32.558825Z","level":"info","event":"{'name': 'Akon', 'id': '0z4gvV4rjIZ9wHck67ucSV', 'url': 'https://open.spotify.com/artist/0z4gvV4rjIZ9wHck67ucSV'}","chan":"stdout","logger":"task"}
{"timestamp":"2025-12-04T22:52:32.559668Z","level":"info","event":"https://musicbrainz.org/ws/2/url?resource=https://open.spotify.com/artist/0z4gvV4rjIZ9wHck67ucSV&inc=artist-rels&fmt=json","chan":"stdout","logger":"task"}
{"timestamp":"2025-12-04T22:52:32.730106Z","level":"info","event":"https://musicbrainz.org/ws/2/artist/1138a764-2212-4d0a-b02d-0dc14df91e08?inc=tags&fmt=json","chan":"stdout","logger":"task"}
{"timestamp":"2025-12-04T22:52:33.886760Z","level":"info","event":"{'name': 'Justin Bieber', 'id': '1uNFoZAHBGtllmzznpCI3s', 'url': 'https://open.spotify.com/artist/1uNFoZAHBGtllmzznpCI3s'}","chan":"stdout","logger":"task"}
{"timestamp":"2025-12-04T22:52:33.887668Z","level":"info","event":"https://musicbrainz.org/ws/2/url?resource=https://open.spotify.com/artist/1uNFoZAHBGtllmzznpCI3s&inc=artist-rels&fmt=json","chan":"stdout","logger":"task"}
{"timestamp":"2025-12-04T22:52:34.038237Z","level":"info","event":"https://musicbrainz.org/ws/2/artist/e0140a67-e4d1-4f13-8a01-364355bee46e?inc=tags&fmt=json","chan":"stdout","logger":"task"}
{"timestamp":"2025-12-04T22:52:34.142761Z","level":"info","event":"Rate limit hit. Retrying in 1s...","chan":"stdout","logger":"task"}
{"timestamp":"2025-12-04T22:52:36.329604Z","level":"info","event":"{'name': 'Beyoncé', 'id': '6vWDO969PvNqNYHIOW5v0m', 'url': 'https://open.spotify.com/artist/6vWDO969PvNqNYHIOW5v0m'}","chan":"stdout","logger":"task"}
{"timestamp":"2025-12-04T22:52:36.330302Z","level":"info","event":"https://musicbrainz.org/ws/2/url?resource=https://open.spotify.com/artist/6vWDO969PvNqNYHIOW5v0m&inc=artist-rels&fmt=json","chan":"stdout","logger":"task"}
{"timestamp":"2025-12-04T22:52:36.495321Z","level":"info","event":"https://musicbrainz.org/ws/2/artist/859d0860-d480-4efd-970c-c05d5f1776b8?inc=tags&fmt=json","chan":"stdout","logger":"task"}
{"timestamp":"2025-12-04T22:52:37.653901Z","level":"info","event":"{'name': 'Timbaland', 'id': '5Y5TRrQiqgUO4S36tzjIRZ', 'url': 'https://open.spotify.com/artist/5Y5TRrQiqgUO4S36tzjIRZ'}","chan":"stdout","logger":"task"}
{"timestamp":"2025-12-04T22:52:37.655542Z","level":"info","event":"https://musicbrainz.org/ws/2/url?resource=https://open.spotify.com/artist/5Y5TRrQiqgUO4S36tzjIRZ&inc=artist-rels&fmt=json","chan":"stdout","logger":"task"}
{"timestamp":"2025-12-04T22:52:37.872941Z","level":"info","event":"https://musicbrainz.org/ws/2/artist/daa09819-5da5-4c7a-8bef-eb372bb27ff1?inc=tags&fmt=json","chan":"stdout","logger":"task"}
{"timestamp":"2025-12-04T22:52:39.039440Z","level":"info","event":"{'name': 'Justin Timberlake', 'id': '31TPClRtHm23RisEBtV3X7', 'url': 'https://open.spotify.com/artist/31TPClRtHm23RisEBtV3X7'}","chan":"stdout","logger":"task"}
{"timestamp":"2025-12-04T22:52:39.040024Z","level":"info","event":"https://musicbrainz.org/ws/2/url?resource=https://open.spotify.com/artist/31TPClRtHm23RisEBtV3X7&inc=artist-rels&fmt=json","chan":"stdout","logger":"task"}
{"timestamp":"2025-12-04T22:52:39.192565Z","level":"info","event":"https://musicbrainz.org/ws/2/artist/596ffa74-3d08-44ef-b113-765d43d12738?inc=tags&fmt=json","chan":"stdout","logger":"task"}
{"timestamp":"2025-12-04T22:52:40.346115Z","level":"info","event":"{'name': 'Iyaz', 'id': '5tKXB9uuebKE34yowVaU3C', 'url': 'https://open.spotify.com/artist/5tKXB9uuebKE34yowVaU3C'}","chan":"stdout","logger":"task"}
{"timestamp":"2025-12-04T22:52:40.346419Z","level":"info","event":"https://musicbrainz.org/ws/2/url?resource=https://open.spotify.com/artist/5tKXB9uuebKE34yowVaU3C&inc=artist-rels&fmt=json","chan":"stdout","logger":"task"}
{"timestamp":"2025-12-04T22:52:40.482506Z","level":"info","event":"https://musicbrainz.org/ws/2/artist/3bf30073-ce4e-4207-88d2-ad83677b0387?inc=tags&fmt=json","chan":"stdout","logger":"task"}
{"timestamp":"2025-12-04T22:52:41.666857Z","level":"info","event":"{'name': 'Orianthi', 'id': '0yNy8fi1yBBq526E6mx4Zs', 'url': 'https://open.spotify.com/artist/0yNy8fi1yBBq526E6mx4Zs'}","chan":"stdout","logger":"task"}
{"timestamp":"2025-12-04T22:52:41.667683Z","level":"info","event":"https://musicbrainz.org/ws/2/url?resource=https://open.spotify.com/artist/0yNy8fi1yBBq526E6mx4Zs&inc=artist-rels&fmt=json","chan":"stdout","logger":"task"}
{"timestamp":"2025-12-04T22:52:41.823621Z","level":"info","event":"https://musicbrainz.org/ws/2/artist/15674cab-ca9c-4704-b15f-c601d2f4409b?inc=tags&fmt=json","chan":"stdout","logger":"task"}
{"timestamp":"2025-12-04T22:52:43.005268Z","level":"info","event":"{'name': 'JAY-Z', 'id': '3nFkdlSjzX9mRTtwJOzDYB', 'url': 'https://open.spotify.com/artist/3nFkdlSjzX9mRTtwJOzDYB'}","chan":"stdout","logger":"task"}
{"timestamp":"2025-12-04T22:52:43.006818Z","level":"info","event":"https://musicbrainz.org/ws/2/url?resource=https://open.spotify.com/artist/3nFkdlSjzX9mRTtwJOzDYB&inc=artist-rels&fmt=json","chan":"stdout","logger":"task"}
{"timestamp":"2025-12-04T22:52:43.151620Z","level":"info","event":"https://musicbrainz.org/ws/2/artist/f82bcf78-5b69-4622-a5ef-73800768d9ac?inc=tags&fmt=json","chan":"stdout","logger":"task"}
{"timestamp":"2025-12-04T22:52:44.296578Z","level":"info","event":"{'name': 'Alicia Keys', 'id': '3DiDSECUqqY1AuBP8qtaIa', 'url': 'https://open.spotify.com/artist/3DiDSECUqqY1AuBP8qtaIa'}","chan":"stdout","logger":"task"}
{"timestamp":"2025-12-04T22:52:44.298351Z","level":"info","event":"https://musicbrainz.org/ws/2/url?resource=https://open.spotify.com/artist/3DiDSECUqqY1AuBP8qtaIa&inc=artist-rels&fmt=json","chan":"stdout","logger":"task"}
{"timestamp":"2025-12-04T22:52:44.499654Z","level":"info","event":"https://musicbrainz.org/ws/2/artist/8ef1df30-ae4f-4dbd-9351-1a32b208a01e?inc=tags&fmt=json","chan":"stdout","logger":"task"}
{"timestamp":"2025-12-04T22:52:45.666927Z","level":"info","event":"{'name': 'Kris Allen', 'id': '2zwHaEmXxX6DTv4i8ajNCM', 'url': 'https://open.spotify.com/artist/2zwHaEmXxX6DTv4i8ajNCM'}","chan":"stdout","logger":"task"}
{"timestamp":"2025-12-04T22:52:45.667429Z","level":"info","event":"https://musicbrainz.org/ws/2/url?resource=https://open.spotify.com/artist/2zwHaEmXxX6DTv4i8ajNCM&inc=artist-rels&fmt=json","chan":"stdout","logger":"task"}
{"timestamp":"2025-12-04T22:52:45.918986Z","level":"info","event":"https://musicbrainz.org/ws/2/artist/9ce29a24-b118-41a3-9297-2618f26b124d?inc=tags&fmt=json","chan":"stdout","logger":"task"}
{"timestamp":"2025-12-04T22:52:47.090787Z","level":"info","event":"{'name': 'B.o.B', 'id': '5ndkK3dpZLKtBklKjxNQwT', 'url': 'https://open.spotify.com/artist/5ndkK3dpZLKtBklKjxNQwT'}","chan":"stdout","logger":"task"}
{"timestamp":"2025-12-04T22:52:47.092098Z","level":"info","event":"https://musicbrainz.org/ws/2/url?resource=https://open.spotify.com/artist/5ndkK3dpZLKtBklKjxNQwT&inc=artist-rels&fmt=json","chan":"stdout","logger":"task"}
{"timestamp":"2025-12-04T22:52:47.245240Z","level":"info","event":"https://musicbrainz.org/ws/2/artist/94c338ff-1985-4429-9dc8-997b61bb5932?inc=tags&fmt=json","chan":"stdout","logger":"task"}
{"timestamp":"2025-12-04T22:52:48.401215Z","level":"info","event":"{'name': 'Bruno Mars', 'id': '0du5cEVh5yTK9QJze8zA0C', 'url': 'https://open.spotify.com/artist/0du5cEVh5yTK9QJze8zA0C'}","chan":"stdout","logger":"task"}
{"timestamp":"2025-12-04T22:52:48.402242Z","level":"info","event":"https://musicbrainz.org/ws/2/url?resource=https://open.spotify.com/artist/0du5cEVh5yTK9QJze8zA0C&inc=artist-rels&fmt=json","chan":"stdout","logger":"task"}
{"timestamp":"2025-12-04T22:52:48.547598Z","level":"info","event":"https://musicbrainz.org/ws/2/artist/afb680f2-b6eb-4cd7-a70b-a63b25c763d5?inc=tags&fmt=json","chan":"stdout","logger":"task"}
{"timestamp":"2025-12-04T22:52:49.695636Z","level":"info","event":"{'name': 'The Script', 'id': '3AQRLZ9PuTAozP28Skbq8V', 'url': 'https://open.spotify.com/artist/3AQRLZ9PuTAozP28Skbq8V'}","chan":"stdout","logger":"task"}
{"timestamp":"2025-12-04T22:52:49.697100Z","level":"info","event":"https://musicbrainz.org/ws/2/url?resource=https://open.spotify.com/artist/3AQRLZ9PuTAozP28Skbq8V&inc=artist-rels&fmt=json","chan":"stdout","logger":"task"}
{"timestamp":"2025-12-04T22:52:49.856073Z","level":"info","event":"https://musicbrainz.org/ws/2/artist/4c98aa1b-34eb-4336-987f-5e50aa059c00?inc=tags&fmt=json","chan":"stdout","logger":"task"}
{"timestamp":"2025-12-04T22:52:51.029199Z","level":"info","event":"{'name': 'Rihanna', 'id': '5pKCCKE2ajJHZ9KAiaK11H', 'url': 'https://open.spotify.com/artist/5pKCCKE2ajJHZ9KAiaK11H'}","chan":"stdout","logger":"task"}
{"timestamp":"2025-12-04T22:52:51.030424Z","level":"info","event":"https://musicbrainz.org/ws/2/url?resource=https://open.spotify.com/artist/5pKCCKE2ajJHZ9KAiaK11H&inc=artist-rels&fmt=json","chan":"stdout","logger":"task"}
{"timestamp":"2025-12-04T22:52:51.177075Z","level":"info","event":"https://musicbrainz.org/ws/2/artist/73e5e69d-3554-40d8-8516-00cb38737a1c?inc=tags&fmt=json","chan":"stdout","logger":"task"}
{"timestamp":"2025-12-04T22:52:52.306038Z","level":"info","event":"{'name': 'Taylor Swift', 'id': '06HL4z0CvFAxyc27GXpf02', 'url': 'https://open.spotify.com/artist/06HL4z0CvFAxyc27GXpf02'}","chan":"stdout","logger":"task"}
{"timestamp":"2025-12-04T22:52:52.307386Z","level":"info","event":"https://musicbrainz.org/ws/2/url?resource=https://open.spotify.com/artist/06HL4z0CvFAxyc27GXpf02&inc=artist-rels&fmt=json","chan":"stdout","logger":"task"}
{"timestamp":"2025-12-04T22:52:52.451555Z","level":"info","event":"https://musicbrainz.org/ws/2/artist/20244d07-534f-4eff-b4d4-930878889970?inc=tags&fmt=json","chan":"stdout","logger":"task"}
{"timestamp":"2025-12-04T22:52:53.609788Z","level":"info","event":"{'name': 'Jay Sean', 'id': '4pADjHPWyrlAF0FA7joK2H', 'url': 'https://open.spotify.com/artist/4pADjHPWyrlAF0FA7joK2H'}","chan":"stdout","logger":"task"}
{"timestamp":"2025-12-04T22:52:53.610777Z","level":"info","event":"https://musicbrainz.org/ws/2/url?resource=https://open.spotify.com/artist/4pADjHPWyrlAF0FA7joK2H&inc=artist-rels&fmt=json","chan":"stdout","logger":"task"}
{"timestamp":"2025-12-04T22:52:53.792841Z","level":"info","event":"https://musicbrainz.org/ws/2/artist/e03cf5b6-d2ec-4465-adee-226b518bcfcd?inc=tags&fmt=json","chan":"stdout","logger":"task"}
{"timestamp":"2025-12-04T22:52:54.960047Z","level":"info","event":"{'name': 'Sean Paul', 'id': '3Isy6kedDrgPYoTS1dazA9', 'url': 'https://open.spotify.com/artist/3Isy6kedDrgPYoTS1dazA9'}","chan":"stdout","logger":"task"}
{"timestamp":"2025-12-04T22:52:54.961722Z","level":"info","event":"https://musicbrainz.org/ws/2/url?resource=https://open.spotify.com/artist/3Isy6kedDrgPYoTS1dazA9&inc=artist-rels&fmt=json","chan":"stdout","logger":"task"}
{"timestamp":"2025-12-04T22:52:55.118277Z","level":"info","event":"https://musicbrainz.org/ws/2/artist/c3da3346-2643-48a7-93cd-011f6834b3d7?inc=tags&fmt=json","chan":"stdout","logger":"task"}
{"timestamp":"2025-12-04T22:52:55.229951Z","level":"info","event":"Rate limit hit. Retrying in 1s...","chan":"stdout","logger":"task"}
{"timestamp":"2025-12-04T22:52:57.397963Z","level":"info","event":"{'name': 'Lil Jon', 'id': '7sfl4Xt5KmfyDs2T3SVSMK', 'url': 'https://open.spotify.com/artist/7sfl4Xt5KmfyDs2T3SVSMK'}","chan":"stdout","logger":"task"}
{"timestamp":"2025-12-04T22:52:57.399208Z","level":"info","event":"https://musicbrainz.org/ws/2/url?resource=https://open.spotify.com/artist/7sfl4Xt5KmfyDs2T3SVSMK&inc=artist-rels&fmt=json","chan":"stdout","logger":"task"}
{"timestamp":"2025-12-04T22:52:57.552474Z","level":"info","event":"https://musicbrainz.org/ws/2/artist/a95384b1-6aec-468c-ae0d-8c6daf87c4c2?inc=tags&fmt=json","chan":"stdout","logger":"task"}
{"timestamp":"2025-12-04T22:52:58.735148Z","level":"info","event":"{'name': 'New Boyz', 'id': '1ZKqrja0WvbSssYNFO3lzs', 'url': 'https://open.spotify.com/artist/1ZKqrja0WvbSssYNFO3lzs'}","chan":"stdout","logger":"task"}
{"timestamp":"2025-12-04T22:52:58.737488Z","level":"info","event":"https://musicbrainz.org/ws/2/url?resource=https://open.spotify.com/artist/1ZKqrja0WvbSssYNFO3lzs&inc=artist-rels&fmt=json","chan":"stdout","logger":"task"}
{"timestamp":"2025-12-04T22:52:58.890183Z","level":"info","event":"https://musicbrainz.org/ws/2/artist/8e1d63a3-2980-4d69-ba61-1024e8a6df4b?inc=tags&fmt=json","chan":"stdout","logger":"task"}
{"timestamp":"2025-12-04T22:53:00.040903Z","level":"info","event":"{'name': 'Ray J', 'id': '6gbGGM0E8Q1hE511psqxL0', 'url': 'https://open.spotify.com/artist/6gbGGM0E8Q1hE511psqxL0'}","chan":"stdout","logger":"task"}
{"timestamp":"2025-12-04T22:53:00.041839Z","level":"info","event":"https://musicbrainz.org/ws/2/url?resource=https://open.spotify.com/artist/6gbGGM0E8Q1hE511psqxL0&inc=artist-rels&fmt=json","chan":"stdout","logger":"task"}
{"timestamp":"2025-12-04T22:53:00.223056Z","level":"info","event":"https://musicbrainz.org/ws/2/artist/9a07de5c-37e5-4907-ac77-ba9674a9bd6a?inc=tags&fmt=json","chan":"stdout","logger":"task"}
{"timestamp":"2025-12-04T22:53:01.410342Z","level":"info","event":"{'name': 'Jeezy', 'id': '4yBK75WVCQXej1p04GWqxH', 'url': 'https://open.spotify.com/artist/4yBK75WVCQXej1p04GWqxH'}","chan":"stdout","logger":"task"}
{"timestamp":"2025-12-04T22:53:01.411672Z","level":"info","event":"https://musicbrainz.org/ws/2/url?resource=https://open.spotify.com/artist/4yBK75WVCQXej1p04GWqxH&inc=artist-rels&fmt=json","chan":"stdout","logger":"task"}
{"timestamp":"2025-12-04T22:53:01.559809Z","level":"info","event":"https://musicbrainz.org/ws/2/artist/dcad99e7-3c3e-4c78-bf8a-68203e17da48?inc=tags&fmt=json","chan":"stdout","logger":"task"}
{"timestamp":"2025-12-04T22:53:02.741721Z","level":"info","event":"{'name': 'Adam Lambert', 'id': '6prmLEyn4LfHlD9NnXWlf7', 'url': 'https://open.spotify.com/artist/6prmLEyn4LfHlD9NnXWlf7'}","chan":"stdout","logger":"task"}
{"timestamp":"2025-12-04T22:53:02.741978Z","level":"info","event":"https://musicbrainz.org/ws/2/url?resource=https://open.spotify.com/artist/6prmLEyn4LfHlD9NnXWlf7&inc=artist-rels&fmt=json","chan":"stdout","logger":"task"}
{"timestamp":"2025-12-04T22:53:02.887488Z","level":"info","event":"https://musicbrainz.org/ws/2/artist/e942594a-91cc-427a-8beb-6815c28e9254?inc=tags&fmt=json","chan":"stdout","logger":"task"}
{"timestamp":"2025-12-04T22:53:04.052046Z","level":"info","event":"{'name': 'BOYS LIKE GIRLS', 'id': '0vWCyXMrrvMlCcepuOJaGI', 'url': 'https://open.spotify.com/artist/0vWCyXMrrvMlCcepuOJaGI'}","chan":"stdout","logger":"task"}
{"timestamp":"2025-12-04T22:53:04.053305Z","level":"info","event":"https://musicbrainz.org/ws/2/url?resource=https://open.spotify.com/artist/0vWCyXMrrvMlCcepuOJaGI&inc=artist-rels&fmt=json","chan":"stdout","logger":"task"}
{"timestamp":"2025-12-04T22:53:04.206533Z","level":"info","event":"https://musicbrainz.org/ws/2/artist/d6e65033-b56a-49df-8744-6fc3ffd75edd?inc=tags&fmt=json","chan":"stdout","logger":"task"}
{"timestamp":"2025-12-04T22:53:05.355140Z","level":"info","event":"{'name': 'Owl City', 'id': '07QEuhtrNmmZ0zEcqE9SF6', 'url': 'https://open.spotify.com/artist/07QEuhtrNmmZ0zEcqE9SF6'}","chan":"stdout","logger":"task"}
{"timestamp":"2025-12-04T22:53:05.355870Z","level":"info","event":"https://musicbrainz.org/ws/2/url?resource=https://open.spotify.com/artist/07QEuhtrNmmZ0zEcqE9SF6&inc=artist-rels&fmt=json","chan":"stdout","logger":"task"}
{"timestamp":"2025-12-04T22:53:05.504209Z","level":"info","event":"https://musicbrainz.org/ws/2/artist/ad279295-653f-42e1-9aaa-b731df2e78ba?inc=tags&fmt=json","chan":"stdout","logger":"task"}
{"timestamp":"2025-12-04T22:53:06.658358Z","level":"info","event":"{'name': 'Lil Wayne', 'id': '55Aa2cqylxrFIXC767Z865', 'url': 'https://open.spotify.com/artist/55Aa2cqylxrFIXC767Z865'}","chan":"stdout","logger":"task"}
{"timestamp":"2025-12-04T22:53:06.659348Z","level":"info","event":"https://musicbrainz.org/ws/2/url?resource=https://open.spotify.com/artist/55Aa2cqylxrFIXC767Z865&inc=artist-rels&fmt=json","chan":"stdout","logger":"task"}
{"timestamp":"2025-12-04T22:53:06.795706Z","level":"info","event":"https://musicbrainz.org/ws/2/artist/ac9a487a-d9d2-4f27-bb23-0f4686488345?inc=tags&fmt=json","chan":"stdout","logger":"task"}
{"timestamp":"2025-12-04T22:53:07.928552Z","level":"info","event":"{'name': 'Drake', 'id': '3TVXtAsR1Inumwj472S9r4', 'url': 'https://open.spotify.com/artist/3TVXtAsR1Inumwj472S9r4'}","chan":"stdout","logger":"task"}
{"timestamp":"2025-12-04T22:53:07.929894Z","level":"info","event":"https://musicbrainz.org/ws/2/url?resource=https://open.spotify.com/artist/3TVXtAsR1Inumwj472S9r4&inc=artist-rels&fmt=json","chan":"stdout","logger":"task"}
{"timestamp":"2025-12-04T22:53:08.072597Z","level":"info","event":"https://musicbrainz.org/ws/2/artist/9fff2f8a-21e6-47de-a2b8-7f449929d43f?inc=tags&fmt=json","chan":"stdout","logger":"task"}
{"timestamp":"2025-12-04T22:53:09.262641Z","level":"info","event":"{'name': 'Michael Bublé', 'id': '1GxkXlMwML1oSg5eLPiAz3', 'url': 'https://open.spotify.com/artist/1GxkXlMwML1oSg5eLPiAz3'}","chan":"stdout","logger":"task"}
{"timestamp":"2025-12-04T22:53:09.263936Z","level":"info","event":"https://musicbrainz.org/ws/2/url?resource=https://open.spotify.com/artist/1GxkXlMwML1oSg5eLPiAz3&inc=artist-rels&fmt=json","chan":"stdout","logger":"task"}
{"timestamp":"2025-12-04T22:53:09.435008Z","level":"info","event":"https://musicbrainz.org/ws/2/artist/611700cf-27f0-4dc9-ae80-c513a767853e?inc=tags&fmt=json","chan":"stdout","logger":"task"}
{"timestamp":"2025-12-04T22:53:10.597143Z","level":"info","event":"{'name': 'OneRepublic', 'id': '5Pwc4xIPtQLFEnJriah9YJ', 'url': 'https://open.spotify.com/artist/5Pwc4xIPtQLFEnJriah9YJ'}","chan":"stdout","logger":"task"}
{"timestamp":"2025-12-04T22:53:10.597404Z","level":"info","event":"https://musicbrainz.org/ws/2/url?resource=https://open.spotify.com/artist/5Pwc4xIPtQLFEnJriah9YJ&inc=artist-rels&fmt=json","chan":"stdout","logger":"task"}
{"timestamp":"2025-12-04T22:53:10.740619Z","level":"info","event":"https://musicbrainz.org/ws/2/artist/c33c2065-b1c3-4406-b066-d33a9e2ea71a?inc=tags&fmt=json","chan":"stdout","logger":"task"}
{"timestamp":"2025-12-04T22:53:11.894109Z","level":"info","event":"{'name': 'Selena Gomez & The Scene', 'id': '6dJeKm76NjfXBNTpHmOhfO', 'url': 'https://open.spotify.com/artist/6dJeKm76NjfXBNTpHmOhfO'}","chan":"stdout","logger":"task"}
{"timestamp":"2025-12-04T22:53:11.896307Z","level":"info","event":"https://musicbrainz.org/ws/2/url?resource=https://open.spotify.com/artist/6dJeKm76NjfXBNTpHmOhfO&inc=artist-rels&fmt=json","chan":"stdout","logger":"task"}
{"timestamp":"2025-12-04T22:53:12.087632Z","level":"info","event":"https://musicbrainz.org/ws/2/artist/37d0a847-32d3-480f-bd1e-101f50a3d332?inc=tags&fmt=json","chan":"stdout","logger":"task"}
{"timestamp":"2025-12-04T22:53:13.233585Z","level":"info","event":"{'name': 'Kanye West', 'id': '5K4W6rqBFWDnAN6FQUkS6x', 'url': 'https://open.spotify.com/artist/5K4W6rqBFWDnAN6FQUkS6x'}","chan":"stdout","logger":"task"}
{"timestamp":"2025-12-04T22:53:13.234832Z","level":"info","event":"https://musicbrainz.org/ws/2/url?resource=https://open.spotify.com/artist/5K4W6rqBFWDnAN6FQUkS6x&inc=artist-rels&fmt=json","chan":"stdout","logger":"task"}
{"timestamp":"2025-12-04T22:53:13.399413Z","level":"info","event":"https://musicbrainz.org/ws/2/artist/164f0d73-1234-4e2c-8743-d77bf2191051?inc=tags&fmt=json","chan":"stdout","logger":"task"}
{"timestamp":"2025-12-04T22:53:14.584579Z","level":"info","event":"{'name': 'Eminem', 'id': '7dGJo4pcD2V6oG8kP0tJRR', 'url': 'https://open.spotify.com/artist/7dGJo4pcD2V6oG8kP0tJRR'}","chan":"stdout","logger":"task"}
{"timestamp":"2025-12-04T22:53:14.588521Z","level":"info","event":"https://musicbrainz.org/ws/2/url?resource=https://open.spotify.com/artist/7dGJo4pcD2V6oG8kP0tJRR&inc=artist-rels&fmt=json","chan":"stdout","logger":"task"}
{"timestamp":"2025-12-04T22:53:14.755608Z","level":"info","event":"https://musicbrainz.org/ws/2/artist/b95ce3ff-3d05-4e87-9e01-c97b66af13d4?inc=tags&fmt=json","chan":"stdout","logger":"task"}
{"timestamp":"2025-12-04T22:53:15.911057Z","level":"info","event":"{'name': 'Josh Turner', 'id': '7vCtweS8UVAXTyau2j0rDT', 'url': 'https://open.spotify.com/artist/7vCtweS8UVAXTyau2j0rDT'}","chan":"stdout","logger":"task"}
{"timestamp":"2025-12-04T22:53:15.911932Z","level":"info","event":"https://musicbrainz.org/ws/2/url?resource=https://open.spotify.com/artist/7vCtweS8UVAXTyau2j0rDT&inc=artist-rels&fmt=json","chan":"stdout","logger":"task"}
{"timestamp":"2025-12-04T22:53:16.035637Z","level":"info","event":"HTTP 404: Not Found","chan":"stdout","logger":"task"}
{"timestamp":"2025-12-04T22:53:16.035879Z","level":"info","event":"unable to get mbid for https://open.spotify.com/artist/7vCtweS8UVAXTyau2j0rDT","chan":"stdout","logger":"task"}
{"timestamp":"2025-12-04T22:53:17.040820Z","level":"info","event":"{'name': 'Swizz Beatz', 'id': '2cADQgiLMjNhbsfeN52Bf3', 'url': 'https://open.spotify.com/artist/2cADQgiLMjNhbsfeN52Bf3'}","chan":"stdout","logger":"task"}
{"timestamp":"2025-12-04T22:53:17.041516Z","level":"info","event":"https://musicbrainz.org/ws/2/url?resource=https://open.spotify.com/artist/2cADQgiLMjNhbsfeN52Bf3&inc=artist-rels&fmt=json","chan":"stdout","logger":"task"}
{"timestamp":"2025-12-04T22:53:17.199813Z","level":"info","event":"https://musicbrainz.org/ws/2/artist/698ff525-ff51-4206-8f08-60a7458aab24?inc=tags&fmt=json","chan":"stdout","logger":"task"}
{"timestamp":"2025-12-04T22:53:18.339236Z","level":"info","event":"{'name': 'Kelly Clarkson', 'id': '3BmGtnKgCSGYIUhmivXKWX', 'url': 'https://open.spotify.com/artist/3BmGtnKgCSGYIUhmivXKWX'}","chan":"stdout","logger":"task"}
{"timestamp":"2025-12-04T22:53:18.339692Z","level":"info","event":"https://musicbrainz.org/ws/2/url?resource=https://open.spotify.com/artist/3BmGtnKgCSGYIUhmivXKWX&inc=artist-rels&fmt=json","chan":"stdout","logger":"task"}
{"timestamp":"2025-12-04T22:53:18.480676Z","level":"info","event":"https://musicbrainz.org/ws/2/artist/d339efbb-77b9-4147-ba9e-59f2f24550b2?inc=tags&fmt=json","chan":"stdout","logger":"task"}
{"timestamp":"2025-12-04T22:53:19.627340Z","level":"info","event":"{'name': 'Kings of Leon', 'id': '2qk9voo8llSGYcZ6xrBzKx', 'url': 'https://open.spotify.com/artist/2qk9voo8llSGYcZ6xrBzKx'}","chan":"stdout","logger":"task"}
{"timestamp":"2025-12-04T22:53:19.629256Z","level":"info","event":"https://musicbrainz.org/ws/2/url?resource=https://open.spotify.com/artist/2qk9voo8llSGYcZ6xrBzKx&inc=artist-rels&fmt=json","chan":"stdout","logger":"task"}
{"timestamp":"2025-12-04T22:53:19.780480Z","level":"info","event":"https://musicbrainz.org/ws/2/artist/6ffb8ea9-2370-44d8-b678-e9237bbd347b?inc=tags&fmt=json","chan":"stdout","logger":"task"}
{"timestamp":"2025-12-04T22:53:20.947808Z","level":"info","event":"{'name': 'Daughtry', 'id': '5P5FTygHyx2G57oszR3Wot', 'url': 'https://open.spotify.com/artist/5P5FTygHyx2G57oszR3Wot'}","chan":"stdout","logger":"task"}
{"timestamp":"2025-12-04T22:53:20.948220Z","level":"info","event":"https://musicbrainz.org/ws/2/url?resource=https://open.spotify.com/artist/5P5FTygHyx2G57oszR3Wot&inc=artist-rels&fmt=json","chan":"stdout","logger":"task"}
{"timestamp":"2025-12-04T22:53:21.071649Z","level":"info","event":"https://musicbrainz.org/ws/2/artist/21e3292e-dac8-4609-b57d-402f926aa41f?inc=tags&fmt=json","chan":"stdout","logger":"task"}
{"timestamp":"2025-12-04T22:53:22.228679Z","level":"info","event":"{'name': 'USHER', 'id': '23zg3TcAtWQy7J6upgbUnj', 'url': 'https://open.spotify.com/artist/23zg3TcAtWQy7J6upgbUnj'}","chan":"stdout","logger":"task"}
{"timestamp":"2025-12-04T22:53:22.231884Z","level":"info","event":"https://musicbrainz.org/ws/2/url?resource=https://open.spotify.com/artist/23zg3TcAtWQy7J6upgbUnj&inc=artist-rels&fmt=json","chan":"stdout","logger":"task"}
{"timestamp":"2025-12-04T22:53:22.404516Z","level":"info","event":"https://musicbrainz.org/ws/2/artist/3414d446-735a-443c-931f-10634f57e5b9?inc=tags&fmt=json","chan":"stdout","logger":"task"}
{"timestamp":"2025-12-04T22:53:23.548296Z","level":"info","event":"{'name': 'John Mayer', 'id': '0hEurMDQu99nJRq8pTxO14', 'url': 'https://open.spotify.com/artist/0hEurMDQu99nJRq8pTxO14'}","chan":"stdout","logger":"task"}
{"timestamp":"2025-12-04T22:53:23.549762Z","level":"info","event":"https://musicbrainz.org/ws/2/url?resource=https://open.spotify.com/artist/0hEurMDQu99nJRq8pTxO14&inc=artist-rels&fmt=json","chan":"stdout","logger":"task"}
{"timestamp":"2025-12-04T22:53:23.700764Z","level":"info","event":"https://musicbrainz.org/ws/2/artist/144ef525-85e9-40c3-8335-02c32d0861f3?inc=tags&fmt=json","chan":"stdout","logger":"task"}
{"timestamp":"2025-12-04T22:53:24.852934Z","level":"info","event":"{'name': 'Miley Cyrus', 'id': '5YGY8feqx7naU7z4HrwZM6', 'url': 'https://open.spotify.com/artist/5YGY8feqx7naU7z4HrwZM6'}","chan":"stdout","logger":"task"}
{"timestamp":"2025-12-04T22:53:24.853143Z","level":"info","event":"https://musicbrainz.org/ws/2/url?resource=https://open.spotify.com/artist/5YGY8feqx7naU7z4HrwZM6&inc=artist-rels&fmt=json","chan":"stdout","logger":"task"}
{"timestamp":"2025-12-04T22:53:24.992105Z","level":"info","event":"https://musicbrainz.org/ws/2/artist/7e9bd05a-117f-4cce-87bc-e011527a8b18?inc=tags&fmt=json","chan":"stdout","logger":"task"}
{"timestamp":"2025-12-04T22:53:26.147762Z","level":"info","event":"{'name': 'Melanie Fiona', 'id': '4O2YL4ygn6eTBC0w1hyWUM', 'url': 'https://open.spotify.com/artist/4O2YL4ygn6eTBC0w1hyWUM'}","chan":"stdout","logger":"task"}
{"timestamp":"2025-12-04T22:53:26.150643Z","level":"info","event":"https://musicbrainz.org/ws/2/url?resource=https://open.spotify.com/artist/4O2YL4ygn6eTBC0w1hyWUM&inc=artist-rels&fmt=json","chan":"stdout","logger":"task"}
{"timestamp":"2025-12-04T22:53:26.289276Z","level":"info","event":"HTTP 404: Not Found","chan":"stdout","logger":"task"}
{"timestamp":"2025-12-04T22:53:26.289897Z","level":"info","event":"unable to get mbid for https://open.spotify.com/artist/4O2YL4ygn6eTBC0w1hyWUM","chan":"stdout","logger":"task"}
{"timestamp":"2025-12-04T22:53:27.291220Z","level":"info","event":"{'name': 'Jason Aldean', 'id': '3FfvYsEGaIb52QPXhg4DcH', 'url': 'https://open.spotify.com/artist/3FfvYsEGaIb52QPXhg4DcH'}","chan":"stdout","logger":"task"}
{"timestamp":"2025-12-04T22:53:27.293128Z","level":"info","event":"https://musicbrainz.org/ws/2/url?resource=https://open.spotify.com/artist/3FfvYsEGaIb52QPXhg4DcH&inc=artist-rels&fmt=json","chan":"stdout","logger":"task"}
{"timestamp":"2025-12-04T22:53:27.451861Z","level":"info","event":"https://musicbrainz.org/ws/2/artist/f24df11a-7e35-4979-a4db-a3b2a170ce27?inc=tags&fmt=json","chan":"stdout","logger":"task"}
{"timestamp":"2025-12-04T22:53:28.587447Z","level":"info","event":"{'name': 'Rascal Flatts', 'id': '0a1gHP0HAqALbEyxaD5Ngn', 'url': 'https://open.spotify.com/artist/0a1gHP0HAqALbEyxaD5Ngn'}","chan":"stdout","logger":"task"}
{"timestamp":"2025-12-04T22:53:28.588327Z","level":"info","event":"https://musicbrainz.org/ws/2/url?resource=https://open.spotify.com/artist/0a1gHP0HAqALbEyxaD5Ngn&inc=artist-rels&fmt=json","chan":"stdout","logger":"task"}
{"timestamp":"2025-12-04T22:53:28.805283Z","level":"info","event":"https://musicbrainz.org/ws/2/artist/6e0ae159-8449-4262-bba5-18ec87fa529f?inc=tags&fmt=json","chan":"stdout","logger":"task"}
{"timestamp":"2025-12-04T22:53:29.957924Z","level":"info","event":"{'name': 'Lifehouse', 'id': '5PokPZn11xzZXyXSfnvIM3', 'url': 'https://open.spotify.com/artist/5PokPZn11xzZXyXSfnvIM3'}","chan":"stdout","logger":"task"}
{"timestamp":"2025-12-04T22:53:29.959147Z","level":"info","event":"https://musicbrainz.org/ws/2/url?resource=https://open.spotify.com/artist/5PokPZn11xzZXyXSfnvIM3&inc=artist-rels&fmt=json","chan":"stdout","logger":"task"}
{"timestamp":"2025-12-04T22:53:30.143804Z","level":"info","event":"https://musicbrainz.org/ws/2/artist/04591295-6d94-45cb-b6c7-1ae17c6f380e?inc=tags&fmt=json","chan":"stdout","logger":"task"}
{"timestamp":"2025-12-04T22:53:31.279992Z","level":"info","event":"{'name': 'Carrie Underwood', 'id': '4xFUf1FHVy696Q1JQZMTRj', 'url': 'https://open.spotify.com/artist/4xFUf1FHVy696Q1JQZMTRj'}","chan":"stdout","logger":"task"}
{"timestamp":"2025-12-04T22:53:31.282215Z","level":"info","event":"https://musicbrainz.org/ws/2/url?resource=https://open.spotify.com/artist/4xFUf1FHVy696Q1JQZMTRj&inc=artist-rels&fmt=json","chan":"stdout","logger":"task"}
{"timestamp":"2025-12-04T22:53:31.423025Z","level":"info","event":"https://musicbrainz.org/ws/2/artist/70f0e309-5418-49b6-a130-666e2f76eecd?inc=tags&fmt=json","chan":"stdout","logger":"task"}
{"timestamp":"2025-12-04T22:53:32.569698Z","level":"info","event":"{'name': 'Mariah Carey', 'id': '4iHNK0tOyZPYnBU7nGAgpQ', 'url': 'https://open.spotify.com/artist/4iHNK0tOyZPYnBU7nGAgpQ'}","chan":"stdout","logger":"task"}
{"timestamp":"2025-12-04T22:53:32.570631Z","level":"info","event":"https://musicbrainz.org/ws/2/url?resource=https://open.spotify.com/artist/4iHNK0tOyZPYnBU7nGAgpQ&inc=artist-rels&fmt=json","chan":"stdout","logger":"task"}
{"timestamp":"2025-12-04T22:53:32.755238Z","level":"info","event":"https://musicbrainz.org/ws/2/artist/494e8d09-f85b-4543-892f-a5096aed1cd4?inc=tags&fmt=json","chan":"stdout","logger":"task"}
{"timestamp":"2025-12-04T22:53:33.910970Z","level":"info","event":"{'name': 'Mary J. Blige', 'id': '1XkoF8ryArs86LZvFOkbyr', 'url': 'https://open.spotify.com/artist/1XkoF8ryArs86LZvFOkbyr'}","chan":"stdout","logger":"task"}
{"timestamp":"2025-12-04T22:53:33.912825Z","level":"info","event":"https://musicbrainz.org/ws/2/url?resource=https://open.spotify.com/artist/1XkoF8ryArs86LZvFOkbyr&inc=artist-rels&fmt=json","chan":"stdout","logger":"task"}
{"timestamp":"2025-12-04T22:53:34.072435Z","level":"info","event":"https://musicbrainz.org/ws/2/artist/db76c5ca-d555-4f09-b1db-baa1b713d875?inc=tags&fmt=json","chan":"stdout","logger":"task"}
{"timestamp":"2025-12-04T22:53:35.204068Z","level":"info","event":"{'name': 'Blake Shelton', 'id': '1UTPBmNbXNTittyMJrNkvw', 'url': 'https://open.spotify.com/artist/1UTPBmNbXNTittyMJrNkvw'}","chan":"stdout","logger":"task"}
{"timestamp":"2025-12-04T22:53:35.204745Z","level":"info","event":"https://musicbrainz.org/ws/2/url?resource=https://open.spotify.com/artist/1UTPBmNbXNTittyMJrNkvw&inc=artist-rels&fmt=json","chan":"stdout","logger":"task"}
{"timestamp":"2025-12-04T22:53:35.347163Z","level":"info","event":"https://musicbrainz.org/ws/2/artist/2ad66473-ccb3-41d2-8756-b56680cdfe62?inc=tags&fmt=json","chan":"stdout","logger":"task"}
{"timestamp":"2025-12-04T22:53:36.492738Z","level":"info","event":"{'name': 'Trace Adkins', 'id': '79FMDwzZQxHgSkIYBl3ODU', 'url': 'https://open.spotify.com/artist/79FMDwzZQxHgSkIYBl3ODU'}","chan":"stdout","logger":"task"}
{"timestamp":"2025-12-04T22:53:36.493680Z","level":"info","event":"https://musicbrainz.org/ws/2/url?resource=https://open.spotify.com/artist/79FMDwzZQxHgSkIYBl3ODU&inc=artist-rels&fmt=json","chan":"stdout","logger":"task"}
{"timestamp":"2025-12-04T22:53:36.626829Z","level":"info","event":"https://musicbrainz.org/ws/2/artist/3dc9c919-508f-4255-b05e-0eed6a28137d?inc=tags&fmt=json","chan":"stdout","logger":"task"}
{"timestamp":"2025-12-04T22:53:36.740836Z","level":"info","event":"Rate limit hit. Retrying in 1s...","chan":"stdout","logger":"task"}
{"timestamp":"2025-12-04T22:53:38.919107Z","level":"info","event":"{'name': 'Christopher Wilde', 'id': '533HtQP5btWIZcKlHJtEWK', 'url': 'https://open.spotify.com/artist/533HtQP5btWIZcKlHJtEWK'}","chan":"stdout","logger":"task"}
{"timestamp":"2025-12-04T22:53:38.922936Z","level":"info","event":"https://musicbrainz.org/ws/2/url?resource=https://open.spotify.com/artist/533HtQP5btWIZcKlHJtEWK&inc=artist-rels&fmt=json","chan":"stdout","logger":"task"}
{"timestamp":"2025-12-04T22:53:39.106304Z","level":"info","event":"https://musicbrainz.org/ws/2/artist/093fdcfb-ca6b-428e-86b8-cbc2b637ef21?inc=tags&fmt=json","chan":"stdout","logger":"task"}
{"timestamp":"2025-12-04T22:53:40.281179Z","level":"info","event":"{'name': 'Shinedown', 'id': '70BYFdaZbEKbeauJ670ysI', 'url': 'https://open.spotify.com/artist/70BYFdaZbEKbeauJ670ysI'}","chan":"stdout","logger":"task"}
{"timestamp":"2025-12-04T22:53:40.283631Z","level":"info","event":"https://musicbrainz.org/ws/2/url?resource=https://open.spotify.com/artist/70BYFdaZbEKbeauJ670ysI&inc=artist-rels&fmt=json","chan":"stdout","logger":"task"}
{"timestamp":"2025-12-04T22:53:40.422906Z","level":"info","event":"https://musicbrainz.org/ws/2/artist/adc0f033-95c2-4e0b-87bc-c23ed3f26ce6?inc=tags&fmt=json","chan":"stdout","logger":"task"}
{"timestamp":"2025-12-04T22:53:41.579008Z","level":"info","event":"{'name': 'Robin Thicke', 'id': '0ZrpamOxcZybMHGg1AYtHP', 'url': 'https://open.spotify.com/artist/0ZrpamOxcZybMHGg1AYtHP'}","chan":"stdout","logger":"task"}
{"timestamp":"2025-12-04T22:53:41.580542Z","level":"info","event":"https://musicbrainz.org/ws/2/url?resource=https://open.spotify.com/artist/0ZrpamOxcZybMHGg1AYtHP&inc=artist-rels&fmt=json","chan":"stdout","logger":"task"}
{"timestamp":"2025-12-04T22:53:41.723791Z","level":"info","event":"https://musicbrainz.org/ws/2/artist/ddfd9b2f-186e-4b2c-ad09-01aa5380c225?inc=tags&fmt=json","chan":"stdout","logger":"task"}
{"timestamp":"2025-12-04T22:53:42.876697Z","level":"info","event":"{'name': 'General Larry Platt', 'id': '010JjFqFcVyJmc2G56puZ2', 'url': 'https://open.spotify.com/artist/010JjFqFcVyJmc2G56puZ2'}","chan":"stdout","logger":"task"}
{"timestamp":"2025-12-04T22:53:42.880907Z","level":"info","event":"https://musicbrainz.org/ws/2/url?resource=https://open.spotify.com/artist/010JjFqFcVyJmc2G56puZ2&inc=artist-rels&fmt=json","chan":"stdout","logger":"task"}
{"timestamp":"2025-12-04T22:53:43.013861Z","level":"info","event":"HTTP 404: Not Found","chan":"stdout","logger":"task"}
{"timestamp":"2025-12-04T22:53:43.014628Z","level":"info","event":"unable to get mbid for https://open.spotify.com/artist/010JjFqFcVyJmc2G56puZ2","chan":"stdout","logger":"task"}
{"timestamp":"2025-12-04T22:53:44.024686Z","level":"info","event":"{'name': 'k.d. lang', 'id': '6W1BHDF0T4a4KYcSwzD586', 'url': 'https://open.spotify.com/artist/6W1BHDF0T4a4KYcSwzD586'}","chan":"stdout","logger":"task"}
{"timestamp":"2025-12-04T22:53:44.029929Z","level":"info","event":"https://musicbrainz.org/ws/2/url?resource=https://open.spotify.com/artist/6W1BHDF0T4a4KYcSwzD586&inc=artist-rels&fmt=json","chan":"stdout","logger":"task"}
{"timestamp":"2025-12-04T22:53:44.194826Z","level":"info","event":"https://musicbrainz.org/ws/2/artist/675c1c5e-5625-4a5e-97a2-b02aab5db2fc?inc=tags&fmt=json","chan":"stdout","logger":"task"}
{"timestamp":"2025-12-04T22:53:45.345489Z","level":"info","event":"{'name': 'Darius Rucker', 'id': '7FY5V3XMwlNBPitEjXowHQ', 'url': 'https://open.spotify.com/artist/7FY5V3XMwlNBPitEjXowHQ'}","chan":"stdout","logger":"task"}
{"timestamp":"2025-12-04T22:53:45.347922Z","level":"info","event":"https://musicbrainz.org/ws/2/url?resource=https://open.spotify.com/artist/7FY5V3XMwlNBPitEjXowHQ&inc=artist-rels&fmt=json","chan":"stdout","logger":"task"}
{"timestamp":"2025-12-04T22:53:45.574015Z","level":"info","event":"https://musicbrainz.org/ws/2/artist/3ae70f76-ea53-4cc5-906e-d47a384202a1?inc=tags&fmt=json","chan":"stdout","logger":"task"}
{"timestamp":"2025-12-04T22:53:46.755928Z","level":"info","event":"{'name': 'Sade', 'id': '47zz7sob9NUcODy0BTDvKx', 'url': 'https://open.spotify.com/artist/47zz7sob9NUcODy0BTDvKx'}","chan":"stdout","logger":"task"}
{"timestamp":"2025-12-04T22:53:46.761740Z","level":"info","event":"https://musicbrainz.org/ws/2/url?resource=https://open.spotify.com/artist/47zz7sob9NUcODy0BTDvKx&inc=artist-rels&fmt=json","chan":"stdout","logger":"task"}
{"timestamp":"2025-12-04T22:53:46.911298Z","level":"info","event":"https://musicbrainz.org/ws/2/artist/67930b3e-e00b-469f-8c74-fd69f20522ec?inc=tags&fmt=json","chan":"stdout","logger":"task"}
{"timestamp":"2025-12-04T22:53:48.068495Z","level":"info","event":"{'name': 'DJ Khaled', 'id': '0QHgL1lAIqAw0HtD7YldmP', 'url': 'https://open.spotify.com/artist/0QHgL1lAIqAw0HtD7YldmP'}","chan":"stdout","logger":"task"}
{"timestamp":"2025-12-04T22:53:48.068709Z","level":"info","event":"https://musicbrainz.org/ws/2/url?resource=https://open.spotify.com/artist/0QHgL1lAIqAw0HtD7YldmP&inc=artist-rels&fmt=json","chan":"stdout","logger":"task"}
{"timestamp":"2025-12-04T22:53:48.227708Z","level":"info","event":"https://musicbrainz.org/ws/2/artist/081a2d60-9791-4e05-a075-f1890355eeee?inc=tags&fmt=json","chan":"stdout","logger":"task"}
{"timestamp":"2025-12-04T22:53:49.383913Z","level":"info","event":"{'name': 'Zac Brown Band', 'id': '6yJCxee7QumYr820xdIsjo', 'url': 'https://open.spotify.com/artist/6yJCxee7QumYr820xdIsjo'}","chan":"stdout","logger":"task"}
{"timestamp":"2025-12-04T22:53:49.387488Z","level":"info","event":"https://musicbrainz.org/ws/2/url?resource=https://open.spotify.com/artist/6yJCxee7QumYr820xdIsjo&inc=artist-rels&fmt=json","chan":"stdout","logger":"task"}
{"timestamp":"2025-12-04T22:53:49.542954Z","level":"info","event":"https://musicbrainz.org/ws/2/artist/507226f4-0842-4f43-950e-81a7017230ec?inc=tags&fmt=json","chan":"stdout","logger":"task"}
{"timestamp":"2025-12-04T22:53:50.698517Z","level":"info","event":"{'name': 'Billy Currington', 'id': '1By9QBFnjZAoI83BZppHlt', 'url': 'https://open.spotify.com/artist/1By9QBFnjZAoI83BZppHlt'}","chan":"stdout","logger":"task"}
{"timestamp":"2025-12-04T22:53:50.704959Z","level":"info","event":"https://musicbrainz.org/ws/2/url?resource=https://open.spotify.com/artist/1By9QBFnjZAoI83BZppHlt&inc=artist-rels&fmt=json","chan":"stdout","logger":"task"}
{"timestamp":"2025-12-04T22:53:50.876620Z","level":"info","event":"https://musicbrainz.org/ws/2/artist/dbf94c49-0dd9-4f72-85d5-f548beb453f6?inc=tags&fmt=json","chan":"stdout","logger":"task"}
{"timestamp":"2025-12-04T22:53:52.074948Z","level":"info","event":"{'name': 'Snoop Dogg', 'id': '7hJcb9fa4alzcOq3EaNPoG', 'url': 'https://open.spotify.com/artist/7hJcb9fa4alzcOq3EaNPoG'}","chan":"stdout","logger":"task"}
{"timestamp":"2025-12-04T22:53:52.077877Z","level":"info","event":"https://musicbrainz.org/ws/2/url?resource=https://open.spotify.com/artist/7hJcb9fa4alzcOq3EaNPoG&inc=artist-rels&fmt=json","chan":"stdout","logger":"task"}
{"timestamp":"2025-12-04T22:53:52.254764Z","level":"info","event":"https://musicbrainz.org/ws/2/artist/f90e8b26-9e52-4669-a5c9-e28529c47894?inc=tags&fmt=json","chan":"stdout","logger":"task"}
{"timestamp":"2025-12-04T22:53:53.434705Z","level":"info","event":"{'name': 'Brad Paisley', 'id': '13YmWQJFwgZrd4bf5IjMY4', 'url': 'https://open.spotify.com/artist/13YmWQJFwgZrd4bf5IjMY4'}","chan":"stdout","logger":"task"}
{"timestamp":"2025-12-04T22:53:53.436394Z","level":"info","event":"https://musicbrainz.org/ws/2/url?resource=https://open.spotify.com/artist/13YmWQJFwgZrd4bf5IjMY4&inc=artist-rels&fmt=json","chan":"stdout","logger":"task"}
{"timestamp":"2025-12-04T22:53:53.583886Z","level":"info","event":"https://musicbrainz.org/ws/2/artist/6cfd7ffc-824f-4219-8e27-4b9417700f44?inc=tags&fmt=json","chan":"stdout","logger":"task"}
{"timestamp":"2025-12-04T22:53:54.765908Z","level":"info","event":"{'name': 'Britney Spears', 'id': '26dSoYclwsYLMAKD3tpOr4', 'url': 'https://open.spotify.com/artist/26dSoYclwsYLMAKD3tpOr4'}","chan":"stdout","logger":"task"}
{"timestamp":"2025-12-04T22:53:54.769088Z","level":"info","event":"https://musicbrainz.org/ws/2/url?resource=https://open.spotify.com/artist/26dSoYclwsYLMAKD3tpOr4&inc=artist-rels&fmt=json","chan":"stdout","logger":"task"}
{"timestamp":"2025-12-04T22:53:54.963803Z","level":"info","event":"https://musicbrainz.org/ws/2/artist/45a663b5-b1cb-4a91-bff6-2bef7bbfdd76?inc=tags&fmt=json","chan":"stdout","logger":"task"}
{"timestamp":"2025-12-04T22:53:56.185848Z","level":"info","event":"{'name': 'Birdman', 'id': '35sCXuy5gN6Or69rZ9vqBs', 'url': 'https://open.spotify.com/artist/35sCXuy5gN6Or69rZ9vqBs'}","chan":"stdout","logger":"task"}
{"timestamp":"2025-12-04T22:53:56.186296Z","level":"info","event":"https://musicbrainz.org/ws/2/url?resource=https://open.spotify.com/artist/35sCXuy5gN6Or69rZ9vqBs&inc=artist-rels&fmt=json","chan":"stdout","logger":"task"}
{"timestamp":"2025-12-04T22:53:56.335168Z","level":"info","event":"https://musicbrainz.org/ws/2/artist/dcf5807c-ef1f-4291-b452-6824080ecac4?inc=tags&fmt=json","chan":"stdout","logger":"task"}
{"timestamp":"2025-12-04T22:53:57.502735Z","level":"info","event":"{'name': 'Gucci Mane', 'id': '13y7CgLHjMVRMDqxdx0Xdo', 'url': 'https://open.spotify.com/artist/13y7CgLHjMVRMDqxdx0Xdo'}","chan":"stdout","logger":"task"}
{"timestamp":"2025-12-04T22:53:57.503651Z","level":"info","event":"https://musicbrainz.org/ws/2/url?resource=https://open.spotify.com/artist/13y7CgLHjMVRMDqxdx0Xdo&inc=artist-rels&fmt=json","chan":"stdout","logger":"task"}
{"timestamp":"2025-12-04T22:53:57.654941Z","level":"info","event":"https://musicbrainz.org/ws/2/artist/36494952-f434-45d8-a958-8b4acdbcf8a8?inc=tags&fmt=json","chan":"stdout","logger":"task"}
{"timestamp":"2025-12-04T22:53:57.769255Z","level":"info","event":"Rate limit hit. Retrying in 1s...","chan":"stdout","logger":"task"}
{"timestamp":"2025-12-04T22:53:59.948206Z","level":"info","event":"{'name': 'Toby Keith', 'id': '2bA6fzP0lMAQ4kz6CF61w8', 'url': 'https://open.spotify.com/artist/2bA6fzP0lMAQ4kz6CF61w8'}","chan":"stdout","logger":"task"}
{"timestamp":"2025-12-04T22:53:59.950565Z","level":"info","event":"https://musicbrainz.org/ws/2/url?resource=https://open.spotify.com/artist/2bA6fzP0lMAQ4kz6CF61w8&inc=artist-rels&fmt=json","chan":"stdout","logger":"task"}
{"timestamp":"2025-12-04T22:54:00.133088Z","level":"info","event":"https://musicbrainz.org/ws/2/artist/2f951906-5629-4fef-a260-5033151c162a?inc=tags&fmt=json","chan":"stdout","logger":"task"}
{"timestamp":"2025-12-04T22:54:01.317743Z","level":"info","event":"{'name': 'Pitbull', 'id': '0TnOYISbd1XYRBk9myaseg', 'url': 'https://open.spotify.com/artist/0TnOYISbd1XYRBk9myaseg'}","chan":"stdout","logger":"task"}
{"timestamp":"2025-12-04T22:54:01.319245Z","level":"info","event":"https://musicbrainz.org/ws/2/url?resource=https://open.spotify.com/artist/0TnOYISbd1XYRBk9myaseg&inc=artist-rels&fmt=json","chan":"stdout","logger":"task"}
{"timestamp":"2025-12-04T22:54:01.467243Z","level":"info","event":"https://musicbrainz.org/ws/2/artist/d262ea27-3ffe-40f7-b922-85c42d625e67?inc=tags&fmt=json","chan":"stdout","logger":"task"}
{"timestamp":"2025-12-04T22:54:02.625704Z","level":"info","event":"{'name': 'Miranda Lambert', 'id': '66lH4jAE7pqPlOlzUKbwA0', 'url': 'https://open.spotify.com/artist/66lH4jAE7pqPlOlzUKbwA0'}","chan":"stdout","logger":"task"}
{"timestamp":"2025-12-04T22:54:02.625972Z","level":"info","event":"https://musicbrainz.org/ws/2/url?resource=https://open.spotify.com/artist/66lH4jAE7pqPlOlzUKbwA0&inc=artist-rels&fmt=json","chan":"stdout","logger":"task"}
{"timestamp":"2025-12-04T22:54:02.782266Z","level":"info","event":"https://musicbrainz.org/ws/2/artist/4eca1aa0-c79f-481b-af8a-4a2d6c41aa5c?inc=tags&fmt=json","chan":"stdout","logger":"task"}
{"timestamp":"2025-12-04T22:54:03.940728Z","level":"info","event":"{'name': 'Nicki Minaj', 'id': '0hCNtLu0JehylgoiP8L4Gh', 'url': 'https://open.spotify.com/artist/0hCNtLu0JehylgoiP8L4Gh'}","chan":"stdout","logger":"task"}
{"timestamp":"2025-12-04T22:54:03.942299Z","level":"info","event":"https://musicbrainz.org/ws/2/url?resource=https://open.spotify.com/artist/0hCNtLu0JehylgoiP8L4Gh&inc=artist-rels&fmt=json","chan":"stdout","logger":"task"}
{"timestamp":"2025-12-04T22:54:04.102547Z","level":"info","event":"https://musicbrainz.org/ws/2/artist/1036b808-f58c-4a3e-b461-a2c4492ecf1b?inc=tags&fmt=json","chan":"stdout","logger":"task"}
{"timestamp":"2025-12-04T22:54:05.244984Z","level":"info","event":"{'name': 'Roscoe Dash', 'id': '0bfX8pF8kuHNCs57Ms4jZb', 'url': 'https://open.spotify.com/artist/0bfX8pF8kuHNCs57Ms4jZb'}","chan":"stdout","logger":"task"}
{"timestamp":"2025-12-04T22:54:05.248290Z","level":"info","event":"https://musicbrainz.org/ws/2/url?resource=https://open.spotify.com/artist/0bfX8pF8kuHNCs57Ms4jZb&inc=artist-rels&fmt=json","chan":"stdout","logger":"task"}
{"timestamp":"2025-12-04T22:54:05.386548Z","level":"info","event":"https://musicbrainz.org/ws/2/artist/2d79c678-e9e6-4456-a941-8ca436747a43?inc=tags&fmt=json","chan":"stdout","logger":"task"}
{"timestamp":"2025-12-04T22:54:06.533044Z","level":"info","event":"{'name': 'Soulja Boy', 'id': '6GMYJwaziB4ekv1Y6wCDWS', 'url': 'https://open.spotify.com/artist/6GMYJwaziB4ekv1Y6wCDWS'}","chan":"stdout","logger":"task"}
{"timestamp":"2025-12-04T22:54:06.533701Z","level":"info","event":"https://musicbrainz.org/ws/2/url?resource=https://open.spotify.com/artist/6GMYJwaziB4ekv1Y6wCDWS&inc=artist-rels&fmt=json","chan":"stdout","logger":"task"}
{"timestamp":"2025-12-04T22:54:06.680849Z","level":"info","event":"https://musicbrainz.org/ws/2/artist/29eead4d-3793-4625-8727-c03edbb38b8b?inc=tags&fmt=json","chan":"stdout","logger":"task"}
{"timestamp":"2025-12-04T22:54:07.843597Z","level":"info","event":"{'name': 'Anna Margaret', 'id': '5ywxtrr3mhjBezbQAsGiFW', 'url': 'https://open.spotify.com/artist/5ywxtrr3mhjBezbQAsGiFW'}","chan":"stdout","logger":"task"}
{"timestamp":"2025-12-04T22:54:07.843861Z","level":"info","event":"https://musicbrainz.org/ws/2/url?resource=https://open.spotify.com/artist/5ywxtrr3mhjBezbQAsGiFW&inc=artist-rels&fmt=json","chan":"stdout","logger":"task"}
{"timestamp":"2025-12-04T22:54:07.979564Z","level":"info","event":"HTTP 404: Not Found","chan":"stdout","logger":"task"}
{"timestamp":"2025-12-04T22:54:07.979708Z","level":"info","event":"unable to get mbid for https://open.spotify.com/artist/5ywxtrr3mhjBezbQAsGiFW","chan":"stdout","logger":"task"}
{"timestamp":"2025-12-04T22:54:08.981663Z","level":"info","event":"{'name': 'Keith Urban', 'id': '0u2FHSq3ln94y5Q57xazwf', 'url': 'https://open.spotify.com/artist/0u2FHSq3ln94y5Q57xazwf'}","chan":"stdout","logger":"task"}
{"timestamp":"2025-12-04T22:54:08.982303Z","level":"info","event":"https://musicbrainz.org/ws/2/url?resource=https://open.spotify.com/artist/0u2FHSq3ln94y5Q57xazwf&inc=artist-rels&fmt=json","chan":"stdout","logger":"task"}
{"timestamp":"2025-12-04T22:54:09.128595Z","level":"info","event":"https://musicbrainz.org/ws/2/artist/f45da029-7b00-4bf3-962c-0eeb20309cc4?inc=tags&fmt=json","chan":"stdout","logger":"task"}
{"timestamp":"2025-12-04T22:54:10.283442Z","level":"info","event":"{'name': 'Kevin Rudolf', 'id': '0Chxmm4XMM87mJOHvyiUzL', 'url': 'https://open.spotify.com/artist/0Chxmm4XMM87mJOHvyiUzL'}","chan":"stdout","logger":"task"}
{"timestamp":"2025-12-04T22:54:10.284290Z","level":"info","event":"https://musicbrainz.org/ws/2/url?resource=https://open.spotify.com/artist/0Chxmm4XMM87mJOHvyiUzL&inc=artist-rels&fmt=json","chan":"stdout","logger":"task"}
{"timestamp":"2025-12-04T22:54:10.423109Z","level":"info","event":"https://musicbrainz.org/ws/2/artist/2a0cce30-071b-4ba9-bf78-ae76c9eb7316?inc=tags&fmt=json","chan":"stdout","logger":"task"}
{"timestamp":"2025-12-04T22:54:11.576690Z","level":"info","event":"{'name': 'Rob Thomas', 'id': '0adiY7hJfggkVNYaTGZPIU', 'url': 'https://open.spotify.com/artist/0adiY7hJfggkVNYaTGZPIU'}","chan":"stdout","logger":"task"}
{"timestamp":"2025-12-04T22:54:11.577672Z","level":"info","event":"https://musicbrainz.org/ws/2/url?resource=https://open.spotify.com/artist/0adiY7hJfggkVNYaTGZPIU&inc=artist-rels&fmt=json","chan":"stdout","logger":"task"}
{"timestamp":"2025-12-04T22:54:11.709335Z","level":"info","event":"HTTP 404: Not Found","chan":"stdout","logger":"task"}
{"timestamp":"2025-12-04T22:54:11.709948Z","level":"info","event":"unable to get mbid for https://open.spotify.com/artist/0adiY7hJfggkVNYaTGZPIU","chan":"stdout","logger":"task"}
{"timestamp":"2025-12-04T22:54:12.715525Z","level":"info","event":"{'name': 'The-Dream', 'id': '1W3FSF1BLpY3hlVIgvenLz', 'url': 'https://open.spotify.com/artist/1W3FSF1BLpY3hlVIgvenLz'}","chan":"stdout","logger":"task"}
{"timestamp":"2025-12-04T22:54:12.716954Z","level":"info","event":"https://musicbrainz.org/ws/2/url?resource=https://open.spotify.com/artist/1W3FSF1BLpY3hlVIgvenLz&inc=artist-rels&fmt=json","chan":"stdout","logger":"task"}
{"timestamp":"2025-12-04T22:54:12.863985Z","level":"info","event":"https://musicbrainz.org/ws/2/artist/66a4b9d2-d5a6-40b8-93d5-0bdd1dbb4b43?inc=tags&fmt=json","chan":"stdout","logger":"task"}
{"timestamp":"2025-12-04T22:54:14.346580Z","level":"info","event":"{'name': 'Neon Hitch', 'id': '2TnJ7VOpGzjtKUn0ObpEYe', 'url': 'https://open.spotify.com/artist/2TnJ7VOpGzjtKUn0ObpEYe'}","chan":"stdout","logger":"task"}
{"timestamp":"2025-12-04T22:54:14.348446Z","level":"info","event":"https://musicbrainz.org/ws/2/url?resource=https://open.spotify.com/artist/2TnJ7VOpGzjtKUn0ObpEYe&inc=artist-rels&fmt=json","chan":"stdout","logger":"task"}
{"timestamp":"2025-12-04T22:54:14.511743Z","level":"info","event":"https://musicbrainz.org/ws/2/artist/8386d976-933e-454c-8364-63f75dd7b7e2?inc=tags&fmt=json","chan":"stdout","logger":"task"}
{"timestamp":"2025-12-04T22:54:15.675939Z","level":"info","event":"{'name': 'Monica', 'id': '6nzxy2wXs6tLgzEtqOkEi2', 'url': 'https://open.spotify.com/artist/6nzxy2wXs6tLgzEtqOkEi2'}","chan":"stdout","logger":"task"}
{"timestamp":"2025-12-04T22:54:15.676364Z","level":"info","event":"https://musicbrainz.org/ws/2/url?resource=https://open.spotify.com/artist/6nzxy2wXs6tLgzEtqOkEi2&inc=artist-rels&fmt=json","chan":"stdout","logger":"task"}
{"timestamp":"2025-12-04T22:54:15.872072Z","level":"info","event":"https://musicbrainz.org/ws/2/artist/af84073d-3b6d-4390-9d3f-bf65a91c824f?inc=tags&fmt=json","chan":"stdout","logger":"task"}
{"timestamp":"2025-12-04T22:54:17.028259Z","level":"info","event":"{'name': 'Lloyd Banks', 'id': '3vDUJHQtqT3jFRZ2ECXDTi', 'url': 'https://open.spotify.com/artist/3vDUJHQtqT3jFRZ2ECXDTi'}","chan":"stdout","logger":"task"}
{"timestamp":"2025-12-04T22:54:17.029061Z","level":"info","event":"https://musicbrainz.org/ws/2/url?resource=https://open.spotify.com/artist/3vDUJHQtqT3jFRZ2ECXDTi&inc=artist-rels&fmt=json","chan":"stdout","logger":"task"}
{"timestamp":"2025-12-04T22:54:17.192953Z","level":"info","event":"https://musicbrainz.org/ws/2/artist/8a6ccf62-b8fa-46d7-87df-f2dd14e6280d?inc=tags&fmt=json","chan":"stdout","logger":"task"}
{"timestamp":"2025-12-04T22:54:18.353596Z","level":"info","event":"{'name': 'Juelz Santana', 'id': '6Uh8uJyN9g7oFjDK16nJgb', 'url': 'https://open.spotify.com/artist/6Uh8uJyN9g7oFjDK16nJgb'}","chan":"stdout","logger":"task"}
{"timestamp":"2025-12-04T22:54:18.354832Z","level":"info","event":"https://musicbrainz.org/ws/2/url?resource=https://open.spotify.com/artist/6Uh8uJyN9g7oFjDK16nJgb&inc=artist-rels&fmt=json","chan":"stdout","logger":"task"}
{"timestamp":"2025-12-04T22:54:18.491796Z","level":"info","event":"https://musicbrainz.org/ws/2/artist/bea235a0-db63-44b1-881e-264d25791f5a?inc=tags&fmt=json","chan":"stdout","logger":"task"}
{"timestamp":"2025-12-04T22:54:19.646768Z","level":"info","event":"{'name': 'Easton Corbin', 'id': '070kGpqtESdDsLb3gdMIyx', 'url': 'https://open.spotify.com/artist/070kGpqtESdDsLb3gdMIyx'}","chan":"stdout","logger":"task"}
{"timestamp":"2025-12-04T22:54:19.648329Z","level":"info","event":"https://musicbrainz.org/ws/2/url?resource=https://open.spotify.com/artist/070kGpqtESdDsLb3gdMIyx&inc=artist-rels&fmt=json","chan":"stdout","logger":"task"}
{"timestamp":"2025-12-04T22:54:19.804875Z","level":"info","event":"https://musicbrainz.org/ws/2/artist/c6ada25c-8590-4b75-8013-883a8df55882?inc=tags&fmt=json","chan":"stdout","logger":"task"}
{"timestamp":"2025-12-04T22:54:20.944388Z","level":"info","event":"{'name': 'LMFAO', 'id': '3sgFRtyBnxXD5ESfmbK4dl', 'url': 'https://open.spotify.com/artist/3sgFRtyBnxXD5ESfmbK4dl'}","chan":"stdout","logger":"task"}
{"timestamp":"2025-12-04T22:54:20.944876Z","level":"info","event":"https://musicbrainz.org/ws/2/url?resource=https://open.spotify.com/artist/3sgFRtyBnxXD5ESfmbK4dl&inc=artist-rels&fmt=json","chan":"stdout","logger":"task"}
{"timestamp":"2025-12-04T22:54:21.097969Z","level":"info","event":"https://musicbrainz.org/ws/2/artist/ed5d9086-e8cd-473a-b96c-d81ad6c98f0d?inc=tags&fmt=json","chan":"stdout","logger":"task"}
{"timestamp":"2025-12-04T22:54:22.241780Z","level":"info","event":"{'name': 'Pearl Jam', 'id': '1w5Kfo2jwwIPruYS2UWh56', 'url': 'https://open.spotify.com/artist/1w5Kfo2jwwIPruYS2UWh56'}","chan":"stdout","logger":"task"}
{"timestamp":"2025-12-04T22:54:22.242066Z","level":"info","event":"https://musicbrainz.org/ws/2/url?resource=https://open.spotify.com/artist/1w5Kfo2jwwIPruYS2UWh56&inc=artist-rels&fmt=json","chan":"stdout","logger":"task"}
{"timestamp":"2025-12-04T22:54:22.394325Z","level":"info","event":"https://musicbrainz.org/ws/2/artist/83b9cbe7-9857-49e2-ab8e-b57b01038103?inc=tags&fmt=json","chan":"stdout","logger":"task"}
{"timestamp":"2025-12-04T22:54:23.536826Z","level":"info","event":"{'name': 'Waka Flocka Flame', 'id': '6f4XkbvYlXMH0QgVRzW0sM', 'url': 'https://open.spotify.com/artist/6f4XkbvYlXMH0QgVRzW0sM'}","chan":"stdout","logger":"task"}
{"timestamp":"2025-12-04T22:54:23.537950Z","level":"info","event":"https://musicbrainz.org/ws/2/url?resource=https://open.spotify.com/artist/6f4XkbvYlXMH0QgVRzW0sM&inc=artist-rels&fmt=json","chan":"stdout","logger":"task"}
{"timestamp":"2025-12-04T22:54:23.684635Z","level":"info","event":"https://musicbrainz.org/ws/2/artist/59eda569-b380-4958-b98c-051d1667b3e1?inc=tags&fmt=json","chan":"stdout","logger":"task"}
{"timestamp":"2025-12-04T22:54:24.838306Z","level":"info","event":"{'name': 'Cap', 'id': '0uwaniEjl7wxOFSM4vaHvI', 'url': 'https://open.spotify.com/artist/0uwaniEjl7wxOFSM4vaHvI'}","chan":"stdout","logger":"task"}
{"timestamp":"2025-12-04T22:54:24.839061Z","level":"info","event":"https://musicbrainz.org/ws/2/url?resource=https://open.spotify.com/artist/0uwaniEjl7wxOFSM4vaHvI&inc=artist-rels&fmt=json","chan":"stdout","logger":"task"}
{"timestamp":"2025-12-04T22:54:25.014560Z","level":"info","event":"HTTP 404: Not Found","chan":"stdout","logger":"task"}
{"timestamp":"2025-12-04T22:54:25.014922Z","level":"info","event":"unable to get mbid for https://open.spotify.com/artist/0uwaniEjl7wxOFSM4vaHvI","chan":"stdout","logger":"task"}
{"timestamp":"2025-12-04T22:54:26.019148Z","level":"info","event":"{'name': 'Mr Hudson', 'id': '1zV9UjTUevjp5VUddqIUUn', 'url': 'https://open.spotify.com/artist/1zV9UjTUevjp5VUddqIUUn'}","chan":"stdout","logger":"task"}
{"timestamp":"2025-12-04T22:54:26.020234Z","level":"info","event":"https://musicbrainz.org/ws/2/url?resource=https://open.spotify.com/artist/1zV9UjTUevjp5VUddqIUUn&inc=artist-rels&fmt=json","chan":"stdout","logger":"task"}
{"timestamp":"2025-12-04T22:54:26.170427Z","level":"info","event":"https://musicbrainz.org/ws/2/artist/585fee48-98c7-45b4-a47c-78d629b773b8?inc=tags&fmt=json","chan":"stdout","logger":"task"}
{"timestamp":"2025-12-04T22:54:27.311144Z","level":"info","event":"{'name': 'Tim McGraw', 'id': '6roFdX1y5BYSbp60OTJWMd', 'url': 'https://open.spotify.com/artist/6roFdX1y5BYSbp60OTJWMd'}","chan":"stdout","logger":"task"}
{"timestamp":"2025-12-04T22:54:27.311499Z","level":"info","event":"https://musicbrainz.org/ws/2/url?resource=https://open.spotify.com/artist/6roFdX1y5BYSbp60OTJWMd&inc=artist-rels&fmt=json","chan":"stdout","logger":"task"}
{"timestamp":"2025-12-04T22:54:27.456323Z","level":"info","event":"https://musicbrainz.org/ws/2/artist/7e5cfc9a-e9e1-46f1-b81a-861b12049488?inc=tags&fmt=json","chan":"stdout","logger":"task"}
{"timestamp":"2025-12-04T22:54:28.608366Z","level":"info","event":"{'name': 'Nickelback', 'id': '6deZN1bslXzeGvOLaLMOIF', 'url': 'https://open.spotify.com/artist/6deZN1bslXzeGvOLaLMOIF'}","chan":"stdout","logger":"task"}
{"timestamp":"2025-12-04T22:54:28.612838Z","level":"info","event":"https://musicbrainz.org/ws/2/url?resource=https://open.spotify.com/artist/6deZN1bslXzeGvOLaLMOIF&inc=artist-rels&fmt=json","chan":"stdout","logger":"task"}
{"timestamp":"2025-12-04T22:54:28.755925Z","level":"info","event":"https://musicbrainz.org/ws/2/artist/bc710bcf-8815-42cf-bad2-3f1d12246aeb?inc=tags&fmt=json","chan":"stdout","logger":"task"}
{"timestamp":"2025-12-04T22:54:29.929995Z","level":"info","event":"Fetching audio details for 100 songs...","chan":"stdout","logger":"task"}
{"timestamp":"2025-12-04T22:54:29.932599Z","level":"info","event":"  Fetching batch 1/3 (40 songs)...","chan":"stdout","logger":"task"}
{"timestamp":"2025-12-04T22:54:31.005182Z","level":"info","event":"  Retrieved 33 song details","chan":"stdout","logger":"task"}
{"timestamp":"2025-12-04T22:54:33.006981Z","level":"info","event":"  Fetching batch 2/3 (40 songs)...","chan":"stdout","logger":"task"}
{"timestamp":"2025-12-04T22:54:33.517666Z","level":"info","event":"  Retrieved 34 song details","chan":"stdout","logger":"task"}
{"timestamp":"2025-12-04T22:54:35.518429Z","level":"info","event":"  Fetching batch 3/3 (20 songs)...","chan":"stdout","logger":"task"}
{"timestamp":"2025-12-04T22:54:36.486543Z","level":"info","event":"  Retrieved 13 song details","chan":"stdout","logger":"task"}
{"timestamp":"2025-12-04T22:54:36.489614Z","level":"info","event":"Fetching audio analysis for 80 songs...","chan":"stdout","logger":"task"}
{"timestamp":"2025-12-04T22:54:47.540640Z","level":"info","event":"  Processing audio analysis 10/80...","chan":"stdout","logger":"task"}
{"timestamp":"2025-12-04T22:54:59.120185Z","level":"info","event":"  Processing audio analysis 20/80...","chan":"stdout","logger":"task"}
{"timestamp":"2025-12-04T22:55:09.961994Z","level":"info","event":"  Processing audio analysis 30/80...","chan":"stdout","logger":"task"}
{"timestamp":"2025-12-04T22:55:21.740791Z","level":"info","event":"  Processing audio analysis 40/80...","chan":"stdout","logger":"task"}
{"timestamp":"2025-12-04T22:55:31.156069Z","level":"info","event":"  Processing audio analysis 50/80...","chan":"stdout","logger":"task"}
{"timestamp":"2025-12-04T22:55:40.922199Z","level":"info","event":"  Processing audio analysis 60/80...","chan":"stdout","logger":"task"}
{"timestamp":"2025-12-04T22:55:52.252789Z","level":"info","event":"  Processing audio analysis 70/80...","chan":"stdout","logger":"task"}
{"timestamp":"2025-12-04T22:56:03.115558Z","level":"info","event":"  Processing audio analysis 80/80...","chan":"stdout","logger":"task"}
{"timestamp":"2025-12-04T22:56:03.533117Z","level":"info","event":"Completed fetching audio details for 80 songs","chan":"stdout","logger":"task"}
{"timestamp":"2025-12-04T22:56:03.593140Z","level":"info","event":"DEBUG: DATABASE_URL value: postgresql+psycopg2:****@postgres/music_warehouse","chan":"stdout","logger":"task"}
{"timestamp":"2025-12-04T22:56:03.676191Z","level":"info","event":"TYPE OF ENGINE: <class 'sqlalchemy.engine.base.Engine'>","chan":"stdout","logger":"task"}
{"timestamp":"2025-12-04T22:56:03.676409Z","level":"info","event":"ENGINE DIR: ['__class__', '__delattr__', '__dict__', '__dir__', '__doc__', '__eq__', '__format__', '__ge__', '__getattribute__', '__getstate__', '__gt__', '__hash__', '__init__', '__init_subclass__', '__le__', '__lt__', '__module__', '__ne__', '__new__', '__reduce__', '__reduce_ex__', '__repr__', '__setattr__', '__sizeof__', '__str__', '__subclasshook__', '__weakref__', '_compiled_cache', '_connection_cls', '_echo', '_execute_clauseelement', '_execute_compiled', '_execute_default', '_execution_options', '_has_events', '_is_future', '_lru_size_alert', '_option_cls', '_optional_conn_ctx_manager', '_run_ddl_visitor', '_run_visitor', '_schema_translate_map', '_should_log_debug', '_should_log_info', '_sqla_logger_namespace', '_trans_ctx', '_wrap_pool_connect', 'begin', 'clear_compiled_cache', 'connect', 'dialect', 'dispatch', 'dispose', 'driver', 'echo', 'engine', 'execute', 'execution_options', 'get_execution_options', 'has_table', 'hide_parameters', 'logger', 'logging_name', 'name', 'pool', 'raw_connection', 'run_callable', 'scalar', 'table_names', 'transaction', 'update_execution_options', 'url']","chan":"stdout","logger":"task"}
{"timestamp":"2025-12-04T22:56:03.676509Z","level":"info","event":"IS SQLALCHEMY ENGINE: True","chan":"stdout","logger":"task"}
{"timestamp":"2025-12-04T22:56:03.676575Z","level":"info","event":"Database connection successful","chan":"stdout","logger":"task"}
{"timestamp":"2025-12-04T22:56:03.676617Z","level":"info","event":"Loading chart_weeks (1 rows)...","chan":"stdout","logger":"task"}
{"timestamp":"2025-12-04T22:56:03.714714Z","level":"info","event":"  Exported CSV to data_exports/chart_weeks.csv","chan":"stdout","logger":"task"}
{"timestamp":"2025-12-04T22:56:03.716132Z","level":"info","event":"Loading songs (100 rows)...","chan":"stdout","logger":"task"}
{"timestamp":"2025-12-04T22:56:03.738116Z","level":"info","event":"  Exported CSV to data_exports/songs.csv","chan":"stdout","logger":"task"}
{"timestamp":"2025-12-04T22:56:03.738871Z","level":"info","event":"Loading artists (100 rows)...","chan":"stdout","logger":"task"}
{"timestamp":"2025-12-04T22:56:03.745616Z","level":"info","event":"  Exported CSV to data_exports/artists.csv","chan":"stdout","logger":"task"}
{"timestamp":"2025-12-04T22:56:03.745937Z","level":"info","event":"Loading song_artists (140 rows)...","chan":"stdout","logger":"task"}
{"timestamp":"2025-12-04T22:56:03.754680Z","level":"info","event":"  Exported CSV to data_exports/song_artists.csv","chan":"stdout","logger":"task"}
{"timestamp":"2025-12-04T22:56:03.754811Z","level":"info","event":"Loading chart_entries (100 rows)...","chan":"stdout","logger":"task"}
{"timestamp":"2025-12-04T22:56:03.776414Z","level":"info","event":"  Exported CSV to data_exports/chart_entries.csv","chan":"stdout","logger":"task"}
{"timestamp":"2025-12-04T22:56:03.777209","level":"info","event":"Done. Returned value was: None","logger":"airflow.task.operators.airflow.providers.standard.operators.python.PythonOperator"}
{"timestamp":"2025-12-04T22:56:03.831829Z","level":"info","event":"Task instance in success state","chan":"stdout","logger":"task"}
{"timestamp":"2025-12-04T22:56:03.831964Z","level":"info","event":" Previous state of the Task instance: TaskInstanceState.RUNNING","chan":"stdout","logger":"task"}
{"timestamp":"2025-12-04T22:56:03.832032Z","level":"info","event":"Task operator:<Task(PythonOperator): load_music_data>","chan":"stdout","logger":"task"}
