{"timestamp":"2025-12-06T01:41:32.839473","level":"info","event":"DAG bundles loaded: dags-folder, example_dags","logger":"airflow.dag_processing.bundles.manager.DagBundlesManager"}
{"timestamp":"2025-12-06T01:41:32.840002","level":"info","event":"Filling up the DagBag from /opt/airflow/dags/music_load_dag.py","logger":"airflow.models.dagbag.DagBag"}
{"timestamp":"2025-12-06T01:41:33.161653Z","level":"info","event":"postgresql+psycopg2://airflow:airflow@postgres/airflow","chan":"stdout","logger":"task"}
{"timestamp":"2025-12-06T01:41:33.211565Z","level":"info","event":"Task instance is in running state","chan":"stdout","logger":"task"}
{"timestamp":"2025-12-06T01:41:33.211797Z","level":"info","event":" Previous state of the Task instance: TaskInstanceState.QUEUED","chan":"stdout","logger":"task"}
{"timestamp":"2025-12-06T01:41:33.211892Z","level":"info","event":"Current task name:load_music_data","chan":"stdout","logger":"task"}
{"timestamp":"2025-12-06T01:41:33.211975Z","level":"info","event":"Dag name:weekly_music_pipeline","chan":"stdout","logger":"task"}
{"timestamp":"2025-12-06T01:41:46.043473Z","level":"info","event":"  Searching Spotify for 100 songs...","chan":"stdout","logger":"task"}
{"timestamp":"2025-12-06T01:41:46.047265Z","level":"info","event":"  Processing song 1/100: Call Me Maybe by Carly Rae Jepsen","chan":"stdout","logger":"task"}
{"timestamp":"2025-12-06T01:41:46.830248Z","level":"info","event":"1","chan":"stdout","logger":"task"}
{"timestamp":"2025-12-06T01:41:47.488422Z","level":"info","event":"2","chan":"stdout","logger":"task"}
{"timestamp":"2025-12-06T01:41:48.383975Z","level":"info","event":"3","chan":"stdout","logger":"task"}
{"timestamp":"2025-12-06T01:41:49.074612Z","level":"info","event":"4","chan":"stdout","logger":"task"}
{"timestamp":"2025-12-06T01:41:49.849448Z","level":"info","event":"5","chan":"stdout","logger":"task"}
{"timestamp":"2025-12-06T01:41:50.515582Z","level":"info","event":"6","chan":"stdout","logger":"task"}
{"timestamp":"2025-12-06T01:41:51.112558Z","level":"info","event":"7","chan":"stdout","logger":"task"}
{"timestamp":"2025-12-06T01:41:51.867192Z","level":"info","event":"8","chan":"stdout","logger":"task"}
{"timestamp":"2025-12-06T01:41:52.669529Z","level":"info","event":"9","chan":"stdout","logger":"task"}
{"timestamp":"2025-12-06T01:41:52.670200Z","level":"info","event":"  Processing song 10/100: Blow Me (One Last Kiss) by P!nk","chan":"stdout","logger":"task"}
{"timestamp":"2025-12-06T01:41:53.322519Z","level":"info","event":"10","chan":"stdout","logger":"task"}
{"timestamp":"2025-12-06T01:41:54.179574Z","level":"info","event":"11","chan":"stdout","logger":"task"}
{"timestamp":"2025-12-06T01:41:54.811794Z","level":"info","event":"12","chan":"stdout","logger":"task"}
{"timestamp":"2025-12-06T01:41:55.565032Z","level":"info","event":"13","chan":"stdout","logger":"task"}
{"timestamp":"2025-12-06T01:41:56.140562Z","level":"info","event":"14","chan":"stdout","logger":"task"}
{"timestamp":"2025-12-06T01:41:56.824982Z","level":"info","event":"15","chan":"stdout","logger":"task"}
{"timestamp":"2025-12-06T01:41:57.471849Z","level":"info","event":"16","chan":"stdout","logger":"task"}
{"timestamp":"2025-12-06T01:41:58.136283Z","level":"info","event":"17","chan":"stdout","logger":"task"}
{"timestamp":"2025-12-06T01:41:58.856152Z","level":"info","event":"18","chan":"stdout","logger":"task"}
{"timestamp":"2025-12-06T01:41:59.498591Z","level":"info","event":"19","chan":"stdout","logger":"task"}
{"timestamp":"2025-12-06T01:41:59.503515Z","level":"info","event":"  Processing song 20/100: We Are Young by fun. Featuring Janelle Monae","chan":"stdout","logger":"task"}
{"timestamp":"2025-12-06T01:42:00.281750Z","level":"info","event":"20","chan":"stdout","logger":"task"}
{"timestamp":"2025-12-06T01:42:00.953029Z","level":"info","event":"21","chan":"stdout","logger":"task"}
{"timestamp":"2025-12-06T01:42:01.920459Z","level":"info","event":"22","chan":"stdout","logger":"task"}
{"timestamp":"2025-12-06T01:42:03.057467Z","level":"info","event":"23","chan":"stdout","logger":"task"}
{"timestamp":"2025-12-06T01:42:04.562751Z","level":"info","event":"Network error getting access token: HTTPSConnectionPool(host='accounts.spotify.com', port=443): Max retries exceeded with url: /api/token (Caused by SSLError(SSLEOFError(8, '[SSL: UNEXPECTED_EOF_WHILE_READING] EOF occurred in violation of protocol (_ssl.c:1010)'))). Retrying in 1s (attempt 1/3)...","chan":"stdout","logger":"task"}
{"timestamp":"2025-12-06T01:42:06.088842Z","level":"info","event":"24","chan":"stdout","logger":"task"}
{"timestamp":"2025-12-06T01:42:06.895132Z","level":"info","event":"25","chan":"stdout","logger":"task"}
{"timestamp":"2025-12-06T01:42:07.506235Z","level":"info","event":"26","chan":"stdout","logger":"task"}
{"timestamp":"2025-12-06T01:42:08.342217Z","level":"info","event":"27","chan":"stdout","logger":"task"}
{"timestamp":"2025-12-06T01:42:09.127667Z","level":"info","event":"28","chan":"stdout","logger":"task"}
{"timestamp":"2025-12-06T01:42:09.946497Z","level":"info","event":"29","chan":"stdout","logger":"task"}
{"timestamp":"2025-12-06T01:42:09.947362Z","level":"info","event":"  Processing song 30/100: One More Night by Maroon 5","chan":"stdout","logger":"task"}
{"timestamp":"2025-12-06T01:42:10.839780Z","level":"info","event":"30","chan":"stdout","logger":"task"}
{"timestamp":"2025-12-06T01:42:11.703105Z","level":"info","event":"31","chan":"stdout","logger":"task"}
{"timestamp":"2025-12-06T01:42:12.405849Z","level":"info","event":"32","chan":"stdout","logger":"task"}
{"timestamp":"2025-12-06T01:42:13.163946Z","level":"info","event":"33","chan":"stdout","logger":"task"}
{"timestamp":"2025-12-06T01:42:13.914462Z","level":"info","event":"34","chan":"stdout","logger":"task"}
{"timestamp":"2025-12-06T01:42:14.743190Z","level":"info","event":"35","chan":"stdout","logger":"task"}
{"timestamp":"2025-12-06T01:42:15.453307Z","level":"info","event":"36","chan":"stdout","logger":"task"}
{"timestamp":"2025-12-06T01:42:16.394337Z","level":"info","event":"37","chan":"stdout","logger":"task"}
{"timestamp":"2025-12-06T01:42:17.083665Z","level":"info","event":"38","chan":"stdout","logger":"task"}
{"timestamp":"2025-12-06T01:42:17.789241Z","level":"info","event":"39","chan":"stdout","logger":"task"}
{"timestamp":"2025-12-06T01:42:17.790097Z","level":"info","event":"  Processing song 40/100: Cashin' Out by Ca$h Out","chan":"stdout","logger":"task"}
{"timestamp":"2025-12-06T01:42:18.106365Z","level":"info","event":"40","chan":"stdout","logger":"task"}
{"timestamp":"2025-12-06T01:42:18.801273Z","level":"info","event":"41","chan":"stdout","logger":"task"}
{"timestamp":"2025-12-06T01:42:19.673408Z","level":"info","event":"42","chan":"stdout","logger":"task"}
{"timestamp":"2025-12-06T01:42:20.476905Z","level":"info","event":"43","chan":"stdout","logger":"task"}
{"timestamp":"2025-12-06T01:42:21.094155Z","level":"info","event":"44","chan":"stdout","logger":"task"}
{"timestamp":"2025-12-06T01:42:22.180849Z","level":"info","event":"45","chan":"stdout","logger":"task"}
{"timestamp":"2025-12-06T01:42:23.051654Z","level":"info","event":"46","chan":"stdout","logger":"task"}
{"timestamp":"2025-12-06T01:42:23.788302Z","level":"info","event":"47","chan":"stdout","logger":"task"}
{"timestamp":"2025-12-06T01:44:57.070088Z","level":"info","event":"48","chan":"stdout","logger":"task"}
{"timestamp":"2025-12-06T01:44:57.924921Z","level":"info","event":"49","chan":"stdout","logger":"task"}
{"timestamp":"2025-12-06T01:44:57.925883Z","level":"info","event":"  Processing song 50/100: Pound The Alarm by Nicki Minaj","chan":"stdout","logger":"task"}
{"timestamp":"2025-12-06T01:44:58.714013Z","level":"info","event":"50","chan":"stdout","logger":"task"}
{"timestamp":"2025-12-06T01:44:59.381761Z","level":"info","event":"51","chan":"stdout","logger":"task"}
{"timestamp":"2025-12-06T01:45:00.303908Z","level":"info","event":"52","chan":"stdout","logger":"task"}
{"timestamp":"2025-12-06T01:45:01.244310Z","level":"info","event":"53","chan":"stdout","logger":"task"}
{"timestamp":"2025-12-06T01:45:02.094757Z","level":"info","event":"54","chan":"stdout","logger":"task"}
{"timestamp":"2025-12-06T01:45:02.808037Z","level":"info","event":"55","chan":"stdout","logger":"task"}
{"timestamp":"2025-12-06T01:45:03.502995Z","level":"info","event":"56","chan":"stdout","logger":"task"}
{"timestamp":"2025-12-06T01:45:04.315862Z","level":"info","event":"57","chan":"stdout","logger":"task"}
{"timestamp":"2025-12-06T01:45:05.108705Z","level":"info","event":"58","chan":"stdout","logger":"task"}
{"timestamp":"2025-12-06T01:45:05.924807Z","level":"info","event":"59","chan":"stdout","logger":"task"}
{"timestamp":"2025-12-06T01:45:05.925603Z","level":"info","event":"  Processing song 60/100: Why Ya Wanna by Jana Kramer","chan":"stdout","logger":"task"}
{"timestamp":"2025-12-06T01:45:06.682184Z","level":"info","event":"60","chan":"stdout","logger":"task"}
{"timestamp":"2025-12-06T01:45:07.519055Z","level":"info","event":"61","chan":"stdout","logger":"task"}
{"timestamp":"2025-12-06T01:45:08.167341Z","level":"info","event":"62","chan":"stdout","logger":"task"}
{"timestamp":"2025-12-06T01:45:08.835054Z","level":"info","event":"63","chan":"stdout","logger":"task"}
{"timestamp":"2025-12-06T01:45:09.710024Z","level":"info","event":"64","chan":"stdout","logger":"task"}
{"timestamp":"2025-12-06T01:45:10.527910Z","level":"info","event":"65","chan":"stdout","logger":"task"}
{"timestamp":"2025-12-06T01:45:11.210172Z","level":"info","event":"66","chan":"stdout","logger":"task"}
{"timestamp":"2025-12-06T01:45:11.952011Z","level":"info","event":"67","chan":"stdout","logger":"task"}
{"timestamp":"2025-12-06T01:45:12.719921Z","level":"info","event":"68","chan":"stdout","logger":"task"}
{"timestamp":"2025-12-06T01:45:13.596478Z","level":"info","event":"69","chan":"stdout","logger":"task"}
{"timestamp":"2025-12-06T01:45:13.597208Z","level":"info","event":"  Processing song 70/100: Hard To Love by Lee Brice","chan":"stdout","logger":"task"}
{"timestamp":"2025-12-06T01:45:14.287297Z","level":"info","event":"70","chan":"stdout","logger":"task"}
{"timestamp":"2025-12-06T01:45:15.032795Z","level":"info","event":"71","chan":"stdout","logger":"task"}
{"timestamp":"2025-12-06T01:45:15.941326Z","level":"info","event":"72","chan":"stdout","logger":"task"}
{"timestamp":"2025-12-06T01:45:17.427574Z","level":"info","event":"73","chan":"stdout","logger":"task"}
{"timestamp":"2025-12-06T01:45:19.276194Z","level":"info","event":"74","chan":"stdout","logger":"task"}
{"timestamp":"2025-12-06T01:45:20.457081Z","level":"info","event":"75","chan":"stdout","logger":"task"}
{"timestamp":"2025-12-06T01:45:22.374865Z","level":"info","event":"76","chan":"stdout","logger":"task"}
{"timestamp":"2025-12-06T01:45:23.447524Z","level":"info","event":"77","chan":"stdout","logger":"task"}
{"timestamp":"2025-12-06T01:45:24.964900Z","level":"info","event":"78","chan":"stdout","logger":"task"}
{"timestamp":"2025-12-06T01:45:25.610953Z","level":"info","event":"79","chan":"stdout","logger":"task"}
{"timestamp":"2025-12-06T01:45:25.611229Z","level":"info","event":"  Processing song 80/100: Beez In The Trap by Nicki Minaj Featuring 2 Chainz","chan":"stdout","logger":"task"}
{"timestamp":"2025-12-06T01:45:26.228946Z","level":"info","event":"80","chan":"stdout","logger":"task"}
{"timestamp":"2025-12-06T01:45:30.916881Z","level":"info","event":"81","chan":"stdout","logger":"task"}
{"timestamp":"2025-12-06T01:45:31.511167Z","level":"info","event":"82","chan":"stdout","logger":"task"}
{"timestamp":"2025-12-06T01:45:32.114811Z","level":"info","event":"83","chan":"stdout","logger":"task"}
{"timestamp":"2025-12-06T01:45:32.730247Z","level":"info","event":"84","chan":"stdout","logger":"task"}
{"timestamp":"2025-12-06T01:45:33.388231Z","level":"info","event":"85","chan":"stdout","logger":"task"}
{"timestamp":"2025-12-06T01:45:34.101875Z","level":"info","event":"86","chan":"stdout","logger":"task"}
{"timestamp":"2025-12-06T01:45:35.108377Z","level":"info","event":"87","chan":"stdout","logger":"task"}
{"timestamp":"2025-12-06T01:45:35.742125Z","level":"info","event":"88","chan":"stdout","logger":"task"}
{"timestamp":"2025-12-06T01:45:36.483478Z","level":"info","event":"89","chan":"stdout","logger":"task"}
{"timestamp":"2025-12-06T01:45:36.484920Z","level":"info","event":"  Processing song 90/100: Dance Again by Jennifer Lopez Featuring Pitbull","chan":"stdout","logger":"task"}
{"timestamp":"2025-12-06T01:45:37.362055Z","level":"info","event":"90","chan":"stdout","logger":"task"}
{"timestamp":"2025-12-06T01:45:38.006430Z","level":"info","event":"91","chan":"stdout","logger":"task"}
{"timestamp":"2025-12-06T01:45:38.727062Z","level":"info","event":"92","chan":"stdout","logger":"task"}
{"timestamp":"2025-12-06T01:45:39.489611Z","level":"info","event":"93","chan":"stdout","logger":"task"}
{"timestamp":"2025-12-06T01:45:40.366367Z","level":"info","event":"94","chan":"stdout","logger":"task"}
{"timestamp":"2025-12-06T01:45:41.001654Z","level":"info","event":"95","chan":"stdout","logger":"task"}
{"timestamp":"2025-12-06T01:45:41.726316Z","level":"info","event":"96","chan":"stdout","logger":"task"}
{"timestamp":"2025-12-06T01:45:42.573972Z","level":"info","event":"97","chan":"stdout","logger":"task"}
{"timestamp":"2025-12-06T01:45:43.238426Z","level":"info","event":"98","chan":"stdout","logger":"task"}
{"timestamp":"2025-12-06T01:45:44.220516Z","level":"info","event":"99","chan":"stdout","logger":"task"}
{"timestamp":"2025-12-06T01:45:44.221467Z","level":"info","event":"  Processing song 100/100: Swimming Pools (Drank) by Kendrick Lamar","chan":"stdout","logger":"task"}
{"timestamp":"2025-12-06T01:45:44.866412Z","level":"info","event":"100","chan":"stdout","logger":"task"}
{"timestamp":"2025-12-06T01:45:44.866782Z","level":"info","event":"{'name': 'Carly Rae Jepsen', 'id': '6sFIWsNpZYqfjUpaCgueju', 'url': 'https://open.spotify.com/artist/6sFIWsNpZYqfjUpaCgueju'}","chan":"stdout","logger":"task"}
{"timestamp":"2025-12-06T01:45:44.867037Z","level":"info","event":"https://musicbrainz.org/ws/2/url?resource=https://open.spotify.com/artist/6sFIWsNpZYqfjUpaCgueju&inc=artist-rels&fmt=json","chan":"stdout","logger":"task"}
{"timestamp":"2025-12-06T01:45:45.271403Z","level":"info","event":"https://musicbrainz.org/ws/2/artist/09887aa7-226e-4ecc-9a0c-02d2ae5777e1?inc=tags&fmt=json","chan":"stdout","logger":"task"}
{"timestamp":"2025-12-06T01:45:46.434211Z","level":"info","event":"{'name': 'Ellie Goulding', 'id': '0X2BH1fck6amBIoJhDVmmJ', 'url': 'https://open.spotify.com/artist/0X2BH1fck6amBIoJhDVmmJ'}","chan":"stdout","logger":"task"}
{"timestamp":"2025-12-06T01:45:46.435321Z","level":"info","event":"https://musicbrainz.org/ws/2/url?resource=https://open.spotify.com/artist/0X2BH1fck6amBIoJhDVmmJ&inc=artist-rels&fmt=json","chan":"stdout","logger":"task"}
{"timestamp":"2025-12-06T01:45:46.574862Z","level":"info","event":"https://musicbrainz.org/ws/2/artist/33ca19f4-18c8-4411-98df-ac23890ce9f5?inc=tags&fmt=json","chan":"stdout","logger":"task"}
{"timestamp":"2025-12-06T01:45:47.751163Z","level":"info","event":"{'name': 'Flo Rida', 'id': '0jnsk9HBra6NMjO2oANoPY', 'url': 'https://open.spotify.com/artist/0jnsk9HBra6NMjO2oANoPY'}","chan":"stdout","logger":"task"}
{"timestamp":"2025-12-06T01:45:47.751917Z","level":"info","event":"https://musicbrainz.org/ws/2/url?resource=https://open.spotify.com/artist/0jnsk9HBra6NMjO2oANoPY&inc=artist-rels&fmt=json","chan":"stdout","logger":"task"}
{"timestamp":"2025-12-06T01:45:47.895316Z","level":"info","event":"https://musicbrainz.org/ws/2/artist/4593d49a-7f67-46ba-9ec0-126bd676286f?inc=tags&fmt=json","chan":"stdout","logger":"task"}
{"timestamp":"2025-12-06T01:45:49.054478Z","level":"info","event":"{'name': 'Katy Perry', 'id': '6jJ0s89eD6GaHleKKya26X', 'url': 'https://open.spotify.com/artist/6jJ0s89eD6GaHleKKya26X'}","chan":"stdout","logger":"task"}
{"timestamp":"2025-12-06T01:45:49.055402Z","level":"info","event":"https://musicbrainz.org/ws/2/url?resource=https://open.spotify.com/artist/6jJ0s89eD6GaHleKKya26X&inc=artist-rels&fmt=json","chan":"stdout","logger":"task"}
{"timestamp":"2025-12-06T01:45:49.393303Z","level":"info","event":"https://musicbrainz.org/ws/2/artist/122d63fc-8671-43e4-9752-34e846d62a9c?inc=tags&fmt=json","chan":"stdout","logger":"task"}
{"timestamp":"2025-12-06T01:45:50.572199Z","level":"info","event":"{'name': 'Maroon 5', 'id': '04gDigrS5kc9YWfZHwBETP', 'url': 'https://open.spotify.com/artist/04gDigrS5kc9YWfZHwBETP'}","chan":"stdout","logger":"task"}
{"timestamp":"2025-12-06T01:45:50.573316Z","level":"info","event":"https://musicbrainz.org/ws/2/url?resource=https://open.spotify.com/artist/04gDigrS5kc9YWfZHwBETP&inc=artist-rels&fmt=json","chan":"stdout","logger":"task"}
{"timestamp":"2025-12-06T01:45:50.848610Z","level":"info","event":"https://musicbrainz.org/ws/2/artist/0ab49580-c84f-44d4-875f-d83760ea2cfe?inc=tags&fmt=json","chan":"stdout","logger":"task"}
{"timestamp":"2025-12-06T01:45:52.060087Z","level":"info","event":"{'name': 'Wiz Khalifa', 'id': '137W8MRPWKqSmrBGDBFSop', 'url': 'https://open.spotify.com/artist/137W8MRPWKqSmrBGDBFSop'}","chan":"stdout","logger":"task"}
{"timestamp":"2025-12-06T01:45:52.061080Z","level":"info","event":"https://musicbrainz.org/ws/2/url?resource=https://open.spotify.com/artist/137W8MRPWKqSmrBGDBFSop&inc=artist-rels&fmt=json","chan":"stdout","logger":"task"}
{"timestamp":"2025-12-06T01:45:52.194758Z","level":"info","event":"https://musicbrainz.org/ws/2/artist/f5dfa020-ad69-41cd-b3d4-fd7af0414e94?inc=tags&fmt=json","chan":"stdout","logger":"task"}
{"timestamp":"2025-12-06T01:45:53.414301Z","level":"info","event":"{'name': 'Gotye', 'id': '2AsusXITU8P25dlRNhcAbG', 'url': 'https://open.spotify.com/artist/2AsusXITU8P25dlRNhcAbG'}","chan":"stdout","logger":"task"}
{"timestamp":"2025-12-06T01:45:53.415268Z","level":"info","event":"https://musicbrainz.org/ws/2/url?resource=https://open.spotify.com/artist/2AsusXITU8P25dlRNhcAbG&inc=artist-rels&fmt=json","chan":"stdout","logger":"task"}
{"timestamp":"2025-12-06T01:45:53.626149Z","level":"info","event":"https://musicbrainz.org/ws/2/artist/6f6fd596-76e0-4b82-aa37-f558ac2d337b?inc=tags&fmt=json","chan":"stdout","logger":"task"}
{"timestamp":"2025-12-06T01:45:54.926374Z","level":"info","event":"{'name': 'Kimbra', 'id': '6hk7Yq1DU9QcCCrz9uc0Ti', 'url': 'https://open.spotify.com/artist/6hk7Yq1DU9QcCCrz9uc0Ti'}","chan":"stdout","logger":"task"}
{"timestamp":"2025-12-06T01:45:54.927305Z","level":"info","event":"https://musicbrainz.org/ws/2/url?resource=https://open.spotify.com/artist/6hk7Yq1DU9QcCCrz9uc0Ti&inc=artist-rels&fmt=json","chan":"stdout","logger":"task"}
{"timestamp":"2025-12-06T01:45:55.201244Z","level":"info","event":"https://musicbrainz.org/ws/2/artist/fad2875e-ba81-4637-b859-4684622dcb1c?inc=tags&fmt=json","chan":"stdout","logger":"task"}
{"timestamp":"2025-12-06T01:45:56.383517Z","level":"info","event":"{'name': 'Rihanna', 'id': '5pKCCKE2ajJHZ9KAiaK11H', 'url': 'https://open.spotify.com/artist/5pKCCKE2ajJHZ9KAiaK11H'}","chan":"stdout","logger":"task"}
{"timestamp":"2025-12-06T01:45:56.386086Z","level":"info","event":"https://musicbrainz.org/ws/2/url?resource=https://open.spotify.com/artist/5pKCCKE2ajJHZ9KAiaK11H&inc=artist-rels&fmt=json","chan":"stdout","logger":"task"}
{"timestamp":"2025-12-06T01:45:56.550353Z","level":"info","event":"https://musicbrainz.org/ws/2/artist/73e5e69d-3554-40d8-8516-00cb38737a1c?inc=tags&fmt=json","chan":"stdout","logger":"task"}
{"timestamp":"2025-12-06T01:45:57.708709Z","level":"info","event":"{'name': 'David Guetta', 'id': '1Cs0zKBU1kc0i8ypK3B9ai', 'url': 'https://open.spotify.com/artist/1Cs0zKBU1kc0i8ypK3B9ai'}","chan":"stdout","logger":"task"}
{"timestamp":"2025-12-06T01:45:57.709432Z","level":"info","event":"https://musicbrainz.org/ws/2/url?resource=https://open.spotify.com/artist/1Cs0zKBU1kc0i8ypK3B9ai&inc=artist-rels&fmt=json","chan":"stdout","logger":"task"}
{"timestamp":"2025-12-06T01:45:57.855734Z","level":"info","event":"https://musicbrainz.org/ws/2/artist/302bd7b9-d012-4360-897a-93b00c855680?inc=tags&fmt=json","chan":"stdout","logger":"task"}
{"timestamp":"2025-12-06T01:45:59.035577Z","level":"info","event":"{'name': 'Sia', 'id': '5WUlDfRSoLAfcVSX1WnrxN', 'url': 'https://open.spotify.com/artist/5WUlDfRSoLAfcVSX1WnrxN'}","chan":"stdout","logger":"task"}
{"timestamp":"2025-12-06T01:45:59.036542Z","level":"info","event":"https://musicbrainz.org/ws/2/url?resource=https://open.spotify.com/artist/5WUlDfRSoLAfcVSX1WnrxN&inc=artist-rels&fmt=json","chan":"stdout","logger":"task"}
{"timestamp":"2025-12-06T01:45:59.177354Z","level":"info","event":"https://musicbrainz.org/ws/2/artist/2f548675-008d-4332-876c-108b0c7ab9c5?inc=tags&fmt=json","chan":"stdout","logger":"task"}
{"timestamp":"2025-12-06T01:46:00.325624Z","level":"info","event":"{'name': 'Phillip Phillips', 'id': '6p5JxpTc7USNnBnLzctyd4', 'url': 'https://open.spotify.com/artist/6p5JxpTc7USNnBnLzctyd4'}","chan":"stdout","logger":"task"}
{"timestamp":"2025-12-06T01:46:00.325950Z","level":"info","event":"https://musicbrainz.org/ws/2/url?resource=https://open.spotify.com/artist/6p5JxpTc7USNnBnLzctyd4&inc=artist-rels&fmt=json","chan":"stdout","logger":"task"}
{"timestamp":"2025-12-06T01:46:00.473902Z","level":"info","event":"https://musicbrainz.org/ws/2/artist/838483d3-a803-4194-9754-ad634fba8553?inc=tags&fmt=json","chan":"stdout","logger":"task"}
{"timestamp":"2025-12-06T01:46:01.614901Z","level":"info","event":"{'name': 'P!nk', 'id': '1KCSPY1glIKqW2TotWuXOR', 'url': 'https://open.spotify.com/artist/1KCSPY1glIKqW2TotWuXOR'}","chan":"stdout","logger":"task"}
{"timestamp":"2025-12-06T01:46:01.618100Z","level":"info","event":"https://musicbrainz.org/ws/2/url?resource=https://open.spotify.com/artist/1KCSPY1glIKqW2TotWuXOR&inc=artist-rels&fmt=json","chan":"stdout","logger":"task"}
{"timestamp":"2025-12-06T01:46:01.756277Z","level":"info","event":"https://musicbrainz.org/ws/2/artist/f4d5cc07-3bc9-4836-9b15-88a08359bc63?inc=tags&fmt=json","chan":"stdout","logger":"task"}
{"timestamp":"2025-12-06T01:46:02.952223Z","level":"info","event":"{'name': 'fun.', 'id': '5nCi3BB41mBaMH9gfr6Su0', 'url': 'https://open.spotify.com/artist/5nCi3BB41mBaMH9gfr6Su0'}","chan":"stdout","logger":"task"}
{"timestamp":"2025-12-06T01:46:02.956868Z","level":"info","event":"https://musicbrainz.org/ws/2/url?resource=https://open.spotify.com/artist/5nCi3BB41mBaMH9gfr6Su0&inc=artist-rels&fmt=json","chan":"stdout","logger":"task"}
{"timestamp":"2025-12-06T01:46:03.204105Z","level":"info","event":"https://musicbrainz.org/ws/2/artist/136c4166-85b3-4994-aa04-59857c434199?inc=tags&fmt=json","chan":"stdout","logger":"task"}
{"timestamp":"2025-12-06T01:46:04.340480Z","level":"info","event":"{'name': 'USHER', 'id': '23zg3TcAtWQy7J6upgbUnj', 'url': 'https://open.spotify.com/artist/23zg3TcAtWQy7J6upgbUnj'}","chan":"stdout","logger":"task"}
{"timestamp":"2025-12-06T01:46:04.341439Z","level":"info","event":"https://musicbrainz.org/ws/2/url?resource=https://open.spotify.com/artist/23zg3TcAtWQy7J6upgbUnj&inc=artist-rels&fmt=json","chan":"stdout","logger":"task"}
{"timestamp":"2025-12-06T01:46:04.508127Z","level":"info","event":"https://musicbrainz.org/ws/2/artist/3414d446-735a-443c-931f-10634f57e5b9?inc=tags&fmt=json","chan":"stdout","logger":"task"}
{"timestamp":"2025-12-06T01:46:05.674524Z","level":"info","event":"{'name': 'Cher Lloyd', 'id': '4m4SfDVbF5wxrwEjDKgi4k', 'url': 'https://open.spotify.com/artist/4m4SfDVbF5wxrwEjDKgi4k'}","chan":"stdout","logger":"task"}
{"timestamp":"2025-12-06T01:46:05.679879Z","level":"info","event":"https://musicbrainz.org/ws/2/url?resource=https://open.spotify.com/artist/4m4SfDVbF5wxrwEjDKgi4k&inc=artist-rels&fmt=json","chan":"stdout","logger":"task"}
{"timestamp":"2025-12-06T01:46:05.818095Z","level":"info","event":"https://musicbrainz.org/ws/2/artist/48fbfb0b-92ee-45eb-99c2-0bde4c05962e?inc=tags&fmt=json","chan":"stdout","logger":"task"}
{"timestamp":"2025-12-06T01:46:06.985243Z","level":"info","event":"{'name': 'Owl City', 'id': '07QEuhtrNmmZ0zEcqE9SF6', 'url': 'https://open.spotify.com/artist/07QEuhtrNmmZ0zEcqE9SF6'}","chan":"stdout","logger":"task"}
{"timestamp":"2025-12-06T01:46:06.986293Z","level":"info","event":"https://musicbrainz.org/ws/2/url?resource=https://open.spotify.com/artist/07QEuhtrNmmZ0zEcqE9SF6&inc=artist-rels&fmt=json","chan":"stdout","logger":"task"}
{"timestamp":"2025-12-06T01:46:07.149187Z","level":"info","event":"https://musicbrainz.org/ws/2/artist/ad279295-653f-42e1-9aaa-b731df2e78ba?inc=tags&fmt=json","chan":"stdout","logger":"task"}
{"timestamp":"2025-12-06T01:46:08.363856Z","level":"info","event":"{'name': 'Justin Bieber', 'id': '1uNFoZAHBGtllmzznpCI3s', 'url': 'https://open.spotify.com/artist/1uNFoZAHBGtllmzznpCI3s'}","chan":"stdout","logger":"task"}
{"timestamp":"2025-12-06T01:46:08.365277Z","level":"info","event":"https://musicbrainz.org/ws/2/url?resource=https://open.spotify.com/artist/1uNFoZAHBGtllmzznpCI3s&inc=artist-rels&fmt=json","chan":"stdout","logger":"task"}
{"timestamp":"2025-12-06T01:46:08.499438Z","level":"info","event":"https://musicbrainz.org/ws/2/artist/e0140a67-e4d1-4f13-8a01-364355bee46e?inc=tags&fmt=json","chan":"stdout","logger":"task"}
{"timestamp":"2025-12-06T01:46:09.675581Z","level":"info","event":"{'name': 'Big Sean', 'id': '0c173mlxpT3dSFRgMO8XPh', 'url': 'https://open.spotify.com/artist/0c173mlxpT3dSFRgMO8XPh'}","chan":"stdout","logger":"task"}
{"timestamp":"2025-12-06T01:46:09.677758Z","level":"info","event":"https://musicbrainz.org/ws/2/url?resource=https://open.spotify.com/artist/0c173mlxpT3dSFRgMO8XPh&inc=artist-rels&fmt=json","chan":"stdout","logger":"task"}
{"timestamp":"2025-12-06T01:46:09.858429Z","level":"info","event":"https://musicbrainz.org/ws/2/artist/942a9807-9c1a-4a0e-a285-1fde2c5be9d1?inc=tags&fmt=json","chan":"stdout","logger":"task"}
{"timestamp":"2025-12-06T01:46:11.023378Z","level":"info","event":"{'name': 'Kanye West', 'id': '5K4W6rqBFWDnAN6FQUkS6x', 'url': 'https://open.spotify.com/artist/5K4W6rqBFWDnAN6FQUkS6x'}","chan":"stdout","logger":"task"}
{"timestamp":"2025-12-06T01:46:11.023908Z","level":"info","event":"https://musicbrainz.org/ws/2/url?resource=https://open.spotify.com/artist/5K4W6rqBFWDnAN6FQUkS6x&inc=artist-rels&fmt=json","chan":"stdout","logger":"task"}
{"timestamp":"2025-12-06T01:46:11.185625Z","level":"info","event":"https://musicbrainz.org/ws/2/artist/164f0d73-1234-4e2c-8743-d77bf2191051?inc=tags&fmt=json","chan":"stdout","logger":"task"}
{"timestamp":"2025-12-06T01:46:12.384937Z","level":"info","event":"{'name': 'Pusha T', 'id': '0ONHkAv9pCAFxb0zJwDNTy', 'url': 'https://open.spotify.com/artist/0ONHkAv9pCAFxb0zJwDNTy'}","chan":"stdout","logger":"task"}
{"timestamp":"2025-12-06T01:46:12.385956Z","level":"info","event":"https://musicbrainz.org/ws/2/url?resource=https://open.spotify.com/artist/0ONHkAv9pCAFxb0zJwDNTy&inc=artist-rels&fmt=json","chan":"stdout","logger":"task"}
{"timestamp":"2025-12-06T01:46:12.534871Z","level":"info","event":"https://musicbrainz.org/ws/2/artist/14ecd19f-7121-4192-8549-e5056241a42f?inc=tags&fmt=json","chan":"stdout","logger":"task"}
{"timestamp":"2025-12-06T01:46:13.690238Z","level":"info","event":"{'name': '2 Chainz', 'id': '17lzZA2AlOHwCwFALHttmp', 'url': 'https://open.spotify.com/artist/17lzZA2AlOHwCwFALHttmp'}","chan":"stdout","logger":"task"}
{"timestamp":"2025-12-06T01:46:13.693078Z","level":"info","event":"https://musicbrainz.org/ws/2/url?resource=https://open.spotify.com/artist/17lzZA2AlOHwCwFALHttmp&inc=artist-rels&fmt=json","chan":"stdout","logger":"task"}
{"timestamp":"2025-12-06T01:46:13.851465Z","level":"info","event":"https://musicbrainz.org/ws/2/artist/dff0d392-4cd5-4052-9fbb-f485df3891e5?inc=tags&fmt=json","chan":"stdout","logger":"task"}
{"timestamp":"2025-12-06T01:46:15.093834Z","level":"info","event":"{'name': 'Calvin Harris', 'id': '7CajNmpbOovFoOoasH2HaY', 'url': 'https://open.spotify.com/artist/7CajNmpbOovFoOoasH2HaY'}","chan":"stdout","logger":"task"}
{"timestamp":"2025-12-06T01:46:15.098592Z","level":"info","event":"https://musicbrainz.org/ws/2/url?resource=https://open.spotify.com/artist/7CajNmpbOovFoOoasH2HaY&inc=artist-rels&fmt=json","chan":"stdout","logger":"task"}
{"timestamp":"2025-12-06T01:46:15.254250Z","level":"info","event":"Network error: ('Connection aborted.', RemoteDisconnected('Remote end closed connection without response')). Attempt 1/3","chan":"stdout","logger":"task"}
{"timestamp":"2025-12-06T01:46:16.657702Z","level":"info","event":"https://musicbrainz.org/ws/2/artist/8dd98bdc-80ec-4e93-8509-2f46bafc09a7?inc=tags&fmt=json","chan":"stdout","logger":"task"}
{"timestamp":"2025-12-06T01:46:17.821045Z","level":"info","event":"{'name': 'Ne-Yo', 'id': '21E3waRsmPlU7jZsS13rcj', 'url': 'https://open.spotify.com/artist/21E3waRsmPlU7jZsS13rcj'}","chan":"stdout","logger":"task"}
{"timestamp":"2025-12-06T01:46:17.821416Z","level":"info","event":"https://musicbrainz.org/ws/2/url?resource=https://open.spotify.com/artist/21E3waRsmPlU7jZsS13rcj&inc=artist-rels&fmt=json","chan":"stdout","logger":"task"}
{"timestamp":"2025-12-06T01:46:17.985814Z","level":"info","event":"https://musicbrainz.org/ws/2/artist/a4a01f5d-18e7-4571-8c3a-76ec0e24e2d7?inc=tags&fmt=json","chan":"stdout","logger":"task"}
{"timestamp":"2025-12-06T01:46:19.250906Z","level":"info","event":"{'name': 'Demi Lovato', 'id': '6S2OmqARrzebs0tKUEyXyp', 'url': 'https://open.spotify.com/artist/6S2OmqARrzebs0tKUEyXyp'}","chan":"stdout","logger":"task"}
{"timestamp":"2025-12-06T01:46:19.252693Z","level":"info","event":"https://musicbrainz.org/ws/2/url?resource=https://open.spotify.com/artist/6S2OmqARrzebs0tKUEyXyp&inc=artist-rels&fmt=json","chan":"stdout","logger":"task"}
{"timestamp":"2025-12-06T01:46:19.458792Z","level":"info","event":"https://musicbrainz.org/ws/2/artist/faf4cefb-036c-4c88-b93a-5b03dd0a0e6b?inc=tags&fmt=json","chan":"stdout","logger":"task"}
{"timestamp":"2025-12-06T01:46:20.606924Z","level":"info","event":"{'name': 'Neon Trees', 'id': '0RpddSzUHfncUWNJXKOsjy', 'url': 'https://open.spotify.com/artist/0RpddSzUHfncUWNJXKOsjy'}","chan":"stdout","logger":"task"}
{"timestamp":"2025-12-06T01:46:20.607451Z","level":"info","event":"https://musicbrainz.org/ws/2/url?resource=https://open.spotify.com/artist/0RpddSzUHfncUWNJXKOsjy&inc=artist-rels&fmt=json","chan":"stdout","logger":"task"}
{"timestamp":"2025-12-06T01:46:20.757129Z","level":"info","event":"https://musicbrainz.org/ws/2/artist/16243662-8538-4746-a0fb-0d15b5828b8e?inc=tags&fmt=json","chan":"stdout","logger":"task"}
{"timestamp":"2025-12-06T01:46:21.907333Z","level":"info","event":"{'name': 'Janelle Monáe', 'id': '6ueGR6SWhUJfvEhqkvMsVs', 'url': 'https://open.spotify.com/artist/6ueGR6SWhUJfvEhqkvMsVs'}","chan":"stdout","logger":"task"}
{"timestamp":"2025-12-06T01:46:21.908277Z","level":"info","event":"https://musicbrainz.org/ws/2/url?resource=https://open.spotify.com/artist/6ueGR6SWhUJfvEhqkvMsVs&inc=artist-rels&fmt=json","chan":"stdout","logger":"task"}
{"timestamp":"2025-12-06T01:46:22.127267Z","level":"info","event":"https://musicbrainz.org/ws/2/artist/ee190f6b-7d98-43ec-b924-da5f8018eca0?inc=tags&fmt=json","chan":"stdout","logger":"task"}
{"timestamp":"2025-12-06T01:46:23.280312Z","level":"info","event":"{'name': 'One Direction', 'id': '4AK6F7OLvEQ5QYCBNiQWHq', 'url': 'https://open.spotify.com/artist/4AK6F7OLvEQ5QYCBNiQWHq'}","chan":"stdout","logger":"task"}
{"timestamp":"2025-12-06T01:46:23.281868Z","level":"info","event":"https://musicbrainz.org/ws/2/url?resource=https://open.spotify.com/artist/4AK6F7OLvEQ5QYCBNiQWHq&inc=artist-rels&fmt=json","chan":"stdout","logger":"task"}
{"timestamp":"2025-12-06T01:46:23.520232Z","level":"info","event":"https://musicbrainz.org/ws/2/artist/1a425bbd-cca4-4b2c-aeb7-71cb176c828a?inc=tags&fmt=json","chan":"stdout","logger":"task"}
{"timestamp":"2025-12-06T01:46:24.761185Z","level":"info","event":"{'name': 'Nicki Minaj', 'id': '0hCNtLu0JehylgoiP8L4Gh', 'url': 'https://open.spotify.com/artist/0hCNtLu0JehylgoiP8L4Gh'}","chan":"stdout","logger":"task"}
{"timestamp":"2025-12-06T01:46:24.762309Z","level":"info","event":"https://musicbrainz.org/ws/2/url?resource=https://open.spotify.com/artist/0hCNtLu0JehylgoiP8L4Gh&inc=artist-rels&fmt=json","chan":"stdout","logger":"task"}
{"timestamp":"2025-12-06T01:46:24.936722Z","level":"info","event":"https://musicbrainz.org/ws/2/artist/1036b808-f58c-4a3e-b461-a2c4492ecf1b?inc=tags&fmt=json","chan":"stdout","logger":"task"}
{"timestamp":"2025-12-06T01:46:26.075572Z","level":"info","event":"{'name': 'Little Big Town', 'id': '3CygdxquGHurS7f9LjNLkv', 'url': 'https://open.spotify.com/artist/3CygdxquGHurS7f9LjNLkv'}","chan":"stdout","logger":"task"}
{"timestamp":"2025-12-06T01:46:26.078090Z","level":"info","event":"https://musicbrainz.org/ws/2/url?resource=https://open.spotify.com/artist/3CygdxquGHurS7f9LjNLkv&inc=artist-rels&fmt=json","chan":"stdout","logger":"task"}
{"timestamp":"2025-12-06T01:46:26.223376Z","level":"info","event":"https://musicbrainz.org/ws/2/artist/76e78b58-f301-4975-8058-7f84d8360738?inc=tags&fmt=json","chan":"stdout","logger":"task"}
{"timestamp":"2025-12-06T01:46:26.345288Z","level":"info","event":"Rate limit hit. Retrying in 1s...","chan":"stdout","logger":"task"}
{"timestamp":"2025-12-06T01:46:28.548490Z","level":"info","event":"{'name': 'Alex Clare', 'id': '5Tf4EH8tDvznnjULcFxkIl', 'url': 'https://open.spotify.com/artist/5Tf4EH8tDvznnjULcFxkIl'}","chan":"stdout","logger":"task"}
{"timestamp":"2025-12-06T01:46:28.551408Z","level":"info","event":"https://musicbrainz.org/ws/2/url?resource=https://open.spotify.com/artist/5Tf4EH8tDvznnjULcFxkIl&inc=artist-rels&fmt=json","chan":"stdout","logger":"task"}
{"timestamp":"2025-12-06T01:46:28.712391Z","level":"info","event":"https://musicbrainz.org/ws/2/artist/e8c8a3c3-29b6-421e-b977-fb6796231d41?inc=tags&fmt=json","chan":"stdout","logger":"task"}
{"timestamp":"2025-12-06T01:46:29.854508Z","level":"info","event":"{'name': 'Drake', 'id': '3TVXtAsR1Inumwj472S9r4', 'url': 'https://open.spotify.com/artist/3TVXtAsR1Inumwj472S9r4'}","chan":"stdout","logger":"task"}
{"timestamp":"2025-12-06T01:46:29.856498Z","level":"info","event":"https://musicbrainz.org/ws/2/url?resource=https://open.spotify.com/artist/3TVXtAsR1Inumwj472S9r4&inc=artist-rels&fmt=json","chan":"stdout","logger":"task"}
{"timestamp":"2025-12-06T01:46:30.047184Z","level":"info","event":"https://musicbrainz.org/ws/2/artist/9fff2f8a-21e6-47de-a2b8-7f449929d43f?inc=tags&fmt=json","chan":"stdout","logger":"task"}
{"timestamp":"2025-12-06T01:48:03.823265Z","level":"info","event":"{'name': 'Jason Mraz', 'id': '4phGZZrJZRo4ElhRtViYdl', 'url': 'https://open.spotify.com/artist/4phGZZrJZRo4ElhRtViYdl'}","chan":"stdout","logger":"task"}
{"timestamp":"2025-12-06T01:48:03.824561Z","level":"info","event":"https://musicbrainz.org/ws/2/url?resource=https://open.spotify.com/artist/4phGZZrJZRo4ElhRtViYdl&inc=artist-rels&fmt=json","chan":"stdout","logger":"task"}
{"timestamp":"2025-12-06T01:48:03.973229Z","level":"info","event":"https://musicbrainz.org/ws/2/artist/82eb8936-7bf6-4577-8320-a2639465206d?inc=tags&fmt=json","chan":"stdout","logger":"task"}
{"timestamp":"2025-12-06T01:48:05.154830Z","level":"info","event":"{'name': 'Havana Brown', 'id': '1EVWYRr2obCRDoSoD6KSuM', 'url': 'https://open.spotify.com/artist/1EVWYRr2obCRDoSoD6KSuM'}","chan":"stdout","logger":"task"}
{"timestamp":"2025-12-06T01:48:05.155774Z","level":"info","event":"https://musicbrainz.org/ws/2/url?resource=https://open.spotify.com/artist/1EVWYRr2obCRDoSoD6KSuM&inc=artist-rels&fmt=json","chan":"stdout","logger":"task"}
{"timestamp":"2025-12-06T01:48:05.371552Z","level":"info","event":"https://musicbrainz.org/ws/2/artist/202d9955-4cd2-4bb2-835c-e0152c6abf19?inc=tags&fmt=json","chan":"stdout","logger":"task"}
{"timestamp":"2025-12-06T01:48:06.624972Z","level":"info","event":"{'name': 'Pitbull', 'id': '0TnOYISbd1XYRBk9myaseg', 'url': 'https://open.spotify.com/artist/0TnOYISbd1XYRBk9myaseg'}","chan":"stdout","logger":"task"}
{"timestamp":"2025-12-06T01:48:06.625606Z","level":"info","event":"https://musicbrainz.org/ws/2/url?resource=https://open.spotify.com/artist/0TnOYISbd1XYRBk9myaseg&inc=artist-rels&fmt=json","chan":"stdout","logger":"task"}
{"timestamp":"2025-12-06T01:48:06.788826Z","level":"info","event":"https://musicbrainz.org/ws/2/artist/d262ea27-3ffe-40f7-b922-85c42d625e67?inc=tags&fmt=json","chan":"stdout","logger":"task"}
{"timestamp":"2025-12-06T01:48:07.941618Z","level":"info","event":"{'name': 'Kenny Chesney', 'id': '3grHWM9bx2E9vwJCdlRv9O', 'url': 'https://open.spotify.com/artist/3grHWM9bx2E9vwJCdlRv9O'}","chan":"stdout","logger":"task"}
{"timestamp":"2025-12-06T01:48:07.942706Z","level":"info","event":"https://musicbrainz.org/ws/2/url?resource=https://open.spotify.com/artist/3grHWM9bx2E9vwJCdlRv9O&inc=artist-rels&fmt=json","chan":"stdout","logger":"task"}
{"timestamp":"2025-12-06T01:48:08.120705Z","level":"info","event":"https://musicbrainz.org/ws/2/artist/5dca4d22-d6c8-4e70-8ca1-4543e43353c7?inc=tags&fmt=json","chan":"stdout","logger":"task"}
{"timestamp":"2025-12-06T01:48:09.396030Z","level":"info","event":"{'name': 'The Wanted', 'id': '2NhdGz9EDv2FeUw6udu2g1', 'url': 'https://open.spotify.com/artist/2NhdGz9EDv2FeUw6udu2g1'}","chan":"stdout","logger":"task"}
{"timestamp":"2025-12-06T01:48:09.396369Z","level":"info","event":"https://musicbrainz.org/ws/2/url?resource=https://open.spotify.com/artist/2NhdGz9EDv2FeUw6udu2g1&inc=artist-rels&fmt=json","chan":"stdout","logger":"task"}
{"timestamp":"2025-12-06T01:48:09.760976Z","level":"info","event":"https://musicbrainz.org/ws/2/artist/bcb16f22-b064-4b80-b3a3-c824bccdbab1?inc=tags&fmt=json","chan":"stdout","logger":"task"}
{"timestamp":"2025-12-06T01:48:10.945927Z","level":"info","event":"{'name': 'Love and Theft', 'id': '03a5eVjzFyQlR4XyVSwt4t', 'url': 'https://open.spotify.com/artist/03a5eVjzFyQlR4XyVSwt4t'}","chan":"stdout","logger":"task"}
{"timestamp":"2025-12-06T01:48:10.946871Z","level":"info","event":"https://musicbrainz.org/ws/2/url?resource=https://open.spotify.com/artist/03a5eVjzFyQlR4XyVSwt4t&inc=artist-rels&fmt=json","chan":"stdout","logger":"task"}
{"timestamp":"2025-12-06T01:48:11.214965Z","level":"info","event":"https://musicbrainz.org/ws/2/artist/b5d77881-1324-43b2-9ddb-7f4856155972?inc=tags&fmt=json","chan":"stdout","logger":"task"}
{"timestamp":"2025-12-06T01:48:12.417803Z","level":"info","event":"{'name': 'Train', 'id': '3FUY2gzHeIiaesXtOAdB7A', 'url': 'https://open.spotify.com/artist/3FUY2gzHeIiaesXtOAdB7A'}","chan":"stdout","logger":"task"}
{"timestamp":"2025-12-06T01:48:12.419246Z","level":"info","event":"https://musicbrainz.org/ws/2/url?resource=https://open.spotify.com/artist/3FUY2gzHeIiaesXtOAdB7A&inc=artist-rels&fmt=json","chan":"stdout","logger":"task"}
{"timestamp":"2025-12-06T01:48:12.680475Z","level":"info","event":"https://musicbrainz.org/ws/2/artist/bfd5aec5-62a2-4560-a316-7c46c17babda?inc=tags&fmt=json","chan":"stdout","logger":"task"}
{"timestamp":"2025-12-06T01:48:13.843531Z","level":"info","event":"{'name': 'Gloriana', 'id': '5RjqSn7vYk8Qb9GeLWRRhB', 'url': 'https://open.spotify.com/artist/5RjqSn7vYk8Qb9GeLWRRhB'}","chan":"stdout","logger":"task"}
{"timestamp":"2025-12-06T01:48:13.845280Z","level":"info","event":"https://musicbrainz.org/ws/2/url?resource=https://open.spotify.com/artist/5RjqSn7vYk8Qb9GeLWRRhB&inc=artist-rels&fmt=json","chan":"stdout","logger":"task"}
{"timestamp":"2025-12-06T01:48:14.004206Z","level":"info","event":"https://musicbrainz.org/ws/2/artist/45ee3bf0-7ef7-4a87-81e3-a5867473b93d?inc=tags&fmt=json","chan":"stdout","logger":"task"}
{"timestamp":"2025-12-06T01:48:15.186181Z","level":"info","event":"{'name': 'Hunter Hayes', 'id': '7H6dkUChT5EoOQtUVMg4cN', 'url': 'https://open.spotify.com/artist/7H6dkUChT5EoOQtUVMg4cN'}","chan":"stdout","logger":"task"}
{"timestamp":"2025-12-06T01:48:15.187113Z","level":"info","event":"https://musicbrainz.org/ws/2/url?resource=https://open.spotify.com/artist/7H6dkUChT5EoOQtUVMg4cN&inc=artist-rels&fmt=json","chan":"stdout","logger":"task"}
{"timestamp":"2025-12-06T01:48:15.407423Z","level":"info","event":"https://musicbrainz.org/ws/2/artist/0c75ddc6-2b5d-4b01-8c99-3d9479a14683?inc=tags&fmt=json","chan":"stdout","logger":"task"}
{"timestamp":"2025-12-06T01:48:16.558475Z","level":"info","event":"{'name': 'Kelly Clarkson', 'id': '3BmGtnKgCSGYIUhmivXKWX', 'url': 'https://open.spotify.com/artist/3BmGtnKgCSGYIUhmivXKWX'}","chan":"stdout","logger":"task"}
{"timestamp":"2025-12-06T01:48:16.559297Z","level":"info","event":"https://musicbrainz.org/ws/2/url?resource=https://open.spotify.com/artist/3BmGtnKgCSGYIUhmivXKWX&inc=artist-rels&fmt=json","chan":"stdout","logger":"task"}
{"timestamp":"2025-12-06T01:48:16.699659Z","level":"info","event":"https://musicbrainz.org/ws/2/artist/d339efbb-77b9-4147-ba9e-59f2f24550b2?inc=tags&fmt=json","chan":"stdout","logger":"task"}
{"timestamp":"2025-12-06T01:48:17.956400Z","level":"info","event":"{'name': 'Luke Bryan', 'id': '0BvkDsjIUla7X0k6CSWh1I', 'url': 'https://open.spotify.com/artist/0BvkDsjIUla7X0k6CSWh1I'}","chan":"stdout","logger":"task"}
{"timestamp":"2025-12-06T01:48:17.957845Z","level":"info","event":"https://musicbrainz.org/ws/2/url?resource=https://open.spotify.com/artist/0BvkDsjIUla7X0k6CSWh1I&inc=artist-rels&fmt=json","chan":"stdout","logger":"task"}
{"timestamp":"2025-12-06T01:48:18.113820Z","level":"info","event":"https://musicbrainz.org/ws/2/artist/aab35942-f176-4f77-bbf9-1d6aa98ccf3f?inc=tags&fmt=json","chan":"stdout","logger":"task"}
{"timestamp":"2025-12-06T01:48:19.537465Z","level":"info","event":"{'name': 'Jason Aldean', 'id': '3FfvYsEGaIb52QPXhg4DcH', 'url': 'https://open.spotify.com/artist/3FfvYsEGaIb52QPXhg4DcH'}","chan":"stdout","logger":"task"}
{"timestamp":"2025-12-06T01:48:19.538450Z","level":"info","event":"https://musicbrainz.org/ws/2/url?resource=https://open.spotify.com/artist/3FfvYsEGaIb52QPXhg4DcH&inc=artist-rels&fmt=json","chan":"stdout","logger":"task"}
{"timestamp":"2025-12-06T01:48:19.732061Z","level":"info","event":"https://musicbrainz.org/ws/2/artist/f24df11a-7e35-4979-a4db-a3b2a170ce27?inc=tags&fmt=json","chan":"stdout","logger":"task"}
{"timestamp":"2025-12-06T01:48:20.894426Z","level":"info","event":"{'name': 'Karmin', 'id': '4M0DLz8te9Q1lNIXBBwvfG', 'url': 'https://open.spotify.com/artist/4M0DLz8te9Q1lNIXBBwvfG'}","chan":"stdout","logger":"task"}
{"timestamp":"2025-12-06T01:48:20.895107Z","level":"info","event":"https://musicbrainz.org/ws/2/url?resource=https://open.spotify.com/artist/4M0DLz8te9Q1lNIXBBwvfG&inc=artist-rels&fmt=json","chan":"stdout","logger":"task"}
{"timestamp":"2025-12-06T01:48:21.028940Z","level":"info","event":"https://musicbrainz.org/ws/2/artist/a81303f1-64a5-4359-83ce-767f5fc3a542?inc=tags&fmt=json","chan":"stdout","logger":"task"}
{"timestamp":"2025-12-06T01:48:21.141954Z","level":"info","event":"Rate limit hit. Retrying in 1s...","chan":"stdout","logger":"task"}
{"timestamp":"2025-12-06T01:48:23.432521Z","level":"info","event":"{'name': 'Trey Songz', 'id': '2iojnBLj0qIMiKPvVhLnsH', 'url': 'https://open.spotify.com/artist/2iojnBLj0qIMiKPvVhLnsH'}","chan":"stdout","logger":"task"}
{"timestamp":"2025-12-06T01:48:23.433879Z","level":"info","event":"https://musicbrainz.org/ws/2/url?resource=https://open.spotify.com/artist/2iojnBLj0qIMiKPvVhLnsH&inc=artist-rels&fmt=json","chan":"stdout","logger":"task"}
{"timestamp":"2025-12-06T01:48:23.571294Z","level":"info","event":"https://musicbrainz.org/ws/2/artist/4d7304f6-7fe3-4959-9d98-01a5af84afe6?inc=tags&fmt=json","chan":"stdout","logger":"task"}
{"timestamp":"2025-12-06T01:48:24.720982Z","level":"info","event":"{'name': 'Rick Ross', 'id': '1sBkRIssrMs1AbVkOJbc7a', 'url': 'https://open.spotify.com/artist/1sBkRIssrMs1AbVkOJbc7a'}","chan":"stdout","logger":"task"}
{"timestamp":"2025-12-06T01:48:24.723168Z","level":"info","event":"https://musicbrainz.org/ws/2/url?resource=https://open.spotify.com/artist/1sBkRIssrMs1AbVkOJbc7a&inc=artist-rels&fmt=json","chan":"stdout","logger":"task"}
{"timestamp":"2025-12-06T01:48:24.899024Z","level":"info","event":"https://musicbrainz.org/ws/2/artist/13bcb2bb-db37-4397-baf5-e0f085be2d64?inc=tags&fmt=json","chan":"stdout","logger":"task"}
{"timestamp":"2025-12-06T01:48:26.051155Z","level":"info","event":"{'name': 'Carrie Underwood', 'id': '4xFUf1FHVy696Q1JQZMTRj', 'url': 'https://open.spotify.com/artist/4xFUf1FHVy696Q1JQZMTRj'}","chan":"stdout","logger":"task"}
{"timestamp":"2025-12-06T01:48:26.052876Z","level":"info","event":"https://musicbrainz.org/ws/2/url?resource=https://open.spotify.com/artist/4xFUf1FHVy696Q1JQZMTRj&inc=artist-rels&fmt=json","chan":"stdout","logger":"task"}
{"timestamp":"2025-12-06T01:48:26.197704Z","level":"info","event":"https://musicbrainz.org/ws/2/artist/70f0e309-5418-49b6-a130-666e2f76eecd?inc=tags&fmt=json","chan":"stdout","logger":"task"}
{"timestamp":"2025-12-06T01:48:27.363261Z","level":"info","event":"{'name': 'GROUPLOVE', 'id': '3kVUvbeRdcrqQ3oHk5hPdx', 'url': 'https://open.spotify.com/artist/3kVUvbeRdcrqQ3oHk5hPdx'}","chan":"stdout","logger":"task"}
{"timestamp":"2025-12-06T01:48:27.364497Z","level":"info","event":"https://musicbrainz.org/ws/2/url?resource=https://open.spotify.com/artist/3kVUvbeRdcrqQ3oHk5hPdx&inc=artist-rels&fmt=json","chan":"stdout","logger":"task"}
{"timestamp":"2025-12-06T01:48:27.947912Z","level":"info","event":"https://musicbrainz.org/ws/2/artist/d8e41375-bd8d-4e39-9da7-f0c171e97086?inc=tags&fmt=json","chan":"stdout","logger":"task"}
{"timestamp":"2025-12-06T01:48:29.108696Z","level":"info","event":"{'name': 'Blake Shelton', 'id': '1UTPBmNbXNTittyMJrNkvw', 'url': 'https://open.spotify.com/artist/1UTPBmNbXNTittyMJrNkvw'}","chan":"stdout","logger":"task"}
{"timestamp":"2025-12-06T01:48:29.109862Z","level":"info","event":"https://musicbrainz.org/ws/2/url?resource=https://open.spotify.com/artist/1UTPBmNbXNTittyMJrNkvw&inc=artist-rels&fmt=json","chan":"stdout","logger":"task"}
{"timestamp":"2025-12-06T01:48:29.363521Z","level":"info","event":"https://musicbrainz.org/ws/2/artist/2ad66473-ccb3-41d2-8756-b56680cdfe62?inc=tags&fmt=json","chan":"stdout","logger":"task"}
{"timestamp":"2025-12-06T01:48:30.536421Z","level":"info","event":"{'name': 'Dierks Bentley', 'id': '7x8nK0m0cP2ksQf0mjWdPS', 'url': 'https://open.spotify.com/artist/7x8nK0m0cP2ksQf0mjWdPS'}","chan":"stdout","logger":"task"}
{"timestamp":"2025-12-06T01:48:30.536711Z","level":"info","event":"https://musicbrainz.org/ws/2/url?resource=https://open.spotify.com/artist/7x8nK0m0cP2ksQf0mjWdPS&inc=artist-rels&fmt=json","chan":"stdout","logger":"task"}
{"timestamp":"2025-12-06T01:48:30.744598Z","level":"info","event":"https://musicbrainz.org/ws/2/artist/6bd7faa9-601f-44db-a2a6-239209f83156?inc=tags&fmt=json","chan":"stdout","logger":"task"}
{"timestamp":"2025-12-06T01:48:31.897340Z","level":"info","event":"{'name': 'Gym Class Heroes', 'id': '4IJczjB0fJ04gs4uvP0Fli', 'url': 'https://open.spotify.com/artist/4IJczjB0fJ04gs4uvP0Fli'}","chan":"stdout","logger":"task"}
{"timestamp":"2025-12-06T01:48:31.898395Z","level":"info","event":"https://musicbrainz.org/ws/2/url?resource=https://open.spotify.com/artist/4IJczjB0fJ04gs4uvP0Fli&inc=artist-rels&fmt=json","chan":"stdout","logger":"task"}
{"timestamp":"2025-12-06T01:48:32.043700Z","level":"info","event":"https://musicbrainz.org/ws/2/artist/f4d4b515-0b74-423f-a161-db184330c37c?inc=tags&fmt=json","chan":"stdout","logger":"task"}
{"timestamp":"2025-12-06T01:48:33.196324Z","level":"info","event":"{'name': 'Ryan Tedder', 'id': '4we5S2VLjgY9KzIzApL1KI', 'url': 'https://open.spotify.com/artist/4we5S2VLjgY9KzIzApL1KI'}","chan":"stdout","logger":"task"}
{"timestamp":"2025-12-06T01:48:33.197482Z","level":"info","event":"https://musicbrainz.org/ws/2/url?resource=https://open.spotify.com/artist/4we5S2VLjgY9KzIzApL1KI&inc=artist-rels&fmt=json","chan":"stdout","logger":"task"}
{"timestamp":"2025-12-06T01:48:33.345038Z","level":"info","event":"https://musicbrainz.org/ws/2/artist/0bc6d6e7-0858-4b73-a079-7aa681095f98?inc=tags&fmt=json","chan":"stdout","logger":"task"}
{"timestamp":"2025-12-06T01:48:34.494984Z","level":"info","event":"{'name': 'The Lumineers', 'id': '16oZKvXb6WkQlVAjwo2Wbg', 'url': 'https://open.spotify.com/artist/16oZKvXb6WkQlVAjwo2Wbg'}","chan":"stdout","logger":"task"}
{"timestamp":"2025-12-06T01:48:34.497183Z","level":"info","event":"https://musicbrainz.org/ws/2/url?resource=https://open.spotify.com/artist/16oZKvXb6WkQlVAjwo2Wbg&inc=artist-rels&fmt=json","chan":"stdout","logger":"task"}
{"timestamp":"2025-12-06T01:48:34.625013Z","level":"info","event":"https://musicbrainz.org/ws/2/artist/bfcb6630-9b31-4e63-b11f-7b0363be72b5?inc=tags&fmt=json","chan":"stdout","logger":"task"}
{"timestamp":"2025-12-06T01:48:35.792360Z","level":"info","event":"{'name': 'Of Monsters and Men', 'id': '4dwdTW1Lfiq0cM8nBAqIIz', 'url': 'https://open.spotify.com/artist/4dwdTW1Lfiq0cM8nBAqIIz'}","chan":"stdout","logger":"task"}
{"timestamp":"2025-12-06T01:48:35.797464Z","level":"info","event":"https://musicbrainz.org/ws/2/url?resource=https://open.spotify.com/artist/4dwdTW1Lfiq0cM8nBAqIIz&inc=artist-rels&fmt=json","chan":"stdout","logger":"task"}
{"timestamp":"2025-12-06T01:48:55.892554Z","level":"info","event":"Network error: HTTPSConnectionPool(host='musicbrainz.org', port=443): Read timed out. (read timeout=20). Attempt 1/3","chan":"stdout","logger":"task"}
{"timestamp":"2025-12-06T01:48:57.475329Z","level":"info","event":"https://musicbrainz.org/ws/2/artist/9e103f85-7af7-41d7-b83b-49ba8f0c5abf?inc=tags&fmt=json","chan":"stdout","logger":"task"}
{"timestamp":"2025-12-06T01:48:58.769387Z","level":"info","event":"{'name': 'Josh Turner', 'id': '7vCtweS8UVAXTyau2j0rDT', 'url': 'https://open.spotify.com/artist/7vCtweS8UVAXTyau2j0rDT'}","chan":"stdout","logger":"task"}
{"timestamp":"2025-12-06T01:48:58.770805Z","level":"info","event":"https://musicbrainz.org/ws/2/url?resource=https://open.spotify.com/artist/7vCtweS8UVAXTyau2j0rDT&inc=artist-rels&fmt=json","chan":"stdout","logger":"task"}
{"timestamp":"2025-12-06T01:48:59.173865Z","level":"info","event":"HTTP 404: Not Found","chan":"stdout","logger":"task"}
{"timestamp":"2025-12-06T01:48:59.174599Z","level":"info","event":"unable to get mbid for https://open.spotify.com/artist/7vCtweS8UVAXTyau2j0rDT","chan":"stdout","logger":"task"}
{"timestamp":"2025-12-06T01:49:00.180668Z","level":"info","event":"{'name': 'No Doubt', 'id': '0cQbJU1aAzvbEmTuljWLlF', 'url': 'https://open.spotify.com/artist/0cQbJU1aAzvbEmTuljWLlF'}","chan":"stdout","logger":"task"}
{"timestamp":"2025-12-06T01:49:00.181729Z","level":"info","event":"https://musicbrainz.org/ws/2/url?resource=https://open.spotify.com/artist/0cQbJU1aAzvbEmTuljWLlF&inc=artist-rels&fmt=json","chan":"stdout","logger":"task"}
{"timestamp":"2025-12-06T01:49:00.479310Z","level":"info","event":"https://musicbrainz.org/ws/2/artist/fbd2a255-1d57-4d31-ac11-65b671c19958?inc=tags&fmt=json","chan":"stdout","logger":"task"}
{"timestamp":"2025-12-06T01:49:01.673563Z","level":"info","event":"{'name': 'Linkin Park', 'id': '6XyY86QOPPrYVGvF9ch6wz', 'url': 'https://open.spotify.com/artist/6XyY86QOPPrYVGvF9ch6wz'}","chan":"stdout","logger":"task"}
{"timestamp":"2025-12-06T01:49:01.675944Z","level":"info","event":"https://musicbrainz.org/ws/2/url?resource=https://open.spotify.com/artist/6XyY86QOPPrYVGvF9ch6wz&inc=artist-rels&fmt=json","chan":"stdout","logger":"task"}
{"timestamp":"2025-12-06T01:49:01.912220Z","level":"info","event":"https://musicbrainz.org/ws/2/artist/f59c5520-5f46-4d2c-b2c4-822eabf53419?inc=tags&fmt=json","chan":"stdout","logger":"task"}
{"timestamp":"2025-12-06T01:50:18.761909Z","level":"info","event":"{'name': 'Jana Kramer', 'id': '2PaRhxWFaqCUZybJDDoNrf', 'url': 'https://open.spotify.com/artist/2PaRhxWFaqCUZybJDDoNrf'}","chan":"stdout","logger":"task"}
{"timestamp":"2025-12-06T01:50:18.763263Z","level":"info","event":"https://musicbrainz.org/ws/2/url?resource=https://open.spotify.com/artist/2PaRhxWFaqCUZybJDDoNrf&inc=artist-rels&fmt=json","chan":"stdout","logger":"task"}
{"timestamp":"2025-12-06T01:50:18.969909Z","level":"info","event":"https://musicbrainz.org/ws/2/artist/7ccdfc16-1b38-4368-b286-13e0c8b0bd0e?inc=tags&fmt=json","chan":"stdout","logger":"task"}
{"timestamp":"2025-12-06T01:50:20.139173Z","level":"info","event":"{'name': 'Tim McGraw', 'id': '6roFdX1y5BYSbp60OTJWMd', 'url': 'https://open.spotify.com/artist/6roFdX1y5BYSbp60OTJWMd'}","chan":"stdout","logger":"task"}
{"timestamp":"2025-12-06T01:50:20.140312Z","level":"info","event":"https://musicbrainz.org/ws/2/url?resource=https://open.spotify.com/artist/6roFdX1y5BYSbp60OTJWMd&inc=artist-rels&fmt=json","chan":"stdout","logger":"task"}
{"timestamp":"2025-12-06T01:50:20.318930Z","level":"info","event":"https://musicbrainz.org/ws/2/artist/7e5cfc9a-e9e1-46f1-b81a-861b12049488?inc=tags&fmt=json","chan":"stdout","logger":"task"}
{"timestamp":"2025-12-06T01:50:21.578710Z","level":"info","event":"{'name': 'Meek Mill', 'id': '20sxb77xiYeusSH8cVdatc', 'url': 'https://open.spotify.com/artist/20sxb77xiYeusSH8cVdatc'}","chan":"stdout","logger":"task"}
{"timestamp":"2025-12-06T01:50:21.579899Z","level":"info","event":"https://musicbrainz.org/ws/2/url?resource=https://open.spotify.com/artist/20sxb77xiYeusSH8cVdatc&inc=artist-rels&fmt=json","chan":"stdout","logger":"task"}
{"timestamp":"2025-12-06T01:50:21.716825Z","level":"info","event":"https://musicbrainz.org/ws/2/artist/31bcadcc-e1da-4cad-bec8-2f4f1d41b095?inc=tags&fmt=json","chan":"stdout","logger":"task"}
{"timestamp":"2025-12-06T01:50:22.872511Z","level":"info","event":"{'name': 'Matchbox Twenty', 'id': '3Ngh2zDBRPEriyxQDAMKd1', 'url': 'https://open.spotify.com/artist/3Ngh2zDBRPEriyxQDAMKd1'}","chan":"stdout","logger":"task"}
{"timestamp":"2025-12-06T01:50:22.872806Z","level":"info","event":"https://musicbrainz.org/ws/2/url?resource=https://open.spotify.com/artist/3Ngh2zDBRPEriyxQDAMKd1&inc=artist-rels&fmt=json","chan":"stdout","logger":"task"}
{"timestamp":"2025-12-06T01:50:23.022209Z","level":"info","event":"https://musicbrainz.org/ws/2/artist/75af9d25-cf32-49c0-9192-60bd8e9784e6?inc=tags&fmt=json","chan":"stdout","logger":"task"}
{"timestamp":"2025-12-06T01:50:24.255211Z","level":"info","event":"{'name': 'The Band Perry', 'id': '75FnCoo4FBxH5K1Rrx0k5A', 'url': 'https://open.spotify.com/artist/75FnCoo4FBxH5K1Rrx0k5A'}","chan":"stdout","logger":"task"}
{"timestamp":"2025-12-06T01:50:24.256924Z","level":"info","event":"https://musicbrainz.org/ws/2/url?resource=https://open.spotify.com/artist/75FnCoo4FBxH5K1Rrx0k5A&inc=artist-rels&fmt=json","chan":"stdout","logger":"task"}
{"timestamp":"2025-12-06T01:50:24.410222Z","level":"info","event":"https://musicbrainz.org/ws/2/artist/28955336-2348-488a-9381-e3a7b0107343?inc=tags&fmt=json","chan":"stdout","logger":"task"}
{"timestamp":"2025-12-06T01:50:25.614051Z","level":"info","event":"{'name': 'T.I.', 'id': '4OBJLual30L7gRl5UkeRcT', 'url': 'https://open.spotify.com/artist/4OBJLual30L7gRl5UkeRcT'}","chan":"stdout","logger":"task"}
{"timestamp":"2025-12-06T01:50:25.615065Z","level":"info","event":"https://musicbrainz.org/ws/2/url?resource=https://open.spotify.com/artist/4OBJLual30L7gRl5UkeRcT&inc=artist-rels&fmt=json","chan":"stdout","logger":"task"}
{"timestamp":"2025-12-06T01:50:25.753208Z","level":"info","event":"https://musicbrainz.org/ws/2/artist/f7ba7fbe-c6bd-4ac0-bee9-c25c558d7d62?inc=tags&fmt=json","chan":"stdout","logger":"task"}
{"timestamp":"2025-12-06T01:50:26.924379Z","level":"info","event":"{'name': 'Dustin Lynch', 'id': '1dID9zgn0OV0Y8ud7Mh2tS', 'url': 'https://open.spotify.com/artist/1dID9zgn0OV0Y8ud7Mh2tS'}","chan":"stdout","logger":"task"}
{"timestamp":"2025-12-06T01:50:26.925004Z","level":"info","event":"https://musicbrainz.org/ws/2/url?resource=https://open.spotify.com/artist/1dID9zgn0OV0Y8ud7Mh2tS&inc=artist-rels&fmt=json","chan":"stdout","logger":"task"}
{"timestamp":"2025-12-06T01:50:27.065865Z","level":"info","event":"https://musicbrainz.org/ws/2/artist/64f8c7a9-1074-4ab7-bb2c-8397884cd38a?inc=tags&fmt=json","chan":"stdout","logger":"task"}
{"timestamp":"2025-12-06T01:50:28.214263Z","level":"info","event":"{'name': 'Chris Brown', 'id': '7bXgB6jMjp9ATFy66eO08Z', 'url': 'https://open.spotify.com/artist/7bXgB6jMjp9ATFy66eO08Z'}","chan":"stdout","logger":"task"}
{"timestamp":"2025-12-06T01:50:28.214912Z","level":"info","event":"https://musicbrainz.org/ws/2/url?resource=https://open.spotify.com/artist/7bXgB6jMjp9ATFy66eO08Z&inc=artist-rels&fmt=json","chan":"stdout","logger":"task"}
{"timestamp":"2025-12-06T01:50:28.383582Z","level":"info","event":"https://musicbrainz.org/ws/2/artist/c234fa42-e6a6-443e-937e-2f4b073538a3?inc=tags&fmt=json","chan":"stdout","logger":"task"}
{"timestamp":"2025-12-06T01:50:29.554604Z","level":"info","event":"{'name': 'Wale', 'id': '67nwj3Y5sZQLl72VNUHEYE', 'url': 'https://open.spotify.com/artist/67nwj3Y5sZQLl72VNUHEYE'}","chan":"stdout","logger":"task"}
{"timestamp":"2025-12-06T01:50:29.555146Z","level":"info","event":"https://musicbrainz.org/ws/2/url?resource=https://open.spotify.com/artist/67nwj3Y5sZQLl72VNUHEYE&inc=artist-rels&fmt=json","chan":"stdout","logger":"task"}
{"timestamp":"2025-12-06T01:50:29.724275Z","level":"info","event":"https://musicbrainz.org/ws/2/artist/e34e41f2-f480-45d3-8190-a3ce5ab34fab?inc=tags&fmt=json","chan":"stdout","logger":"task"}
{"timestamp":"2025-12-06T01:50:30.994343Z","level":"info","event":"{'name': 'T-Pain', 'id': '3aQeKQSyrW4qWr35idm0cy', 'url': 'https://open.spotify.com/artist/3aQeKQSyrW4qWr35idm0cy'}","chan":"stdout","logger":"task"}
{"timestamp":"2025-12-06T01:50:30.996357Z","level":"info","event":"https://musicbrainz.org/ws/2/url?resource=https://open.spotify.com/artist/3aQeKQSyrW4qWr35idm0cy&inc=artist-rels&fmt=json","chan":"stdout","logger":"task"}
{"timestamp":"2025-12-06T01:50:31.195130Z","level":"info","event":"https://musicbrainz.org/ws/2/artist/ce55e49a-32f4-4757-9849-bf04d06d5fcc?inc=tags&fmt=json","chan":"stdout","logger":"task"}
{"timestamp":"2025-12-06T01:50:32.412217Z","level":"info","event":"{'name': 'Lee Brice', 'id': '5Zq7R5qmi58ByYyBQTlNuk', 'url': 'https://open.spotify.com/artist/5Zq7R5qmi58ByYyBQTlNuk'}","chan":"stdout","logger":"task"}
{"timestamp":"2025-12-06T01:50:32.413487Z","level":"info","event":"https://musicbrainz.org/ws/2/url?resource=https://open.spotify.com/artist/5Zq7R5qmi58ByYyBQTlNuk&inc=artist-rels&fmt=json","chan":"stdout","logger":"task"}
{"timestamp":"2025-12-06T01:50:32.670628Z","level":"info","event":"https://musicbrainz.org/ws/2/artist/48a6d065-1fda-4280-ae39-df1394d419cd?inc=tags&fmt=json","chan":"stdout","logger":"task"}
{"timestamp":"2025-12-06T01:50:33.821883Z","level":"info","event":"{'name': 'B.o.B', 'id': '5ndkK3dpZLKtBklKjxNQwT', 'url': 'https://open.spotify.com/artist/5ndkK3dpZLKtBklKjxNQwT'}","chan":"stdout","logger":"task"}
{"timestamp":"2025-12-06T01:50:33.822831Z","level":"info","event":"https://musicbrainz.org/ws/2/url?resource=https://open.spotify.com/artist/5ndkK3dpZLKtBklKjxNQwT&inc=artist-rels&fmt=json","chan":"stdout","logger":"task"}
{"timestamp":"2025-12-06T01:50:33.977858Z","level":"info","event":"https://musicbrainz.org/ws/2/artist/94c338ff-1985-4429-9dc8-997b61bb5932?inc=tags&fmt=json","chan":"stdout","logger":"task"}
{"timestamp":"2025-12-06T01:50:35.241940Z","level":"info","event":"{'name': 'Taylor Swift', 'id': '06HL4z0CvFAxyc27GXpf02', 'url': 'https://open.spotify.com/artist/06HL4z0CvFAxyc27GXpf02'}","chan":"stdout","logger":"task"}
{"timestamp":"2025-12-06T01:50:35.242745Z","level":"info","event":"https://musicbrainz.org/ws/2/url?resource=https://open.spotify.com/artist/06HL4z0CvFAxyc27GXpf02&inc=artist-rels&fmt=json","chan":"stdout","logger":"task"}
{"timestamp":"2025-12-06T01:50:35.742267Z","level":"info","event":"https://musicbrainz.org/ws/2/artist/20244d07-534f-4eff-b4d4-930878889970?inc=tags&fmt=json","chan":"stdout","logger":"task"}
{"timestamp":"2025-12-06T01:50:36.937668Z","level":"info","event":"{'name': 'Keith Urban', 'id': '0u2FHSq3ln94y5Q57xazwf', 'url': 'https://open.spotify.com/artist/0u2FHSq3ln94y5Q57xazwf'}","chan":"stdout","logger":"task"}
{"timestamp":"2025-12-06T01:50:36.938702Z","level":"info","event":"https://musicbrainz.org/ws/2/url?resource=https://open.spotify.com/artist/0u2FHSq3ln94y5Q57xazwf&inc=artist-rels&fmt=json","chan":"stdout","logger":"task"}
{"timestamp":"2025-12-06T01:50:37.101792Z","level":"info","event":"https://musicbrainz.org/ws/2/artist/f45da029-7b00-4bf3-962c-0eeb20309cc4?inc=tags&fmt=json","chan":"stdout","logger":"task"}
{"timestamp":"2025-12-06T01:50:38.366215Z","level":"info","event":"{'name': 'DJ Khaled', 'id': '0QHgL1lAIqAw0HtD7YldmP', 'url': 'https://open.spotify.com/artist/0QHgL1lAIqAw0HtD7YldmP'}","chan":"stdout","logger":"task"}
{"timestamp":"2025-12-06T01:50:38.385811Z","level":"info","event":"https://musicbrainz.org/ws/2/url?resource=https://open.spotify.com/artist/0QHgL1lAIqAw0HtD7YldmP&inc=artist-rels&fmt=json","chan":"stdout","logger":"task"}
{"timestamp":"2025-12-06T01:50:38.642932Z","level":"info","event":"Network error: ('Connection aborted.', RemoteDisconnected('Remote end closed connection without response')). Attempt 1/3","chan":"stdout","logger":"task"}
{"timestamp":"2025-12-06T01:50:40.339905Z","level":"info","event":"https://musicbrainz.org/ws/2/artist/081a2d60-9791-4e05-a075-f1890355eeee?inc=tags&fmt=json","chan":"stdout","logger":"task"}
{"timestamp":"2025-12-06T01:50:41.606532Z","level":"info","event":"{'name': 'Lil Wayne', 'id': '55Aa2cqylxrFIXC767Z865', 'url': 'https://open.spotify.com/artist/55Aa2cqylxrFIXC767Z865'}","chan":"stdout","logger":"task"}
{"timestamp":"2025-12-06T01:50:41.611609Z","level":"info","event":"https://musicbrainz.org/ws/2/url?resource=https://open.spotify.com/artist/55Aa2cqylxrFIXC767Z865&inc=artist-rels&fmt=json","chan":"stdout","logger":"task"}
{"timestamp":"2025-12-06T01:50:41.769845Z","level":"info","event":"https://musicbrainz.org/ws/2/artist/ac9a487a-d9d2-4f27-bb23-0f4686488345?inc=tags&fmt=json","chan":"stdout","logger":"task"}
{"timestamp":"2025-12-06T01:50:43.285160Z","level":"info","event":"{'name': 'J. Cole', 'id': '6l3HvQ5sa6mXTsMTB19rO5', 'url': 'https://open.spotify.com/artist/6l3HvQ5sa6mXTsMTB19rO5'}","chan":"stdout","logger":"task"}
{"timestamp":"2025-12-06T01:50:43.292679Z","level":"info","event":"https://musicbrainz.org/ws/2/url?resource=https://open.spotify.com/artist/6l3HvQ5sa6mXTsMTB19rO5&inc=artist-rels&fmt=json","chan":"stdout","logger":"task"}
{"timestamp":"2025-12-06T01:50:43.617387Z","level":"info","event":"https://musicbrainz.org/ws/2/artist/875203e1-8e58-4b86-8dcb-7190faf411c5?inc=tags&fmt=json","chan":"stdout","logger":"task"}
{"timestamp":"2025-12-06T01:50:44.754762Z","level":"info","event":"{'name': 'Missy Elliott', 'id': '2wIVse2owClT7go1WT98tk', 'url': 'https://open.spotify.com/artist/2wIVse2owClT7go1WT98tk'}","chan":"stdout","logger":"task"}
{"timestamp":"2025-12-06T01:50:44.757841Z","level":"info","event":"https://musicbrainz.org/ws/2/url?resource=https://open.spotify.com/artist/2wIVse2owClT7go1WT98tk&inc=artist-rels&fmt=json","chan":"stdout","logger":"task"}
{"timestamp":"2025-12-06T01:50:44.906199Z","level":"info","event":"https://musicbrainz.org/ws/2/artist/a0b8cb9e-7532-45fe-a74c-30e7c4009a39?inc=tags&fmt=json","chan":"stdout","logger":"task"}
{"timestamp":"2025-12-06T01:50:46.153687Z","level":"info","event":"{'name': 'Zac Brown Band', 'id': '6yJCxee7QumYr820xdIsjo', 'url': 'https://open.spotify.com/artist/6yJCxee7QumYr820xdIsjo'}","chan":"stdout","logger":"task"}
{"timestamp":"2025-12-06T01:50:46.154880Z","level":"info","event":"https://musicbrainz.org/ws/2/url?resource=https://open.spotify.com/artist/6yJCxee7QumYr820xdIsjo&inc=artist-rels&fmt=json","chan":"stdout","logger":"task"}
{"timestamp":"2025-12-06T01:50:46.300040Z","level":"info","event":"https://musicbrainz.org/ws/2/artist/507226f4-0842-4f43-950e-81a7017230ec?inc=tags&fmt=json","chan":"stdout","logger":"task"}
{"timestamp":"2025-12-06T01:50:47.459128Z","level":"info","event":"{'name': 'Frank Ocean', 'id': '2h93pZq0e7k5yf4dywlkpM', 'url': 'https://open.spotify.com/artist/2h93pZq0e7k5yf4dywlkpM'}","chan":"stdout","logger":"task"}
{"timestamp":"2025-12-06T01:50:47.460320Z","level":"info","event":"https://musicbrainz.org/ws/2/url?resource=https://open.spotify.com/artist/2h93pZq0e7k5yf4dywlkpM&inc=artist-rels&fmt=json","chan":"stdout","logger":"task"}
{"timestamp":"2025-12-06T01:50:47.603539Z","level":"info","event":"https://musicbrainz.org/ws/2/artist/e520459c-dff4-491d-a6e4-c97be35e0044?inc=tags&fmt=json","chan":"stdout","logger":"task"}
{"timestamp":"2025-12-06T02:07:05.332525Z","level":"info","event":"{'name': 'French Montana', 'id': '6vXTefBL93Dj5IqAWq6OTv', 'url': 'https://open.spotify.com/artist/6vXTefBL93Dj5IqAWq6OTv'}","chan":"stdout","logger":"task"}
{"timestamp":"2025-12-06T02:07:05.335221Z","level":"info","event":"https://musicbrainz.org/ws/2/url?resource=https://open.spotify.com/artist/6vXTefBL93Dj5IqAWq6OTv&inc=artist-rels&fmt=json","chan":"stdout","logger":"task"}
{"timestamp":"2025-12-06T02:07:05.558944Z","level":"info","event":"https://musicbrainz.org/ws/2/artist/45dc5f07-6609-4760-a933-8c9e0f858d05?inc=tags&fmt=json","chan":"stdout","logger":"task"}
{"timestamp":"2025-12-06T02:07:06.716171Z","level":"info","event":"{'name': '50 Cent', 'id': '3q7HBObVc0L8jNeTe5Gofh', 'url': 'https://open.spotify.com/artist/3q7HBObVc0L8jNeTe5Gofh'}","chan":"stdout","logger":"task"}
{"timestamp":"2025-12-06T02:07:06.716336Z","level":"info","event":"https://musicbrainz.org/ws/2/url?resource=https://open.spotify.com/artist/3q7HBObVc0L8jNeTe5Gofh&inc=artist-rels&fmt=json","chan":"stdout","logger":"task"}
{"timestamp":"2025-12-06T02:07:06.945035Z","level":"info","event":"https://musicbrainz.org/ws/2/artist/8e68819d-71be-4e7d-b41d-f1df81b01d3f?inc=tags&fmt=json","chan":"stdout","logger":"task"}
{"timestamp":"2025-12-06T02:07:08.094163Z","level":"info","event":"{'name': 'Dr. Dre', 'id': '6DPYiyq5kWVQS4RGwxzPC7', 'url': 'https://open.spotify.com/artist/6DPYiyq5kWVQS4RGwxzPC7'}","chan":"stdout","logger":"task"}
{"timestamp":"2025-12-06T02:07:08.104066Z","level":"info","event":"https://musicbrainz.org/ws/2/url?resource=https://open.spotify.com/artist/6DPYiyq5kWVQS4RGwxzPC7&inc=artist-rels&fmt=json","chan":"stdout","logger":"task"}
