{"timestamp":"2025-12-01T22:25:36.394666","level":"info","event":"DAG bundles loaded: dags-folder, example_dags","logger":"airflow.dag_processing.bundles.manager.DagBundlesManager"}
{"timestamp":"2025-12-01T22:25:36.396089","level":"info","event":"Filling up the DagBag from /opt/airflow/dags/music_load_dag.py","logger":"airflow.models.dagbag.DagBag"}
{"timestamp":"2025-12-01T22:25:40.054404Z","level":"info","event":"Task instance is in running state","chan":"stdout","logger":"task"}
{"timestamp":"2025-12-01T22:25:40.070312Z","level":"info","event":" Previous state of the Task instance: TaskInstanceState.QUEUED","chan":"stdout","logger":"task"}
{"timestamp":"2025-12-01T22:25:40.074137Z","level":"info","event":"Current task name:load_music_data","chan":"stdout","logger":"task"}
{"timestamp":"2025-12-01T22:25:40.075222Z","level":"info","event":"Dag name:weekly_music_pipeline","chan":"stdout","logger":"task"}
{"timestamp":"2025-12-01T22:25:58.602851Z","level":"info","event":"  Searching Spotify for 100 songs...","chan":"stdout","logger":"task"}
{"timestamp":"2025-12-01T22:25:58.609989Z","level":"info","event":"  Processing song 1/100: The Fate Of Ophelia by Taylor Swift","chan":"stdout","logger":"task"}
{"timestamp":"2025-12-01T22:26:05.808481Z","level":"info","event":"  Processing song 10/100: I Got Better by Morgan Wallen","chan":"stdout","logger":"task"}
{"timestamp":"2025-12-01T22:26:13.579421Z","level":"info","event":"  Processing song 20/100: Manchild by Sabrina Carpenter","chan":"stdout","logger":"task"}
{"timestamp":"2025-12-01T22:26:22.942481Z","level":"info","event":"  Processing song 30/100: It's The Most Wonderful Time Of The Year by Andy Williams","chan":"stdout","logger":"task"}
{"timestamp":"2025-12-01T22:26:30.762711Z","level":"info","event":"  Processing song 40/100: A Holly Jolly Christmas by Burl Ives","chan":"stdout","logger":"task"}
{"timestamp":"2025-12-01T22:26:38.594520Z","level":"info","event":"  Processing song 50/100: 20 Cigarettes by Morgan Wallen","chan":"stdout","logger":"task"}
{"timestamp":"2025-12-01T22:26:45.525242Z","level":"info","event":"  Processing song 60/100: Go Girl by Summer Walker, Latto & Doja Cat","chan":"stdout","logger":"task"}
{"timestamp":"2025-12-01T22:26:51.964453Z","level":"info","event":"  Processing song 70/100: Sorry by NF With James Arthur","chan":"stdout","logger":"task"}
{"timestamp":"2025-12-01T22:26:58.496517Z","level":"info","event":"  Processing song 80/100: 1-800 Heartbreak by Summer Walker & Anderson .Paak","chan":"stdout","logger":"task"}
{"timestamp":"2025-12-01T22:27:05.927827Z","level":"info","event":"  Processing song 90/100: The Dead Dance by Lady Gaga","chan":"stdout","logger":"task"}
{"timestamp":"2025-12-01T22:27:12.673275Z","level":"info","event":"  Processing song 100/100: How Far Does A Goodbye Go by Jason Aldean","chan":"stdout","logger":"task"}
{"timestamp":"2025-12-01T22:27:13.576699Z","level":"info","event":"{'name': 'Taylor Swift', 'id': '06HL4z0CvFAxyc27GXpf02', 'url': 'https://open.spotify.com/artist/06HL4z0CvFAxyc27GXpf02'}","chan":"stdout","logger":"task"}
{"timestamp":"2025-12-01T22:27:13.579545Z","level":"info","event":"https://musicbrainz.org/ws/2/url?resource=https://open.spotify.com/artist/06HL4z0CvFAxyc27GXpf02&inc=artist-rels&fmt=json","chan":"stdout","logger":"task"}
{"timestamp":"2025-12-01T22:27:13.997034Z","level":"info","event":"https://musicbrainz.org/ws/2/artist/20244d07-534f-4eff-b4d4-930878889970?inc=tags&fmt=json","chan":"stdout","logger":"task"}
{"timestamp":"2025-12-01T22:27:15.197469Z","level":"info","event":"{'name': 'HUNTR/X', 'id': '2yNNYQBChuox9A5Ka93BIn', 'url': 'https://open.spotify.com/artist/2yNNYQBChuox9A5Ka93BIn'}","chan":"stdout","logger":"task"}
{"timestamp":"2025-12-01T22:27:15.197830Z","level":"info","event":"https://musicbrainz.org/ws/2/url?resource=https://open.spotify.com/artist/2yNNYQBChuox9A5Ka93BIn&inc=artist-rels&fmt=json","chan":"stdout","logger":"task"}
{"timestamp":"2025-12-01T22:27:15.396054Z","level":"info","event":"https://musicbrainz.org/ws/2/artist/dc7fd424-6ba4-45cc-b407-7716c7bb3605?inc=tags&fmt=json","chan":"stdout","logger":"task"}
{"timestamp":"2025-12-01T22:27:16.614073Z","level":"info","event":"{'name': 'EJAE', 'id': '0RMJOzHDhAKY1o2j0W0vxY', 'url': 'https://open.spotify.com/artist/0RMJOzHDhAKY1o2j0W0vxY'}","chan":"stdout","logger":"task"}
{"timestamp":"2025-12-01T22:27:16.618337Z","level":"info","event":"https://musicbrainz.org/ws/2/url?resource=https://open.spotify.com/artist/0RMJOzHDhAKY1o2j0W0vxY&inc=artist-rels&fmt=json","chan":"stdout","logger":"task"}
{"timestamp":"2025-12-01T22:27:16.805949Z","level":"info","event":"https://musicbrainz.org/ws/2/artist/0f0a0c02-0aa6-4fc0-aad0-bb2e9d5bcbbb?inc=tags&fmt=json","chan":"stdout","logger":"task"}
{"timestamp":"2025-12-01T22:27:17.952149Z","level":"info","event":"{'name': 'AUDREY NUNA', 'id': '0Wwji82sLA0Hcvtuak3omb', 'url': 'https://open.spotify.com/artist/0Wwji82sLA0Hcvtuak3omb'}","chan":"stdout","logger":"task"}
{"timestamp":"2025-12-01T22:27:17.953127Z","level":"info","event":"https://musicbrainz.org/ws/2/url?resource=https://open.spotify.com/artist/0Wwji82sLA0Hcvtuak3omb&inc=artist-rels&fmt=json","chan":"stdout","logger":"task"}
{"timestamp":"2025-12-01T22:27:18.152847Z","level":"info","event":"https://musicbrainz.org/ws/2/artist/7b54e5e4-82f7-4dfe-9cd8-fc8d9f6815e3?inc=tags&fmt=json","chan":"stdout","logger":"task"}
{"timestamp":"2025-12-01T22:27:19.312267Z","level":"info","event":"{'name': 'REI AMI', 'id': '6U1dV7aL68N7Gb0Naq34V5', 'url': 'https://open.spotify.com/artist/6U1dV7aL68N7Gb0Naq34V5'}","chan":"stdout","logger":"task"}
{"timestamp":"2025-12-01T22:27:19.315095Z","level":"info","event":"https://musicbrainz.org/ws/2/url?resource=https://open.spotify.com/artist/6U1dV7aL68N7Gb0Naq34V5&inc=artist-rels&fmt=json","chan":"stdout","logger":"task"}
{"timestamp":"2025-12-01T22:27:19.540796Z","level":"info","event":"https://musicbrainz.org/ws/2/artist/59adde12-dd9d-40c6-9906-bd4357633915?inc=tags&fmt=json","chan":"stdout","logger":"task"}
{"timestamp":"2025-12-01T22:27:20.704060Z","level":"info","event":"{'name': 'KPop Demon Hunters Cast', 'id': '7mW7Tv7NvywKKXqafZo0Lc', 'url': 'https://open.spotify.com/artist/7mW7Tv7NvywKKXqafZo0Lc'}","chan":"stdout","logger":"task"}
{"timestamp":"2025-12-01T22:27:20.706365Z","level":"info","event":"https://musicbrainz.org/ws/2/url?resource=https://open.spotify.com/artist/7mW7Tv7NvywKKXqafZo0Lc&inc=artist-rels&fmt=json","chan":"stdout","logger":"task"}
{"timestamp":"2025-12-01T22:27:20.896664Z","level":"info","event":"https://musicbrainz.org/ws/2/artist/7ba8efd8-9cef-49dd-8399-3e90dac43fa6?inc=tags&fmt=json","chan":"stdout","logger":"task"}
{"timestamp":"2025-12-01T22:27:22.136419Z","level":"info","event":"{'name': 'Alex Warren', 'id': '0fTSzq9jAh4c36UVb4V7CB', 'url': 'https://open.spotify.com/artist/0fTSzq9jAh4c36UVb4V7CB'}","chan":"stdout","logger":"task"}
{"timestamp":"2025-12-01T22:27:22.137518Z","level":"info","event":"https://musicbrainz.org/ws/2/url?resource=https://open.spotify.com/artist/0fTSzq9jAh4c36UVb4V7CB&inc=artist-rels&fmt=json","chan":"stdout","logger":"task"}
{"timestamp":"2025-12-01T22:27:22.299656Z","level":"info","event":"https://musicbrainz.org/ws/2/artist/609a2ea3-f446-4e31-8eef-9f7591afb55a?inc=tags&fmt=json","chan":"stdout","logger":"task"}
{"timestamp":"2025-12-01T22:27:23.448917Z","level":"info","event":"{'name': 'Olivia Dean', 'id': '00x1fYSGhdqScXBRpSj3DW', 'url': 'https://open.spotify.com/artist/00x1fYSGhdqScXBRpSj3DW'}","chan":"stdout","logger":"task"}
{"timestamp":"2025-12-01T22:27:23.450459Z","level":"info","event":"https://musicbrainz.org/ws/2/url?resource=https://open.spotify.com/artist/00x1fYSGhdqScXBRpSj3DW&inc=artist-rels&fmt=json","chan":"stdout","logger":"task"}
{"timestamp":"2025-12-01T22:27:23.658528Z","level":"info","event":"https://musicbrainz.org/ws/2/artist/15e0d608-0869-429b-898d-3d8db3ecedd5?inc=tags&fmt=json","chan":"stdout","logger":"task"}
{"timestamp":"2025-12-01T22:27:23.777249Z","level":"info","event":"Rate limit hit. Retrying in 1s...","chan":"stdout","logger":"task"}
{"timestamp":"2025-12-01T22:27:25.978064Z","level":"info","event":"{'name': 'Leon Thomas', 'id': '0nnBZ8FXWjG9wZgM2cpfeb', 'url': 'https://open.spotify.com/artist/0nnBZ8FXWjG9wZgM2cpfeb'}","chan":"stdout","logger":"task"}
{"timestamp":"2025-12-01T22:27:25.982591Z","level":"info","event":"https://musicbrainz.org/ws/2/url?resource=https://open.spotify.com/artist/0nnBZ8FXWjG9wZgM2cpfeb&inc=artist-rels&fmt=json","chan":"stdout","logger":"task"}
{"timestamp":"2025-12-01T22:27:26.138390Z","level":"info","event":"https://musicbrainz.org/ws/2/artist/46f70f03-d259-4314-b926-2db36c28d86f?inc=tags&fmt=json","chan":"stdout","logger":"task"}
{"timestamp":"2025-12-01T22:27:27.434971Z","level":"info","event":"{'name': 'Justin Bieber', 'id': '1uNFoZAHBGtllmzznpCI3s', 'url': 'https://open.spotify.com/artist/1uNFoZAHBGtllmzznpCI3s'}","chan":"stdout","logger":"task"}
{"timestamp":"2025-12-01T22:27:27.436896Z","level":"info","event":"https://musicbrainz.org/ws/2/url?resource=https://open.spotify.com/artist/1uNFoZAHBGtllmzznpCI3s&inc=artist-rels&fmt=json","chan":"stdout","logger":"task"}
{"timestamp":"2025-12-01T22:27:27.648552Z","level":"info","event":"https://musicbrainz.org/ws/2/artist/e0140a67-e4d1-4f13-8a01-364355bee46e?inc=tags&fmt=json","chan":"stdout","logger":"task"}
{"timestamp":"2025-12-01T22:27:28.831461Z","level":"info","event":"{'name': 'Mariah Carey', 'id': '4iHNK0tOyZPYnBU7nGAgpQ', 'url': 'https://open.spotify.com/artist/4iHNK0tOyZPYnBU7nGAgpQ'}","chan":"stdout","logger":"task"}
{"timestamp":"2025-12-01T22:27:28.835200Z","level":"info","event":"https://musicbrainz.org/ws/2/url?resource=https://open.spotify.com/artist/4iHNK0tOyZPYnBU7nGAgpQ&inc=artist-rels&fmt=json","chan":"stdout","logger":"task"}
{"timestamp":"2025-12-01T22:27:28.998870Z","level":"info","event":"https://musicbrainz.org/ws/2/artist/494e8d09-f85b-4543-892f-a5096aed1cd4?inc=tags&fmt=json","chan":"stdout","logger":"task"}
{"timestamp":"2025-12-01T22:27:30.211962Z","level":"info","event":"{'name': 'Kehlani', 'id': '0cGUm45nv7Z6M6qdXYQGTX', 'url': 'https://open.spotify.com/artist/0cGUm45nv7Z6M6qdXYQGTX'}","chan":"stdout","logger":"task"}
{"timestamp":"2025-12-01T22:27:30.212959Z","level":"info","event":"https://musicbrainz.org/ws/2/url?resource=https://open.spotify.com/artist/0cGUm45nv7Z6M6qdXYQGTX&inc=artist-rels&fmt=json","chan":"stdout","logger":"task"}
{"timestamp":"2025-12-01T22:27:30.374120Z","level":"info","event":"https://musicbrainz.org/ws/2/artist/3260ce89-5eb0-4c6a-89c7-379c0dfc2ab9?inc=tags&fmt=json","chan":"stdout","logger":"task"}
{"timestamp":"2025-12-01T22:27:32.083736Z","level":"info","event":"{'name': 'Morgan Wallen', 'id': '4oUHIQIBe0LHzYfvXNW4QM', 'url': 'https://open.spotify.com/artist/4oUHIQIBe0LHzYfvXNW4QM'}","chan":"stdout","logger":"task"}
{"timestamp":"2025-12-01T22:27:32.085485Z","level":"info","event":"https://musicbrainz.org/ws/2/url?resource=https://open.spotify.com/artist/4oUHIQIBe0LHzYfvXNW4QM&inc=artist-rels&fmt=json","chan":"stdout","logger":"task"}
{"timestamp":"2025-12-01T22:27:32.376680Z","level":"info","event":"https://musicbrainz.org/ws/2/artist/2077273e-eaa1-4f49-903c-f286ededecb9?inc=tags&fmt=json","chan":"stdout","logger":"task"}
{"timestamp":"2025-12-01T22:27:33.737804Z","level":"info","event":"{'name': 'Wham!', 'id': '5lpH0xAS4fVfLkACg9DAuM', 'url': 'https://open.spotify.com/artist/5lpH0xAS4fVfLkACg9DAuM'}","chan":"stdout","logger":"task"}
{"timestamp":"2025-12-01T22:27:33.739125Z","level":"info","event":"https://musicbrainz.org/ws/2/url?resource=https://open.spotify.com/artist/5lpH0xAS4fVfLkACg9DAuM&inc=artist-rels&fmt=json","chan":"stdout","logger":"task"}
{"timestamp":"2025-12-01T22:27:33.940106Z","level":"info","event":"https://musicbrainz.org/ws/2/artist/d570bb31-b9ca-45a4-a2d9-11b186d9c159?inc=tags&fmt=json","chan":"stdout","logger":"task"}
{"timestamp":"2025-12-01T22:27:35.163878Z","level":"info","event":"{'name': 'sombr', 'id': '4G9NDjRyZFDlJKMRL8hx3S', 'url': 'https://open.spotify.com/artist/4G9NDjRyZFDlJKMRL8hx3S'}","chan":"stdout","logger":"task"}
{"timestamp":"2025-12-01T22:27:35.167606Z","level":"info","event":"https://musicbrainz.org/ws/2/url?resource=https://open.spotify.com/artist/4G9NDjRyZFDlJKMRL8hx3S&inc=artist-rels&fmt=json","chan":"stdout","logger":"task"}
{"timestamp":"2025-12-01T22:27:35.361523Z","level":"info","event":"https://musicbrainz.org/ws/2/artist/502cf908-9921-48bc-bf0e-265c881c0156?inc=tags&fmt=json","chan":"stdout","logger":"task"}
{"timestamp":"2025-12-01T22:27:36.528953Z","level":"info","event":"{'name': 'Brenda Lee', 'id': '4cPHsZM98sKzmV26wlwD2W', 'url': 'https://open.spotify.com/artist/4cPHsZM98sKzmV26wlwD2W'}","chan":"stdout","logger":"task"}
{"timestamp":"2025-12-01T22:27:36.530980Z","level":"info","event":"https://musicbrainz.org/ws/2/url?resource=https://open.spotify.com/artist/4cPHsZM98sKzmV26wlwD2W&inc=artist-rels&fmt=json","chan":"stdout","logger":"task"}
{"timestamp":"2025-12-01T22:27:36.694301Z","level":"info","event":"https://musicbrainz.org/ws/2/artist/6ca4886a-8f77-4133-b404-46fb3908e24a?inc=tags&fmt=json","chan":"stdout","logger":"task"}
{"timestamp":"2025-12-01T22:27:37.955593Z","level":"info","event":"{'name': 'Bobby Helms', 'id': '38EmEgXkgK51MT2tPY0EoC', 'url': 'https://open.spotify.com/artist/38EmEgXkgK51MT2tPY0EoC'}","chan":"stdout","logger":"task"}
{"timestamp":"2025-12-01T22:27:37.957130Z","level":"info","event":"https://musicbrainz.org/ws/2/url?resource=https://open.spotify.com/artist/38EmEgXkgK51MT2tPY0EoC&inc=artist-rels&fmt=json","chan":"stdout","logger":"task"}
{"timestamp":"2025-12-01T22:27:38.108489Z","level":"info","event":"https://musicbrainz.org/ws/2/artist/502b3244-0f7d-470c-99e9-b17fe6bcaabf?inc=tags&fmt=json","chan":"stdout","logger":"task"}
{"timestamp":"2025-12-01T22:27:39.313271Z","level":"info","event":"{'name': 'Tate McRae', 'id': '45dkTj5sMRSjrmBSBeiHym', 'url': 'https://open.spotify.com/artist/45dkTj5sMRSjrmBSBeiHym'}","chan":"stdout","logger":"task"}
{"timestamp":"2025-12-01T22:27:39.314617Z","level":"info","event":"https://musicbrainz.org/ws/2/url?resource=https://open.spotify.com/artist/45dkTj5sMRSjrmBSBeiHym&inc=artist-rels&fmt=json","chan":"stdout","logger":"task"}
{"timestamp":"2025-12-01T22:27:39.458615Z","level":"info","event":"https://musicbrainz.org/ws/2/artist/f9133869-f87c-459c-9aa7-2f176cda7e06?inc=tags&fmt=json","chan":"stdout","logger":"task"}
{"timestamp":"2025-12-01T22:27:40.688779Z","level":"info","event":"{'name': 'Ella Langley', 'id': '6BRxQ8cD3eqnrVj6WKDok8', 'url': 'https://open.spotify.com/artist/6BRxQ8cD3eqnrVj6WKDok8'}","chan":"stdout","logger":"task"}
{"timestamp":"2025-12-01T22:27:40.690630Z","level":"info","event":"https://musicbrainz.org/ws/2/url?resource=https://open.spotify.com/artist/6BRxQ8cD3eqnrVj6WKDok8&inc=artist-rels&fmt=json","chan":"stdout","logger":"task"}
{"timestamp":"2025-12-01T22:27:40.876548Z","level":"info","event":"https://musicbrainz.org/ws/2/artist/b16c0872-31a7-4db9-8569-0e3146fcecfc?inc=tags&fmt=json","chan":"stdout","logger":"task"}
{"timestamp":"2025-12-01T22:27:42.051277Z","level":"info","event":"{'name': 'Chris Brown', 'id': '7bXgB6jMjp9ATFy66eO08Z', 'url': 'https://open.spotify.com/artist/7bXgB6jMjp9ATFy66eO08Z'}","chan":"stdout","logger":"task"}
{"timestamp":"2025-12-01T22:27:42.052081Z","level":"info","event":"https://musicbrainz.org/ws/2/url?resource=https://open.spotify.com/artist/7bXgB6jMjp9ATFy66eO08Z&inc=artist-rels&fmt=json","chan":"stdout","logger":"task"}
{"timestamp":"2025-12-01T22:27:42.222264Z","level":"info","event":"https://musicbrainz.org/ws/2/artist/c234fa42-e6a6-443e-937e-2f4b073538a3?inc=tags&fmt=json","chan":"stdout","logger":"task"}
{"timestamp":"2025-12-01T22:27:43.518263Z","level":"info","event":"{'name': 'Bryson Tiller', 'id': '2EMAnMvWE2eb56ToJVfCWs', 'url': 'https://open.spotify.com/artist/2EMAnMvWE2eb56ToJVfCWs'}","chan":"stdout","logger":"task"}
{"timestamp":"2025-12-01T22:27:43.519341Z","level":"info","event":"https://musicbrainz.org/ws/2/url?resource=https://open.spotify.com/artist/2EMAnMvWE2eb56ToJVfCWs&inc=artist-rels&fmt=json","chan":"stdout","logger":"task"}
{"timestamp":"2025-12-01T22:27:43.690897Z","level":"info","event":"https://musicbrainz.org/ws/2/artist/d8fd8d9b-473b-4f06-83c8-869b1bb9de89?inc=tags&fmt=json","chan":"stdout","logger":"task"}
{"timestamp":"2025-12-01T22:27:44.907644Z","level":"info","event":"{'name': 'Ariana Grande', 'id': '66CXWjxzNUsdJxJ2JdwvnR', 'url': 'https://open.spotify.com/artist/66CXWjxzNUsdJxJ2JdwvnR'}","chan":"stdout","logger":"task"}
{"timestamp":"2025-12-01T22:27:44.908312Z","level":"info","event":"https://musicbrainz.org/ws/2/url?resource=https://open.spotify.com/artist/66CXWjxzNUsdJxJ2JdwvnR&inc=artist-rels&fmt=json","chan":"stdout","logger":"task"}
{"timestamp":"2025-12-01T22:27:45.078081Z","level":"info","event":"https://musicbrainz.org/ws/2/artist/f4fdbb4c-e4b7-47a0-b83b-d91bbfcfa387?inc=tags&fmt=json","chan":"stdout","logger":"task"}
{"timestamp":"2025-12-01T22:27:45.192110Z","level":"info","event":"Rate limit hit. Retrying in 1s...","chan":"stdout","logger":"task"}
{"timestamp":"2025-12-01T22:27:47.379936Z","level":"info","event":"{'name': 'Sabrina Carpenter', 'id': '74KM79TiuVKeVCqs8QtB0B', 'url': 'https://open.spotify.com/artist/74KM79TiuVKeVCqs8QtB0B'}","chan":"stdout","logger":"task"}
{"timestamp":"2025-12-01T22:27:47.380934Z","level":"info","event":"https://musicbrainz.org/ws/2/url?resource=https://open.spotify.com/artist/74KM79TiuVKeVCqs8QtB0B&inc=artist-rels&fmt=json","chan":"stdout","logger":"task"}
{"timestamp":"2025-12-01T22:27:47.542184Z","level":"info","event":"https://musicbrainz.org/ws/2/artist/1882fe91-cdd9-49c9-9956-8e06a3810bd4?inc=tags&fmt=json","chan":"stdout","logger":"task"}
{"timestamp":"2025-12-01T22:27:48.688866Z","level":"info","event":"{'name': 'Saja Boys', 'id': '0BJ2EjOqcfgFvlZXNKrNbE', 'url': 'https://open.spotify.com/artist/0BJ2EjOqcfgFvlZXNKrNbE'}","chan":"stdout","logger":"task"}
{"timestamp":"2025-12-01T22:27:48.690388Z","level":"info","event":"https://musicbrainz.org/ws/2/url?resource=https://open.spotify.com/artist/0BJ2EjOqcfgFvlZXNKrNbE&inc=artist-rels&fmt=json","chan":"stdout","logger":"task"}
{"timestamp":"2025-12-01T22:27:48.886584Z","level":"info","event":"https://musicbrainz.org/ws/2/artist/62e4d845-5a9f-462f-a909-8e480dd3c1b8?inc=tags&fmt=json","chan":"stdout","logger":"task"}
{"timestamp":"2025-12-01T22:27:50.122434Z","level":"info","event":"{'name': 'Andrew Choi', 'id': '7JBaynR7JFeniONqbnn1U4', 'url': 'https://open.spotify.com/artist/7JBaynR7JFeniONqbnn1U4'}","chan":"stdout","logger":"task"}
{"timestamp":"2025-12-01T22:27:50.123289Z","level":"info","event":"https://musicbrainz.org/ws/2/url?resource=https://open.spotify.com/artist/7JBaynR7JFeniONqbnn1U4&inc=artist-rels&fmt=json","chan":"stdout","logger":"task"}
{"timestamp":"2025-12-01T22:27:50.412642Z","level":"info","event":"https://musicbrainz.org/ws/2/artist/3bc0a256-bd32-46af-ba2d-5404dce176fe?inc=tags&fmt=json","chan":"stdout","logger":"task"}
{"timestamp":"2025-12-01T22:27:51.662555Z","level":"info","event":"{'name': 'Neckwav', 'id': '5bXNU0MAF2HSqyFPhYtscH', 'url': 'https://open.spotify.com/artist/5bXNU0MAF2HSqyFPhYtscH'}","chan":"stdout","logger":"task"}
{"timestamp":"2025-12-01T22:27:51.666201Z","level":"info","event":"https://musicbrainz.org/ws/2/url?resource=https://open.spotify.com/artist/5bXNU0MAF2HSqyFPhYtscH&inc=artist-rels&fmt=json","chan":"stdout","logger":"task"}
{"timestamp":"2025-12-01T22:27:51.851202Z","level":"info","event":"https://musicbrainz.org/ws/2/artist/d1bb2849-6d06-4815-9aab-d360bc317f54?inc=tags&fmt=json","chan":"stdout","logger":"task"}
{"timestamp":"2025-12-01T22:27:53.178380Z","level":"info","event":"{'name': 'Danny Chung', 'id': '11pXvO7wYuzRWYONDOBd33', 'url': 'https://open.spotify.com/artist/11pXvO7wYuzRWYONDOBd33'}","chan":"stdout","logger":"task"}
{"timestamp":"2025-12-01T22:27:53.179577Z","level":"info","event":"https://musicbrainz.org/ws/2/url?resource=https://open.spotify.com/artist/11pXvO7wYuzRWYONDOBd33&inc=artist-rels&fmt=json","chan":"stdout","logger":"task"}
{"timestamp":"2025-12-01T22:27:53.367820Z","level":"info","event":"https://musicbrainz.org/ws/2/artist/072fa314-f544-4943-8dd5-afa37b55e696?inc=tags&fmt=json","chan":"stdout","logger":"task"}
{"timestamp":"2025-12-01T22:27:54.521500Z","level":"info","event":"{'name': 'KEVIN WOO', 'id': '2RYonYiVhhzBz82UFXOvEN', 'url': 'https://open.spotify.com/artist/2RYonYiVhhzBz82UFXOvEN'}","chan":"stdout","logger":"task"}
{"timestamp":"2025-12-01T22:27:54.525664Z","level":"info","event":"https://musicbrainz.org/ws/2/url?resource=https://open.spotify.com/artist/2RYonYiVhhzBz82UFXOvEN&inc=artist-rels&fmt=json","chan":"stdout","logger":"task"}
{"timestamp":"2025-12-01T22:27:54.722464Z","level":"info","event":"https://musicbrainz.org/ws/2/artist/b0c51568-37df-4b27-83a5-3a1c3539f3ff?inc=tags&fmt=json","chan":"stdout","logger":"task"}
{"timestamp":"2025-12-01T22:27:55.879916Z","level":"info","event":"{'name': 'samUIL Lee', 'id': '1eDupbD9kIx8UaZlzcBG5r', 'url': 'https://open.spotify.com/artist/1eDupbD9kIx8UaZlzcBG5r'}","chan":"stdout","logger":"task"}
{"timestamp":"2025-12-01T22:27:55.881412Z","level":"info","event":"https://musicbrainz.org/ws/2/url?resource=https://open.spotify.com/artist/1eDupbD9kIx8UaZlzcBG5r&inc=artist-rels&fmt=json","chan":"stdout","logger":"task"}
{"timestamp":"2025-12-01T22:27:56.067801Z","level":"info","event":"HTTP 404: Not Found","chan":"stdout","logger":"task"}
{"timestamp":"2025-12-01T22:27:56.068917Z","level":"info","event":"unable to get mbid for https://open.spotify.com/artist/1eDupbD9kIx8UaZlzcBG5r","chan":"stdout","logger":"task"}
{"timestamp":"2025-12-01T22:27:57.071452Z","level":"info","event":"{'name': 'Ravyn Lenae', 'id': '5RTLRtXjbXI2lSXc6jxlAz', 'url': 'https://open.spotify.com/artist/5RTLRtXjbXI2lSXc6jxlAz'}","chan":"stdout","logger":"task"}
{"timestamp":"2025-12-01T22:27:57.080619Z","level":"info","event":"https://musicbrainz.org/ws/2/url?resource=https://open.spotify.com/artist/5RTLRtXjbXI2lSXc6jxlAz&inc=artist-rels&fmt=json","chan":"stdout","logger":"task"}
{"timestamp":"2025-12-01T22:27:57.337400Z","level":"info","event":"https://musicbrainz.org/ws/2/artist/94c64122-dbd4-4927-b2fa-f204b0b4b0c2?inc=tags&fmt=json","chan":"stdout","logger":"task"}
{"timestamp":"2025-12-01T22:27:58.600890Z","level":"info","event":"{'name': 'Cody Johnson', 'id': '6zLBxLdl60ekBLpawtT63I', 'url': 'https://open.spotify.com/artist/6zLBxLdl60ekBLpawtT63I'}","chan":"stdout","logger":"task"}
{"timestamp":"2025-12-01T22:27:58.604696Z","level":"info","event":"https://musicbrainz.org/ws/2/url?resource=https://open.spotify.com/artist/6zLBxLdl60ekBLpawtT63I&inc=artist-rels&fmt=json","chan":"stdout","logger":"task"}
{"timestamp":"2025-12-01T22:27:58.762753Z","level":"info","event":"https://musicbrainz.org/ws/2/artist/faabeed5-3dd0-4be5-aec5-e6486e68db2f?inc=tags&fmt=json","chan":"stdout","logger":"task"}
{"timestamp":"2025-12-01T22:27:59.927419Z","level":"info","event":"{'name': 'Kelly Clarkson', 'id': '3BmGtnKgCSGYIUhmivXKWX', 'url': 'https://open.spotify.com/artist/3BmGtnKgCSGYIUhmivXKWX'}","chan":"stdout","logger":"task"}
{"timestamp":"2025-12-01T22:27:59.928230Z","level":"info","event":"https://musicbrainz.org/ws/2/url?resource=https://open.spotify.com/artist/3BmGtnKgCSGYIUhmivXKWX&inc=artist-rels&fmt=json","chan":"stdout","logger":"task"}
{"timestamp":"2025-12-01T22:28:00.371577Z","level":"info","event":"https://musicbrainz.org/ws/2/artist/d339efbb-77b9-4147-ba9e-59f2f24550b2?inc=tags&fmt=json","chan":"stdout","logger":"task"}
{"timestamp":"2025-12-01T22:28:01.548720Z","level":"info","event":"{'name': 'Nat King Cole', 'id': '7v4imS0moSyGdXyLgVTIV7', 'url': 'https://open.spotify.com/artist/7v4imS0moSyGdXyLgVTIV7'}","chan":"stdout","logger":"task"}
{"timestamp":"2025-12-01T22:28:01.556327Z","level":"info","event":"https://musicbrainz.org/ws/2/url?resource=https://open.spotify.com/artist/7v4imS0moSyGdXyLgVTIV7&inc=artist-rels&fmt=json","chan":"stdout","logger":"task"}
{"timestamp":"2025-12-01T22:28:01.800879Z","level":"info","event":"https://musicbrainz.org/ws/2/artist/fbe054ec-a143-4101-9e9e-64abc5ff5ac9?inc=tags&fmt=json","chan":"stdout","logger":"task"}
{"timestamp":"2025-12-01T22:28:03.261093Z","level":"info","event":"{'name': 'Andy Williams', 'id': '4sj6D0zlMOl25nprDJBiU9', 'url': 'https://open.spotify.com/artist/4sj6D0zlMOl25nprDJBiU9'}","chan":"stdout","logger":"task"}
{"timestamp":"2025-12-01T22:28:03.265257Z","level":"info","event":"https://musicbrainz.org/ws/2/url?resource=https://open.spotify.com/artist/4sj6D0zlMOl25nprDJBiU9&inc=artist-rels&fmt=json","chan":"stdout","logger":"task"}
{"timestamp":"2025-12-01T22:28:03.511412Z","level":"info","event":"https://musicbrainz.org/ws/2/artist/57cb4257-9855-4a42-b1be-bfba1d9b520d?inc=tags&fmt=json","chan":"stdout","logger":"task"}
{"timestamp":"2025-12-01T22:28:04.680356Z","level":"info","event":"{'name': 'KATSEYE', 'id': '3c0gDdb9lhnHGFtP4prQpn', 'url': 'https://open.spotify.com/artist/3c0gDdb9lhnHGFtP4prQpn'}","chan":"stdout","logger":"task"}
{"timestamp":"2025-12-01T22:28:04.685480Z","level":"info","event":"https://musicbrainz.org/ws/2/url?resource=https://open.spotify.com/artist/3c0gDdb9lhnHGFtP4prQpn&inc=artist-rels&fmt=json","chan":"stdout","logger":"task"}
{"timestamp":"2025-12-01T22:28:04.896638Z","level":"info","event":"https://musicbrainz.org/ws/2/artist/abbf7d85-9a7f-4a6c-80bd-bf71f2c7d520?inc=tags&fmt=json","chan":"stdout","logger":"task"}
{"timestamp":"2025-12-01T22:28:06.066455Z","level":"info","event":"{'name': 'Michael Bublé', 'id': '1GxkXlMwML1oSg5eLPiAz3', 'url': 'https://open.spotify.com/artist/1GxkXlMwML1oSg5eLPiAz3'}","chan":"stdout","logger":"task"}
{"timestamp":"2025-12-01T22:28:06.066860Z","level":"info","event":"https://musicbrainz.org/ws/2/url?resource=https://open.spotify.com/artist/1GxkXlMwML1oSg5eLPiAz3&inc=artist-rels&fmt=json","chan":"stdout","logger":"task"}
{"timestamp":"2025-12-01T22:28:06.371670Z","level":"info","event":"https://musicbrainz.org/ws/2/artist/611700cf-27f0-4dc9-ae80-c513a767853e?inc=tags&fmt=json","chan":"stdout","logger":"task"}
{"timestamp":"2025-12-01T22:28:07.517712Z","level":"info","event":"{'name': 'Riley Green', 'id': '2QMsj4XJ7ne2hojxt6v5eb', 'url': 'https://open.spotify.com/artist/2QMsj4XJ7ne2hojxt6v5eb'}","chan":"stdout","logger":"task"}
{"timestamp":"2025-12-01T22:28:07.521372Z","level":"info","event":"https://musicbrainz.org/ws/2/url?resource=https://open.spotify.com/artist/2QMsj4XJ7ne2hojxt6v5eb&inc=artist-rels&fmt=json","chan":"stdout","logger":"task"}
{"timestamp":"2025-12-01T22:28:07.754311Z","level":"info","event":"https://musicbrainz.org/ws/2/artist/d8c85c0e-ad88-47a7-a1df-b70608c2f52f?inc=tags&fmt=json","chan":"stdout","logger":"task"}
{"timestamp":"2025-12-01T22:28:08.965337Z","level":"info","event":"{'name': 'Dean Martin', 'id': '49e4v89VmlDcFCMyDv9wQ9', 'url': 'https://open.spotify.com/artist/49e4v89VmlDcFCMyDv9wQ9'}","chan":"stdout","logger":"task"}
{"timestamp":"2025-12-01T22:28:08.967448Z","level":"info","event":"https://musicbrainz.org/ws/2/url?resource=https://open.spotify.com/artist/49e4v89VmlDcFCMyDv9wQ9&inc=artist-rels&fmt=json","chan":"stdout","logger":"task"}
{"timestamp":"2025-12-01T22:28:09.198864Z","level":"info","event":"https://musicbrainz.org/ws/2/artist/5e6c760b-42e0-4df4-a221-0269355da00a?inc=tags&fmt=json","chan":"stdout","logger":"task"}
{"timestamp":"2025-12-01T22:28:10.410039Z","level":"info","event":"{'name': 'NF', 'id': '6fOMl44jA4Sp5b9PpYCkzz', 'url': 'https://open.spotify.com/artist/6fOMl44jA4Sp5b9PpYCkzz'}","chan":"stdout","logger":"task"}
{"timestamp":"2025-12-01T22:28:10.411315Z","level":"info","event":"https://musicbrainz.org/ws/2/url?resource=https://open.spotify.com/artist/6fOMl44jA4Sp5b9PpYCkzz&inc=artist-rels&fmt=json","chan":"stdout","logger":"task"}
{"timestamp":"2025-12-01T22:28:10.568429Z","level":"info","event":"https://musicbrainz.org/ws/2/artist/5660a8c7-d0d9-4181-89b4-8e125328e31e?inc=tags&fmt=json","chan":"stdout","logger":"task"}
{"timestamp":"2025-12-01T22:28:11.922514Z","level":"info","event":"{'name': 'The Ronettes', 'id': '7CyeXFnOrfC1N6z4naIpgo', 'url': 'https://open.spotify.com/artist/7CyeXFnOrfC1N6z4naIpgo'}","chan":"stdout","logger":"task"}
{"timestamp":"2025-12-01T22:28:11.922799Z","level":"info","event":"https://musicbrainz.org/ws/2/url?resource=https://open.spotify.com/artist/7CyeXFnOrfC1N6z4naIpgo&inc=artist-rels&fmt=json","chan":"stdout","logger":"task"}
{"timestamp":"2025-12-01T22:28:12.070905Z","level":"info","event":"https://musicbrainz.org/ws/2/artist/393e5448-896f-43e9-b80b-4ee58e1e71a4?inc=tags&fmt=json","chan":"stdout","logger":"task"}
{"timestamp":"2025-12-01T22:28:13.227860Z","level":"info","event":"{'name': 'Megan Moroney', 'id': '5Ppie0uPnbnvGBYRwYmlt0', 'url': 'https://open.spotify.com/artist/5Ppie0uPnbnvGBYRwYmlt0'}","chan":"stdout","logger":"task"}
{"timestamp":"2025-12-01T22:28:13.230303Z","level":"info","event":"https://musicbrainz.org/ws/2/url?resource=https://open.spotify.com/artist/5Ppie0uPnbnvGBYRwYmlt0&inc=artist-rels&fmt=json","chan":"stdout","logger":"task"}
{"timestamp":"2025-12-01T22:28:13.451349Z","level":"info","event":"https://musicbrainz.org/ws/2/artist/9eb2030a-c311-4cbf-a8f2-c57a58aa18ce?inc=tags&fmt=json","chan":"stdout","logger":"task"}
{"timestamp":"2025-12-01T22:28:14.690210Z","level":"info","event":"{'name': 'Lainey Wilson', 'id': '6tPHARSq45lQ8BSALCfkFC', 'url': 'https://open.spotify.com/artist/6tPHARSq45lQ8BSALCfkFC'}","chan":"stdout","logger":"task"}
{"timestamp":"2025-12-01T22:28:14.692216Z","level":"info","event":"https://musicbrainz.org/ws/2/url?resource=https://open.spotify.com/artist/6tPHARSq45lQ8BSALCfkFC&inc=artist-rels&fmt=json","chan":"stdout","logger":"task"}
{"timestamp":"2025-12-01T22:28:14.829633Z","level":"info","event":"https://musicbrainz.org/ws/2/artist/a6e613d6-ff65-4972-beff-303a1b10ab05?inc=tags&fmt=json","chan":"stdout","logger":"task"}
{"timestamp":"2025-12-01T22:28:15.991427Z","level":"info","event":"{'name': 'Burl Ives', 'id': '0MHgLfmQdutffmvWe5XBTN', 'url': 'https://open.spotify.com/artist/0MHgLfmQdutffmvWe5XBTN'}","chan":"stdout","logger":"task"}
{"timestamp":"2025-12-01T22:28:15.992842Z","level":"info","event":"https://musicbrainz.org/ws/2/url?resource=https://open.spotify.com/artist/0MHgLfmQdutffmvWe5XBTN&inc=artist-rels&fmt=json","chan":"stdout","logger":"task"}
{"timestamp":"2025-12-01T22:28:16.163953Z","level":"info","event":"https://musicbrainz.org/ws/2/artist/086c1936-9eaa-4091-b140-ad33a51a3b71?inc=tags&fmt=json","chan":"stdout","logger":"task"}
{"timestamp":"2025-12-01T22:28:17.320651Z","level":"info","event":"{'name': 'Disco Lines', 'id': '5Kmr0b3ip8g9P2i0dLTC3Z', 'url': 'https://open.spotify.com/artist/5Kmr0b3ip8g9P2i0dLTC3Z'}","chan":"stdout","logger":"task"}
{"timestamp":"2025-12-01T22:28:17.323691Z","level":"info","event":"https://musicbrainz.org/ws/2/url?resource=https://open.spotify.com/artist/5Kmr0b3ip8g9P2i0dLTC3Z&inc=artist-rels&fmt=json","chan":"stdout","logger":"task"}
{"timestamp":"2025-12-01T22:28:17.534405Z","level":"info","event":"https://musicbrainz.org/ws/2/artist/9b2f64a8-98ea-433b-bfe0-2675c02b08db?inc=tags&fmt=json","chan":"stdout","logger":"task"}
{"timestamp":"2025-12-01T22:28:18.765531Z","level":"info","event":"{'name': 'Tinashe', 'id': '0NIIxcxNHmOoyBx03SfTCD', 'url': 'https://open.spotify.com/artist/0NIIxcxNHmOoyBx03SfTCD'}","chan":"stdout","logger":"task"}
{"timestamp":"2025-12-01T22:28:18.766872Z","level":"info","event":"https://musicbrainz.org/ws/2/url?resource=https://open.spotify.com/artist/0NIIxcxNHmOoyBx03SfTCD&inc=artist-rels&fmt=json","chan":"stdout","logger":"task"}
{"timestamp":"2025-12-01T22:28:19.357068Z","level":"info","event":"https://musicbrainz.org/ws/2/artist/396a9525-0994-4542-b480-c4587feeb476?inc=tags&fmt=json","chan":"stdout","logger":"task"}
{"timestamp":"2025-12-01T22:28:20.576127Z","level":"info","event":"{'name': 'Russell Dickerson', 'id': '1E2AEtxaFaJtH0lO7kgNKw', 'url': 'https://open.spotify.com/artist/1E2AEtxaFaJtH0lO7kgNKw'}","chan":"stdout","logger":"task"}
{"timestamp":"2025-12-01T22:28:20.581520Z","level":"info","event":"https://musicbrainz.org/ws/2/url?resource=https://open.spotify.com/artist/1E2AEtxaFaJtH0lO7kgNKw&inc=artist-rels&fmt=json","chan":"stdout","logger":"task"}
{"timestamp":"2025-12-01T22:28:20.739341Z","level":"info","event":"https://musicbrainz.org/ws/2/artist/e2529584-b250-4a22-821c-16d3d8120978?inc=tags&fmt=json","chan":"stdout","logger":"task"}
{"timestamp":"2025-12-01T22:28:21.885698Z","level":"info","event":"{'name': 'Gunna', 'id': '2hlmm7s2ICUX0LVIhVFlZQ', 'url': 'https://open.spotify.com/artist/2hlmm7s2ICUX0LVIhVFlZQ'}","chan":"stdout","logger":"task"}
{"timestamp":"2025-12-01T22:28:21.885966Z","level":"info","event":"https://musicbrainz.org/ws/2/url?resource=https://open.spotify.com/artist/2hlmm7s2ICUX0LVIhVFlZQ&inc=artist-rels&fmt=json","chan":"stdout","logger":"task"}
{"timestamp":"2025-12-01T22:28:22.030116Z","level":"info","event":"https://musicbrainz.org/ws/2/artist/100b8734-f4f0-4536-9960-47f7c59d1b4c?inc=tags&fmt=json","chan":"stdout","logger":"task"}
{"timestamp":"2025-12-01T22:28:23.191898Z","level":"info","event":"{'name': 'Burna Boy', 'id': '3wcj11K77LjEY1PkEazffa', 'url': 'https://open.spotify.com/artist/3wcj11K77LjEY1PkEazffa'}","chan":"stdout","logger":"task"}
{"timestamp":"2025-12-01T22:28:23.193316Z","level":"info","event":"https://musicbrainz.org/ws/2/url?resource=https://open.spotify.com/artist/3wcj11K77LjEY1PkEazffa&inc=artist-rels&fmt=json","chan":"stdout","logger":"task"}
{"timestamp":"2025-12-01T22:28:23.375468Z","level":"info","event":"https://musicbrainz.org/ws/2/artist/78a19169-ac75-4868-b504-7e2e073118e0?inc=tags&fmt=json","chan":"stdout","logger":"task"}
{"timestamp":"2025-12-01T22:28:24.563392Z","level":"info","event":"{'name': 'RAYE', 'id': '5KKpBU5eC2tJDzf0wmlRp2', 'url': 'https://open.spotify.com/artist/5KKpBU5eC2tJDzf0wmlRp2'}","chan":"stdout","logger":"task"}
{"timestamp":"2025-12-01T22:28:24.567003Z","level":"info","event":"https://musicbrainz.org/ws/2/url?resource=https://open.spotify.com/artist/5KKpBU5eC2tJDzf0wmlRp2&inc=artist-rels&fmt=json","chan":"stdout","logger":"task"}
{"timestamp":"2025-12-01T22:28:24.725947Z","level":"info","event":"https://musicbrainz.org/ws/2/artist/8be564c3-dfba-440b-af8c-4ffbceeef45e?inc=tags&fmt=json","chan":"stdout","logger":"task"}
{"timestamp":"2025-12-01T22:28:25.919027Z","level":"info","event":"{'name': 'Darlene Love', 'id': '391oLRVmoTkumiN79HkTWu', 'url': 'https://open.spotify.com/artist/391oLRVmoTkumiN79HkTWu'}","chan":"stdout","logger":"task"}
{"timestamp":"2025-12-01T22:28:25.920391Z","level":"info","event":"https://musicbrainz.org/ws/2/url?resource=https://open.spotify.com/artist/391oLRVmoTkumiN79HkTWu&inc=artist-rels&fmt=json","chan":"stdout","logger":"task"}
{"timestamp":"2025-12-01T22:28:26.357841Z","level":"info","event":"https://musicbrainz.org/ws/2/artist/af953ba2-283b-41ef-93bc-b4cfc5feeebc?inc=tags&fmt=json","chan":"stdout","logger":"task"}
{"timestamp":"2025-12-01T22:28:27.566433Z","level":"info","event":"{'name': 'José Feliciano', 'id': '7K78lVZ8XzkjfRSI7570FF', 'url': 'https://open.spotify.com/artist/7K78lVZ8XzkjfRSI7570FF'}","chan":"stdout","logger":"task"}
{"timestamp":"2025-12-01T22:28:27.570004Z","level":"info","event":"https://musicbrainz.org/ws/2/url?resource=https://open.spotify.com/artist/7K78lVZ8XzkjfRSI7570FF&inc=artist-rels&fmt=json","chan":"stdout","logger":"task"}
{"timestamp":"2025-12-01T22:28:27.742155Z","level":"info","event":"https://musicbrainz.org/ws/2/artist/3c004c98-aab6-4b63-a2df-e07c98e73b0a?inc=tags&fmt=json","chan":"stdout","logger":"task"}
{"timestamp":"2025-12-01T22:28:28.908849Z","level":"info","event":"{'name': 'BigXthaPlug', 'id': '6qxpnaukVayrQn6ViNvu9I', 'url': 'https://open.spotify.com/artist/6qxpnaukVayrQn6ViNvu9I'}","chan":"stdout","logger":"task"}
{"timestamp":"2025-12-01T22:28:28.909647Z","level":"info","event":"https://musicbrainz.org/ws/2/url?resource=https://open.spotify.com/artist/6qxpnaukVayrQn6ViNvu9I&inc=artist-rels&fmt=json","chan":"stdout","logger":"task"}
{"timestamp":"2025-12-01T22:28:29.060810Z","level":"info","event":"https://musicbrainz.org/ws/2/artist/d25f6294-686a-4569-b1b9-fe64bfef2519?inc=tags&fmt=json","chan":"stdout","logger":"task"}
{"timestamp":"2025-12-01T22:28:30.288256Z","level":"info","event":"{'name': 'Tame Impala', 'id': '5INjqkS1o8h1imAzPqGZBb', 'url': 'https://open.spotify.com/artist/5INjqkS1o8h1imAzPqGZBb'}","chan":"stdout","logger":"task"}
{"timestamp":"2025-12-01T22:28:30.288516Z","level":"info","event":"https://musicbrainz.org/ws/2/url?resource=https://open.spotify.com/artist/5INjqkS1o8h1imAzPqGZBb&inc=artist-rels&fmt=json","chan":"stdout","logger":"task"}
{"timestamp":"2025-12-01T22:28:30.506764Z","level":"info","event":"https://musicbrainz.org/ws/2/artist/63aa26c3-d59b-4da4-84ac-716b54f1ef4d?inc=tags&fmt=json","chan":"stdout","logger":"task"}
{"timestamp":"2025-12-01T22:28:31.736556Z","level":"info","event":"{'name': 'Mariah the Scientist', 'id': '7HO5fOXE4gh3lzZn64tX2E', 'url': 'https://open.spotify.com/artist/7HO5fOXE4gh3lzZn64tX2E'}","chan":"stdout","logger":"task"}
{"timestamp":"2025-12-01T22:28:31.739675Z","level":"info","event":"https://musicbrainz.org/ws/2/url?resource=https://open.spotify.com/artist/7HO5fOXE4gh3lzZn64tX2E&inc=artist-rels&fmt=json","chan":"stdout","logger":"task"}
{"timestamp":"2025-12-01T22:28:31.990248Z","level":"info","event":"https://musicbrainz.org/ws/2/artist/5fc55ebf-21bd-4eda-954c-dd250132331e?inc=tags&fmt=json","chan":"stdout","logger":"task"}
{"timestamp":"2025-12-01T22:28:33.136241Z","level":"info","event":"{'name': 'Kali Uchis', 'id': '1U1el3k54VvEUzo3ybLPlM', 'url': 'https://open.spotify.com/artist/1U1el3k54VvEUzo3ybLPlM'}","chan":"stdout","logger":"task"}
{"timestamp":"2025-12-01T22:28:33.139212Z","level":"info","event":"https://musicbrainz.org/ws/2/url?resource=https://open.spotify.com/artist/1U1el3k54VvEUzo3ybLPlM&inc=artist-rels&fmt=json","chan":"stdout","logger":"task"}
{"timestamp":"2025-12-01T22:28:33.351284Z","level":"info","event":"https://musicbrainz.org/ws/2/artist/d0c7656d-8169-4f77-9dbe-b8f24e40105d?inc=tags&fmt=json","chan":"stdout","logger":"task"}
{"timestamp":"2025-12-01T22:28:35.172984Z","level":"info","event":"{'name': 'Myles Smith', 'id': '3bO19AOone0ubCsfDXDtYt', 'url': 'https://open.spotify.com/artist/3bO19AOone0ubCsfDXDtYt'}","chan":"stdout","logger":"task"}
{"timestamp":"2025-12-01T22:28:35.178122Z","level":"info","event":"https://musicbrainz.org/ws/2/url?resource=https://open.spotify.com/artist/3bO19AOone0ubCsfDXDtYt&inc=artist-rels&fmt=json","chan":"stdout","logger":"task"}
{"timestamp":"2025-12-01T22:28:35.326121Z","level":"info","event":"https://musicbrainz.org/ws/2/artist/73d2a9d4-de5d-4bcd-9acb-ddf67dfd71ac?inc=tags&fmt=json","chan":"stdout","logger":"task"}
{"timestamp":"2025-12-01T22:28:36.534730Z","level":"info","event":"{'name': 'Hudson Westbrook', 'id': '0C4gtx1iHMfuaQ73GKWvtZ', 'url': 'https://open.spotify.com/artist/0C4gtx1iHMfuaQ73GKWvtZ'}","chan":"stdout","logger":"task"}
{"timestamp":"2025-12-01T22:28:36.538263Z","level":"info","event":"https://musicbrainz.org/ws/2/url?resource=https://open.spotify.com/artist/0C4gtx1iHMfuaQ73GKWvtZ&inc=artist-rels&fmt=json","chan":"stdout","logger":"task"}
{"timestamp":"2025-12-01T22:28:36.781314Z","level":"info","event":"https://musicbrainz.org/ws/2/artist/5b511be8-fd02-4de2-a017-7f5d06db53e4?inc=tags&fmt=json","chan":"stdout","logger":"task"}
{"timestamp":"2025-12-01T22:28:38.074138Z","level":"info","event":"{'name': 'Summer Walker', 'id': '57LYzLEk2LcFghVwuWbcuS', 'url': 'https://open.spotify.com/artist/57LYzLEk2LcFghVwuWbcuS'}","chan":"stdout","logger":"task"}
{"timestamp":"2025-12-01T22:28:38.075234Z","level":"info","event":"https://musicbrainz.org/ws/2/url?resource=https://open.spotify.com/artist/57LYzLEk2LcFghVwuWbcuS&inc=artist-rels&fmt=json","chan":"stdout","logger":"task"}
{"timestamp":"2025-12-01T22:28:38.224472Z","level":"info","event":"https://musicbrainz.org/ws/2/artist/9167f739-da47-4495-9d63-9c13b40114ac?inc=tags&fmt=json","chan":"stdout","logger":"task"}
{"timestamp":"2025-12-01T22:28:39.476167Z","level":"info","event":"{'name': 'Chase Matthew', 'id': '7HTLVyjNf0VRxfIgNcfRRH', 'url': 'https://open.spotify.com/artist/7HTLVyjNf0VRxfIgNcfRRH'}","chan":"stdout","logger":"task"}
{"timestamp":"2025-12-01T22:28:39.477456Z","level":"info","event":"https://musicbrainz.org/ws/2/url?resource=https://open.spotify.com/artist/7HTLVyjNf0VRxfIgNcfRRH&inc=artist-rels&fmt=json","chan":"stdout","logger":"task"}
{"timestamp":"2025-12-01T22:28:39.723110Z","level":"info","event":"https://musicbrainz.org/ws/2/artist/b9bdc8af-9641-4958-8eb3-1bead9ff632d?inc=tags&fmt=json","chan":"stdout","logger":"task"}
{"timestamp":"2025-12-01T22:28:40.968772Z","level":"info","event":"{'name': 'Latto', 'id': '3MdXrJWsbVzdn6fe5JYkSQ', 'url': 'https://open.spotify.com/artist/3MdXrJWsbVzdn6fe5JYkSQ'}","chan":"stdout","logger":"task"}
{"timestamp":"2025-12-01T22:28:40.969781Z","level":"info","event":"https://musicbrainz.org/ws/2/url?resource=https://open.spotify.com/artist/3MdXrJWsbVzdn6fe5JYkSQ&inc=artist-rels&fmt=json","chan":"stdout","logger":"task"}
{"timestamp":"2025-12-01T22:28:41.119079Z","level":"info","event":"https://musicbrainz.org/ws/2/artist/355cc194-b8db-4af2-8678-c7ad54213f4b?inc=tags&fmt=json","chan":"stdout","logger":"task"}
{"timestamp":"2025-12-01T22:28:42.315145Z","level":"info","event":"{'name': 'Doja Cat', 'id': '5cj0lLjcoR7YOSnhnX0Po5', 'url': 'https://open.spotify.com/artist/5cj0lLjcoR7YOSnhnX0Po5'}","chan":"stdout","logger":"task"}
{"timestamp":"2025-12-01T22:28:42.316745Z","level":"info","event":"https://musicbrainz.org/ws/2/url?resource=https://open.spotify.com/artist/5cj0lLjcoR7YOSnhnX0Po5&inc=artist-rels&fmt=json","chan":"stdout","logger":"task"}
{"timestamp":"2025-12-01T22:28:42.512479Z","level":"info","event":"https://musicbrainz.org/ws/2/artist/5df62a88-cac9-490a-b62c-c7c88f4020f4?inc=tags&fmt=json","chan":"stdout","logger":"task"}
{"timestamp":"2025-12-01T22:28:43.741450Z","level":"info","event":"{'name': 'YoungBoy Never Broke Again', 'id': '7wlFDEWiM5OoIAt8RSli8b', 'url': 'https://open.spotify.com/artist/7wlFDEWiM5OoIAt8RSli8b'}","chan":"stdout","logger":"task"}
{"timestamp":"2025-12-01T22:28:43.743410Z","level":"info","event":"https://musicbrainz.org/ws/2/url?resource=https://open.spotify.com/artist/7wlFDEWiM5OoIAt8RSli8b&inc=artist-rels&fmt=json","chan":"stdout","logger":"task"}
{"timestamp":"2025-12-01T22:28:43.970006Z","level":"info","event":"https://musicbrainz.org/ws/2/artist/127d8614-0876-4408-886c-6f110b047a78?inc=tags&fmt=json","chan":"stdout","logger":"task"}
{"timestamp":"2025-12-01T22:28:45.137204Z","level":"info","event":"{'name': 'mgk', 'id': '6TIYQ3jFPwQSRmorSezPxX', 'url': 'https://open.spotify.com/artist/6TIYQ3jFPwQSRmorSezPxX'}","chan":"stdout","logger":"task"}
{"timestamp":"2025-12-01T22:28:45.140167Z","level":"info","event":"https://musicbrainz.org/ws/2/url?resource=https://open.spotify.com/artist/6TIYQ3jFPwQSRmorSezPxX&inc=artist-rels&fmt=json","chan":"stdout","logger":"task"}
{"timestamp":"2025-12-01T22:28:45.630212Z","level":"info","event":"https://musicbrainz.org/ws/2/artist/f6af669a-56ea-448a-a044-de76181ada33?inc=tags&fmt=json","chan":"stdout","logger":"task"}
{"timestamp":"2025-12-01T22:28:46.847242Z","level":"info","event":"{'name': 'Max McNown', 'id': '340PS4ZcZ4UCBgyrXzEjcp', 'url': 'https://open.spotify.com/artist/340PS4ZcZ4UCBgyrXzEjcp'}","chan":"stdout","logger":"task"}
{"timestamp":"2025-12-01T22:28:46.848551Z","level":"info","event":"https://musicbrainz.org/ws/2/url?resource=https://open.spotify.com/artist/340PS4ZcZ4UCBgyrXzEjcp&inc=artist-rels&fmt=json","chan":"stdout","logger":"task"}
{"timestamp":"2025-12-01T22:28:48.193544Z","level":"info","event":"https://musicbrainz.org/ws/2/artist/cc45b39c-c7c2-4db3-98f2-9c0220c76d7c?inc=tags&fmt=json","chan":"stdout","logger":"task"}
{"timestamp":"2025-12-01T22:28:49.411403Z","level":"info","event":"{'name': 'Luke Combs', 'id': '718COspgdWOnwOFpJHRZHS', 'url': 'https://open.spotify.com/artist/718COspgdWOnwOFpJHRZHS'}","chan":"stdout","logger":"task"}
{"timestamp":"2025-12-01T22:28:49.413262Z","level":"info","event":"https://musicbrainz.org/ws/2/url?resource=https://open.spotify.com/artist/718COspgdWOnwOFpJHRZHS&inc=artist-rels&fmt=json","chan":"stdout","logger":"task"}
{"timestamp":"2025-12-01T22:28:49.565514Z","level":"info","event":"https://musicbrainz.org/ws/2/artist/c20ee61f-071f-4e65-9c81-45ee931a54ce?inc=tags&fmt=json","chan":"stdout","logger":"task"}
{"timestamp":"2025-12-01T22:28:50.804854Z","level":"info","event":"{'name': 'Cardi B', 'id': '4kYSro6naA4h99UJvo89HB', 'url': 'https://open.spotify.com/artist/4kYSro6naA4h99UJvo89HB'}","chan":"stdout","logger":"task"}
{"timestamp":"2025-12-01T22:28:50.806903Z","level":"info","event":"https://musicbrainz.org/ws/2/url?resource=https://open.spotify.com/artist/4kYSro6naA4h99UJvo89HB&inc=artist-rels&fmt=json","chan":"stdout","logger":"task"}
{"timestamp":"2025-12-01T22:28:50.960148Z","level":"info","event":"https://musicbrainz.org/ws/2/artist/2f3c4d70-0462-40da-bba3-0aec5772c556?inc=tags&fmt=json","chan":"stdout","logger":"task"}
{"timestamp":"2025-12-01T22:28:53.186968Z","level":"info","event":"{'name': 'SZA', 'id': '7tYKF4w9nC0nq9CsPZTHyP', 'url': 'https://open.spotify.com/artist/7tYKF4w9nC0nq9CsPZTHyP'}","chan":"stdout","logger":"task"}
{"timestamp":"2025-12-01T22:28:53.189620Z","level":"info","event":"https://musicbrainz.org/ws/2/url?resource=https://open.spotify.com/artist/7tYKF4w9nC0nq9CsPZTHyP&inc=artist-rels&fmt=json","chan":"stdout","logger":"task"}
{"timestamp":"2025-12-01T22:28:53.347125Z","level":"info","event":"https://musicbrainz.org/ws/2/artist/272989c8-5535-492d-a25c-9f58803e027f?inc=tags&fmt=json","chan":"stdout","logger":"task"}
{"timestamp":"2025-12-01T22:28:54.588199Z","level":"info","event":"{'name': 'James Arthur', 'id': '4IWBUUAFIplrNtaOHcJPRM', 'url': 'https://open.spotify.com/artist/4IWBUUAFIplrNtaOHcJPRM'}","chan":"stdout","logger":"task"}
{"timestamp":"2025-12-01T22:28:54.590115Z","level":"info","event":"https://musicbrainz.org/ws/2/url?resource=https://open.spotify.com/artist/4IWBUUAFIplrNtaOHcJPRM&inc=artist-rels&fmt=json","chan":"stdout","logger":"task"}
{"timestamp":"2025-12-01T22:28:54.731879Z","level":"info","event":"https://musicbrainz.org/ws/2/artist/56f62fe8-d3a0-46e0-b5df-a64a8b4b4274?inc=tags&fmt=json","chan":"stdout","logger":"task"}
{"timestamp":"2025-12-01T22:28:55.969333Z","level":"info","event":"{'name': 'Gavin Adcock', 'id': '5jG6uRqinuI83luutMpW6y', 'url': 'https://open.spotify.com/artist/5jG6uRqinuI83luutMpW6y'}","chan":"stdout","logger":"task"}
{"timestamp":"2025-12-01T22:28:55.969894Z","level":"info","event":"https://musicbrainz.org/ws/2/url?resource=https://open.spotify.com/artist/5jG6uRqinuI83luutMpW6y&inc=artist-rels&fmt=json","chan":"stdout","logger":"task"}
{"timestamp":"2025-12-01T22:28:56.124552Z","level":"info","event":"https://musicbrainz.org/ws/2/artist/4a75faf4-995d-42dd-88b6-e5ff2d61e791?inc=tags&fmt=json","chan":"stdout","logger":"task"}
{"timestamp":"2025-12-01T22:28:57.311001Z","level":"info","event":"{'name': 'Tyler, The Creator', 'id': '4V8LLVI7PbaPR0K2TGSxFF', 'url': 'https://open.spotify.com/artist/4V8LLVI7PbaPR0K2TGSxFF'}","chan":"stdout","logger":"task"}
{"timestamp":"2025-12-01T22:28:57.316035Z","level":"info","event":"https://musicbrainz.org/ws/2/url?resource=https://open.spotify.com/artist/4V8LLVI7PbaPR0K2TGSxFF&inc=artist-rels&fmt=json","chan":"stdout","logger":"task"}
{"timestamp":"2025-12-01T22:28:57.453278Z","level":"info","event":"https://musicbrainz.org/ws/2/artist/f6beac20-5dfe-4d1f-ae02-0b0a740aafd6?inc=tags&fmt=json","chan":"stdout","logger":"task"}
{"timestamp":"2025-12-01T22:28:58.615708Z","level":"info","event":"{'name': 'Metro Boomin', 'id': '0iEtIxbK0KxaSlF7G42ZOp', 'url': 'https://open.spotify.com/artist/0iEtIxbK0KxaSlF7G42ZOp'}","chan":"stdout","logger":"task"}
{"timestamp":"2025-12-01T22:28:58.618204Z","level":"info","event":"https://musicbrainz.org/ws/2/url?resource=https://open.spotify.com/artist/0iEtIxbK0KxaSlF7G42ZOp&inc=artist-rels&fmt=json","chan":"stdout","logger":"task"}
{"timestamp":"2025-12-01T22:28:58.778993Z","level":"info","event":"https://musicbrainz.org/ws/2/artist/59db3d82-86ea-451f-881f-dffc8ec387c9?inc=tags&fmt=json","chan":"stdout","logger":"task"}
{"timestamp":"2025-12-01T22:29:00.108668Z","level":"info","event":"{'name': 'Quavo', 'id': '0VRj0yCOv2FXJNP47XQnx5', 'url': 'https://open.spotify.com/artist/0VRj0yCOv2FXJNP47XQnx5'}","chan":"stdout","logger":"task"}
{"timestamp":"2025-12-01T22:29:00.112325Z","level":"info","event":"https://musicbrainz.org/ws/2/url?resource=https://open.spotify.com/artist/0VRj0yCOv2FXJNP47XQnx5&inc=artist-rels&fmt=json","chan":"stdout","logger":"task"}
{"timestamp":"2025-12-01T22:29:00.266287Z","level":"info","event":"https://musicbrainz.org/ws/2/artist/6143403a-df6c-429e-8ee6-ef869896b0da?inc=tags&fmt=json","chan":"stdout","logger":"task"}
{"timestamp":"2025-12-01T22:29:01.994388Z","level":"info","event":"{'name': 'Breskii', 'id': '2wVt4s4eHizk62Er2CLunw', 'url': 'https://open.spotify.com/artist/2wVt4s4eHizk62Er2CLunw'}","chan":"stdout","logger":"task"}
{"timestamp":"2025-12-01T22:29:01.996564Z","level":"info","event":"https://musicbrainz.org/ws/2/url?resource=https://open.spotify.com/artist/2wVt4s4eHizk62Er2CLunw&inc=artist-rels&fmt=json","chan":"stdout","logger":"task"}
{"timestamp":"2025-12-01T22:29:02.175637Z","level":"info","event":"HTTP 404: Not Found","chan":"stdout","logger":"task"}
{"timestamp":"2025-12-01T22:29:02.175888Z","level":"info","event":"unable to get mbid for https://open.spotify.com/artist/2wVt4s4eHizk62Er2CLunw","chan":"stdout","logger":"task"}
{"timestamp":"2025-12-01T22:29:03.179385Z","level":"info","event":"{'name': 'YKNIECE', 'id': '0W1zQBUWnDofTkc0APdaog', 'url': 'https://open.spotify.com/artist/0W1zQBUWnDofTkc0APdaog'}","chan":"stdout","logger":"task"}
{"timestamp":"2025-12-01T22:29:03.181654Z","level":"info","event":"https://musicbrainz.org/ws/2/url?resource=https://open.spotify.com/artist/0W1zQBUWnDofTkc0APdaog&inc=artist-rels&fmt=json","chan":"stdout","logger":"task"}
{"timestamp":"2025-12-01T22:29:04.989709Z","level":"info","event":"https://musicbrainz.org/ws/2/artist/53e432c2-4da5-46cd-a89d-7bc7db509469?inc=tags&fmt=json","chan":"stdout","logger":"task"}
{"timestamp":"2025-12-01T22:29:06.151100Z","level":"info","event":"{'name': 'DJ Spinz', 'id': '7m4YY1JUSagIGuM9BL7KR1', 'url': 'https://open.spotify.com/artist/7m4YY1JUSagIGuM9BL7KR1'}","chan":"stdout","logger":"task"}
{"timestamp":"2025-12-01T22:29:06.151856Z","level":"info","event":"https://musicbrainz.org/ws/2/url?resource=https://open.spotify.com/artist/7m4YY1JUSagIGuM9BL7KR1&inc=artist-rels&fmt=json","chan":"stdout","logger":"task"}
{"timestamp":"2025-12-01T22:29:06.290750Z","level":"info","event":"HTTP 404: Not Found","chan":"stdout","logger":"task"}
{"timestamp":"2025-12-01T22:29:06.291018Z","level":"info","event":"unable to get mbid for https://open.spotify.com/artist/7m4YY1JUSagIGuM9BL7KR1","chan":"stdout","logger":"task"}
{"timestamp":"2025-12-01T22:29:07.291990Z","level":"info","event":"{'name': 'Anderson .Paak', 'id': '3jK9MiCrA42lLAdMGUZpwa', 'url': 'https://open.spotify.com/artist/3jK9MiCrA42lLAdMGUZpwa'}","chan":"stdout","logger":"task"}
{"timestamp":"2025-12-01T22:29:07.292291Z","level":"info","event":"https://musicbrainz.org/ws/2/url?resource=https://open.spotify.com/artist/3jK9MiCrA42lLAdMGUZpwa&inc=artist-rels&fmt=json","chan":"stdout","logger":"task"}
{"timestamp":"2025-12-01T22:29:09.091195Z","level":"info","event":"https://musicbrainz.org/ws/2/artist/d02dd67e-f655-4600-bc47-f789f59e7367?inc=tags&fmt=json","chan":"stdout","logger":"task"}
{"timestamp":"2025-12-01T22:29:10.249832Z","level":"info","event":"{'name': 'Parker McCollum', 'id': '0Z8XVUAOBPM4x12wKnFHEQ', 'url': 'https://open.spotify.com/artist/0Z8XVUAOBPM4x12wKnFHEQ'}","chan":"stdout","logger":"task"}
{"timestamp":"2025-12-01T22:29:10.250342Z","level":"info","event":"https://musicbrainz.org/ws/2/url?resource=https://open.spotify.com/artist/0Z8XVUAOBPM4x12wKnFHEQ&inc=artist-rels&fmt=json","chan":"stdout","logger":"task"}
{"timestamp":"2025-12-01T22:29:10.397981Z","level":"info","event":"https://musicbrainz.org/ws/2/artist/ba67b7da-cca7-4c3f-ba19-05349f0f7d97?inc=tags&fmt=json","chan":"stdout","logger":"task"}
{"timestamp":"2025-12-01T22:29:11.564142Z","level":"info","event":"{'name': 'G Herbo', 'id': '5QdEbQJ3ylBnc3gsIASAT5', 'url': 'https://open.spotify.com/artist/5QdEbQJ3ylBnc3gsIASAT5'}","chan":"stdout","logger":"task"}
{"timestamp":"2025-12-01T22:29:11.564512Z","level":"info","event":"https://musicbrainz.org/ws/2/url?resource=https://open.spotify.com/artist/5QdEbQJ3ylBnc3gsIASAT5&inc=artist-rels&fmt=json","chan":"stdout","logger":"task"}
{"timestamp":"2025-12-01T22:29:11.715101Z","level":"info","event":"https://musicbrainz.org/ws/2/artist/1b1f50d1-4746-468b-a6a2-7db7200d3dfc?inc=tags&fmt=json","chan":"stdout","logger":"task"}
{"timestamp":"2025-12-01T22:29:12.913237Z","level":"info","event":"{'name': 'Southside', 'id': '23DYJsw4uSCguIqiTIDtcN', 'url': 'https://open.spotify.com/artist/23DYJsw4uSCguIqiTIDtcN'}","chan":"stdout","logger":"task"}
{"timestamp":"2025-12-01T22:29:12.919663Z","level":"info","event":"https://musicbrainz.org/ws/2/url?resource=https://open.spotify.com/artist/23DYJsw4uSCguIqiTIDtcN&inc=artist-rels&fmt=json","chan":"stdout","logger":"task"}
{"timestamp":"2025-12-01T22:29:13.089300Z","level":"info","event":"https://musicbrainz.org/ws/2/artist/d642aa48-79ef-4837-b8df-72ae8a4ecf52?inc=tags&fmt=json","chan":"stdout","logger":"task"}
{"timestamp":"2025-12-01T22:29:14.242088Z","level":"info","event":"{'name': 'Coldplay', 'id': '4gzpq5DPGxSnKTe4SA8HAU', 'url': 'https://open.spotify.com/artist/4gzpq5DPGxSnKTe4SA8HAU'}","chan":"stdout","logger":"task"}
{"timestamp":"2025-12-01T22:29:14.242794Z","level":"info","event":"https://musicbrainz.org/ws/2/url?resource=https://open.spotify.com/artist/4gzpq5DPGxSnKTe4SA8HAU&inc=artist-rels&fmt=json","chan":"stdout","logger":"task"}
{"timestamp":"2025-12-01T22:29:14.418238Z","level":"info","event":"https://musicbrainz.org/ws/2/artist/cc197bad-dc9c-440d-a5b5-d52ba2e14234?inc=tags&fmt=json","chan":"stdout","logger":"task"}
{"timestamp":"2025-12-01T22:29:15.573447Z","level":"info","event":"{'name': 'Lady Gaga', 'id': '1HY2Jd0NmPuamShAr6KMms', 'url': 'https://open.spotify.com/artist/1HY2Jd0NmPuamShAr6KMms'}","chan":"stdout","logger":"task"}
{"timestamp":"2025-12-01T22:29:15.576300Z","level":"info","event":"https://musicbrainz.org/ws/2/url?resource=https://open.spotify.com/artist/1HY2Jd0NmPuamShAr6KMms&inc=artist-rels&fmt=json","chan":"stdout","logger":"task"}
{"timestamp":"2025-12-01T22:29:15.722144Z","level":"info","event":"https://musicbrainz.org/ws/2/artist/650e7db6-b795-4eb5-a702-5ea2fc46c848?inc=tags&fmt=json","chan":"stdout","logger":"task"}
{"timestamp":"2025-12-01T22:29:16.968720Z","level":"info","event":"{'name': 'The Marías', 'id': '2sSGPbdZJkaSE2AbcGOACx', 'url': 'https://open.spotify.com/artist/2sSGPbdZJkaSE2AbcGOACx'}","chan":"stdout","logger":"task"}
{"timestamp":"2025-12-01T22:29:16.969474Z","level":"info","event":"https://musicbrainz.org/ws/2/url?resource=https://open.spotify.com/artist/2sSGPbdZJkaSE2AbcGOACx&inc=artist-rels&fmt=json","chan":"stdout","logger":"task"}
{"timestamp":"2025-12-01T22:29:17.119680Z","level":"info","event":"https://musicbrainz.org/ws/2/artist/7a3970c9-ecd8-4eee-a267-4d8c77d97ff3?inc=tags&fmt=json","chan":"stdout","logger":"task"}
{"timestamp":"2025-12-01T22:29:18.263874Z","level":"info","event":"{'name': 'Ed Sheeran', 'id': '6eUKZXaKkcviH0Ku9w2n3V', 'url': 'https://open.spotify.com/artist/6eUKZXaKkcviH0Ku9w2n3V'}","chan":"stdout","logger":"task"}
{"timestamp":"2025-12-01T22:29:18.265864Z","level":"info","event":"https://musicbrainz.org/ws/2/url?resource=https://open.spotify.com/artist/6eUKZXaKkcviH0Ku9w2n3V&inc=artist-rels&fmt=json","chan":"stdout","logger":"task"}
{"timestamp":"2025-12-01T22:29:18.430733Z","level":"info","event":"https://musicbrainz.org/ws/2/artist/b8a7c51f-362c-4dcb-a259-bc6e0095f0a6?inc=tags&fmt=json","chan":"stdout","logger":"task"}
{"timestamp":"2025-12-01T22:29:19.645740Z","level":"info","event":"{'name': 'Shaboozey', 'id': '3y2cIKLjiOlp1Np37WiUdH', 'url': 'https://open.spotify.com/artist/3y2cIKLjiOlp1Np37WiUdH'}","chan":"stdout","logger":"task"}
{"timestamp":"2025-12-01T22:29:19.647388Z","level":"info","event":"https://musicbrainz.org/ws/2/url?resource=https://open.spotify.com/artist/3y2cIKLjiOlp1Np37WiUdH&inc=artist-rels&fmt=json","chan":"stdout","logger":"task"}
{"timestamp":"2025-12-01T22:29:19.813117Z","level":"info","event":"https://musicbrainz.org/ws/2/artist/0b427dad-1ee5-48f1-aa4b-026680a3338e?inc=tags&fmt=json","chan":"stdout","logger":"task"}
{"timestamp":"2025-12-01T22:29:21.037397Z","level":"info","event":"{'name': 'Jelly Roll', 'id': '19k8AgwwTSxeaxkOuCQEJs', 'url': 'https://open.spotify.com/artist/19k8AgwwTSxeaxkOuCQEJs'}","chan":"stdout","logger":"task"}
{"timestamp":"2025-12-01T22:29:21.053200Z","level":"info","event":"https://musicbrainz.org/ws/2/url?resource=https://open.spotify.com/artist/19k8AgwwTSxeaxkOuCQEJs&inc=artist-rels&fmt=json","chan":"stdout","logger":"task"}
{"timestamp":"2025-12-01T22:29:21.315030Z","level":"info","event":"https://musicbrainz.org/ws/2/artist/ab5a7a60-1b71-4e5b-b622-e0ae2ce84c32?inc=tags&fmt=json","chan":"stdout","logger":"task"}
{"timestamp":"2025-12-01T22:29:22.532117Z","level":"info","event":"{'name': 'GloRilla', 'id': '2qoQgPAilErOKCwE2Y8wOG', 'url': 'https://open.spotify.com/artist/2qoQgPAilErOKCwE2Y8wOG'}","chan":"stdout","logger":"task"}
{"timestamp":"2025-12-01T22:29:22.536783Z","level":"info","event":"https://musicbrainz.org/ws/2/url?resource=https://open.spotify.com/artist/2qoQgPAilErOKCwE2Y8wOG&inc=artist-rels&fmt=json","chan":"stdout","logger":"task"}
{"timestamp":"2025-12-01T22:29:22.704180Z","level":"info","event":"https://musicbrainz.org/ws/2/artist/2a7ef045-ca10-4cb5-8fe9-1f5d38e84bc2?inc=tags&fmt=json","chan":"stdout","logger":"task"}
{"timestamp":"2025-12-01T22:29:23.850801Z","level":"info","event":"{'name': 'Sexyy Red', 'id': '3DbwFQlvLxRSi2uX8mf81A', 'url': 'https://open.spotify.com/artist/3DbwFQlvLxRSi2uX8mf81A'}","chan":"stdout","logger":"task"}
{"timestamp":"2025-12-01T22:29:23.854332Z","level":"info","event":"https://musicbrainz.org/ws/2/url?resource=https://open.spotify.com/artist/3DbwFQlvLxRSi2uX8mf81A&inc=artist-rels&fmt=json","chan":"stdout","logger":"task"}
{"timestamp":"2025-12-01T22:29:24.112223Z","level":"info","event":"https://musicbrainz.org/ws/2/artist/0953d634-b964-4f2a-b862-8de475aeaf47?inc=tags&fmt=json","chan":"stdout","logger":"task"}
{"timestamp":"2025-12-01T22:29:25.273159Z","level":"info","event":"{'name': 'Monaleo', 'id': '2sflbTtCirog5VxD6jPAfb', 'url': 'https://open.spotify.com/artist/2sflbTtCirog5VxD6jPAfb'}","chan":"stdout","logger":"task"}
{"timestamp":"2025-12-01T22:29:25.276084Z","level":"info","event":"https://musicbrainz.org/ws/2/url?resource=https://open.spotify.com/artist/2sflbTtCirog5VxD6jPAfb&inc=artist-rels&fmt=json","chan":"stdout","logger":"task"}
{"timestamp":"2025-12-01T22:29:25.446977Z","level":"info","event":"https://musicbrainz.org/ws/2/artist/ce49d491-8c6f-48eb-bd9e-38b6cf1d4552?inc=tags&fmt=json","chan":"stdout","logger":"task"}
{"timestamp":"2025-12-01T22:29:26.603903Z","level":"info","event":"{'name': 'Hazbin Hotel', 'id': '3trytB1YUZ6SSOKlMcnK1l', 'url': 'https://open.spotify.com/artist/3trytB1YUZ6SSOKlMcnK1l'}","chan":"stdout","logger":"task"}
{"timestamp":"2025-12-01T22:29:26.604595Z","level":"info","event":"https://musicbrainz.org/ws/2/url?resource=https://open.spotify.com/artist/3trytB1YUZ6SSOKlMcnK1l&inc=artist-rels&fmt=json","chan":"stdout","logger":"task"}
{"timestamp":"2025-12-01T22:29:26.740073Z","level":"info","event":"HTTP 404: Not Found","chan":"stdout","logger":"task"}
{"timestamp":"2025-12-01T22:29:26.740399Z","level":"info","event":"unable to get mbid for https://open.spotify.com/artist/3trytB1YUZ6SSOKlMcnK1l","chan":"stdout","logger":"task"}
{"timestamp":"2025-12-01T22:29:27.745459Z","level":"info","event":"{'name': 'Blake Roman', 'id': '18p5uhOP0T6w7EwYy389ej', 'url': 'https://open.spotify.com/artist/18p5uhOP0T6w7EwYy389ej'}","chan":"stdout","logger":"task"}
{"timestamp":"2025-12-01T22:29:27.748353Z","level":"info","event":"https://musicbrainz.org/ws/2/url?resource=https://open.spotify.com/artist/18p5uhOP0T6w7EwYy389ej&inc=artist-rels&fmt=json","chan":"stdout","logger":"task"}
{"timestamp":"2025-12-01T22:29:27.929639Z","level":"info","event":"https://musicbrainz.org/ws/2/artist/6493f7c3-66ba-4dab-875f-6b04e75915c8?inc=tags&fmt=json","chan":"stdout","logger":"task"}
{"timestamp":"2025-12-01T22:29:29.073931Z","level":"info","event":"{'name': 'Sam Haft', 'id': '3osxpNwDgRAPs3aZZNsdV8', 'url': 'https://open.spotify.com/artist/3osxpNwDgRAPs3aZZNsdV8'}","chan":"stdout","logger":"task"}
{"timestamp":"2025-12-01T22:29:29.075338Z","level":"info","event":"https://musicbrainz.org/ws/2/url?resource=https://open.spotify.com/artist/3osxpNwDgRAPs3aZZNsdV8&inc=artist-rels&fmt=json","chan":"stdout","logger":"task"}
{"timestamp":"2025-12-01T22:29:29.263778Z","level":"info","event":"https://musicbrainz.org/ws/2/artist/b9a3d79e-e4ed-4a11-a1ca-01ce591a67fe?inc=tags&fmt=json","chan":"stdout","logger":"task"}
{"timestamp":"2025-12-01T22:29:30.406861Z","level":"info","event":"{'name': 'Andrew Underberg', 'id': '4zXroEby35IgWPERRcW4Ay', 'url': 'https://open.spotify.com/artist/4zXroEby35IgWPERRcW4Ay'}","chan":"stdout","logger":"task"}
{"timestamp":"2025-12-01T22:29:30.409850Z","level":"info","event":"https://musicbrainz.org/ws/2/url?resource=https://open.spotify.com/artist/4zXroEby35IgWPERRcW4Ay&inc=artist-rels&fmt=json","chan":"stdout","logger":"task"}
{"timestamp":"2025-12-01T22:29:30.644697Z","level":"info","event":"https://musicbrainz.org/ws/2/artist/a5db5a2b-37af-4989-b628-0df81a0474dd?inc=tags&fmt=json","chan":"stdout","logger":"task"}
{"timestamp":"2025-12-01T22:29:31.875987Z","level":"info","event":"{'name': 'HARDY', 'id': '5QNm7E7RU2m64l6Gliu8Oy', 'url': 'https://open.spotify.com/artist/5QNm7E7RU2m64l6Gliu8Oy'}","chan":"stdout","logger":"task"}
{"timestamp":"2025-12-01T22:29:31.880008Z","level":"info","event":"https://musicbrainz.org/ws/2/url?resource=https://open.spotify.com/artist/5QNm7E7RU2m64l6Gliu8Oy&inc=artist-rels&fmt=json","chan":"stdout","logger":"task"}
{"timestamp":"2025-12-01T22:29:32.038899Z","level":"info","event":"https://musicbrainz.org/ws/2/artist/f4fe9be1-8e34-47c8-bf16-33d1a94a235b?inc=tags&fmt=json","chan":"stdout","logger":"task"}
{"timestamp":"2025-12-01T22:29:33.210637Z","level":"info","event":"{'name': 'Jason Aldean', 'id': '3FfvYsEGaIb52QPXhg4DcH', 'url': 'https://open.spotify.com/artist/3FfvYsEGaIb52QPXhg4DcH'}","chan":"stdout","logger":"task"}
{"timestamp":"2025-12-01T22:29:33.218307Z","level":"info","event":"https://musicbrainz.org/ws/2/url?resource=https://open.spotify.com/artist/3FfvYsEGaIb52QPXhg4DcH&inc=artist-rels&fmt=json","chan":"stdout","logger":"task"}
{"timestamp":"2025-12-01T22:29:33.395548Z","level":"info","event":"https://musicbrainz.org/ws/2/artist/f24df11a-7e35-4979-a4db-a3b2a170ce27?inc=tags&fmt=json","chan":"stdout","logger":"task"}
{"timestamp":"2025-12-01T22:29:34.562934Z","level":"info","event":"Fetching audio details for 100 songs...","chan":"stdout","logger":"task"}
{"timestamp":"2025-12-01T22:29:34.570248Z","level":"info","event":"  Fetching batch 1/3 (40 songs)...","chan":"stdout","logger":"task"}
{"timestamp":"2025-12-01T22:29:35.129773Z","level":"info","event":"  Retrieved 36 song details","chan":"stdout","logger":"task"}
{"timestamp":"2025-12-01T22:29:37.140977Z","level":"info","event":"  Fetching batch 2/3 (40 songs)...","chan":"stdout","logger":"task"}
{"timestamp":"2025-12-01T22:29:38.061158Z","level":"info","event":"  Retrieved 32 song details","chan":"stdout","logger":"task"}
{"timestamp":"2025-12-01T22:29:40.063622Z","level":"info","event":"  Fetching batch 3/3 (20 songs)...","chan":"stdout","logger":"task"}
{"timestamp":"2025-12-01T22:29:40.525004Z","level":"info","event":"  Retrieved 16 song details","chan":"stdout","logger":"task"}
{"timestamp":"2025-12-01T22:29:40.527371Z","level":"info","event":"Fetching audio analysis for 84 songs...","chan":"stdout","logger":"task"}
{"timestamp":"2025-12-01T22:29:49.634075Z","level":"info","event":"  Processing audio analysis 10/84...","chan":"stdout","logger":"task"}
{"timestamp":"2025-12-01T22:29:58.914411Z","level":"info","event":"  Processing audio analysis 20/84...","chan":"stdout","logger":"task"}
{"timestamp":"2025-12-01T22:30:08.323075Z","level":"info","event":"  Processing audio analysis 30/84...","chan":"stdout","logger":"task"}
{"timestamp":"2025-12-01T22:30:17.588149Z","level":"info","event":"  Processing audio analysis 40/84...","chan":"stdout","logger":"task"}
{"timestamp":"2025-12-01T22:30:27.517833Z","level":"info","event":"  Processing audio analysis 50/84...","chan":"stdout","logger":"task"}
{"timestamp":"2025-12-01T22:30:36.727807Z","level":"info","event":"  Processing audio analysis 60/84...","chan":"stdout","logger":"task"}
{"timestamp":"2025-12-01T22:30:45.941891Z","level":"info","event":"  Processing audio analysis 70/84...","chan":"stdout","logger":"task"}
{"timestamp":"2025-12-01T22:30:55.276776Z","level":"info","event":"  Processing audio analysis 80/84...","chan":"stdout","logger":"task"}
{"timestamp":"2025-12-01T22:30:59.839741Z","level":"info","event":"Completed fetching audio details for 84 songs","chan":"stdout","logger":"task"}
{"timestamp":"2025-12-01T22:31:00.079901Z","level":"info","event":"DEBUG: DATABASE_URL is set: True","chan":"stdout","logger":"task"}
{"timestamp":"2025-12-01T22:31:00.080244Z","level":"info","event":"DEBUG: DATABASE_URL value: postgresql+psycopg2:****@postgres/airflow","chan":"stdout","logger":"task"}
{"timestamp":"2025-12-01T22:31:00.080510Z","level":"info","event":"Loading chart_weeks (1 rows)...","chan":"stdout","logger":"task"}
{"timestamp":"2025-12-01T22:31:00.183802Z","level":"info","event":"  Error loading chart_weeks: Using URI string without sqlalchemy installed.","chan":"stdout","logger":"task"}
{"timestamp":"2025-12-01T22:31:00.184037Z","level":"info","event":"  Trying fallback method with SQLAlchemy engine...","chan":"stdout","logger":"task"}
{"timestamp":"2025-12-01T22:31:00.262877","level":"warning","event":"/opt/airflow/src/load.py:77: UserWarning: pandas only supports SQLAlchemy connectable (engine/connection) or database string URI or sqlite3 DBAPI2 connection. Other DBAPI2 objects are not tested. Please consider using SQLAlchemy.\n  df.to_sql(\n","logger":"py.warnings"}
{"timestamp":"2025-12-01T22:31:00.290633","level":"error","event":"Task failed with exception","logger":"task","error_detail":[{"exc_type":"DatabaseError","exc_value":"Execution failed on sql '\n        SELECT\n            name\n        FROM\n            sqlite_master\n        WHERE\n            type IN ('table', 'view')\n            AND name=?;\n        ': syntax error at or near \";\"\nLINE 8:             AND name=?;\n                              ^\n","exc_notes":[],"syntax_error":null,"is_cause":false,"frames":[{"filename":"/home/airflow/.local/lib/python3.12/site-packages/airflow/sdk/execution_time/task_runner.py","lineno":920,"name":"run"},{"filename":"/home/airflow/.local/lib/python3.12/site-packages/airflow/sdk/execution_time/task_runner.py","lineno":1215,"name":"_execute_task"},{"filename":"/home/airflow/.local/lib/python3.12/site-packages/airflow/sdk/bases/operator.py","lineno":397,"name":"wrapper"},{"filename":"/home/airflow/.local/lib/python3.12/site-packages/airflow/providers/standard/operators/python.py","lineno":213,"name":"execute"},{"filename":"/home/airflow/.local/lib/python3.12/site-packages/airflow/providers/standard/operators/python.py","lineno":236,"name":"execute_callable"},{"filename":"/home/airflow/.local/lib/python3.12/site-packages/airflow/sdk/execution_time/callback_runner.py","lineno":81,"name":"run"},{"filename":"/opt/airflow/src/load.py","lineno":77,"name":"load_to_postgres"},{"filename":"/home/airflow/.local/lib/python3.12/site-packages/pandas/util/_decorators.py","lineno":333,"name":"wrapper"},{"filename":"/home/airflow/.local/lib/python3.12/site-packages/pandas/core/generic.py","lineno":3109,"name":"to_sql"},{"filename":"/home/airflow/.local/lib/python3.12/site-packages/pandas/io/sql.py","lineno":844,"name":"to_sql"},{"filename":"/home/airflow/.local/lib/python3.12/site-packages/pandas/io/sql.py","lineno":2840,"name":"to_sql"},{"filename":"/home/airflow/.local/lib/python3.12/site-packages/pandas/io/sql.py","lineno":986,"name":"create"},{"filename":"/home/airflow/.local/lib/python3.12/site-packages/pandas/io/sql.py","lineno":972,"name":"exists"},{"filename":"/home/airflow/.local/lib/python3.12/site-packages/pandas/io/sql.py","lineno":2855,"name":"has_table"},{"filename":"/home/airflow/.local/lib/python3.12/site-packages/pandas/io/sql.py","lineno":2676,"name":"execute"}],"is_group":false,"exceptions":[]},{"exc_type":"SyntaxError","exc_value":"syntax error at or near \";\"\nLINE 8:             AND name=?;\n                              ^\n","exc_notes":[],"syntax_error":null,"is_cause":true,"frames":[{"filename":"/home/airflow/.local/lib/python3.12/site-packages/pandas/io/sql.py","lineno":2664,"name":"execute"}],"is_group":false,"exceptions":[]},{"exc_type":"ImportError","exc_value":"Using URI string without sqlalchemy installed.","exc_notes":[],"syntax_error":null,"is_cause":false,"frames":[{"filename":"/opt/airflow/src/load.py","lineno":64,"name":"load_to_postgres"},{"filename":"/home/airflow/.local/lib/python3.12/site-packages/pandas/util/_decorators.py","lineno":333,"name":"wrapper"},{"filename":"/home/airflow/.local/lib/python3.12/site-packages/pandas/core/generic.py","lineno":3109,"name":"to_sql"},{"filename":"/home/airflow/.local/lib/python3.12/site-packages/pandas/io/sql.py","lineno":843,"name":"to_sql"},{"filename":"/home/airflow/.local/lib/python3.12/site-packages/pandas/io/sql.py","lineno":905,"name":"pandasSQL_builder"}],"is_group":false,"exceptions":[]}]}
{"timestamp":"2025-12-01T22:31:00.364420Z","level":"info","event":"Task instance in failure state","chan":"stdout","logger":"task"}
{"timestamp":"2025-12-01T22:31:00.370976Z","level":"info","event":"Task start","chan":"stdout","logger":"task"}
{"timestamp":"2025-12-01T22:31:00.371671Z","level":"info","event":"Task:<Task(PythonOperator): load_music_data>","chan":"stdout","logger":"task"}
{"timestamp":"2025-12-01T22:31:00.371795Z","level":"info","event":"Failure caused by Execution failed on sql '","chan":"stdout","logger":"task"}
{"timestamp":"2025-12-01T22:31:00.371845Z","level":"info","event":"        SELECT","chan":"stdout","logger":"task"}
{"timestamp":"2025-12-01T22:31:00.371883Z","level":"info","event":"            name","chan":"stdout","logger":"task"}
{"timestamp":"2025-12-01T22:31:00.371922Z","level":"info","event":"        FROM","chan":"stdout","logger":"task"}
{"timestamp":"2025-12-01T22:31:00.371972Z","level":"info","event":"            sqlite_master","chan":"stdout","logger":"task"}
{"timestamp":"2025-12-01T22:31:00.372033Z","level":"info","event":"        WHERE","chan":"stdout","logger":"task"}
{"timestamp":"2025-12-01T22:31:00.372074Z","level":"info","event":"            type IN ('table', 'view')","chan":"stdout","logger":"task"}
{"timestamp":"2025-12-01T22:31:00.372110Z","level":"info","event":"            AND name=?;","chan":"stdout","logger":"task"}
{"timestamp":"2025-12-01T22:31:00.372146Z","level":"info","event":"        ': syntax error at or near \";\"","chan":"stdout","logger":"task"}
{"timestamp":"2025-12-01T22:31:00.372181Z","level":"info","event":"LINE 8:             AND name=?;","chan":"stdout","logger":"task"}
{"timestamp":"2025-12-01T22:31:00.372216Z","level":"info","event":"                              ^","chan":"stdout","logger":"task"}
{"timestamp":"2025-12-01T22:31:00.372249Z","level":"info","event":"","chan":"stdout","logger":"task"}
