{"timestamp":"2025-12-05T00:13:29.981891","level":"info","event":"DAG bundles loaded: dags-folder, example_dags","logger":"airflow.dag_processing.bundles.manager.DagBundlesManager"}
{"timestamp":"2025-12-05T00:13:29.982553","level":"info","event":"Filling up the DagBag from /opt/airflow/dags/music_load_dag.py","logger":"airflow.models.dagbag.DagBag"}
{"timestamp":"2025-12-05T00:13:30.377765Z","level":"info","event":"postgresql+psycopg2://airflow:airflow@postgres/airflow","chan":"stdout","logger":"task"}
{"timestamp":"2025-12-05T00:13:30.414406Z","level":"info","event":"Task instance is in running state","chan":"stdout","logger":"task"}
{"timestamp":"2025-12-05T00:13:30.414743Z","level":"info","event":" Previous state of the Task instance: TaskInstanceState.QUEUED","chan":"stdout","logger":"task"}
{"timestamp":"2025-12-05T00:13:30.414950Z","level":"info","event":"Current task name:load_music_data","chan":"stdout","logger":"task"}
{"timestamp":"2025-12-05T00:13:30.415045Z","level":"info","event":"Dag name:weekly_music_pipeline","chan":"stdout","logger":"task"}
{"timestamp":"2025-12-05T00:13:48.125457Z","level":"info","event":"  Searching Spotify for 100 songs...","chan":"stdout","logger":"task"}
{"timestamp":"2025-12-05T00:13:48.131512Z","level":"info","event":"  Processing song 1/100: California Gurls by Katy Perry Featuring Snoop Dogg","chan":"stdout","logger":"task"}
{"timestamp":"2025-12-05T00:13:48.926711Z","level":"info","event":"1","chan":"stdout","logger":"task"}
{"timestamp":"2025-12-05T00:13:49.649979Z","level":"info","event":"2","chan":"stdout","logger":"task"}
{"timestamp":"2025-12-05T00:13:50.309095Z","level":"info","event":"3","chan":"stdout","logger":"task"}
{"timestamp":"2025-12-05T00:13:51.002911Z","level":"info","event":"4","chan":"stdout","logger":"task"}
{"timestamp":"2025-12-05T00:13:51.709036Z","level":"info","event":"5","chan":"stdout","logger":"task"}
{"timestamp":"2025-12-05T00:13:52.390502Z","level":"info","event":"6","chan":"stdout","logger":"task"}
{"timestamp":"2025-12-05T00:13:53.041752Z","level":"info","event":"7","chan":"stdout","logger":"task"}
{"timestamp":"2025-12-05T00:13:53.755082Z","level":"info","event":"8","chan":"stdout","logger":"task"}
{"timestamp":"2025-12-05T00:13:54.493295Z","level":"info","event":"9","chan":"stdout","logger":"task"}
{"timestamp":"2025-12-05T00:13:54.493784Z","level":"info","event":"  Processing song 10/100: Bulletproof by La Roux","chan":"stdout","logger":"task"}
{"timestamp":"2025-12-05T00:13:55.299036Z","level":"info","event":"10","chan":"stdout","logger":"task"}
{"timestamp":"2025-12-05T00:13:55.927586Z","level":"info","event":"11","chan":"stdout","logger":"task"}
{"timestamp":"2025-12-05T00:13:56.636521Z","level":"info","event":"12","chan":"stdout","logger":"task"}
{"timestamp":"2025-12-05T00:13:57.417585Z","level":"info","event":"13","chan":"stdout","logger":"task"}
{"timestamp":"2025-12-05T00:13:58.066569Z","level":"info","event":"14","chan":"stdout","logger":"task"}
{"timestamp":"2025-12-05T00:13:58.684886Z","level":"info","event":"15","chan":"stdout","logger":"task"}
{"timestamp":"2025-12-05T00:13:59.381891Z","level":"info","event":"16","chan":"stdout","logger":"task"}
{"timestamp":"2025-12-05T00:13:59.972816Z","level":"info","event":"17","chan":"stdout","logger":"task"}
{"timestamp":"2025-12-05T00:14:01.082042Z","level":"info","event":"18","chan":"stdout","logger":"task"}
{"timestamp":"2025-12-05T00:14:01.866242Z","level":"info","event":"19","chan":"stdout","logger":"task"}
{"timestamp":"2025-12-05T00:14:01.866957Z","level":"info","event":"  Processing song 20/100: Breakeven by The Script","chan":"stdout","logger":"task"}
{"timestamp":"2025-12-05T00:14:02.623376Z","level":"info","event":"20","chan":"stdout","logger":"task"}
{"timestamp":"2025-12-05T00:14:03.349847Z","level":"info","event":"21","chan":"stdout","logger":"task"}
{"timestamp":"2025-12-05T00:14:04.112938Z","level":"info","event":"22","chan":"stdout","logger":"task"}
{"timestamp":"2025-12-05T00:14:04.812805Z","level":"info","event":"23","chan":"stdout","logger":"task"}
{"timestamp":"2025-12-05T00:14:05.417781Z","level":"info","event":"24","chan":"stdout","logger":"task"}
{"timestamp":"2025-12-05T00:14:06.205070Z","level":"info","event":"25","chan":"stdout","logger":"task"}
{"timestamp":"2025-12-05T00:14:06.811946Z","level":"info","event":"26","chan":"stdout","logger":"task"}
{"timestamp":"2025-12-05T00:14:07.738886Z","level":"info","event":"27","chan":"stdout","logger":"task"}
{"timestamp":"2025-12-05T00:14:08.428747Z","level":"info","event":"28","chan":"stdout","logger":"task"}
{"timestamp":"2025-12-05T00:14:09.080645Z","level":"info","event":"29","chan":"stdout","logger":"task"}
{"timestamp":"2025-12-05T00:14:09.081181Z","level":"info","event":"  Processing song 30/100: Impossible by Shontelle","chan":"stdout","logger":"task"}
{"timestamp":"2025-12-05T00:14:09.842167Z","level":"info","event":"30","chan":"stdout","logger":"task"}
{"timestamp":"2025-12-05T00:14:10.520831Z","level":"info","event":"31","chan":"stdout","logger":"task"}
{"timestamp":"2025-12-05T00:14:11.227806Z","level":"info","event":"32","chan":"stdout","logger":"task"}
{"timestamp":"2025-12-05T00:14:11.882725Z","level":"info","event":"33","chan":"stdout","logger":"task"}
{"timestamp":"2025-12-05T00:14:12.611833Z","level":"info","event":"34","chan":"stdout","logger":"task"}
{"timestamp":"2025-12-05T00:14:13.204973Z","level":"info","event":"35","chan":"stdout","logger":"task"}
{"timestamp":"2025-12-05T00:14:13.857161Z","level":"info","event":"36","chan":"stdout","logger":"task"}
{"timestamp":"2025-12-05T00:14:14.705564Z","level":"info","event":"37","chan":"stdout","logger":"task"}
{"timestamp":"2025-12-05T00:14:15.474768Z","level":"info","event":"38","chan":"stdout","logger":"task"}
{"timestamp":"2025-12-05T00:14:16.232748Z","level":"info","event":"39","chan":"stdout","logger":"task"}
{"timestamp":"2025-12-05T00:14:16.233411Z","level":"info","event":"  Processing song 40/100: Whataya Want From Me by Adam Lambert","chan":"stdout","logger":"task"}
{"timestamp":"2025-12-05T00:14:16.862969Z","level":"info","event":"40","chan":"stdout","logger":"task"}
{"timestamp":"2025-12-05T00:14:17.678997Z","level":"info","event":"41","chan":"stdout","logger":"task"}
{"timestamp":"2025-12-05T00:14:19.146627Z","level":"info","event":"42","chan":"stdout","logger":"task"}
{"timestamp":"2025-12-05T00:14:19.779654Z","level":"info","event":"43","chan":"stdout","logger":"task"}
{"timestamp":"2025-12-05T00:14:20.356923Z","level":"info","event":"44","chan":"stdout","logger":"task"}
{"timestamp":"2025-12-05T00:14:21.183619Z","level":"info","event":"45","chan":"stdout","logger":"task"}
{"timestamp":"2025-12-05T00:14:21.781783Z","level":"info","event":"46","chan":"stdout","logger":"task"}
{"timestamp":"2025-12-05T00:14:22.431497Z","level":"info","event":"47","chan":"stdout","logger":"task"}
{"timestamp":"2025-12-05T00:14:23.030774Z","level":"info","event":"48","chan":"stdout","logger":"task"}
{"timestamp":"2025-12-05T00:14:23.720280Z","level":"info","event":"49","chan":"stdout","logger":"task"}
{"timestamp":"2025-12-05T00:14:23.722704Z","level":"info","event":"  Processing song 50/100: Lover, Lover by Jerrod Niemann","chan":"stdout","logger":"task"}
{"timestamp":"2025-12-05T00:14:24.359792Z","level":"info","event":"50","chan":"stdout","logger":"task"}
{"timestamp":"2025-12-05T00:14:25.111170Z","level":"info","event":"51","chan":"stdout","logger":"task"}
{"timestamp":"2025-12-05T00:14:25.870398Z","level":"info","event":"52","chan":"stdout","logger":"task"}
{"timestamp":"2025-12-05T00:14:26.607146Z","level":"info","event":"53","chan":"stdout","logger":"task"}
{"timestamp":"2025-12-05T00:14:27.211082Z","level":"info","event":"54","chan":"stdout","logger":"task"}
{"timestamp":"2025-12-05T00:14:27.917183Z","level":"info","event":"55","chan":"stdout","logger":"task"}
{"timestamp":"2025-12-05T00:14:28.602639Z","level":"info","event":"56","chan":"stdout","logger":"task"}
{"timestamp":"2025-12-05T00:14:29.435738Z","level":"info","event":"57","chan":"stdout","logger":"task"}
{"timestamp":"2025-12-05T00:14:30.255255Z","level":"info","event":"58","chan":"stdout","logger":"task"}
{"timestamp":"2025-12-05T00:14:31.302367Z","level":"info","event":"59","chan":"stdout","logger":"task"}
{"timestamp":"2025-12-05T00:14:31.303434Z","level":"info","event":"  Processing song 60/100: Gettin' Over You by David Guetta & Chris Willis Featuring Fergie & LMFAO","chan":"stdout","logger":"task"}
{"timestamp":"2025-12-05T00:14:32.061454Z","level":"info","event":"60","chan":"stdout","logger":"task"}
{"timestamp":"2025-12-05T00:14:32.702154Z","level":"info","event":"61","chan":"stdout","logger":"task"}
{"timestamp":"2025-12-05T00:14:33.361977Z","level":"info","event":"62","chan":"stdout","logger":"task"}
{"timestamp":"2025-12-05T00:14:33.977906Z","level":"info","event":"63","chan":"stdout","logger":"task"}
{"timestamp":"2025-12-05T00:14:34.626240Z","level":"info","event":"64","chan":"stdout","logger":"task"}
{"timestamp":"2025-12-05T00:14:35.210177Z","level":"info","event":"65","chan":"stdout","logger":"task"}
{"timestamp":"2025-12-05T00:14:36.010962Z","level":"info","event":"66","chan":"stdout","logger":"task"}
{"timestamp":"2025-12-05T00:14:36.614643Z","level":"info","event":"67","chan":"stdout","logger":"task"}
{"timestamp":"2025-12-05T00:14:37.375913Z","level":"info","event":"68","chan":"stdout","logger":"task"}
{"timestamp":"2025-12-05T00:14:38.101368Z","level":"info","event":"69","chan":"stdout","logger":"task"}
{"timestamp":"2025-12-05T00:14:38.102874Z","level":"info","event":"  Processing song 70/100: Poker Face by Glee Cast","chan":"stdout","logger":"task"}
{"timestamp":"2025-12-05T00:14:38.790882Z","level":"info","event":"70","chan":"stdout","logger":"task"}
{"timestamp":"2025-12-05T00:14:39.607313Z","level":"info","event":"71","chan":"stdout","logger":"task"}
{"timestamp":"2025-12-05T00:14:40.305972Z","level":"info","event":"72","chan":"stdout","logger":"task"}
{"timestamp":"2025-12-05T00:14:40.975289Z","level":"info","event":"73","chan":"stdout","logger":"task"}
{"timestamp":"2025-12-05T00:14:41.694921Z","level":"info","event":"74","chan":"stdout","logger":"task"}
{"timestamp":"2025-12-05T00:14:42.407351Z","level":"info","event":"75","chan":"stdout","logger":"task"}
{"timestamp":"2025-12-05T00:14:42.653836Z","level":"info","event":"76","chan":"stdout","logger":"task"}
{"timestamp":"2025-12-05T00:14:43.289573Z","level":"info","event":"77","chan":"stdout","logger":"task"}
{"timestamp":"2025-12-05T00:14:43.629758Z","level":"info","event":"78","chan":"stdout","logger":"task"}
{"timestamp":"2025-12-05T00:14:44.433380Z","level":"info","event":"79","chan":"stdout","logger":"task"}
{"timestamp":"2025-12-05T00:14:44.434610Z","level":"info","event":"  Processing song 80/100: Falling Slowly by Lee DeWyze & Crystal Bowersox","chan":"stdout","logger":"task"}
{"timestamp":"2025-12-05T00:14:44.669379Z","level":"info","event":"80","chan":"stdout","logger":"task"}
{"timestamp":"2025-12-05T00:14:45.280731Z","level":"info","event":"81","chan":"stdout","logger":"task"}
{"timestamp":"2025-12-05T00:14:45.916058Z","level":"info","event":"82","chan":"stdout","logger":"task"}
{"timestamp":"2025-12-05T00:14:46.565343Z","level":"info","event":"83","chan":"stdout","logger":"task"}
{"timestamp":"2025-12-05T00:14:47.237186Z","level":"info","event":"84","chan":"stdout","logger":"task"}
{"timestamp":"2025-12-05T00:14:47.886168Z","level":"info","event":"85","chan":"stdout","logger":"task"}
{"timestamp":"2025-12-05T00:14:48.705427Z","level":"info","event":"86","chan":"stdout","logger":"task"}
{"timestamp":"2025-12-05T00:14:49.303410Z","level":"info","event":"87","chan":"stdout","logger":"task"}
{"timestamp":"2025-12-05T00:14:49.945235Z","level":"info","event":"88","chan":"stdout","logger":"task"}
{"timestamp":"2025-12-05T00:14:50.592822Z","level":"info","event":"89","chan":"stdout","logger":"task"}
{"timestamp":"2025-12-05T00:14:50.593354Z","level":"info","event":"  Processing song 90/100: Everything To Me by Monica","chan":"stdout","logger":"task"}
{"timestamp":"2025-12-05T00:14:51.460821Z","level":"info","event":"90","chan":"stdout","logger":"task"}
{"timestamp":"2025-12-05T00:14:52.234874Z","level":"info","event":"91","chan":"stdout","logger":"task"}
{"timestamp":"2025-12-05T00:14:53.124826Z","level":"info","event":"92","chan":"stdout","logger":"task"}
{"timestamp":"2025-12-05T00:14:53.822901Z","level":"info","event":"93","chan":"stdout","logger":"task"}
{"timestamp":"2025-12-05T00:14:54.495409Z","level":"info","event":"94","chan":"stdout","logger":"task"}
{"timestamp":"2025-12-05T00:14:55.066026Z","level":"info","event":"95","chan":"stdout","logger":"task"}
{"timestamp":"2025-12-05T00:14:55.776354Z","level":"info","event":"96","chan":"stdout","logger":"task"}
{"timestamp":"2025-12-05T00:14:56.493766Z","level":"info","event":"97","chan":"stdout","logger":"task"}
{"timestamp":"2025-12-05T00:14:57.182736Z","level":"info","event":"98","chan":"stdout","logger":"task"}
{"timestamp":"2025-12-05T00:14:57.843228Z","level":"info","event":"99","chan":"stdout","logger":"task"}
{"timestamp":"2025-12-05T00:14:57.843481Z","level":"info","event":"  Processing song 100/100: Animal by Neon Trees","chan":"stdout","logger":"task"}
{"timestamp":"2025-12-05T00:14:58.505625Z","level":"info","event":"100","chan":"stdout","logger":"task"}
{"timestamp":"2025-12-05T00:14:58.507876Z","level":"info","event":"{'name': 'Katy Perry', 'id': '6jJ0s89eD6GaHleKKya26X', 'url': 'https://open.spotify.com/artist/6jJ0s89eD6GaHleKKya26X'}","chan":"stdout","logger":"task"}
{"timestamp":"2025-12-05T00:14:58.508106Z","level":"info","event":"https://musicbrainz.org/ws/2/url?resource=https://open.spotify.com/artist/6jJ0s89eD6GaHleKKya26X&inc=artist-rels&fmt=json","chan":"stdout","logger":"task"}
{"timestamp":"2025-12-05T00:14:58.871474Z","level":"info","event":"https://musicbrainz.org/ws/2/artist/122d63fc-8671-43e4-9752-34e846d62a9c?inc=tags&fmt=json","chan":"stdout","logger":"task"}
{"timestamp":"2025-12-05T00:15:00.029327Z","level":"info","event":"{'name': 'Snoop Dogg', 'id': '7hJcb9fa4alzcOq3EaNPoG', 'url': 'https://open.spotify.com/artist/7hJcb9fa4alzcOq3EaNPoG'}","chan":"stdout","logger":"task"}
{"timestamp":"2025-12-05T00:15:00.032026Z","level":"info","event":"https://musicbrainz.org/ws/2/url?resource=https://open.spotify.com/artist/7hJcb9fa4alzcOq3EaNPoG&inc=artist-rels&fmt=json","chan":"stdout","logger":"task"}
{"timestamp":"2025-12-05T00:15:00.168758Z","level":"info","event":"https://musicbrainz.org/ws/2/artist/f90e8b26-9e52-4669-a5c9-e28529c47894?inc=tags&fmt=json","chan":"stdout","logger":"task"}
{"timestamp":"2025-12-05T00:15:01.296817Z","level":"info","event":"{'name': 'USHER', 'id': '23zg3TcAtWQy7J6upgbUnj', 'url': 'https://open.spotify.com/artist/23zg3TcAtWQy7J6upgbUnj'}","chan":"stdout","logger":"task"}
{"timestamp":"2025-12-05T00:15:01.298535Z","level":"info","event":"https://musicbrainz.org/ws/2/url?resource=https://open.spotify.com/artist/23zg3TcAtWQy7J6upgbUnj&inc=artist-rels&fmt=json","chan":"stdout","logger":"task"}
{"timestamp":"2025-12-05T00:15:01.431821Z","level":"info","event":"https://musicbrainz.org/ws/2/artist/3414d446-735a-443c-931f-10634f57e5b9?inc=tags&fmt=json","chan":"stdout","logger":"task"}
{"timestamp":"2025-12-05T00:15:02.640096Z","level":"info","event":"{'name': 'will.i.am', 'id': '085pc2PYOi8bGKj0PNjekA', 'url': 'https://open.spotify.com/artist/085pc2PYOi8bGKj0PNjekA'}","chan":"stdout","logger":"task"}
{"timestamp":"2025-12-05T00:15:02.646607Z","level":"info","event":"https://musicbrainz.org/ws/2/url?resource=https://open.spotify.com/artist/085pc2PYOi8bGKj0PNjekA&inc=artist-rels&fmt=json","chan":"stdout","logger":"task"}
{"timestamp":"2025-12-05T00:15:02.767274Z","level":"info","event":"https://musicbrainz.org/ws/2/artist/d574c9bd-46f6-440a-8d6a-8412a283eeb1?inc=tags&fmt=json","chan":"stdout","logger":"task"}
{"timestamp":"2025-12-05T00:15:03.902508Z","level":"info","event":"{'name': 'B.o.B', 'id': '5ndkK3dpZLKtBklKjxNQwT', 'url': 'https://open.spotify.com/artist/5ndkK3dpZLKtBklKjxNQwT'}","chan":"stdout","logger":"task"}
{"timestamp":"2025-12-05T00:15:03.907588Z","level":"info","event":"https://musicbrainz.org/ws/2/url?resource=https://open.spotify.com/artist/5ndkK3dpZLKtBklKjxNQwT&inc=artist-rels&fmt=json","chan":"stdout","logger":"task"}
{"timestamp":"2025-12-05T00:15:04.021493Z","level":"info","event":"https://musicbrainz.org/ws/2/artist/94c338ff-1985-4429-9dc8-997b61bb5932?inc=tags&fmt=json","chan":"stdout","logger":"task"}
{"timestamp":"2025-12-05T00:15:05.143514Z","level":"info","event":"{'name': 'Hayley Williams', 'id': '6Rx1JKzBrSzoKQtmbVmBnM', 'url': 'https://open.spotify.com/artist/6Rx1JKzBrSzoKQtmbVmBnM'}","chan":"stdout","logger":"task"}
{"timestamp":"2025-12-05T00:15:05.145801Z","level":"info","event":"https://musicbrainz.org/ws/2/url?resource=https://open.spotify.com/artist/6Rx1JKzBrSzoKQtmbVmBnM&inc=artist-rels&fmt=json","chan":"stdout","logger":"task"}
{"timestamp":"2025-12-05T00:15:05.273143Z","level":"info","event":"https://musicbrainz.org/ws/2/artist/b4b5b5a7-feff-47d0-9458-83d0d135a692?inc=tags&fmt=json","chan":"stdout","logger":"task"}
{"timestamp":"2025-12-05T00:15:06.389888Z","level":"info","event":"{'name': 'Kesha', 'id': '6LqNN22kT3074XbTVUrhzX', 'url': 'https://open.spotify.com/artist/6LqNN22kT3074XbTVUrhzX'}","chan":"stdout","logger":"task"}
{"timestamp":"2025-12-05T00:15:06.391836Z","level":"info","event":"https://musicbrainz.org/ws/2/url?resource=https://open.spotify.com/artist/6LqNN22kT3074XbTVUrhzX&inc=artist-rels&fmt=json","chan":"stdout","logger":"task"}
{"timestamp":"2025-12-05T00:15:06.505520Z","level":"info","event":"https://musicbrainz.org/ws/2/artist/fab34286-b8e1-4879-bce3-194e1358fbd2?inc=tags&fmt=json","chan":"stdout","logger":"task"}
{"timestamp":"2025-12-05T00:15:07.627587Z","level":"info","event":"{'name': 'Travie McCoy', 'id': '7o9Nl7K1Al6NNAHX6jn6iG', 'url': 'https://open.spotify.com/artist/7o9Nl7K1Al6NNAHX6jn6iG'}","chan":"stdout","logger":"task"}
{"timestamp":"2025-12-05T00:15:07.628591Z","level":"info","event":"https://musicbrainz.org/ws/2/url?resource=https://open.spotify.com/artist/7o9Nl7K1Al6NNAHX6jn6iG&inc=artist-rels&fmt=json","chan":"stdout","logger":"task"}
{"timestamp":"2025-12-05T00:15:07.740555Z","level":"info","event":"https://musicbrainz.org/ws/2/artist/76bf7aec-83f0-47a9-8964-eea180b99ac2?inc=tags&fmt=json","chan":"stdout","logger":"task"}
{"timestamp":"2025-12-05T00:15:07.849501Z","level":"info","event":"Rate limit hit. Retrying in 1s...","chan":"stdout","logger":"task"}
{"timestamp":"2025-12-05T00:15:09.981894Z","level":"info","event":"{'name': 'Bruno Mars', 'id': '0du5cEVh5yTK9QJze8zA0C', 'url': 'https://open.spotify.com/artist/0du5cEVh5yTK9QJze8zA0C'}","chan":"stdout","logger":"task"}
{"timestamp":"2025-12-05T00:15:09.985685Z","level":"info","event":"https://musicbrainz.org/ws/2/url?resource=https://open.spotify.com/artist/0du5cEVh5yTK9QJze8zA0C&inc=artist-rels&fmt=json","chan":"stdout","logger":"task"}
{"timestamp":"2025-12-05T00:15:10.101584Z","level":"info","event":"https://musicbrainz.org/ws/2/artist/afb680f2-b6eb-4cd7-a70b-a63b25c763d5?inc=tags&fmt=json","chan":"stdout","logger":"task"}
{"timestamp":"2025-12-05T00:15:11.224757Z","level":"info","event":"{'name': 'Taio Cruz', 'id': '6MF9fzBmfXghAz953czmBC', 'url': 'https://open.spotify.com/artist/6MF9fzBmfXghAz953czmBC'}","chan":"stdout","logger":"task"}
{"timestamp":"2025-12-05T00:15:11.227181Z","level":"info","event":"https://musicbrainz.org/ws/2/url?resource=https://open.spotify.com/artist/6MF9fzBmfXghAz953czmBC&inc=artist-rels&fmt=json","chan":"stdout","logger":"task"}
{"timestamp":"2025-12-05T00:15:11.340691Z","level":"info","event":"https://musicbrainz.org/ws/2/artist/ba7d2626-38ce-4859-8495-bdb5732715c4?inc=tags&fmt=json","chan":"stdout","logger":"task"}
{"timestamp":"2025-12-05T00:15:12.461342Z","level":"info","event":"{'name': 'Ludacris', 'id': '3ipn9JLAPI5GUEo4y4jcoi', 'url': 'https://open.spotify.com/artist/3ipn9JLAPI5GUEo4y4jcoi'}","chan":"stdout","logger":"task"}
{"timestamp":"2025-12-05T00:15:12.466507Z","level":"info","event":"https://musicbrainz.org/ws/2/url?resource=https://open.spotify.com/artist/3ipn9JLAPI5GUEo4y4jcoi&inc=artist-rels&fmt=json","chan":"stdout","logger":"task"}
{"timestamp":"2025-12-05T00:15:12.586254Z","level":"info","event":"https://musicbrainz.org/ws/2/artist/0638ba22-040f-438d-83a5-9b670c4adaf5?inc=tags&fmt=json","chan":"stdout","logger":"task"}
{"timestamp":"2025-12-05T00:15:13.707383Z","level":"info","event":"{'name': 'Lady Gaga', 'id': '1HY2Jd0NmPuamShAr6KMms', 'url': 'https://open.spotify.com/artist/1HY2Jd0NmPuamShAr6KMms'}","chan":"stdout","logger":"task"}
{"timestamp":"2025-12-05T00:15:13.709250Z","level":"info","event":"https://musicbrainz.org/ws/2/url?resource=https://open.spotify.com/artist/1HY2Jd0NmPuamShAr6KMms&inc=artist-rels&fmt=json","chan":"stdout","logger":"task"}
{"timestamp":"2025-12-05T00:15:13.828791Z","level":"info","event":"https://musicbrainz.org/ws/2/artist/650e7db6-b795-4eb5-a702-5ea2fc46c848?inc=tags&fmt=json","chan":"stdout","logger":"task"}
{"timestamp":"2025-12-05T00:15:14.974608Z","level":"info","event":"{'name': 'Black Eyed Peas', 'id': '1yxSLGMDHlW21z4YXirZDS', 'url': 'https://open.spotify.com/artist/1yxSLGMDHlW21z4YXirZDS'}","chan":"stdout","logger":"task"}
{"timestamp":"2025-12-05T00:15:14.975407Z","level":"info","event":"https://musicbrainz.org/ws/2/url?resource=https://open.spotify.com/artist/1yxSLGMDHlW21z4YXirZDS&inc=artist-rels&fmt=json","chan":"stdout","logger":"task"}
{"timestamp":"2025-12-05T00:15:15.091323Z","level":"info","event":"https://musicbrainz.org/ws/2/artist/d5be5333-4171-427e-8e12-732087c6b78e?inc=tags&fmt=json","chan":"stdout","logger":"task"}
{"timestamp":"2025-12-05T00:15:16.272559Z","level":"info","event":"{'name': 'La Roux', 'id': '3K2zB87GZv1krx031en5VA', 'url': 'https://open.spotify.com/artist/3K2zB87GZv1krx031en5VA'}","chan":"stdout","logger":"task"}
{"timestamp":"2025-12-05T00:15:16.278069Z","level":"info","event":"https://musicbrainz.org/ws/2/url?resource=https://open.spotify.com/artist/3K2zB87GZv1krx031en5VA&inc=artist-rels&fmt=json","chan":"stdout","logger":"task"}
{"timestamp":"2025-12-05T00:15:16.406921Z","level":"info","event":"https://musicbrainz.org/ws/2/artist/88d1360a-bc2d-47df-90d1-d2de285560aa?inc=tags&fmt=json","chan":"stdout","logger":"task"}
{"timestamp":"2025-12-05T00:15:17.526615Z","level":"info","event":"{'name': 'Eminem', 'id': '7dGJo4pcD2V6oG8kP0tJRR', 'url': 'https://open.spotify.com/artist/7dGJo4pcD2V6oG8kP0tJRR'}","chan":"stdout","logger":"task"}
{"timestamp":"2025-12-05T00:15:17.530114Z","level":"info","event":"https://musicbrainz.org/ws/2/url?resource=https://open.spotify.com/artist/7dGJo4pcD2V6oG8kP0tJRR&inc=artist-rels&fmt=json","chan":"stdout","logger":"task"}
{"timestamp":"2025-12-05T00:15:17.659355Z","level":"info","event":"https://musicbrainz.org/ws/2/artist/b95ce3ff-3d05-4e87-9e01-c97b66af13d4?inc=tags&fmt=json","chan":"stdout","logger":"task"}
{"timestamp":"2025-12-05T00:15:18.773719Z","level":"info","event":"{'name': 'Train', 'id': '3FUY2gzHeIiaesXtOAdB7A', 'url': 'https://open.spotify.com/artist/3FUY2gzHeIiaesXtOAdB7A'}","chan":"stdout","logger":"task"}
{"timestamp":"2025-12-05T00:15:18.775419Z","level":"info","event":"https://musicbrainz.org/ws/2/url?resource=https://open.spotify.com/artist/3FUY2gzHeIiaesXtOAdB7A&inc=artist-rels&fmt=json","chan":"stdout","logger":"task"}
{"timestamp":"2025-12-05T00:15:18.880803Z","level":"info","event":"Rate limit hit. Retrying in 1s...","chan":"stdout","logger":"task"}
{"timestamp":"2025-12-05T00:15:20.018084Z","level":"info","event":"https://musicbrainz.org/ws/2/artist/bfd5aec5-62a2-4560-a316-7c46c17babda?inc=tags&fmt=json","chan":"stdout","logger":"task"}
{"timestamp":"2025-12-05T00:15:21.653753Z","level":"info","event":"{'name': 'Drake', 'id': '3TVXtAsR1Inumwj472S9r4', 'url': 'https://open.spotify.com/artist/3TVXtAsR1Inumwj472S9r4'}","chan":"stdout","logger":"task"}
{"timestamp":"2025-12-05T00:15:21.656053Z","level":"info","event":"https://musicbrainz.org/ws/2/url?resource=https://open.spotify.com/artist/3TVXtAsR1Inumwj472S9r4&inc=artist-rels&fmt=json","chan":"stdout","logger":"task"}
{"timestamp":"2025-12-05T00:15:21.770850Z","level":"info","event":"https://musicbrainz.org/ws/2/artist/9fff2f8a-21e6-47de-a2b8-7f449929d43f?inc=tags&fmt=json","chan":"stdout","logger":"task"}
{"timestamp":"2025-12-05T00:15:22.898852Z","level":"info","event":"{'name': 'Lady A', 'id': '32WkQRZEVKSzVAAYqukAEA', 'url': 'https://open.spotify.com/artist/32WkQRZEVKSzVAAYqukAEA'}","chan":"stdout","logger":"task"}
{"timestamp":"2025-12-05T00:15:22.899606Z","level":"info","event":"https://musicbrainz.org/ws/2/url?resource=https://open.spotify.com/artist/32WkQRZEVKSzVAAYqukAEA&inc=artist-rels&fmt=json","chan":"stdout","logger":"task"}
{"timestamp":"2025-12-05T00:15:23.028831Z","level":"info","event":"https://musicbrainz.org/ws/2/artist/0eedfc95-e79a-4fd9-832a-cd816a0b3fda?inc=tags&fmt=json","chan":"stdout","logger":"task"}
{"timestamp":"2025-12-05T00:15:24.147089Z","level":"info","event":"{'name': 'Lil Wayne', 'id': '55Aa2cqylxrFIXC767Z865', 'url': 'https://open.spotify.com/artist/55Aa2cqylxrFIXC767Z865'}","chan":"stdout","logger":"task"}
{"timestamp":"2025-12-05T00:15:24.150426Z","level":"info","event":"https://musicbrainz.org/ws/2/url?resource=https://open.spotify.com/artist/55Aa2cqylxrFIXC767Z865&inc=artist-rels&fmt=json","chan":"stdout","logger":"task"}
{"timestamp":"2025-12-05T00:15:24.268519Z","level":"info","event":"https://musicbrainz.org/ws/2/artist/ac9a487a-d9d2-4f27-bb23-0f4686488345?inc=tags&fmt=json","chan":"stdout","logger":"task"}
{"timestamp":"2025-12-05T00:15:25.586103Z","level":"info","event":"{'name': 'JAY-Z', 'id': '3nFkdlSjzX9mRTtwJOzDYB', 'url': 'https://open.spotify.com/artist/3nFkdlSjzX9mRTtwJOzDYB'}","chan":"stdout","logger":"task"}
{"timestamp":"2025-12-05T00:15:25.591059Z","level":"info","event":"https://musicbrainz.org/ws/2/url?resource=https://open.spotify.com/artist/3nFkdlSjzX9mRTtwJOzDYB&inc=artist-rels&fmt=json","chan":"stdout","logger":"task"}
{"timestamp":"2025-12-05T00:15:25.707620Z","level":"info","event":"https://musicbrainz.org/ws/2/artist/f82bcf78-5b69-4622-a5ef-73800768d9ac?inc=tags&fmt=json","chan":"stdout","logger":"task"}
{"timestamp":"2025-12-05T00:15:26.838752Z","level":"info","event":"{'name': 'Mr Hudson', 'id': '1zV9UjTUevjp5VUddqIUUn', 'url': 'https://open.spotify.com/artist/1zV9UjTUevjp5VUddqIUUn'}","chan":"stdout","logger":"task"}
{"timestamp":"2025-12-05T00:15:26.839425Z","level":"info","event":"https://musicbrainz.org/ws/2/url?resource=https://open.spotify.com/artist/1zV9UjTUevjp5VUddqIUUn&inc=artist-rels&fmt=json","chan":"stdout","logger":"task"}
{"timestamp":"2025-12-05T00:15:26.958210Z","level":"info","event":"https://musicbrainz.org/ws/2/artist/585fee48-98c7-45b4-a47c-78d629b773b8?inc=tags&fmt=json","chan":"stdout","logger":"task"}
{"timestamp":"2025-12-05T00:15:28.711650Z","level":"info","event":"{'name': 'Rihanna', 'id': '5pKCCKE2ajJHZ9KAiaK11H', 'url': 'https://open.spotify.com/artist/5pKCCKE2ajJHZ9KAiaK11H'}","chan":"stdout","logger":"task"}
{"timestamp":"2025-12-05T00:15:28.712197Z","level":"info","event":"https://musicbrainz.org/ws/2/url?resource=https://open.spotify.com/artist/5pKCCKE2ajJHZ9KAiaK11H&inc=artist-rels&fmt=json","chan":"stdout","logger":"task"}
{"timestamp":"2025-12-05T00:15:28.821839Z","level":"info","event":"https://musicbrainz.org/ws/2/artist/73e5e69d-3554-40d8-8516-00cb38737a1c?inc=tags&fmt=json","chan":"stdout","logger":"task"}
{"timestamp":"2025-12-05T00:15:29.938656Z","level":"info","event":"{'name': 'Jason Derulo', 'id': '07YZf4WDAMNwqr4jfgOZ8y', 'url': 'https://open.spotify.com/artist/07YZf4WDAMNwqr4jfgOZ8y'}","chan":"stdout","logger":"task"}
{"timestamp":"2025-12-05T00:15:29.938954Z","level":"info","event":"https://musicbrainz.org/ws/2/url?resource=https://open.spotify.com/artist/07YZf4WDAMNwqr4jfgOZ8y&inc=artist-rels&fmt=json","chan":"stdout","logger":"task"}
{"timestamp":"2025-12-05T00:15:30.056640Z","level":"info","event":"https://musicbrainz.org/ws/2/artist/6de0f914-3e60-4418-be3b-42e0feb6eb4d?inc=tags&fmt=json","chan":"stdout","logger":"task"}
{"timestamp":"2025-12-05T00:15:31.175019Z","level":"info","event":"{'name': 'Mike Posner', 'id': '2KsP6tYLJlTBvSUxnwlVWa', 'url': 'https://open.spotify.com/artist/2KsP6tYLJlTBvSUxnwlVWa'}","chan":"stdout","logger":"task"}
{"timestamp":"2025-12-05T00:15:31.175330Z","level":"info","event":"https://musicbrainz.org/ws/2/url?resource=https://open.spotify.com/artist/2KsP6tYLJlTBvSUxnwlVWa&inc=artist-rels&fmt=json","chan":"stdout","logger":"task"}
{"timestamp":"2025-12-05T00:15:31.289901Z","level":"info","event":"https://musicbrainz.org/ws/2/artist/5b64e344-b2fb-47bd-bd7b-4c793b17d472?inc=tags&fmt=json","chan":"stdout","logger":"task"}
{"timestamp":"2025-12-05T00:15:32.413363Z","level":"info","event":"{'name': 'Gigamesh', 'id': '1Bo8Afb2Qbjs4x6kJHyjle', 'url': 'https://open.spotify.com/artist/1Bo8Afb2Qbjs4x6kJHyjle'}","chan":"stdout","logger":"task"}
{"timestamp":"2025-12-05T00:15:32.414798Z","level":"info","event":"https://musicbrainz.org/ws/2/url?resource=https://open.spotify.com/artist/1Bo8Afb2Qbjs4x6kJHyjle&inc=artist-rels&fmt=json","chan":"stdout","logger":"task"}
{"timestamp":"2025-12-05T00:15:32.524128Z","level":"info","event":"https://musicbrainz.org/ws/2/artist/3f7c8b63-471b-4fd8-962c-6a9de83649b6?inc=tags&fmt=json","chan":"stdout","logger":"task"}
{"timestamp":"2025-12-05T00:15:33.646086Z","level":"info","event":"{'name': 'The Script', 'id': '3AQRLZ9PuTAozP28Skbq8V', 'url': 'https://open.spotify.com/artist/3AQRLZ9PuTAozP28Skbq8V'}","chan":"stdout","logger":"task"}
{"timestamp":"2025-12-05T00:15:33.646859Z","level":"info","event":"https://musicbrainz.org/ws/2/url?resource=https://open.spotify.com/artist/3AQRLZ9PuTAozP28Skbq8V&inc=artist-rels&fmt=json","chan":"stdout","logger":"task"}
{"timestamp":"2025-12-05T00:15:33.767684Z","level":"info","event":"https://musicbrainz.org/ws/2/artist/4c98aa1b-34eb-4336-987f-5e50aa059c00?inc=tags&fmt=json","chan":"stdout","logger":"task"}
{"timestamp":"2025-12-05T00:15:34.892858Z","level":"info","event":"{'name': 'Miley Cyrus', 'id': '5YGY8feqx7naU7z4HrwZM6', 'url': 'https://open.spotify.com/artist/5YGY8feqx7naU7z4HrwZM6'}","chan":"stdout","logger":"task"}
{"timestamp":"2025-12-05T00:15:34.894530Z","level":"info","event":"https://musicbrainz.org/ws/2/url?resource=https://open.spotify.com/artist/5YGY8feqx7naU7z4HrwZM6&inc=artist-rels&fmt=json","chan":"stdout","logger":"task"}
{"timestamp":"2025-12-05T00:15:35.020354Z","level":"info","event":"https://musicbrainz.org/ws/2/artist/7e9bd05a-117f-4cce-87bc-e011527a8b18?inc=tags&fmt=json","chan":"stdout","logger":"task"}
{"timestamp":"2025-12-05T00:15:36.185651Z","level":"info","event":"{'name': 'Beyoncé', 'id': '6vWDO969PvNqNYHIOW5v0m', 'url': 'https://open.spotify.com/artist/6vWDO969PvNqNYHIOW5v0m'}","chan":"stdout","logger":"task"}
{"timestamp":"2025-12-05T00:15:36.186510Z","level":"info","event":"https://musicbrainz.org/ws/2/url?resource=https://open.spotify.com/artist/6vWDO969PvNqNYHIOW5v0m&inc=artist-rels&fmt=json","chan":"stdout","logger":"task"}
{"timestamp":"2025-12-05T00:15:36.308468Z","level":"info","event":"https://musicbrainz.org/ws/2/artist/859d0860-d480-4efd-970c-c05d5f1776b8?inc=tags&fmt=json","chan":"stdout","logger":"task"}
{"timestamp":"2025-12-05T00:15:37.438895Z","level":"info","event":"{'name': 'Nicki Minaj', 'id': '0hCNtLu0JehylgoiP8L4Gh', 'url': 'https://open.spotify.com/artist/0hCNtLu0JehylgoiP8L4Gh'}","chan":"stdout","logger":"task"}
{"timestamp":"2025-12-05T00:15:37.453544Z","level":"info","event":"https://musicbrainz.org/ws/2/url?resource=https://open.spotify.com/artist/0hCNtLu0JehylgoiP8L4Gh&inc=artist-rels&fmt=json","chan":"stdout","logger":"task"}
{"timestamp":"2025-12-05T00:15:37.567353Z","level":"info","event":"https://musicbrainz.org/ws/2/artist/1036b808-f58c-4a3e-b461-a2c4492ecf1b?inc=tags&fmt=json","chan":"stdout","logger":"task"}
{"timestamp":"2025-12-05T00:15:38.686162Z","level":"info","event":"{'name': 'Carrie Underwood', 'id': '4xFUf1FHVy696Q1JQZMTRj', 'url': 'https://open.spotify.com/artist/4xFUf1FHVy696Q1JQZMTRj'}","chan":"stdout","logger":"task"}
{"timestamp":"2025-12-05T00:15:38.687122Z","level":"info","event":"https://musicbrainz.org/ws/2/url?resource=https://open.spotify.com/artist/4xFUf1FHVy696Q1JQZMTRj&inc=artist-rels&fmt=json","chan":"stdout","logger":"task"}
{"timestamp":"2025-12-05T00:15:38.801889Z","level":"info","event":"https://musicbrainz.org/ws/2/artist/70f0e309-5418-49b6-a130-666e2f76eecd?inc=tags&fmt=json","chan":"stdout","logger":"task"}
{"timestamp":"2025-12-05T00:15:38.916007Z","level":"info","event":"Rate limit hit. Retrying in 1s...","chan":"stdout","logger":"task"}
{"timestamp":"2025-12-05T00:15:40.031612Z","level":"info","event":"Rate limit hit. Retrying in 2s...","chan":"stdout","logger":"task"}
{"timestamp":"2025-12-05T00:15:43.174231Z","level":"info","event":"{'name': 'Michael Bublé', 'id': '1GxkXlMwML1oSg5eLPiAz3', 'url': 'https://open.spotify.com/artist/1GxkXlMwML1oSg5eLPiAz3'}","chan":"stdout","logger":"task"}
{"timestamp":"2025-12-05T00:15:43.177260Z","level":"info","event":"https://musicbrainz.org/ws/2/url?resource=https://open.spotify.com/artist/1GxkXlMwML1oSg5eLPiAz3&inc=artist-rels&fmt=json","chan":"stdout","logger":"task"}
{"timestamp":"2025-12-05T00:15:43.292431Z","level":"info","event":"https://musicbrainz.org/ws/2/artist/611700cf-27f0-4dc9-ae80-c513a767853e?inc=tags&fmt=json","chan":"stdout","logger":"task"}
{"timestamp":"2025-12-05T00:15:44.414640Z","level":"info","event":"{'name': '3OH!3', 'id': '0FWzNDaEu9jdgcYTbcOa4F', 'url': 'https://open.spotify.com/artist/0FWzNDaEu9jdgcYTbcOa4F'}","chan":"stdout","logger":"task"}
{"timestamp":"2025-12-05T00:15:44.418419Z","level":"info","event":"https://musicbrainz.org/ws/2/url?resource=https://open.spotify.com/artist/0FWzNDaEu9jdgcYTbcOa4F&inc=artist-rels&fmt=json","chan":"stdout","logger":"task"}
{"timestamp":"2025-12-05T00:15:44.551354Z","level":"info","event":"https://musicbrainz.org/ws/2/artist/125948ec-7f91-4d1a-8b83-accbf50fae3d?inc=tags&fmt=json","chan":"stdout","logger":"task"}
{"timestamp":"2025-12-05T00:15:45.679523Z","level":"info","event":"{'name': 'Alicia Keys', 'id': '3DiDSECUqqY1AuBP8qtaIa', 'url': 'https://open.spotify.com/artist/3DiDSECUqqY1AuBP8qtaIa'}","chan":"stdout","logger":"task"}
{"timestamp":"2025-12-05T00:15:45.680931Z","level":"info","event":"https://musicbrainz.org/ws/2/url?resource=https://open.spotify.com/artist/3DiDSECUqqY1AuBP8qtaIa&inc=artist-rels&fmt=json","chan":"stdout","logger":"task"}
{"timestamp":"2025-12-05T00:15:45.812556Z","level":"info","event":"https://musicbrainz.org/ws/2/artist/8ef1df30-ae4f-4dbd-9351-1a32b208a01e?inc=tags&fmt=json","chan":"stdout","logger":"task"}
{"timestamp":"2025-12-05T00:15:46.928310Z","level":"info","event":"{'name': 'Shontelle', 'id': '4M6Z1wubeKtwPqbjJygTOc', 'url': 'https://open.spotify.com/artist/4M6Z1wubeKtwPqbjJygTOc'}","chan":"stdout","logger":"task"}
{"timestamp":"2025-12-05T00:15:46.928525Z","level":"info","event":"https://musicbrainz.org/ws/2/url?resource=https://open.spotify.com/artist/4M6Z1wubeKtwPqbjJygTOc&inc=artist-rels&fmt=json","chan":"stdout","logger":"task"}
{"timestamp":"2025-12-05T00:15:47.042649Z","level":"info","event":"https://musicbrainz.org/ws/2/artist/cfb2b49e-a921-4171-b089-853d9fc16d2c?inc=tags&fmt=json","chan":"stdout","logger":"task"}
{"timestamp":"2025-12-05T00:15:48.485154Z","level":"info","event":"{'name': 'Miranda Lambert', 'id': '66lH4jAE7pqPlOlzUKbwA0', 'url': 'https://open.spotify.com/artist/66lH4jAE7pqPlOlzUKbwA0'}","chan":"stdout","logger":"task"}
{"timestamp":"2025-12-05T00:15:48.487435Z","level":"info","event":"https://musicbrainz.org/ws/2/url?resource=https://open.spotify.com/artist/66lH4jAE7pqPlOlzUKbwA0&inc=artist-rels&fmt=json","chan":"stdout","logger":"task"}
{"timestamp":"2025-12-05T00:15:48.607629Z","level":"info","event":"https://musicbrainz.org/ws/2/artist/4eca1aa0-c79f-481b-af8a-4a2d6c41aa5c?inc=tags&fmt=json","chan":"stdout","logger":"task"}
{"timestamp":"2025-12-05T00:15:49.807449Z","level":"info","event":"{'name': 'DJ Khaled', 'id': '0QHgL1lAIqAw0HtD7YldmP', 'url': 'https://open.spotify.com/artist/0QHgL1lAIqAw0HtD7YldmP'}","chan":"stdout","logger":"task"}
{"timestamp":"2025-12-05T00:15:49.808808Z","level":"info","event":"https://musicbrainz.org/ws/2/url?resource=https://open.spotify.com/artist/0QHgL1lAIqAw0HtD7YldmP&inc=artist-rels&fmt=json","chan":"stdout","logger":"task"}
{"timestamp":"2025-12-05T00:15:49.943290Z","level":"info","event":"https://musicbrainz.org/ws/2/artist/081a2d60-9791-4e05-a075-f1890355eeee?inc=tags&fmt=json","chan":"stdout","logger":"task"}
{"timestamp":"2025-12-05T00:15:51.058394Z","level":"info","event":"{'name': 'Sean Kingston', 'id': '6S0dmVVn4udvppDhZIWxCr', 'url': 'https://open.spotify.com/artist/6S0dmVVn4udvppDhZIWxCr'}","chan":"stdout","logger":"task"}
{"timestamp":"2025-12-05T00:15:51.060773Z","level":"info","event":"https://musicbrainz.org/ws/2/url?resource=https://open.spotify.com/artist/6S0dmVVn4udvppDhZIWxCr&inc=artist-rels&fmt=json","chan":"stdout","logger":"task"}
{"timestamp":"2025-12-05T00:15:51.176332Z","level":"info","event":"https://musicbrainz.org/ws/2/artist/f7eb3be3-1065-4a53-94d4-e2d0c15c0b33?inc=tags&fmt=json","chan":"stdout","logger":"task"}
{"timestamp":"2025-12-05T00:15:52.294317Z","level":"info","event":"{'name': 'Kevin Rudolf', 'id': '0Chxmm4XMM87mJOHvyiUzL', 'url': 'https://open.spotify.com/artist/0Chxmm4XMM87mJOHvyiUzL'}","chan":"stdout","logger":"task"}
{"timestamp":"2025-12-05T00:15:52.294978Z","level":"info","event":"https://musicbrainz.org/ws/2/url?resource=https://open.spotify.com/artist/0Chxmm4XMM87mJOHvyiUzL&inc=artist-rels&fmt=json","chan":"stdout","logger":"task"}
{"timestamp":"2025-12-05T00:15:52.420649Z","level":"info","event":"https://musicbrainz.org/ws/2/artist/2a0cce30-071b-4ba9-bf78-ae76c9eb7316?inc=tags&fmt=json","chan":"stdout","logger":"task"}
{"timestamp":"2025-12-05T00:15:53.543254Z","level":"info","event":"{'name': 'Birdman', 'id': '35sCXuy5gN6Or69rZ9vqBs', 'url': 'https://open.spotify.com/artist/35sCXuy5gN6Or69rZ9vqBs'}","chan":"stdout","logger":"task"}
{"timestamp":"2025-12-05T00:15:53.549224Z","level":"info","event":"https://musicbrainz.org/ws/2/url?resource=https://open.spotify.com/artist/35sCXuy5gN6Or69rZ9vqBs&inc=artist-rels&fmt=json","chan":"stdout","logger":"task"}
{"timestamp":"2025-12-05T00:15:53.670400Z","level":"info","event":"https://musicbrainz.org/ws/2/artist/dcf5807c-ef1f-4291-b452-6824080ecac4?inc=tags&fmt=json","chan":"stdout","logger":"task"}
{"timestamp":"2025-12-05T00:15:54.814816Z","level":"info","event":"{'name': 'Jay Sean', 'id': '4pADjHPWyrlAF0FA7joK2H', 'url': 'https://open.spotify.com/artist/4pADjHPWyrlAF0FA7joK2H'}","chan":"stdout","logger":"task"}
{"timestamp":"2025-12-05T00:15:54.817759Z","level":"info","event":"https://musicbrainz.org/ws/2/url?resource=https://open.spotify.com/artist/4pADjHPWyrlAF0FA7joK2H&inc=artist-rels&fmt=json","chan":"stdout","logger":"task"}
{"timestamp":"2025-12-05T00:15:54.952980Z","level":"info","event":"https://musicbrainz.org/ws/2/artist/e03cf5b6-d2ec-4465-adee-226b518bcfcd?inc=tags&fmt=json","chan":"stdout","logger":"task"}
{"timestamp":"2025-12-05T00:15:56.079569Z","level":"info","event":"{'name': 'T.I.', 'id': '4OBJLual30L7gRl5UkeRcT', 'url': 'https://open.spotify.com/artist/4OBJLual30L7gRl5UkeRcT'}","chan":"stdout","logger":"task"}
{"timestamp":"2025-12-05T00:15:56.080213Z","level":"info","event":"https://musicbrainz.org/ws/2/url?resource=https://open.spotify.com/artist/4OBJLual30L7gRl5UkeRcT&inc=artist-rels&fmt=json","chan":"stdout","logger":"task"}
{"timestamp":"2025-12-05T00:15:56.198724Z","level":"info","event":"https://musicbrainz.org/ws/2/artist/f7ba7fbe-c6bd-4ac0-bee9-c25c558d7d62?inc=tags&fmt=json","chan":"stdout","logger":"task"}
{"timestamp":"2025-12-05T00:15:57.334346Z","level":"info","event":"{'name': 'Keri Hilson', 'id': '63wjoROpeh5f11Qm93UiJ1', 'url': 'https://open.spotify.com/artist/63wjoROpeh5f11Qm93UiJ1'}","chan":"stdout","logger":"task"}
{"timestamp":"2025-12-05T00:15:57.336502Z","level":"info","event":"https://musicbrainz.org/ws/2/url?resource=https://open.spotify.com/artist/63wjoROpeh5f11Qm93UiJ1&inc=artist-rels&fmt=json","chan":"stdout","logger":"task"}
{"timestamp":"2025-12-05T00:15:57.643706Z","level":"info","event":"https://musicbrainz.org/ws/2/artist/b76c616a-ec0d-4f0c-b986-f249c4a04d77?inc=tags&fmt=json","chan":"stdout","logger":"task"}
{"timestamp":"2025-12-05T00:15:58.908727Z","level":"info","event":"{'name': 'Nickelback', 'id': '6deZN1bslXzeGvOLaLMOIF', 'url': 'https://open.spotify.com/artist/6deZN1bslXzeGvOLaLMOIF'}","chan":"stdout","logger":"task"}
{"timestamp":"2025-12-05T00:15:58.915912Z","level":"info","event":"https://musicbrainz.org/ws/2/url?resource=https://open.spotify.com/artist/6deZN1bslXzeGvOLaLMOIF&inc=artist-rels&fmt=json","chan":"stdout","logger":"task"}
{"timestamp":"2025-12-05T00:15:59.036669Z","level":"info","event":"https://musicbrainz.org/ws/2/artist/bc710bcf-8815-42cf-bad2-3f1d12246aeb?inc=tags&fmt=json","chan":"stdout","logger":"task"}
{"timestamp":"2025-12-05T00:16:00.211388Z","level":"info","event":"{'name': 'Adam Lambert', 'id': '6prmLEyn4LfHlD9NnXWlf7', 'url': 'https://open.spotify.com/artist/6prmLEyn4LfHlD9NnXWlf7'}","chan":"stdout","logger":"task"}
{"timestamp":"2025-12-05T00:16:00.212621Z","level":"info","event":"https://musicbrainz.org/ws/2/url?resource=https://open.spotify.com/artist/6prmLEyn4LfHlD9NnXWlf7&inc=artist-rels&fmt=json","chan":"stdout","logger":"task"}
{"timestamp":"2025-12-05T00:16:00.335965Z","level":"info","event":"https://musicbrainz.org/ws/2/artist/e942594a-91cc-427a-8beb-6815c28e9254?inc=tags&fmt=json","chan":"stdout","logger":"task"}
{"timestamp":"2025-12-05T00:16:01.464557Z","level":"info","event":"{'name': 'Timbaland', 'id': '5Y5TRrQiqgUO4S36tzjIRZ', 'url': 'https://open.spotify.com/artist/5Y5TRrQiqgUO4S36tzjIRZ'}","chan":"stdout","logger":"task"}
{"timestamp":"2025-12-05T00:16:01.465478Z","level":"info","event":"https://musicbrainz.org/ws/2/url?resource=https://open.spotify.com/artist/5Y5TRrQiqgUO4S36tzjIRZ&inc=artist-rels&fmt=json","chan":"stdout","logger":"task"}
{"timestamp":"2025-12-05T00:16:01.596332Z","level":"info","event":"https://musicbrainz.org/ws/2/artist/daa09819-5da5-4c7a-8bef-eb372bb27ff1?inc=tags&fmt=json","chan":"stdout","logger":"task"}
{"timestamp":"2025-12-05T00:16:01.714412Z","level":"info","event":"Rate limit hit. Retrying in 1s...","chan":"stdout","logger":"task"}
{"timestamp":"2025-12-05T00:16:03.833790Z","level":"info","event":"{'name': 'Jaron And The Long Road To Love', 'id': '1gnxlAhv4TnE1Kbvcbv8QI', 'url': 'https://open.spotify.com/artist/1gnxlAhv4TnE1Kbvcbv8QI'}","chan":"stdout","logger":"task"}
{"timestamp":"2025-12-05T00:16:03.836053Z","level":"info","event":"https://musicbrainz.org/ws/2/url?resource=https://open.spotify.com/artist/1gnxlAhv4TnE1Kbvcbv8QI&inc=artist-rels&fmt=json","chan":"stdout","logger":"task"}
{"timestamp":"2025-12-05T00:16:03.961700Z","level":"info","event":"HTTP 404: Not Found","chan":"stdout","logger":"task"}
{"timestamp":"2025-12-05T00:16:03.961968Z","level":"info","event":"unable to get mbid for https://open.spotify.com/artist/1gnxlAhv4TnE1Kbvcbv8QI","chan":"stdout","logger":"task"}
{"timestamp":"2025-12-05T00:16:04.962386Z","level":"info","event":"{'name': 'Brad Paisley', 'id': '13YmWQJFwgZrd4bf5IjMY4', 'url': 'https://open.spotify.com/artist/13YmWQJFwgZrd4bf5IjMY4'}","chan":"stdout","logger":"task"}
{"timestamp":"2025-12-05T00:16:04.962588Z","level":"info","event":"https://musicbrainz.org/ws/2/url?resource=https://open.spotify.com/artist/13YmWQJFwgZrd4bf5IjMY4&inc=artist-rels&fmt=json","chan":"stdout","logger":"task"}
{"timestamp":"2025-12-05T00:16:05.077319Z","level":"info","event":"https://musicbrainz.org/ws/2/artist/6cfd7ffc-824f-4219-8e27-4b9417700f44?inc=tags&fmt=json","chan":"stdout","logger":"task"}
{"timestamp":"2025-12-05T00:16:06.407010Z","level":"info","event":"{'name': 'Jeezy', 'id': '4yBK75WVCQXej1p04GWqxH', 'url': 'https://open.spotify.com/artist/4yBK75WVCQXej1p04GWqxH'}","chan":"stdout","logger":"task"}
{"timestamp":"2025-12-05T00:16:06.408454Z","level":"info","event":"https://musicbrainz.org/ws/2/url?resource=https://open.spotify.com/artist/4yBK75WVCQXej1p04GWqxH&inc=artist-rels&fmt=json","chan":"stdout","logger":"task"}
{"timestamp":"2025-12-05T00:16:06.520597Z","level":"info","event":"https://musicbrainz.org/ws/2/artist/dcad99e7-3c3e-4c78-bf8a-68203e17da48?inc=tags&fmt=json","chan":"stdout","logger":"task"}
{"timestamp":"2025-12-05T00:16:07.839807Z","level":"info","event":"{'name': 'Plies', 'id': '3jksrX4oBklxR78ft8gv3j', 'url': 'https://open.spotify.com/artist/3jksrX4oBklxR78ft8gv3j'}","chan":"stdout","logger":"task"}
{"timestamp":"2025-12-05T00:16:07.845401Z","level":"info","event":"https://musicbrainz.org/ws/2/url?resource=https://open.spotify.com/artist/3jksrX4oBklxR78ft8gv3j&inc=artist-rels&fmt=json","chan":"stdout","logger":"task"}
{"timestamp":"2025-12-05T00:16:07.966150Z","level":"info","event":"https://musicbrainz.org/ws/2/artist/72f62a4c-0042-49f6-b4dc-2f5b27dd289f?inc=tags&fmt=json","chan":"stdout","logger":"task"}
{"timestamp":"2025-12-05T00:16:09.092524Z","level":"info","event":"{'name': 'Luke Bryan', 'id': '0BvkDsjIUla7X0k6CSWh1I', 'url': 'https://open.spotify.com/artist/0BvkDsjIUla7X0k6CSWh1I'}","chan":"stdout","logger":"task"}
{"timestamp":"2025-12-05T00:16:09.093566Z","level":"info","event":"https://musicbrainz.org/ws/2/url?resource=https://open.spotify.com/artist/0BvkDsjIUla7X0k6CSWh1I&inc=artist-rels&fmt=json","chan":"stdout","logger":"task"}
{"timestamp":"2025-12-05T00:16:09.223587Z","level":"info","event":"https://musicbrainz.org/ws/2/artist/aab35942-f176-4f77-bbf9-1d6aa98ccf3f?inc=tags&fmt=json","chan":"stdout","logger":"task"}
{"timestamp":"2025-12-05T00:16:10.338875Z","level":"info","event":"{'name': 'Jerrod Niemann', 'id': '0RKP52f5PNDCRZ9Luq2Sr7', 'url': 'https://open.spotify.com/artist/0RKP52f5PNDCRZ9Luq2Sr7'}","chan":"stdout","logger":"task"}
{"timestamp":"2025-12-05T00:16:10.339815Z","level":"info","event":"https://musicbrainz.org/ws/2/url?resource=https://open.spotify.com/artist/0RKP52f5PNDCRZ9Luq2Sr7&inc=artist-rels&fmt=json","chan":"stdout","logger":"task"}
{"timestamp":"2025-12-05T00:16:10.459434Z","level":"info","event":"https://musicbrainz.org/ws/2/artist/0b88f9de-7c37-4800-9d6a-04ce6c20b76c?inc=tags&fmt=json","chan":"stdout","logger":"task"}
{"timestamp":"2025-12-05T00:16:11.577274Z","level":"info","event":"{'name': 'Justin Bieber', 'id': '1uNFoZAHBGtllmzznpCI3s', 'url': 'https://open.spotify.com/artist/1uNFoZAHBGtllmzznpCI3s'}","chan":"stdout","logger":"task"}
{"timestamp":"2025-12-05T00:16:11.578408Z","level":"info","event":"https://musicbrainz.org/ws/2/url?resource=https://open.spotify.com/artist/1uNFoZAHBGtllmzznpCI3s&inc=artist-rels&fmt=json","chan":"stdout","logger":"task"}
{"timestamp":"2025-12-05T00:16:11.692227Z","level":"info","event":"https://musicbrainz.org/ws/2/artist/e0140a67-e4d1-4f13-8a01-364355bee46e?inc=tags&fmt=json","chan":"stdout","logger":"task"}
{"timestamp":"2025-12-05T00:16:12.808180Z","level":"info","event":"{'name': 'Enrique Iglesias', 'id': '7qG3b048QCHVRO5Pv1T5lw', 'url': 'https://open.spotify.com/artist/7qG3b048QCHVRO5Pv1T5lw'}","chan":"stdout","logger":"task"}
{"timestamp":"2025-12-05T00:16:12.811082Z","level":"info","event":"https://musicbrainz.org/ws/2/url?resource=https://open.spotify.com/artist/7qG3b048QCHVRO5Pv1T5lw&inc=artist-rels&fmt=json","chan":"stdout","logger":"task"}
{"timestamp":"2025-12-05T00:16:12.917917Z","level":"info","event":"https://musicbrainz.org/ws/2/artist/35f866dc-c061-48ba-8157-cf2e0eac4857?inc=tags&fmt=json","chan":"stdout","logger":"task"}
{"timestamp":"2025-12-05T00:16:14.036434Z","level":"info","event":"{'name': 'Pitbull', 'id': '0TnOYISbd1XYRBk9myaseg', 'url': 'https://open.spotify.com/artist/0TnOYISbd1XYRBk9myaseg'}","chan":"stdout","logger":"task"}
{"timestamp":"2025-12-05T00:16:14.039313Z","level":"info","event":"https://musicbrainz.org/ws/2/url?resource=https://open.spotify.com/artist/0TnOYISbd1XYRBk9myaseg&inc=artist-rels&fmt=json","chan":"stdout","logger":"task"}
{"timestamp":"2025-12-05T00:16:14.156842Z","level":"info","event":"https://musicbrainz.org/ws/2/artist/d262ea27-3ffe-40f7-b922-85c42d625e67?inc=tags&fmt=json","chan":"stdout","logger":"task"}
{"timestamp":"2025-12-05T00:16:15.279964Z","level":"info","event":"{'name': 'Jamie Foxx', 'id': '7LnaAXbDVIL75IVPnndf7w', 'url': 'https://open.spotify.com/artist/7LnaAXbDVIL75IVPnndf7w'}","chan":"stdout","logger":"task"}
{"timestamp":"2025-12-05T00:16:15.282000Z","level":"info","event":"https://musicbrainz.org/ws/2/url?resource=https://open.spotify.com/artist/7LnaAXbDVIL75IVPnndf7w&inc=artist-rels&fmt=json","chan":"stdout","logger":"task"}
{"timestamp":"2025-12-05T00:16:15.394271Z","level":"info","event":"https://musicbrainz.org/ws/2/artist/15a5da16-8b89-4047-aefe-81473c97b5b2?inc=tags&fmt=json","chan":"stdout","logger":"task"}
{"timestamp":"2025-12-05T00:16:16.513693Z","level":"info","event":"{'name': 'Justin Timberlake', 'id': '31TPClRtHm23RisEBtV3X7', 'url': 'https://open.spotify.com/artist/31TPClRtHm23RisEBtV3X7'}","chan":"stdout","logger":"task"}
{"timestamp":"2025-12-05T00:16:16.515386Z","level":"info","event":"https://musicbrainz.org/ws/2/url?resource=https://open.spotify.com/artist/31TPClRtHm23RisEBtV3X7&inc=artist-rels&fmt=json","chan":"stdout","logger":"task"}
{"timestamp":"2025-12-05T00:16:16.647191Z","level":"info","event":"https://musicbrainz.org/ws/2/artist/596ffa74-3d08-44ef-b113-765d43d12738?inc=tags&fmt=json","chan":"stdout","logger":"task"}
{"timestamp":"2025-12-05T00:16:17.823443Z","level":"info","event":"{'name': 'Jason Aldean', 'id': '3FfvYsEGaIb52QPXhg4DcH', 'url': 'https://open.spotify.com/artist/3FfvYsEGaIb52QPXhg4DcH'}","chan":"stdout","logger":"task"}
{"timestamp":"2025-12-05T00:16:17.826065Z","level":"info","event":"https://musicbrainz.org/ws/2/url?resource=https://open.spotify.com/artist/3FfvYsEGaIb52QPXhg4DcH&inc=artist-rels&fmt=json","chan":"stdout","logger":"task"}
{"timestamp":"2025-12-05T00:16:17.950467Z","level":"info","event":"https://musicbrainz.org/ws/2/artist/f24df11a-7e35-4979-a4db-a3b2a170ce27?inc=tags&fmt=json","chan":"stdout","logger":"task"}
{"timestamp":"2025-12-05T00:16:19.090928Z","level":"info","event":"{'name': 'Clay Walker', 'id': '4MPkNgar5uTd8Sqvrr7par', 'url': 'https://open.spotify.com/artist/4MPkNgar5uTd8Sqvrr7par'}","chan":"stdout","logger":"task"}
{"timestamp":"2025-12-05T00:16:19.091596Z","level":"info","event":"https://musicbrainz.org/ws/2/url?resource=https://open.spotify.com/artist/4MPkNgar5uTd8Sqvrr7par&inc=artist-rels&fmt=json","chan":"stdout","logger":"task"}
{"timestamp":"2025-12-05T00:16:19.208253Z","level":"info","event":"https://musicbrainz.org/ws/2/artist/961eb4d5-df1a-4959-a6fb-039278927ac4?inc=tags&fmt=json","chan":"stdout","logger":"task"}
{"timestamp":"2025-12-05T00:16:20.320545Z","level":"info","event":"{'name': 'Joe Nichols', 'id': '4aJTB79uwT4sP0Nb8QGWHc', 'url': 'https://open.spotify.com/artist/4aJTB79uwT4sP0Nb8QGWHc'}","chan":"stdout","logger":"task"}
{"timestamp":"2025-12-05T00:16:20.322460Z","level":"info","event":"https://musicbrainz.org/ws/2/url?resource=https://open.spotify.com/artist/4aJTB79uwT4sP0Nb8QGWHc&inc=artist-rels&fmt=json","chan":"stdout","logger":"task"}
{"timestamp":"2025-12-05T00:16:20.460400Z","level":"info","event":"https://musicbrainz.org/ws/2/artist/e45692e4-69f6-4493-888b-7ab89d21d0a4?inc=tags&fmt=json","chan":"stdout","logger":"task"}
{"timestamp":"2025-12-05T00:16:21.575603Z","level":"info","event":"{'name': 'David Guetta', 'id': '1Cs0zKBU1kc0i8ypK3B9ai', 'url': 'https://open.spotify.com/artist/1Cs0zKBU1kc0i8ypK3B9ai'}","chan":"stdout","logger":"task"}
{"timestamp":"2025-12-05T00:16:21.579315Z","level":"info","event":"https://musicbrainz.org/ws/2/url?resource=https://open.spotify.com/artist/1Cs0zKBU1kc0i8ypK3B9ai&inc=artist-rels&fmt=json","chan":"stdout","logger":"task"}
{"timestamp":"2025-12-05T00:16:21.701342Z","level":"info","event":"https://musicbrainz.org/ws/2/artist/302bd7b9-d012-4360-897a-93b00c855680?inc=tags&fmt=json","chan":"stdout","logger":"task"}
{"timestamp":"2025-12-05T00:16:21.812183Z","level":"info","event":"Rate limit hit. Retrying in 1s...","chan":"stdout","logger":"task"}
{"timestamp":"2025-12-05T00:16:23.945797Z","level":"info","event":"{'name': 'Chris Willis', 'id': '2qSEpijpT3YSXgxcXac1ly', 'url': 'https://open.spotify.com/artist/2qSEpijpT3YSXgxcXac1ly'}","chan":"stdout","logger":"task"}
{"timestamp":"2025-12-05T00:16:23.951324Z","level":"info","event":"https://musicbrainz.org/ws/2/url?resource=https://open.spotify.com/artist/2qSEpijpT3YSXgxcXac1ly&inc=artist-rels&fmt=json","chan":"stdout","logger":"task"}
{"timestamp":"2025-12-05T00:16:24.063633Z","level":"info","event":"https://musicbrainz.org/ws/2/artist/9871f931-c64a-4c09-b090-d1ce25b2c073?inc=tags&fmt=json","chan":"stdout","logger":"task"}
{"timestamp":"2025-12-05T00:16:25.266620Z","level":"info","event":"{'name': 'Fergie', 'id': '3r17AfJCCUqC9Lf0OAc73G', 'url': 'https://open.spotify.com/artist/3r17AfJCCUqC9Lf0OAc73G'}","chan":"stdout","logger":"task"}
{"timestamp":"2025-12-05T00:16:25.267051Z","level":"info","event":"https://musicbrainz.org/ws/2/url?resource=https://open.spotify.com/artist/3r17AfJCCUqC9Lf0OAc73G&inc=artist-rels&fmt=json","chan":"stdout","logger":"task"}
{"timestamp":"2025-12-05T00:16:25.383389Z","level":"info","event":"https://musicbrainz.org/ws/2/artist/1c46e82f-4764-4d82-a33b-5d5aee5e2881?inc=tags&fmt=json","chan":"stdout","logger":"task"}
{"timestamp":"2025-12-05T00:16:26.582644Z","level":"info","event":"{'name': 'LMFAO', 'id': '3sgFRtyBnxXD5ESfmbK4dl', 'url': 'https://open.spotify.com/artist/3sgFRtyBnxXD5ESfmbK4dl'}","chan":"stdout","logger":"task"}
{"timestamp":"2025-12-05T00:16:26.583203Z","level":"info","event":"https://musicbrainz.org/ws/2/url?resource=https://open.spotify.com/artist/3sgFRtyBnxXD5ESfmbK4dl&inc=artist-rels&fmt=json","chan":"stdout","logger":"task"}
{"timestamp":"2025-12-05T00:16:26.693708Z","level":"info","event":"https://musicbrainz.org/ws/2/artist/ed5d9086-e8cd-473a-b96c-d81ad6c98f0d?inc=tags&fmt=json","chan":"stdout","logger":"task"}
{"timestamp":"2025-12-05T00:16:27.839031Z","level":"info","event":"{'name': 'Diddy - Dirty Money', 'id': '2QYEvpsWUOjqaYuxDPTCmV', 'url': 'https://open.spotify.com/artist/2QYEvpsWUOjqaYuxDPTCmV'}","chan":"stdout","logger":"task"}
{"timestamp":"2025-12-05T00:16:27.840312Z","level":"info","event":"https://musicbrainz.org/ws/2/url?resource=https://open.spotify.com/artist/2QYEvpsWUOjqaYuxDPTCmV&inc=artist-rels&fmt=json","chan":"stdout","logger":"task"}
{"timestamp":"2025-12-05T00:16:27.995803Z","level":"info","event":"HTTP 404: Not Found","chan":"stdout","logger":"task"}
{"timestamp":"2025-12-05T00:16:27.995988Z","level":"info","event":"unable to get mbid for https://open.spotify.com/artist/2QYEvpsWUOjqaYuxDPTCmV","chan":"stdout","logger":"task"}
{"timestamp":"2025-12-05T00:16:29.003560Z","level":"info","event":"{'name': 'Rick Ross', 'id': '1sBkRIssrMs1AbVkOJbc7a', 'url': 'https://open.spotify.com/artist/1sBkRIssrMs1AbVkOJbc7a'}","chan":"stdout","logger":"task"}
{"timestamp":"2025-12-05T00:16:29.010970Z","level":"info","event":"https://musicbrainz.org/ws/2/url?resource=https://open.spotify.com/artist/1sBkRIssrMs1AbVkOJbc7a&inc=artist-rels&fmt=json","chan":"stdout","logger":"task"}
{"timestamp":"2025-12-05T00:16:29.121801Z","level":"info","event":"https://musicbrainz.org/ws/2/artist/13bcb2bb-db37-4397-baf5-e0f085be2d64?inc=tags&fmt=json","chan":"stdout","logger":"task"}
{"timestamp":"2025-12-05T00:16:30.234154Z","level":"info","event":"{'name': 'Colbie Caillat', 'id': '6aZyMrc4doVtZyKNilOmwu', 'url': 'https://open.spotify.com/artist/6aZyMrc4doVtZyKNilOmwu'}","chan":"stdout","logger":"task"}
{"timestamp":"2025-12-05T00:16:30.235168Z","level":"info","event":"https://musicbrainz.org/ws/2/url?resource=https://open.spotify.com/artist/6aZyMrc4doVtZyKNilOmwu&inc=artist-rels&fmt=json","chan":"stdout","logger":"task"}
{"timestamp":"2025-12-05T00:16:30.346685Z","level":"info","event":"https://musicbrainz.org/ws/2/artist/efc8a006-d0c6-4a9b-8cb1-91ca770fa2b9?inc=tags&fmt=json","chan":"stdout","logger":"task"}
{"timestamp":"2025-12-05T00:16:31.466109Z","level":"info","event":"{'name': 'Chris Young', 'id': '4BYxqVkZyFjtik7crYLg5Q', 'url': 'https://open.spotify.com/artist/4BYxqVkZyFjtik7crYLg5Q'}","chan":"stdout","logger":"task"}
{"timestamp":"2025-12-05T00:16:31.468503Z","level":"info","event":"https://musicbrainz.org/ws/2/url?resource=https://open.spotify.com/artist/4BYxqVkZyFjtik7crYLg5Q&inc=artist-rels&fmt=json","chan":"stdout","logger":"task"}
{"timestamp":"2025-12-05T00:16:31.586533Z","level":"info","event":"https://musicbrainz.org/ws/2/artist/86de027e-097d-41b1-9b97-c0a69379ff4b?inc=tags&fmt=json","chan":"stdout","logger":"task"}
{"timestamp":"2025-12-05T00:16:32.715347Z","level":"info","event":"{'name': 'Lee Brice', 'id': '5Zq7R5qmi58ByYyBQTlNuk', 'url': 'https://open.spotify.com/artist/5Zq7R5qmi58ByYyBQTlNuk'}","chan":"stdout","logger":"task"}
{"timestamp":"2025-12-05T00:16:32.722355Z","level":"info","event":"https://musicbrainz.org/ws/2/url?resource=https://open.spotify.com/artist/5Zq7R5qmi58ByYyBQTlNuk&inc=artist-rels&fmt=json","chan":"stdout","logger":"task"}
{"timestamp":"2025-12-05T00:16:32.846925Z","level":"info","event":"https://musicbrainz.org/ws/2/artist/48a6d065-1fda-4280-ae39-df1394d419cd?inc=tags&fmt=json","chan":"stdout","logger":"task"}
{"timestamp":"2025-12-05T00:16:34.220358Z","level":"info","event":"{'name': 'Jack Johnson', 'id': '3GBPw9NK25X1Wt2OUvOwY3', 'url': 'https://open.spotify.com/artist/3GBPw9NK25X1Wt2OUvOwY3'}","chan":"stdout","logger":"task"}
{"timestamp":"2025-12-05T00:16:34.226862Z","level":"info","event":"https://musicbrainz.org/ws/2/url?resource=https://open.spotify.com/artist/3GBPw9NK25X1Wt2OUvOwY3&inc=artist-rels&fmt=json","chan":"stdout","logger":"task"}
{"timestamp":"2025-12-05T00:16:34.456239Z","level":"info","event":"https://musicbrainz.org/ws/2/artist/ff6e677f-91dd-4986-a174-8db0474b1799?inc=tags&fmt=json","chan":"stdout","logger":"task"}
{"timestamp":"2025-12-05T00:16:35.687092Z","level":"info","event":"{'name': 'Zac Brown Band', 'id': '6yJCxee7QumYr820xdIsjo', 'url': 'https://open.spotify.com/artist/6yJCxee7QumYr820xdIsjo'}","chan":"stdout","logger":"task"}
{"timestamp":"2025-12-05T00:16:35.687564Z","level":"info","event":"https://musicbrainz.org/ws/2/url?resource=https://open.spotify.com/artist/6yJCxee7QumYr820xdIsjo&inc=artist-rels&fmt=json","chan":"stdout","logger":"task"}
{"timestamp":"2025-12-05T00:16:35.794218Z","level":"info","event":"https://musicbrainz.org/ws/2/artist/507226f4-0842-4f43-950e-81a7017230ec?inc=tags&fmt=json","chan":"stdout","logger":"task"}
{"timestamp":"2025-12-05T00:16:36.905427Z","level":"info","event":"{'name': 'Glee Cast', 'id': '0SCbttzoZTnLFebDYmAWCm', 'url': 'https://open.spotify.com/artist/0SCbttzoZTnLFebDYmAWCm'}","chan":"stdout","logger":"task"}
{"timestamp":"2025-12-05T00:16:36.907553Z","level":"info","event":"https://musicbrainz.org/ws/2/url?resource=https://open.spotify.com/artist/0SCbttzoZTnLFebDYmAWCm&inc=artist-rels&fmt=json","chan":"stdout","logger":"task"}
{"timestamp":"2025-12-05T00:16:37.062793Z","level":"info","event":"https://musicbrainz.org/ws/2/artist/29542149-a818-4167-aa91-439adc9d61f5?inc=tags&fmt=json","chan":"stdout","logger":"task"}
{"timestamp":"2025-12-05T00:16:38.183044Z","level":"info","event":"{'name': 'Idina Menzel', 'id': '73Np75Wv2tju61Eo9Zw4IR', 'url': 'https://open.spotify.com/artist/73Np75Wv2tju61Eo9Zw4IR'}","chan":"stdout","logger":"task"}
{"timestamp":"2025-12-05T00:16:38.183952Z","level":"info","event":"https://musicbrainz.org/ws/2/url?resource=https://open.spotify.com/artist/73Np75Wv2tju61Eo9Zw4IR&inc=artist-rels&fmt=json","chan":"stdout","logger":"task"}
{"timestamp":"2025-12-05T00:16:38.303173Z","level":"info","event":"https://musicbrainz.org/ws/2/artist/929ca8c3-5df3-4fe9-bc59-f8d603780bce?inc=tags&fmt=json","chan":"stdout","logger":"task"}
{"timestamp":"2025-12-05T00:16:39.491977Z","level":"info","event":"{'name': 'Ciara', 'id': '2NdeV5rLm47xAvogXrYhJX', 'url': 'https://open.spotify.com/artist/2NdeV5rLm47xAvogXrYhJX'}","chan":"stdout","logger":"task"}
{"timestamp":"2025-12-05T00:16:39.493894Z","level":"info","event":"https://musicbrainz.org/ws/2/url?resource=https://open.spotify.com/artist/2NdeV5rLm47xAvogXrYhJX&inc=artist-rels&fmt=json","chan":"stdout","logger":"task"}
{"timestamp":"2025-12-05T00:16:39.607880Z","level":"info","event":"https://musicbrainz.org/ws/2/artist/03172286-f7ed-4864-a4db-459cd5ca9790?inc=tags&fmt=json","chan":"stdout","logger":"task"}
{"timestamp":"2025-12-05T00:16:40.724525Z","level":"info","event":"{'name': 'Lee DeWyze', 'id': '1KNNZV9twnpQBqyUoGvWA6', 'url': 'https://open.spotify.com/artist/1KNNZV9twnpQBqyUoGvWA6'}","chan":"stdout","logger":"task"}
{"timestamp":"2025-12-05T00:16:40.726016Z","level":"info","event":"https://musicbrainz.org/ws/2/url?resource=https://open.spotify.com/artist/1KNNZV9twnpQBqyUoGvWA6&inc=artist-rels&fmt=json","chan":"stdout","logger":"task"}
{"timestamp":"2025-12-05T00:16:40.910082Z","level":"info","event":"HTTP 404: Not Found","chan":"stdout","logger":"task"}
{"timestamp":"2025-12-05T00:16:40.910795Z","level":"info","event":"unable to get mbid for https://open.spotify.com/artist/1KNNZV9twnpQBqyUoGvWA6","chan":"stdout","logger":"task"}
{"timestamp":"2025-12-05T00:16:41.911971Z","level":"info","event":"{'name': 'Trey Songz', 'id': '2iojnBLj0qIMiKPvVhLnsH', 'url': 'https://open.spotify.com/artist/2iojnBLj0qIMiKPvVhLnsH'}","chan":"stdout","logger":"task"}
{"timestamp":"2025-12-05T00:16:41.912507Z","level":"info","event":"https://musicbrainz.org/ws/2/url?resource=https://open.spotify.com/artist/2iojnBLj0qIMiKPvVhLnsH&inc=artist-rels&fmt=json","chan":"stdout","logger":"task"}
{"timestamp":"2025-12-05T00:16:42.030574Z","level":"info","event":"https://musicbrainz.org/ws/2/artist/4d7304f6-7fe3-4959-9d98-01a5af84afe6?inc=tags&fmt=json","chan":"stdout","logger":"task"}
{"timestamp":"2025-12-05T00:16:43.147313Z","level":"info","event":"{'name': 'Lloyd Banks', 'id': '3vDUJHQtqT3jFRZ2ECXDTi', 'url': 'https://open.spotify.com/artist/3vDUJHQtqT3jFRZ2ECXDTi'}","chan":"stdout","logger":"task"}
{"timestamp":"2025-12-05T00:16:43.149801Z","level":"info","event":"https://musicbrainz.org/ws/2/url?resource=https://open.spotify.com/artist/3vDUJHQtqT3jFRZ2ECXDTi&inc=artist-rels&fmt=json","chan":"stdout","logger":"task"}
{"timestamp":"2025-12-05T00:16:43.264708Z","level":"info","event":"https://musicbrainz.org/ws/2/artist/8a6ccf62-b8fa-46d7-87df-f2dd14e6280d?inc=tags&fmt=json","chan":"stdout","logger":"task"}
{"timestamp":"2025-12-05T00:16:44.382496Z","level":"info","event":"{'name': 'Juelz Santana', 'id': '6Uh8uJyN9g7oFjDK16nJgb', 'url': 'https://open.spotify.com/artist/6Uh8uJyN9g7oFjDK16nJgb'}","chan":"stdout","logger":"task"}
{"timestamp":"2025-12-05T00:16:44.383841Z","level":"info","event":"https://musicbrainz.org/ws/2/url?resource=https://open.spotify.com/artist/6Uh8uJyN9g7oFjDK16nJgb&inc=artist-rels&fmt=json","chan":"stdout","logger":"task"}
{"timestamp":"2025-12-05T00:16:44.504583Z","level":"info","event":"https://musicbrainz.org/ws/2/artist/bea235a0-db63-44b1-881e-264d25791f5a?inc=tags&fmt=json","chan":"stdout","logger":"task"}
{"timestamp":"2025-12-05T00:16:45.700033Z","level":"info","event":"{'name': 'Martina McBride', 'id': '3P33qFNGBVXl86yQYWspFj', 'url': 'https://open.spotify.com/artist/3P33qFNGBVXl86yQYWspFj'}","chan":"stdout","logger":"task"}
{"timestamp":"2025-12-05T00:16:45.701208Z","level":"info","event":"https://musicbrainz.org/ws/2/url?resource=https://open.spotify.com/artist/3P33qFNGBVXl86yQYWspFj&inc=artist-rels&fmt=json","chan":"stdout","logger":"task"}
{"timestamp":"2025-12-05T00:16:45.824977Z","level":"info","event":"https://musicbrainz.org/ws/2/artist/b0a55bd8-60c7-45c1-b78e-f20e4c8adba1?inc=tags&fmt=json","chan":"stdout","logger":"task"}
{"timestamp":"2025-12-05T00:16:46.954335Z","level":"info","event":"{'name': 'Cali Swag District', 'id': '1EeArivTpzLNCqubV95255', 'url': 'https://open.spotify.com/artist/1EeArivTpzLNCqubV95255'}","chan":"stdout","logger":"task"}
{"timestamp":"2025-12-05T00:16:46.955064Z","level":"info","event":"https://musicbrainz.org/ws/2/url?resource=https://open.spotify.com/artist/1EeArivTpzLNCqubV95255&inc=artist-rels&fmt=json","chan":"stdout","logger":"task"}
{"timestamp":"2025-12-05T00:16:47.075968Z","level":"info","event":"HTTP 404: Not Found","chan":"stdout","logger":"task"}
{"timestamp":"2025-12-05T00:16:47.076243Z","level":"info","event":"unable to get mbid for https://open.spotify.com/artist/1EeArivTpzLNCqubV95255","chan":"stdout","logger":"task"}
{"timestamp":"2025-12-05T00:16:48.083106Z","level":"info","event":"{'name': 'Rascal Flatts', 'id': '0a1gHP0HAqALbEyxaD5Ngn', 'url': 'https://open.spotify.com/artist/0a1gHP0HAqALbEyxaD5Ngn'}","chan":"stdout","logger":"task"}
{"timestamp":"2025-12-05T00:16:48.084640Z","level":"info","event":"https://musicbrainz.org/ws/2/url?resource=https://open.spotify.com/artist/0a1gHP0HAqALbEyxaD5Ngn&inc=artist-rels&fmt=json","chan":"stdout","logger":"task"}
{"timestamp":"2025-12-05T00:16:48.208528Z","level":"info","event":"https://musicbrainz.org/ws/2/artist/6e0ae159-8449-4262-bba5-18ec87fa529f?inc=tags&fmt=json","chan":"stdout","logger":"task"}
{"timestamp":"2025-12-05T00:16:49.327673Z","level":"info","event":"{'name': 'Billy Currington', 'id': '1By9QBFnjZAoI83BZppHlt', 'url': 'https://open.spotify.com/artist/1By9QBFnjZAoI83BZppHlt'}","chan":"stdout","logger":"task"}
{"timestamp":"2025-12-05T00:16:49.328333Z","level":"info","event":"https://musicbrainz.org/ws/2/url?resource=https://open.spotify.com/artist/1By9QBFnjZAoI83BZppHlt&inc=artist-rels&fmt=json","chan":"stdout","logger":"task"}
{"timestamp":"2025-12-05T00:16:49.478228Z","level":"info","event":"https://musicbrainz.org/ws/2/artist/dbf94c49-0dd9-4f72-85d5-f548beb453f6?inc=tags&fmt=json","chan":"stdout","logger":"task"}
{"timestamp":"2025-12-05T00:16:50.709210Z","level":"info","event":"{'name': 'Reba McEntire', 'id': '02rd0anEWfMtF7iMku9uor', 'url': 'https://open.spotify.com/artist/02rd0anEWfMtF7iMku9uor'}","chan":"stdout","logger":"task"}
{"timestamp":"2025-12-05T00:16:50.710374Z","level":"info","event":"https://musicbrainz.org/ws/2/url?resource=https://open.spotify.com/artist/02rd0anEWfMtF7iMku9uor&inc=artist-rels&fmt=json","chan":"stdout","logger":"task"}
{"timestamp":"2025-12-05T00:16:50.821762Z","level":"info","event":"https://musicbrainz.org/ws/2/artist/3ec17e85-9284-4f4c-8831-4e56c2354cdb?inc=tags&fmt=json","chan":"stdout","logger":"task"}
{"timestamp":"2025-12-05T00:16:51.932377Z","level":"info","event":"{'name': 'Paramore', 'id': '74XFHRwlV6OrjEM0A2NCMF', 'url': 'https://open.spotify.com/artist/74XFHRwlV6OrjEM0A2NCMF'}","chan":"stdout","logger":"task"}
{"timestamp":"2025-12-05T00:16:51.933028Z","level":"info","event":"https://musicbrainz.org/ws/2/url?resource=https://open.spotify.com/artist/74XFHRwlV6OrjEM0A2NCMF&inc=artist-rels&fmt=json","chan":"stdout","logger":"task"}
{"timestamp":"2025-12-05T00:16:52.135835Z","level":"info","event":"https://musicbrainz.org/ws/2/artist/44cf61b8-5197-448a-b82b-cef6ee89fac5?inc=tags&fmt=json","chan":"stdout","logger":"task"}
{"timestamp":"2025-12-05T00:16:53.293061Z","level":"info","event":"{'name': 'Iyaz', 'id': '5tKXB9uuebKE34yowVaU3C', 'url': 'https://open.spotify.com/artist/5tKXB9uuebKE34yowVaU3C'}","chan":"stdout","logger":"task"}
{"timestamp":"2025-12-05T00:16:53.297590Z","level":"info","event":"https://musicbrainz.org/ws/2/url?resource=https://open.spotify.com/artist/5tKXB9uuebKE34yowVaU3C&inc=artist-rels&fmt=json","chan":"stdout","logger":"task"}
{"timestamp":"2025-12-05T00:16:53.424811Z","level":"info","event":"https://musicbrainz.org/ws/2/artist/3bf30073-ce4e-4207-88d2-ad83677b0387?inc=tags&fmt=json","chan":"stdout","logger":"task"}
{"timestamp":"2025-12-05T00:16:54.547339Z","level":"info","event":"{'name': 'Steel Magnolia', 'id': '7sbNNaQTulMUEWxL5aDTiT', 'url': 'https://open.spotify.com/artist/7sbNNaQTulMUEWxL5aDTiT'}","chan":"stdout","logger":"task"}
{"timestamp":"2025-12-05T00:16:54.547648Z","level":"info","event":"https://musicbrainz.org/ws/2/url?resource=https://open.spotify.com/artist/7sbNNaQTulMUEWxL5aDTiT&inc=artist-rels&fmt=json","chan":"stdout","logger":"task"}
{"timestamp":"2025-12-05T00:16:54.729423Z","level":"info","event":"HTTP 404: Not Found","chan":"stdout","logger":"task"}
{"timestamp":"2025-12-05T00:16:54.729669Z","level":"info","event":"unable to get mbid for https://open.spotify.com/artist/7sbNNaQTulMUEWxL5aDTiT","chan":"stdout","logger":"task"}
{"timestamp":"2025-12-05T00:16:55.730914Z","level":"info","event":"{'name': 'Monica', 'id': '6nzxy2wXs6tLgzEtqOkEi2', 'url': 'https://open.spotify.com/artist/6nzxy2wXs6tLgzEtqOkEi2'}","chan":"stdout","logger":"task"}
{"timestamp":"2025-12-05T00:16:55.731899Z","level":"info","event":"https://musicbrainz.org/ws/2/url?resource=https://open.spotify.com/artist/6nzxy2wXs6tLgzEtqOkEi2&inc=artist-rels&fmt=json","chan":"stdout","logger":"task"}
{"timestamp":"2025-12-05T00:16:55.837121Z","level":"info","event":"https://musicbrainz.org/ws/2/artist/af84073d-3b6d-4390-9d3f-bf65a91c824f?inc=tags&fmt=json","chan":"stdout","logger":"task"}
{"timestamp":"2025-12-05T00:16:56.945907Z","level":"info","event":"{'name': 'Keith Urban', 'id': '0u2FHSq3ln94y5Q57xazwf', 'url': 'https://open.spotify.com/artist/0u2FHSq3ln94y5Q57xazwf'}","chan":"stdout","logger":"task"}
{"timestamp":"2025-12-05T00:16:56.946283Z","level":"info","event":"https://musicbrainz.org/ws/2/url?resource=https://open.spotify.com/artist/0u2FHSq3ln94y5Q57xazwf&inc=artist-rels&fmt=json","chan":"stdout","logger":"task"}
{"timestamp":"2025-12-05T00:16:57.065020Z","level":"info","event":"https://musicbrainz.org/ws/2/artist/f45da029-7b00-4bf3-962c-0eeb20309cc4?inc=tags&fmt=json","chan":"stdout","logger":"task"}
{"timestamp":"2025-12-05T00:16:58.184885Z","level":"info","event":"{'name': 'P!nk', 'id': '1KCSPY1glIKqW2TotWuXOR', 'url': 'https://open.spotify.com/artist/1KCSPY1glIKqW2TotWuXOR'}","chan":"stdout","logger":"task"}
{"timestamp":"2025-12-05T00:16:58.188986Z","level":"info","event":"https://musicbrainz.org/ws/2/url?resource=https://open.spotify.com/artist/1KCSPY1glIKqW2TotWuXOR&inc=artist-rels&fmt=json","chan":"stdout","logger":"task"}
{"timestamp":"2025-12-05T00:16:58.406190Z","level":"info","event":"https://musicbrainz.org/ws/2/artist/f4d5cc07-3bc9-4836-9b15-88a08359bc63?inc=tags&fmt=json","chan":"stdout","logger":"task"}
{"timestamp":"2025-12-05T00:16:59.616476Z","level":"info","event":"{'name': 'Little Big Town', 'id': '3CygdxquGHurS7f9LjNLkv', 'url': 'https://open.spotify.com/artist/3CygdxquGHurS7f9LjNLkv'}","chan":"stdout","logger":"task"}
{"timestamp":"2025-12-05T00:16:59.616787Z","level":"info","event":"https://musicbrainz.org/ws/2/url?resource=https://open.spotify.com/artist/3CygdxquGHurS7f9LjNLkv&inc=artist-rels&fmt=json","chan":"stdout","logger":"task"}
{"timestamp":"2025-12-05T00:16:59.790797Z","level":"info","event":"https://musicbrainz.org/ws/2/artist/76e78b58-f301-4975-8058-7f84d8360738?inc=tags&fmt=json","chan":"stdout","logger":"task"}
{"timestamp":"2025-12-05T00:17:00.966913Z","level":"info","event":"{'name': 'V V Brown', 'id': '39ZHUueufhIdbW4yu9uODG', 'url': 'https://open.spotify.com/artist/39ZHUueufhIdbW4yu9uODG'}","chan":"stdout","logger":"task"}
{"timestamp":"2025-12-05T00:17:00.967902Z","level":"info","event":"https://musicbrainz.org/ws/2/url?resource=https://open.spotify.com/artist/39ZHUueufhIdbW4yu9uODG&inc=artist-rels&fmt=json","chan":"stdout","logger":"task"}
{"timestamp":"2025-12-05T00:17:01.124528Z","level":"info","event":"HTTP 404: Not Found","chan":"stdout","logger":"task"}
{"timestamp":"2025-12-05T00:17:01.124783Z","level":"info","event":"unable to get mbid for https://open.spotify.com/artist/39ZHUueufhIdbW4yu9uODG","chan":"stdout","logger":"task"}
{"timestamp":"2025-12-05T00:17:02.127417Z","level":"info","event":"{'name': 'Gyptian', 'id': '2JX4h8xm0hNxCB0aNBWzyi', 'url': 'https://open.spotify.com/artist/2JX4h8xm0hNxCB0aNBWzyi'}","chan":"stdout","logger":"task"}
{"timestamp":"2025-12-05T00:17:02.132040Z","level":"info","event":"https://musicbrainz.org/ws/2/url?resource=https://open.spotify.com/artist/2JX4h8xm0hNxCB0aNBWzyi&inc=artist-rels&fmt=json","chan":"stdout","logger":"task"}
{"timestamp":"2025-12-05T00:17:02.357204Z","level":"info","event":"https://musicbrainz.org/ws/2/artist/c70a1a51-caf3-4667-b956-11e27a00fe37?inc=tags&fmt=json","chan":"stdout","logger":"task"}
{"timestamp":"2025-12-05T00:17:03.575312Z","level":"info","event":"{'name': 'Young Money', 'id': '5OrB6Jhhrl9y2PK0pSV4VP', 'url': 'https://open.spotify.com/artist/5OrB6Jhhrl9y2PK0pSV4VP'}","chan":"stdout","logger":"task"}
{"timestamp":"2025-12-05T00:17:03.576892Z","level":"info","event":"https://musicbrainz.org/ws/2/url?resource=https://open.spotify.com/artist/5OrB6Jhhrl9y2PK0pSV4VP&inc=artist-rels&fmt=json","chan":"stdout","logger":"task"}
{"timestamp":"2025-12-05T00:17:03.696752Z","level":"info","event":"https://musicbrainz.org/ws/2/artist/3ba45541-87be-4631-896b-d148b7f70f00?inc=tags&fmt=json","chan":"stdout","logger":"task"}
{"timestamp":"2025-12-05T00:17:04.809111Z","level":"info","event":"{'name': 'Neon Trees', 'id': '0RpddSzUHfncUWNJXKOsjy', 'url': 'https://open.spotify.com/artist/0RpddSzUHfncUWNJXKOsjy'}","chan":"stdout","logger":"task"}
{"timestamp":"2025-12-05T00:17:04.809494Z","level":"info","event":"https://musicbrainz.org/ws/2/url?resource=https://open.spotify.com/artist/0RpddSzUHfncUWNJXKOsjy&inc=artist-rels&fmt=json","chan":"stdout","logger":"task"}
{"timestamp":"2025-12-05T00:17:05.021512Z","level":"info","event":"https://musicbrainz.org/ws/2/artist/16243662-8538-4746-a0fb-0d15b5828b8e?inc=tags&fmt=json","chan":"stdout","logger":"task"}
{"timestamp":"2025-12-05T00:17:06.175386Z","level":"info","event":"Fetching audio details for 97 songs...","chan":"stdout","logger":"task"}
{"timestamp":"2025-12-05T00:17:06.176776Z","level":"info","event":"  Fetching batch 1/3 (40 songs)...","chan":"stdout","logger":"task"}
{"timestamp":"2025-12-05T00:17:07.264501Z","level":"info","event":"  Retrieved 31 song details","chan":"stdout","logger":"task"}
{"timestamp":"2025-12-05T00:17:09.281099Z","level":"info","event":"  Fetching batch 2/3 (40 songs)...","chan":"stdout","logger":"task"}
{"timestamp":"2025-12-05T00:17:10.278968Z","level":"info","event":"  Retrieved 34 song details","chan":"stdout","logger":"task"}
{"timestamp":"2025-12-05T00:17:12.286525Z","level":"info","event":"  Fetching batch 3/3 (17 songs)...","chan":"stdout","logger":"task"}
{"timestamp":"2025-12-05T00:17:13.186479Z","level":"info","event":"  Retrieved 12 song details","chan":"stdout","logger":"task"}
{"timestamp":"2025-12-05T00:17:13.186749Z","level":"info","event":"Fetching audio analysis for 77 songs...","chan":"stdout","logger":"task"}
{"timestamp":"2025-12-05T00:17:24.344543Z","level":"info","event":"  Processing audio analysis 10/77...","chan":"stdout","logger":"task"}
{"timestamp":"2025-12-05T00:17:35.860691Z","level":"info","event":"  Processing audio analysis 20/77...","chan":"stdout","logger":"task"}
{"timestamp":"2025-12-05T00:17:47.283829Z","level":"info","event":"  Processing audio analysis 30/77...","chan":"stdout","logger":"task"}
{"timestamp":"2025-12-05T00:17:57.315342Z","level":"info","event":"  Processing audio analysis 40/77...","chan":"stdout","logger":"task"}
{"timestamp":"2025-12-05T00:18:07.010718Z","level":"info","event":"  Processing audio analysis 50/77...","chan":"stdout","logger":"task"}
{"timestamp":"2025-12-05T00:18:16.266277Z","level":"info","event":"  Processing audio analysis 60/77...","chan":"stdout","logger":"task"}
{"timestamp":"2025-12-05T00:18:26.606104Z","level":"info","event":"  Processing audio analysis 70/77...","chan":"stdout","logger":"task"}
{"timestamp":"2025-12-05T00:18:35.515391Z","level":"info","event":"Completed fetching audio details for 77 songs","chan":"stdout","logger":"task"}
{"timestamp":"2025-12-05T00:18:35.553622Z","level":"info","event":"DEBUG: DATABASE_URL value: postgresql+psycopg2:****@postgres/music_warehouse","chan":"stdout","logger":"task"}
{"timestamp":"2025-12-05T00:18:35.606858Z","level":"info","event":"TYPE OF ENGINE: <class 'sqlalchemy.engine.base.Engine'>","chan":"stdout","logger":"task"}
{"timestamp":"2025-12-05T00:18:35.607229Z","level":"info","event":"ENGINE DIR: ['__class__', '__delattr__', '__dict__', '__dir__', '__doc__', '__eq__', '__format__', '__ge__', '__getattribute__', '__getstate__', '__gt__', '__hash__', '__init__', '__init_subclass__', '__le__', '__lt__', '__module__', '__ne__', '__new__', '__reduce__', '__reduce_ex__', '__repr__', '__setattr__', '__sizeof__', '__str__', '__subclasshook__', '__weakref__', '_compiled_cache', '_connection_cls', '_echo', '_execute_clauseelement', '_execute_compiled', '_execute_default', '_execution_options', '_has_events', '_is_future', '_lru_size_alert', '_option_cls', '_optional_conn_ctx_manager', '_run_ddl_visitor', '_run_visitor', '_schema_translate_map', '_should_log_debug', '_should_log_info', '_sqla_logger_namespace', '_trans_ctx', '_wrap_pool_connect', 'begin', 'clear_compiled_cache', 'connect', 'dialect', 'dispatch', 'dispose', 'driver', 'echo', 'engine', 'execute', 'execution_options', 'get_execution_options', 'has_table', 'hide_parameters', 'logger', 'logging_name', 'name', 'pool', 'raw_connection', 'run_callable', 'scalar', 'table_names', 'transaction', 'update_execution_options', 'url']","chan":"stdout","logger":"task"}
{"timestamp":"2025-12-05T00:18:35.607385Z","level":"info","event":"IS SQLALCHEMY ENGINE: True","chan":"stdout","logger":"task"}
{"timestamp":"2025-12-05T00:18:35.607544Z","level":"info","event":"Database connection successful","chan":"stdout","logger":"task"}
{"timestamp":"2025-12-05T00:18:35.607628Z","level":"info","event":"Loading chart_weeks (1 rows)...","chan":"stdout","logger":"task"}
{"timestamp":"2025-12-05T00:18:35.634409Z","level":"info","event":"  Exported CSV to data_exports/chart_weeks.csv","chan":"stdout","logger":"task"}
{"timestamp":"2025-12-05T00:18:35.635523Z","level":"info","event":"Loading songs (97 rows)...","chan":"stdout","logger":"task"}
{"timestamp":"2025-12-05T00:18:35.650893Z","level":"info","event":"  Exported CSV to data_exports/songs.csv","chan":"stdout","logger":"task"}
{"timestamp":"2025-12-05T00:18:35.651495Z","level":"info","event":"Loading artists (93 rows)...","chan":"stdout","logger":"task"}
{"timestamp":"2025-12-05T00:18:35.656563Z","level":"info","event":"  Exported CSV to data_exports/artists.csv","chan":"stdout","logger":"task"}
{"timestamp":"2025-12-05T00:18:35.657100Z","level":"info","event":"Loading song_artists (131 rows)...","chan":"stdout","logger":"task"}
{"timestamp":"2025-12-05T00:18:35.661354Z","level":"info","event":"  Exported CSV to data_exports/song_artists.csv","chan":"stdout","logger":"task"}
{"timestamp":"2025-12-05T00:18:35.662022Z","level":"info","event":"Loading chart_entries (100 rows)...","chan":"stdout","logger":"task"}
{"timestamp":"2025-12-05T00:18:35.675826Z","level":"info","event":"  Exported CSV to data_exports/chart_entries.csv","chan":"stdout","logger":"task"}
{"timestamp":"2025-12-05T00:18:35.674526","level":"info","event":"Done. Returned value was: None","logger":"airflow.task.operators.airflow.providers.standard.operators.python.PythonOperator"}
{"timestamp":"2025-12-05T00:18:35.735342Z","level":"info","event":"Task instance in success state","chan":"stdout","logger":"task"}
{"timestamp":"2025-12-05T00:18:35.737323Z","level":"info","event":" Previous state of the Task instance: TaskInstanceState.RUNNING","chan":"stdout","logger":"task"}
{"timestamp":"2025-12-05T00:18:35.737467Z","level":"info","event":"Task operator:<Task(PythonOperator): load_music_data>","chan":"stdout","logger":"task"}
