{"timestamp":"2025-12-06T04:19:37.550941","level":"info","event":"DAG bundles loaded: dags-folder, example_dags","logger":"airflow.dag_processing.bundles.manager.DagBundlesManager"}
{"timestamp":"2025-12-06T04:19:37.551211","level":"info","event":"Filling up the DagBag from /opt/airflow/dags/music_load_dag.py","logger":"airflow.models.dagbag.DagBag"}
{"timestamp":"2025-12-06T04:19:37.633537Z","level":"info","event":"postgresql+psycopg2://airflow:airflow@postgres/airflow","chan":"stdout","logger":"task"}
{"timestamp":"2025-12-06T04:19:37.668418Z","level":"info","event":"Task instance is in running state","chan":"stdout","logger":"task"}
{"timestamp":"2025-12-06T04:19:37.669092Z","level":"info","event":" Previous state of the Task instance: TaskInstanceState.QUEUED","chan":"stdout","logger":"task"}
{"timestamp":"2025-12-06T04:19:37.669526Z","level":"info","event":"Current task name:load_music_data","chan":"stdout","logger":"task"}
{"timestamp":"2025-12-06T04:19:37.669772Z","level":"info","event":"Dag name:weekly_music_pipeline","chan":"stdout","logger":"task"}
{"timestamp":"2025-12-06T04:19:51.895513Z","level":"info","event":"  Searching Spotify for 100 songs...","chan":"stdout","logger":"task"}
{"timestamp":"2025-12-06T04:19:51.897289Z","level":"info","event":"  Processing song 1/100: We Are Never Ever Getting Back Together by Taylor Swift","chan":"stdout","logger":"task"}
{"timestamp":"2025-12-06T04:19:53.193483Z","level":"info","event":"1","chan":"stdout","logger":"task"}
{"timestamp":"2025-12-06T04:19:54.754370Z","level":"info","event":"2","chan":"stdout","logger":"task"}
{"timestamp":"2025-12-06T04:19:56.012440Z","level":"info","event":"3","chan":"stdout","logger":"task"}
{"timestamp":"2025-12-06T04:19:57.358217Z","level":"info","event":"4","chan":"stdout","logger":"task"}
{"timestamp":"2025-12-06T04:19:58.295425Z","level":"info","event":"5","chan":"stdout","logger":"task"}
{"timestamp":"2025-12-06T04:19:59.305388Z","level":"info","event":"6","chan":"stdout","logger":"task"}
{"timestamp":"2025-12-06T04:20:00.187170Z","level":"info","event":"Network error getting access token: HTTPSConnectionPool(host='accounts.spotify.com', port=443): Max retries exceeded with url: /api/token (Caused by SSLError(SSLEOFError(8, '[SSL: UNEXPECTED_EOF_WHILE_READING] EOF occurred in violation of protocol (_ssl.c:1010)'))). Retrying in 1s (attempt 1/3)...","chan":"stdout","logger":"task"}
{"timestamp":"2025-12-06T04:20:01.975490Z","level":"info","event":"7","chan":"stdout","logger":"task"}
{"timestamp":"2025-12-06T04:20:02.749308Z","level":"info","event":"8","chan":"stdout","logger":"task"}
{"timestamp":"2025-12-06T04:20:03.683338Z","level":"info","event":"9","chan":"stdout","logger":"task"}
{"timestamp":"2025-12-06T04:20:03.683746Z","level":"info","event":"  Processing song 10/100: Titanium by David Guetta Featuring Sia","chan":"stdout","logger":"task"}
{"timestamp":"2025-12-06T04:20:04.474106Z","level":"info","event":"10","chan":"stdout","logger":"task"}
{"timestamp":"2025-12-06T04:20:05.152168Z","level":"info","event":"11","chan":"stdout","logger":"task"}
{"timestamp":"2025-12-06T04:20:05.789655Z","level":"info","event":"12","chan":"stdout","logger":"task"}
{"timestamp":"2025-12-06T04:33:30.044314Z","level":"info","event":"13","chan":"stdout","logger":"task"}
{"timestamp":"2025-12-06T04:33:31.269134Z","level":"info","event":"14","chan":"stdout","logger":"task"}
{"timestamp":"2025-12-06T04:33:32.100760Z","level":"info","event":"15","chan":"stdout","logger":"task"}
{"timestamp":"2025-12-06T04:33:33.207657Z","level":"info","event":"16","chan":"stdout","logger":"task"}
