{"timestamp":"2025-12-06T16:35:55.336660","level":"info","event":"DAG bundles loaded: dags-folder, example_dags","logger":"airflow.dag_processing.bundles.manager.DagBundlesManager"}
{"timestamp":"2025-12-06T16:35:55.337487","level":"info","event":"Filling up the DagBag from /opt/airflow/dags/music_load_dag.py","logger":"airflow.models.dagbag.DagBag"}
{"timestamp":"2025-12-06T16:35:56.138473Z","level":"info","event":"postgresql+psycopg2://airflow:airflow@postgres/airflow","chan":"stdout","logger":"task"}
{"timestamp":"2025-12-06T16:35:56.222692Z","level":"info","event":"Task instance is in running state","chan":"stdout","logger":"task"}
{"timestamp":"2025-12-06T16:35:56.222860Z","level":"info","event":" Previous state of the Task instance: TaskInstanceState.QUEUED","chan":"stdout","logger":"task"}
{"timestamp":"2025-12-06T16:35:56.226258Z","level":"info","event":"Current task name:load_music_data","chan":"stdout","logger":"task"}
{"timestamp":"2025-12-06T16:35:56.226423Z","level":"info","event":"Dag name:weekly_music_pipeline","chan":"stdout","logger":"task"}
{"timestamp":"2025-12-06T16:36:24.850517Z","level":"info","event":"  Searching Spotify for 100 songs...","chan":"stdout","logger":"task"}
{"timestamp":"2025-12-06T16:36:24.853954Z","level":"info","event":"  Processing song 1/100: Diamonds by Rihanna","chan":"stdout","logger":"task"}
{"timestamp":"2025-12-06T16:36:25.726992Z","level":"info","event":"1","chan":"stdout","logger":"task"}
{"timestamp":"2025-12-06T16:36:26.466548Z","level":"info","event":"2","chan":"stdout","logger":"task"}
{"timestamp":"2025-12-06T16:36:27.199133Z","level":"info","event":"3","chan":"stdout","logger":"task"}
{"timestamp":"2025-12-06T16:36:27.996383Z","level":"info","event":"4","chan":"stdout","logger":"task"}
{"timestamp":"2025-12-06T16:36:28.648684Z","level":"info","event":"5","chan":"stdout","logger":"task"}
{"timestamp":"2025-12-06T16:36:29.478528Z","level":"info","event":"6","chan":"stdout","logger":"task"}
{"timestamp":"2025-12-06T16:36:30.122321Z","level":"info","event":"7","chan":"stdout","logger":"task"}
{"timestamp":"2025-12-06T16:36:30.832336Z","level":"info","event":"8","chan":"stdout","logger":"task"}
{"timestamp":"2025-12-06T16:36:31.514071Z","level":"info","event":"9","chan":"stdout","logger":"task"}
{"timestamp":"2025-12-06T16:36:31.515601Z","level":"info","event":"  Processing song 10/100: Gangnam Style by PSY","chan":"stdout","logger":"task"}
{"timestamp":"2025-12-06T16:36:32.141720Z","level":"info","event":"10","chan":"stdout","logger":"task"}
{"timestamp":"2025-12-06T16:36:32.845695Z","level":"info","event":"11","chan":"stdout","logger":"task"}
{"timestamp":"2025-12-06T16:36:33.811869Z","level":"info","event":"12","chan":"stdout","logger":"task"}
{"timestamp":"2025-12-06T16:36:34.496986Z","level":"info","event":"13","chan":"stdout","logger":"task"}
{"timestamp":"2025-12-06T16:36:35.369199Z","level":"info","event":"14","chan":"stdout","logger":"task"}
{"timestamp":"2025-12-06T16:36:36.162014Z","level":"info","event":"15","chan":"stdout","logger":"task"}
{"timestamp":"2025-12-06T16:36:36.990475Z","level":"info","event":"16","chan":"stdout","logger":"task"}
{"timestamp":"2025-12-06T16:36:37.804180Z","level":"info","event":"17","chan":"stdout","logger":"task"}
{"timestamp":"2025-12-06T16:36:38.513985Z","level":"info","event":"18","chan":"stdout","logger":"task"}
{"timestamp":"2025-12-06T16:36:39.284416Z","level":"info","event":"19","chan":"stdout","logger":"task"}
{"timestamp":"2025-12-06T16:36:39.285034Z","level":"info","event":"  Processing song 20/100: Try by P!nk","chan":"stdout","logger":"task"}
{"timestamp":"2025-12-06T16:36:40.038310Z","level":"info","event":"20","chan":"stdout","logger":"task"}
{"timestamp":"2025-12-06T16:36:40.735523Z","level":"info","event":"21","chan":"stdout","logger":"task"}
{"timestamp":"2025-12-06T16:36:41.684008Z","level":"info","event":"22","chan":"stdout","logger":"task"}
{"timestamp":"2025-12-06T16:36:42.420210Z","level":"info","event":"23","chan":"stdout","logger":"task"}
{"timestamp":"2025-12-06T16:36:43.186526Z","level":"info","event":"24","chan":"stdout","logger":"task"}
{"timestamp":"2025-12-06T16:36:43.895452Z","level":"info","event":"25","chan":"stdout","logger":"task"}
{"timestamp":"2025-12-06T16:36:44.557448Z","level":"info","event":"26","chan":"stdout","logger":"task"}
{"timestamp":"2025-12-06T16:36:45.213802Z","level":"info","event":"27","chan":"stdout","logger":"task"}
{"timestamp":"2025-12-06T16:36:46.015783Z","level":"info","event":"28","chan":"stdout","logger":"task"}
{"timestamp":"2025-12-06T16:36:46.761066Z","level":"info","event":"29","chan":"stdout","logger":"task"}
{"timestamp":"2025-12-06T16:36:46.762272Z","level":"info","event":"  Processing song 30/100: Blow Me (One Last Kiss) by P!nk","chan":"stdout","logger":"task"}
{"timestamp":"2025-12-06T16:36:47.513151Z","level":"info","event":"30","chan":"stdout","logger":"task"}
{"timestamp":"2025-12-06T16:36:48.248149Z","level":"info","event":"31","chan":"stdout","logger":"task"}
{"timestamp":"2025-12-06T16:36:48.904506Z","level":"info","event":"32","chan":"stdout","logger":"task"}
{"timestamp":"2025-12-06T16:36:49.566307Z","level":"info","event":"33","chan":"stdout","logger":"task"}
{"timestamp":"2025-12-06T16:36:50.337863Z","level":"info","event":"34","chan":"stdout","logger":"task"}
{"timestamp":"2025-12-06T16:36:51.022193Z","level":"info","event":"35","chan":"stdout","logger":"task"}
{"timestamp":"2025-12-06T16:36:51.716780Z","level":"info","event":"36","chan":"stdout","logger":"task"}
{"timestamp":"2025-12-06T16:36:52.491951Z","level":"info","event":"37","chan":"stdout","logger":"task"}
{"timestamp":"2025-12-06T16:36:53.405519Z","level":"info","event":"38","chan":"stdout","logger":"task"}
{"timestamp":"2025-12-06T16:36:54.152499Z","level":"info","event":"39","chan":"stdout","logger":"task"}
{"timestamp":"2025-12-06T16:36:54.153793Z","level":"info","event":"  Processing song 40/100: Hall Of Fame by The Script Featuring will.i.am","chan":"stdout","logger":"task"}
{"timestamp":"2025-12-06T16:36:55.059281Z","level":"info","event":"40","chan":"stdout","logger":"task"}
{"timestamp":"2025-12-06T16:36:55.900730Z","level":"info","event":"41","chan":"stdout","logger":"task"}
{"timestamp":"2025-12-06T16:36:56.624065Z","level":"info","event":"42","chan":"stdout","logger":"task"}
{"timestamp":"2025-12-06T16:36:57.336698Z","level":"info","event":"43","chan":"stdout","logger":"task"}
{"timestamp":"2025-12-06T16:36:58.164200Z","level":"info","event":"44","chan":"stdout","logger":"task"}
{"timestamp":"2025-12-06T16:36:58.872865Z","level":"info","event":"45","chan":"stdout","logger":"task"}
{"timestamp":"2025-12-06T16:36:59.718768Z","level":"info","event":"46","chan":"stdout","logger":"task"}
{"timestamp":"2025-12-06T16:37:00.413165Z","level":"info","event":"47","chan":"stdout","logger":"task"}
{"timestamp":"2025-12-06T16:37:01.150559Z","level":"info","event":"48","chan":"stdout","logger":"task"}
{"timestamp":"2025-12-06T16:37:01.870488Z","level":"info","event":"49","chan":"stdout","logger":"task"}
{"timestamp":"2025-12-06T16:37:01.871285Z","level":"info","event":"  Processing song 50/100: Kiss Tomorrow Goodbye by Luke Bryan","chan":"stdout","logger":"task"}
{"timestamp":"2025-12-06T16:37:02.807577Z","level":"info","event":"50","chan":"stdout","logger":"task"}
{"timestamp":"2025-12-06T16:37:03.569431Z","level":"info","event":"51","chan":"stdout","logger":"task"}
{"timestamp":"2025-12-06T16:37:04.157962Z","level":"info","event":"52","chan":"stdout","logger":"task"}
{"timestamp":"2025-12-06T16:37:05.050140Z","level":"info","event":"53","chan":"stdout","logger":"task"}
{"timestamp":"2025-12-06T16:37:05.734214Z","level":"info","event":"54","chan":"stdout","logger":"task"}
{"timestamp":"2025-12-06T16:37:06.359506Z","level":"info","event":"55","chan":"stdout","logger":"task"}
{"timestamp":"2025-12-06T16:37:07.041668Z","level":"info","event":"56","chan":"stdout","logger":"task"}
{"timestamp":"2025-12-06T16:37:07.864839Z","level":"info","event":"57","chan":"stdout","logger":"task"}
{"timestamp":"2025-12-06T16:37:08.494972Z","level":"info","event":"58","chan":"stdout","logger":"task"}
{"timestamp":"2025-12-06T16:37:09.170718Z","level":"info","event":"59","chan":"stdout","logger":"task"}
{"timestamp":"2025-12-06T16:37:09.174022Z","level":"info","event":"  Processing song 60/100: Birthday Song by 2 Chainz Featuring Kanye West","chan":"stdout","logger":"task"}
{"timestamp":"2025-12-06T16:37:10.485495Z","level":"info","event":"60","chan":"stdout","logger":"task"}
{"timestamp":"2025-12-06T16:37:11.341821Z","level":"info","event":"61","chan":"stdout","logger":"task"}
{"timestamp":"2025-12-06T16:37:12.002846Z","level":"info","event":"62","chan":"stdout","logger":"task"}
{"timestamp":"2025-12-06T16:37:12.709292Z","level":"info","event":"63","chan":"stdout","logger":"task"}
{"timestamp":"2025-12-06T16:37:13.749988Z","level":"info","event":"64","chan":"stdout","logger":"task"}
{"timestamp":"2025-12-06T16:37:14.436922Z","level":"info","event":"65","chan":"stdout","logger":"task"}
{"timestamp":"2025-12-06T16:37:15.108753Z","level":"info","event":"66","chan":"stdout","logger":"task"}
{"timestamp":"2025-12-06T16:37:15.775346Z","level":"info","event":"67","chan":"stdout","logger":"task"}
{"timestamp":"2025-12-06T16:37:16.620910Z","level":"info","event":"68","chan":"stdout","logger":"task"}
{"timestamp":"2025-12-06T16:37:17.648172Z","level":"info","event":"69","chan":"stdout","logger":"task"}
{"timestamp":"2025-12-06T16:37:17.649022Z","level":"info","event":"  Processing song 70/100: Live While We're Young by One Direction","chan":"stdout","logger":"task"}
{"timestamp":"2025-12-06T16:37:18.239912Z","level":"info","event":"70","chan":"stdout","logger":"task"}
{"timestamp":"2025-12-06T16:37:19.074233Z","level":"info","event":"71","chan":"stdout","logger":"task"}
{"timestamp":"2025-12-06T16:37:19.772824Z","level":"info","event":"72","chan":"stdout","logger":"task"}
{"timestamp":"2025-12-06T16:37:20.621716Z","level":"info","event":"73","chan":"stdout","logger":"task"}
{"timestamp":"2025-12-06T16:37:21.258536Z","level":"info","event":"74","chan":"stdout","logger":"task"}
{"timestamp":"2025-12-06T16:37:21.950933Z","level":"info","event":"75","chan":"stdout","logger":"task"}
{"timestamp":"2025-12-06T16:37:22.602943Z","level":"info","event":"76","chan":"stdout","logger":"task"}
{"timestamp":"2025-12-06T16:37:23.209753Z","level":"info","event":"77","chan":"stdout","logger":"task"}
{"timestamp":"2025-12-06T16:37:23.890613Z","level":"info","event":"78","chan":"stdout","logger":"task"}
{"timestamp":"2025-12-06T16:37:24.526655Z","level":"info","event":"79","chan":"stdout","logger":"task"}
{"timestamp":"2025-12-06T16:37:24.528279Z","level":"info","event":"  Processing song 80/100: Turn On The Lights by Future","chan":"stdout","logger":"task"}
{"timestamp":"2025-12-06T16:37:25.427432Z","level":"info","event":"80","chan":"stdout","logger":"task"}
{"timestamp":"2025-12-06T16:37:26.132038Z","level":"info","event":"81","chan":"stdout","logger":"task"}
{"timestamp":"2025-12-06T16:37:26.811317Z","level":"info","event":"82","chan":"stdout","logger":"task"}
{"timestamp":"2025-12-06T16:37:27.474158Z","level":"info","event":"83","chan":"stdout","logger":"task"}
{"timestamp":"2025-12-06T16:37:28.107007Z","level":"info","event":"84","chan":"stdout","logger":"task"}
{"timestamp":"2025-12-06T16:37:28.842330Z","level":"info","event":"85","chan":"stdout","logger":"task"}
{"timestamp":"2025-12-06T16:37:29.730627Z","level":"info","event":"86","chan":"stdout","logger":"task"}
{"timestamp":"2025-12-06T16:37:30.379832Z","level":"info","event":"87","chan":"stdout","logger":"task"}
{"timestamp":"2025-12-06T16:37:31.112773Z","level":"info","event":"88","chan":"stdout","logger":"task"}
{"timestamp":"2025-12-06T16:37:31.846980Z","level":"info","event":"89","chan":"stdout","logger":"task"}
{"timestamp":"2025-12-06T16:37:31.853453Z","level":"info","event":"  Processing song 90/100: Celebration by Game Featuring Chris Brown, Tyga, Wiz Khalifa & Lil Wayne","chan":"stdout","logger":"task"}
{"timestamp":"2025-12-06T16:37:32.803716Z","level":"info","event":"90","chan":"stdout","logger":"task"}
{"timestamp":"2025-12-06T16:37:33.469663Z","level":"info","event":"91","chan":"stdout","logger":"task"}
{"timestamp":"2025-12-06T16:37:34.448192Z","level":"info","event":"92","chan":"stdout","logger":"task"}
{"timestamp":"2025-12-06T16:37:35.360223Z","level":"info","event":"93","chan":"stdout","logger":"task"}
{"timestamp":"2025-12-06T16:37:36.057415Z","level":"info","event":"94","chan":"stdout","logger":"task"}
{"timestamp":"2025-12-06T16:37:36.751274Z","level":"info","event":"95","chan":"stdout","logger":"task"}
{"timestamp":"2025-12-06T16:37:37.503483Z","level":"info","event":"96","chan":"stdout","logger":"task"}
{"timestamp":"2025-12-06T16:37:38.241829Z","level":"info","event":"97","chan":"stdout","logger":"task"}
{"timestamp":"2025-12-06T16:37:38.927631Z","level":"info","event":"98","chan":"stdout","logger":"task"}
{"timestamp":"2025-12-06T16:37:39.836787Z","level":"info","event":"99","chan":"stdout","logger":"task"}
{"timestamp":"2025-12-06T16:37:39.838861Z","level":"info","event":"  Processing song 100/100: Give It All We Got Tonight by George Strait","chan":"stdout","logger":"task"}
{"timestamp":"2025-12-06T16:37:40.673362Z","level":"info","event":"100","chan":"stdout","logger":"task"}
{"timestamp":"2025-12-06T16:37:40.675302Z","level":"info","event":"{'name': 'Rihanna', 'id': '5pKCCKE2ajJHZ9KAiaK11H', 'url': 'https://open.spotify.com/artist/5pKCCKE2ajJHZ9KAiaK11H'}","chan":"stdout","logger":"task"}
{"timestamp":"2025-12-06T16:37:40.675776Z","level":"info","event":"https://musicbrainz.org/ws/2/url?resource=https://open.spotify.com/artist/5pKCCKE2ajJHZ9KAiaK11H&inc=artist-rels&fmt=json","chan":"stdout","logger":"task"}
{"timestamp":"2025-12-06T16:37:41.050156Z","level":"info","event":"https://musicbrainz.org/ws/2/artist/73e5e69d-3554-40d8-8516-00cb38737a1c?inc=tags&fmt=json","chan":"stdout","logger":"task"}
{"timestamp":"2025-12-06T16:37:42.165228Z","level":"info","event":"{'name': 'Bruno Mars', 'id': '0du5cEVh5yTK9QJze8zA0C', 'url': 'https://open.spotify.com/artist/0du5cEVh5yTK9QJze8zA0C'}","chan":"stdout","logger":"task"}
{"timestamp":"2025-12-06T16:37:42.166414Z","level":"info","event":"https://musicbrainz.org/ws/2/url?resource=https://open.spotify.com/artist/0du5cEVh5yTK9QJze8zA0C&inc=artist-rels&fmt=json","chan":"stdout","logger":"task"}
{"timestamp":"2025-12-06T16:37:42.285869Z","level":"info","event":"https://musicbrainz.org/ws/2/artist/afb680f2-b6eb-4cd7-a70b-a63b25c763d5?inc=tags&fmt=json","chan":"stdout","logger":"task"}
{"timestamp":"2025-12-06T16:37:43.398720Z","level":"info","event":"{'name': 'Kesha', 'id': '6LqNN22kT3074XbTVUrhzX', 'url': 'https://open.spotify.com/artist/6LqNN22kT3074XbTVUrhzX'}","chan":"stdout","logger":"task"}
{"timestamp":"2025-12-06T16:37:43.399568Z","level":"info","event":"https://musicbrainz.org/ws/2/url?resource=https://open.spotify.com/artist/6LqNN22kT3074XbTVUrhzX&inc=artist-rels&fmt=json","chan":"stdout","logger":"task"}
{"timestamp":"2025-12-06T16:37:43.531832Z","level":"info","event":"https://musicbrainz.org/ws/2/artist/fab34286-b8e1-4879-bce3-194e1358fbd2?inc=tags&fmt=json","chan":"stdout","logger":"task"}
{"timestamp":"2025-12-06T16:37:44.647779Z","level":"info","event":"{'name': 'Maroon 5', 'id': '04gDigrS5kc9YWfZHwBETP', 'url': 'https://open.spotify.com/artist/04gDigrS5kc9YWfZHwBETP'}","chan":"stdout","logger":"task"}
{"timestamp":"2025-12-06T16:37:44.649793Z","level":"info","event":"https://musicbrainz.org/ws/2/url?resource=https://open.spotify.com/artist/04gDigrS5kc9YWfZHwBETP&inc=artist-rels&fmt=json","chan":"stdout","logger":"task"}
{"timestamp":"2025-12-06T16:37:44.767158Z","level":"info","event":"https://musicbrainz.org/ws/2/artist/0ab49580-c84f-44d4-875f-d83760ea2cfe?inc=tags&fmt=json","chan":"stdout","logger":"task"}
{"timestamp":"2025-12-06T16:37:45.884344Z","level":"info","event":"{'name': 'The Lumineers', 'id': '16oZKvXb6WkQlVAjwo2Wbg', 'url': 'https://open.spotify.com/artist/16oZKvXb6WkQlVAjwo2Wbg'}","chan":"stdout","logger":"task"}
{"timestamp":"2025-12-06T16:37:45.885159Z","level":"info","event":"https://musicbrainz.org/ws/2/url?resource=https://open.spotify.com/artist/16oZKvXb6WkQlVAjwo2Wbg&inc=artist-rels&fmt=json","chan":"stdout","logger":"task"}
{"timestamp":"2025-12-06T16:37:46.005151Z","level":"info","event":"https://musicbrainz.org/ws/2/artist/bfcb6630-9b31-4e63-b11f-7b0363be72b5?inc=tags&fmt=json","chan":"stdout","logger":"task"}
{"timestamp":"2025-12-06T16:37:47.119461Z","level":"info","event":"{'name': 'fun.', 'id': '5nCi3BB41mBaMH9gfr6Su0', 'url': 'https://open.spotify.com/artist/5nCi3BB41mBaMH9gfr6Su0'}","chan":"stdout","logger":"task"}
{"timestamp":"2025-12-06T16:37:47.120345Z","level":"info","event":"https://musicbrainz.org/ws/2/url?resource=https://open.spotify.com/artist/5nCi3BB41mBaMH9gfr6Su0&inc=artist-rels&fmt=json","chan":"stdout","logger":"task"}
{"timestamp":"2025-12-06T16:37:47.253878Z","level":"info","event":"https://musicbrainz.org/ws/2/artist/136c4166-85b3-4994-aa04-59857c434199?inc=tags&fmt=json","chan":"stdout","logger":"task"}
{"timestamp":"2025-12-06T16:37:48.370724Z","level":"info","event":"{'name': 'Phillip Phillips', 'id': '6p5JxpTc7USNnBnLzctyd4', 'url': 'https://open.spotify.com/artist/6p5JxpTc7USNnBnLzctyd4'}","chan":"stdout","logger":"task"}
{"timestamp":"2025-12-06T16:37:48.371097Z","level":"info","event":"https://musicbrainz.org/ws/2/url?resource=https://open.spotify.com/artist/6p5JxpTc7USNnBnLzctyd4&inc=artist-rels&fmt=json","chan":"stdout","logger":"task"}
{"timestamp":"2025-12-06T16:37:48.489732Z","level":"info","event":"https://musicbrainz.org/ws/2/artist/838483d3-a803-4194-9754-ad634fba8553?inc=tags&fmt=json","chan":"stdout","logger":"task"}
{"timestamp":"2025-12-06T16:37:49.611781Z","level":"info","event":"{'name': 'Flo Rida', 'id': '0jnsk9HBra6NMjO2oANoPY', 'url': 'https://open.spotify.com/artist/0jnsk9HBra6NMjO2oANoPY'}","chan":"stdout","logger":"task"}
{"timestamp":"2025-12-06T16:37:49.612862Z","level":"info","event":"https://musicbrainz.org/ws/2/url?resource=https://open.spotify.com/artist/0jnsk9HBra6NMjO2oANoPY&inc=artist-rels&fmt=json","chan":"stdout","logger":"task"}
{"timestamp":"2025-12-06T16:37:49.727991Z","level":"info","event":"https://musicbrainz.org/ws/2/artist/4593d49a-7f67-46ba-9ec0-126bd676286f?inc=tags&fmt=json","chan":"stdout","logger":"task"}
{"timestamp":"2025-12-06T16:37:49.842907Z","level":"info","event":"Rate limit hit. Retrying in 1s...","chan":"stdout","logger":"task"}
{"timestamp":"2025-12-06T16:37:50.953661Z","level":"info","event":"Rate limit hit. Retrying in 2s...","chan":"stdout","logger":"task"}
{"timestamp":"2025-12-06T16:37:54.121761Z","level":"info","event":"{'name': 'Ne-Yo', 'id': '21E3waRsmPlU7jZsS13rcj', 'url': 'https://open.spotify.com/artist/21E3waRsmPlU7jZsS13rcj'}","chan":"stdout","logger":"task"}
{"timestamp":"2025-12-06T16:37:54.127513Z","level":"info","event":"https://musicbrainz.org/ws/2/url?resource=https://open.spotify.com/artist/21E3waRsmPlU7jZsS13rcj&inc=artist-rels&fmt=json","chan":"stdout","logger":"task"}
{"timestamp":"2025-12-06T16:37:54.237599Z","level":"info","event":"https://musicbrainz.org/ws/2/artist/a4a01f5d-18e7-4571-8c3a-76ec0e24e2d7?inc=tags&fmt=json","chan":"stdout","logger":"task"}
{"timestamp":"2025-12-06T16:37:55.361451Z","level":"info","event":"{'name': 'PSY', 'id': '2dd5mrQZvg6SmahdgVKDzh', 'url': 'https://open.spotify.com/artist/2dd5mrQZvg6SmahdgVKDzh'}","chan":"stdout","logger":"task"}
{"timestamp":"2025-12-06T16:37:55.362021Z","level":"info","event":"https://musicbrainz.org/ws/2/url?resource=https://open.spotify.com/artist/2dd5mrQZvg6SmahdgVKDzh&inc=artist-rels&fmt=json","chan":"stdout","logger":"task"}
{"timestamp":"2025-12-06T16:37:55.477754Z","level":"info","event":"https://musicbrainz.org/ws/2/artist/f99b7d67-4e63-4678-aa66-4c6ac0f7d24a?inc=tags&fmt=json","chan":"stdout","logger":"task"}
{"timestamp":"2025-12-06T16:37:56.597509Z","level":"info","event":"{'name': 'Alicia Keys', 'id': '3DiDSECUqqY1AuBP8qtaIa', 'url': 'https://open.spotify.com/artist/3DiDSECUqqY1AuBP8qtaIa'}","chan":"stdout","logger":"task"}
{"timestamp":"2025-12-06T16:37:56.600231Z","level":"info","event":"https://musicbrainz.org/ws/2/url?resource=https://open.spotify.com/artist/3DiDSECUqqY1AuBP8qtaIa&inc=artist-rels&fmt=json","chan":"stdout","logger":"task"}
{"timestamp":"2025-12-06T16:37:56.715355Z","level":"info","event":"https://musicbrainz.org/ws/2/artist/8ef1df30-ae4f-4dbd-9351-1a32b208a01e?inc=tags&fmt=json","chan":"stdout","logger":"task"}
{"timestamp":"2025-12-06T16:37:57.834450Z","level":"info","event":"{'name': 'will.i.am', 'id': '085pc2PYOi8bGKj0PNjekA', 'url': 'https://open.spotify.com/artist/085pc2PYOi8bGKj0PNjekA'}","chan":"stdout","logger":"task"}
{"timestamp":"2025-12-06T16:37:57.841442Z","level":"info","event":"https://musicbrainz.org/ws/2/url?resource=https://open.spotify.com/artist/085pc2PYOi8bGKj0PNjekA&inc=artist-rels&fmt=json","chan":"stdout","logger":"task"}
{"timestamp":"2025-12-06T16:37:57.967197Z","level":"info","event":"https://musicbrainz.org/ws/2/artist/d574c9bd-46f6-440a-8d6a-8412a283eeb1?inc=tags&fmt=json","chan":"stdout","logger":"task"}
{"timestamp":"2025-12-06T16:37:59.078702Z","level":"info","event":"{'name': 'Britney Spears', 'id': '26dSoYclwsYLMAKD3tpOr4', 'url': 'https://open.spotify.com/artist/26dSoYclwsYLMAKD3tpOr4'}","chan":"stdout","logger":"task"}
{"timestamp":"2025-12-06T16:37:59.079676Z","level":"info","event":"https://musicbrainz.org/ws/2/url?resource=https://open.spotify.com/artist/26dSoYclwsYLMAKD3tpOr4&inc=artist-rels&fmt=json","chan":"stdout","logger":"task"}
{"timestamp":"2025-12-06T16:37:59.228928Z","level":"info","event":"https://musicbrainz.org/ws/2/artist/45a663b5-b1cb-4a91-bff6-2bef7bbfdd76?inc=tags&fmt=json","chan":"stdout","logger":"task"}
{"timestamp":"2025-12-06T16:38:00.402103Z","level":"info","event":"{'name': 'Alex Clare', 'id': '5Tf4EH8tDvznnjULcFxkIl', 'url': 'https://open.spotify.com/artist/5Tf4EH8tDvznnjULcFxkIl'}","chan":"stdout","logger":"task"}
{"timestamp":"2025-12-06T16:38:00.403478Z","level":"info","event":"https://musicbrainz.org/ws/2/url?resource=https://open.spotify.com/artist/5Tf4EH8tDvznnjULcFxkIl&inc=artist-rels&fmt=json","chan":"stdout","logger":"task"}
{"timestamp":"2025-12-06T16:38:00.519446Z","level":"info","event":"https://musicbrainz.org/ws/2/artist/e8c8a3c3-29b6-421e-b977-fb6796231d41?inc=tags&fmt=json","chan":"stdout","logger":"task"}
{"timestamp":"2025-12-06T16:38:01.629264Z","level":"info","event":"{'name': 'Justin Bieber', 'id': '1uNFoZAHBGtllmzznpCI3s', 'url': 'https://open.spotify.com/artist/1uNFoZAHBGtllmzznpCI3s'}","chan":"stdout","logger":"task"}
{"timestamp":"2025-12-06T16:38:01.629791Z","level":"info","event":"https://musicbrainz.org/ws/2/url?resource=https://open.spotify.com/artist/1uNFoZAHBGtllmzznpCI3s&inc=artist-rels&fmt=json","chan":"stdout","logger":"task"}
{"timestamp":"2025-12-06T16:38:01.749805Z","level":"info","event":"https://musicbrainz.org/ws/2/artist/e0140a67-e4d1-4f13-8a01-364355bee46e?inc=tags&fmt=json","chan":"stdout","logger":"task"}
{"timestamp":"2025-12-06T16:38:02.887080Z","level":"info","event":"{'name': 'Nicki Minaj', 'id': '0hCNtLu0JehylgoiP8L4Gh', 'url': 'https://open.spotify.com/artist/0hCNtLu0JehylgoiP8L4Gh'}","chan":"stdout","logger":"task"}
{"timestamp":"2025-12-06T16:38:02.897933Z","level":"info","event":"https://musicbrainz.org/ws/2/url?resource=https://open.spotify.com/artist/0hCNtLu0JehylgoiP8L4Gh&inc=artist-rels&fmt=json","chan":"stdout","logger":"task"}
{"timestamp":"2025-12-06T16:38:03.023078Z","level":"info","event":"Rate limit hit. Retrying in 1s...","chan":"stdout","logger":"task"}
{"timestamp":"2025-12-06T16:38:04.156048Z","level":"info","event":"https://musicbrainz.org/ws/2/artist/1036b808-f58c-4a3e-b461-a2c4492ecf1b?inc=tags&fmt=json","chan":"stdout","logger":"task"}
{"timestamp":"2025-12-06T16:38:05.277602Z","level":"info","event":"{'name': 'Taylor Swift', 'id': '06HL4z0CvFAxyc27GXpf02', 'url': 'https://open.spotify.com/artist/06HL4z0CvFAxyc27GXpf02'}","chan":"stdout","logger":"task"}
{"timestamp":"2025-12-06T16:38:05.280683Z","level":"info","event":"https://musicbrainz.org/ws/2/url?resource=https://open.spotify.com/artist/06HL4z0CvFAxyc27GXpf02&inc=artist-rels&fmt=json","chan":"stdout","logger":"task"}
{"timestamp":"2025-12-06T16:38:05.391964Z","level":"info","event":"https://musicbrainz.org/ws/2/artist/20244d07-534f-4eff-b4d4-930878889970?inc=tags&fmt=json","chan":"stdout","logger":"task"}
{"timestamp":"2025-12-06T16:38:06.527466Z","level":"info","event":"{'name': 'Florida Georgia Line', 'id': '3b8QkneNDz4JHKKKlLgYZg', 'url': 'https://open.spotify.com/artist/3b8QkneNDz4JHKKKlLgYZg'}","chan":"stdout","logger":"task"}
{"timestamp":"2025-12-06T16:38:06.527958Z","level":"info","event":"https://musicbrainz.org/ws/2/url?resource=https://open.spotify.com/artist/3b8QkneNDz4JHKKKlLgYZg&inc=artist-rels&fmt=json","chan":"stdout","logger":"task"}
{"timestamp":"2025-12-06T16:38:06.644506Z","level":"info","event":"https://musicbrainz.org/ws/2/artist/c16817df-0160-490d-a437-c128cbca9218?inc=tags&fmt=json","chan":"stdout","logger":"task"}
{"timestamp":"2025-12-06T16:38:07.760675Z","level":"info","event":"{'name': 'Kendrick Lamar', 'id': '2YZyLoL8N0Wb9xBt1NhZWg', 'url': 'https://open.spotify.com/artist/2YZyLoL8N0Wb9xBt1NhZWg'}","chan":"stdout","logger":"task"}
{"timestamp":"2025-12-06T16:38:07.761149Z","level":"info","event":"https://musicbrainz.org/ws/2/url?resource=https://open.spotify.com/artist/2YZyLoL8N0Wb9xBt1NhZWg&inc=artist-rels&fmt=json","chan":"stdout","logger":"task"}
{"timestamp":"2025-12-06T16:38:07.874485Z","level":"info","event":"https://musicbrainz.org/ws/2/artist/381086ea-f511-4aba-bdf9-71c753dc5077?inc=tags&fmt=json","chan":"stdout","logger":"task"}
{"timestamp":"2025-12-06T16:38:08.985763Z","level":"info","event":"{'name': 'Kanye West', 'id': '5K4W6rqBFWDnAN6FQUkS6x', 'url': 'https://open.spotify.com/artist/5K4W6rqBFWDnAN6FQUkS6x'}","chan":"stdout","logger":"task"}
{"timestamp":"2025-12-06T16:38:08.989222Z","level":"info","event":"https://musicbrainz.org/ws/2/url?resource=https://open.spotify.com/artist/5K4W6rqBFWDnAN6FQUkS6x&inc=artist-rels&fmt=json","chan":"stdout","logger":"task"}
{"timestamp":"2025-12-06T16:38:09.105031Z","level":"info","event":"https://musicbrainz.org/ws/2/artist/164f0d73-1234-4e2c-8743-d77bf2191051?inc=tags&fmt=json","chan":"stdout","logger":"task"}
{"timestamp":"2025-12-06T16:38:10.213317Z","level":"info","event":"{'name': 'JAY-Z', 'id': '3nFkdlSjzX9mRTtwJOzDYB', 'url': 'https://open.spotify.com/artist/3nFkdlSjzX9mRTtwJOzDYB'}","chan":"stdout","logger":"task"}
{"timestamp":"2025-12-06T16:38:10.215315Z","level":"info","event":"https://musicbrainz.org/ws/2/url?resource=https://open.spotify.com/artist/3nFkdlSjzX9mRTtwJOzDYB&inc=artist-rels&fmt=json","chan":"stdout","logger":"task"}
{"timestamp":"2025-12-06T16:38:10.335050Z","level":"info","event":"https://musicbrainz.org/ws/2/artist/f82bcf78-5b69-4622-a5ef-73800768d9ac?inc=tags&fmt=json","chan":"stdout","logger":"task"}
{"timestamp":"2025-12-06T16:38:11.443321Z","level":"info","event":"{'name': 'Big Sean', 'id': '0c173mlxpT3dSFRgMO8XPh', 'url': 'https://open.spotify.com/artist/0c173mlxpT3dSFRgMO8XPh'}","chan":"stdout","logger":"task"}
{"timestamp":"2025-12-06T16:38:11.446438Z","level":"info","event":"https://musicbrainz.org/ws/2/url?resource=https://open.spotify.com/artist/0c173mlxpT3dSFRgMO8XPh&inc=artist-rels&fmt=json","chan":"stdout","logger":"task"}
{"timestamp":"2025-12-06T16:38:11.582412Z","level":"info","event":"https://musicbrainz.org/ws/2/artist/942a9807-9c1a-4a0e-a285-1fde2c5be9d1?inc=tags&fmt=json","chan":"stdout","logger":"task"}
{"timestamp":"2025-12-06T16:38:12.693203Z","level":"info","event":"{'name': 'Miguel', 'id': '360IAlyVv4PCEVjgyMZrxK', 'url': 'https://open.spotify.com/artist/360IAlyVv4PCEVjgyMZrxK'}","chan":"stdout","logger":"task"}
{"timestamp":"2025-12-06T16:38:12.694231Z","level":"info","event":"https://musicbrainz.org/ws/2/url?resource=https://open.spotify.com/artist/360IAlyVv4PCEVjgyMZrxK&inc=artist-rels&fmt=json","chan":"stdout","logger":"task"}
{"timestamp":"2025-12-06T16:38:12.811306Z","level":"info","event":"https://musicbrainz.org/ws/2/artist/285e1285-aecc-478f-a8da-0c8cf69e1217?inc=tags&fmt=json","chan":"stdout","logger":"task"}
{"timestamp":"2025-12-06T16:38:12.916319Z","level":"info","event":"Rate limit hit. Retrying in 1s...","chan":"stdout","logger":"task"}
{"timestamp":"2025-12-06T16:38:14.050637Z","level":"info","event":"Rate limit hit. Retrying in 2s...","chan":"stdout","logger":"task"}
{"timestamp":"2025-12-06T16:38:17.176177Z","level":"info","event":"{'name': 'P!nk', 'id': '1KCSPY1glIKqW2TotWuXOR', 'url': 'https://open.spotify.com/artist/1KCSPY1glIKqW2TotWuXOR'}","chan":"stdout","logger":"task"}
{"timestamp":"2025-12-06T16:38:17.177128Z","level":"info","event":"https://musicbrainz.org/ws/2/url?resource=https://open.spotify.com/artist/1KCSPY1glIKqW2TotWuXOR&inc=artist-rels&fmt=json","chan":"stdout","logger":"task"}
{"timestamp":"2025-12-06T16:38:17.296612Z","level":"info","event":"https://musicbrainz.org/ws/2/artist/f4d5cc07-3bc9-4836-9b15-88a08359bc63?inc=tags&fmt=json","chan":"stdout","logger":"task"}
{"timestamp":"2025-12-06T16:38:18.414026Z","level":"info","event":"{'name': 'Swedish House Mafia', 'id': '1h6Cn3P4NGzXbaXidqURXs', 'url': 'https://open.spotify.com/artist/1h6Cn3P4NGzXbaXidqURXs'}","chan":"stdout","logger":"task"}
{"timestamp":"2025-12-06T16:38:18.415298Z","level":"info","event":"https://musicbrainz.org/ws/2/url?resource=https://open.spotify.com/artist/1h6Cn3P4NGzXbaXidqURXs&inc=artist-rels&fmt=json","chan":"stdout","logger":"task"}
{"timestamp":"2025-12-06T16:38:18.534126Z","level":"info","event":"https://musicbrainz.org/ws/2/artist/99075985-0d80-4692-a15e-b16f78831792?inc=tags&fmt=json","chan":"stdout","logger":"task"}
{"timestamp":"2025-12-06T16:38:19.654386Z","level":"info","event":"{'name': 'John Martin', 'id': '2auikkNYqigWStoHWK1Grq', 'url': 'https://open.spotify.com/artist/2auikkNYqigWStoHWK1Grq'}","chan":"stdout","logger":"task"}
{"timestamp":"2025-12-06T16:38:19.656126Z","level":"info","event":"https://musicbrainz.org/ws/2/url?resource=https://open.spotify.com/artist/2auikkNYqigWStoHWK1Grq&inc=artist-rels&fmt=json","chan":"stdout","logger":"task"}
{"timestamp":"2025-12-06T16:38:19.777551Z","level":"info","event":"https://musicbrainz.org/ws/2/artist/a7962d26-fcee-41d4-b768-68661b5cfe19?inc=tags&fmt=json","chan":"stdout","logger":"task"}
{"timestamp":"2025-12-06T16:38:20.902496Z","level":"info","event":"{'name': 'Chris Brown', 'id': '7bXgB6jMjp9ATFy66eO08Z', 'url': 'https://open.spotify.com/artist/7bXgB6jMjp9ATFy66eO08Z'}","chan":"stdout","logger":"task"}
{"timestamp":"2025-12-06T16:38:20.904056Z","level":"info","event":"https://musicbrainz.org/ws/2/url?resource=https://open.spotify.com/artist/7bXgB6jMjp9ATFy66eO08Z&inc=artist-rels&fmt=json","chan":"stdout","logger":"task"}
{"timestamp":"2025-12-06T16:38:21.022234Z","level":"info","event":"https://musicbrainz.org/ws/2/artist/c234fa42-e6a6-443e-937e-2f4b073538a3?inc=tags&fmt=json","chan":"stdout","logger":"task"}
{"timestamp":"2025-12-06T16:38:22.132490Z","level":"info","event":"{'name': 'Ed Sheeran', 'id': '6eUKZXaKkcviH0Ku9w2n3V', 'url': 'https://open.spotify.com/artist/6eUKZXaKkcviH0Ku9w2n3V'}","chan":"stdout","logger":"task"}
{"timestamp":"2025-12-06T16:38:22.134986Z","level":"info","event":"https://musicbrainz.org/ws/2/url?resource=https://open.spotify.com/artist/6eUKZXaKkcviH0Ku9w2n3V&inc=artist-rels&fmt=json","chan":"stdout","logger":"task"}
{"timestamp":"2025-12-06T16:38:22.255710Z","level":"info","event":"https://musicbrainz.org/ws/2/artist/b8a7c51f-362c-4dcb-a259-bc6e0095f0a6?inc=tags&fmt=json","chan":"stdout","logger":"task"}
{"timestamp":"2025-12-06T16:38:23.366392Z","level":"info","event":"{'name': 'Imagine Dragons', 'id': '53XhwfbYqKCa1cC15pYq2q', 'url': 'https://open.spotify.com/artist/53XhwfbYqKCa1cC15pYq2q'}","chan":"stdout","logger":"task"}
{"timestamp":"2025-12-06T16:38:23.367989Z","level":"info","event":"https://musicbrainz.org/ws/2/url?resource=https://open.spotify.com/artist/53XhwfbYqKCa1cC15pYq2q&inc=artist-rels&fmt=json","chan":"stdout","logger":"task"}
{"timestamp":"2025-12-06T16:38:23.479773Z","level":"info","event":"https://musicbrainz.org/ws/2/artist/012151a8-0f9a-44c9-997f-ebd68b5389f9?inc=tags&fmt=json","chan":"stdout","logger":"task"}
{"timestamp":"2025-12-06T16:38:24.586893Z","level":"info","event":"{'name': '50 Cent', 'id': '3q7HBObVc0L8jNeTe5Gofh', 'url': 'https://open.spotify.com/artist/3q7HBObVc0L8jNeTe5Gofh'}","chan":"stdout","logger":"task"}
{"timestamp":"2025-12-06T16:38:24.588051Z","level":"info","event":"https://musicbrainz.org/ws/2/url?resource=https://open.spotify.com/artist/3q7HBObVc0L8jNeTe5Gofh&inc=artist-rels&fmt=json","chan":"stdout","logger":"task"}
{"timestamp":"2025-12-06T16:38:24.739959Z","level":"info","event":"https://musicbrainz.org/ws/2/artist/8e68819d-71be-4e7d-b41d-f1df81b01d3f?inc=tags&fmt=json","chan":"stdout","logger":"task"}
{"timestamp":"2025-12-06T16:38:26.205691Z","level":"info","event":"{'name': 'Eminem', 'id': '7dGJo4pcD2V6oG8kP0tJRR', 'url': 'https://open.spotify.com/artist/7dGJo4pcD2V6oG8kP0tJRR'}","chan":"stdout","logger":"task"}
{"timestamp":"2025-12-06T16:38:26.213114Z","level":"info","event":"https://musicbrainz.org/ws/2/url?resource=https://open.spotify.com/artist/7dGJo4pcD2V6oG8kP0tJRR&inc=artist-rels&fmt=json","chan":"stdout","logger":"task"}
{"timestamp":"2025-12-06T16:38:26.366659Z","level":"info","event":"https://musicbrainz.org/ws/2/artist/b95ce3ff-3d05-4e87-9e01-c97b66af13d4?inc=tags&fmt=json","chan":"stdout","logger":"task"}
{"timestamp":"2025-12-06T16:38:27.761806Z","level":"info","event":"{'name': 'Adam Levine', 'id': '4bYPcJP5jwMhSivRcqie2n', 'url': 'https://open.spotify.com/artist/4bYPcJP5jwMhSivRcqie2n'}","chan":"stdout","logger":"task"}
{"timestamp":"2025-12-06T16:38:27.762236Z","level":"info","event":"https://musicbrainz.org/ws/2/url?resource=https://open.spotify.com/artist/4bYPcJP5jwMhSivRcqie2n&inc=artist-rels&fmt=json","chan":"stdout","logger":"task"}
{"timestamp":"2025-12-06T16:38:27.938305Z","level":"info","event":"https://musicbrainz.org/ws/2/artist/a1421d73-1a21-484b-97ad-77c9a5676daf?inc=tags&fmt=json","chan":"stdout","logger":"task"}
{"timestamp":"2025-12-06T16:38:29.088049Z","level":"info","event":"{'name': 'Macklemore & Ryan Lewis', 'id': '5BcAKTbp20cv7tC5VqPFoC', 'url': 'https://open.spotify.com/artist/5BcAKTbp20cv7tC5VqPFoC'}","chan":"stdout","logger":"task"}
{"timestamp":"2025-12-06T16:38:29.089174Z","level":"info","event":"https://musicbrainz.org/ws/2/url?resource=https://open.spotify.com/artist/5BcAKTbp20cv7tC5VqPFoC&inc=artist-rels&fmt=json","chan":"stdout","logger":"task"}
{"timestamp":"2025-12-06T16:38:29.215322Z","level":"info","event":"https://musicbrainz.org/ws/2/artist/97b226c8-7140-4da3-91ac-15e62e131a81?inc=tags&fmt=json","chan":"stdout","logger":"task"}
{"timestamp":"2025-12-06T16:38:30.343362Z","level":"info","event":"{'name': 'Macklemore', 'id': '3JhNCzhSMTxs9WLGJJxWOY', 'url': 'https://open.spotify.com/artist/3JhNCzhSMTxs9WLGJJxWOY'}","chan":"stdout","logger":"task"}
{"timestamp":"2025-12-06T16:38:30.344975Z","level":"info","event":"https://musicbrainz.org/ws/2/url?resource=https://open.spotify.com/artist/3JhNCzhSMTxs9WLGJJxWOY&inc=artist-rels&fmt=json","chan":"stdout","logger":"task"}
{"timestamp":"2025-12-06T16:38:30.454156Z","level":"info","event":"https://musicbrainz.org/ws/2/artist/b6d7ec94-830c-44dd-b699-ce66556b7e55?inc=tags&fmt=json","chan":"stdout","logger":"task"}
{"timestamp":"2025-12-06T16:38:31.559635Z","level":"info","event":"{'name': 'Ryan Lewis', 'id': '5mZJerulcERBZV7xnhrVp1', 'url': 'https://open.spotify.com/artist/5mZJerulcERBZV7xnhrVp1'}","chan":"stdout","logger":"task"}
{"timestamp":"2025-12-06T16:38:31.562297Z","level":"info","event":"https://musicbrainz.org/ws/2/url?resource=https://open.spotify.com/artist/5mZJerulcERBZV7xnhrVp1&inc=artist-rels&fmt=json","chan":"stdout","logger":"task"}
{"timestamp":"2025-12-06T16:38:31.688083Z","level":"info","event":"HTTP 404: Not Found","chan":"stdout","logger":"task"}
{"timestamp":"2025-12-06T16:38:31.688792Z","level":"info","event":"unable to get mbid for https://open.spotify.com/artist/5mZJerulcERBZV7xnhrVp1","chan":"stdout","logger":"task"}
{"timestamp":"2025-12-06T16:38:32.697896Z","level":"info","event":"{'name': 'Wanz', 'id': '56xTxG4nQMAs1GW9kvn0uA', 'url': 'https://open.spotify.com/artist/56xTxG4nQMAs1GW9kvn0uA'}","chan":"stdout","logger":"task"}
{"timestamp":"2025-12-06T16:38:32.703213Z","level":"info","event":"https://musicbrainz.org/ws/2/url?resource=https://open.spotify.com/artist/56xTxG4nQMAs1GW9kvn0uA&inc=artist-rels&fmt=json","chan":"stdout","logger":"task"}
{"timestamp":"2025-12-06T16:38:32.824240Z","level":"info","event":"https://musicbrainz.org/ws/2/artist/1f6cdf02-c7d3-4165-bbde-b4e54420a00b?inc=tags&fmt=json","chan":"stdout","logger":"task"}
{"timestamp":"2025-12-06T16:38:33.955433Z","level":"info","event":"{'name': 'Juicy J', 'id': '5gCRApTajqwbnHHPbr2Fpi', 'url': 'https://open.spotify.com/artist/5gCRApTajqwbnHHPbr2Fpi'}","chan":"stdout","logger":"task"}
{"timestamp":"2025-12-06T16:38:33.960277Z","level":"info","event":"https://musicbrainz.org/ws/2/url?resource=https://open.spotify.com/artist/5gCRApTajqwbnHHPbr2Fpi&inc=artist-rels&fmt=json","chan":"stdout","logger":"task"}
{"timestamp":"2025-12-06T16:38:34.082275Z","level":"info","event":"https://musicbrainz.org/ws/2/artist/c45d161f-83ce-4464-ba41-44202e6916d9?inc=tags&fmt=json","chan":"stdout","logger":"task"}
{"timestamp":"2025-12-06T16:38:35.194582Z","level":"info","event":"{'name': 'Lil Wayne', 'id': '55Aa2cqylxrFIXC767Z865', 'url': 'https://open.spotify.com/artist/55Aa2cqylxrFIXC767Z865'}","chan":"stdout","logger":"task"}
{"timestamp":"2025-12-06T16:38:35.197953Z","level":"info","event":"https://musicbrainz.org/ws/2/url?resource=https://open.spotify.com/artist/55Aa2cqylxrFIXC767Z865&inc=artist-rels&fmt=json","chan":"stdout","logger":"task"}
{"timestamp":"2025-12-06T16:38:35.321276Z","level":"info","event":"https://musicbrainz.org/ws/2/artist/ac9a487a-d9d2-4f27-bb23-0f4686488345?inc=tags&fmt=json","chan":"stdout","logger":"task"}
{"timestamp":"2025-12-06T16:38:36.432184Z","level":"info","event":"{'name': '2 Chainz', 'id': '17lzZA2AlOHwCwFALHttmp', 'url': 'https://open.spotify.com/artist/17lzZA2AlOHwCwFALHttmp'}","chan":"stdout","logger":"task"}
{"timestamp":"2025-12-06T16:38:36.432580Z","level":"info","event":"https://musicbrainz.org/ws/2/url?resource=https://open.spotify.com/artist/17lzZA2AlOHwCwFALHttmp&inc=artist-rels&fmt=json","chan":"stdout","logger":"task"}
{"timestamp":"2025-12-06T16:38:36.554769Z","level":"info","event":"https://musicbrainz.org/ws/2/artist/dff0d392-4cd5-4052-9fbb-f485df3891e5?inc=tags&fmt=json","chan":"stdout","logger":"task"}
{"timestamp":"2025-12-06T16:38:37.690977Z","level":"info","event":"{'name': 'Pitbull', 'id': '0TnOYISbd1XYRBk9myaseg', 'url': 'https://open.spotify.com/artist/0TnOYISbd1XYRBk9myaseg'}","chan":"stdout","logger":"task"}
{"timestamp":"2025-12-06T16:38:37.692952Z","level":"info","event":"https://musicbrainz.org/ws/2/url?resource=https://open.spotify.com/artist/0TnOYISbd1XYRBk9myaseg&inc=artist-rels&fmt=json","chan":"stdout","logger":"task"}
{"timestamp":"2025-12-06T16:38:37.836763Z","level":"info","event":"https://musicbrainz.org/ws/2/artist/d262ea27-3ffe-40f7-b922-85c42d625e67?inc=tags&fmt=json","chan":"stdout","logger":"task"}
{"timestamp":"2025-12-06T16:38:38.963933Z","level":"info","event":"{'name': 'TJR', 'id': '2L8yW8GIoirHEdeW4bWQXq', 'url': 'https://open.spotify.com/artist/2L8yW8GIoirHEdeW4bWQXq'}","chan":"stdout","logger":"task"}
{"timestamp":"2025-12-06T16:38:38.964356Z","level":"info","event":"https://musicbrainz.org/ws/2/url?resource=https://open.spotify.com/artist/2L8yW8GIoirHEdeW4bWQXq&inc=artist-rels&fmt=json","chan":"stdout","logger":"task"}
{"timestamp":"2025-12-06T16:38:39.077105Z","level":"info","event":"https://musicbrainz.org/ws/2/artist/ccf21509-41c5-418c-9832-351f0824fb39?inc=tags&fmt=json","chan":"stdout","logger":"task"}
{"timestamp":"2025-12-06T16:38:40.194976Z","level":"info","event":"{'name': 'Neon Trees', 'id': '0RpddSzUHfncUWNJXKOsjy', 'url': 'https://open.spotify.com/artist/0RpddSzUHfncUWNJXKOsjy'}","chan":"stdout","logger":"task"}
{"timestamp":"2025-12-06T16:38:40.197850Z","level":"info","event":"https://musicbrainz.org/ws/2/url?resource=https://open.spotify.com/artist/0RpddSzUHfncUWNJXKOsjy&inc=artist-rels&fmt=json","chan":"stdout","logger":"task"}
{"timestamp":"2025-12-06T16:38:40.306901Z","level":"info","event":"https://musicbrainz.org/ws/2/artist/16243662-8538-4746-a0fb-0d15b5828b8e?inc=tags&fmt=json","chan":"stdout","logger":"task"}
{"timestamp":"2025-12-06T16:38:41.427812Z","level":"info","event":"{'name': 'Mumford & Sons', 'id': '3gd8FJtBJtkRxdfbTu19U2', 'url': 'https://open.spotify.com/artist/3gd8FJtBJtkRxdfbTu19U2'}","chan":"stdout","logger":"task"}
{"timestamp":"2025-12-06T16:38:41.428488Z","level":"info","event":"https://musicbrainz.org/ws/2/url?resource=https://open.spotify.com/artist/3gd8FJtBJtkRxdfbTu19U2&inc=artist-rels&fmt=json","chan":"stdout","logger":"task"}
{"timestamp":"2025-12-06T16:38:41.541288Z","level":"info","event":"https://musicbrainz.org/ws/2/artist/c44e9c22-ef82-4a77-9bcd-af6c958446d6?inc=tags&fmt=json","chan":"stdout","logger":"task"}
{"timestamp":"2025-12-06T16:38:42.658885Z","level":"info","event":"{'name': 'Frank Ocean', 'id': '2h93pZq0e7k5yf4dywlkpM', 'url': 'https://open.spotify.com/artist/2h93pZq0e7k5yf4dywlkpM'}","chan":"stdout","logger":"task"}
{"timestamp":"2025-12-06T16:38:42.659980Z","level":"info","event":"https://musicbrainz.org/ws/2/url?resource=https://open.spotify.com/artist/2h93pZq0e7k5yf4dywlkpM&inc=artist-rels&fmt=json","chan":"stdout","logger":"task"}
{"timestamp":"2025-12-06T16:38:42.773249Z","level":"info","event":"https://musicbrainz.org/ws/2/artist/e520459c-dff4-491d-a6e4-c97be35e0044?inc=tags&fmt=json","chan":"stdout","logger":"task"}
{"timestamp":"2025-12-06T16:38:43.887258Z","level":"info","event":"{'name': 'OneRepublic', 'id': '5Pwc4xIPtQLFEnJriah9YJ', 'url': 'https://open.spotify.com/artist/5Pwc4xIPtQLFEnJriah9YJ'}","chan":"stdout","logger":"task"}
{"timestamp":"2025-12-06T16:38:43.888217Z","level":"info","event":"https://musicbrainz.org/ws/2/url?resource=https://open.spotify.com/artist/5Pwc4xIPtQLFEnJriah9YJ&inc=artist-rels&fmt=json","chan":"stdout","logger":"task"}
{"timestamp":"2025-12-06T16:38:44.002944Z","level":"info","event":"https://musicbrainz.org/ws/2/artist/c33c2065-b1c3-4406-b066-d33a9e2ea71a?inc=tags&fmt=json","chan":"stdout","logger":"task"}
{"timestamp":"2025-12-06T16:38:45.119921Z","level":"info","event":"{'name': 'Hunter Hayes', 'id': '7H6dkUChT5EoOQtUVMg4cN', 'url': 'https://open.spotify.com/artist/7H6dkUChT5EoOQtUVMg4cN'}","chan":"stdout","logger":"task"}
{"timestamp":"2025-12-06T16:38:45.121752Z","level":"info","event":"https://musicbrainz.org/ws/2/url?resource=https://open.spotify.com/artist/7H6dkUChT5EoOQtUVMg4cN&inc=artist-rels&fmt=json","chan":"stdout","logger":"task"}
{"timestamp":"2025-12-06T16:38:45.233615Z","level":"info","event":"https://musicbrainz.org/ws/2/artist/0c75ddc6-2b5d-4b01-8c99-3d9479a14683?inc=tags&fmt=json","chan":"stdout","logger":"task"}
{"timestamp":"2025-12-06T16:38:45.340678Z","level":"info","event":"Rate limit hit. Retrying in 1s...","chan":"stdout","logger":"task"}
{"timestamp":"2025-12-06T16:38:46.458198Z","level":"info","event":"Rate limit hit. Retrying in 2s...","chan":"stdout","logger":"task"}
{"timestamp":"2025-12-06T16:38:49.585890Z","level":"info","event":"{'name': 'Ellie Goulding', 'id': '0X2BH1fck6amBIoJhDVmmJ', 'url': 'https://open.spotify.com/artist/0X2BH1fck6amBIoJhDVmmJ'}","chan":"stdout","logger":"task"}
{"timestamp":"2025-12-06T16:38:49.586934Z","level":"info","event":"https://musicbrainz.org/ws/2/url?resource=https://open.spotify.com/artist/0X2BH1fck6amBIoJhDVmmJ&inc=artist-rels&fmt=json","chan":"stdout","logger":"task"}
{"timestamp":"2025-12-06T16:38:49.696325Z","level":"info","event":"https://musicbrainz.org/ws/2/artist/33ca19f4-18c8-4411-98df-ac23890ce9f5?inc=tags&fmt=json","chan":"stdout","logger":"task"}
{"timestamp":"2025-12-06T16:38:50.814326Z","level":"info","event":"{'name': 'Owl City', 'id': '07QEuhtrNmmZ0zEcqE9SF6', 'url': 'https://open.spotify.com/artist/07QEuhtrNmmZ0zEcqE9SF6'}","chan":"stdout","logger":"task"}
{"timestamp":"2025-12-06T16:38:50.815731Z","level":"info","event":"https://musicbrainz.org/ws/2/url?resource=https://open.spotify.com/artist/07QEuhtrNmmZ0zEcqE9SF6&inc=artist-rels&fmt=json","chan":"stdout","logger":"task"}
{"timestamp":"2025-12-06T16:38:50.936384Z","level":"info","event":"https://musicbrainz.org/ws/2/artist/ad279295-653f-42e1-9aaa-b731df2e78ba?inc=tags&fmt=json","chan":"stdout","logger":"task"}
{"timestamp":"2025-12-06T16:38:52.050281Z","level":"info","event":"{'name': 'Carly Rae Jepsen', 'id': '6sFIWsNpZYqfjUpaCgueju', 'url': 'https://open.spotify.com/artist/6sFIWsNpZYqfjUpaCgueju'}","chan":"stdout","logger":"task"}
{"timestamp":"2025-12-06T16:38:52.051469Z","level":"info","event":"https://musicbrainz.org/ws/2/url?resource=https://open.spotify.com/artist/6sFIWsNpZYqfjUpaCgueju&inc=artist-rels&fmt=json","chan":"stdout","logger":"task"}
{"timestamp":"2025-12-06T16:38:52.157279Z","level":"info","event":"https://musicbrainz.org/ws/2/artist/09887aa7-226e-4ecc-9a0c-02d2ae5777e1?inc=tags&fmt=json","chan":"stdout","logger":"task"}
{"timestamp":"2025-12-06T16:38:53.275629Z","level":"info","event":"{'name': 'The Script', 'id': '3AQRLZ9PuTAozP28Skbq8V', 'url': 'https://open.spotify.com/artist/3AQRLZ9PuTAozP28Skbq8V'}","chan":"stdout","logger":"task"}
{"timestamp":"2025-12-06T16:38:53.278675Z","level":"info","event":"https://musicbrainz.org/ws/2/url?resource=https://open.spotify.com/artist/3AQRLZ9PuTAozP28Skbq8V&inc=artist-rels&fmt=json","chan":"stdout","logger":"task"}
{"timestamp":"2025-12-06T16:38:53.393777Z","level":"info","event":"https://musicbrainz.org/ws/2/artist/4c98aa1b-34eb-4336-987f-5e50aa059c00?inc=tags&fmt=json","chan":"stdout","logger":"task"}
{"timestamp":"2025-12-06T16:38:54.495306Z","level":"info","event":"{'name': 'Detail', 'id': '4sglKanXuoU0gqGYP3wiNv', 'url': 'https://open.spotify.com/artist/4sglKanXuoU0gqGYP3wiNv'}","chan":"stdout","logger":"task"}
{"timestamp":"2025-12-06T16:38:54.495599Z","level":"info","event":"https://musicbrainz.org/ws/2/url?resource=https://open.spotify.com/artist/4sglKanXuoU0gqGYP3wiNv&inc=artist-rels&fmt=json","chan":"stdout","logger":"task"}
{"timestamp":"2025-12-06T16:38:54.601159Z","level":"info","event":"https://musicbrainz.org/ws/2/artist/fbd0227f-5075-40ca-a8dd-9d26d1f4050b?inc=tags&fmt=json","chan":"stdout","logger":"task"}
{"timestamp":"2025-12-06T16:38:55.706822Z","level":"info","event":"{'name': 'Adele', 'id': '4dpARuHxo51G3z768sgnrY', 'url': 'https://open.spotify.com/artist/4dpARuHxo51G3z768sgnrY'}","chan":"stdout","logger":"task"}
{"timestamp":"2025-12-06T16:38:55.707132Z","level":"info","event":"https://musicbrainz.org/ws/2/url?resource=https://open.spotify.com/artist/4dpARuHxo51G3z768sgnrY&inc=artist-rels&fmt=json","chan":"stdout","logger":"task"}
{"timestamp":"2025-12-06T16:38:55.815528Z","level":"info","event":"https://musicbrainz.org/ws/2/artist/cc2c9c3c-b7bc-4b8b-84d8-4fbd8779e493?inc=tags&fmt=json","chan":"stdout","logger":"task"}
{"timestamp":"2025-12-06T16:38:56.918810Z","level":"info","event":"{'name': 'The Band Perry', 'id': '75FnCoo4FBxH5K1Rrx0k5A', 'url': 'https://open.spotify.com/artist/75FnCoo4FBxH5K1Rrx0k5A'}","chan":"stdout","logger":"task"}
{"timestamp":"2025-12-06T16:38:56.919325Z","level":"info","event":"https://musicbrainz.org/ws/2/url?resource=https://open.spotify.com/artist/75FnCoo4FBxH5K1Rrx0k5A&inc=artist-rels&fmt=json","chan":"stdout","logger":"task"}
{"timestamp":"2025-12-06T16:38:57.033196Z","level":"info","event":"https://musicbrainz.org/ws/2/artist/28955336-2348-488a-9381-e3a7b0107343?inc=tags&fmt=json","chan":"stdout","logger":"task"}
{"timestamp":"2025-12-06T16:38:58.148952Z","level":"info","event":"{'name': 'Of Monsters and Men', 'id': '4dwdTW1Lfiq0cM8nBAqIIz', 'url': 'https://open.spotify.com/artist/4dwdTW1Lfiq0cM8nBAqIIz'}","chan":"stdout","logger":"task"}
{"timestamp":"2025-12-06T16:38:58.150090Z","level":"info","event":"https://musicbrainz.org/ws/2/url?resource=https://open.spotify.com/artist/4dwdTW1Lfiq0cM8nBAqIIz&inc=artist-rels&fmt=json","chan":"stdout","logger":"task"}
{"timestamp":"2025-12-06T16:38:58.264787Z","level":"info","event":"Rate limit hit. Retrying in 1s...","chan":"stdout","logger":"task"}
{"timestamp":"2025-12-06T16:38:59.423307Z","level":"info","event":"https://musicbrainz.org/ws/2/artist/9e103f85-7af7-41d7-b83b-49ba8f0c5abf?inc=tags&fmt=json","chan":"stdout","logger":"task"}
{"timestamp":"2025-12-06T16:39:00.563024Z","level":"info","event":"{'name': 'French Montana', 'id': '6vXTefBL93Dj5IqAWq6OTv', 'url': 'https://open.spotify.com/artist/6vXTefBL93Dj5IqAWq6OTv'}","chan":"stdout","logger":"task"}
{"timestamp":"2025-12-06T16:39:00.566427Z","level":"info","event":"https://musicbrainz.org/ws/2/url?resource=https://open.spotify.com/artist/6vXTefBL93Dj5IqAWq6OTv&inc=artist-rels&fmt=json","chan":"stdout","logger":"task"}
{"timestamp":"2025-12-06T16:39:00.696185Z","level":"info","event":"https://musicbrainz.org/ws/2/artist/45dc5f07-6609-4760-a933-8c9e0f858d05?inc=tags&fmt=json","chan":"stdout","logger":"task"}
{"timestamp":"2025-12-06T16:39:01.824808Z","level":"info","event":"{'name': 'Rick Ross', 'id': '1sBkRIssrMs1AbVkOJbc7a', 'url': 'https://open.spotify.com/artist/1sBkRIssrMs1AbVkOJbc7a'}","chan":"stdout","logger":"task"}
{"timestamp":"2025-12-06T16:39:01.826017Z","level":"info","event":"https://musicbrainz.org/ws/2/url?resource=https://open.spotify.com/artist/1sBkRIssrMs1AbVkOJbc7a&inc=artist-rels&fmt=json","chan":"stdout","logger":"task"}
{"timestamp":"2025-12-06T16:39:01.949093Z","level":"info","event":"https://musicbrainz.org/ws/2/artist/13bcb2bb-db37-4397-baf5-e0f085be2d64?inc=tags&fmt=json","chan":"stdout","logger":"task"}
{"timestamp":"2025-12-06T16:39:03.064992Z","level":"info","event":"{'name': 'Drake', 'id': '3TVXtAsR1Inumwj472S9r4', 'url': 'https://open.spotify.com/artist/3TVXtAsR1Inumwj472S9r4'}","chan":"stdout","logger":"task"}
{"timestamp":"2025-12-06T16:39:03.070233Z","level":"info","event":"https://musicbrainz.org/ws/2/url?resource=https://open.spotify.com/artist/3TVXtAsR1Inumwj472S9r4&inc=artist-rels&fmt=json","chan":"stdout","logger":"task"}
{"timestamp":"2025-12-06T16:39:03.176786Z","level":"info","event":"https://musicbrainz.org/ws/2/artist/9fff2f8a-21e6-47de-a2b8-7f449929d43f?inc=tags&fmt=json","chan":"stdout","logger":"task"}
{"timestamp":"2025-12-06T16:39:04.313444Z","level":"info","event":"{'name': 'Gotye', 'id': '2AsusXITU8P25dlRNhcAbG', 'url': 'https://open.spotify.com/artist/2AsusXITU8P25dlRNhcAbG'}","chan":"stdout","logger":"task"}
{"timestamp":"2025-12-06T16:39:04.315812Z","level":"info","event":"https://musicbrainz.org/ws/2/url?resource=https://open.spotify.com/artist/2AsusXITU8P25dlRNhcAbG&inc=artist-rels&fmt=json","chan":"stdout","logger":"task"}
{"timestamp":"2025-12-06T16:39:04.430295Z","level":"info","event":"https://musicbrainz.org/ws/2/artist/6f6fd596-76e0-4b82-aa37-f558ac2d337b?inc=tags&fmt=json","chan":"stdout","logger":"task"}
{"timestamp":"2025-12-06T16:39:05.549398Z","level":"info","event":"{'name': 'Kimbra', 'id': '6hk7Yq1DU9QcCCrz9uc0Ti', 'url': 'https://open.spotify.com/artist/6hk7Yq1DU9QcCCrz9uc0Ti'}","chan":"stdout","logger":"task"}
{"timestamp":"2025-12-06T16:39:05.551878Z","level":"info","event":"https://musicbrainz.org/ws/2/url?resource=https://open.spotify.com/artist/6hk7Yq1DU9QcCCrz9uc0Ti&inc=artist-rels&fmt=json","chan":"stdout","logger":"task"}
{"timestamp":"2025-12-06T16:39:05.660714Z","level":"info","event":"https://musicbrainz.org/ws/2/artist/fad2875e-ba81-4637-b859-4684622dcb1c?inc=tags&fmt=json","chan":"stdout","logger":"task"}
{"timestamp":"2025-12-06T16:39:06.769681Z","level":"info","event":"{'name': 'Carrie Underwood', 'id': '4xFUf1FHVy696Q1JQZMTRj', 'url': 'https://open.spotify.com/artist/4xFUf1FHVy696Q1JQZMTRj'}","chan":"stdout","logger":"task"}
{"timestamp":"2025-12-06T16:39:06.771611Z","level":"info","event":"https://musicbrainz.org/ws/2/url?resource=https://open.spotify.com/artist/4xFUf1FHVy696Q1JQZMTRj&inc=artist-rels&fmt=json","chan":"stdout","logger":"task"}
{"timestamp":"2025-12-06T16:39:06.879103Z","level":"info","event":"https://musicbrainz.org/ws/2/artist/70f0e309-5418-49b6-a130-666e2f76eecd?inc=tags&fmt=json","chan":"stdout","logger":"task"}
{"timestamp":"2025-12-06T16:39:08.017749Z","level":"info","event":"{'name': 'Luke Bryan', 'id': '0BvkDsjIUla7X0k6CSWh1I', 'url': 'https://open.spotify.com/artist/0BvkDsjIUla7X0k6CSWh1I'}","chan":"stdout","logger":"task"}
{"timestamp":"2025-12-06T16:39:08.018698Z","level":"info","event":"https://musicbrainz.org/ws/2/url?resource=https://open.spotify.com/artist/0BvkDsjIUla7X0k6CSWh1I&inc=artist-rels&fmt=json","chan":"stdout","logger":"task"}
{"timestamp":"2025-12-06T16:39:08.131228Z","level":"info","event":"https://musicbrainz.org/ws/2/artist/aab35942-f176-4f77-bbf9-1d6aa98ccf3f?inc=tags&fmt=json","chan":"stdout","logger":"task"}
{"timestamp":"2025-12-06T16:39:08.240973Z","level":"info","event":"Rate limit hit. Retrying in 1s...","chan":"stdout","logger":"task"}
{"timestamp":"2025-12-06T16:39:09.356555Z","level":"info","event":"Rate limit hit. Retrying in 2s...","chan":"stdout","logger":"task"}
{"timestamp":"2025-12-06T16:39:12.486163Z","level":"info","event":"{'name': 'Zac Brown Band', 'id': '6yJCxee7QumYr820xdIsjo', 'url': 'https://open.spotify.com/artist/6yJCxee7QumYr820xdIsjo'}","chan":"stdout","logger":"task"}
{"timestamp":"2025-12-06T16:39:12.490638Z","level":"info","event":"https://musicbrainz.org/ws/2/url?resource=https://open.spotify.com/artist/6yJCxee7QumYr820xdIsjo&inc=artist-rels&fmt=json","chan":"stdout","logger":"task"}
{"timestamp":"2025-12-06T16:39:12.618149Z","level":"info","event":"https://musicbrainz.org/ws/2/artist/507226f4-0842-4f43-950e-81a7017230ec?inc=tags&fmt=json","chan":"stdout","logger":"task"}
{"timestamp":"2025-12-06T16:39:13.739006Z","level":"info","event":"{'name': 'Justin Moore', 'id': '30e8DmahrEamvLbFRPdWmk', 'url': 'https://open.spotify.com/artist/30e8DmahrEamvLbFRPdWmk'}","chan":"stdout","logger":"task"}
{"timestamp":"2025-12-06T16:39:13.740544Z","level":"info","event":"https://musicbrainz.org/ws/2/url?resource=https://open.spotify.com/artist/30e8DmahrEamvLbFRPdWmk&inc=artist-rels&fmt=json","chan":"stdout","logger":"task"}
{"timestamp":"2025-12-06T16:39:13.862126Z","level":"info","event":"https://musicbrainz.org/ws/2/artist/ab5d785b-ff87-48b5-b9e1-027e3c21ec0d?inc=tags&fmt=json","chan":"stdout","logger":"task"}
{"timestamp":"2025-12-06T16:39:14.986344Z","level":"info","event":"{'name': 'Kelly Clarkson', 'id': '3BmGtnKgCSGYIUhmivXKWX', 'url': 'https://open.spotify.com/artist/3BmGtnKgCSGYIUhmivXKWX'}","chan":"stdout","logger":"task"}
{"timestamp":"2025-12-06T16:39:14.988860Z","level":"info","event":"https://musicbrainz.org/ws/2/url?resource=https://open.spotify.com/artist/3BmGtnKgCSGYIUhmivXKWX&inc=artist-rels&fmt=json","chan":"stdout","logger":"task"}
{"timestamp":"2025-12-06T16:39:15.102869Z","level":"info","event":"https://musicbrainz.org/ws/2/artist/d339efbb-77b9-4147-ba9e-59f2f24550b2?inc=tags&fmt=json","chan":"stdout","logger":"task"}
{"timestamp":"2025-12-06T16:39:16.226803Z","level":"info","event":"{'name': 'Jake Owen', 'id': '1n2pb9Tsfe4SwAjmUac6YT', 'url': 'https://open.spotify.com/artist/1n2pb9Tsfe4SwAjmUac6YT'}","chan":"stdout","logger":"task"}
{"timestamp":"2025-12-06T16:39:16.227756Z","level":"info","event":"https://musicbrainz.org/ws/2/url?resource=https://open.spotify.com/artist/1n2pb9Tsfe4SwAjmUac6YT&inc=artist-rels&fmt=json","chan":"stdout","logger":"task"}
{"timestamp":"2025-12-06T16:39:16.339988Z","level":"info","event":"https://musicbrainz.org/ws/2/artist/508f4f83-26dc-4d21-98d9-1a8c04d5ad4a?inc=tags&fmt=json","chan":"stdout","logger":"task"}
{"timestamp":"2025-12-06T16:39:17.461970Z","level":"info","event":"{'name': 'Gary Allan', 'id': '37W8SKV5Vc8lcGtdyWCA5m', 'url': 'https://open.spotify.com/artist/37W8SKV5Vc8lcGtdyWCA5m'}","chan":"stdout","logger":"task"}
{"timestamp":"2025-12-06T16:39:17.463137Z","level":"info","event":"https://musicbrainz.org/ws/2/url?resource=https://open.spotify.com/artist/37W8SKV5Vc8lcGtdyWCA5m&inc=artist-rels&fmt=json","chan":"stdout","logger":"task"}
{"timestamp":"2025-12-06T16:39:17.584172Z","level":"info","event":"https://musicbrainz.org/ws/2/artist/d211333a-22eb-4be7-a2ac-ca12c73646db?inc=tags&fmt=json","chan":"stdout","logger":"task"}
{"timestamp":"2025-12-06T16:39:18.865437Z","level":"info","event":"{'name': 'Kip Moore', 'id': '2hJPr4lk7Q8SSvCVBl9fWM', 'url': 'https://open.spotify.com/artist/2hJPr4lk7Q8SSvCVBl9fWM'}","chan":"stdout","logger":"task"}
{"timestamp":"2025-12-06T16:39:18.866686Z","level":"info","event":"https://musicbrainz.org/ws/2/url?resource=https://open.spotify.com/artist/2hJPr4lk7Q8SSvCVBl9fWM&inc=artist-rels&fmt=json","chan":"stdout","logger":"task"}
{"timestamp":"2025-12-06T16:39:18.972996Z","level":"info","event":"https://musicbrainz.org/ws/2/artist/3afa378a-4a7f-46f5-b686-f41ee2287c0c?inc=tags&fmt=json","chan":"stdout","logger":"task"}
{"timestamp":"2025-12-06T16:39:20.198877Z","level":"info","event":"{'name': 'Calvin Harris', 'id': '7CajNmpbOovFoOoasH2HaY', 'url': 'https://open.spotify.com/artist/7CajNmpbOovFoOoasH2HaY'}","chan":"stdout","logger":"task"}
{"timestamp":"2025-12-06T16:39:20.200418Z","level":"info","event":"https://musicbrainz.org/ws/2/url?resource=https://open.spotify.com/artist/7CajNmpbOovFoOoasH2HaY&inc=artist-rels&fmt=json","chan":"stdout","logger":"task"}
{"timestamp":"2025-12-06T16:39:20.314766Z","level":"info","event":"https://musicbrainz.org/ws/2/artist/8dd98bdc-80ec-4e93-8509-2f46bafc09a7?inc=tags&fmt=json","chan":"stdout","logger":"task"}
{"timestamp":"2025-12-06T16:39:21.443154Z","level":"info","event":"{'name': 'Florence Welch', 'id': '0IROOdQ2fQUcoaEPqt1Isg', 'url': 'https://open.spotify.com/artist/0IROOdQ2fQUcoaEPqt1Isg'}","chan":"stdout","logger":"task"}
{"timestamp":"2025-12-06T16:39:21.444530Z","level":"info","event":"https://musicbrainz.org/ws/2/url?resource=https://open.spotify.com/artist/0IROOdQ2fQUcoaEPqt1Isg&inc=artist-rels&fmt=json","chan":"stdout","logger":"task"}
{"timestamp":"2025-12-06T16:39:21.553907Z","level":"info","event":"https://musicbrainz.org/ws/2/artist/88798869-338b-418e-9c47-97365444b734?inc=tags&fmt=json","chan":"stdout","logger":"task"}
{"timestamp":"2025-12-06T16:39:22.694722Z","level":"info","event":"{'name': 'A$AP Rocky', 'id': '13ubrt8QOOCPljQ2FL1Kca', 'url': 'https://open.spotify.com/artist/13ubrt8QOOCPljQ2FL1Kca'}","chan":"stdout","logger":"task"}
{"timestamp":"2025-12-06T16:39:22.697694Z","level":"info","event":"https://musicbrainz.org/ws/2/url?resource=https://open.spotify.com/artist/13ubrt8QOOCPljQ2FL1Kca&inc=artist-rels&fmt=json","chan":"stdout","logger":"task"}
{"timestamp":"2025-12-06T16:39:22.815216Z","level":"info","event":"https://musicbrainz.org/ws/2/artist/25b7b584-d952-4662-a8b9-dd8cdfbfeb64?inc=tags&fmt=json","chan":"stdout","logger":"task"}
{"timestamp":"2025-12-06T16:39:23.934850Z","level":"info","event":"{'name': 'Eric Church', 'id': '2IvkS5MXK0vPGnwyJsrEyV', 'url': 'https://open.spotify.com/artist/2IvkS5MXK0vPGnwyJsrEyV'}","chan":"stdout","logger":"task"}
{"timestamp":"2025-12-06T16:39:23.935649Z","level":"info","event":"https://musicbrainz.org/ws/2/url?resource=https://open.spotify.com/artist/2IvkS5MXK0vPGnwyJsrEyV&inc=artist-rels&fmt=json","chan":"stdout","logger":"task"}
{"timestamp":"2025-12-06T16:39:24.048125Z","level":"info","event":"https://musicbrainz.org/ws/2/artist/15856215-cc51-4423-879c-9ac955ccb11a?inc=tags&fmt=json","chan":"stdout","logger":"task"}
{"timestamp":"2025-12-06T16:39:25.193418Z","level":"info","event":"{'name': 'Rascal Flatts', 'id': '0a1gHP0HAqALbEyxaD5Ngn', 'url': 'https://open.spotify.com/artist/0a1gHP0HAqALbEyxaD5Ngn'}","chan":"stdout","logger":"task"}
{"timestamp":"2025-12-06T16:39:25.195276Z","level":"info","event":"https://musicbrainz.org/ws/2/url?resource=https://open.spotify.com/artist/0a1gHP0HAqALbEyxaD5Ngn&inc=artist-rels&fmt=json","chan":"stdout","logger":"task"}
{"timestamp":"2025-12-06T16:39:25.313642Z","level":"info","event":"https://musicbrainz.org/ws/2/artist/6e0ae159-8449-4262-bba5-18ec87fa529f?inc=tags&fmt=json","chan":"stdout","logger":"task"}
{"timestamp":"2025-12-06T16:39:26.432842Z","level":"info","event":"{'name': 'Randy Houser', 'id': '56x8mYvS3cyDGAi8N2FxbB', 'url': 'https://open.spotify.com/artist/56x8mYvS3cyDGAi8N2FxbB'}","chan":"stdout","logger":"task"}
{"timestamp":"2025-12-06T16:39:26.433812Z","level":"info","event":"https://musicbrainz.org/ws/2/url?resource=https://open.spotify.com/artist/56x8mYvS3cyDGAi8N2FxbB&inc=artist-rels&fmt=json","chan":"stdout","logger":"task"}
{"timestamp":"2025-12-06T16:39:26.560789Z","level":"info","event":"https://musicbrainz.org/ws/2/artist/50e3dd64-6b87-4b9a-a511-c375ae4ff1ca?inc=tags&fmt=json","chan":"stdout","logger":"task"}
{"timestamp":"2025-12-06T16:39:27.974768Z","level":"info","event":"{'name': 'Jason Aldean', 'id': '3FfvYsEGaIb52QPXhg4DcH', 'url': 'https://open.spotify.com/artist/3FfvYsEGaIb52QPXhg4DcH'}","chan":"stdout","logger":"task"}
{"timestamp":"2025-12-06T16:39:27.977175Z","level":"info","event":"https://musicbrainz.org/ws/2/url?resource=https://open.spotify.com/artist/3FfvYsEGaIb52QPXhg4DcH&inc=artist-rels&fmt=json","chan":"stdout","logger":"task"}
{"timestamp":"2025-12-06T16:39:28.089466Z","level":"info","event":"https://musicbrainz.org/ws/2/artist/f24df11a-7e35-4979-a4db-a3b2a170ce27?inc=tags&fmt=json","chan":"stdout","logger":"task"}
{"timestamp":"2025-12-06T16:39:29.217160Z","level":"info","event":"{'name': 'Muse', 'id': '12Chz98pHFMPJEknJQMWvI', 'url': 'https://open.spotify.com/artist/12Chz98pHFMPJEknJQMWvI'}","chan":"stdout","logger":"task"}
{"timestamp":"2025-12-06T16:39:29.219426Z","level":"info","event":"https://musicbrainz.org/ws/2/url?resource=https://open.spotify.com/artist/12Chz98pHFMPJEknJQMWvI&inc=artist-rels&fmt=json","chan":"stdout","logger":"task"}
{"timestamp":"2025-12-06T16:39:29.347450Z","level":"info","event":"https://musicbrainz.org/ws/2/artist/9c9f1380-2516-4fc9-a3e6-f9f61941d090?inc=tags&fmt=json","chan":"stdout","logger":"task"}
{"timestamp":"2025-12-06T16:39:30.460601Z","level":"info","event":"{'name': 'One Direction', 'id': '4AK6F7OLvEQ5QYCBNiQWHq', 'url': 'https://open.spotify.com/artist/4AK6F7OLvEQ5QYCBNiQWHq'}","chan":"stdout","logger":"task"}
{"timestamp":"2025-12-06T16:39:30.464273Z","level":"info","event":"https://musicbrainz.org/ws/2/url?resource=https://open.spotify.com/artist/4AK6F7OLvEQ5QYCBNiQWHq&inc=artist-rels&fmt=json","chan":"stdout","logger":"task"}
{"timestamp":"2025-12-06T16:39:30.571804Z","level":"info","event":"https://musicbrainz.org/ws/2/artist/1a425bbd-cca4-4b2c-aeb7-71cb176c828a?inc=tags&fmt=json","chan":"stdout","logger":"task"}
{"timestamp":"2025-12-06T16:39:30.735020Z","level":"info","event":"Rate limit hit. Retrying in 1s...","chan":"stdout","logger":"task"}
{"timestamp":"2025-12-06T16:39:32.870478Z","level":"info","event":"{'name': 'Greg Bates', 'id': '2COi3lJPZHP2CjJBfofGwh', 'url': 'https://open.spotify.com/artist/2COi3lJPZHP2CjJBfofGwh'}","chan":"stdout","logger":"task"}
{"timestamp":"2025-12-06T16:39:32.872764Z","level":"info","event":"https://musicbrainz.org/ws/2/url?resource=https://open.spotify.com/artist/2COi3lJPZHP2CjJBfofGwh&inc=artist-rels&fmt=json","chan":"stdout","logger":"task"}
{"timestamp":"2025-12-06T16:39:33.001197Z","level":"info","event":"HTTP 404: Not Found","chan":"stdout","logger":"task"}
{"timestamp":"2025-12-06T16:39:33.001367Z","level":"info","event":"unable to get mbid for https://open.spotify.com/artist/2COi3lJPZHP2CjJBfofGwh","chan":"stdout","logger":"task"}
{"timestamp":"2025-12-06T16:39:34.003320Z","level":"info","event":"{'name': 'The Weeknd', 'id': '1Xyo4u8uXC1ZmMpatF05PJ', 'url': 'https://open.spotify.com/artist/1Xyo4u8uXC1ZmMpatF05PJ'}","chan":"stdout","logger":"task"}
{"timestamp":"2025-12-06T16:39:34.005026Z","level":"info","event":"https://musicbrainz.org/ws/2/url?resource=https://open.spotify.com/artist/1Xyo4u8uXC1ZmMpatF05PJ&inc=artist-rels&fmt=json","chan":"stdout","logger":"task"}
{"timestamp":"2025-12-06T16:39:34.122226Z","level":"info","event":"https://musicbrainz.org/ws/2/artist/c8b03190-306c-4120-bb0b-6f2ebfc06ea9?inc=tags&fmt=json","chan":"stdout","logger":"task"}
{"timestamp":"2025-12-06T16:39:35.240216Z","level":"info","event":"{'name': 'Enrique Iglesias', 'id': '7qG3b048QCHVRO5Pv1T5lw', 'url': 'https://open.spotify.com/artist/7qG3b048QCHVRO5Pv1T5lw'}","chan":"stdout","logger":"task"}
{"timestamp":"2025-12-06T16:39:35.242945Z","level":"info","event":"https://musicbrainz.org/ws/2/url?resource=https://open.spotify.com/artist/7qG3b048QCHVRO5Pv1T5lw&inc=artist-rels&fmt=json","chan":"stdout","logger":"task"}
{"timestamp":"2025-12-06T16:39:35.367016Z","level":"info","event":"https://musicbrainz.org/ws/2/artist/35f866dc-c061-48ba-8157-cf2e0eac4857?inc=tags&fmt=json","chan":"stdout","logger":"task"}
{"timestamp":"2025-12-06T16:39:36.641122Z","level":"info","event":"{'name': 'Sammy Adams', 'id': '1S9WGrK7SZfXXQtHBYzDle', 'url': 'https://open.spotify.com/artist/1S9WGrK7SZfXXQtHBYzDle'}","chan":"stdout","logger":"task"}
{"timestamp":"2025-12-06T16:39:36.643675Z","level":"info","event":"https://musicbrainz.org/ws/2/url?resource=https://open.spotify.com/artist/1S9WGrK7SZfXXQtHBYzDle&inc=artist-rels&fmt=json","chan":"stdout","logger":"task"}
{"timestamp":"2025-12-06T16:39:36.760305Z","level":"info","event":"https://musicbrainz.org/ws/2/artist/2d187d80-9d67-4ab6-99e4-a466b222554a?inc=tags&fmt=json","chan":"stdout","logger":"task"}
{"timestamp":"2025-12-06T16:39:37.926225Z","level":"info","event":"{'name': 'Brad Paisley', 'id': '13YmWQJFwgZrd4bf5IjMY4', 'url': 'https://open.spotify.com/artist/13YmWQJFwgZrd4bf5IjMY4'}","chan":"stdout","logger":"task"}
{"timestamp":"2025-12-06T16:39:37.927304Z","level":"info","event":"https://musicbrainz.org/ws/2/url?resource=https://open.spotify.com/artist/13YmWQJFwgZrd4bf5IjMY4&inc=artist-rels&fmt=json","chan":"stdout","logger":"task"}
{"timestamp":"2025-12-06T16:39:38.048958Z","level":"info","event":"https://musicbrainz.org/ws/2/artist/6cfd7ffc-824f-4219-8e27-4b9417700f44?inc=tags&fmt=json","chan":"stdout","logger":"task"}
{"timestamp":"2025-12-06T16:39:39.167648Z","level":"info","event":"{'name': 'Kenny Chesney', 'id': '3grHWM9bx2E9vwJCdlRv9O', 'url': 'https://open.spotify.com/artist/3grHWM9bx2E9vwJCdlRv9O'}","chan":"stdout","logger":"task"}
{"timestamp":"2025-12-06T16:39:39.186138Z","level":"info","event":"https://musicbrainz.org/ws/2/url?resource=https://open.spotify.com/artist/3grHWM9bx2E9vwJCdlRv9O&inc=artist-rels&fmt=json","chan":"stdout","logger":"task"}
{"timestamp":"2025-12-06T16:39:39.297045Z","level":"info","event":"https://musicbrainz.org/ws/2/artist/5dca4d22-d6c8-4e70-8ca1-4543e43353c7?inc=tags&fmt=json","chan":"stdout","logger":"task"}
{"timestamp":"2025-12-06T16:39:40.408447Z","level":"info","event":"{'name': 'Tyler, The Creator', 'id': '4V8LLVI7PbaPR0K2TGSxFF', 'url': 'https://open.spotify.com/artist/4V8LLVI7PbaPR0K2TGSxFF'}","chan":"stdout","logger":"task"}
{"timestamp":"2025-12-06T16:39:40.408938Z","level":"info","event":"https://musicbrainz.org/ws/2/url?resource=https://open.spotify.com/artist/4V8LLVI7PbaPR0K2TGSxFF&inc=artist-rels&fmt=json","chan":"stdout","logger":"task"}
{"timestamp":"2025-12-06T16:39:40.523371Z","level":"info","event":"https://musicbrainz.org/ws/2/artist/f6beac20-5dfe-4d1f-ae02-0b0a740aafd6?inc=tags&fmt=json","chan":"stdout","logger":"task"}
{"timestamp":"2025-12-06T16:39:41.644697Z","level":"info","event":"{'name': 'Doechii', 'id': '4E2rKHVDssGJm2SCDOMMJB', 'url': 'https://open.spotify.com/artist/4E2rKHVDssGJm2SCDOMMJB'}","chan":"stdout","logger":"task"}
{"timestamp":"2025-12-06T16:39:41.645698Z","level":"info","event":"https://musicbrainz.org/ws/2/url?resource=https://open.spotify.com/artist/4E2rKHVDssGJm2SCDOMMJB&inc=artist-rels&fmt=json","chan":"stdout","logger":"task"}
{"timestamp":"2025-12-06T16:39:41.763334Z","level":"info","event":"https://musicbrainz.org/ws/2/artist/9f75277c-b283-4846-ac8c-f932255cd0ac?inc=tags&fmt=json","chan":"stdout","logger":"task"}
{"timestamp":"2025-12-06T16:39:42.877870Z","level":"info","event":"{'name': 'Wale', 'id': '67nwj3Y5sZQLl72VNUHEYE', 'url': 'https://open.spotify.com/artist/67nwj3Y5sZQLl72VNUHEYE'}","chan":"stdout","logger":"task"}
{"timestamp":"2025-12-06T16:39:42.878183Z","level":"info","event":"https://musicbrainz.org/ws/2/url?resource=https://open.spotify.com/artist/67nwj3Y5sZQLl72VNUHEYE&inc=artist-rels&fmt=json","chan":"stdout","logger":"task"}
{"timestamp":"2025-12-06T16:39:42.990739Z","level":"info","event":"https://musicbrainz.org/ws/2/artist/e34e41f2-f480-45d3-8190-a3ce5ab34fab?inc=tags&fmt=json","chan":"stdout","logger":"task"}
{"timestamp":"2025-12-06T16:39:44.097289Z","level":"info","event":"{'name': 'Little Big Town', 'id': '3CygdxquGHurS7f9LjNLkv', 'url': 'https://open.spotify.com/artist/3CygdxquGHurS7f9LjNLkv'}","chan":"stdout","logger":"task"}
{"timestamp":"2025-12-06T16:39:44.101944Z","level":"info","event":"https://musicbrainz.org/ws/2/url?resource=https://open.spotify.com/artist/3CygdxquGHurS7f9LjNLkv&inc=artist-rels&fmt=json","chan":"stdout","logger":"task"}
{"timestamp":"2025-12-06T16:39:44.221650Z","level":"info","event":"https://musicbrainz.org/ws/2/artist/76e78b58-f301-4975-8058-7f84d8360738?inc=tags&fmt=json","chan":"stdout","logger":"task"}
{"timestamp":"2025-12-06T16:39:45.338403Z","level":"info","event":"{'name': 'Miranda Lambert', 'id': '66lH4jAE7pqPlOlzUKbwA0', 'url': 'https://open.spotify.com/artist/66lH4jAE7pqPlOlzUKbwA0'}","chan":"stdout","logger":"task"}
{"timestamp":"2025-12-06T16:39:45.340012Z","level":"info","event":"https://musicbrainz.org/ws/2/url?resource=https://open.spotify.com/artist/66lH4jAE7pqPlOlzUKbwA0&inc=artist-rels&fmt=json","chan":"stdout","logger":"task"}
{"timestamp":"2025-12-06T16:39:45.449878Z","level":"info","event":"https://musicbrainz.org/ws/2/artist/4eca1aa0-c79f-481b-af8a-4a2d6c41aa5c?inc=tags&fmt=json","chan":"stdout","logger":"task"}
{"timestamp":"2025-12-06T16:39:46.558255Z","level":"info","event":"{'name': 'Future', 'id': '1RyvyyTE3xzB2ZywiAwp0i', 'url': 'https://open.spotify.com/artist/1RyvyyTE3xzB2ZywiAwp0i'}","chan":"stdout","logger":"task"}
{"timestamp":"2025-12-06T16:39:46.559401Z","level":"info","event":"https://musicbrainz.org/ws/2/url?resource=https://open.spotify.com/artist/1RyvyyTE3xzB2ZywiAwp0i&inc=artist-rels&fmt=json","chan":"stdout","logger":"task"}
{"timestamp":"2025-12-06T16:39:46.678791Z","level":"info","event":"https://musicbrainz.org/ws/2/artist/48262e82-db9f-4a92-b650-dfef979b73ec?inc=tags&fmt=json","chan":"stdout","logger":"task"}
{"timestamp":"2025-12-06T16:39:47.804611Z","level":"info","event":"{'name': 'Wiz Khalifa', 'id': '137W8MRPWKqSmrBGDBFSop', 'url': 'https://open.spotify.com/artist/137W8MRPWKqSmrBGDBFSop'}","chan":"stdout","logger":"task"}
{"timestamp":"2025-12-06T16:39:47.804988Z","level":"info","event":"https://musicbrainz.org/ws/2/url?resource=https://open.spotify.com/artist/137W8MRPWKqSmrBGDBFSop&inc=artist-rels&fmt=json","chan":"stdout","logger":"task"}
{"timestamp":"2025-12-06T16:39:47.919236Z","level":"info","event":"https://musicbrainz.org/ws/2/artist/f5dfa020-ad69-41cd-b3d4-fd7af0414e94?inc=tags&fmt=json","chan":"stdout","logger":"task"}
{"timestamp":"2025-12-06T16:39:49.044434Z","level":"info","event":"{'name': 'Ludacris', 'id': '3ipn9JLAPI5GUEo4y4jcoi', 'url': 'https://open.spotify.com/artist/3ipn9JLAPI5GUEo4y4jcoi'}","chan":"stdout","logger":"task"}
{"timestamp":"2025-12-06T16:39:49.045838Z","level":"info","event":"https://musicbrainz.org/ws/2/url?resource=https://open.spotify.com/artist/3ipn9JLAPI5GUEo4y4jcoi&inc=artist-rels&fmt=json","chan":"stdout","logger":"task"}
{"timestamp":"2025-12-06T16:39:49.192822Z","level":"info","event":"https://musicbrainz.org/ws/2/artist/0638ba22-040f-438d-83a5-9b670c4adaf5?inc=tags&fmt=json","chan":"stdout","logger":"task"}
{"timestamp":"2025-12-06T16:39:50.348708Z","level":"info","event":"{'name': 'USHER', 'id': '23zg3TcAtWQy7J6upgbUnj', 'url': 'https://open.spotify.com/artist/23zg3TcAtWQy7J6upgbUnj'}","chan":"stdout","logger":"task"}
{"timestamp":"2025-12-06T16:39:50.351001Z","level":"info","event":"https://musicbrainz.org/ws/2/url?resource=https://open.spotify.com/artist/23zg3TcAtWQy7J6upgbUnj&inc=artist-rels&fmt=json","chan":"stdout","logger":"task"}
{"timestamp":"2025-12-06T16:39:50.459999Z","level":"info","event":"https://musicbrainz.org/ws/2/artist/3414d446-735a-443c-931f-10634f57e5b9?inc=tags&fmt=json","chan":"stdout","logger":"task"}
{"timestamp":"2025-12-06T16:39:51.575652Z","level":"info","event":"{'name': 'David Guetta', 'id': '1Cs0zKBU1kc0i8ypK3B9ai', 'url': 'https://open.spotify.com/artist/1Cs0zKBU1kc0i8ypK3B9ai'}","chan":"stdout","logger":"task"}
{"timestamp":"2025-12-06T16:39:51.576538Z","level":"info","event":"https://musicbrainz.org/ws/2/url?resource=https://open.spotify.com/artist/1Cs0zKBU1kc0i8ypK3B9ai&inc=artist-rels&fmt=json","chan":"stdout","logger":"task"}
{"timestamp":"2025-12-06T16:39:51.711421Z","level":"info","event":"Rate limit hit. Retrying in 1s...","chan":"stdout","logger":"task"}
{"timestamp":"2025-12-06T16:39:52.841030Z","level":"info","event":"https://musicbrainz.org/ws/2/artist/302bd7b9-d012-4360-897a-93b00c855680?inc=tags&fmt=json","chan":"stdout","logger":"task"}
{"timestamp":"2025-12-06T16:39:53.960519Z","level":"info","event":"{'name': 'Bridgit Mendler', 'id': '4VhL8KLjVso4vLfOLVViTb', 'url': 'https://open.spotify.com/artist/4VhL8KLjVso4vLfOLVViTb'}","chan":"stdout","logger":"task"}
{"timestamp":"2025-12-06T16:39:53.961738Z","level":"info","event":"https://musicbrainz.org/ws/2/url?resource=https://open.spotify.com/artist/4VhL8KLjVso4vLfOLVViTb&inc=artist-rels&fmt=json","chan":"stdout","logger":"task"}
{"timestamp":"2025-12-06T16:39:54.073539Z","level":"info","event":"https://musicbrainz.org/ws/2/artist/f59f7cee-8f6a-4a6f-b23c-f3b5fdf6208f?inc=tags&fmt=json","chan":"stdout","logger":"task"}
{"timestamp":"2025-12-06T16:39:55.216717Z","level":"info","event":"{'name': 'Kelly Rowland', 'id': '3AuMNF8rQAKOzjYppFNAoB', 'url': 'https://open.spotify.com/artist/3AuMNF8rQAKOzjYppFNAoB'}","chan":"stdout","logger":"task"}
{"timestamp":"2025-12-06T16:39:55.217650Z","level":"info","event":"https://musicbrainz.org/ws/2/url?resource=https://open.spotify.com/artist/3AuMNF8rQAKOzjYppFNAoB&inc=artist-rels&fmt=json","chan":"stdout","logger":"task"}
{"timestamp":"2025-12-06T16:39:55.339193Z","level":"info","event":"https://musicbrainz.org/ws/2/artist/31bea673-d23a-4889-8da1-7cb040863268?inc=tags&fmt=json","chan":"stdout","logger":"task"}
{"timestamp":"2025-12-06T16:39:56.467783Z","level":"info","event":"{'name': 'Meek Mill', 'id': '20sxb77xiYeusSH8cVdatc', 'url': 'https://open.spotify.com/artist/20sxb77xiYeusSH8cVdatc'}","chan":"stdout","logger":"task"}
{"timestamp":"2025-12-06T16:39:56.468931Z","level":"info","event":"https://musicbrainz.org/ws/2/url?resource=https://open.spotify.com/artist/20sxb77xiYeusSH8cVdatc&inc=artist-rels&fmt=json","chan":"stdout","logger":"task"}
{"timestamp":"2025-12-06T16:39:56.587329Z","level":"info","event":"https://musicbrainz.org/ws/2/artist/31bcadcc-e1da-4cad-bec8-2f4f1d41b095?inc=tags&fmt=json","chan":"stdout","logger":"task"}
{"timestamp":"2025-12-06T16:39:57.699764Z","level":"info","event":"{'name': 'Kirko Bangz', 'id': '2r8r62VGJKGi463aH1HJUZ', 'url': 'https://open.spotify.com/artist/2r8r62VGJKGi463aH1HJUZ'}","chan":"stdout","logger":"task"}
{"timestamp":"2025-12-06T16:39:57.700559Z","level":"info","event":"https://musicbrainz.org/ws/2/url?resource=https://open.spotify.com/artist/2r8r62VGJKGi463aH1HJUZ&inc=artist-rels&fmt=json","chan":"stdout","logger":"task"}
{"timestamp":"2025-12-06T16:39:57.820257Z","level":"info","event":"https://musicbrainz.org/ws/2/artist/7e08b1ef-cc96-4b9c-a175-e64aa022bc1d?inc=tags&fmt=json","chan":"stdout","logger":"task"}
{"timestamp":"2025-12-06T16:39:58.935566Z","level":"info","event":"{'name': 'The Game', 'id': '0NbfKEOTQCcwd6o7wSDOHI', 'url': 'https://open.spotify.com/artist/0NbfKEOTQCcwd6o7wSDOHI'}","chan":"stdout","logger":"task"}
{"timestamp":"2025-12-06T16:39:58.936167Z","level":"info","event":"https://musicbrainz.org/ws/2/url?resource=https://open.spotify.com/artist/0NbfKEOTQCcwd6o7wSDOHI&inc=artist-rels&fmt=json","chan":"stdout","logger":"task"}
{"timestamp":"2025-12-06T16:39:59.059365Z","level":"info","event":"https://musicbrainz.org/ws/2/artist/07cc14fb-4784-4a25-804b-2686ed5ef52c?inc=tags&fmt=json","chan":"stdout","logger":"task"}
{"timestamp":"2025-12-06T16:40:00.181112Z","level":"info","event":"{'name': 'Tyga', 'id': '5LHRHt1k9lMyONurDHEdrp', 'url': 'https://open.spotify.com/artist/5LHRHt1k9lMyONurDHEdrp'}","chan":"stdout","logger":"task"}
{"timestamp":"2025-12-06T16:40:00.183621Z","level":"info","event":"https://musicbrainz.org/ws/2/url?resource=https://open.spotify.com/artist/5LHRHt1k9lMyONurDHEdrp&inc=artist-rels&fmt=json","chan":"stdout","logger":"task"}
{"timestamp":"2025-12-06T16:40:00.308685Z","level":"info","event":"https://musicbrainz.org/ws/2/artist/ce09ea31-3d4a-4487-a797-e315175457a0?inc=tags&fmt=json","chan":"stdout","logger":"task"}
{"timestamp":"2025-12-06T16:40:01.420312Z","level":"info","event":"{'name': 'Dierks Bentley', 'id': '7x8nK0m0cP2ksQf0mjWdPS', 'url': 'https://open.spotify.com/artist/7x8nK0m0cP2ksQf0mjWdPS'}","chan":"stdout","logger":"task"}
{"timestamp":"2025-12-06T16:40:01.421556Z","level":"info","event":"https://musicbrainz.org/ws/2/url?resource=https://open.spotify.com/artist/7x8nK0m0cP2ksQf0mjWdPS&inc=artist-rels&fmt=json","chan":"stdout","logger":"task"}
{"timestamp":"2025-12-06T16:40:01.671493Z","level":"info","event":"https://musicbrainz.org/ws/2/artist/6bd7faa9-601f-44db-a2a6-239209f83156?inc=tags&fmt=json","chan":"stdout","logger":"task"}
{"timestamp":"2025-12-06T16:40:01.775477Z","level":"info","event":"Rate limit hit. Retrying in 1s...","chan":"stdout","logger":"task"}
{"timestamp":"2025-12-06T16:40:03.946456Z","level":"info","event":"{'name': 'Beyoncé', 'id': '6vWDO969PvNqNYHIOW5v0m', 'url': 'https://open.spotify.com/artist/6vWDO969PvNqNYHIOW5v0m'}","chan":"stdout","logger":"task"}
{"timestamp":"2025-12-06T16:40:03.950223Z","level":"info","event":"https://musicbrainz.org/ws/2/url?resource=https://open.spotify.com/artist/6vWDO969PvNqNYHIOW5v0m&inc=artist-rels&fmt=json","chan":"stdout","logger":"task"}
{"timestamp":"2025-12-06T16:40:04.084728Z","level":"info","event":"https://musicbrainz.org/ws/2/artist/859d0860-d480-4efd-970c-c05d5f1776b8?inc=tags&fmt=json","chan":"stdout","logger":"task"}
{"timestamp":"2025-12-06T16:40:05.201737Z","level":"info","event":"{'name': 'Passion Pit', 'id': '7gjAu1qr5C2grXeQFFOGeh', 'url': 'https://open.spotify.com/artist/7gjAu1qr5C2grXeQFFOGeh'}","chan":"stdout","logger":"task"}
{"timestamp":"2025-12-06T16:40:05.204420Z","level":"info","event":"https://musicbrainz.org/ws/2/url?resource=https://open.spotify.com/artist/7gjAu1qr5C2grXeQFFOGeh&inc=artist-rels&fmt=json","chan":"stdout","logger":"task"}
{"timestamp":"2025-12-06T16:40:05.328771Z","level":"info","event":"https://musicbrainz.org/ws/2/artist/daeec599-bf5d-4428-994a-e76ba5f86e2f?inc=tags&fmt=json","chan":"stdout","logger":"task"}
{"timestamp":"2025-12-06T16:40:06.623129Z","level":"info","event":"{'name': 'Melanie Martinez', 'id': '63yrD80RY3RNEM2YDpUpO8', 'url': 'https://open.spotify.com/artist/63yrD80RY3RNEM2YDpUpO8'}","chan":"stdout","logger":"task"}
{"timestamp":"2025-12-06T16:40:06.623846Z","level":"info","event":"https://musicbrainz.org/ws/2/url?resource=https://open.spotify.com/artist/63yrD80RY3RNEM2YDpUpO8&inc=artist-rels&fmt=json","chan":"stdout","logger":"task"}
{"timestamp":"2025-12-06T16:40:06.866103Z","level":"info","event":"https://musicbrainz.org/ws/2/artist/0df563ec-1a79-486e-a46d-5b9862a40311?inc=tags&fmt=json","chan":"stdout","logger":"task"}
{"timestamp":"2025-12-06T16:40:08.010850Z","level":"info","event":"{'name': 'Cassadee Pope', 'id': '7ahuvq1mbb4idwG1iJbSFG', 'url': 'https://open.spotify.com/artist/7ahuvq1mbb4idwG1iJbSFG'}","chan":"stdout","logger":"task"}
{"timestamp":"2025-12-06T16:40:08.011441Z","level":"info","event":"https://musicbrainz.org/ws/2/url?resource=https://open.spotify.com/artist/7ahuvq1mbb4idwG1iJbSFG&inc=artist-rels&fmt=json","chan":"stdout","logger":"task"}
{"timestamp":"2025-12-06T16:40:08.214363Z","level":"info","event":"https://musicbrainz.org/ws/2/artist/4b714531-2c81-48d2-b134-4197f820caa1?inc=tags&fmt=json","chan":"stdout","logger":"task"}
{"timestamp":"2025-12-06T16:40:09.403239Z","level":"info","event":"{'name': 'Tim McGraw', 'id': '6roFdX1y5BYSbp60OTJWMd', 'url': 'https://open.spotify.com/artist/6roFdX1y5BYSbp60OTJWMd'}","chan":"stdout","logger":"task"}
{"timestamp":"2025-12-06T16:40:09.408394Z","level":"info","event":"https://musicbrainz.org/ws/2/url?resource=https://open.spotify.com/artist/6roFdX1y5BYSbp60OTJWMd&inc=artist-rels&fmt=json","chan":"stdout","logger":"task"}
{"timestamp":"2025-12-06T16:40:09.551926Z","level":"info","event":"https://musicbrainz.org/ws/2/artist/7e5cfc9a-e9e1-46f1-b81a-861b12049488?inc=tags&fmt=json","chan":"stdout","logger":"task"}
{"timestamp":"2025-12-06T16:40:10.783352Z","level":"info","event":"{'name': 'Christina Perri', 'id': '7H55rcKCfwqkyDFH9wpKM6', 'url': 'https://open.spotify.com/artist/7H55rcKCfwqkyDFH9wpKM6'}","chan":"stdout","logger":"task"}
{"timestamp":"2025-12-06T16:40:10.784218Z","level":"info","event":"https://musicbrainz.org/ws/2/url?resource=https://open.spotify.com/artist/7H55rcKCfwqkyDFH9wpKM6&inc=artist-rels&fmt=json","chan":"stdout","logger":"task"}
{"timestamp":"2025-12-06T16:40:10.891971Z","level":"info","event":"https://musicbrainz.org/ws/2/artist/38d363c7-fdcb-4308-9474-a0d14ab8d9b7?inc=tags&fmt=json","chan":"stdout","logger":"task"}
{"timestamp":"2025-12-06T16:40:12.001346Z","level":"info","event":"{'name': 'Steve Kazee', 'id': '2E0WuV49YeVlDWrmLf4jKK', 'url': 'https://open.spotify.com/artist/2E0WuV49YeVlDWrmLf4jKK'}","chan":"stdout","logger":"task"}
{"timestamp":"2025-12-06T16:40:12.002636Z","level":"info","event":"https://musicbrainz.org/ws/2/url?resource=https://open.spotify.com/artist/2E0WuV49YeVlDWrmLf4jKK&inc=artist-rels&fmt=json","chan":"stdout","logger":"task"}
{"timestamp":"2025-12-06T16:40:12.129098Z","level":"info","event":"https://musicbrainz.org/ws/2/artist/ece63be8-9d98-4bc9-b913-12ddb445a8d2?inc=tags&fmt=json","chan":"stdout","logger":"task"}
{"timestamp":"2025-12-06T16:40:13.251961Z","level":"info","event":"{'name': 'Cher Lloyd', 'id': '4m4SfDVbF5wxrwEjDKgi4k', 'url': 'https://open.spotify.com/artist/4m4SfDVbF5wxrwEjDKgi4k'}","chan":"stdout","logger":"task"}
{"timestamp":"2025-12-06T16:40:13.253210Z","level":"info","event":"https://musicbrainz.org/ws/2/url?resource=https://open.spotify.com/artist/4m4SfDVbF5wxrwEjDKgi4k&inc=artist-rels&fmt=json","chan":"stdout","logger":"task"}
{"timestamp":"2025-12-06T16:40:13.367217Z","level":"info","event":"https://musicbrainz.org/ws/2/artist/48fbfb0b-92ee-45eb-99c2-0bde4c05962e?inc=tags&fmt=json","chan":"stdout","logger":"task"}
{"timestamp":"2025-12-06T16:40:14.494654Z","level":"info","event":"{'name': 'Becky G', 'id': '4obzFoKoKRHIphyHzJ35G3', 'url': 'https://open.spotify.com/artist/4obzFoKoKRHIphyHzJ35G3'}","chan":"stdout","logger":"task"}
{"timestamp":"2025-12-06T16:40:14.495713Z","level":"info","event":"https://musicbrainz.org/ws/2/url?resource=https://open.spotify.com/artist/4obzFoKoKRHIphyHzJ35G3&inc=artist-rels&fmt=json","chan":"stdout","logger":"task"}
{"timestamp":"2025-12-06T16:40:14.778347Z","level":"info","event":"https://musicbrainz.org/ws/2/artist/eb90c8b8-d733-4c14-a293-105c3d1ba9b3?inc=tags&fmt=json","chan":"stdout","logger":"task"}
{"timestamp":"2025-12-06T16:40:15.937109Z","level":"info","event":"{'name': 'George Strait', 'id': '5vngPClqofybhPERIqQMYd', 'url': 'https://open.spotify.com/artist/5vngPClqofybhPERIqQMYd'}","chan":"stdout","logger":"task"}
{"timestamp":"2025-12-06T16:40:15.937424Z","level":"info","event":"https://musicbrainz.org/ws/2/url?resource=https://open.spotify.com/artist/5vngPClqofybhPERIqQMYd&inc=artist-rels&fmt=json","chan":"stdout","logger":"task"}
{"timestamp":"2025-12-06T16:40:16.072151Z","level":"info","event":"https://musicbrainz.org/ws/2/artist/5ab2cf34-517e-48eb-b3a5-34e1cbcd600a?inc=tags&fmt=json","chan":"stdout","logger":"task"}
{"timestamp":"2025-12-06T16:40:17.223544Z","level":"info","event":"Fetching audio details for 100 songs...","chan":"stdout","logger":"task"}
{"timestamp":"2025-12-06T16:40:17.224909Z","level":"info","event":"  Fetching batch 1/3 (40 songs)...","chan":"stdout","logger":"task"}
{"timestamp":"2025-12-06T16:40:18.280939Z","level":"info","event":"  Retrieved 29 song details","chan":"stdout","logger":"task"}
{"timestamp":"2025-12-06T16:40:20.283167Z","level":"info","event":"  Fetching batch 2/3 (40 songs)...","chan":"stdout","logger":"task"}
{"timestamp":"2025-12-06T16:40:21.355154Z","level":"info","event":"  Retrieved 31 song details","chan":"stdout","logger":"task"}
{"timestamp":"2025-12-06T16:40:23.364753Z","level":"info","event":"  Fetching batch 3/3 (20 songs)...","chan":"stdout","logger":"task"}
{"timestamp":"2025-12-06T16:40:24.318336Z","level":"info","event":"  Retrieved 17 song details","chan":"stdout","logger":"task"}
{"timestamp":"2025-12-06T16:40:24.319277Z","level":"info","event":"Fetching audio analysis for 77 songs...","chan":"stdout","logger":"task"}
{"timestamp":"2025-12-06T16:40:35.690451Z","level":"info","event":"  Processing audio analysis 10/77...","chan":"stdout","logger":"task"}
{"timestamp":"2025-12-06T16:40:48.070588Z","level":"info","event":"  Processing audio analysis 20/77...","chan":"stdout","logger":"task"}
{"timestamp":"2025-12-06T16:41:00.977047Z","level":"info","event":"  Processing audio analysis 30/77...","chan":"stdout","logger":"task"}
{"timestamp":"2025-12-06T16:41:14.201251Z","level":"info","event":"  Processing audio analysis 40/77...","chan":"stdout","logger":"task"}
{"timestamp":"2025-12-06T16:41:24.626398Z","level":"info","event":"  Processing audio analysis 50/77...","chan":"stdout","logger":"task"}
{"timestamp":"2025-12-06T16:41:35.074565Z","level":"info","event":"  Processing audio analysis 60/77...","chan":"stdout","logger":"task"}
{"timestamp":"2025-12-06T16:41:46.141124Z","level":"info","event":"  Processing audio analysis 70/77...","chan":"stdout","logger":"task"}
{"timestamp":"2025-12-06T16:41:55.053456Z","level":"info","event":"Completed fetching audio details for 77 songs","chan":"stdout","logger":"task"}
{"timestamp":"2025-12-06T16:41:55.115497Z","level":"info","event":"DEBUG: DATABASE_URL value: postgresql+psycopg2:****@postgres/music_warehouse","chan":"stdout","logger":"task"}
{"timestamp":"2025-12-06T16:41:55.169520Z","level":"info","event":"TYPE OF ENGINE: <class 'sqlalchemy.engine.base.Engine'>","chan":"stdout","logger":"task"}
{"timestamp":"2025-12-06T16:41:55.169738Z","level":"info","event":"ENGINE DIR: ['__class__', '__delattr__', '__dict__', '__dir__', '__doc__', '__eq__', '__format__', '__ge__', '__getattribute__', '__getstate__', '__gt__', '__hash__', '__init__', '__init_subclass__', '__le__', '__lt__', '__module__', '__ne__', '__new__', '__reduce__', '__reduce_ex__', '__repr__', '__setattr__', '__sizeof__', '__str__', '__subclasshook__', '__weakref__', '_compiled_cache', '_connection_cls', '_echo', '_execute_clauseelement', '_execute_compiled', '_execute_default', '_execution_options', '_has_events', '_is_future', '_lru_size_alert', '_option_cls', '_optional_conn_ctx_manager', '_run_ddl_visitor', '_run_visitor', '_schema_translate_map', '_should_log_debug', '_should_log_info', '_sqla_logger_namespace', '_trans_ctx', '_wrap_pool_connect', 'begin', 'clear_compiled_cache', 'connect', 'dialect', 'dispatch', 'dispose', 'driver', 'echo', 'engine', 'execute', 'execution_options', 'get_execution_options', 'has_table', 'hide_parameters', 'logger', 'logging_name', 'name', 'pool', 'raw_connection', 'run_callable', 'scalar', 'table_names', 'transaction', 'update_execution_options', 'url']","chan":"stdout","logger":"task"}
{"timestamp":"2025-12-06T16:41:55.169835Z","level":"info","event":"IS SQLALCHEMY ENGINE: True","chan":"stdout","logger":"task"}
{"timestamp":"2025-12-06T16:41:55.169944Z","level":"info","event":"Database connection successful","chan":"stdout","logger":"task"}
{"timestamp":"2025-12-06T16:41:55.170011Z","level":"info","event":"Loading chart_weeks (1 rows)...","chan":"stdout","logger":"task"}
{"timestamp":"2025-12-06T16:41:55.203504Z","level":"info","event":"  Exported CSV to data_exports/chart_weeks.csv","chan":"stdout","logger":"task"}
{"timestamp":"2025-12-06T16:41:55.204521Z","level":"info","event":"Loading songs (100 rows)...","chan":"stdout","logger":"task"}
{"timestamp":"2025-12-06T16:41:55.219167Z","level":"info","event":"  Exported CSV to data_exports/songs.csv","chan":"stdout","logger":"task"}
{"timestamp":"2025-12-06T16:41:55.219760Z","level":"info","event":"Loading artists (109 rows)...","chan":"stdout","logger":"task"}
{"timestamp":"2025-12-06T16:41:55.225653Z","level":"info","event":"  Exported CSV to data_exports/artists.csv","chan":"stdout","logger":"task"}
{"timestamp":"2025-12-06T16:41:55.226370Z","level":"info","event":"Loading song_artists (143 rows)...","chan":"stdout","logger":"task"}
{"timestamp":"2025-12-06T16:41:55.232813Z","level":"info","event":"  Exported CSV to data_exports/song_artists.csv","chan":"stdout","logger":"task"}
{"timestamp":"2025-12-06T16:41:55.233704Z","level":"info","event":"Loading chart_entries (100 rows)...","chan":"stdout","logger":"task"}
{"timestamp":"2025-12-06T16:41:55.247485Z","level":"info","event":"  Exported CSV to data_exports/chart_entries.csv","chan":"stdout","logger":"task"}
{"timestamp":"2025-12-06T16:41:55.247622","level":"info","event":"Done. Returned value was: None","logger":"airflow.task.operators.airflow.providers.standard.operators.python.PythonOperator"}
{"timestamp":"2025-12-06T16:41:55.303425Z","level":"info","event":"Task instance in success state","chan":"stdout","logger":"task"}
{"timestamp":"2025-12-06T16:41:55.304028Z","level":"info","event":" Previous state of the Task instance: TaskInstanceState.RUNNING","chan":"stdout","logger":"task"}
{"timestamp":"2025-12-06T16:41:55.306309Z","level":"info","event":"Task operator:<Task(PythonOperator): load_music_data>","chan":"stdout","logger":"task"}
