{"timestamp":"2025-12-06T21:26:49.028585","level":"info","event":"DAG bundles loaded: dags-folder, example_dags","logger":"airflow.dag_processing.bundles.manager.DagBundlesManager"}
{"timestamp":"2025-12-06T21:26:49.029413","level":"info","event":"Filling up the DagBag from /opt/airflow/dags/music_load_dag.py","logger":"airflow.models.dagbag.DagBag"}
{"timestamp":"2025-12-06T21:26:49.147570Z","level":"info","event":"postgresql+psycopg2://airflow:airflow@postgres/airflow","chan":"stdout","logger":"task"}
{"timestamp":"2025-12-06T21:26:49.211278Z","level":"info","event":"Task instance is in running state","chan":"stdout","logger":"task"}
{"timestamp":"2025-12-06T21:26:49.214450Z","level":"info","event":" Previous state of the Task instance: TaskInstanceState.QUEUED","chan":"stdout","logger":"task"}
{"timestamp":"2025-12-06T21:26:49.214657Z","level":"info","event":"Current task name:load_music_data","chan":"stdout","logger":"task"}
{"timestamp":"2025-12-06T21:26:49.214792Z","level":"info","event":"Dag name:weekly_music_pipeline","chan":"stdout","logger":"task"}
{"timestamp":"2025-12-06T21:27:09.160945Z","level":"info","event":"  Searching Spotify for 100 songs...","chan":"stdout","logger":"task"}
{"timestamp":"2025-12-06T21:27:09.162316Z","level":"info","event":"  Processing song 1/100: Just Give Me A Reason by P!nk Featuring Nate Ruess","chan":"stdout","logger":"task"}
{"timestamp":"2025-12-06T21:27:11.293637Z","level":"info","event":"1","chan":"stdout","logger":"task"}
{"timestamp":"2025-12-06T21:27:12.338496Z","level":"info","event":"2","chan":"stdout","logger":"task"}
{"timestamp":"2025-12-06T21:27:13.967360Z","level":"info","event":"3","chan":"stdout","logger":"task"}
{"timestamp":"2025-12-06T21:27:15.573868Z","level":"info","event":"4","chan":"stdout","logger":"task"}
{"timestamp":"2025-12-06T21:27:16.420945Z","level":"info","event":"5","chan":"stdout","logger":"task"}
{"timestamp":"2025-12-06T22:11:08.905943Z","level":"info","event":"6","chan":"stdout","logger":"task"}
{"timestamp":"2025-12-06T22:11:09.812090Z","level":"info","event":"7","chan":"stdout","logger":"task"}
{"timestamp":"2025-12-06T22:11:10.589302Z","level":"info","event":"8","chan":"stdout","logger":"task"}
{"timestamp":"2025-12-06T22:11:11.248685Z","level":"info","event":"9","chan":"stdout","logger":"task"}
{"timestamp":"2025-12-06T22:11:11.250192Z","level":"info","event":"  Processing song 10/100: Heart Attack by Demi Lovato","chan":"stdout","logger":"task"}
{"timestamp":"2025-12-06T22:11:13.547861Z","level":"info","event":"10","chan":"stdout","logger":"task"}
