{"timestamp":"2025-12-07T04:54:42.635520","level":"info","event":"DAG bundles loaded: dags-folder, example_dags","logger":"airflow.dag_processing.bundles.manager.DagBundlesManager"}
{"timestamp":"2025-12-07T04:54:42.636242","level":"info","event":"Filling up the DagBag from /opt/airflow/dags/music_load_dag.py","logger":"airflow.models.dagbag.DagBag"}
{"timestamp":"2025-12-07T04:54:42.786339Z","level":"info","event":"postgresql+psycopg2://airflow:airflow@postgres/airflow","chan":"stdout","logger":"task"}
{"timestamp":"2025-12-07T04:54:42.994017Z","level":"info","event":"Task instance is in running state","chan":"stdout","logger":"task"}
{"timestamp":"2025-12-07T04:54:42.994412Z","level":"info","event":" Previous state of the Task instance: TaskInstanceState.QUEUED","chan":"stdout","logger":"task"}
{"timestamp":"2025-12-07T04:54:42.994678Z","level":"info","event":"Current task name:load_music_data","chan":"stdout","logger":"task"}
{"timestamp":"2025-12-07T04:54:42.994780Z","level":"info","event":"Dag name:weekly_music_pipeline","chan":"stdout","logger":"task"}
{"timestamp":"2025-12-07T04:59:01.885490Z","level":"info","event":"  Searching Spotify for 100 songs...","chan":"stdout","logger":"task"}
{"timestamp":"2025-12-07T04:59:01.886949Z","level":"info","event":"  Processing song 1/100: Blurred Lines by Robin Thicke Featuring T.I. + Pharrell","chan":"stdout","logger":"task"}
{"timestamp":"2025-12-07T04:59:02.615275Z","level":"info","event":"1","chan":"stdout","logger":"task"}
{"timestamp":"2025-12-07T04:59:03.247662Z","level":"info","event":"2","chan":"stdout","logger":"task"}
{"timestamp":"2025-12-07T04:59:03.903056Z","level":"info","event":"3","chan":"stdout","logger":"task"}
{"timestamp":"2025-12-07T04:59:04.548648Z","level":"info","event":"4","chan":"stdout","logger":"task"}
{"timestamp":"2025-12-07T04:59:05.166097Z","level":"info","event":"5","chan":"stdout","logger":"task"}
{"timestamp":"2025-12-07T04:59:05.873167Z","level":"info","event":"6","chan":"stdout","logger":"task"}
{"timestamp":"2025-12-07T04:59:06.514891Z","level":"info","event":"7","chan":"stdout","logger":"task"}
{"timestamp":"2025-12-07T04:59:07.378653Z","level":"info","event":"8","chan":"stdout","logger":"task"}
{"timestamp":"2025-12-07T04:59:08.143306Z","level":"info","event":"9","chan":"stdout","logger":"task"}
{"timestamp":"2025-12-07T04:59:08.144061Z","level":"info","event":"  Processing song 10/100: The Way by Ariana Grande Featuring Mac Miller","chan":"stdout","logger":"task"}
{"timestamp":"2025-12-07T04:59:08.889226Z","level":"info","event":"10","chan":"stdout","logger":"task"}
{"timestamp":"2025-12-07T04:59:09.602616Z","level":"info","event":"11","chan":"stdout","logger":"task"}
{"timestamp":"2025-12-07T04:59:10.487536Z","level":"info","event":"12","chan":"stdout","logger":"task"}
{"timestamp":"2025-12-07T04:59:11.201009Z","level":"info","event":"13","chan":"stdout","logger":"task"}
{"timestamp":"2025-12-07T04:59:12.067680Z","level":"info","event":"14","chan":"stdout","logger":"task"}
{"timestamp":"2025-12-07T04:59:12.747998Z","level":"info","event":"15","chan":"stdout","logger":"task"}
{"timestamp":"2025-12-07T04:59:13.445043Z","level":"info","event":"16","chan":"stdout","logger":"task"}
{"timestamp":"2025-12-07T04:59:14.191182Z","level":"info","event":"17","chan":"stdout","logger":"task"}
{"timestamp":"2025-12-07T04:59:14.890160Z","level":"info","event":"18","chan":"stdout","logger":"task"}
{"timestamp":"2025-12-07T04:59:15.671385Z","level":"info","event":"19","chan":"stdout","logger":"task"}
{"timestamp":"2025-12-07T04:59:15.672004Z","level":"info","event":"  Processing song 20/100: Boys 'Round Here by Blake Shelton Featuring Pistol Annies & Friends","chan":"stdout","logger":"task"}
{"timestamp":"2025-12-07T04:59:16.466700Z","level":"info","event":"20","chan":"stdout","logger":"task"}
{"timestamp":"2025-12-07T04:59:17.232023Z","level":"info","event":"21","chan":"stdout","logger":"task"}
{"timestamp":"2025-12-07T04:59:17.928166Z","level":"info","event":"22","chan":"stdout","logger":"task"}
{"timestamp":"2025-12-07T04:59:18.646346Z","level":"info","event":"23","chan":"stdout","logger":"task"}
{"timestamp":"2025-12-07T04:59:19.318808Z","level":"info","event":"24","chan":"stdout","logger":"task"}
{"timestamp":"2025-12-07T04:59:20.129550Z","level":"info","event":"25","chan":"stdout","logger":"task"}
{"timestamp":"2025-12-07T04:59:20.916846Z","level":"info","event":"26","chan":"stdout","logger":"task"}
{"timestamp":"2025-12-07T04:59:21.615495Z","level":"info","event":"27","chan":"stdout","logger":"task"}
{"timestamp":"2025-12-07T04:59:22.444603Z","level":"info","event":"28","chan":"stdout","logger":"task"}
{"timestamp":"2025-12-07T04:59:23.129638Z","level":"info","event":"29","chan":"stdout","logger":"task"}
{"timestamp":"2025-12-07T04:59:23.130415Z","level":"info","event":"  Processing song 30/100: U.O.E.N.O. by Rocko Featuring Future & Rick Ross","chan":"stdout","logger":"task"}
{"timestamp":"2025-12-07T04:59:23.840766Z","level":"info","event":"30","chan":"stdout","logger":"task"}
{"timestamp":"2025-12-07T04:59:24.592536Z","level":"info","event":"31","chan":"stdout","logger":"task"}
{"timestamp":"2025-12-07T04:59:25.318257Z","level":"info","event":"32","chan":"stdout","logger":"task"}
{"timestamp":"2025-12-07T04:59:26.251300Z","level":"info","event":"33","chan":"stdout","logger":"task"}
{"timestamp":"2025-12-07T04:59:26.894085Z","level":"info","event":"34","chan":"stdout","logger":"task"}
{"timestamp":"2025-12-07T04:59:27.618304Z","level":"info","event":"35","chan":"stdout","logger":"task"}
{"timestamp":"2025-12-07T04:59:28.280602Z","level":"info","event":"36","chan":"stdout","logger":"task"}
{"timestamp":"2025-12-07T04:59:28.938393Z","level":"info","event":"37","chan":"stdout","logger":"task"}
{"timestamp":"2025-12-07T04:59:29.533773Z","level":"info","event":"38","chan":"stdout","logger":"task"}
{"timestamp":"2025-12-07T04:59:30.254292Z","level":"info","event":"39","chan":"stdout","logger":"task"}
{"timestamp":"2025-12-07T04:59:30.254833Z","level":"info","event":"  Processing song 40/100: Rich As F**k by Lil Wayne Featuring 2 Chainz","chan":"stdout","logger":"task"}
{"timestamp":"2025-12-07T04:59:31.479254Z","level":"info","event":"40","chan":"stdout","logger":"task"}
{"timestamp":"2025-12-07T04:59:32.812283Z","level":"info","event":"41","chan":"stdout","logger":"task"}
{"timestamp":"2025-12-07T04:59:33.881072Z","level":"info","event":"42","chan":"stdout","logger":"task"}
{"timestamp":"2025-12-07T04:59:34.638093Z","level":"info","event":"43","chan":"stdout","logger":"task"}
{"timestamp":"2025-12-07T04:59:35.319058Z","level":"info","event":"44","chan":"stdout","logger":"task"}
{"timestamp":"2025-12-07T04:59:36.129594Z","level":"info","event":"45","chan":"stdout","logger":"task"}
{"timestamp":"2025-12-07T04:59:37.114589Z","level":"info","event":"46","chan":"stdout","logger":"task"}
{"timestamp":"2025-12-07T04:59:37.860972Z","level":"info","event":"47","chan":"stdout","logger":"task"}
{"timestamp":"2025-12-07T04:59:38.794664Z","level":"info","event":"48","chan":"stdout","logger":"task"}
{"timestamp":"2025-12-07T04:59:39.713077Z","level":"info","event":"49","chan":"stdout","logger":"task"}
{"timestamp":"2025-12-07T04:59:39.713373Z","level":"info","event":"  Processing song 50/100: Tapout by Rich Gang Featuring Lil Wayne, Birdman, Future, Mack Maine, Nicki Minaj","chan":"stdout","logger":"task"}
{"timestamp":"2025-12-07T04:59:40.533773Z","level":"info","event":"50","chan":"stdout","logger":"task"}
{"timestamp":"2025-12-07T04:59:41.206263Z","level":"info","event":"51","chan":"stdout","logger":"task"}
{"timestamp":"2025-12-07T04:59:41.861005Z","level":"info","event":"52","chan":"stdout","logger":"task"}
{"timestamp":"2025-12-07T04:59:42.519518Z","level":"info","event":"53","chan":"stdout","logger":"task"}
{"timestamp":"2025-12-07T04:59:43.137067Z","level":"info","event":"54","chan":"stdout","logger":"task"}
{"timestamp":"2025-12-07T04:59:43.808577Z","level":"info","event":"55","chan":"stdout","logger":"task"}
{"timestamp":"2025-12-07T04:59:44.490098Z","level":"info","event":"56","chan":"stdout","logger":"task"}
{"timestamp":"2025-12-07T04:59:45.388442Z","level":"info","event":"57","chan":"stdout","logger":"task"}
{"timestamp":"2025-12-07T04:59:46.010404Z","level":"info","event":"58","chan":"stdout","logger":"task"}
{"timestamp":"2025-12-07T04:59:46.881839Z","level":"info","event":"59","chan":"stdout","logger":"task"}
{"timestamp":"2025-12-07T04:59:46.882245Z","level":"info","event":"  Processing song 60/100: Round Here by Florida Georgia Line","chan":"stdout","logger":"task"}
{"timestamp":"2025-12-07T04:59:47.807057Z","level":"info","event":"60","chan":"stdout","logger":"task"}
{"timestamp":"2025-12-07T04:59:48.824979Z","level":"info","event":"61","chan":"stdout","logger":"task"}
{"timestamp":"2025-12-07T04:59:49.459488Z","level":"info","event":"62","chan":"stdout","logger":"task"}
{"timestamp":"2025-12-07T04:59:50.196025Z","level":"info","event":"63","chan":"stdout","logger":"task"}
{"timestamp":"2025-12-07T04:59:50.940410Z","level":"info","event":"64","chan":"stdout","logger":"task"}
{"timestamp":"2025-12-07T04:59:51.688035Z","level":"info","event":"65","chan":"stdout","logger":"task"}
{"timestamp":"2025-12-07T04:59:52.277868Z","level":"info","event":"66","chan":"stdout","logger":"task"}
{"timestamp":"2025-12-07T04:59:52.938364Z","level":"info","event":"67","chan":"stdout","logger":"task"}
{"timestamp":"2025-12-07T04:59:53.548465Z","level":"info","event":"68","chan":"stdout","logger":"task"}
{"timestamp":"2025-12-07T04:59:54.316897Z","level":"info","event":"69","chan":"stdout","logger":"task"}
{"timestamp":"2025-12-07T04:59:54.317103Z","level":"info","event":"  Processing song 70/100: Harlem Shake by Baauer","chan":"stdout","logger":"task"}
{"timestamp":"2025-12-07T04:59:55.010094Z","level":"info","event":"70","chan":"stdout","logger":"task"}
{"timestamp":"2025-12-07T04:59:55.637501Z","level":"info","event":"71","chan":"stdout","logger":"task"}
{"timestamp":"2025-12-07T04:59:56.387969Z","level":"info","event":"72","chan":"stdout","logger":"task"}
{"timestamp":"2025-12-07T04:59:56.995877Z","level":"info","event":"73","chan":"stdout","logger":"task"}
{"timestamp":"2025-12-07T04:59:57.679902Z","level":"info","event":"74","chan":"stdout","logger":"task"}
{"timestamp":"2025-12-07T04:59:58.506033Z","level":"info","event":"75","chan":"stdout","logger":"task"}
{"timestamp":"2025-12-07T04:59:59.223547Z","level":"info","event":"76","chan":"stdout","logger":"task"}
{"timestamp":"2025-12-07T04:59:59.825251Z","level":"info","event":"77","chan":"stdout","logger":"task"}
{"timestamp":"2025-12-07T05:00:00.471868Z","level":"info","event":"78","chan":"stdout","logger":"task"}
{"timestamp":"2025-12-07T05:00:01.220289Z","level":"info","event":"79","chan":"stdout","logger":"task"}
{"timestamp":"2025-12-07T05:00:01.221412Z","level":"info","event":"  Processing song 80/100: Gentleman by PSY","chan":"stdout","logger":"task"}
{"timestamp":"2025-12-07T05:00:01.942701Z","level":"info","event":"80","chan":"stdout","logger":"task"}
{"timestamp":"2025-12-07T05:00:02.673120Z","level":"info","event":"81","chan":"stdout","logger":"task"}
{"timestamp":"2025-12-07T05:00:03.498524Z","level":"info","event":"82","chan":"stdout","logger":"task"}
{"timestamp":"2025-12-07T05:00:04.426862Z","level":"info","event":"83","chan":"stdout","logger":"task"}
{"timestamp":"2025-12-07T05:00:05.276088Z","level":"info","event":"84","chan":"stdout","logger":"task"}
{"timestamp":"2025-12-07T05:00:06.301032Z","level":"info","event":"85","chan":"stdout","logger":"task"}
{"timestamp":"2025-12-07T05:00:07.396851Z","level":"info","event":"86","chan":"stdout","logger":"task"}
{"timestamp":"2025-12-07T05:00:08.448693Z","level":"info","event":"87","chan":"stdout","logger":"task"}
{"timestamp":"2025-12-07T05:00:09.423417Z","level":"info","event":"88","chan":"stdout","logger":"task"}
{"timestamp":"2025-12-07T05:00:10.079193Z","level":"info","event":"89","chan":"stdout","logger":"task"}
{"timestamp":"2025-12-07T05:00:10.079826Z","level":"info","event":"  Processing song 90/100: New Slaves by Kanye West","chan":"stdout","logger":"task"}
{"timestamp":"2025-12-07T05:00:11.043930Z","level":"info","event":"90","chan":"stdout","logger":"task"}
{"timestamp":"2025-12-07T05:00:11.720448Z","level":"info","event":"91","chan":"stdout","logger":"task"}
{"timestamp":"2025-12-07T05:00:12.440500Z","level":"info","event":"92","chan":"stdout","logger":"task"}
{"timestamp":"2025-12-07T05:00:13.199044Z","level":"info","event":"93","chan":"stdout","logger":"task"}
{"timestamp":"2025-12-07T05:00:14.014737Z","level":"info","event":"94","chan":"stdout","logger":"task"}
{"timestamp":"2025-12-07T05:00:14.743628Z","level":"info","event":"95","chan":"stdout","logger":"task"}
{"timestamp":"2025-12-07T05:00:15.498502Z","level":"info","event":"96","chan":"stdout","logger":"task"}
{"timestamp":"2025-12-07T05:00:16.202774Z","level":"info","event":"97","chan":"stdout","logger":"task"}
{"timestamp":"2025-12-07T05:00:17.085555Z","level":"info","event":"98","chan":"stdout","logger":"task"}
{"timestamp":"2025-12-07T05:00:17.789837Z","level":"info","event":"99","chan":"stdout","logger":"task"}
{"timestamp":"2025-12-07T05:00:17.790534Z","level":"info","event":"  Processing song 100/100: Beware by Big Sean Featuring Lil Wayne & Jhene Aiko","chan":"stdout","logger":"task"}
{"timestamp":"2025-12-07T05:00:18.436280Z","level":"info","event":"100","chan":"stdout","logger":"task"}
{"timestamp":"2025-12-07T05:00:18.436824Z","level":"info","event":"{'name': 'Robin Thicke', 'id': '0ZrpamOxcZybMHGg1AYtHP', 'url': 'https://open.spotify.com/artist/0ZrpamOxcZybMHGg1AYtHP'}","chan":"stdout","logger":"task"}
{"timestamp":"2025-12-07T05:00:18.437027Z","level":"info","event":"https://musicbrainz.org/ws/2/url?resource=https://open.spotify.com/artist/0ZrpamOxcZybMHGg1AYtHP&inc=artist-rels&fmt=json","chan":"stdout","logger":"task"}
{"timestamp":"2025-12-07T05:00:18.958013Z","level":"info","event":"https://musicbrainz.org/ws/2/artist/ddfd9b2f-186e-4b2c-ad09-01aa5380c225?inc=tags&fmt=json","chan":"stdout","logger":"task"}
{"timestamp":"2025-12-07T05:00:20.134085Z","level":"info","event":"{'name': 'T.I.', 'id': '4OBJLual30L7gRl5UkeRcT', 'url': 'https://open.spotify.com/artist/4OBJLual30L7gRl5UkeRcT'}","chan":"stdout","logger":"task"}
{"timestamp":"2025-12-07T05:00:20.134464Z","level":"info","event":"https://musicbrainz.org/ws/2/url?resource=https://open.spotify.com/artist/4OBJLual30L7gRl5UkeRcT&inc=artist-rels&fmt=json","chan":"stdout","logger":"task"}
{"timestamp":"2025-12-07T05:00:20.357435Z","level":"info","event":"https://musicbrainz.org/ws/2/artist/f7ba7fbe-c6bd-4ac0-bee9-c25c558d7d62?inc=tags&fmt=json","chan":"stdout","logger":"task"}
{"timestamp":"2025-12-07T05:00:21.585366Z","level":"info","event":"{'name': 'Pharrell Williams', 'id': '2RdwBSPQiwcmiDo9kixcl8', 'url': 'https://open.spotify.com/artist/2RdwBSPQiwcmiDo9kixcl8'}","chan":"stdout","logger":"task"}
{"timestamp":"2025-12-07T05:00:21.586526Z","level":"info","event":"https://musicbrainz.org/ws/2/url?resource=https://open.spotify.com/artist/2RdwBSPQiwcmiDo9kixcl8&inc=artist-rels&fmt=json","chan":"stdout","logger":"task"}
{"timestamp":"2025-12-07T05:00:21.790044Z","level":"info","event":"https://musicbrainz.org/ws/2/artist/149f91ef-1287-46da-9a8e-87fee02f1471?inc=tags&fmt=json","chan":"stdout","logger":"task"}
{"timestamp":"2025-12-07T05:00:22.975408Z","level":"info","event":"{'name': 'Daft Punk', 'id': '4tZwfgrHOc3mvqYlEYSvVi', 'url': 'https://open.spotify.com/artist/4tZwfgrHOc3mvqYlEYSvVi'}","chan":"stdout","logger":"task"}
{"timestamp":"2025-12-07T05:00:22.977723Z","level":"info","event":"https://musicbrainz.org/ws/2/url?resource=https://open.spotify.com/artist/4tZwfgrHOc3mvqYlEYSvVi&inc=artist-rels&fmt=json","chan":"stdout","logger":"task"}
{"timestamp":"2025-12-07T05:00:23.233915Z","level":"info","event":"https://musicbrainz.org/ws/2/artist/056e4f3e-d505-4dad-8ec1-d04f521cbb56?inc=tags&fmt=json","chan":"stdout","logger":"task"}
{"timestamp":"2025-12-07T05:00:24.406066Z","level":"info","event":"{'name': 'Nile Rodgers', 'id': '3yDIp0kaq9EFKe07X1X2rz', 'url': 'https://open.spotify.com/artist/3yDIp0kaq9EFKe07X1X2rz'}","chan":"stdout","logger":"task"}
{"timestamp":"2025-12-07T05:00:24.408450Z","level":"info","event":"https://musicbrainz.org/ws/2/url?resource=https://open.spotify.com/artist/3yDIp0kaq9EFKe07X1X2rz&inc=artist-rels&fmt=json","chan":"stdout","logger":"task"}
{"timestamp":"2025-12-07T05:00:24.577134Z","level":"info","event":"https://musicbrainz.org/ws/2/artist/c6d571dd-c0ae-4ac8-9500-780b1b9b25e5?inc=tags&fmt=json","chan":"stdout","logger":"task"}
{"timestamp":"2025-12-07T05:00:25.743136Z","level":"info","event":"{'name': 'Miley Cyrus', 'id': '5YGY8feqx7naU7z4HrwZM6', 'url': 'https://open.spotify.com/artist/5YGY8feqx7naU7z4HrwZM6'}","chan":"stdout","logger":"task"}
{"timestamp":"2025-12-07T05:00:25.744020Z","level":"info","event":"https://musicbrainz.org/ws/2/url?resource=https://open.spotify.com/artist/5YGY8feqx7naU7z4HrwZM6&inc=artist-rels&fmt=json","chan":"stdout","logger":"task"}
{"timestamp":"2025-12-07T05:00:25.884124Z","level":"info","event":"https://musicbrainz.org/ws/2/artist/7e9bd05a-117f-4cce-87bc-e011527a8b18?inc=tags&fmt=json","chan":"stdout","logger":"task"}
{"timestamp":"2025-12-07T05:00:27.081098Z","level":"info","event":"{'name': 'Imagine Dragons', 'id': '53XhwfbYqKCa1cC15pYq2q', 'url': 'https://open.spotify.com/artist/53XhwfbYqKCa1cC15pYq2q'}","chan":"stdout","logger":"task"}
{"timestamp":"2025-12-07T05:00:27.084400Z","level":"info","event":"https://musicbrainz.org/ws/2/url?resource=https://open.spotify.com/artist/53XhwfbYqKCa1cC15pYq2q&inc=artist-rels&fmt=json","chan":"stdout","logger":"task"}
{"timestamp":"2025-12-07T05:00:27.236631Z","level":"info","event":"https://musicbrainz.org/ws/2/artist/012151a8-0f9a-44c9-997f-ebd68b5389f9?inc=tags&fmt=json","chan":"stdout","logger":"task"}
{"timestamp":"2025-12-07T05:00:28.404237Z","level":"info","event":"{'name': 'Macklemore', 'id': '3JhNCzhSMTxs9WLGJJxWOY', 'url': 'https://open.spotify.com/artist/3JhNCzhSMTxs9WLGJJxWOY'}","chan":"stdout","logger":"task"}
{"timestamp":"2025-12-07T05:00:28.406521Z","level":"info","event":"https://musicbrainz.org/ws/2/url?resource=https://open.spotify.com/artist/3JhNCzhSMTxs9WLGJJxWOY&inc=artist-rels&fmt=json","chan":"stdout","logger":"task"}
{"timestamp":"2025-12-07T05:00:28.566768Z","level":"info","event":"https://musicbrainz.org/ws/2/artist/b6d7ec94-830c-44dd-b699-ce66556b7e55?inc=tags&fmt=json","chan":"stdout","logger":"task"}
{"timestamp":"2025-12-07T05:00:28.681872Z","level":"info","event":"Rate limit hit. Retrying in 1s...","chan":"stdout","logger":"task"}
{"timestamp":"2025-12-07T05:00:30.930409Z","level":"info","event":"{'name': 'Ryan Lewis', 'id': '5mZJerulcERBZV7xnhrVp1', 'url': 'https://open.spotify.com/artist/5mZJerulcERBZV7xnhrVp1'}","chan":"stdout","logger":"task"}
{"timestamp":"2025-12-07T05:00:30.933720Z","level":"info","event":"https://musicbrainz.org/ws/2/url?resource=https://open.spotify.com/artist/5mZJerulcERBZV7xnhrVp1&inc=artist-rels&fmt=json","chan":"stdout","logger":"task"}
{"timestamp":"2025-12-07T05:00:31.072272Z","level":"info","event":"HTTP 404: Not Found","chan":"stdout","logger":"task"}
{"timestamp":"2025-12-07T05:00:31.072494Z","level":"info","event":"unable to get mbid for https://open.spotify.com/artist/5mZJerulcERBZV7xnhrVp1","chan":"stdout","logger":"task"}
{"timestamp":"2025-12-07T05:00:32.073486Z","level":"info","event":"{'name': 'Macklemore & Ryan Lewis', 'id': '5BcAKTbp20cv7tC5VqPFoC', 'url': 'https://open.spotify.com/artist/5BcAKTbp20cv7tC5VqPFoC'}","chan":"stdout","logger":"task"}
{"timestamp":"2025-12-07T05:00:32.074791Z","level":"info","event":"https://musicbrainz.org/ws/2/url?resource=https://open.spotify.com/artist/5BcAKTbp20cv7tC5VqPFoC&inc=artist-rels&fmt=json","chan":"stdout","logger":"task"}
{"timestamp":"2025-12-07T05:00:33.004274Z","level":"info","event":"Network error: ('Connection aborted.', RemoteDisconnected('Remote end closed connection without response')). Attempt 1/3","chan":"stdout","logger":"task"}
{"timestamp":"2025-12-07T05:00:34.718107Z","level":"info","event":"https://musicbrainz.org/ws/2/artist/97b226c8-7140-4da3-91ac-15e62e131a81?inc=tags&fmt=json","chan":"stdout","logger":"task"}
{"timestamp":"2025-12-07T05:00:35.954213Z","level":"info","event":"{'name': 'Ray Dalton', 'id': '4e0nWw2r4BoQSKPQ2zpU13', 'url': 'https://open.spotify.com/artist/4e0nWw2r4BoQSKPQ2zpU13'}","chan":"stdout","logger":"task"}
{"timestamp":"2025-12-07T05:00:35.956039Z","level":"info","event":"https://musicbrainz.org/ws/2/url?resource=https://open.spotify.com/artist/4e0nWw2r4BoQSKPQ2zpU13&inc=artist-rels&fmt=json","chan":"stdout","logger":"task"}
{"timestamp":"2025-12-07T05:00:36.260683Z","level":"info","event":"https://musicbrainz.org/ws/2/artist/6c7f57c4-8f11-4c59-9d63-bca189f343c1?inc=tags&fmt=json","chan":"stdout","logger":"task"}
{"timestamp":"2025-12-07T05:00:37.547789Z","level":"info","event":"{'name': 'Florida Georgia Line', 'id': '3b8QkneNDz4JHKKKlLgYZg', 'url': 'https://open.spotify.com/artist/3b8QkneNDz4JHKKKlLgYZg'}","chan":"stdout","logger":"task"}
{"timestamp":"2025-12-07T05:00:37.549400Z","level":"info","event":"https://musicbrainz.org/ws/2/url?resource=https://open.spotify.com/artist/3b8QkneNDz4JHKKKlLgYZg&inc=artist-rels&fmt=json","chan":"stdout","logger":"task"}
{"timestamp":"2025-12-07T05:00:37.759903Z","level":"info","event":"https://musicbrainz.org/ws/2/artist/c16817df-0160-490d-a437-c128cbca9218?inc=tags&fmt=json","chan":"stdout","logger":"task"}
{"timestamp":"2025-12-07T05:00:38.917144Z","level":"info","event":"{'name': 'Justin Timberlake', 'id': '31TPClRtHm23RisEBtV3X7', 'url': 'https://open.spotify.com/artist/31TPClRtHm23RisEBtV3X7'}","chan":"stdout","logger":"task"}
{"timestamp":"2025-12-07T05:00:38.918397Z","level":"info","event":"https://musicbrainz.org/ws/2/url?resource=https://open.spotify.com/artist/31TPClRtHm23RisEBtV3X7&inc=artist-rels&fmt=json","chan":"stdout","logger":"task"}
{"timestamp":"2025-12-07T05:00:39.119559Z","level":"info","event":"https://musicbrainz.org/ws/2/artist/596ffa74-3d08-44ef-b113-765d43d12738?inc=tags&fmt=json","chan":"stdout","logger":"task"}
{"timestamp":"2025-12-07T05:00:40.259580Z","level":"info","event":"{'name': 'Bruno Mars', 'id': '0du5cEVh5yTK9QJze8zA0C', 'url': 'https://open.spotify.com/artist/0du5cEVh5yTK9QJze8zA0C'}","chan":"stdout","logger":"task"}
{"timestamp":"2025-12-07T05:00:40.260354Z","level":"info","event":"https://musicbrainz.org/ws/2/url?resource=https://open.spotify.com/artist/0du5cEVh5yTK9QJze8zA0C&inc=artist-rels&fmt=json","chan":"stdout","logger":"task"}
{"timestamp":"2025-12-07T05:00:40.450692Z","level":"info","event":"https://musicbrainz.org/ws/2/artist/afb680f2-b6eb-4cd7-a70b-a63b25c763d5?inc=tags&fmt=json","chan":"stdout","logger":"task"}
{"timestamp":"2025-12-07T05:00:41.647389Z","level":"info","event":"{'name': 'Selena Gomez', 'id': '0C8ZW7ezQVs4URX5aX7Kqx', 'url': 'https://open.spotify.com/artist/0C8ZW7ezQVs4URX5aX7Kqx'}","chan":"stdout","logger":"task"}
{"timestamp":"2025-12-07T05:00:41.648253Z","level":"info","event":"https://musicbrainz.org/ws/2/url?resource=https://open.spotify.com/artist/0C8ZW7ezQVs4URX5aX7Kqx&inc=artist-rels&fmt=json","chan":"stdout","logger":"task"}
{"timestamp":"2025-12-07T05:00:41.835535Z","level":"info","event":"https://musicbrainz.org/ws/2/artist/e4bc69e2-a064-4f93-ada1-f7f209cc1cc3?inc=tags&fmt=json","chan":"stdout","logger":"task"}
{"timestamp":"2025-12-07T05:00:43.015960Z","level":"info","event":"{'name': 'Ariana Grande', 'id': '66CXWjxzNUsdJxJ2JdwvnR', 'url': 'https://open.spotify.com/artist/66CXWjxzNUsdJxJ2JdwvnR'}","chan":"stdout","logger":"task"}
{"timestamp":"2025-12-07T05:00:43.016403Z","level":"info","event":"https://musicbrainz.org/ws/2/url?resource=https://open.spotify.com/artist/66CXWjxzNUsdJxJ2JdwvnR&inc=artist-rels&fmt=json","chan":"stdout","logger":"task"}
{"timestamp":"2025-12-07T05:00:43.132503Z","level":"info","event":"https://musicbrainz.org/ws/2/artist/f4fdbb4c-e4b7-47a0-b83b-d91bbfcfa387?inc=tags&fmt=json","chan":"stdout","logger":"task"}
{"timestamp":"2025-12-07T05:00:44.474339Z","level":"info","event":"{'name': 'Mac Miller', 'id': '4LLpKhyESsyAXpc4laK94U', 'url': 'https://open.spotify.com/artist/4LLpKhyESsyAXpc4laK94U'}","chan":"stdout","logger":"task"}
{"timestamp":"2025-12-07T05:00:44.476670Z","level":"info","event":"https://musicbrainz.org/ws/2/url?resource=https://open.spotify.com/artist/4LLpKhyESsyAXpc4laK94U&inc=artist-rels&fmt=json","chan":"stdout","logger":"task"}
{"timestamp":"2025-12-07T05:00:44.770404Z","level":"info","event":"Network error: ('Connection aborted.', RemoteDisconnected('Remote end closed connection without response')). Attempt 1/3","chan":"stdout","logger":"task"}
{"timestamp":"2025-12-07T05:00:46.343174Z","level":"info","event":"https://musicbrainz.org/ws/2/artist/a0e8a1b1-5f8f-475a-a253-17415c17d0ff?inc=tags&fmt=json","chan":"stdout","logger":"task"}
{"timestamp":"2025-12-07T05:00:47.659886Z","level":"info","event":"{'name': 'P!nk', 'id': '1KCSPY1glIKqW2TotWuXOR', 'url': 'https://open.spotify.com/artist/1KCSPY1glIKqW2TotWuXOR'}","chan":"stdout","logger":"task"}
{"timestamp":"2025-12-07T05:00:47.662433Z","level":"info","event":"https://musicbrainz.org/ws/2/url?resource=https://open.spotify.com/artist/1KCSPY1glIKqW2TotWuXOR&inc=artist-rels&fmt=json","chan":"stdout","logger":"task"}
{"timestamp":"2025-12-07T05:00:48.008554Z","level":"info","event":"https://musicbrainz.org/ws/2/artist/f4d5cc07-3bc9-4836-9b15-88a08359bc63?inc=tags&fmt=json","chan":"stdout","logger":"task"}
{"timestamp":"2025-12-07T05:11:07.163519Z","level":"info","event":"{'name': 'Nate Ruess', 'id': '1qUjOF5fzrpoNycD36b2jZ', 'url': 'https://open.spotify.com/artist/1qUjOF5fzrpoNycD36b2jZ'}","chan":"stdout","logger":"task"}
{"timestamp":"2025-12-07T05:11:07.164382Z","level":"info","event":"https://musicbrainz.org/ws/2/url?resource=https://open.spotify.com/artist/1qUjOF5fzrpoNycD36b2jZ&inc=artist-rels&fmt=json","chan":"stdout","logger":"task"}
{"timestamp":"2025-12-07T05:11:07.397109Z","level":"info","event":"https://musicbrainz.org/ws/2/artist/a049a513-f794-4b8d-8c3a-f106cfd22841?inc=tags&fmt=json","chan":"stdout","logger":"task"}
