{"timestamp":"2025-12-07T00:13:30.164790","level":"info","event":"DAG bundles loaded: dags-folder, example_dags","logger":"airflow.dag_processing.bundles.manager.DagBundlesManager"}
{"timestamp":"2025-12-07T00:13:30.165148","level":"info","event":"Filling up the DagBag from /opt/airflow/dags/music_load_dag.py","logger":"airflow.models.dagbag.DagBag"}
{"timestamp":"2025-12-07T00:13:30.249208Z","level":"info","event":"postgresql+psycopg2://airflow:airflow@postgres/airflow","chan":"stdout","logger":"task"}
{"timestamp":"2025-12-07T00:13:30.283706Z","level":"info","event":"Task instance is in running state","chan":"stdout","logger":"task"}
{"timestamp":"2025-12-07T00:13:30.283877Z","level":"info","event":" Previous state of the Task instance: TaskInstanceState.QUEUED","chan":"stdout","logger":"task"}
{"timestamp":"2025-12-07T00:13:30.284000Z","level":"info","event":"Current task name:load_music_data","chan":"stdout","logger":"task"}
{"timestamp":"2025-12-07T00:13:30.284066Z","level":"info","event":"Dag name:weekly_music_pipeline","chan":"stdout","logger":"task"}
{"timestamp":"2025-12-07T00:13:48.267338Z","level":"info","event":"  Searching Spotify for 100 songs...","chan":"stdout","logger":"task"}
{"timestamp":"2025-12-07T00:13:48.274140Z","level":"info","event":"  Processing song 1/100: Can't Hold Us by Macklemore & Ryan Lewis Featuring Ray Dalton","chan":"stdout","logger":"task"}
{"timestamp":"2025-12-07T00:13:50.068628Z","level":"info","event":"1","chan":"stdout","logger":"task"}
{"timestamp":"2025-12-07T00:13:51.513471Z","level":"info","event":"2","chan":"stdout","logger":"task"}
{"timestamp":"2025-12-07T00:13:52.197839Z","level":"info","event":"3","chan":"stdout","logger":"task"}
{"timestamp":"2025-12-07T00:13:52.984756Z","level":"info","event":"4","chan":"stdout","logger":"task"}
{"timestamp":"2025-12-07T00:19:08.757478Z","level":"info","event":"Network error: ('Connection aborted.', RemoteDisconnected('Remote end closed connection without response')). Retrying in 1s (attempt 1/3)...","chan":"stdout","logger":"task"}
{"timestamp":"2025-12-07T00:19:10.949198Z","level":"info","event":"5","chan":"stdout","logger":"task"}
{"timestamp":"2025-12-07T00:19:12.018467Z","level":"info","event":"6","chan":"stdout","logger":"task"}
{"timestamp":"2025-12-07T00:19:27.378906Z","level":"info","event":"Network error: ('Connection aborted.', RemoteDisconnected('Remote end closed connection without response')). Retrying in 1s (attempt 1/3)...","chan":"stdout","logger":"task"}
{"timestamp":"2025-12-07T00:19:32.786793Z","level":"info","event":"7","chan":"stdout","logger":"task"}
{"timestamp":"2025-12-07T00:19:33.534146Z","level":"info","event":"8","chan":"stdout","logger":"task"}
{"timestamp":"2025-12-07T00:19:34.528032Z","level":"info","event":"9","chan":"stdout","logger":"task"}
{"timestamp":"2025-12-07T00:19:34.556683Z","level":"info","event":"  Processing song 10/100: Feel This Moment by Pitbull Featuring Christina Aguilera","chan":"stdout","logger":"task"}
{"timestamp":"2025-12-07T00:19:35.487626Z","level":"info","event":"10","chan":"stdout","logger":"task"}
{"timestamp":"2025-12-07T00:36:39.054204Z","level":"info","event":"11","chan":"stdout","logger":"task"}
{"timestamp":"2025-12-07T00:36:39.820545Z","level":"info","event":"12","chan":"stdout","logger":"task"}
{"timestamp":"2025-12-07T00:36:40.580476Z","level":"info","event":"13","chan":"stdout","logger":"task"}
