{"timestamp":"2025-12-06T19:53:39.192816","level":"info","event":"DAG bundles loaded: dags-folder, example_dags","logger":"airflow.dag_processing.bundles.manager.DagBundlesManager"}
{"timestamp":"2025-12-06T19:53:39.193677","level":"info","event":"Filling up the DagBag from /opt/airflow/dags/music_load_dag.py","logger":"airflow.models.dagbag.DagBag"}
{"timestamp":"2025-12-06T19:53:39.251228Z","level":"info","event":"postgresql+psycopg2://airflow:airflow@postgres/airflow","chan":"stdout","logger":"task"}
{"timestamp":"2025-12-06T19:53:39.276193Z","level":"info","event":"Task instance is in running state","chan":"stdout","logger":"task"}
{"timestamp":"2025-12-06T19:53:39.276368Z","level":"info","event":" Previous state of the Task instance: TaskInstanceState.QUEUED","chan":"stdout","logger":"task"}
{"timestamp":"2025-12-06T19:53:39.276460Z","level":"info","event":"Current task name:load_music_data","chan":"stdout","logger":"task"}
{"timestamp":"2025-12-06T19:53:39.276529Z","level":"info","event":"Dag name:weekly_music_pipeline","chan":"stdout","logger":"task"}
{"timestamp":"2025-12-06T19:53:55.239714Z","level":"info","event":"  Searching Spotify for 100 songs...","chan":"stdout","logger":"task"}
{"timestamp":"2025-12-06T19:53:55.242937Z","level":"info","event":"  Processing song 1/100: Harlem Shake by Baauer","chan":"stdout","logger":"task"}
{"timestamp":"2025-12-06T19:53:55.928605Z","level":"info","event":"1","chan":"stdout","logger":"task"}
{"timestamp":"2025-12-06T19:53:56.622007Z","level":"info","event":"2","chan":"stdout","logger":"task"}
{"timestamp":"2025-12-06T19:53:57.332809Z","level":"info","event":"3","chan":"stdout","logger":"task"}
{"timestamp":"2025-12-06T19:53:58.230602Z","level":"info","event":"4","chan":"stdout","logger":"task"}
{"timestamp":"2025-12-06T19:53:59.115263Z","level":"info","event":"5","chan":"stdout","logger":"task"}
{"timestamp":"2025-12-06T19:53:59.807412Z","level":"info","event":"6","chan":"stdout","logger":"task"}
{"timestamp":"2025-12-06T19:54:00.643082Z","level":"info","event":"7","chan":"stdout","logger":"task"}
{"timestamp":"2025-12-06T19:54:01.415677Z","level":"info","event":"8","chan":"stdout","logger":"task"}
{"timestamp":"2025-12-06T19:54:02.092597Z","level":"info","event":"9","chan":"stdout","logger":"task"}
{"timestamp":"2025-12-06T19:54:02.093351Z","level":"info","event":"  Processing song 10/100: Locked Out Of Heaven by Bruno Mars","chan":"stdout","logger":"task"}
{"timestamp":"2025-12-06T19:54:02.744560Z","level":"info","event":"10","chan":"stdout","logger":"task"}
{"timestamp":"2025-12-06T19:54:03.414051Z","level":"info","event":"11","chan":"stdout","logger":"task"}
{"timestamp":"2025-12-06T19:54:04.296895Z","level":"info","event":"12","chan":"stdout","logger":"task"}
{"timestamp":"2025-12-06T19:54:05.092634Z","level":"info","event":"13","chan":"stdout","logger":"task"}
{"timestamp":"2025-12-06T19:54:05.808961Z","level":"info","event":"14","chan":"stdout","logger":"task"}
{"timestamp":"2025-12-06T19:54:06.557836Z","level":"info","event":"15","chan":"stdout","logger":"task"}
{"timestamp":"2025-12-06T19:54:07.193487Z","level":"info","event":"16","chan":"stdout","logger":"task"}
{"timestamp":"2025-12-06T19:54:07.822131Z","level":"info","event":"17","chan":"stdout","logger":"task"}
{"timestamp":"2025-12-06T19:54:08.455934Z","level":"info","event":"18","chan":"stdout","logger":"task"}
{"timestamp":"2025-12-06T19:54:09.094753Z","level":"info","event":"19","chan":"stdout","logger":"task"}
{"timestamp":"2025-12-06T19:54:09.095308Z","level":"info","event":"  Processing song 20/100: I Will Wait by Mumford & Sons","chan":"stdout","logger":"task"}
{"timestamp":"2025-12-06T19:54:09.784051Z","level":"info","event":"20","chan":"stdout","logger":"task"}
{"timestamp":"2025-12-06T19:54:10.430239Z","level":"info","event":"21","chan":"stdout","logger":"task"}
{"timestamp":"2025-12-06T19:54:11.137233Z","level":"info","event":"22","chan":"stdout","logger":"task"}
{"timestamp":"2025-12-06T19:54:12.114861Z","level":"info","event":"23","chan":"stdout","logger":"task"}
{"timestamp":"2025-12-06T19:54:12.806844Z","level":"info","event":"24","chan":"stdout","logger":"task"}
{"timestamp":"2025-12-06T19:54:13.449264Z","level":"info","event":"25","chan":"stdout","logger":"task"}
{"timestamp":"2025-12-06T19:54:14.156526Z","level":"info","event":"26","chan":"stdout","logger":"task"}
{"timestamp":"2025-12-06T19:54:14.753426Z","level":"info","event":"27","chan":"stdout","logger":"task"}
{"timestamp":"2025-12-06T19:54:15.463257Z","level":"info","event":"28","chan":"stdout","logger":"task"}
{"timestamp":"2025-12-06T19:54:16.171266Z","level":"info","event":"29","chan":"stdout","logger":"task"}
{"timestamp":"2025-12-06T19:54:16.171863Z","level":"info","event":"  Processing song 30/100: Try by P!nk","chan":"stdout","logger":"task"}
{"timestamp":"2025-12-06T19:54:16.836310Z","level":"info","event":"30","chan":"stdout","logger":"task"}
{"timestamp":"2025-12-06T19:54:17.493309Z","level":"info","event":"31","chan":"stdout","logger":"task"}
{"timestamp":"2025-12-06T19:54:18.146551Z","level":"info","event":"32","chan":"stdout","logger":"task"}
{"timestamp":"2025-12-06T19:54:18.918329Z","level":"info","event":"33","chan":"stdout","logger":"task"}
{"timestamp":"2025-12-06T19:54:19.798748Z","level":"info","event":"34","chan":"stdout","logger":"task"}
{"timestamp":"2025-12-06T19:54:20.474957Z","level":"info","event":"35","chan":"stdout","logger":"task"}
{"timestamp":"2025-12-06T19:54:21.171604Z","level":"info","event":"36","chan":"stdout","logger":"task"}
{"timestamp":"2025-12-06T19:54:22.000354Z","level":"info","event":"37","chan":"stdout","logger":"task"}
{"timestamp":"2025-12-06T19:54:22.760224Z","level":"info","event":"38","chan":"stdout","logger":"task"}
{"timestamp":"2025-12-06T19:54:23.493577Z","level":"info","event":"39","chan":"stdout","logger":"task"}
{"timestamp":"2025-12-06T19:54:23.493953Z","level":"info","event":"  Processing song 40/100: Can't Hold Us by Macklemore & Ryan Lewis Featuring Ray Dalton","chan":"stdout","logger":"task"}
{"timestamp":"2025-12-06T19:54:24.185747Z","level":"info","event":"40","chan":"stdout","logger":"task"}
{"timestamp":"2025-12-06T19:54:24.942416Z","level":"info","event":"41","chan":"stdout","logger":"task"}
{"timestamp":"2025-12-06T19:54:25.839510Z","level":"info","event":"42","chan":"stdout","logger":"task"}
{"timestamp":"2025-12-06T19:54:26.493320Z","level":"info","event":"43","chan":"stdout","logger":"task"}
{"timestamp":"2025-12-06T19:54:27.169000Z","level":"info","event":"44","chan":"stdout","logger":"task"}
{"timestamp":"2025-12-06T19:54:28.050166Z","level":"info","event":"45","chan":"stdout","logger":"task"}
{"timestamp":"2025-12-06T19:54:28.908202Z","level":"info","event":"46","chan":"stdout","logger":"task"}
{"timestamp":"2025-12-06T19:54:29.027639Z","level":"info","event":"Failed to get access token: HTTP 503. Retrying in 1s (attempt 1/3)...","chan":"stdout","logger":"task"}
{"timestamp":"2025-12-06T19:54:30.776849Z","level":"info","event":"47","chan":"stdout","logger":"task"}
{"timestamp":"2025-12-06T19:54:31.673385Z","level":"info","event":"48","chan":"stdout","logger":"task"}
{"timestamp":"2025-12-06T19:54:32.279972Z","level":"info","event":"49","chan":"stdout","logger":"task"}
{"timestamp":"2025-12-06T19:54:32.280650Z","level":"info","event":"  Processing song 50/100: Get Your Shine On by Florida Georgia Line","chan":"stdout","logger":"task"}
{"timestamp":"2025-12-06T19:54:33.108738Z","level":"info","event":"50","chan":"stdout","logger":"task"}
{"timestamp":"2025-12-06T19:54:33.927495Z","level":"info","event":"51","chan":"stdout","logger":"task"}
{"timestamp":"2025-12-06T19:54:34.600220Z","level":"info","event":"52","chan":"stdout","logger":"task"}
{"timestamp":"2025-12-06T19:54:35.464477Z","level":"info","event":"53","chan":"stdout","logger":"task"}
{"timestamp":"2025-12-06T19:54:36.151201Z","level":"info","event":"54","chan":"stdout","logger":"task"}
{"timestamp":"2025-12-06T19:54:36.832138Z","level":"info","event":"55","chan":"stdout","logger":"task"}
{"timestamp":"2025-12-06T19:54:37.557919Z","level":"info","event":"56","chan":"stdout","logger":"task"}
{"timestamp":"2025-12-06T19:54:38.314870Z","level":"info","event":"57","chan":"stdout","logger":"task"}
{"timestamp":"2025-12-06T19:54:39.174632Z","level":"info","event":"58","chan":"stdout","logger":"task"}
{"timestamp":"2025-12-06T19:54:39.933808Z","level":"info","event":"59","chan":"stdout","logger":"task"}
{"timestamp":"2025-12-06T19:54:39.934073Z","level":"info","event":"  Processing song 60/100: R.I.P. by Young Jeezy Featuring 2 Chainz","chan":"stdout","logger":"task"}
{"timestamp":"2025-12-06T19:54:40.616413Z","level":"info","event":"60","chan":"stdout","logger":"task"}
{"timestamp":"2025-12-06T19:54:41.440863Z","level":"info","event":"61","chan":"stdout","logger":"task"}
{"timestamp":"2025-12-06T19:54:42.260341Z","level":"info","event":"62","chan":"stdout","logger":"task"}
{"timestamp":"2025-12-06T19:54:42.977020Z","level":"info","event":"63","chan":"stdout","logger":"task"}
{"timestamp":"2025-12-06T19:54:43.638207Z","level":"info","event":"64","chan":"stdout","logger":"task"}
{"timestamp":"2025-12-06T19:54:44.439771Z","level":"info","event":"65","chan":"stdout","logger":"task"}
{"timestamp":"2025-12-06T19:54:45.111114Z","level":"info","event":"66","chan":"stdout","logger":"task"}
{"timestamp":"2025-12-06T19:54:45.875367Z","level":"info","event":"67","chan":"stdout","logger":"task"}
{"timestamp":"2025-12-06T19:54:46.539501Z","level":"info","event":"68","chan":"stdout","logger":"task"}
{"timestamp":"2025-12-06T19:54:47.324590Z","level":"info","event":"69","chan":"stdout","logger":"task"}
{"timestamp":"2025-12-06T19:54:47.326000Z","level":"info","event":"  Processing song 70/100: Power Trip by J. Cole Featuring Miguel","chan":"stdout","logger":"task"}
{"timestamp":"2025-12-06T19:54:47.978046Z","level":"info","event":"70","chan":"stdout","logger":"task"}
{"timestamp":"2025-12-06T19:54:49.091534Z","level":"info","event":"71","chan":"stdout","logger":"task"}
{"timestamp":"2025-12-06T19:54:49.950683Z","level":"info","event":"72","chan":"stdout","logger":"task"}
{"timestamp":"2025-12-06T19:54:50.826955Z","level":"info","event":"73","chan":"stdout","logger":"task"}
{"timestamp":"2025-12-06T19:54:51.574711Z","level":"info","event":"74","chan":"stdout","logger":"task"}
{"timestamp":"2025-12-06T19:54:52.342525Z","level":"info","event":"75","chan":"stdout","logger":"task"}
{"timestamp":"2025-12-06T19:54:53.123132Z","level":"info","event":"76","chan":"stdout","logger":"task"}
{"timestamp":"2025-12-06T19:54:54.005549Z","level":"info","event":"77","chan":"stdout","logger":"task"}
{"timestamp":"2025-12-06T19:54:54.770300Z","level":"info","event":"78","chan":"stdout","logger":"task"}
{"timestamp":"2025-12-06T19:54:55.646418Z","level":"info","event":"79","chan":"stdout","logger":"task"}
{"timestamp":"2025-12-06T19:54:55.647542Z","level":"info","event":"  Processing song 80/100: Love And War by Tamar Braxton","chan":"stdout","logger":"task"}
{"timestamp":"2025-12-06T19:54:56.256961Z","level":"info","event":"80","chan":"stdout","logger":"task"}
{"timestamp":"2025-12-06T19:54:56.896185Z","level":"info","event":"81","chan":"stdout","logger":"task"}
{"timestamp":"2025-12-06T19:54:57.553135Z","level":"info","event":"82","chan":"stdout","logger":"task"}
{"timestamp":"2025-12-06T19:54:58.251190Z","level":"info","event":"83","chan":"stdout","logger":"task"}
{"timestamp":"2025-12-06T19:54:58.932461Z","level":"info","event":"84","chan":"stdout","logger":"task"}
{"timestamp":"2025-12-06T19:54:59.633596Z","level":"info","event":"85","chan":"stdout","logger":"task"}
{"timestamp":"2025-12-06T19:55:00.317891Z","level":"info","event":"86","chan":"stdout","logger":"task"}
{"timestamp":"2025-12-06T19:55:00.996258Z","level":"info","event":"87","chan":"stdout","logger":"task"}
{"timestamp":"2025-12-06T19:55:01.832851Z","level":"info","event":"88","chan":"stdout","logger":"task"}
{"timestamp":"2025-12-06T19:55:02.518400Z","level":"info","event":"89","chan":"stdout","logger":"task"}
{"timestamp":"2025-12-06T19:55:02.520847Z","level":"info","event":"  Processing song 90/100: Levitate by Hadouken!","chan":"stdout","logger":"task"}
{"timestamp":"2025-12-06T19:55:03.126594Z","level":"info","event":"90","chan":"stdout","logger":"task"}
{"timestamp":"2025-12-06T19:55:03.926027Z","level":"info","event":"91","chan":"stdout","logger":"task"}
{"timestamp":"2025-12-06T19:55:04.590846Z","level":"info","event":"92","chan":"stdout","logger":"task"}
{"timestamp":"2025-12-06T19:55:05.243068Z","level":"info","event":"93","chan":"stdout","logger":"task"}
{"timestamp":"2025-12-06T19:55:06.052909Z","level":"info","event":"94","chan":"stdout","logger":"task"}
{"timestamp":"2025-12-06T19:55:06.792160Z","level":"info","event":"95","chan":"stdout","logger":"task"}
{"timestamp":"2025-12-06T19:55:07.348474Z","level":"info","event":"96","chan":"stdout","logger":"task"}
{"timestamp":"2025-12-06T19:55:08.175473Z","level":"info","event":"97","chan":"stdout","logger":"task"}
{"timestamp":"2025-12-06T19:55:08.842413Z","level":"info","event":"98","chan":"stdout","logger":"task"}
{"timestamp":"2025-12-06T19:55:09.451636Z","level":"info","event":"99","chan":"stdout","logger":"task"}
{"timestamp":"2025-12-06T19:55:09.452331Z","level":"info","event":"  Processing song 100/100: Gone, Gone, Gone by Phillip Phillips","chan":"stdout","logger":"task"}
{"timestamp":"2025-12-06T19:55:10.209599Z","level":"info","event":"100","chan":"stdout","logger":"task"}
{"timestamp":"2025-12-06T19:55:10.210513Z","level":"info","event":"{'name': 'Baauer', 'id': '25fqWEebq6PoiGQIHIrdtv', 'url': 'https://open.spotify.com/artist/25fqWEebq6PoiGQIHIrdtv'}","chan":"stdout","logger":"task"}
{"timestamp":"2025-12-06T19:55:10.211010Z","level":"info","event":"https://musicbrainz.org/ws/2/url?resource=https://open.spotify.com/artist/25fqWEebq6PoiGQIHIrdtv&inc=artist-rels&fmt=json","chan":"stdout","logger":"task"}
{"timestamp":"2025-12-06T19:55:10.571110Z","level":"info","event":"https://musicbrainz.org/ws/2/artist/61a54a1e-3fa1-4ccc-bfc2-86c1a27e27de?inc=tags&fmt=json","chan":"stdout","logger":"task"}
{"timestamp":"2025-12-06T19:55:11.684563Z","level":"info","event":"{'name': 'Macklemore & Ryan Lewis', 'id': '5BcAKTbp20cv7tC5VqPFoC', 'url': 'https://open.spotify.com/artist/5BcAKTbp20cv7tC5VqPFoC'}","chan":"stdout","logger":"task"}
{"timestamp":"2025-12-06T19:55:11.688395Z","level":"info","event":"https://musicbrainz.org/ws/2/url?resource=https://open.spotify.com/artist/5BcAKTbp20cv7tC5VqPFoC&inc=artist-rels&fmt=json","chan":"stdout","logger":"task"}
{"timestamp":"2025-12-06T19:55:11.802785Z","level":"info","event":"https://musicbrainz.org/ws/2/artist/97b226c8-7140-4da3-91ac-15e62e131a81?inc=tags&fmt=json","chan":"stdout","logger":"task"}
{"timestamp":"2025-12-06T19:55:12.922949Z","level":"info","event":"{'name': 'Macklemore', 'id': '3JhNCzhSMTxs9WLGJJxWOY', 'url': 'https://open.spotify.com/artist/3JhNCzhSMTxs9WLGJJxWOY'}","chan":"stdout","logger":"task"}
{"timestamp":"2025-12-06T19:55:12.925922Z","level":"info","event":"https://musicbrainz.org/ws/2/url?resource=https://open.spotify.com/artist/3JhNCzhSMTxs9WLGJJxWOY&inc=artist-rels&fmt=json","chan":"stdout","logger":"task"}
{"timestamp":"2025-12-06T19:55:13.034126Z","level":"info","event":"https://musicbrainz.org/ws/2/artist/b6d7ec94-830c-44dd-b699-ce66556b7e55?inc=tags&fmt=json","chan":"stdout","logger":"task"}
{"timestamp":"2025-12-06T19:55:14.146540Z","level":"info","event":"{'name': 'Ryan Lewis', 'id': '5mZJerulcERBZV7xnhrVp1', 'url': 'https://open.spotify.com/artist/5mZJerulcERBZV7xnhrVp1'}","chan":"stdout","logger":"task"}
{"timestamp":"2025-12-06T19:55:14.146867Z","level":"info","event":"https://musicbrainz.org/ws/2/url?resource=https://open.spotify.com/artist/5mZJerulcERBZV7xnhrVp1&inc=artist-rels&fmt=json","chan":"stdout","logger":"task"}
{"timestamp":"2025-12-06T19:55:14.308059Z","level":"info","event":"HTTP 404: Not Found","chan":"stdout","logger":"task"}
{"timestamp":"2025-12-06T19:55:14.308555Z","level":"info","event":"unable to get mbid for https://open.spotify.com/artist/5mZJerulcERBZV7xnhrVp1","chan":"stdout","logger":"task"}
{"timestamp":"2025-12-06T19:55:15.313596Z","level":"info","event":"{'name': 'Wanz', 'id': '56xTxG4nQMAs1GW9kvn0uA', 'url': 'https://open.spotify.com/artist/56xTxG4nQMAs1GW9kvn0uA'}","chan":"stdout","logger":"task"}
{"timestamp":"2025-12-06T19:55:15.314573Z","level":"info","event":"https://musicbrainz.org/ws/2/url?resource=https://open.spotify.com/artist/56xTxG4nQMAs1GW9kvn0uA&inc=artist-rels&fmt=json","chan":"stdout","logger":"task"}
{"timestamp":"2025-12-06T19:55:15.434378Z","level":"info","event":"https://musicbrainz.org/ws/2/artist/1f6cdf02-c7d3-4165-bbde-b4e54420a00b?inc=tags&fmt=json","chan":"stdout","logger":"task"}
{"timestamp":"2025-12-06T19:55:16.544126Z","level":"info","event":"{'name': 'Bruno Mars', 'id': '0du5cEVh5yTK9QJze8zA0C', 'url': 'https://open.spotify.com/artist/0du5cEVh5yTK9QJze8zA0C'}","chan":"stdout","logger":"task"}
{"timestamp":"2025-12-06T19:55:16.545118Z","level":"info","event":"https://musicbrainz.org/ws/2/url?resource=https://open.spotify.com/artist/0du5cEVh5yTK9QJze8zA0C&inc=artist-rels&fmt=json","chan":"stdout","logger":"task"}
{"timestamp":"2025-12-06T19:55:16.655292Z","level":"info","event":"https://musicbrainz.org/ws/2/artist/afb680f2-b6eb-4cd7-a70b-a63b25c763d5?inc=tags&fmt=json","chan":"stdout","logger":"task"}
{"timestamp":"2025-12-06T19:55:17.764436Z","level":"info","event":"{'name': 'Rihanna', 'id': '5pKCCKE2ajJHZ9KAiaK11H', 'url': 'https://open.spotify.com/artist/5pKCCKE2ajJHZ9KAiaK11H'}","chan":"stdout","logger":"task"}
{"timestamp":"2025-12-06T19:55:17.764875Z","level":"info","event":"https://musicbrainz.org/ws/2/url?resource=https://open.spotify.com/artist/5pKCCKE2ajJHZ9KAiaK11H&inc=artist-rels&fmt=json","chan":"stdout","logger":"task"}
{"timestamp":"2025-12-06T19:55:17.873692Z","level":"info","event":"https://musicbrainz.org/ws/2/artist/73e5e69d-3554-40d8-8516-00cb38737a1c?inc=tags&fmt=json","chan":"stdout","logger":"task"}
{"timestamp":"2025-12-06T19:55:18.978346Z","level":"info","event":"{'name': 'Mikky Ekko', 'id': '1buzCmyYZE4kcdLRudsb8V', 'url': 'https://open.spotify.com/artist/1buzCmyYZE4kcdLRudsb8V'}","chan":"stdout","logger":"task"}
{"timestamp":"2025-12-06T19:55:18.980143Z","level":"info","event":"https://musicbrainz.org/ws/2/url?resource=https://open.spotify.com/artist/1buzCmyYZE4kcdLRudsb8V&inc=artist-rels&fmt=json","chan":"stdout","logger":"task"}
{"timestamp":"2025-12-06T19:55:19.089040Z","level":"info","event":"https://musicbrainz.org/ws/2/artist/ff4fc9b6-bdcd-44ee-b053-c1ccbe47fe4b?inc=tags&fmt=json","chan":"stdout","logger":"task"}
{"timestamp":"2025-12-06T19:55:20.202608Z","level":"info","event":"{'name': 'Justin Timberlake', 'id': '31TPClRtHm23RisEBtV3X7', 'url': 'https://open.spotify.com/artist/31TPClRtHm23RisEBtV3X7'}","chan":"stdout","logger":"task"}
{"timestamp":"2025-12-06T19:55:20.203495Z","level":"info","event":"https://musicbrainz.org/ws/2/url?resource=https://open.spotify.com/artist/31TPClRtHm23RisEBtV3X7&inc=artist-rels&fmt=json","chan":"stdout","logger":"task"}
{"timestamp":"2025-12-06T19:55:20.309788Z","level":"info","event":"Rate limit hit. Retrying in 1s...","chan":"stdout","logger":"task"}
{"timestamp":"2025-12-06T19:55:21.437938Z","level":"info","event":"https://musicbrainz.org/ws/2/artist/596ffa74-3d08-44ef-b113-765d43d12738?inc=tags&fmt=json","chan":"stdout","logger":"task"}
{"timestamp":"2025-12-06T19:55:22.549267Z","level":"info","event":"{'name': 'JAY-Z', 'id': '3nFkdlSjzX9mRTtwJOzDYB', 'url': 'https://open.spotify.com/artist/3nFkdlSjzX9mRTtwJOzDYB'}","chan":"stdout","logger":"task"}
{"timestamp":"2025-12-06T19:55:22.549984Z","level":"info","event":"https://musicbrainz.org/ws/2/url?resource=https://open.spotify.com/artist/3nFkdlSjzX9mRTtwJOzDYB&inc=artist-rels&fmt=json","chan":"stdout","logger":"task"}
{"timestamp":"2025-12-06T19:55:22.658134Z","level":"info","event":"https://musicbrainz.org/ws/2/artist/f82bcf78-5b69-4622-a5ef-73800768d9ac?inc=tags&fmt=json","chan":"stdout","logger":"task"}
{"timestamp":"2025-12-06T19:55:23.781189Z","level":"info","event":"{'name': 'Taylor Swift', 'id': '06HL4z0CvFAxyc27GXpf02', 'url': 'https://open.spotify.com/artist/06HL4z0CvFAxyc27GXpf02'}","chan":"stdout","logger":"task"}
{"timestamp":"2025-12-06T19:55:23.785124Z","level":"info","event":"https://musicbrainz.org/ws/2/url?resource=https://open.spotify.com/artist/06HL4z0CvFAxyc27GXpf02&inc=artist-rels&fmt=json","chan":"stdout","logger":"task"}
{"timestamp":"2025-12-06T19:55:23.920718Z","level":"info","event":"https://musicbrainz.org/ws/2/artist/20244d07-534f-4eff-b4d4-930878889970?inc=tags&fmt=json","chan":"stdout","logger":"task"}
{"timestamp":"2025-12-06T19:55:25.036861Z","level":"info","event":"{'name': 'Drake', 'id': '3TVXtAsR1Inumwj472S9r4', 'url': 'https://open.spotify.com/artist/3TVXtAsR1Inumwj472S9r4'}","chan":"stdout","logger":"task"}
{"timestamp":"2025-12-06T19:55:25.039497Z","level":"info","event":"https://musicbrainz.org/ws/2/url?resource=https://open.spotify.com/artist/3TVXtAsR1Inumwj472S9r4&inc=artist-rels&fmt=json","chan":"stdout","logger":"task"}
{"timestamp":"2025-12-06T19:55:25.152702Z","level":"info","event":"https://musicbrainz.org/ws/2/artist/9fff2f8a-21e6-47de-a2b8-7f449929d43f?inc=tags&fmt=json","chan":"stdout","logger":"task"}
{"timestamp":"2025-12-06T19:55:26.277860Z","level":"info","event":"{'name': 'will.i.am', 'id': '085pc2PYOi8bGKj0PNjekA', 'url': 'https://open.spotify.com/artist/085pc2PYOi8bGKj0PNjekA'}","chan":"stdout","logger":"task"}
{"timestamp":"2025-12-06T19:55:26.284315Z","level":"info","event":"https://musicbrainz.org/ws/2/url?resource=https://open.spotify.com/artist/085pc2PYOi8bGKj0PNjekA&inc=artist-rels&fmt=json","chan":"stdout","logger":"task"}
{"timestamp":"2025-12-06T19:55:26.393747Z","level":"info","event":"https://musicbrainz.org/ws/2/artist/d574c9bd-46f6-440a-8d6a-8412a283eeb1?inc=tags&fmt=json","chan":"stdout","logger":"task"}
{"timestamp":"2025-12-06T19:55:27.497784Z","level":"info","event":"{'name': 'Britney Spears', 'id': '26dSoYclwsYLMAKD3tpOr4', 'url': 'https://open.spotify.com/artist/26dSoYclwsYLMAKD3tpOr4'}","chan":"stdout","logger":"task"}
{"timestamp":"2025-12-06T19:55:27.499207Z","level":"info","event":"https://musicbrainz.org/ws/2/url?resource=https://open.spotify.com/artist/26dSoYclwsYLMAKD3tpOr4&inc=artist-rels&fmt=json","chan":"stdout","logger":"task"}
{"timestamp":"2025-12-06T19:55:27.620594Z","level":"info","event":"https://musicbrainz.org/ws/2/artist/45a663b5-b1cb-4a91-bff6-2bef7bbfdd76?inc=tags&fmt=json","chan":"stdout","logger":"task"}
{"timestamp":"2025-12-06T19:55:28.730275Z","level":"info","event":"{'name': 'Lil Wayne', 'id': '55Aa2cqylxrFIXC767Z865', 'url': 'https://open.spotify.com/artist/55Aa2cqylxrFIXC767Z865'}","chan":"stdout","logger":"task"}
{"timestamp":"2025-12-06T19:55:28.733608Z","level":"info","event":"https://musicbrainz.org/ws/2/url?resource=https://open.spotify.com/artist/55Aa2cqylxrFIXC767Z865&inc=artist-rels&fmt=json","chan":"stdout","logger":"task"}
{"timestamp":"2025-12-06T19:55:28.853001Z","level":"info","event":"https://musicbrainz.org/ws/2/artist/ac9a487a-d9d2-4f27-bb23-0f4686488345?inc=tags&fmt=json","chan":"stdout","logger":"task"}
{"timestamp":"2025-12-06T19:55:29.959680Z","level":"info","event":"{'name': 'Future', 'id': '1RyvyyTE3xzB2ZywiAwp0i', 'url': 'https://open.spotify.com/artist/1RyvyyTE3xzB2ZywiAwp0i'}","chan":"stdout","logger":"task"}
{"timestamp":"2025-12-06T19:55:29.960441Z","level":"info","event":"https://musicbrainz.org/ws/2/url?resource=https://open.spotify.com/artist/1RyvyyTE3xzB2ZywiAwp0i&inc=artist-rels&fmt=json","chan":"stdout","logger":"task"}
{"timestamp":"2025-12-06T19:55:30.077107Z","level":"info","event":"https://musicbrainz.org/ws/2/artist/48262e82-db9f-4a92-b650-dfef979b73ec?inc=tags&fmt=json","chan":"stdout","logger":"task"}
{"timestamp":"2025-12-06T19:55:30.184165Z","level":"info","event":"Rate limit hit. Retrying in 1s...","chan":"stdout","logger":"task"}
{"timestamp":"2025-12-06T19:55:31.308539Z","level":"info","event":"Rate limit hit. Retrying in 2s...","chan":"stdout","logger":"task"}
{"timestamp":"2025-12-06T19:55:34.437140Z","level":"info","event":"{'name': 'Swedish House Mafia', 'id': '1h6Cn3P4NGzXbaXidqURXs', 'url': 'https://open.spotify.com/artist/1h6Cn3P4NGzXbaXidqURXs'}","chan":"stdout","logger":"task"}
{"timestamp":"2025-12-06T19:55:34.439478Z","level":"info","event":"https://musicbrainz.org/ws/2/url?resource=https://open.spotify.com/artist/1h6Cn3P4NGzXbaXidqURXs&inc=artist-rels&fmt=json","chan":"stdout","logger":"task"}
{"timestamp":"2025-12-06T19:55:34.546621Z","level":"info","event":"https://musicbrainz.org/ws/2/artist/99075985-0d80-4692-a15e-b16f78831792?inc=tags&fmt=json","chan":"stdout","logger":"task"}
{"timestamp":"2025-12-06T19:55:35.658036Z","level":"info","event":"{'name': 'John Martin', 'id': '2auikkNYqigWStoHWK1Grq', 'url': 'https://open.spotify.com/artist/2auikkNYqigWStoHWK1Grq'}","chan":"stdout","logger":"task"}
{"timestamp":"2025-12-06T19:55:35.660166Z","level":"info","event":"https://musicbrainz.org/ws/2/url?resource=https://open.spotify.com/artist/2auikkNYqigWStoHWK1Grq&inc=artist-rels&fmt=json","chan":"stdout","logger":"task"}
{"timestamp":"2025-12-06T19:55:35.768751Z","level":"info","event":"https://musicbrainz.org/ws/2/artist/a7962d26-fcee-41d4-b768-68661b5cfe19?inc=tags&fmt=json","chan":"stdout","logger":"task"}
{"timestamp":"2025-12-06T19:55:36.878881Z","level":"info","event":"{'name': 'Maroon 5', 'id': '04gDigrS5kc9YWfZHwBETP', 'url': 'https://open.spotify.com/artist/04gDigrS5kc9YWfZHwBETP'}","chan":"stdout","logger":"task"}
{"timestamp":"2025-12-06T19:55:36.881501Z","level":"info","event":"https://musicbrainz.org/ws/2/url?resource=https://open.spotify.com/artist/04gDigrS5kc9YWfZHwBETP&inc=artist-rels&fmt=json","chan":"stdout","logger":"task"}
{"timestamp":"2025-12-06T19:55:36.992452Z","level":"info","event":"https://musicbrainz.org/ws/2/artist/0ab49580-c84f-44d4-875f-d83760ea2cfe?inc=tags&fmt=json","chan":"stdout","logger":"task"}
{"timestamp":"2025-12-06T19:55:38.102355Z","level":"info","event":"{'name': 'Pitbull', 'id': '0TnOYISbd1XYRBk9myaseg', 'url': 'https://open.spotify.com/artist/0TnOYISbd1XYRBk9myaseg'}","chan":"stdout","logger":"task"}
{"timestamp":"2025-12-06T19:55:38.103079Z","level":"info","event":"https://musicbrainz.org/ws/2/url?resource=https://open.spotify.com/artist/0TnOYISbd1XYRBk9myaseg&inc=artist-rels&fmt=json","chan":"stdout","logger":"task"}
{"timestamp":"2025-12-06T19:55:38.223296Z","level":"info","event":"https://musicbrainz.org/ws/2/artist/d262ea27-3ffe-40f7-b922-85c42d625e67?inc=tags&fmt=json","chan":"stdout","logger":"task"}
{"timestamp":"2025-12-06T19:55:39.337701Z","level":"info","event":"{'name': 'Christina Aguilera', 'id': '1l7ZsJRRS8wlW3WfJfPfNS', 'url': 'https://open.spotify.com/artist/1l7ZsJRRS8wlW3WfJfPfNS'}","chan":"stdout","logger":"task"}
{"timestamp":"2025-12-06T19:55:39.338487Z","level":"info","event":"https://musicbrainz.org/ws/2/url?resource=https://open.spotify.com/artist/1l7ZsJRRS8wlW3WfJfPfNS&inc=artist-rels&fmt=json","chan":"stdout","logger":"task"}
{"timestamp":"2025-12-06T19:55:39.452606Z","level":"info","event":"https://musicbrainz.org/ws/2/artist/b202beb7-99bd-47e7-8b72-195c8d72ebdd?inc=tags&fmt=json","chan":"stdout","logger":"task"}
{"timestamp":"2025-12-06T19:55:40.569109Z","level":"info","event":"{'name': 'The Lumineers', 'id': '16oZKvXb6WkQlVAjwo2Wbg', 'url': 'https://open.spotify.com/artist/16oZKvXb6WkQlVAjwo2Wbg'}","chan":"stdout","logger":"task"}
{"timestamp":"2025-12-06T19:55:40.570516Z","level":"info","event":"https://musicbrainz.org/ws/2/url?resource=https://open.spotify.com/artist/16oZKvXb6WkQlVAjwo2Wbg&inc=artist-rels&fmt=json","chan":"stdout","logger":"task"}
{"timestamp":"2025-12-06T19:55:40.684923Z","level":"info","event":"https://musicbrainz.org/ws/2/artist/bfcb6630-9b31-4e63-b11f-7b0363be72b5?inc=tags&fmt=json","chan":"stdout","logger":"task"}
{"timestamp":"2025-12-06T19:55:41.796042Z","level":"info","event":"{'name': 'A$AP Rocky', 'id': '13ubrt8QOOCPljQ2FL1Kca', 'url': 'https://open.spotify.com/artist/13ubrt8QOOCPljQ2FL1Kca'}","chan":"stdout","logger":"task"}
{"timestamp":"2025-12-06T19:55:41.797339Z","level":"info","event":"https://musicbrainz.org/ws/2/url?resource=https://open.spotify.com/artist/13ubrt8QOOCPljQ2FL1Kca&inc=artist-rels&fmt=json","chan":"stdout","logger":"task"}
{"timestamp":"2025-12-06T19:55:41.910504Z","level":"info","event":"https://musicbrainz.org/ws/2/artist/25b7b584-d952-4662-a8b9-dd8cdfbfeb64?inc=tags&fmt=json","chan":"stdout","logger":"task"}
{"timestamp":"2025-12-06T19:55:43.017882Z","level":"info","event":"{'name': '2 Chainz', 'id': '17lzZA2AlOHwCwFALHttmp', 'url': 'https://open.spotify.com/artist/17lzZA2AlOHwCwFALHttmp'}","chan":"stdout","logger":"task"}
{"timestamp":"2025-12-06T19:55:43.020301Z","level":"info","event":"https://musicbrainz.org/ws/2/url?resource=https://open.spotify.com/artist/17lzZA2AlOHwCwFALHttmp&inc=artist-rels&fmt=json","chan":"stdout","logger":"task"}
{"timestamp":"2025-12-06T19:55:43.128593Z","level":"info","event":"Rate limit hit. Retrying in 1s...","chan":"stdout","logger":"task"}
{"timestamp":"2025-12-06T19:55:44.242058Z","level":"info","event":"https://musicbrainz.org/ws/2/artist/dff0d392-4cd5-4052-9fbb-f485df3891e5?inc=tags&fmt=json","chan":"stdout","logger":"task"}
{"timestamp":"2025-12-06T19:55:45.356406Z","level":"info","event":"{'name': 'Kendrick Lamar', 'id': '2YZyLoL8N0Wb9xBt1NhZWg', 'url': 'https://open.spotify.com/artist/2YZyLoL8N0Wb9xBt1NhZWg'}","chan":"stdout","logger":"task"}
{"timestamp":"2025-12-06T19:55:45.357550Z","level":"info","event":"https://musicbrainz.org/ws/2/url?resource=https://open.spotify.com/artist/2YZyLoL8N0Wb9xBt1NhZWg&inc=artist-rels&fmt=json","chan":"stdout","logger":"task"}
{"timestamp":"2025-12-06T19:55:45.469237Z","level":"info","event":"https://musicbrainz.org/ws/2/artist/381086ea-f511-4aba-bdf9-71c753dc5077?inc=tags&fmt=json","chan":"stdout","logger":"task"}
{"timestamp":"2025-12-06T19:55:46.576219Z","level":"info","event":"{'name': 'Calvin Harris', 'id': '7CajNmpbOovFoOoasH2HaY', 'url': 'https://open.spotify.com/artist/7CajNmpbOovFoOoasH2HaY'}","chan":"stdout","logger":"task"}
{"timestamp":"2025-12-06T19:55:46.576962Z","level":"info","event":"https://musicbrainz.org/ws/2/url?resource=https://open.spotify.com/artist/7CajNmpbOovFoOoasH2HaY&inc=artist-rels&fmt=json","chan":"stdout","logger":"task"}
{"timestamp":"2025-12-06T19:55:46.690658Z","level":"info","event":"https://musicbrainz.org/ws/2/artist/8dd98bdc-80ec-4e93-8509-2f46bafc09a7?inc=tags&fmt=json","chan":"stdout","logger":"task"}
{"timestamp":"2025-12-06T19:55:47.804844Z","level":"info","event":"{'name': 'Florence Welch', 'id': '0IROOdQ2fQUcoaEPqt1Isg', 'url': 'https://open.spotify.com/artist/0IROOdQ2fQUcoaEPqt1Isg'}","chan":"stdout","logger":"task"}
{"timestamp":"2025-12-06T19:55:47.805373Z","level":"info","event":"https://musicbrainz.org/ws/2/url?resource=https://open.spotify.com/artist/0IROOdQ2fQUcoaEPqt1Isg&inc=artist-rels&fmt=json","chan":"stdout","logger":"task"}
{"timestamp":"2025-12-06T19:55:47.916184Z","level":"info","event":"https://musicbrainz.org/ws/2/artist/88798869-338b-418e-9c47-97365444b734?inc=tags&fmt=json","chan":"stdout","logger":"task"}
{"timestamp":"2025-12-06T19:55:49.027788Z","level":"info","event":"{'name': 'Imagine Dragons', 'id': '53XhwfbYqKCa1cC15pYq2q', 'url': 'https://open.spotify.com/artist/53XhwfbYqKCa1cC15pYq2q'}","chan":"stdout","logger":"task"}
{"timestamp":"2025-12-06T19:55:49.032723Z","level":"info","event":"https://musicbrainz.org/ws/2/url?resource=https://open.spotify.com/artist/53XhwfbYqKCa1cC15pYq2q&inc=artist-rels&fmt=json","chan":"stdout","logger":"task"}
{"timestamp":"2025-12-06T19:55:49.142492Z","level":"info","event":"https://musicbrainz.org/ws/2/artist/012151a8-0f9a-44c9-997f-ebd68b5389f9?inc=tags&fmt=json","chan":"stdout","logger":"task"}
{"timestamp":"2025-12-06T19:55:50.252831Z","level":"info","event":"{'name': 'P!nk', 'id': '1KCSPY1glIKqW2TotWuXOR', 'url': 'https://open.spotify.com/artist/1KCSPY1glIKqW2TotWuXOR'}","chan":"stdout","logger":"task"}
{"timestamp":"2025-12-06T19:55:50.254242Z","level":"info","event":"https://musicbrainz.org/ws/2/url?resource=https://open.spotify.com/artist/1KCSPY1glIKqW2TotWuXOR&inc=artist-rels&fmt=json","chan":"stdout","logger":"task"}
{"timestamp":"2025-12-06T19:55:50.369726Z","level":"info","event":"https://musicbrainz.org/ws/2/artist/f4d5cc07-3bc9-4836-9b15-88a08359bc63?inc=tags&fmt=json","chan":"stdout","logger":"task"}
{"timestamp":"2025-12-06T19:55:51.482481Z","level":"info","event":"{'name': 'Nate Ruess', 'id': '1qUjOF5fzrpoNycD36b2jZ', 'url': 'https://open.spotify.com/artist/1qUjOF5fzrpoNycD36b2jZ'}","chan":"stdout","logger":"task"}
{"timestamp":"2025-12-06T19:55:51.484756Z","level":"info","event":"https://musicbrainz.org/ws/2/url?resource=https://open.spotify.com/artist/1qUjOF5fzrpoNycD36b2jZ&inc=artist-rels&fmt=json","chan":"stdout","logger":"task"}
{"timestamp":"2025-12-06T19:55:51.594498Z","level":"info","event":"https://musicbrainz.org/ws/2/artist/a049a513-f794-4b8d-8c3a-f106cfd22841?inc=tags&fmt=json","chan":"stdout","logger":"task"}
{"timestamp":"2025-12-06T19:55:52.700797Z","level":"info","event":"{'name': 'Mumford & Sons', 'id': '3gd8FJtBJtkRxdfbTu19U2', 'url': 'https://open.spotify.com/artist/3gd8FJtBJtkRxdfbTu19U2'}","chan":"stdout","logger":"task"}
{"timestamp":"2025-12-06T19:55:52.701332Z","level":"info","event":"https://musicbrainz.org/ws/2/url?resource=https://open.spotify.com/artist/3gd8FJtBJtkRxdfbTu19U2&inc=artist-rels&fmt=json","chan":"stdout","logger":"task"}
{"timestamp":"2025-12-06T19:55:52.812634Z","level":"info","event":"https://musicbrainz.org/ws/2/artist/c44e9c22-ef82-4a77-9bcd-af6c958446d6?inc=tags&fmt=json","chan":"stdout","logger":"task"}
{"timestamp":"2025-12-06T19:55:52.919639Z","level":"info","event":"Rate limit hit. Retrying in 1s...","chan":"stdout","logger":"task"}
{"timestamp":"2025-12-06T19:55:54.033126Z","level":"info","event":"Rate limit hit. Retrying in 2s...","chan":"stdout","logger":"task"}
{"timestamp":"2025-12-06T19:55:57.145988Z","level":"info","event":"{'name': 'Alicia Keys', 'id': '3DiDSECUqqY1AuBP8qtaIa', 'url': 'https://open.spotify.com/artist/3DiDSECUqqY1AuBP8qtaIa'}","chan":"stdout","logger":"task"}
{"timestamp":"2025-12-06T19:55:57.147891Z","level":"info","event":"https://musicbrainz.org/ws/2/url?resource=https://open.spotify.com/artist/3DiDSECUqqY1AuBP8qtaIa&inc=artist-rels&fmt=json","chan":"stdout","logger":"task"}
{"timestamp":"2025-12-06T19:55:57.260407Z","level":"info","event":"https://musicbrainz.org/ws/2/artist/8ef1df30-ae4f-4dbd-9351-1a32b208a01e?inc=tags&fmt=json","chan":"stdout","logger":"task"}
{"timestamp":"2025-12-06T19:55:58.373879Z","level":"info","event":"{'name': 'Demi Lovato', 'id': '6S2OmqARrzebs0tKUEyXyp', 'url': 'https://open.spotify.com/artist/6S2OmqARrzebs0tKUEyXyp'}","chan":"stdout","logger":"task"}
{"timestamp":"2025-12-06T19:55:58.374077Z","level":"info","event":"https://musicbrainz.org/ws/2/url?resource=https://open.spotify.com/artist/6S2OmqARrzebs0tKUEyXyp&inc=artist-rels&fmt=json","chan":"stdout","logger":"task"}
{"timestamp":"2025-12-06T19:55:58.528489Z","level":"info","event":"https://musicbrainz.org/ws/2/artist/faf4cefb-036c-4c88-b93a-5b03dd0a0e6b?inc=tags&fmt=json","chan":"stdout","logger":"task"}
{"timestamp":"2025-12-06T19:55:59.672830Z","level":"info","event":"{'name': 'Kelly Clarkson', 'id': '3BmGtnKgCSGYIUhmivXKWX', 'url': 'https://open.spotify.com/artist/3BmGtnKgCSGYIUhmivXKWX'}","chan":"stdout","logger":"task"}
{"timestamp":"2025-12-06T19:55:59.673105Z","level":"info","event":"https://musicbrainz.org/ws/2/url?resource=https://open.spotify.com/artist/3BmGtnKgCSGYIUhmivXKWX&inc=artist-rels&fmt=json","chan":"stdout","logger":"task"}
{"timestamp":"2025-12-06T19:55:59.783819Z","level":"info","event":"https://musicbrainz.org/ws/2/artist/d339efbb-77b9-4147-ba9e-59f2f24550b2?inc=tags&fmt=json","chan":"stdout","logger":"task"}
{"timestamp":"2025-12-06T19:56:00.890599Z","level":"info","event":"{'name': 'Blake Shelton', 'id': '1UTPBmNbXNTittyMJrNkvw', 'url': 'https://open.spotify.com/artist/1UTPBmNbXNTittyMJrNkvw'}","chan":"stdout","logger":"task"}
{"timestamp":"2025-12-06T19:56:00.891851Z","level":"info","event":"https://musicbrainz.org/ws/2/url?resource=https://open.spotify.com/artist/1UTPBmNbXNTittyMJrNkvw&inc=artist-rels&fmt=json","chan":"stdout","logger":"task"}
{"timestamp":"2025-12-06T19:56:01.002586Z","level":"info","event":"https://musicbrainz.org/ws/2/artist/2ad66473-ccb3-41d2-8756-b56680cdfe62?inc=tags&fmt=json","chan":"stdout","logger":"task"}
{"timestamp":"2025-12-06T19:56:02.118832Z","level":"info","event":"{'name': 'Of Monsters and Men', 'id': '4dwdTW1Lfiq0cM8nBAqIIz', 'url': 'https://open.spotify.com/artist/4dwdTW1Lfiq0cM8nBAqIIz'}","chan":"stdout","logger":"task"}
{"timestamp":"2025-12-06T19:56:02.122464Z","level":"info","event":"https://musicbrainz.org/ws/2/url?resource=https://open.spotify.com/artist/4dwdTW1Lfiq0cM8nBAqIIz&inc=artist-rels&fmt=json","chan":"stdout","logger":"task"}
{"timestamp":"2025-12-06T19:56:02.235621Z","level":"info","event":"https://musicbrainz.org/ws/2/artist/9e103f85-7af7-41d7-b83b-49ba8f0c5abf?inc=tags&fmt=json","chan":"stdout","logger":"task"}
{"timestamp":"2025-12-06T19:56:03.354386Z","level":"info","event":"{'name': 'PSY', 'id': '2dd5mrQZvg6SmahdgVKDzh', 'url': 'https://open.spotify.com/artist/2dd5mrQZvg6SmahdgVKDzh'}","chan":"stdout","logger":"task"}
{"timestamp":"2025-12-06T19:56:03.364105Z","level":"info","event":"https://musicbrainz.org/ws/2/url?resource=https://open.spotify.com/artist/2dd5mrQZvg6SmahdgVKDzh&inc=artist-rels&fmt=json","chan":"stdout","logger":"task"}
{"timestamp":"2025-12-06T19:56:03.475615Z","level":"info","event":"https://musicbrainz.org/ws/2/artist/f99b7d67-4e63-4678-aa66-4c6ac0f7d24a?inc=tags&fmt=json","chan":"stdout","logger":"task"}
{"timestamp":"2025-12-06T19:56:04.582575Z","level":"info","event":"{'name': 'fun.', 'id': '5nCi3BB41mBaMH9gfr6Su0', 'url': 'https://open.spotify.com/artist/5nCi3BB41mBaMH9gfr6Su0'}","chan":"stdout","logger":"task"}
{"timestamp":"2025-12-06T19:56:04.582987Z","level":"info","event":"https://musicbrainz.org/ws/2/url?resource=https://open.spotify.com/artist/5nCi3BB41mBaMH9gfr6Su0&inc=artist-rels&fmt=json","chan":"stdout","logger":"task"}
{"timestamp":"2025-12-06T19:56:04.690148Z","level":"info","event":"https://musicbrainz.org/ws/2/artist/136c4166-85b3-4994-aa04-59857c434199?inc=tags&fmt=json","chan":"stdout","logger":"task"}
{"timestamp":"2025-12-06T19:56:05.796956Z","level":"info","event":"{'name': 'Justin Bieber', 'id': '1uNFoZAHBGtllmzznpCI3s', 'url': 'https://open.spotify.com/artist/1uNFoZAHBGtllmzznpCI3s'}","chan":"stdout","logger":"task"}
{"timestamp":"2025-12-06T19:56:05.797701Z","level":"info","event":"https://musicbrainz.org/ws/2/url?resource=https://open.spotify.com/artist/1uNFoZAHBGtllmzznpCI3s&inc=artist-rels&fmt=json","chan":"stdout","logger":"task"}
{"timestamp":"2025-12-06T19:56:05.910335Z","level":"info","event":"Rate limit hit. Retrying in 1s...","chan":"stdout","logger":"task"}
{"timestamp":"2025-12-06T19:56:07.025935Z","level":"info","event":"https://musicbrainz.org/ws/2/artist/e0140a67-e4d1-4f13-8a01-364355bee46e?inc=tags&fmt=json","chan":"stdout","logger":"task"}
{"timestamp":"2025-12-06T19:56:08.152396Z","level":"info","event":"{'name': 'Nicki Minaj', 'id': '0hCNtLu0JehylgoiP8L4Gh', 'url': 'https://open.spotify.com/artist/0hCNtLu0JehylgoiP8L4Gh'}","chan":"stdout","logger":"task"}
{"timestamp":"2025-12-06T19:56:08.153025Z","level":"info","event":"https://musicbrainz.org/ws/2/url?resource=https://open.spotify.com/artist/0hCNtLu0JehylgoiP8L4Gh&inc=artist-rels&fmt=json","chan":"stdout","logger":"task"}
{"timestamp":"2025-12-06T19:56:08.263546Z","level":"info","event":"https://musicbrainz.org/ws/2/artist/1036b808-f58c-4a3e-b461-a2c4492ecf1b?inc=tags&fmt=json","chan":"stdout","logger":"task"}
{"timestamp":"2025-12-06T19:56:09.379911Z","level":"info","event":"{'name': 'Olly Murs', 'id': '3whuHq0yGx60atvA2RCVRW', 'url': 'https://open.spotify.com/artist/3whuHq0yGx60atvA2RCVRW'}","chan":"stdout","logger":"task"}
{"timestamp":"2025-12-06T19:56:09.381200Z","level":"info","event":"https://musicbrainz.org/ws/2/url?resource=https://open.spotify.com/artist/3whuHq0yGx60atvA2RCVRW&inc=artist-rels&fmt=json","chan":"stdout","logger":"task"}
{"timestamp":"2025-12-06T19:56:09.491973Z","level":"info","event":"https://musicbrainz.org/ws/2/artist/0b108024-ccb5-468f-b2e9-77ed4f5615c6?inc=tags&fmt=json","chan":"stdout","logger":"task"}
{"timestamp":"2025-12-06T19:56:10.618373Z","level":"info","event":"{'name': 'Flo Rida', 'id': '0jnsk9HBra6NMjO2oANoPY', 'url': 'https://open.spotify.com/artist/0jnsk9HBra6NMjO2oANoPY'}","chan":"stdout","logger":"task"}
{"timestamp":"2025-12-06T19:56:10.619162Z","level":"info","event":"https://musicbrainz.org/ws/2/url?resource=https://open.spotify.com/artist/0jnsk9HBra6NMjO2oANoPY&inc=artist-rels&fmt=json","chan":"stdout","logger":"task"}
{"timestamp":"2025-12-06T19:56:10.728048Z","level":"info","event":"https://musicbrainz.org/ws/2/artist/4593d49a-7f67-46ba-9ec0-126bd676286f?inc=tags&fmt=json","chan":"stdout","logger":"task"}
{"timestamp":"2025-12-06T19:56:11.837837Z","level":"info","event":"{'name': 'AWOLNATION', 'id': '4njdEjTnLfcGImKZu1iSrz', 'url': 'https://open.spotify.com/artist/4njdEjTnLfcGImKZu1iSrz'}","chan":"stdout","logger":"task"}
{"timestamp":"2025-12-06T19:56:11.838788Z","level":"info","event":"https://musicbrainz.org/ws/2/url?resource=https://open.spotify.com/artist/4njdEjTnLfcGImKZu1iSrz&inc=artist-rels&fmt=json","chan":"stdout","logger":"task"}
{"timestamp":"2025-12-06T19:56:11.966463Z","level":"info","event":"https://musicbrainz.org/ws/2/artist/77b29df2-056e-409e-a1b2-5e2bbfe421c4?inc=tags&fmt=json","chan":"stdout","logger":"task"}
{"timestamp":"2025-12-06T19:56:13.080887Z","level":"info","event":"{'name': 'The Script', 'id': '3AQRLZ9PuTAozP28Skbq8V', 'url': 'https://open.spotify.com/artist/3AQRLZ9PuTAozP28Skbq8V'}","chan":"stdout","logger":"task"}
{"timestamp":"2025-12-06T19:56:13.081914Z","level":"info","event":"https://musicbrainz.org/ws/2/url?resource=https://open.spotify.com/artist/3AQRLZ9PuTAozP28Skbq8V&inc=artist-rels&fmt=json","chan":"stdout","logger":"task"}
{"timestamp":"2025-12-06T19:56:13.194114Z","level":"info","event":"https://musicbrainz.org/ws/2/artist/4c98aa1b-34eb-4336-987f-5e50aa059c00?inc=tags&fmt=json","chan":"stdout","logger":"task"}
{"timestamp":"2025-12-06T19:56:14.298689Z","level":"info","event":"{'name': 'Phillip Phillips', 'id': '6p5JxpTc7USNnBnLzctyd4', 'url': 'https://open.spotify.com/artist/6p5JxpTc7USNnBnLzctyd4'}","chan":"stdout","logger":"task"}
{"timestamp":"2025-12-06T19:56:14.299485Z","level":"info","event":"https://musicbrainz.org/ws/2/url?resource=https://open.spotify.com/artist/6p5JxpTc7USNnBnLzctyd4&inc=artist-rels&fmt=json","chan":"stdout","logger":"task"}
{"timestamp":"2025-12-06T19:56:14.412544Z","level":"info","event":"https://musicbrainz.org/ws/2/artist/838483d3-a803-4194-9754-ad634fba8553?inc=tags&fmt=json","chan":"stdout","logger":"task"}
{"timestamp":"2025-12-06T19:56:15.527979Z","level":"info","event":"{'name': 'Miranda Lambert', 'id': '66lH4jAE7pqPlOlzUKbwA0', 'url': 'https://open.spotify.com/artist/66lH4jAE7pqPlOlzUKbwA0'}","chan":"stdout","logger":"task"}
{"timestamp":"2025-12-06T19:56:15.528195Z","level":"info","event":"https://musicbrainz.org/ws/2/url?resource=https://open.spotify.com/artist/66lH4jAE7pqPlOlzUKbwA0&inc=artist-rels&fmt=json","chan":"stdout","logger":"task"}
{"timestamp":"2025-12-06T19:56:15.641929Z","level":"info","event":"https://musicbrainz.org/ws/2/artist/4eca1aa0-c79f-481b-af8a-4a2d6c41aa5c?inc=tags&fmt=json","chan":"stdout","logger":"task"}
{"timestamp":"2025-12-06T19:56:16.066157Z","level":"info","event":"Rate limit hit. Retrying in 1s...","chan":"stdout","logger":"task"}
{"timestamp":"2025-12-06T19:56:18.189459Z","level":"info","event":"{'name': 'Ray Dalton', 'id': '4e0nWw2r4BoQSKPQ2zpU13', 'url': 'https://open.spotify.com/artist/4e0nWw2r4BoQSKPQ2zpU13'}","chan":"stdout","logger":"task"}
{"timestamp":"2025-12-06T19:56:18.190510Z","level":"info","event":"https://musicbrainz.org/ws/2/url?resource=https://open.spotify.com/artist/4e0nWw2r4BoQSKPQ2zpU13&inc=artist-rels&fmt=json","chan":"stdout","logger":"task"}
{"timestamp":"2025-12-06T19:56:18.308483Z","level":"info","event":"https://musicbrainz.org/ws/2/artist/6c7f57c4-8f11-4c59-9d63-bca189f343c1?inc=tags&fmt=json","chan":"stdout","logger":"task"}
{"timestamp":"2025-12-06T19:56:19.422205Z","level":"info","event":"{'name': 'Miguel', 'id': '360IAlyVv4PCEVjgyMZrxK', 'url': 'https://open.spotify.com/artist/360IAlyVv4PCEVjgyMZrxK'}","chan":"stdout","logger":"task"}
{"timestamp":"2025-12-06T19:56:19.422876Z","level":"info","event":"https://musicbrainz.org/ws/2/url?resource=https://open.spotify.com/artist/360IAlyVv4PCEVjgyMZrxK&inc=artist-rels&fmt=json","chan":"stdout","logger":"task"}
{"timestamp":"2025-12-06T19:56:19.532994Z","level":"info","event":"https://musicbrainz.org/ws/2/artist/285e1285-aecc-478f-a8da-0c8cf69e1217?inc=tags&fmt=json","chan":"stdout","logger":"task"}
{"timestamp":"2025-12-06T19:56:20.650612Z","level":"info","event":"{'name': 'Lady A', 'id': '32WkQRZEVKSzVAAYqukAEA', 'url': 'https://open.spotify.com/artist/32WkQRZEVKSzVAAYqukAEA'}","chan":"stdout","logger":"task"}
{"timestamp":"2025-12-06T19:56:20.652411Z","level":"info","event":"https://musicbrainz.org/ws/2/url?resource=https://open.spotify.com/artist/32WkQRZEVKSzVAAYqukAEA&inc=artist-rels&fmt=json","chan":"stdout","logger":"task"}
{"timestamp":"2025-12-06T19:56:20.767870Z","level":"info","event":"https://musicbrainz.org/ws/2/artist/0eedfc95-e79a-4fd9-832a-cd816a0b3fda?inc=tags&fmt=json","chan":"stdout","logger":"task"}
{"timestamp":"2025-12-06T19:56:21.885423Z","level":"info","event":"{'name': 'Carrie Underwood', 'id': '4xFUf1FHVy696Q1JQZMTRj', 'url': 'https://open.spotify.com/artist/4xFUf1FHVy696Q1JQZMTRj'}","chan":"stdout","logger":"task"}
{"timestamp":"2025-12-06T19:56:21.885957Z","level":"info","event":"https://musicbrainz.org/ws/2/url?resource=https://open.spotify.com/artist/4xFUf1FHVy696Q1JQZMTRj&inc=artist-rels&fmt=json","chan":"stdout","logger":"task"}
{"timestamp":"2025-12-06T19:56:21.994858Z","level":"info","event":"https://musicbrainz.org/ws/2/artist/70f0e309-5418-49b6-a130-666e2f76eecd?inc=tags&fmt=json","chan":"stdout","logger":"task"}
{"timestamp":"2025-12-06T19:56:23.109066Z","level":"info","event":"{'name': 'Trinidad James', 'id': '0I5HubncQ8E1MFZOlPDY4J', 'url': 'https://open.spotify.com/artist/0I5HubncQ8E1MFZOlPDY4J'}","chan":"stdout","logger":"task"}
{"timestamp":"2025-12-06T19:56:23.110012Z","level":"info","event":"https://musicbrainz.org/ws/2/url?resource=https://open.spotify.com/artist/0I5HubncQ8E1MFZOlPDY4J&inc=artist-rels&fmt=json","chan":"stdout","logger":"task"}
{"timestamp":"2025-12-06T19:56:23.231102Z","level":"info","event":"https://musicbrainz.org/ws/2/artist/4da8a075-9db8-422e-a154-57386c572d88?inc=tags&fmt=json","chan":"stdout","logger":"task"}
{"timestamp":"2025-12-06T19:56:24.349914Z","level":"info","event":"{'name': 'Wale', 'id': '67nwj3Y5sZQLl72VNUHEYE', 'url': 'https://open.spotify.com/artist/67nwj3Y5sZQLl72VNUHEYE'}","chan":"stdout","logger":"task"}
{"timestamp":"2025-12-06T19:56:24.352775Z","level":"info","event":"https://musicbrainz.org/ws/2/url?resource=https://open.spotify.com/artist/67nwj3Y5sZQLl72VNUHEYE&inc=artist-rels&fmt=json","chan":"stdout","logger":"task"}
{"timestamp":"2025-12-06T19:56:24.463430Z","level":"info","event":"https://musicbrainz.org/ws/2/artist/e34e41f2-f480-45d3-8190-a3ce5ab34fab?inc=tags&fmt=json","chan":"stdout","logger":"task"}
{"timestamp":"2025-12-06T19:56:25.579691Z","level":"info","event":"{'name': 'Hunter Hayes', 'id': '7H6dkUChT5EoOQtUVMg4cN', 'url': 'https://open.spotify.com/artist/7H6dkUChT5EoOQtUVMg4cN'}","chan":"stdout","logger":"task"}
{"timestamp":"2025-12-06T19:56:25.581347Z","level":"info","event":"https://musicbrainz.org/ws/2/url?resource=https://open.spotify.com/artist/7H6dkUChT5EoOQtUVMg4cN&inc=artist-rels&fmt=json","chan":"stdout","logger":"task"}
{"timestamp":"2025-12-06T19:56:25.702104Z","level":"info","event":"https://musicbrainz.org/ws/2/artist/0c75ddc6-2b5d-4b01-8c99-3d9479a14683?inc=tags&fmt=json","chan":"stdout","logger":"task"}
{"timestamp":"2025-12-06T19:56:26.813349Z","level":"info","event":"{'name': 'Fall Out Boy', 'id': '4UXqAaa6dQYAk18Lv7PEgX', 'url': 'https://open.spotify.com/artist/4UXqAaa6dQYAk18Lv7PEgX'}","chan":"stdout","logger":"task"}
{"timestamp":"2025-12-06T19:56:26.813773Z","level":"info","event":"https://musicbrainz.org/ws/2/url?resource=https://open.spotify.com/artist/4UXqAaa6dQYAk18Lv7PEgX&inc=artist-rels&fmt=json","chan":"stdout","logger":"task"}
{"timestamp":"2025-12-06T19:56:26.924110Z","level":"info","event":"Rate limit hit. Retrying in 1s...","chan":"stdout","logger":"task"}
{"timestamp":"2025-12-06T19:56:28.039376Z","level":"info","event":"https://musicbrainz.org/ws/2/artist/516cef4d-0718-4007-9939-f9b38af3f784?inc=tags&fmt=json","chan":"stdout","logger":"task"}
{"timestamp":"2025-12-06T19:56:29.143353Z","level":"info","event":"{'name': 'Tim McGraw', 'id': '6roFdX1y5BYSbp60OTJWMd', 'url': 'https://open.spotify.com/artist/6roFdX1y5BYSbp60OTJWMd'}","chan":"stdout","logger":"task"}
{"timestamp":"2025-12-06T19:56:29.144494Z","level":"info","event":"https://musicbrainz.org/ws/2/url?resource=https://open.spotify.com/artist/6roFdX1y5BYSbp60OTJWMd&inc=artist-rels&fmt=json","chan":"stdout","logger":"task"}
{"timestamp":"2025-12-06T19:56:29.270274Z","level":"info","event":"https://musicbrainz.org/ws/2/artist/7e5cfc9a-e9e1-46f1-b81a-861b12049488?inc=tags&fmt=json","chan":"stdout","logger":"task"}
{"timestamp":"2025-12-06T19:56:30.388438Z","level":"info","event":"{'name': 'The Band Perry', 'id': '75FnCoo4FBxH5K1Rrx0k5A', 'url': 'https://open.spotify.com/artist/75FnCoo4FBxH5K1Rrx0k5A'}","chan":"stdout","logger":"task"}
{"timestamp":"2025-12-06T19:56:30.389604Z","level":"info","event":"https://musicbrainz.org/ws/2/url?resource=https://open.spotify.com/artist/75FnCoo4FBxH5K1Rrx0k5A&inc=artist-rels&fmt=json","chan":"stdout","logger":"task"}
{"timestamp":"2025-12-06T19:56:30.500164Z","level":"info","event":"https://musicbrainz.org/ws/2/artist/28955336-2348-488a-9381-e3a7b0107343?inc=tags&fmt=json","chan":"stdout","logger":"task"}
{"timestamp":"2025-12-06T19:56:31.612184Z","level":"info","event":"{'name': 'Florida Georgia Line', 'id': '3b8QkneNDz4JHKKKlLgYZg', 'url': 'https://open.spotify.com/artist/3b8QkneNDz4JHKKKlLgYZg'}","chan":"stdout","logger":"task"}
{"timestamp":"2025-12-06T19:56:31.614671Z","level":"info","event":"https://musicbrainz.org/ws/2/url?resource=https://open.spotify.com/artist/3b8QkneNDz4JHKKKlLgYZg&inc=artist-rels&fmt=json","chan":"stdout","logger":"task"}
{"timestamp":"2025-12-06T19:56:31.742430Z","level":"info","event":"https://musicbrainz.org/ws/2/artist/c16817df-0160-490d-a437-c128cbca9218?inc=tags&fmt=json","chan":"stdout","logger":"task"}
{"timestamp":"2025-12-06T19:56:32.854726Z","level":"info","event":"{'name': 'One Direction', 'id': '4AK6F7OLvEQ5QYCBNiQWHq', 'url': 'https://open.spotify.com/artist/4AK6F7OLvEQ5QYCBNiQWHq'}","chan":"stdout","logger":"task"}
{"timestamp":"2025-12-06T19:56:32.856547Z","level":"info","event":"https://musicbrainz.org/ws/2/url?resource=https://open.spotify.com/artist/4AK6F7OLvEQ5QYCBNiQWHq&inc=artist-rels&fmt=json","chan":"stdout","logger":"task"}
{"timestamp":"2025-12-06T19:56:32.973098Z","level":"info","event":"https://musicbrainz.org/ws/2/artist/1a425bbd-cca4-4b2c-aeb7-71cb176c828a?inc=tags&fmt=json","chan":"stdout","logger":"task"}
{"timestamp":"2025-12-06T19:56:34.086818Z","level":"info","event":"{'name': 'Ace Hood', 'id': '31HjiqargV4NAw4GZqUale', 'url': 'https://open.spotify.com/artist/31HjiqargV4NAw4GZqUale'}","chan":"stdout","logger":"task"}
{"timestamp":"2025-12-06T19:56:34.094696Z","level":"info","event":"https://musicbrainz.org/ws/2/url?resource=https://open.spotify.com/artist/31HjiqargV4NAw4GZqUale&inc=artist-rels&fmt=json","chan":"stdout","logger":"task"}
{"timestamp":"2025-12-06T19:56:34.215470Z","level":"info","event":"https://musicbrainz.org/ws/2/artist/986ee464-cf8a-4e59-a71f-74756102067f?inc=tags&fmt=json","chan":"stdout","logger":"task"}
{"timestamp":"2025-12-06T19:56:35.330720Z","level":"info","event":"{'name': 'Rick Ross', 'id': '1sBkRIssrMs1AbVkOJbc7a', 'url': 'https://open.spotify.com/artist/1sBkRIssrMs1AbVkOJbc7a'}","chan":"stdout","logger":"task"}
{"timestamp":"2025-12-06T19:56:35.332151Z","level":"info","event":"https://musicbrainz.org/ws/2/url?resource=https://open.spotify.com/artist/1sBkRIssrMs1AbVkOJbc7a&inc=artist-rels&fmt=json","chan":"stdout","logger":"task"}
{"timestamp":"2025-12-06T19:56:35.450892Z","level":"info","event":"https://musicbrainz.org/ws/2/artist/13bcb2bb-db37-4397-baf5-e0f085be2d64?inc=tags&fmt=json","chan":"stdout","logger":"task"}
{"timestamp":"2025-12-06T19:56:36.563856Z","level":"info","event":"{'name': 'Lee Brice', 'id': '5Zq7R5qmi58ByYyBQTlNuk', 'url': 'https://open.spotify.com/artist/5Zq7R5qmi58ByYyBQTlNuk'}","chan":"stdout","logger":"task"}
{"timestamp":"2025-12-06T19:56:36.565310Z","level":"info","event":"https://musicbrainz.org/ws/2/url?resource=https://open.spotify.com/artist/5Zq7R5qmi58ByYyBQTlNuk&inc=artist-rels&fmt=json","chan":"stdout","logger":"task"}
{"timestamp":"2025-12-06T19:56:36.685647Z","level":"info","event":"https://musicbrainz.org/ws/2/artist/48a6d065-1fda-4280-ae39-df1394d419cd?inc=tags&fmt=json","chan":"stdout","logger":"task"}
{"timestamp":"2025-12-06T19:56:36.796164Z","level":"info","event":"Rate limit hit. Retrying in 1s...","chan":"stdout","logger":"task"}
{"timestamp":"2025-12-06T19:56:37.931735Z","level":"info","event":"Rate limit hit. Retrying in 2s...","chan":"stdout","logger":"task"}
{"timestamp":"2025-12-06T19:56:41.052872Z","level":"info","event":"{'name': 'Icona Pop', 'id': '1VBflYyxBhnDc9uVib98rw', 'url': 'https://open.spotify.com/artist/1VBflYyxBhnDc9uVib98rw'}","chan":"stdout","logger":"task"}
{"timestamp":"2025-12-06T19:56:41.055021Z","level":"info","event":"https://musicbrainz.org/ws/2/url?resource=https://open.spotify.com/artist/1VBflYyxBhnDc9uVib98rw&inc=artist-rels&fmt=json","chan":"stdout","logger":"task"}
{"timestamp":"2025-12-06T19:56:41.168382Z","level":"info","event":"https://musicbrainz.org/ws/2/artist/c5f259d0-abd8-418e-81ee-3965fd4e4e9a?inc=tags&fmt=json","chan":"stdout","logger":"task"}
{"timestamp":"2025-12-06T19:56:42.278146Z","level":"info","event":"{'name': 'Charli xcx', 'id': '25uiPmTg16RbhZWAqwLBy5', 'url': 'https://open.spotify.com/artist/25uiPmTg16RbhZWAqwLBy5'}","chan":"stdout","logger":"task"}
{"timestamp":"2025-12-06T19:56:42.278970Z","level":"info","event":"https://musicbrainz.org/ws/2/url?resource=https://open.spotify.com/artist/25uiPmTg16RbhZWAqwLBy5&inc=artist-rels&fmt=json","chan":"stdout","logger":"task"}
{"timestamp":"2025-12-06T19:56:42.387913Z","level":"info","event":"https://musicbrainz.org/ws/2/artist/260b6184-8828-48eb-945c-bc4cb6fc34ca?inc=tags&fmt=json","chan":"stdout","logger":"task"}
{"timestamp":"2025-12-06T19:56:43.510118Z","level":"info","event":"{'name': 'Darius Rucker', 'id': '7FY5V3XMwlNBPitEjXowHQ', 'url': 'https://open.spotify.com/artist/7FY5V3XMwlNBPitEjXowHQ'}","chan":"stdout","logger":"task"}
{"timestamp":"2025-12-06T19:56:43.511769Z","level":"info","event":"https://musicbrainz.org/ws/2/url?resource=https://open.spotify.com/artist/7FY5V3XMwlNBPitEjXowHQ&inc=artist-rels&fmt=json","chan":"stdout","logger":"task"}
{"timestamp":"2025-12-06T19:56:43.638547Z","level":"info","event":"https://musicbrainz.org/ws/2/artist/3ae70f76-ea53-4cc5-906e-d47a384202a1?inc=tags&fmt=json","chan":"stdout","logger":"task"}
{"timestamp":"2025-12-06T19:56:44.759987Z","level":"info","event":"{'name': 'Little Big Town', 'id': '3CygdxquGHurS7f9LjNLkv', 'url': 'https://open.spotify.com/artist/3CygdxquGHurS7f9LjNLkv'}","chan":"stdout","logger":"task"}
{"timestamp":"2025-12-06T19:56:44.760523Z","level":"info","event":"https://musicbrainz.org/ws/2/url?resource=https://open.spotify.com/artist/3CygdxquGHurS7f9LjNLkv&inc=artist-rels&fmt=json","chan":"stdout","logger":"task"}
{"timestamp":"2025-12-06T19:56:44.871512Z","level":"info","event":"https://musicbrainz.org/ws/2/artist/76e78b58-f301-4975-8058-7f84d8360738?inc=tags&fmt=json","chan":"stdout","logger":"task"}
{"timestamp":"2025-12-06T19:56:45.986556Z","level":"info","event":"{'name': 'Kesha', 'id': '6LqNN22kT3074XbTVUrhzX', 'url': 'https://open.spotify.com/artist/6LqNN22kT3074XbTVUrhzX'}","chan":"stdout","logger":"task"}
{"timestamp":"2025-12-06T19:56:45.987197Z","level":"info","event":"https://musicbrainz.org/ws/2/url?resource=https://open.spotify.com/artist/6LqNN22kT3074XbTVUrhzX&inc=artist-rels&fmt=json","chan":"stdout","logger":"task"}
{"timestamp":"2025-12-06T19:56:46.096817Z","level":"info","event":"https://musicbrainz.org/ws/2/artist/fab34286-b8e1-4879-bce3-194e1358fbd2?inc=tags&fmt=json","chan":"stdout","logger":"task"}
{"timestamp":"2025-12-06T19:56:47.204784Z","level":"info","event":"{'name': 'Jeezy', 'id': '4yBK75WVCQXej1p04GWqxH', 'url': 'https://open.spotify.com/artist/4yBK75WVCQXej1p04GWqxH'}","chan":"stdout","logger":"task"}
{"timestamp":"2025-12-06T19:56:47.206600Z","level":"info","event":"https://musicbrainz.org/ws/2/url?resource=https://open.spotify.com/artist/4yBK75WVCQXej1p04GWqxH&inc=artist-rels&fmt=json","chan":"stdout","logger":"task"}
{"timestamp":"2025-12-06T19:56:47.322575Z","level":"info","event":"https://musicbrainz.org/ws/2/artist/dcad99e7-3c3e-4c78-bf8a-68203e17da48?inc=tags&fmt=json","chan":"stdout","logger":"task"}
{"timestamp":"2025-12-06T19:56:48.431226Z","level":"info","event":"{'name': 'Kenny Chesney', 'id': '3grHWM9bx2E9vwJCdlRv9O', 'url': 'https://open.spotify.com/artist/3grHWM9bx2E9vwJCdlRv9O'}","chan":"stdout","logger":"task"}
{"timestamp":"2025-12-06T19:56:48.431973Z","level":"info","event":"https://musicbrainz.org/ws/2/url?resource=https://open.spotify.com/artist/3grHWM9bx2E9vwJCdlRv9O&inc=artist-rels&fmt=json","chan":"stdout","logger":"task"}
{"timestamp":"2025-12-06T19:56:48.553219Z","level":"info","event":"https://musicbrainz.org/ws/2/artist/5dca4d22-d6c8-4e70-8ca1-4543e43353c7?inc=tags&fmt=json","chan":"stdout","logger":"task"}
{"timestamp":"2025-12-06T19:56:49.662814Z","level":"info","event":"{'name': 'Nelly', 'id': '2gBjLmx6zQnFGQJCAQpRgw', 'url': 'https://open.spotify.com/artist/2gBjLmx6zQnFGQJCAQpRgw'}","chan":"stdout","logger":"task"}
{"timestamp":"2025-12-06T19:56:49.663711Z","level":"info","event":"https://musicbrainz.org/ws/2/url?resource=https://open.spotify.com/artist/2gBjLmx6zQnFGQJCAQpRgw&inc=artist-rels&fmt=json","chan":"stdout","logger":"task"}
{"timestamp":"2025-12-06T19:56:49.779996Z","level":"info","event":"Rate limit hit. Retrying in 1s...","chan":"stdout","logger":"task"}
{"timestamp":"2025-12-06T19:56:50.901872Z","level":"info","event":"https://musicbrainz.org/ws/2/artist/811900b2-68fc-4d41-8bad-69b7a1f4d628?inc=tags&fmt=json","chan":"stdout","logger":"task"}
{"timestamp":"2025-12-06T19:56:52.013589Z","level":"info","event":"{'name': 'Emeli Sandé', 'id': '7sfgqEdoeBTjd8lQsPT3Cy', 'url': 'https://open.spotify.com/artist/7sfgqEdoeBTjd8lQsPT3Cy'}","chan":"stdout","logger":"task"}
{"timestamp":"2025-12-06T19:56:52.014351Z","level":"info","event":"https://musicbrainz.org/ws/2/url?resource=https://open.spotify.com/artist/7sfgqEdoeBTjd8lQsPT3Cy&inc=artist-rels&fmt=json","chan":"stdout","logger":"task"}
{"timestamp":"2025-12-06T19:56:52.123349Z","level":"info","event":"https://musicbrainz.org/ws/2/artist/7cfaac66-62e5-4fcd-af1b-9d3aa8f68e8b?inc=tags&fmt=json","chan":"stdout","logger":"task"}
{"timestamp":"2025-12-06T19:56:53.236980Z","level":"info","event":"{'name': 'Kelly Rowland', 'id': '3AuMNF8rQAKOzjYppFNAoB', 'url': 'https://open.spotify.com/artist/3AuMNF8rQAKOzjYppFNAoB'}","chan":"stdout","logger":"task"}
{"timestamp":"2025-12-06T19:56:53.238908Z","level":"info","event":"https://musicbrainz.org/ws/2/url?resource=https://open.spotify.com/artist/3AuMNF8rQAKOzjYppFNAoB&inc=artist-rels&fmt=json","chan":"stdout","logger":"task"}
{"timestamp":"2025-12-06T19:56:53.358004Z","level":"info","event":"https://musicbrainz.org/ws/2/artist/31bea673-d23a-4889-8da1-7cb040863268?inc=tags&fmt=json","chan":"stdout","logger":"task"}
{"timestamp":"2025-12-06T19:56:54.468768Z","level":"info","event":"{'name': 'Thompson Square', 'id': '0Bvs8yPjrQSbmVIRqSg1Sp', 'url': 'https://open.spotify.com/artist/0Bvs8yPjrQSbmVIRqSg1Sp'}","chan":"stdout","logger":"task"}
{"timestamp":"2025-12-06T19:56:54.472784Z","level":"info","event":"https://musicbrainz.org/ws/2/url?resource=https://open.spotify.com/artist/0Bvs8yPjrQSbmVIRqSg1Sp&inc=artist-rels&fmt=json","chan":"stdout","logger":"task"}
{"timestamp":"2025-12-06T19:56:54.596396Z","level":"info","event":"HTTP 404: Not Found","chan":"stdout","logger":"task"}
{"timestamp":"2025-12-06T19:56:54.599673Z","level":"info","event":"unable to get mbid for https://open.spotify.com/artist/0Bvs8yPjrQSbmVIRqSg1Sp","chan":"stdout","logger":"task"}
{"timestamp":"2025-12-06T19:56:55.602843Z","level":"info","event":"{'name': 'Krewella', 'id': '0Cd6nHYwecCNM1sVEXKlYr', 'url': 'https://open.spotify.com/artist/0Cd6nHYwecCNM1sVEXKlYr'}","chan":"stdout","logger":"task"}
{"timestamp":"2025-12-06T19:56:55.604420Z","level":"info","event":"https://musicbrainz.org/ws/2/url?resource=https://open.spotify.com/artist/0Cd6nHYwecCNM1sVEXKlYr&inc=artist-rels&fmt=json","chan":"stdout","logger":"task"}
{"timestamp":"2025-12-06T19:56:55.718631Z","level":"info","event":"https://musicbrainz.org/ws/2/artist/d87475fa-76a1-4e12-962c-fc9941fdda72?inc=tags&fmt=json","chan":"stdout","logger":"task"}
{"timestamp":"2025-12-06T19:56:56.832846Z","level":"info","event":"{'name': 'Kacey Musgraves', 'id': '70kkdajctXSbqSMJbQO424', 'url': 'https://open.spotify.com/artist/70kkdajctXSbqSMJbQO424'}","chan":"stdout","logger":"task"}
{"timestamp":"2025-12-06T19:56:56.836294Z","level":"info","event":"https://musicbrainz.org/ws/2/url?resource=https://open.spotify.com/artist/70kkdajctXSbqSMJbQO424&inc=artist-rels&fmt=json","chan":"stdout","logger":"task"}
{"timestamp":"2025-12-06T19:56:56.959196Z","level":"info","event":"https://musicbrainz.org/ws/2/artist/d1393ecb-431b-4fde-a6ea-d769f2f040cb?inc=tags&fmt=json","chan":"stdout","logger":"task"}
{"timestamp":"2025-12-06T19:56:58.078673Z","level":"info","event":"{'name': 'J. Cole', 'id': '6l3HvQ5sa6mXTsMTB19rO5', 'url': 'https://open.spotify.com/artist/6l3HvQ5sa6mXTsMTB19rO5'}","chan":"stdout","logger":"task"}
{"timestamp":"2025-12-06T19:56:58.080315Z","level":"info","event":"https://musicbrainz.org/ws/2/url?resource=https://open.spotify.com/artist/6l3HvQ5sa6mXTsMTB19rO5&inc=artist-rels&fmt=json","chan":"stdout","logger":"task"}
{"timestamp":"2025-12-06T19:56:58.194991Z","level":"info","event":"https://musicbrainz.org/ws/2/artist/875203e1-8e58-4b86-8dcb-7190faf411c5?inc=tags&fmt=json","chan":"stdout","logger":"task"}
{"timestamp":"2025-12-06T19:56:59.302296Z","level":"info","event":"{'name': 'The Weeknd', 'id': '1Xyo4u8uXC1ZmMpatF05PJ', 'url': 'https://open.spotify.com/artist/1Xyo4u8uXC1ZmMpatF05PJ'}","chan":"stdout","logger":"task"}
{"timestamp":"2025-12-06T19:56:59.304362Z","level":"info","event":"https://musicbrainz.org/ws/2/url?resource=https://open.spotify.com/artist/1Xyo4u8uXC1ZmMpatF05PJ&inc=artist-rels&fmt=json","chan":"stdout","logger":"task"}
{"timestamp":"2025-12-06T19:56:59.421932Z","level":"info","event":"https://musicbrainz.org/ws/2/artist/c8b03190-306c-4120-bb0b-6f2ebfc06ea9?inc=tags&fmt=json","chan":"stdout","logger":"task"}
{"timestamp":"2025-12-06T19:57:00.533969Z","level":"info","event":"{'name': 'George Strait', 'id': '5vngPClqofybhPERIqQMYd', 'url': 'https://open.spotify.com/artist/5vngPClqofybhPERIqQMYd'}","chan":"stdout","logger":"task"}
{"timestamp":"2025-12-06T19:57:00.534848Z","level":"info","event":"https://musicbrainz.org/ws/2/url?resource=https://open.spotify.com/artist/5vngPClqofybhPERIqQMYd&inc=artist-rels&fmt=json","chan":"stdout","logger":"task"}
{"timestamp":"2025-12-06T19:57:00.655366Z","level":"info","event":"Rate limit hit. Retrying in 1s...","chan":"stdout","logger":"task"}
{"timestamp":"2025-12-06T19:57:01.789484Z","level":"info","event":"https://musicbrainz.org/ws/2/artist/5ab2cf34-517e-48eb-b3a5-34e1cbcd600a?inc=tags&fmt=json","chan":"stdout","logger":"task"}
{"timestamp":"2025-12-06T19:57:02.898371Z","level":"info","event":"{'name': 'Jonn Hart', 'id': '7vMpNua6oKT52WWHNUJ1No', 'url': 'https://open.spotify.com/artist/7vMpNua6oKT52WWHNUJ1No'}","chan":"stdout","logger":"task"}
{"timestamp":"2025-12-06T19:57:02.899648Z","level":"info","event":"https://musicbrainz.org/ws/2/url?resource=https://open.spotify.com/artist/7vMpNua6oKT52WWHNUJ1No&inc=artist-rels&fmt=json","chan":"stdout","logger":"task"}
{"timestamp":"2025-12-06T19:57:03.011945Z","level":"info","event":"https://musicbrainz.org/ws/2/artist/d971a9d9-6db8-4ef1-a356-dfa76acdc0d0?inc=tags&fmt=json","chan":"stdout","logger":"task"}
{"timestamp":"2025-12-06T19:57:04.128493Z","level":"info","event":"{'name': 'Iamsu!', 'id': '2ZavqCJe7uqkRpISes0NFi', 'url': 'https://open.spotify.com/artist/2ZavqCJe7uqkRpISes0NFi'}","chan":"stdout","logger":"task"}
{"timestamp":"2025-12-06T19:57:04.129023Z","level":"info","event":"https://musicbrainz.org/ws/2/url?resource=https://open.spotify.com/artist/2ZavqCJe7uqkRpISes0NFi&inc=artist-rels&fmt=json","chan":"stdout","logger":"task"}
{"timestamp":"2025-12-06T19:57:04.242485Z","level":"info","event":"https://musicbrainz.org/ws/2/artist/efa81d5c-b900-480a-b27f-0a66e48792de?inc=tags&fmt=json","chan":"stdout","logger":"task"}
{"timestamp":"2025-12-06T19:57:05.364509Z","level":"info","event":"{'name': 'Luke Bryan', 'id': '0BvkDsjIUla7X0k6CSWh1I', 'url': 'https://open.spotify.com/artist/0BvkDsjIUla7X0k6CSWh1I'}","chan":"stdout","logger":"task"}
{"timestamp":"2025-12-06T19:57:05.367714Z","level":"info","event":"https://musicbrainz.org/ws/2/url?resource=https://open.spotify.com/artist/0BvkDsjIUla7X0k6CSWh1I&inc=artist-rels&fmt=json","chan":"stdout","logger":"task"}
{"timestamp":"2025-12-06T19:57:05.517782Z","level":"info","event":"https://musicbrainz.org/ws/2/artist/aab35942-f176-4f77-bbf9-1d6aa98ccf3f?inc=tags&fmt=json","chan":"stdout","logger":"task"}
{"timestamp":"2025-12-06T19:57:06.664868Z","level":"info","event":"{'name': 'B.o.B', 'id': '5ndkK3dpZLKtBklKjxNQwT', 'url': 'https://open.spotify.com/artist/5ndkK3dpZLKtBklKjxNQwT'}","chan":"stdout","logger":"task"}
{"timestamp":"2025-12-06T19:57:06.665220Z","level":"info","event":"https://musicbrainz.org/ws/2/url?resource=https://open.spotify.com/artist/5ndkK3dpZLKtBklKjxNQwT&inc=artist-rels&fmt=json","chan":"stdout","logger":"task"}
{"timestamp":"2025-12-06T19:57:06.774141Z","level":"info","event":"https://musicbrainz.org/ws/2/artist/94c338ff-1985-4429-9dc8-997b61bb5932?inc=tags&fmt=json","chan":"stdout","logger":"task"}
{"timestamp":"2025-12-06T19:57:07.879779Z","level":"info","event":"{'name': 'T.I.', 'id': '4OBJLual30L7gRl5UkeRcT', 'url': 'https://open.spotify.com/artist/4OBJLual30L7gRl5UkeRcT'}","chan":"stdout","logger":"task"}
{"timestamp":"2025-12-06T19:57:07.884430Z","level":"info","event":"https://musicbrainz.org/ws/2/url?resource=https://open.spotify.com/artist/4OBJLual30L7gRl5UkeRcT&inc=artist-rels&fmt=json","chan":"stdout","logger":"task"}
{"timestamp":"2025-12-06T19:57:07.993317Z","level":"info","event":"https://musicbrainz.org/ws/2/artist/f7ba7fbe-c6bd-4ac0-bee9-c25c558d7d62?inc=tags&fmt=json","chan":"stdout","logger":"task"}
{"timestamp":"2025-12-06T19:57:09.103655Z","level":"info","event":"{'name': 'Juicy J', 'id': '5gCRApTajqwbnHHPbr2Fpi', 'url': 'https://open.spotify.com/artist/5gCRApTajqwbnHHPbr2Fpi'}","chan":"stdout","logger":"task"}
{"timestamp":"2025-12-06T19:57:09.104004Z","level":"info","event":"https://musicbrainz.org/ws/2/url?resource=https://open.spotify.com/artist/5gCRApTajqwbnHHPbr2Fpi&inc=artist-rels&fmt=json","chan":"stdout","logger":"task"}
{"timestamp":"2025-12-06T19:57:09.210022Z","level":"info","event":"https://musicbrainz.org/ws/2/artist/c45d161f-83ce-4464-ba41-44202e6916d9?inc=tags&fmt=json","chan":"stdout","logger":"task"}
{"timestamp":"2025-12-06T19:57:10.317287Z","level":"info","event":"{'name': 'Chris Young', 'id': '4BYxqVkZyFjtik7crYLg5Q', 'url': 'https://open.spotify.com/artist/4BYxqVkZyFjtik7crYLg5Q'}","chan":"stdout","logger":"task"}
{"timestamp":"2025-12-06T19:57:10.318733Z","level":"info","event":"https://musicbrainz.org/ws/2/url?resource=https://open.spotify.com/artist/4BYxqVkZyFjtik7crYLg5Q&inc=artist-rels&fmt=json","chan":"stdout","logger":"task"}
{"timestamp":"2025-12-06T19:57:10.434007Z","level":"info","event":"https://musicbrainz.org/ws/2/artist/86de027e-097d-41b1-9b97-c0a69379ff4b?inc=tags&fmt=json","chan":"stdout","logger":"task"}
{"timestamp":"2025-12-06T19:57:10.539960Z","level":"info","event":"Rate limit hit. Retrying in 1s...","chan":"stdout","logger":"task"}
{"timestamp":"2025-12-06T19:57:11.657369Z","level":"info","event":"Rate limit hit. Retrying in 2s...","chan":"stdout","logger":"task"}
{"timestamp":"2025-12-06T19:57:14.783231Z","level":"info","event":"{'name': 'Lupe Fiasco', 'id': '01QTIT5P1pFP3QnnFSdsJf', 'url': 'https://open.spotify.com/artist/01QTIT5P1pFP3QnnFSdsJf'}","chan":"stdout","logger":"task"}
{"timestamp":"2025-12-06T19:57:14.785261Z","level":"info","event":"https://musicbrainz.org/ws/2/url?resource=https://open.spotify.com/artist/01QTIT5P1pFP3QnnFSdsJf&inc=artist-rels&fmt=json","chan":"stdout","logger":"task"}
{"timestamp":"2025-12-06T19:57:14.906014Z","level":"info","event":"https://musicbrainz.org/ws/2/artist/cf15719f-51f9-4db8-a15d-5eed9664ce69?inc=tags&fmt=json","chan":"stdout","logger":"task"}
{"timestamp":"2025-12-06T19:57:16.017072Z","level":"info","event":"{'name': 'Guy Sebastian', 'id': '5PjekOABtfU2Kwo0AHVmci', 'url': 'https://open.spotify.com/artist/5PjekOABtfU2Kwo0AHVmci'}","chan":"stdout","logger":"task"}
{"timestamp":"2025-12-06T19:57:16.017456Z","level":"info","event":"https://musicbrainz.org/ws/2/url?resource=https://open.spotify.com/artist/5PjekOABtfU2Kwo0AHVmci&inc=artist-rels&fmt=json","chan":"stdout","logger":"task"}
{"timestamp":"2025-12-06T19:57:16.134959Z","level":"info","event":"https://musicbrainz.org/ws/2/artist/f116b984-45ae-49d0-9445-efc5a61458a1?inc=tags&fmt=json","chan":"stdout","logger":"task"}
{"timestamp":"2025-12-06T19:57:17.249024Z","level":"info","event":"{'name': 'Jason Aldean', 'id': '3FfvYsEGaIb52QPXhg4DcH', 'url': 'https://open.spotify.com/artist/3FfvYsEGaIb52QPXhg4DcH'}","chan":"stdout","logger":"task"}
{"timestamp":"2025-12-06T19:57:17.250860Z","level":"info","event":"https://musicbrainz.org/ws/2/url?resource=https://open.spotify.com/artist/3FfvYsEGaIb52QPXhg4DcH&inc=artist-rels&fmt=json","chan":"stdout","logger":"task"}
{"timestamp":"2025-12-06T19:57:17.366689Z","level":"info","event":"https://musicbrainz.org/ws/2/artist/f24df11a-7e35-4979-a4db-a3b2a170ce27?inc=tags&fmt=json","chan":"stdout","logger":"task"}
{"timestamp":"2025-12-06T19:57:18.475378Z","level":"info","event":"{'name': 'Tamar Braxton', 'id': '1MT1Wz4G9Z9EVOg4L5zZMS', 'url': 'https://open.spotify.com/artist/1MT1Wz4G9Z9EVOg4L5zZMS'}","chan":"stdout","logger":"task"}
{"timestamp":"2025-12-06T19:57:18.484996Z","level":"info","event":"https://musicbrainz.org/ws/2/url?resource=https://open.spotify.com/artist/1MT1Wz4G9Z9EVOg4L5zZMS&inc=artist-rels&fmt=json","chan":"stdout","logger":"task"}
{"timestamp":"2025-12-06T19:57:18.610121Z","level":"info","event":"https://musicbrainz.org/ws/2/artist/ffb5f70c-cd10-48a5-92d0-cea440e6fd40?inc=tags&fmt=json","chan":"stdout","logger":"task"}
{"timestamp":"2025-12-06T19:57:19.726749Z","level":"info","event":"{'name': 'Eric Church', 'id': '2IvkS5MXK0vPGnwyJsrEyV', 'url': 'https://open.spotify.com/artist/2IvkS5MXK0vPGnwyJsrEyV'}","chan":"stdout","logger":"task"}
{"timestamp":"2025-12-06T19:57:19.733814Z","level":"info","event":"https://musicbrainz.org/ws/2/url?resource=https://open.spotify.com/artist/2IvkS5MXK0vPGnwyJsrEyV&inc=artist-rels&fmt=json","chan":"stdout","logger":"task"}
{"timestamp":"2025-12-06T19:57:19.858957Z","level":"info","event":"https://musicbrainz.org/ws/2/artist/15856215-cc51-4423-879c-9ac955ccb11a?inc=tags&fmt=json","chan":"stdout","logger":"task"}
{"timestamp":"2025-12-06T19:57:20.965001Z","level":"info","event":"{'name': 'Chris Brown', 'id': '7bXgB6jMjp9ATFy66eO08Z', 'url': 'https://open.spotify.com/artist/7bXgB6jMjp9ATFy66eO08Z'}","chan":"stdout","logger":"task"}
{"timestamp":"2025-12-06T19:57:20.965924Z","level":"info","event":"https://musicbrainz.org/ws/2/url?resource=https://open.spotify.com/artist/7bXgB6jMjp9ATFy66eO08Z&inc=artist-rels&fmt=json","chan":"stdout","logger":"task"}
{"timestamp":"2025-12-06T19:57:21.082280Z","level":"info","event":"https://musicbrainz.org/ws/2/artist/c234fa42-e6a6-443e-937e-2f4b073538a3?inc=tags&fmt=json","chan":"stdout","logger":"task"}
{"timestamp":"2025-12-06T19:57:22.194191Z","level":"info","event":"{'name': 'Britt Nicole', 'id': '6BXionV4R0BunrFpSwIMUK', 'url': 'https://open.spotify.com/artist/6BXionV4R0BunrFpSwIMUK'}","chan":"stdout","logger":"task"}
{"timestamp":"2025-12-06T19:57:22.197362Z","level":"info","event":"https://musicbrainz.org/ws/2/url?resource=https://open.spotify.com/artist/6BXionV4R0BunrFpSwIMUK&inc=artist-rels&fmt=json","chan":"stdout","logger":"task"}
{"timestamp":"2025-12-06T19:57:22.348895Z","level":"info","event":"https://musicbrainz.org/ws/2/artist/9519eba5-d329-417e-b69a-9ebb2faffca4?inc=tags&fmt=json","chan":"stdout","logger":"task"}
{"timestamp":"2025-12-06T19:57:23.491748Z","level":"info","event":"{'name': 'Keith Urban', 'id': '0u2FHSq3ln94y5Q57xazwf', 'url': 'https://open.spotify.com/artist/0u2FHSq3ln94y5Q57xazwf'}","chan":"stdout","logger":"task"}
{"timestamp":"2025-12-06T19:57:23.493580Z","level":"info","event":"https://musicbrainz.org/ws/2/url?resource=https://open.spotify.com/artist/0u2FHSq3ln94y5Q57xazwf&inc=artist-rels&fmt=json","chan":"stdout","logger":"task"}
{"timestamp":"2025-12-06T19:57:23.608006Z","level":"info","event":"Rate limit hit. Retrying in 1s...","chan":"stdout","logger":"task"}
{"timestamp":"2025-12-06T19:57:24.796724Z","level":"info","event":"https://musicbrainz.org/ws/2/artist/f45da029-7b00-4bf3-962c-0eeb20309cc4?inc=tags&fmt=json","chan":"stdout","logger":"task"}
{"timestamp":"2025-12-06T19:57:25.937183Z","level":"info","event":"{'name': 'Anna Kendrick', 'id': '6xfqnpe2HnLVUaYXs2F8YS', 'url': 'https://open.spotify.com/artist/6xfqnpe2HnLVUaYXs2F8YS'}","chan":"stdout","logger":"task"}
{"timestamp":"2025-12-06T19:57:25.937456Z","level":"info","event":"https://musicbrainz.org/ws/2/url?resource=https://open.spotify.com/artist/6xfqnpe2HnLVUaYXs2F8YS&inc=artist-rels&fmt=json","chan":"stdout","logger":"task"}
{"timestamp":"2025-12-06T19:57:26.045184Z","level":"info","event":"https://musicbrainz.org/ws/2/artist/5c3dffd4-dc80-4331-a98e-101046d6b747?inc=tags&fmt=json","chan":"stdout","logger":"task"}
{"timestamp":"2025-12-06T19:57:27.156619Z","level":"info","event":"{'name': 'Tyga', 'id': '5LHRHt1k9lMyONurDHEdrp', 'url': 'https://open.spotify.com/artist/5LHRHt1k9lMyONurDHEdrp'}","chan":"stdout","logger":"task"}
{"timestamp":"2025-12-06T19:57:27.158425Z","level":"info","event":"https://musicbrainz.org/ws/2/url?resource=https://open.spotify.com/artist/5LHRHt1k9lMyONurDHEdrp&inc=artist-rels&fmt=json","chan":"stdout","logger":"task"}
{"timestamp":"2025-12-06T19:57:27.268844Z","level":"info","event":"https://musicbrainz.org/ws/2/artist/ce09ea31-3d4a-4487-a797-e315175457a0?inc=tags&fmt=json","chan":"stdout","logger":"task"}
{"timestamp":"2025-12-06T19:57:28.372961Z","level":"info","event":"{'name': 'Chief Keef', 'id': '15iVAtD3s3FsQR4w1v6M0P', 'url': 'https://open.spotify.com/artist/15iVAtD3s3FsQR4w1v6M0P'}","chan":"stdout","logger":"task"}
{"timestamp":"2025-12-06T19:57:28.373118Z","level":"info","event":"https://musicbrainz.org/ws/2/url?resource=https://open.spotify.com/artist/15iVAtD3s3FsQR4w1v6M0P&inc=artist-rels&fmt=json","chan":"stdout","logger":"task"}
{"timestamp":"2025-12-06T19:57:28.493589Z","level":"info","event":"https://musicbrainz.org/ws/2/artist/9118f524-be76-4eaf-875c-ccf15e2a2ad6?inc=tags&fmt=json","chan":"stdout","logger":"task"}
{"timestamp":"2025-12-06T19:57:29.628236Z","level":"info","event":"{'name': 'Dierks Bentley', 'id': '7x8nK0m0cP2ksQf0mjWdPS', 'url': 'https://open.spotify.com/artist/7x8nK0m0cP2ksQf0mjWdPS'}","chan":"stdout","logger":"task"}
{"timestamp":"2025-12-06T19:57:29.628959Z","level":"info","event":"https://musicbrainz.org/ws/2/url?resource=https://open.spotify.com/artist/7x8nK0m0cP2ksQf0mjWdPS&inc=artist-rels&fmt=json","chan":"stdout","logger":"task"}
{"timestamp":"2025-12-06T19:57:29.740231Z","level":"info","event":"https://musicbrainz.org/ws/2/artist/6bd7faa9-601f-44db-a2a6-239209f83156?inc=tags&fmt=json","chan":"stdout","logger":"task"}
{"timestamp":"2025-12-06T19:57:30.852766Z","level":"info","event":"{'name': 'Hadouken!', 'id': '1369EOxSlL69yV9Yp1nVaR', 'url': 'https://open.spotify.com/artist/1369EOxSlL69yV9Yp1nVaR'}","chan":"stdout","logger":"task"}
{"timestamp":"2025-12-06T19:57:30.852932Z","level":"info","event":"https://musicbrainz.org/ws/2/url?resource=https://open.spotify.com/artist/1369EOxSlL69yV9Yp1nVaR&inc=artist-rels&fmt=json","chan":"stdout","logger":"task"}
{"timestamp":"2025-12-06T19:57:31.008006Z","level":"info","event":"https://musicbrainz.org/ws/2/artist/8c9200b8-8e05-41d5-836e-44a37905560e?inc=tags&fmt=json","chan":"stdout","logger":"task"}
{"timestamp":"2025-12-06T19:57:32.146185Z","level":"info","event":"{'name': 'Wiz Khalifa', 'id': '137W8MRPWKqSmrBGDBFSop', 'url': 'https://open.spotify.com/artist/137W8MRPWKqSmrBGDBFSop'}","chan":"stdout","logger":"task"}
{"timestamp":"2025-12-06T19:57:32.147684Z","level":"info","event":"https://musicbrainz.org/ws/2/url?resource=https://open.spotify.com/artist/137W8MRPWKqSmrBGDBFSop&inc=artist-rels&fmt=json","chan":"stdout","logger":"task"}
{"timestamp":"2025-12-06T19:57:32.266422Z","level":"info","event":"https://musicbrainz.org/ws/2/artist/f5dfa020-ad69-41cd-b3d4-fd7af0414e94?inc=tags&fmt=json","chan":"stdout","logger":"task"}
{"timestamp":"2025-12-06T19:57:33.390760Z","level":"info","event":"{'name': 'Rascal Flatts', 'id': '0a1gHP0HAqALbEyxaD5Ngn', 'url': 'https://open.spotify.com/artist/0a1gHP0HAqALbEyxaD5Ngn'}","chan":"stdout","logger":"task"}
{"timestamp":"2025-12-06T19:57:33.392111Z","level":"info","event":"https://musicbrainz.org/ws/2/url?resource=https://open.spotify.com/artist/0a1gHP0HAqALbEyxaD5Ngn&inc=artist-rels&fmt=json","chan":"stdout","logger":"task"}
{"timestamp":"2025-12-06T19:57:33.538037Z","level":"info","event":"https://musicbrainz.org/ws/2/artist/6e0ae159-8449-4262-bba5-18ec87fa529f?inc=tags&fmt=json","chan":"stdout","logger":"task"}
{"timestamp":"2025-12-06T19:57:33.653037Z","level":"info","event":"Rate limit hit. Retrying in 1s...","chan":"stdout","logger":"task"}
{"timestamp":"2025-12-06T19:57:35.807454Z","level":"info","event":"{'name': 'Brantley Gilbert', 'id': '5q8HGNo0BjLWaTAhRtbwxa', 'url': 'https://open.spotify.com/artist/5q8HGNo0BjLWaTAhRtbwxa'}","chan":"stdout","logger":"task"}
{"timestamp":"2025-12-06T19:57:35.809663Z","level":"info","event":"https://musicbrainz.org/ws/2/url?resource=https://open.spotify.com/artist/5q8HGNo0BjLWaTAhRtbwxa&inc=artist-rels&fmt=json","chan":"stdout","logger":"task"}
{"timestamp":"2025-12-06T19:57:35.942155Z","level":"info","event":"https://musicbrainz.org/ws/2/artist/9ad8aede-6938-48f2-93fa-908bc4da9ef6?inc=tags&fmt=json","chan":"stdout","logger":"task"}
{"timestamp":"2025-12-06T19:57:37.074075Z","level":"info","event":"{'name': 'AFROJACK', 'id': '4D75GcNG95ebPtNvoNVXhz', 'url': 'https://open.spotify.com/artist/4D75GcNG95ebPtNvoNVXhz'}","chan":"stdout","logger":"task"}
{"timestamp":"2025-12-06T19:57:37.075769Z","level":"info","event":"https://musicbrainz.org/ws/2/url?resource=https://open.spotify.com/artist/4D75GcNG95ebPtNvoNVXhz&inc=artist-rels&fmt=json","chan":"stdout","logger":"task"}
{"timestamp":"2025-12-06T19:57:37.196176Z","level":"info","event":"https://musicbrainz.org/ws/2/artist/a3ee920f-4e7f-4993-8aca-4b8538cfaa4a?inc=tags&fmt=json","chan":"stdout","logger":"task"}
{"timestamp":"2025-12-06T19:57:38.303961Z","level":"info","event":"{'name': 'Brad Paisley', 'id': '13YmWQJFwgZrd4bf5IjMY4', 'url': 'https://open.spotify.com/artist/13YmWQJFwgZrd4bf5IjMY4'}","chan":"stdout","logger":"task"}
{"timestamp":"2025-12-06T19:57:38.304640Z","level":"info","event":"https://musicbrainz.org/ws/2/url?resource=https://open.spotify.com/artist/13YmWQJFwgZrd4bf5IjMY4&inc=artist-rels&fmt=json","chan":"stdout","logger":"task"}
{"timestamp":"2025-12-06T19:57:38.413492Z","level":"info","event":"https://musicbrainz.org/ws/2/artist/6cfd7ffc-824f-4219-8e27-4b9417700f44?inc=tags&fmt=json","chan":"stdout","logger":"task"}
{"timestamp":"2025-12-06T19:57:39.531460Z","level":"info","event":"{'name': 'Big Sean', 'id': '0c173mlxpT3dSFRgMO8XPh', 'url': 'https://open.spotify.com/artist/0c173mlxpT3dSFRgMO8XPh'}","chan":"stdout","logger":"task"}
{"timestamp":"2025-12-06T19:57:39.532398Z","level":"info","event":"https://musicbrainz.org/ws/2/url?resource=https://open.spotify.com/artist/0c173mlxpT3dSFRgMO8XPh&inc=artist-rels&fmt=json","chan":"stdout","logger":"task"}
{"timestamp":"2025-12-06T19:57:39.650356Z","level":"info","event":"https://musicbrainz.org/ws/2/artist/942a9807-9c1a-4a0e-a285-1fde2c5be9d1?inc=tags&fmt=json","chan":"stdout","logger":"task"}
{"timestamp":"2025-12-06T19:57:40.795262Z","level":"info","event":"Fetching audio details for 100 songs...","chan":"stdout","logger":"task"}
{"timestamp":"2025-12-06T19:57:40.796250Z","level":"info","event":"  Fetching batch 1/3 (40 songs)...","chan":"stdout","logger":"task"}
{"timestamp":"2025-12-06T19:57:41.834349Z","level":"info","event":"  Retrieved 27 song details","chan":"stdout","logger":"task"}
{"timestamp":"2025-12-06T19:57:43.842159Z","level":"info","event":"  Fetching batch 2/3 (40 songs)...","chan":"stdout","logger":"task"}
{"timestamp":"2025-12-06T19:57:44.805043Z","level":"info","event":"  Retrieved 32 song details","chan":"stdout","logger":"task"}
{"timestamp":"2025-12-06T19:57:46.811204Z","level":"info","event":"  Fetching batch 3/3 (20 songs)...","chan":"stdout","logger":"task"}
{"timestamp":"2025-12-06T19:57:47.767888Z","level":"info","event":"  Retrieved 15 song details","chan":"stdout","logger":"task"}
{"timestamp":"2025-12-06T19:57:47.768592Z","level":"info","event":"Fetching audio analysis for 74 songs...","chan":"stdout","logger":"task"}
{"timestamp":"2025-12-06T19:57:57.901084Z","level":"info","event":"  Processing audio analysis 10/74...","chan":"stdout","logger":"task"}
{"timestamp":"2025-12-06T19:58:09.602782Z","level":"info","event":"  Processing audio analysis 20/74...","chan":"stdout","logger":"task"}
{"timestamp":"2025-12-06T19:58:21.771644Z","level":"info","event":"  Processing audio analysis 30/74...","chan":"stdout","logger":"task"}
{"timestamp":"2025-12-06T19:58:33.026119Z","level":"info","event":"  Processing audio analysis 40/74...","chan":"stdout","logger":"task"}
{"timestamp":"2025-12-06T19:58:43.695099Z","level":"info","event":"  Processing audio analysis 50/74...","chan":"stdout","logger":"task"}
{"timestamp":"2025-12-06T19:58:53.420099Z","level":"info","event":"  Processing audio analysis 60/74...","chan":"stdout","logger":"task"}
{"timestamp":"2025-12-06T19:59:03.552012Z","level":"info","event":"  Processing audio analysis 70/74...","chan":"stdout","logger":"task"}
{"timestamp":"2025-12-06T19:59:08.157735Z","level":"info","event":"Completed fetching audio details for 74 songs","chan":"stdout","logger":"task"}
{"timestamp":"2025-12-06T19:59:08.222916Z","level":"info","event":"DEBUG: DATABASE_URL value: postgresql+psycopg2:****@postgres/music_warehouse","chan":"stdout","logger":"task"}
{"timestamp":"2025-12-06T19:59:08.267315Z","level":"info","event":"TYPE OF ENGINE: <class 'sqlalchemy.engine.base.Engine'>","chan":"stdout","logger":"task"}
{"timestamp":"2025-12-06T19:59:08.267553Z","level":"info","event":"ENGINE DIR: ['__class__', '__delattr__', '__dict__', '__dir__', '__doc__', '__eq__', '__format__', '__ge__', '__getattribute__', '__getstate__', '__gt__', '__hash__', '__init__', '__init_subclass__', '__le__', '__lt__', '__module__', '__ne__', '__new__', '__reduce__', '__reduce_ex__', '__repr__', '__setattr__', '__sizeof__', '__str__', '__subclasshook__', '__weakref__', '_compiled_cache', '_connection_cls', '_echo', '_execute_clauseelement', '_execute_compiled', '_execute_default', '_execution_options', '_has_events', '_is_future', '_lru_size_alert', '_option_cls', '_optional_conn_ctx_manager', '_run_ddl_visitor', '_run_visitor', '_schema_translate_map', '_should_log_debug', '_should_log_info', '_sqla_logger_namespace', '_trans_ctx', '_wrap_pool_connect', 'begin', 'clear_compiled_cache', 'connect', 'dialect', 'dispatch', 'dispose', 'driver', 'echo', 'engine', 'execute', 'execution_options', 'get_execution_options', 'has_table', 'hide_parameters', 'logger', 'logging_name', 'name', 'pool', 'raw_connection', 'run_callable', 'scalar', 'table_names', 'transaction', 'update_execution_options', 'url']","chan":"stdout","logger":"task"}
{"timestamp":"2025-12-06T19:59:08.267699Z","level":"info","event":"IS SQLALCHEMY ENGINE: True","chan":"stdout","logger":"task"}
{"timestamp":"2025-12-06T19:59:08.267798Z","level":"info","event":"Database connection successful","chan":"stdout","logger":"task"}
{"timestamp":"2025-12-06T19:59:08.267870Z","level":"info","event":"Loading chart_weeks (1 rows)...","chan":"stdout","logger":"task"}
{"timestamp":"2025-12-06T19:59:08.291869Z","level":"info","event":"  Exported CSV to data_exports/chart_weeks.csv","chan":"stdout","logger":"task"}
{"timestamp":"2025-12-06T19:59:08.292912Z","level":"info","event":"Loading songs (100 rows)...","chan":"stdout","logger":"task"}
{"timestamp":"2025-12-06T19:59:08.311228Z","level":"info","event":"  Exported CSV to data_exports/songs.csv","chan":"stdout","logger":"task"}
{"timestamp":"2025-12-06T19:59:08.312381Z","level":"info","event":"Loading artists (103 rows)...","chan":"stdout","logger":"task"}
{"timestamp":"2025-12-06T19:59:08.322874Z","level":"info","event":"  Exported CSV to data_exports/artists.csv","chan":"stdout","logger":"task"}
{"timestamp":"2025-12-06T19:59:08.323111Z","level":"info","event":"Loading song_artists (142 rows)...","chan":"stdout","logger":"task"}
{"timestamp":"2025-12-06T19:59:08.331869Z","level":"info","event":"  Exported CSV to data_exports/song_artists.csv","chan":"stdout","logger":"task"}
{"timestamp":"2025-12-06T19:59:08.332398Z","level":"info","event":"Loading chart_entries (100 rows)...","chan":"stdout","logger":"task"}
{"timestamp":"2025-12-06T19:59:08.350545Z","level":"info","event":"  Exported CSV to data_exports/chart_entries.csv","chan":"stdout","logger":"task"}
{"timestamp":"2025-12-06T19:59:08.351385","level":"info","event":"Done. Returned value was: None","logger":"airflow.task.operators.airflow.providers.standard.operators.python.PythonOperator"}
{"timestamp":"2025-12-06T19:59:08.405706Z","level":"info","event":"Task instance in success state","chan":"stdout","logger":"task"}
{"timestamp":"2025-12-06T19:59:08.406451Z","level":"info","event":" Previous state of the Task instance: TaskInstanceState.RUNNING","chan":"stdout","logger":"task"}
{"timestamp":"2025-12-06T19:59:08.406578Z","level":"info","event":"Task operator:<Task(PythonOperator): load_music_data>","chan":"stdout","logger":"task"}
