{"timestamp":"2025-12-06T23:20:41.185748","level":"info","event":"DAG bundles loaded: dags-folder, example_dags","logger":"airflow.dag_processing.bundles.manager.DagBundlesManager"}
{"timestamp":"2025-12-06T23:20:41.186326","level":"info","event":"Filling up the DagBag from /opt/airflow/dags/music_load_dag.py","logger":"airflow.models.dagbag.DagBag"}
{"timestamp":"2025-12-06T23:20:41.273148Z","level":"info","event":"postgresql+psycopg2://airflow:airflow@postgres/airflow","chan":"stdout","logger":"task"}
{"timestamp":"2025-12-06T23:20:41.297839Z","level":"info","event":"Task instance is in running state","chan":"stdout","logger":"task"}
{"timestamp":"2025-12-06T23:20:41.298073Z","level":"info","event":" Previous state of the Task instance: TaskInstanceState.QUEUED","chan":"stdout","logger":"task"}
{"timestamp":"2025-12-06T23:20:41.298187Z","level":"info","event":"Current task name:load_music_data","chan":"stdout","logger":"task"}
{"timestamp":"2025-12-06T23:20:41.298283Z","level":"info","event":"Dag name:weekly_music_pipeline","chan":"stdout","logger":"task"}
{"timestamp":"2025-12-06T23:20:59.220597Z","level":"info","event":"  Searching Spotify for 100 songs...","chan":"stdout","logger":"task"}
{"timestamp":"2025-12-06T23:20:59.221937Z","level":"info","event":"  Processing song 1/100: Just Give Me A Reason by P!nk Featuring Nate Ruess","chan":"stdout","logger":"task"}
{"timestamp":"2025-12-06T23:21:00.336470Z","level":"info","event":"1","chan":"stdout","logger":"task"}
{"timestamp":"2025-12-06T23:21:01.029579Z","level":"info","event":"2","chan":"stdout","logger":"task"}
{"timestamp":"2025-12-06T23:21:01.719551Z","level":"info","event":"3","chan":"stdout","logger":"task"}
{"timestamp":"2025-12-06T23:21:02.413819Z","level":"info","event":"4","chan":"stdout","logger":"task"}
{"timestamp":"2025-12-06T23:21:03.122790Z","level":"info","event":"5","chan":"stdout","logger":"task"}
{"timestamp":"2025-12-06T23:21:09.779607Z","level":"info","event":"Network error getting access token: ('Connection aborted.', RemoteDisconnected('Remote end closed connection without response')). Retrying in 1s (attempt 1/3)...","chan":"stdout","logger":"task"}
{"timestamp":"2025-12-06T23:22:20.785630Z","level":"info","event":"Network error: HTTPSConnectionPool(host='api.spotify.com', port=443): Max retries exceeded with url: /v1/search?q=track%3AStay%20artist%3ARihanna%20&type=track&limit=1 (Caused by SSLError(SSLEOFError(8, '[SSL: UNEXPECTED_EOF_WHILE_READING] EOF occurred in violation of protocol (_ssl.c:1010)'))). Retrying in 1s (attempt 1/3)...","chan":"stdout","logger":"task"}
{"timestamp":"2025-12-06T23:22:22.592805Z","level":"info","event":"6","chan":"stdout","logger":"task"}
{"timestamp":"2025-12-06T23:22:24.390888Z","level":"info","event":"7","chan":"stdout","logger":"task"}
{"timestamp":"2025-12-06T23:22:25.643509Z","level":"info","event":"8","chan":"stdout","logger":"task"}
{"timestamp":"2025-12-06T23:22:26.359010Z","level":"info","event":"9","chan":"stdout","logger":"task"}
{"timestamp":"2025-12-06T23:22:26.361105Z","level":"info","event":"  Processing song 10/100: Started From The Bottom by Drake","chan":"stdout","logger":"task"}
{"timestamp":"2025-12-06T23:22:27.079625Z","level":"info","event":"10","chan":"stdout","logger":"task"}
{"timestamp":"2025-12-06T23:22:27.783162Z","level":"info","event":"11","chan":"stdout","logger":"task"}
{"timestamp":"2025-12-06T23:22:28.606647Z","level":"info","event":"12","chan":"stdout","logger":"task"}
{"timestamp":"2025-12-06T23:22:29.281604Z","level":"info","event":"13","chan":"stdout","logger":"task"}
{"timestamp":"2025-12-06T23:22:30.131848Z","level":"info","event":"14","chan":"stdout","logger":"task"}
{"timestamp":"2025-12-06T23:22:30.875402Z","level":"info","event":"15","chan":"stdout","logger":"task"}
{"timestamp":"2025-12-06T23:22:46.083871Z","level":"info","event":"Network error: ('Connection aborted.', RemoteDisconnected('Remote end closed connection without response')). Retrying in 1s (attempt 1/3)...","chan":"stdout","logger":"task"}
{"timestamp":"2025-12-06T23:22:47.787257Z","level":"info","event":"16","chan":"stdout","logger":"task"}
{"timestamp":"2025-12-06T23:22:48.790070Z","level":"info","event":"17","chan":"stdout","logger":"task"}
{"timestamp":"2025-12-06T23:43:51.560944Z","level":"info","event":"18","chan":"stdout","logger":"task"}
{"timestamp":"2025-12-06T23:43:52.397624Z","level":"info","event":"19","chan":"stdout","logger":"task"}
{"timestamp":"2025-12-06T23:43:52.398198Z","level":"info","event":"  Processing song 20/100: Wagon Wheel by Darius Rucker","chan":"stdout","logger":"task"}
{"timestamp":"2025-12-06T23:43:53.410146Z","level":"info","event":"20","chan":"stdout","logger":"task"}
