{"timestamp":"2025-12-03T15:59:36.940867","level":"info","event":"DAG bundles loaded: dags-folder, example_dags","logger":"airflow.dag_processing.bundles.manager.DagBundlesManager"}
{"timestamp":"2025-12-03T15:59:36.943183","level":"info","event":"Filling up the DagBag from /opt/airflow/dags/music_load_dag.py","logger":"airflow.models.dagbag.DagBag"}
{"timestamp":"2025-12-03T15:59:37.097667Z","level":"info","event":"postgresql+psycopg2://airflow:airflow@postgres/airflow","chan":"stdout","logger":"task"}
{"timestamp":"2025-12-03T15:59:37.207535Z","level":"info","event":"Task instance is in running state","chan":"stdout","logger":"task"}
{"timestamp":"2025-12-03T15:59:37.208463Z","level":"info","event":" Previous state of the Task instance: TaskInstanceState.QUEUED","chan":"stdout","logger":"task"}
{"timestamp":"2025-12-03T15:59:37.208565Z","level":"info","event":"Current task name:load_music_data","chan":"stdout","logger":"task"}
{"timestamp":"2025-12-03T15:59:37.208619Z","level":"info","event":"Dag name:weekly_music_pipeline","chan":"stdout","logger":"task"}
{"timestamp":"2025-12-03T15:59:59.417064Z","level":"info","event":"  Searching Spotify for 100 songs...","chan":"stdout","logger":"task"}
{"timestamp":"2025-12-03T15:59:59.421467Z","level":"info","event":"  Processing song 1/100: The Fate Of Ophelia by Taylor Swift","chan":"stdout","logger":"task"}
{"timestamp":"2025-12-03T16:00:00.500148Z","level":"info","event":"1","chan":"stdout","logger":"task"}
{"timestamp":"2025-12-03T16:00:01.220186Z","level":"info","event":"2","chan":"stdout","logger":"task"}
{"timestamp":"2025-12-03T16:00:01.934583Z","level":"info","event":"3","chan":"stdout","logger":"task"}
{"timestamp":"2025-12-03T16:00:02.836553Z","level":"info","event":"4","chan":"stdout","logger":"task"}
{"timestamp":"2025-12-03T16:00:03.867278Z","level":"info","event":"5","chan":"stdout","logger":"task"}
{"timestamp":"2025-12-03T16:00:04.880018Z","level":"info","event":"6","chan":"stdout","logger":"task"}
{"timestamp":"2025-12-03T16:00:05.746533Z","level":"info","event":"7","chan":"stdout","logger":"task"}
{"timestamp":"2025-12-03T16:00:06.490171Z","level":"info","event":"8","chan":"stdout","logger":"task"}
{"timestamp":"2025-12-03T16:00:07.356752Z","level":"info","event":"9","chan":"stdout","logger":"task"}
{"timestamp":"2025-12-03T16:00:07.359099Z","level":"info","event":"  Processing song 10/100: Opalite by Taylor Swift","chan":"stdout","logger":"task"}
{"timestamp":"2025-12-03T16:00:08.098235Z","level":"info","event":"10","chan":"stdout","logger":"task"}
{"timestamp":"2025-12-03T16:00:08.737749Z","level":"info","event":"11","chan":"stdout","logger":"task"}
{"timestamp":"2025-12-03T16:00:09.509254Z","level":"info","event":"12","chan":"stdout","logger":"task"}
{"timestamp":"2025-12-03T16:00:10.199201Z","level":"info","event":"13","chan":"stdout","logger":"task"}
{"timestamp":"2025-12-03T16:00:11.233199Z","level":"info","event":"14","chan":"stdout","logger":"task"}
{"timestamp":"2025-12-03T16:00:11.947762Z","level":"info","event":"15","chan":"stdout","logger":"task"}
{"timestamp":"2025-12-03T16:00:12.592124Z","level":"info","event":"16","chan":"stdout","logger":"task"}
{"timestamp":"2025-12-03T16:00:13.257545Z","level":"info","event":"17","chan":"stdout","logger":"task"}
{"timestamp":"2025-12-03T16:00:14.040497Z","level":"info","event":"18","chan":"stdout","logger":"task"}
{"timestamp":"2025-12-03T16:00:14.769635Z","level":"info","event":"19","chan":"stdout","logger":"task"}
{"timestamp":"2025-12-03T16:00:14.773988Z","level":"info","event":"  Processing song 20/100: Sleigh Ride by The Ronettes","chan":"stdout","logger":"task"}
{"timestamp":"2025-12-03T16:00:15.617235Z","level":"info","event":"20","chan":"stdout","logger":"task"}
{"timestamp":"2025-12-03T16:00:16.290193Z","level":"info","event":"21","chan":"stdout","logger":"task"}
{"timestamp":"2025-12-03T16:00:17.378065Z","level":"info","event":"22","chan":"stdout","logger":"task"}
{"timestamp":"2025-12-03T16:00:18.087038Z","level":"info","event":"23","chan":"stdout","logger":"task"}
{"timestamp":"2025-12-03T16:00:18.930871Z","level":"info","event":"24","chan":"stdout","logger":"task"}
{"timestamp":"2025-12-03T16:00:19.652273Z","level":"info","event":"25","chan":"stdout","logger":"task"}
{"timestamp":"2025-12-03T16:00:20.475750Z","level":"info","event":"26","chan":"stdout","logger":"task"}
{"timestamp":"2025-12-03T16:00:21.226307Z","level":"info","event":"27","chan":"stdout","logger":"task"}
{"timestamp":"2025-12-03T16:00:21.830798Z","level":"info","event":"28","chan":"stdout","logger":"task"}
{"timestamp":"2025-12-03T16:00:22.556021Z","level":"info","event":"29","chan":"stdout","logger":"task"}
{"timestamp":"2025-12-03T16:00:22.557390Z","level":"info","event":"  Processing song 30/100: Manchild by Sabrina Carpenter","chan":"stdout","logger":"task"}
{"timestamp":"2025-12-03T16:00:23.282984Z","level":"info","event":"30","chan":"stdout","logger":"task"}
{"timestamp":"2025-12-03T16:00:23.902142Z","level":"info","event":"31","chan":"stdout","logger":"task"}
{"timestamp":"2025-12-03T16:00:24.524568Z","level":"info","event":"32","chan":"stdout","logger":"task"}
{"timestamp":"2025-12-03T16:00:25.334522Z","level":"info","event":"33","chan":"stdout","logger":"task"}
{"timestamp":"2025-12-03T16:00:26.136174Z","level":"info","event":"34","chan":"stdout","logger":"task"}
{"timestamp":"2025-12-03T16:00:26.883591Z","level":"info","event":"35","chan":"stdout","logger":"task"}
{"timestamp":"2025-12-03T16:00:27.566211Z","level":"info","event":"36","chan":"stdout","logger":"task"}
{"timestamp":"2025-12-03T16:00:28.569352Z","level":"info","event":"37","chan":"stdout","logger":"task"}
{"timestamp":"2025-12-03T16:00:29.334180Z","level":"info","event":"38","chan":"stdout","logger":"task"}
{"timestamp":"2025-12-03T16:00:29.993396Z","level":"info","event":"39","chan":"stdout","logger":"task"}
{"timestamp":"2025-12-03T16:00:29.993874Z","level":"info","event":"  Processing song 40/100: Your Idol by Saja Boys: Andrew Choi, Neckwav, Danny Chung, Kevin Woo & samUIL Lee","chan":"stdout","logger":"task"}
{"timestamp":"2025-12-03T16:00:30.716863Z","level":"info","event":"40","chan":"stdout","logger":"task"}
{"timestamp":"2025-12-03T16:00:31.449109Z","level":"info","event":"41","chan":"stdout","logger":"task"}
{"timestamp":"2025-12-03T16:00:32.173415Z","level":"info","event":"42","chan":"stdout","logger":"task"}
{"timestamp":"2025-12-03T16:00:33.075357Z","level":"info","event":"43","chan":"stdout","logger":"task"}
{"timestamp":"2025-12-03T16:00:34.060396Z","level":"info","event":"44","chan":"stdout","logger":"task"}
{"timestamp":"2025-12-03T16:00:34.767797Z","level":"info","event":"45","chan":"stdout","logger":"task"}
{"timestamp":"2025-12-03T16:00:35.634999Z","level":"info","event":"46","chan":"stdout","logger":"task"}
{"timestamp":"2025-12-03T16:00:36.398199Z","level":"info","event":"47","chan":"stdout","logger":"task"}
{"timestamp":"2025-12-03T16:00:37.097400Z","level":"info","event":"48","chan":"stdout","logger":"task"}
{"timestamp":"2025-12-03T16:00:37.986912Z","level":"info","event":"49","chan":"stdout","logger":"task"}
{"timestamp":"2025-12-03T16:00:37.988855Z","level":"info","event":"  Processing song 50/100: Blue Christmas by Elvis Presley","chan":"stdout","logger":"task"}
{"timestamp":"2025-12-03T16:00:38.917225Z","level":"info","event":"50","chan":"stdout","logger":"task"}
{"timestamp":"2025-12-03T16:00:39.739709Z","level":"info","event":"51","chan":"stdout","logger":"task"}
{"timestamp":"2025-12-03T16:00:40.419848Z","level":"info","event":"52","chan":"stdout","logger":"task"}
{"timestamp":"2025-12-03T16:00:41.207575Z","level":"info","event":"53","chan":"stdout","logger":"task"}
{"timestamp":"2025-12-03T16:00:41.873732Z","level":"info","event":"54","chan":"stdout","logger":"task"}
{"timestamp":"2025-12-03T16:00:42.557289Z","level":"info","event":"55","chan":"stdout","logger":"task"}
{"timestamp":"2025-12-03T16:00:43.222299Z","level":"info","event":"56","chan":"stdout","logger":"task"}
{"timestamp":"2025-12-03T16:00:43.967267Z","level":"info","event":"57","chan":"stdout","logger":"task"}
{"timestamp":"2025-12-03T16:00:44.914708Z","level":"info","event":"58","chan":"stdout","logger":"task"}
{"timestamp":"2025-12-03T16:00:45.564534Z","level":"info","event":"59","chan":"stdout","logger":"task"}
{"timestamp":"2025-12-03T16:00:45.566583Z","level":"info","event":"  Processing song 60/100: House Again by Hudson Westbrook","chan":"stdout","logger":"task"}
{"timestamp":"2025-12-03T16:00:46.264549Z","level":"info","event":"60","chan":"stdout","logger":"task"}
{"timestamp":"2025-12-03T16:00:46.984957Z","level":"info","event":"61","chan":"stdout","logger":"task"}
{"timestamp":"2025-12-03T16:00:47.711683Z","level":"info","event":"62","chan":"stdout","logger":"task"}
{"timestamp":"2025-12-03T16:00:48.361393Z","level":"info","event":"63","chan":"stdout","logger":"task"}
{"timestamp":"2025-12-03T16:00:49.137031Z","level":"info","event":"64","chan":"stdout","logger":"task"}
{"timestamp":"2025-12-03T16:00:49.930245Z","level":"info","event":"65","chan":"stdout","logger":"task"}
{"timestamp":"2025-12-03T16:00:50.722119Z","level":"info","event":"66","chan":"stdout","logger":"task"}
{"timestamp":"2025-12-03T16:00:51.428704Z","level":"info","event":"67","chan":"stdout","logger":"task"}
{"timestamp":"2025-12-03T16:00:52.098996Z","level":"info","event":"68","chan":"stdout","logger":"task"}
{"timestamp":"2025-12-03T16:00:52.959826Z","level":"info","event":"69","chan":"stdout","logger":"task"}
{"timestamp":"2025-12-03T16:00:52.963599Z","level":"info","event":"  Processing song 70/100: Take Me Thru Dere by Metro Boomin, Quavo, Breskii & YKNIECE","chan":"stdout","logger":"task"}
{"timestamp":"2025-12-03T16:00:53.806587Z","level":"info","event":"70","chan":"stdout","logger":"task"}
{"timestamp":"2025-12-03T16:00:54.634733Z","level":"info","event":"71","chan":"stdout","logger":"task"}
{"timestamp":"2025-12-03T16:00:55.428413Z","level":"info","event":"72","chan":"stdout","logger":"task"}
{"timestamp":"2025-12-03T16:00:56.170689Z","level":"info","event":"73","chan":"stdout","logger":"task"}
{"timestamp":"2025-12-03T16:00:56.953897Z","level":"info","event":"74","chan":"stdout","logger":"task"}
{"timestamp":"2025-12-03T16:00:57.673712Z","level":"info","event":"75","chan":"stdout","logger":"task"}
{"timestamp":"2025-12-03T16:00:58.486706Z","level":"info","event":"76","chan":"stdout","logger":"task"}
{"timestamp":"2025-12-03T16:00:59.187146Z","level":"info","event":"77","chan":"stdout","logger":"task"}
{"timestamp":"2025-12-03T16:00:59.901267Z","level":"info","event":"78","chan":"stdout","logger":"task"}
{"timestamp":"2025-12-03T16:01:00.761817Z","level":"info","event":"79","chan":"stdout","logger":"task"}
{"timestamp":"2025-12-03T16:01:00.767417Z","level":"info","event":"  Processing song 80/100: The Life Of A Showgirl by Taylor Swift Featuring Sabrina Carpenter","chan":"stdout","logger":"task"}
{"timestamp":"2025-12-03T16:01:01.588348Z","level":"info","event":"80","chan":"stdout","logger":"task"}
{"timestamp":"2025-12-03T16:01:02.695805Z","level":"info","event":"81","chan":"stdout","logger":"task"}
{"timestamp":"2025-12-03T16:01:03.574544Z","level":"info","event":"82","chan":"stdout","logger":"task"}
{"timestamp":"2025-12-03T16:01:04.392935Z","level":"info","event":"83","chan":"stdout","logger":"task"}
{"timestamp":"2025-12-03T16:01:05.314147Z","level":"info","event":"84","chan":"stdout","logger":"task"}
{"timestamp":"2025-12-03T16:01:06.001770Z","level":"info","event":"85","chan":"stdout","logger":"task"}
{"timestamp":"2025-12-03T16:01:06.839281Z","level":"info","event":"86","chan":"stdout","logger":"task"}
{"timestamp":"2025-12-03T16:01:07.701722Z","level":"info","event":"87","chan":"stdout","logger":"task"}
{"timestamp":"2025-12-03T16:01:08.318505Z","level":"info","event":"88","chan":"stdout","logger":"task"}
{"timestamp":"2025-12-03T16:01:08.935240Z","level":"info","event":"89","chan":"stdout","logger":"task"}
{"timestamp":"2025-12-03T16:01:08.935638Z","level":"info","event":"  Processing song 90/100: Camera by Ed Sheeran","chan":"stdout","logger":"task"}
{"timestamp":"2025-12-03T16:01:10.001737Z","level":"info","event":"90","chan":"stdout","logger":"task"}
{"timestamp":"2025-12-03T16:01:10.785918Z","level":"info","event":"91","chan":"stdout","logger":"task"}
{"timestamp":"2025-12-03T16:01:11.512710Z","level":"info","event":"92","chan":"stdout","logger":"task"}
{"timestamp":"2025-12-03T16:01:12.016425Z","level":"info","event":"Failed to get access token: HTTP 503. Retrying in 1s (attempt 1/3)...","chan":"stdout","logger":"task"}
{"timestamp":"2025-12-03T16:01:13.731157Z","level":"info","event":"93","chan":"stdout","logger":"task"}
{"timestamp":"2025-12-03T16:01:14.530540Z","level":"info","event":"94","chan":"stdout","logger":"task"}
{"timestamp":"2025-12-03T16:01:15.418567Z","level":"info","event":"95","chan":"stdout","logger":"task"}
{"timestamp":"2025-12-03T16:01:16.223956Z","level":"info","event":"96","chan":"stdout","logger":"task"}
{"timestamp":"2025-12-03T16:01:16.965200Z","level":"info","event":"97","chan":"stdout","logger":"task"}
{"timestamp":"2025-12-03T16:01:17.627814Z","level":"info","event":"98","chan":"stdout","logger":"task"}
{"timestamp":"2025-12-03T16:01:18.382266Z","level":"info","event":"99","chan":"stdout","logger":"task"}
{"timestamp":"2025-12-03T16:01:18.384835Z","level":"info","event":"  Processing song 100/100: The Girl In The Bubble by Ariana Grande","chan":"stdout","logger":"task"}
{"timestamp":"2025-12-03T16:01:19.055321Z","level":"info","event":"100","chan":"stdout","logger":"task"}
{"timestamp":"2025-12-03T16:01:19.105470Z","level":"info","event":"{'name': 'Taylor Swift', 'id': '06HL4z0CvFAxyc27GXpf02', 'url': 'https://open.spotify.com/artist/06HL4z0CvFAxyc27GXpf02'}","chan":"stdout","logger":"task"}
{"timestamp":"2025-12-03T16:01:19.106698Z","level":"info","event":"https://musicbrainz.org/ws/2/url?resource=https://open.spotify.com/artist/06HL4z0CvFAxyc27GXpf02&inc=artist-rels&fmt=json","chan":"stdout","logger":"task"}
{"timestamp":"2025-12-03T16:01:19.489662Z","level":"info","event":"https://musicbrainz.org/ws/2/artist/20244d07-534f-4eff-b4d4-930878889970?inc=tags&fmt=json","chan":"stdout","logger":"task"}
{"timestamp":"2025-12-03T16:01:20.741727Z","level":"info","event":"{'name': 'HUNTR/X', 'id': '2yNNYQBChuox9A5Ka93BIn', 'url': 'https://open.spotify.com/artist/2yNNYQBChuox9A5Ka93BIn'}","chan":"stdout","logger":"task"}
{"timestamp":"2025-12-03T16:01:20.746438Z","level":"info","event":"https://musicbrainz.org/ws/2/url?resource=https://open.spotify.com/artist/2yNNYQBChuox9A5Ka93BIn&inc=artist-rels&fmt=json","chan":"stdout","logger":"task"}
{"timestamp":"2025-12-03T16:01:20.901226Z","level":"info","event":"https://musicbrainz.org/ws/2/artist/dc7fd424-6ba4-45cc-b407-7716c7bb3605?inc=tags&fmt=json","chan":"stdout","logger":"task"}
{"timestamp":"2025-12-03T16:01:22.035978Z","level":"info","event":"{'name': 'EJAE', 'id': '0RMJOzHDhAKY1o2j0W0vxY', 'url': 'https://open.spotify.com/artist/0RMJOzHDhAKY1o2j0W0vxY'}","chan":"stdout","logger":"task"}
{"timestamp":"2025-12-03T16:01:22.037802Z","level":"info","event":"https://musicbrainz.org/ws/2/url?resource=https://open.spotify.com/artist/0RMJOzHDhAKY1o2j0W0vxY&inc=artist-rels&fmt=json","chan":"stdout","logger":"task"}
{"timestamp":"2025-12-03T16:01:22.191925Z","level":"info","event":"https://musicbrainz.org/ws/2/artist/0f0a0c02-0aa6-4fc0-aad0-bb2e9d5bcbbb?inc=tags&fmt=json","chan":"stdout","logger":"task"}
{"timestamp":"2025-12-03T16:01:23.346022Z","level":"info","event":"{'name': 'AUDREY NUNA', 'id': '0Wwji82sLA0Hcvtuak3omb', 'url': 'https://open.spotify.com/artist/0Wwji82sLA0Hcvtuak3omb'}","chan":"stdout","logger":"task"}
{"timestamp":"2025-12-03T16:01:23.346804Z","level":"info","event":"https://musicbrainz.org/ws/2/url?resource=https://open.spotify.com/artist/0Wwji82sLA0Hcvtuak3omb&inc=artist-rels&fmt=json","chan":"stdout","logger":"task"}
{"timestamp":"2025-12-03T16:01:23.533050Z","level":"info","event":"https://musicbrainz.org/ws/2/artist/7b54e5e4-82f7-4dfe-9cd8-fc8d9f6815e3?inc=tags&fmt=json","chan":"stdout","logger":"task"}
{"timestamp":"2025-12-03T16:01:24.760307Z","level":"info","event":"{'name': 'REI AMI', 'id': '6U1dV7aL68N7Gb0Naq34V5', 'url': 'https://open.spotify.com/artist/6U1dV7aL68N7Gb0Naq34V5'}","chan":"stdout","logger":"task"}
{"timestamp":"2025-12-03T16:01:24.765481Z","level":"info","event":"https://musicbrainz.org/ws/2/url?resource=https://open.spotify.com/artist/6U1dV7aL68N7Gb0Naq34V5&inc=artist-rels&fmt=json","chan":"stdout","logger":"task"}
{"timestamp":"2025-12-03T16:01:24.927055Z","level":"info","event":"https://musicbrainz.org/ws/2/artist/59adde12-dd9d-40c6-9906-bd4357633915?inc=tags&fmt=json","chan":"stdout","logger":"task"}
{"timestamp":"2025-12-03T16:01:26.068509Z","level":"info","event":"{'name': 'KPop Demon Hunters Cast', 'id': '7mW7Tv7NvywKKXqafZo0Lc', 'url': 'https://open.spotify.com/artist/7mW7Tv7NvywKKXqafZo0Lc'}","chan":"stdout","logger":"task"}
{"timestamp":"2025-12-03T16:01:26.069717Z","level":"info","event":"https://musicbrainz.org/ws/2/url?resource=https://open.spotify.com/artist/7mW7Tv7NvywKKXqafZo0Lc&inc=artist-rels&fmt=json","chan":"stdout","logger":"task"}
{"timestamp":"2025-12-03T16:01:26.326348Z","level":"info","event":"https://musicbrainz.org/ws/2/artist/7ba8efd8-9cef-49dd-8399-3e90dac43fa6?inc=tags&fmt=json","chan":"stdout","logger":"task"}
{"timestamp":"2025-12-03T16:01:27.486326Z","level":"info","event":"{'name': 'Alex Warren', 'id': '0fTSzq9jAh4c36UVb4V7CB', 'url': 'https://open.spotify.com/artist/0fTSzq9jAh4c36UVb4V7CB'}","chan":"stdout","logger":"task"}
{"timestamp":"2025-12-03T16:01:27.488981Z","level":"info","event":"https://musicbrainz.org/ws/2/url?resource=https://open.spotify.com/artist/0fTSzq9jAh4c36UVb4V7CB&inc=artist-rels&fmt=json","chan":"stdout","logger":"task"}
{"timestamp":"2025-12-03T16:01:27.627065Z","level":"info","event":"https://musicbrainz.org/ws/2/artist/609a2ea3-f446-4e31-8eef-9f7591afb55a?inc=tags&fmt=json","chan":"stdout","logger":"task"}
{"timestamp":"2025-12-03T16:01:28.839209Z","level":"info","event":"{'name': 'Olivia Dean', 'id': '00x1fYSGhdqScXBRpSj3DW', 'url': 'https://open.spotify.com/artist/00x1fYSGhdqScXBRpSj3DW'}","chan":"stdout","logger":"task"}
{"timestamp":"2025-12-03T16:01:28.840417Z","level":"info","event":"https://musicbrainz.org/ws/2/url?resource=https://open.spotify.com/artist/00x1fYSGhdqScXBRpSj3DW&inc=artist-rels&fmt=json","chan":"stdout","logger":"task"}
{"timestamp":"2025-12-03T16:01:29.051233Z","level":"info","event":"https://musicbrainz.org/ws/2/artist/15e0d608-0869-429b-898d-3d8db3ecedd5?inc=tags&fmt=json","chan":"stdout","logger":"task"}
{"timestamp":"2025-12-03T16:01:29.171398Z","level":"info","event":"Rate limit hit. Retrying in 1s...","chan":"stdout","logger":"task"}
{"timestamp":"2025-12-03T16:01:31.414665Z","level":"info","event":"{'name': 'Mariah Carey', 'id': '4iHNK0tOyZPYnBU7nGAgpQ', 'url': 'https://open.spotify.com/artist/4iHNK0tOyZPYnBU7nGAgpQ'}","chan":"stdout","logger":"task"}
{"timestamp":"2025-12-03T16:01:31.422281Z","level":"info","event":"https://musicbrainz.org/ws/2/url?resource=https://open.spotify.com/artist/4iHNK0tOyZPYnBU7nGAgpQ&inc=artist-rels&fmt=json","chan":"stdout","logger":"task"}
{"timestamp":"2025-12-03T16:01:31.606625Z","level":"info","event":"https://musicbrainz.org/ws/2/artist/494e8d09-f85b-4543-892f-a5096aed1cd4?inc=tags&fmt=json","chan":"stdout","logger":"task"}
{"timestamp":"2025-12-03T16:01:32.825648Z","level":"info","event":"{'name': 'Wham!', 'id': '5lpH0xAS4fVfLkACg9DAuM', 'url': 'https://open.spotify.com/artist/5lpH0xAS4fVfLkACg9DAuM'}","chan":"stdout","logger":"task"}
{"timestamp":"2025-12-03T16:01:32.826824Z","level":"info","event":"https://musicbrainz.org/ws/2/url?resource=https://open.spotify.com/artist/5lpH0xAS4fVfLkACg9DAuM&inc=artist-rels&fmt=json","chan":"stdout","logger":"task"}
{"timestamp":"2025-12-03T16:01:33.025175Z","level":"info","event":"https://musicbrainz.org/ws/2/artist/d570bb31-b9ca-45a4-a2d9-11b186d9c159?inc=tags&fmt=json","chan":"stdout","logger":"task"}
{"timestamp":"2025-12-03T16:01:34.165266Z","level":"info","event":"{'name': 'Brenda Lee', 'id': '4cPHsZM98sKzmV26wlwD2W', 'url': 'https://open.spotify.com/artist/4cPHsZM98sKzmV26wlwD2W'}","chan":"stdout","logger":"task"}
{"timestamp":"2025-12-03T16:01:34.168185Z","level":"info","event":"https://musicbrainz.org/ws/2/url?resource=https://open.spotify.com/artist/4cPHsZM98sKzmV26wlwD2W&inc=artist-rels&fmt=json","chan":"stdout","logger":"task"}
{"timestamp":"2025-12-03T16:01:34.355708Z","level":"info","event":"https://musicbrainz.org/ws/2/artist/6ca4886a-8f77-4133-b404-46fb3908e24a?inc=tags&fmt=json","chan":"stdout","logger":"task"}
{"timestamp":"2025-12-03T16:01:35.592826Z","level":"info","event":"{'name': 'Bobby Helms', 'id': '38EmEgXkgK51MT2tPY0EoC', 'url': 'https://open.spotify.com/artist/38EmEgXkgK51MT2tPY0EoC'}","chan":"stdout","logger":"task"}
{"timestamp":"2025-12-03T16:01:35.594836Z","level":"info","event":"https://musicbrainz.org/ws/2/url?resource=https://open.spotify.com/artist/38EmEgXkgK51MT2tPY0EoC&inc=artist-rels&fmt=json","chan":"stdout","logger":"task"}
{"timestamp":"2025-12-03T16:01:35.802686Z","level":"info","event":"https://musicbrainz.org/ws/2/artist/502b3244-0f7d-470c-99e9-b17fe6bcaabf?inc=tags&fmt=json","chan":"stdout","logger":"task"}
{"timestamp":"2025-12-03T16:01:37.060558Z","level":"info","event":"{'name': 'Leon Thomas', 'id': '0nnBZ8FXWjG9wZgM2cpfeb', 'url': 'https://open.spotify.com/artist/0nnBZ8FXWjG9wZgM2cpfeb'}","chan":"stdout","logger":"task"}
{"timestamp":"2025-12-03T16:01:37.061881Z","level":"info","event":"https://musicbrainz.org/ws/2/url?resource=https://open.spotify.com/artist/0nnBZ8FXWjG9wZgM2cpfeb&inc=artist-rels&fmt=json","chan":"stdout","logger":"task"}
{"timestamp":"2025-12-03T16:01:37.217752Z","level":"info","event":"https://musicbrainz.org/ws/2/artist/46f70f03-d259-4314-b926-2db36c28d86f?inc=tags&fmt=json","chan":"stdout","logger":"task"}
{"timestamp":"2025-12-03T16:01:38.407827Z","level":"info","event":"{'name': 'Ella Langley', 'id': '6BRxQ8cD3eqnrVj6WKDok8', 'url': 'https://open.spotify.com/artist/6BRxQ8cD3eqnrVj6WKDok8'}","chan":"stdout","logger":"task"}
{"timestamp":"2025-12-03T16:01:38.410427Z","level":"info","event":"https://musicbrainz.org/ws/2/url?resource=https://open.spotify.com/artist/6BRxQ8cD3eqnrVj6WKDok8&inc=artist-rels&fmt=json","chan":"stdout","logger":"task"}
{"timestamp":"2025-12-03T16:01:38.615269Z","level":"info","event":"https://musicbrainz.org/ws/2/artist/b16c0872-31a7-4db9-8569-0e3146fcecfc?inc=tags&fmt=json","chan":"stdout","logger":"task"}
{"timestamp":"2025-12-03T16:01:39.757783Z","level":"info","event":"{'name': 'Kehlani', 'id': '0cGUm45nv7Z6M6qdXYQGTX', 'url': 'https://open.spotify.com/artist/0cGUm45nv7Z6M6qdXYQGTX'}","chan":"stdout","logger":"task"}
{"timestamp":"2025-12-03T16:01:39.760168Z","level":"info","event":"https://musicbrainz.org/ws/2/url?resource=https://open.spotify.com/artist/0cGUm45nv7Z6M6qdXYQGTX&inc=artist-rels&fmt=json","chan":"stdout","logger":"task"}
{"timestamp":"2025-12-03T16:01:39.965635Z","level":"info","event":"https://musicbrainz.org/ws/2/artist/3260ce89-5eb0-4c6a-89c7-379c0dfc2ab9?inc=tags&fmt=json","chan":"stdout","logger":"task"}
{"timestamp":"2025-12-03T16:01:41.215616Z","level":"info","event":"{'name': 'Ariana Grande', 'id': '66CXWjxzNUsdJxJ2JdwvnR', 'url': 'https://open.spotify.com/artist/66CXWjxzNUsdJxJ2JdwvnR'}","chan":"stdout","logger":"task"}
{"timestamp":"2025-12-03T16:01:41.217577Z","level":"info","event":"https://musicbrainz.org/ws/2/url?resource=https://open.spotify.com/artist/66CXWjxzNUsdJxJ2JdwvnR&inc=artist-rels&fmt=json","chan":"stdout","logger":"task"}
{"timestamp":"2025-12-03T16:01:41.399579Z","level":"info","event":"https://musicbrainz.org/ws/2/artist/f4fdbb4c-e4b7-47a0-b83b-d91bbfcfa387?inc=tags&fmt=json","chan":"stdout","logger":"task"}
{"timestamp":"2025-12-03T16:01:42.582029Z","level":"info","event":"{'name': 'Justin Bieber', 'id': '1uNFoZAHBGtllmzznpCI3s', 'url': 'https://open.spotify.com/artist/1uNFoZAHBGtllmzznpCI3s'}","chan":"stdout","logger":"task"}
{"timestamp":"2025-12-03T16:01:42.591551Z","level":"info","event":"https://musicbrainz.org/ws/2/url?resource=https://open.spotify.com/artist/1uNFoZAHBGtllmzznpCI3s&inc=artist-rels&fmt=json","chan":"stdout","logger":"task"}
{"timestamp":"2025-12-03T16:01:42.797427Z","level":"info","event":"https://musicbrainz.org/ws/2/artist/e0140a67-e4d1-4f13-8a01-364355bee46e?inc=tags&fmt=json","chan":"stdout","logger":"task"}
{"timestamp":"2025-12-03T16:01:44.097688Z","level":"info","event":"{'name': 'sombr', 'id': '4G9NDjRyZFDlJKMRL8hx3S', 'url': 'https://open.spotify.com/artist/4G9NDjRyZFDlJKMRL8hx3S'}","chan":"stdout","logger":"task"}
{"timestamp":"2025-12-03T16:01:44.101804Z","level":"info","event":"https://musicbrainz.org/ws/2/url?resource=https://open.spotify.com/artist/4G9NDjRyZFDlJKMRL8hx3S&inc=artist-rels&fmt=json","chan":"stdout","logger":"task"}
{"timestamp":"2025-12-03T16:01:44.306613Z","level":"info","event":"https://musicbrainz.org/ws/2/artist/502cf908-9921-48bc-bf0e-265c881c0156?inc=tags&fmt=json","chan":"stdout","logger":"task"}
{"timestamp":"2025-12-03T16:01:45.489380Z","level":"info","event":"{'name': 'Morgan Wallen', 'id': '4oUHIQIBe0LHzYfvXNW4QM', 'url': 'https://open.spotify.com/artist/4oUHIQIBe0LHzYfvXNW4QM'}","chan":"stdout","logger":"task"}
{"timestamp":"2025-12-03T16:01:45.495604Z","level":"info","event":"https://musicbrainz.org/ws/2/url?resource=https://open.spotify.com/artist/4oUHIQIBe0LHzYfvXNW4QM&inc=artist-rels&fmt=json","chan":"stdout","logger":"task"}
{"timestamp":"2025-12-03T16:01:45.636744Z","level":"info","event":"https://musicbrainz.org/ws/2/artist/2077273e-eaa1-4f49-903c-f286ededecb9?inc=tags&fmt=json","chan":"stdout","logger":"task"}
{"timestamp":"2025-12-03T16:01:46.855797Z","level":"info","event":"{'name': 'Andy Williams', 'id': '4sj6D0zlMOl25nprDJBiU9', 'url': 'https://open.spotify.com/artist/4sj6D0zlMOl25nprDJBiU9'}","chan":"stdout","logger":"task"}
{"timestamp":"2025-12-03T16:01:46.856897Z","level":"info","event":"https://musicbrainz.org/ws/2/url?resource=https://open.spotify.com/artist/4sj6D0zlMOl25nprDJBiU9&inc=artist-rels&fmt=json","chan":"stdout","logger":"task"}
{"timestamp":"2025-12-03T16:01:47.156148Z","level":"info","event":"https://musicbrainz.org/ws/2/artist/57cb4257-9855-4a42-b1be-bfba1d9b520d?inc=tags&fmt=json","chan":"stdout","logger":"task"}
{"timestamp":"2025-12-03T16:01:48.351300Z","level":"info","event":"{'name': 'Nat King Cole', 'id': '7v4imS0moSyGdXyLgVTIV7', 'url': 'https://open.spotify.com/artist/7v4imS0moSyGdXyLgVTIV7'}","chan":"stdout","logger":"task"}
{"timestamp":"2025-12-03T16:01:48.365664Z","level":"info","event":"https://musicbrainz.org/ws/2/url?resource=https://open.spotify.com/artist/7v4imS0moSyGdXyLgVTIV7&inc=artist-rels&fmt=json","chan":"stdout","logger":"task"}
{"timestamp":"2025-12-03T16:01:48.507707Z","level":"info","event":"https://musicbrainz.org/ws/2/artist/fbe054ec-a143-4101-9e9e-64abc5ff5ac9?inc=tags&fmt=json","chan":"stdout","logger":"task"}
{"timestamp":"2025-12-03T16:01:49.779299Z","level":"info","event":"{'name': 'Kelly Clarkson', 'id': '3BmGtnKgCSGYIUhmivXKWX', 'url': 'https://open.spotify.com/artist/3BmGtnKgCSGYIUhmivXKWX'}","chan":"stdout","logger":"task"}
{"timestamp":"2025-12-03T16:01:49.781457Z","level":"info","event":"https://musicbrainz.org/ws/2/url?resource=https://open.spotify.com/artist/3BmGtnKgCSGYIUhmivXKWX&inc=artist-rels&fmt=json","chan":"stdout","logger":"task"}
{"timestamp":"2025-12-03T16:01:50.008331Z","level":"info","event":"https://musicbrainz.org/ws/2/artist/d339efbb-77b9-4147-ba9e-59f2f24550b2?inc=tags&fmt=json","chan":"stdout","logger":"task"}
{"timestamp":"2025-12-03T16:01:51.167923Z","level":"info","event":"{'name': 'The Ronettes', 'id': '7CyeXFnOrfC1N6z4naIpgo', 'url': 'https://open.spotify.com/artist/7CyeXFnOrfC1N6z4naIpgo'}","chan":"stdout","logger":"task"}
{"timestamp":"2025-12-03T16:01:51.169198Z","level":"info","event":"https://musicbrainz.org/ws/2/url?resource=https://open.spotify.com/artist/7CyeXFnOrfC1N6z4naIpgo&inc=artist-rels&fmt=json","chan":"stdout","logger":"task"}
{"timestamp":"2025-12-03T16:01:51.311074Z","level":"info","event":"https://musicbrainz.org/ws/2/artist/393e5448-896f-43e9-b80b-4ee58e1e71a4?inc=tags&fmt=json","chan":"stdout","logger":"task"}
{"timestamp":"2025-12-03T16:01:52.529846Z","level":"info","event":"{'name': 'Michael Bublé', 'id': '1GxkXlMwML1oSg5eLPiAz3', 'url': 'https://open.spotify.com/artist/1GxkXlMwML1oSg5eLPiAz3'}","chan":"stdout","logger":"task"}
{"timestamp":"2025-12-03T16:01:52.541469Z","level":"info","event":"https://musicbrainz.org/ws/2/url?resource=https://open.spotify.com/artist/1GxkXlMwML1oSg5eLPiAz3&inc=artist-rels&fmt=json","chan":"stdout","logger":"task"}
{"timestamp":"2025-12-03T16:01:52.684875Z","level":"info","event":"https://musicbrainz.org/ws/2/artist/611700cf-27f0-4dc9-ae80-c513a767853e?inc=tags&fmt=json","chan":"stdout","logger":"task"}
{"timestamp":"2025-12-03T16:01:53.885196Z","level":"info","event":"{'name': 'Dean Martin', 'id': '49e4v89VmlDcFCMyDv9wQ9', 'url': 'https://open.spotify.com/artist/49e4v89VmlDcFCMyDv9wQ9'}","chan":"stdout","logger":"task"}
{"timestamp":"2025-12-03T16:01:53.886306Z","level":"info","event":"https://musicbrainz.org/ws/2/url?resource=https://open.spotify.com/artist/49e4v89VmlDcFCMyDv9wQ9&inc=artist-rels&fmt=json","chan":"stdout","logger":"task"}
{"timestamp":"2025-12-03T16:01:54.112272Z","level":"info","event":"https://musicbrainz.org/ws/2/artist/5e6c760b-42e0-4df4-a221-0269355da00a?inc=tags&fmt=json","chan":"stdout","logger":"task"}
{"timestamp":"2025-12-03T16:01:55.343546Z","level":"info","event":"{'name': 'José Feliciano', 'id': '7K78lVZ8XzkjfRSI7570FF', 'url': 'https://open.spotify.com/artist/7K78lVZ8XzkjfRSI7570FF'}","chan":"stdout","logger":"task"}
{"timestamp":"2025-12-03T16:01:55.354729Z","level":"info","event":"https://musicbrainz.org/ws/2/url?resource=https://open.spotify.com/artist/7K78lVZ8XzkjfRSI7570FF&inc=artist-rels&fmt=json","chan":"stdout","logger":"task"}
{"timestamp":"2025-12-03T16:01:55.537816Z","level":"info","event":"https://musicbrainz.org/ws/2/artist/3c004c98-aab6-4b63-a2df-e07c98e73b0a?inc=tags&fmt=json","chan":"stdout","logger":"task"}
{"timestamp":"2025-12-03T16:01:56.674823Z","level":"info","event":"{'name': 'Burl Ives', 'id': '0MHgLfmQdutffmvWe5XBTN', 'url': 'https://open.spotify.com/artist/0MHgLfmQdutffmvWe5XBTN'}","chan":"stdout","logger":"task"}
{"timestamp":"2025-12-03T16:01:56.677095Z","level":"info","event":"https://musicbrainz.org/ws/2/url?resource=https://open.spotify.com/artist/0MHgLfmQdutffmvWe5XBTN&inc=artist-rels&fmt=json","chan":"stdout","logger":"task"}
{"timestamp":"2025-12-03T16:01:56.883010Z","level":"info","event":"https://musicbrainz.org/ws/2/artist/086c1936-9eaa-4091-b140-ad33a51a3b71?inc=tags&fmt=json","chan":"stdout","logger":"task"}
{"timestamp":"2025-12-03T16:01:58.083452Z","level":"info","event":"{'name': 'Darlene Love', 'id': '391oLRVmoTkumiN79HkTWu', 'url': 'https://open.spotify.com/artist/391oLRVmoTkumiN79HkTWu'}","chan":"stdout","logger":"task"}
{"timestamp":"2025-12-03T16:01:58.085645Z","level":"info","event":"https://musicbrainz.org/ws/2/url?resource=https://open.spotify.com/artist/391oLRVmoTkumiN79HkTWu&inc=artist-rels&fmt=json","chan":"stdout","logger":"task"}
{"timestamp":"2025-12-03T16:01:58.320476Z","level":"info","event":"https://musicbrainz.org/ws/2/artist/af953ba2-283b-41ef-93bc-b4cfc5feeebc?inc=tags&fmt=json","chan":"stdout","logger":"task"}
{"timestamp":"2025-12-03T16:01:59.615171Z","level":"info","event":"{'name': 'Tate McRae', 'id': '45dkTj5sMRSjrmBSBeiHym', 'url': 'https://open.spotify.com/artist/45dkTj5sMRSjrmBSBeiHym'}","chan":"stdout","logger":"task"}
{"timestamp":"2025-12-03T16:01:59.625291Z","level":"info","event":"https://musicbrainz.org/ws/2/url?resource=https://open.spotify.com/artist/45dkTj5sMRSjrmBSBeiHym&inc=artist-rels&fmt=json","chan":"stdout","logger":"task"}
{"timestamp":"2025-12-03T16:01:59.795751Z","level":"info","event":"https://musicbrainz.org/ws/2/artist/f9133869-f87c-459c-9aa7-2f176cda7e06?inc=tags&fmt=json","chan":"stdout","logger":"task"}
{"timestamp":"2025-12-03T16:02:01.049960Z","level":"info","event":"{'name': 'Chris Brown', 'id': '7bXgB6jMjp9ATFy66eO08Z', 'url': 'https://open.spotify.com/artist/7bXgB6jMjp9ATFy66eO08Z'}","chan":"stdout","logger":"task"}
{"timestamp":"2025-12-03T16:02:01.065125Z","level":"info","event":"https://musicbrainz.org/ws/2/url?resource=https://open.spotify.com/artist/7bXgB6jMjp9ATFy66eO08Z&inc=artist-rels&fmt=json","chan":"stdout","logger":"task"}
{"timestamp":"2025-12-03T16:02:01.273810Z","level":"info","event":"https://musicbrainz.org/ws/2/artist/c234fa42-e6a6-443e-937e-2f4b073538a3?inc=tags&fmt=json","chan":"stdout","logger":"task"}
{"timestamp":"2025-12-03T16:02:02.508208Z","level":"info","event":"{'name': 'Bryson Tiller', 'id': '2EMAnMvWE2eb56ToJVfCWs', 'url': 'https://open.spotify.com/artist/2EMAnMvWE2eb56ToJVfCWs'}","chan":"stdout","logger":"task"}
{"timestamp":"2025-12-03T16:02:02.517011Z","level":"info","event":"https://musicbrainz.org/ws/2/url?resource=https://open.spotify.com/artist/2EMAnMvWE2eb56ToJVfCWs&inc=artist-rels&fmt=json","chan":"stdout","logger":"task"}
{"timestamp":"2025-12-03T16:02:02.656147Z","level":"info","event":"https://musicbrainz.org/ws/2/artist/d8fd8d9b-473b-4f06-83c8-869b1bb9de89?inc=tags&fmt=json","chan":"stdout","logger":"task"}
{"timestamp":"2025-12-03T16:02:03.972072Z","level":"info","event":"{'name': 'Sabrina Carpenter', 'id': '74KM79TiuVKeVCqs8QtB0B', 'url': 'https://open.spotify.com/artist/74KM79TiuVKeVCqs8QtB0B'}","chan":"stdout","logger":"task"}
{"timestamp":"2025-12-03T16:02:03.978963Z","level":"info","event":"https://musicbrainz.org/ws/2/url?resource=https://open.spotify.com/artist/74KM79TiuVKeVCqs8QtB0B&inc=artist-rels&fmt=json","chan":"stdout","logger":"task"}
{"timestamp":"2025-12-03T16:02:04.164335Z","level":"info","event":"https://musicbrainz.org/ws/2/artist/1882fe91-cdd9-49c9-9956-8e06a3810bd4?inc=tags&fmt=json","chan":"stdout","logger":"task"}
{"timestamp":"2025-12-03T16:02:05.349840Z","level":"info","event":"{'name': 'Frank Sinatra', 'id': '1Mxqyy3pSjf8kZZL4QVxS0', 'url': 'https://open.spotify.com/artist/1Mxqyy3pSjf8kZZL4QVxS0'}","chan":"stdout","logger":"task"}
{"timestamp":"2025-12-03T16:02:05.351916Z","level":"info","event":"https://musicbrainz.org/ws/2/url?resource=https://open.spotify.com/artist/1Mxqyy3pSjf8kZZL4QVxS0&inc=artist-rels&fmt=json","chan":"stdout","logger":"task"}
{"timestamp":"2025-12-03T16:02:05.500497Z","level":"info","event":"https://musicbrainz.org/ws/2/artist/197450cd-0124-4164-b723-3c22dd16494d?inc=tags&fmt=json","chan":"stdout","logger":"task"}
{"timestamp":"2025-12-03T16:02:06.647890Z","level":"info","event":"{'name': 'Riley Green', 'id': '2QMsj4XJ7ne2hojxt6v5eb', 'url': 'https://open.spotify.com/artist/2QMsj4XJ7ne2hojxt6v5eb'}","chan":"stdout","logger":"task"}
{"timestamp":"2025-12-03T16:02:06.648226Z","level":"info","event":"https://musicbrainz.org/ws/2/url?resource=https://open.spotify.com/artist/2QMsj4XJ7ne2hojxt6v5eb&inc=artist-rels&fmt=json","chan":"stdout","logger":"task"}
{"timestamp":"2025-12-03T16:02:06.799803Z","level":"info","event":"https://musicbrainz.org/ws/2/artist/d8c85c0e-ad88-47a7-a1df-b70608c2f52f?inc=tags&fmt=json","chan":"stdout","logger":"task"}
{"timestamp":"2025-12-03T16:02:08.041457Z","level":"info","event":"{'name': 'Bing Crosby', 'id': '6ZjFtWeHP9XN7FeKSUe80S', 'url': 'https://open.spotify.com/artist/6ZjFtWeHP9XN7FeKSUe80S'}","chan":"stdout","logger":"task"}
{"timestamp":"2025-12-03T16:02:08.041671Z","level":"info","event":"https://musicbrainz.org/ws/2/url?resource=https://open.spotify.com/artist/6ZjFtWeHP9XN7FeKSUe80S&inc=artist-rels&fmt=json","chan":"stdout","logger":"task"}
{"timestamp":"2025-12-03T16:02:08.177911Z","level":"info","event":"https://musicbrainz.org/ws/2/artist/2437980f-513a-44fc-80f1-b90d9d7fcf8f?inc=tags&fmt=json","chan":"stdout","logger":"task"}
{"timestamp":"2025-12-03T16:02:09.316231Z","level":"info","event":"{'name': 'Ken Darby Singers', 'id': '69UfPJgUmFFAVT740qGVZi', 'url': 'https://open.spotify.com/artist/69UfPJgUmFFAVT740qGVZi'}","chan":"stdout","logger":"task"}
{"timestamp":"2025-12-03T16:02:09.316801Z","level":"info","event":"https://musicbrainz.org/ws/2/url?resource=https://open.spotify.com/artist/69UfPJgUmFFAVT740qGVZi&inc=artist-rels&fmt=json","chan":"stdout","logger":"task"}
{"timestamp":"2025-12-03T16:02:09.451840Z","level":"info","event":"https://musicbrainz.org/ws/2/artist/ca5f651d-9f6b-4342-abd4-2b40bb050d3b?inc=tags&fmt=json","chan":"stdout","logger":"task"}
{"timestamp":"2025-12-03T16:02:10.687745Z","level":"info","event":"{'name': 'John Scott Trotter & His Orchestra', 'id': '735L650pvygCZZlPMyHqsN', 'url': 'https://open.spotify.com/artist/735L650pvygCZZlPMyHqsN'}","chan":"stdout","logger":"task"}
{"timestamp":"2025-12-03T16:02:10.703559Z","level":"info","event":"https://musicbrainz.org/ws/2/url?resource=https://open.spotify.com/artist/735L650pvygCZZlPMyHqsN&inc=artist-rels&fmt=json","chan":"stdout","logger":"task"}
{"timestamp":"2025-12-03T16:02:10.862764Z","level":"info","event":"https://musicbrainz.org/ws/2/artist/3f3facce-dfda-4eed-8022-5b11a3ef02cf?inc=tags&fmt=json","chan":"stdout","logger":"task"}
{"timestamp":"2025-12-03T16:02:12.111384Z","level":"info","event":"{'name': 'Saja Boys', 'id': '0BJ2EjOqcfgFvlZXNKrNbE', 'url': 'https://open.spotify.com/artist/0BJ2EjOqcfgFvlZXNKrNbE'}","chan":"stdout","logger":"task"}
{"timestamp":"2025-12-03T16:02:12.111846Z","level":"info","event":"https://musicbrainz.org/ws/2/url?resource=https://open.spotify.com/artist/0BJ2EjOqcfgFvlZXNKrNbE&inc=artist-rels&fmt=json","chan":"stdout","logger":"task"}
{"timestamp":"2025-12-03T16:02:12.349314Z","level":"info","event":"https://musicbrainz.org/ws/2/artist/62e4d845-5a9f-462f-a909-8e480dd3c1b8?inc=tags&fmt=json","chan":"stdout","logger":"task"}
{"timestamp":"2025-12-03T16:02:12.453313Z","level":"info","event":"Rate limit hit. Retrying in 1s...","chan":"stdout","logger":"task"}
{"timestamp":"2025-12-03T16:02:14.652948Z","level":"info","event":"{'name': 'Andrew Choi', 'id': '7JBaynR7JFeniONqbnn1U4', 'url': 'https://open.spotify.com/artist/7JBaynR7JFeniONqbnn1U4'}","chan":"stdout","logger":"task"}
{"timestamp":"2025-12-03T16:02:14.654571Z","level":"info","event":"https://musicbrainz.org/ws/2/url?resource=https://open.spotify.com/artist/7JBaynR7JFeniONqbnn1U4&inc=artist-rels&fmt=json","chan":"stdout","logger":"task"}
{"timestamp":"2025-12-03T16:02:14.832965Z","level":"info","event":"https://musicbrainz.org/ws/2/artist/3bc0a256-bd32-46af-ba2d-5404dce176fe?inc=tags&fmt=json","chan":"stdout","logger":"task"}
{"timestamp":"2025-12-03T16:02:15.981780Z","level":"info","event":"{'name': 'Neckwav', 'id': '5bXNU0MAF2HSqyFPhYtscH', 'url': 'https://open.spotify.com/artist/5bXNU0MAF2HSqyFPhYtscH'}","chan":"stdout","logger":"task"}
{"timestamp":"2025-12-03T16:02:15.982583Z","level":"info","event":"https://musicbrainz.org/ws/2/url?resource=https://open.spotify.com/artist/5bXNU0MAF2HSqyFPhYtscH&inc=artist-rels&fmt=json","chan":"stdout","logger":"task"}
{"timestamp":"2025-12-03T16:02:16.152060Z","level":"info","event":"https://musicbrainz.org/ws/2/artist/d1bb2849-6d06-4815-9aab-d360bc317f54?inc=tags&fmt=json","chan":"stdout","logger":"task"}
{"timestamp":"2025-12-03T16:02:17.305458Z","level":"info","event":"{'name': 'Danny Chung', 'id': '11pXvO7wYuzRWYONDOBd33', 'url': 'https://open.spotify.com/artist/11pXvO7wYuzRWYONDOBd33'}","chan":"stdout","logger":"task"}
{"timestamp":"2025-12-03T16:02:17.305933Z","level":"info","event":"https://musicbrainz.org/ws/2/url?resource=https://open.spotify.com/artist/11pXvO7wYuzRWYONDOBd33&inc=artist-rels&fmt=json","chan":"stdout","logger":"task"}
{"timestamp":"2025-12-03T16:02:17.527759Z","level":"info","event":"https://musicbrainz.org/ws/2/artist/072fa314-f544-4943-8dd5-afa37b55e696?inc=tags&fmt=json","chan":"stdout","logger":"task"}
{"timestamp":"2025-12-03T16:02:18.669302Z","level":"info","event":"{'name': 'KEVIN WOO', 'id': '2RYonYiVhhzBz82UFXOvEN', 'url': 'https://open.spotify.com/artist/2RYonYiVhhzBz82UFXOvEN'}","chan":"stdout","logger":"task"}
{"timestamp":"2025-12-03T16:02:18.670864Z","level":"info","event":"https://musicbrainz.org/ws/2/url?resource=https://open.spotify.com/artist/2RYonYiVhhzBz82UFXOvEN&inc=artist-rels&fmt=json","chan":"stdout","logger":"task"}
{"timestamp":"2025-12-03T16:02:18.843075Z","level":"info","event":"https://musicbrainz.org/ws/2/artist/b0c51568-37df-4b27-83a5-3a1c3539f3ff?inc=tags&fmt=json","chan":"stdout","logger":"task"}
{"timestamp":"2025-12-03T16:02:19.992223Z","level":"info","event":"{'name': 'samUIL Lee', 'id': '1eDupbD9kIx8UaZlzcBG5r', 'url': 'https://open.spotify.com/artist/1eDupbD9kIx8UaZlzcBG5r'}","chan":"stdout","logger":"task"}
{"timestamp":"2025-12-03T16:02:19.992391Z","level":"info","event":"https://musicbrainz.org/ws/2/url?resource=https://open.spotify.com/artist/1eDupbD9kIx8UaZlzcBG5r&inc=artist-rels&fmt=json","chan":"stdout","logger":"task"}
{"timestamp":"2025-12-03T16:02:20.113340Z","level":"info","event":"HTTP 404: Not Found","chan":"stdout","logger":"task"}
{"timestamp":"2025-12-03T16:02:20.113538Z","level":"info","event":"unable to get mbid for https://open.spotify.com/artist/1eDupbD9kIx8UaZlzcBG5r","chan":"stdout","logger":"task"}
{"timestamp":"2025-12-03T16:02:21.116733Z","level":"info","event":"{'name': 'Lainey Wilson', 'id': '6tPHARSq45lQ8BSALCfkFC', 'url': 'https://open.spotify.com/artist/6tPHARSq45lQ8BSALCfkFC'}","chan":"stdout","logger":"task"}
{"timestamp":"2025-12-03T16:02:21.117199Z","level":"info","event":"https://musicbrainz.org/ws/2/url?resource=https://open.spotify.com/artist/6tPHARSq45lQ8BSALCfkFC&inc=artist-rels&fmt=json","chan":"stdout","logger":"task"}
{"timestamp":"2025-12-03T16:02:21.302654Z","level":"info","event":"https://musicbrainz.org/ws/2/artist/a6e613d6-ff65-4972-beff-303a1b10ab05?inc=tags&fmt=json","chan":"stdout","logger":"task"}
{"timestamp":"2025-12-03T16:02:22.448482Z","level":"info","event":"{'name': 'RAYE', 'id': '5KKpBU5eC2tJDzf0wmlRp2', 'url': 'https://open.spotify.com/artist/5KKpBU5eC2tJDzf0wmlRp2'}","chan":"stdout","logger":"task"}
{"timestamp":"2025-12-03T16:02:22.449568Z","level":"info","event":"https://musicbrainz.org/ws/2/url?resource=https://open.spotify.com/artist/5KKpBU5eC2tJDzf0wmlRp2&inc=artist-rels&fmt=json","chan":"stdout","logger":"task"}
{"timestamp":"2025-12-03T16:02:22.676466Z","level":"info","event":"https://musicbrainz.org/ws/2/artist/8be564c3-dfba-440b-af8c-4ffbceeef45e?inc=tags&fmt=json","chan":"stdout","logger":"task"}
{"timestamp":"2025-12-03T16:02:23.838946Z","level":"info","event":"{'name': 'Perry Como', 'id': '5v8jlSmAQfrkTjAlpUfWtu', 'url': 'https://open.spotify.com/artist/5v8jlSmAQfrkTjAlpUfWtu'}","chan":"stdout","logger":"task"}
{"timestamp":"2025-12-03T16:02:23.840080Z","level":"info","event":"https://musicbrainz.org/ws/2/url?resource=https://open.spotify.com/artist/5v8jlSmAQfrkTjAlpUfWtu&inc=artist-rels&fmt=json","chan":"stdout","logger":"task"}
{"timestamp":"2025-12-03T16:02:24.055607Z","level":"info","event":"https://musicbrainz.org/ws/2/artist/0182474b-8a1d-46d0-9d0f-e6df353335ea?inc=tags&fmt=json","chan":"stdout","logger":"task"}
{"timestamp":"2025-12-03T16:02:25.195985Z","level":"info","event":"{'name': 'The Fontane Sisters', 'id': '1Ml4OuStDoympbREURAM15', 'url': 'https://open.spotify.com/artist/1Ml4OuStDoympbREURAM15'}","chan":"stdout","logger":"task"}
{"timestamp":"2025-12-03T16:02:25.196355Z","level":"info","event":"https://musicbrainz.org/ws/2/url?resource=https://open.spotify.com/artist/1Ml4OuStDoympbREURAM15&inc=artist-rels&fmt=json","chan":"stdout","logger":"task"}
{"timestamp":"2025-12-03T16:02:25.341676Z","level":"info","event":"https://musicbrainz.org/ws/2/artist/20a8b01a-d82e-4063-8f50-6f0263696dde?inc=tags&fmt=json","chan":"stdout","logger":"task"}
{"timestamp":"2025-12-03T16:02:26.481631Z","level":"info","event":"{'name': 'Mitchell Ayres & His Orchestra', 'id': '0HS96tPggl2nwiz3gNWWI5', 'url': 'https://open.spotify.com/artist/0HS96tPggl2nwiz3gNWWI5'}","chan":"stdout","logger":"task"}
{"timestamp":"2025-12-03T16:02:26.482906Z","level":"info","event":"https://musicbrainz.org/ws/2/url?resource=https://open.spotify.com/artist/0HS96tPggl2nwiz3gNWWI5&inc=artist-rels&fmt=json","chan":"stdout","logger":"task"}
{"timestamp":"2025-12-03T16:02:26.673468Z","level":"info","event":"https://musicbrainz.org/ws/2/artist/3c82f540-c300-47d2-ae60-a6aca677f98c?inc=tags&fmt=json","chan":"stdout","logger":"task"}
{"timestamp":"2025-12-03T16:02:27.820262Z","level":"info","event":"{'name': 'Chuck Berry', 'id': '293zczrfYafIItmnmM3coR', 'url': 'https://open.spotify.com/artist/293zczrfYafIItmnmM3coR'}","chan":"stdout","logger":"task"}
{"timestamp":"2025-12-03T16:02:27.821923Z","level":"info","event":"https://musicbrainz.org/ws/2/url?resource=https://open.spotify.com/artist/293zczrfYafIItmnmM3coR&inc=artist-rels&fmt=json","chan":"stdout","logger":"task"}
{"timestamp":"2025-12-03T16:02:28.109994Z","level":"info","event":"https://musicbrainz.org/ws/2/artist/592a3b6d-c42b-4567-99c9-ecf63bd66499?inc=tags&fmt=json","chan":"stdout","logger":"task"}
{"timestamp":"2025-12-03T16:02:29.525899Z","level":"info","event":"{'name': 'KATSEYE', 'id': '3c0gDdb9lhnHGFtP4prQpn', 'url': 'https://open.spotify.com/artist/3c0gDdb9lhnHGFtP4prQpn'}","chan":"stdout","logger":"task"}
{"timestamp":"2025-12-03T16:02:29.526936Z","level":"info","event":"https://musicbrainz.org/ws/2/url?resource=https://open.spotify.com/artist/3c0gDdb9lhnHGFtP4prQpn&inc=artist-rels&fmt=json","chan":"stdout","logger":"task"}
{"timestamp":"2025-12-03T16:02:29.658402Z","level":"info","event":"https://musicbrainz.org/ws/2/artist/abbf7d85-9a7f-4a6c-80bd-bf71f2c7d520?inc=tags&fmt=json","chan":"stdout","logger":"task"}
{"timestamp":"2025-12-03T16:02:30.844163Z","level":"info","event":"{'name': 'Gene Autry', 'id': '5ixB75BQR3ADoWQkcHQJTs', 'url': 'https://open.spotify.com/artist/5ixB75BQR3ADoWQkcHQJTs'}","chan":"stdout","logger":"task"}
{"timestamp":"2025-12-03T16:02:30.845349Z","level":"info","event":"https://musicbrainz.org/ws/2/url?resource=https://open.spotify.com/artist/5ixB75BQR3ADoWQkcHQJTs&inc=artist-rels&fmt=json","chan":"stdout","logger":"task"}
{"timestamp":"2025-12-03T16:02:31.005548Z","level":"info","event":"https://musicbrainz.org/ws/2/artist/675b7627-6b5d-4a46-a728-785cb24a299e?inc=tags&fmt=json","chan":"stdout","logger":"task"}
{"timestamp":"2025-12-03T16:02:32.259013Z","level":"info","event":"{'name': 'Cynthia Erivo', 'id': '46UMQ0cW8ToR8egkBRwAxZ', 'url': 'https://open.spotify.com/artist/46UMQ0cW8ToR8egkBRwAxZ'}","chan":"stdout","logger":"task"}
{"timestamp":"2025-12-03T16:02:32.262005Z","level":"info","event":"https://musicbrainz.org/ws/2/url?resource=https://open.spotify.com/artist/46UMQ0cW8ToR8egkBRwAxZ&inc=artist-rels&fmt=json","chan":"stdout","logger":"task"}
{"timestamp":"2025-12-03T16:02:32.459279Z","level":"info","event":"https://musicbrainz.org/ws/2/artist/752bebd2-b44c-41bb-8a21-bdf3cd1b5518?inc=tags&fmt=json","chan":"stdout","logger":"task"}
{"timestamp":"2025-12-03T16:02:33.697467Z","level":"info","event":"{'name': 'BigXthaPlug', 'id': '6qxpnaukVayrQn6ViNvu9I', 'url': 'https://open.spotify.com/artist/6qxpnaukVayrQn6ViNvu9I'}","chan":"stdout","logger":"task"}
{"timestamp":"2025-12-03T16:02:33.698530Z","level":"info","event":"https://musicbrainz.org/ws/2/url?resource=https://open.spotify.com/artist/6qxpnaukVayrQn6ViNvu9I&inc=artist-rels&fmt=json","chan":"stdout","logger":"task"}
{"timestamp":"2025-12-03T16:02:33.886245Z","level":"info","event":"https://musicbrainz.org/ws/2/artist/d25f6294-686a-4569-b1b9-fe64bfef2519?inc=tags&fmt=json","chan":"stdout","logger":"task"}
{"timestamp":"2025-12-03T16:02:35.083666Z","level":"info","event":"{'name': 'Gunna', 'id': '2hlmm7s2ICUX0LVIhVFlZQ', 'url': 'https://open.spotify.com/artist/2hlmm7s2ICUX0LVIhVFlZQ'}","chan":"stdout","logger":"task"}
{"timestamp":"2025-12-03T16:02:35.087780Z","level":"info","event":"https://musicbrainz.org/ws/2/url?resource=https://open.spotify.com/artist/2hlmm7s2ICUX0LVIhVFlZQ&inc=artist-rels&fmt=json","chan":"stdout","logger":"task"}
{"timestamp":"2025-12-03T16:02:35.256045Z","level":"info","event":"https://musicbrainz.org/ws/2/artist/100b8734-f4f0-4536-9960-47f7c59d1b4c?inc=tags&fmt=json","chan":"stdout","logger":"task"}
{"timestamp":"2025-12-03T16:02:36.455301Z","level":"info","event":"{'name': 'Burna Boy', 'id': '3wcj11K77LjEY1PkEazffa', 'url': 'https://open.spotify.com/artist/3wcj11K77LjEY1PkEazffa'}","chan":"stdout","logger":"task"}
{"timestamp":"2025-12-03T16:02:36.459189Z","level":"info","event":"https://musicbrainz.org/ws/2/url?resource=https://open.spotify.com/artist/3wcj11K77LjEY1PkEazffa&inc=artist-rels&fmt=json","chan":"stdout","logger":"task"}
{"timestamp":"2025-12-03T16:02:36.595512Z","level":"info","event":"https://musicbrainz.org/ws/2/artist/78a19169-ac75-4868-b504-7e2e073118e0?inc=tags&fmt=json","chan":"stdout","logger":"task"}
{"timestamp":"2025-12-03T16:02:38.066213Z","level":"info","event":"{'name': 'Megan Moroney', 'id': '5Ppie0uPnbnvGBYRwYmlt0', 'url': 'https://open.spotify.com/artist/5Ppie0uPnbnvGBYRwYmlt0'}","chan":"stdout","logger":"task"}
{"timestamp":"2025-12-03T16:02:38.070969Z","level":"info","event":"https://musicbrainz.org/ws/2/url?resource=https://open.spotify.com/artist/5Ppie0uPnbnvGBYRwYmlt0&inc=artist-rels&fmt=json","chan":"stdout","logger":"task"}
{"timestamp":"2025-12-03T16:02:38.201269Z","level":"info","event":"https://musicbrainz.org/ws/2/artist/9eb2030a-c311-4cbf-a8f2-c57a58aa18ce?inc=tags&fmt=json","chan":"stdout","logger":"task"}
{"timestamp":"2025-12-03T16:02:39.414944Z","level":"info","event":"{'name': 'Eartha Kitt', 'id': '1AwO9pWEBSBoWdEZu28XDC', 'url': 'https://open.spotify.com/artist/1AwO9pWEBSBoWdEZu28XDC'}","chan":"stdout","logger":"task"}
{"timestamp":"2025-12-03T16:02:39.418803Z","level":"info","event":"https://musicbrainz.org/ws/2/url?resource=https://open.spotify.com/artist/1AwO9pWEBSBoWdEZu28XDC&inc=artist-rels&fmt=json","chan":"stdout","logger":"task"}
{"timestamp":"2025-12-03T16:02:39.557918Z","level":"info","event":"https://musicbrainz.org/ws/2/artist/02b4a39e-04c0-4eb7-a0eb-c919f3d14154?inc=tags&fmt=json","chan":"stdout","logger":"task"}
{"timestamp":"2025-12-03T16:02:40.773833Z","level":"info","event":"{'name': 'Henri René and His Orchestra', 'id': '0oK8UXKZbQezeRhE0KeBAV', 'url': 'https://open.spotify.com/artist/0oK8UXKZbQezeRhE0KeBAV'}","chan":"stdout","logger":"task"}
{"timestamp":"2025-12-03T16:02:40.775931Z","level":"info","event":"https://musicbrainz.org/ws/2/url?resource=https://open.spotify.com/artist/0oK8UXKZbQezeRhE0KeBAV&inc=artist-rels&fmt=json","chan":"stdout","logger":"task"}
{"timestamp":"2025-12-03T16:02:40.908519Z","level":"info","event":"HTTP 404: Not Found","chan":"stdout","logger":"task"}
{"timestamp":"2025-12-03T16:02:40.908847Z","level":"info","event":"unable to get mbid for https://open.spotify.com/artist/0oK8UXKZbQezeRhE0KeBAV","chan":"stdout","logger":"task"}
{"timestamp":"2025-12-03T16:02:41.914599Z","level":"info","event":"{'name': 'Elvis Presley', 'id': '43ZHCT0cAZBISjO8DG9PnE', 'url': 'https://open.spotify.com/artist/43ZHCT0cAZBISjO8DG9PnE'}","chan":"stdout","logger":"task"}
{"timestamp":"2025-12-03T16:02:41.918121Z","level":"info","event":"https://musicbrainz.org/ws/2/url?resource=https://open.spotify.com/artist/43ZHCT0cAZBISjO8DG9PnE&inc=artist-rels&fmt=json","chan":"stdout","logger":"task"}
{"timestamp":"2025-12-03T16:02:42.078312Z","level":"info","event":"https://musicbrainz.org/ws/2/artist/01809552-4f87-45b0-afff-2c6f0730a3be?inc=tags&fmt=json","chan":"stdout","logger":"task"}
{"timestamp":"2025-12-03T16:02:43.280059Z","level":"info","event":"{'name': 'Russell Dickerson', 'id': '1E2AEtxaFaJtH0lO7kgNKw', 'url': 'https://open.spotify.com/artist/1E2AEtxaFaJtH0lO7kgNKw'}","chan":"stdout","logger":"task"}
{"timestamp":"2025-12-03T16:02:43.286266Z","level":"info","event":"https://musicbrainz.org/ws/2/url?resource=https://open.spotify.com/artist/1E2AEtxaFaJtH0lO7kgNKw&inc=artist-rels&fmt=json","chan":"stdout","logger":"task"}
{"timestamp":"2025-12-03T16:02:43.428392Z","level":"info","event":"https://musicbrainz.org/ws/2/artist/e2529584-b250-4a22-821c-16d3d8120978?inc=tags&fmt=json","chan":"stdout","logger":"task"}
{"timestamp":"2025-12-03T16:02:44.696828Z","level":"info","event":"{'name': 'Disco Lines', 'id': '5Kmr0b3ip8g9P2i0dLTC3Z', 'url': 'https://open.spotify.com/artist/5Kmr0b3ip8g9P2i0dLTC3Z'}","chan":"stdout","logger":"task"}
{"timestamp":"2025-12-03T16:02:44.705246Z","level":"info","event":"https://musicbrainz.org/ws/2/url?resource=https://open.spotify.com/artist/5Kmr0b3ip8g9P2i0dLTC3Z&inc=artist-rels&fmt=json","chan":"stdout","logger":"task"}
{"timestamp":"2025-12-03T16:02:44.966697Z","level":"info","event":"https://musicbrainz.org/ws/2/artist/9b2f64a8-98ea-433b-bfe0-2675c02b08db?inc=tags&fmt=json","chan":"stdout","logger":"task"}
{"timestamp":"2025-12-03T16:02:46.336700Z","level":"info","event":"{'name': 'Tinashe', 'id': '0NIIxcxNHmOoyBx03SfTCD', 'url': 'https://open.spotify.com/artist/0NIIxcxNHmOoyBx03SfTCD'}","chan":"stdout","logger":"task"}
{"timestamp":"2025-12-03T16:02:46.339283Z","level":"info","event":"https://musicbrainz.org/ws/2/url?resource=https://open.spotify.com/artist/0NIIxcxNHmOoyBx03SfTCD&inc=artist-rels&fmt=json","chan":"stdout","logger":"task"}
{"timestamp":"2025-12-03T16:02:46.481769Z","level":"info","event":"https://musicbrainz.org/ws/2/artist/396a9525-0994-4542-b480-c4587feeb476?inc=tags&fmt=json","chan":"stdout","logger":"task"}
{"timestamp":"2025-12-03T16:02:47.623668Z","level":"info","event":"{'name': 'Mariah the Scientist', 'id': '7HO5fOXE4gh3lzZn64tX2E', 'url': 'https://open.spotify.com/artist/7HO5fOXE4gh3lzZn64tX2E'}","chan":"stdout","logger":"task"}
{"timestamp":"2025-12-03T16:02:47.624264Z","level":"info","event":"https://musicbrainz.org/ws/2/url?resource=https://open.spotify.com/artist/7HO5fOXE4gh3lzZn64tX2E&inc=artist-rels&fmt=json","chan":"stdout","logger":"task"}
{"timestamp":"2025-12-03T16:02:47.781794Z","level":"info","event":"https://musicbrainz.org/ws/2/artist/5fc55ebf-21bd-4eda-954c-dd250132331e?inc=tags&fmt=json","chan":"stdout","logger":"task"}
{"timestamp":"2025-12-03T16:02:49.027149Z","level":"info","event":"{'name': 'Kali Uchis', 'id': '1U1el3k54VvEUzo3ybLPlM', 'url': 'https://open.spotify.com/artist/1U1el3k54VvEUzo3ybLPlM'}","chan":"stdout","logger":"task"}
{"timestamp":"2025-12-03T16:02:49.032571Z","level":"info","event":"https://musicbrainz.org/ws/2/url?resource=https://open.spotify.com/artist/1U1el3k54VvEUzo3ybLPlM&inc=artist-rels&fmt=json","chan":"stdout","logger":"task"}
{"timestamp":"2025-12-03T16:02:49.233651Z","level":"info","event":"https://musicbrainz.org/ws/2/artist/d0c7656d-8169-4f77-9dbe-b8f24e40105d?inc=tags&fmt=json","chan":"stdout","logger":"task"}
{"timestamp":"2025-12-03T16:02:50.407970Z","level":"info","event":"{'name': 'Hudson Westbrook', 'id': '0C4gtx1iHMfuaQ73GKWvtZ', 'url': 'https://open.spotify.com/artist/0C4gtx1iHMfuaQ73GKWvtZ'}","chan":"stdout","logger":"task"}
{"timestamp":"2025-12-03T16:02:50.409005Z","level":"info","event":"https://musicbrainz.org/ws/2/url?resource=https://open.spotify.com/artist/0C4gtx1iHMfuaQ73GKWvtZ&inc=artist-rels&fmt=json","chan":"stdout","logger":"task"}
{"timestamp":"2025-12-03T16:02:50.552166Z","level":"info","event":"https://musicbrainz.org/ws/2/artist/5b511be8-fd02-4de2-a017-7f5d06db53e4?inc=tags&fmt=json","chan":"stdout","logger":"task"}
{"timestamp":"2025-12-03T16:02:51.698616Z","level":"info","event":"{'name': 'Myles Smith', 'id': '3bO19AOone0ubCsfDXDtYt', 'url': 'https://open.spotify.com/artist/3bO19AOone0ubCsfDXDtYt'}","chan":"stdout","logger":"task"}
{"timestamp":"2025-12-03T16:02:51.701115Z","level":"info","event":"https://musicbrainz.org/ws/2/url?resource=https://open.spotify.com/artist/3bO19AOone0ubCsfDXDtYt&inc=artist-rels&fmt=json","chan":"stdout","logger":"task"}
{"timestamp":"2025-12-03T16:02:51.983056Z","level":"info","event":"https://musicbrainz.org/ws/2/artist/73d2a9d4-de5d-4bcd-9acb-ddf67dfd71ac?inc=tags&fmt=json","chan":"stdout","logger":"task"}
{"timestamp":"2025-12-03T16:02:53.181615Z","level":"info","event":"{'name': 'Cody Johnson', 'id': '6zLBxLdl60ekBLpawtT63I', 'url': 'https://open.spotify.com/artist/6zLBxLdl60ekBLpawtT63I'}","chan":"stdout","logger":"task"}
{"timestamp":"2025-12-03T16:02:53.183789Z","level":"info","event":"https://musicbrainz.org/ws/2/url?resource=https://open.spotify.com/artist/6zLBxLdl60ekBLpawtT63I&inc=artist-rels&fmt=json","chan":"stdout","logger":"task"}
{"timestamp":"2025-12-03T16:02:53.354015Z","level":"info","event":"https://musicbrainz.org/ws/2/artist/faabeed5-3dd0-4be5-aec5-e6486e68db2f?inc=tags&fmt=json","chan":"stdout","logger":"task"}
{"timestamp":"2025-12-03T16:02:54.496568Z","level":"info","event":"{'name': 'Max McNown', 'id': '340PS4ZcZ4UCBgyrXzEjcp', 'url': 'https://open.spotify.com/artist/340PS4ZcZ4UCBgyrXzEjcp'}","chan":"stdout","logger":"task"}
{"timestamp":"2025-12-03T16:02:54.498086Z","level":"info","event":"https://musicbrainz.org/ws/2/url?resource=https://open.spotify.com/artist/340PS4ZcZ4UCBgyrXzEjcp&inc=artist-rels&fmt=json","chan":"stdout","logger":"task"}
{"timestamp":"2025-12-03T16:02:54.713553Z","level":"info","event":"https://musicbrainz.org/ws/2/artist/cc45b39c-c7c2-4db3-98f2-9c0220c76d7c?inc=tags&fmt=json","chan":"stdout","logger":"task"}
{"timestamp":"2025-12-03T16:02:55.876112Z","level":"info","event":"{'name': 'YoungBoy Never Broke Again', 'id': '7wlFDEWiM5OoIAt8RSli8b', 'url': 'https://open.spotify.com/artist/7wlFDEWiM5OoIAt8RSli8b'}","chan":"stdout","logger":"task"}
{"timestamp":"2025-12-03T16:02:55.877187Z","level":"info","event":"https://musicbrainz.org/ws/2/url?resource=https://open.spotify.com/artist/7wlFDEWiM5OoIAt8RSli8b&inc=artist-rels&fmt=json","chan":"stdout","logger":"task"}
{"timestamp":"2025-12-03T16:02:56.032951Z","level":"info","event":"https://musicbrainz.org/ws/2/artist/127d8614-0876-4408-886c-6f110b047a78?inc=tags&fmt=json","chan":"stdout","logger":"task"}
{"timestamp":"2025-12-03T16:02:57.178300Z","level":"info","event":"{'name': 'Parker McCollum', 'id': '0Z8XVUAOBPM4x12wKnFHEQ', 'url': 'https://open.spotify.com/artist/0Z8XVUAOBPM4x12wKnFHEQ'}","chan":"stdout","logger":"task"}
{"timestamp":"2025-12-03T16:02:57.178626Z","level":"info","event":"https://musicbrainz.org/ws/2/url?resource=https://open.spotify.com/artist/0Z8XVUAOBPM4x12wKnFHEQ&inc=artist-rels&fmt=json","chan":"stdout","logger":"task"}
{"timestamp":"2025-12-03T16:02:57.329972Z","level":"info","event":"https://musicbrainz.org/ws/2/artist/ba67b7da-cca7-4c3f-ba19-05349f0f7d97?inc=tags&fmt=json","chan":"stdout","logger":"task"}
{"timestamp":"2025-12-03T16:02:58.555561Z","level":"info","event":"{'name': 'Tame Impala', 'id': '5INjqkS1o8h1imAzPqGZBb', 'url': 'https://open.spotify.com/artist/5INjqkS1o8h1imAzPqGZBb'}","chan":"stdout","logger":"task"}
{"timestamp":"2025-12-03T16:02:58.558890Z","level":"info","event":"https://musicbrainz.org/ws/2/url?resource=https://open.spotify.com/artist/5INjqkS1o8h1imAzPqGZBb&inc=artist-rels&fmt=json","chan":"stdout","logger":"task"}
{"timestamp":"2025-12-03T16:02:58.770359Z","level":"info","event":"https://musicbrainz.org/ws/2/artist/63aa26c3-d59b-4da4-84ac-716b54f1ef4d?inc=tags&fmt=json","chan":"stdout","logger":"task"}
{"timestamp":"2025-12-03T16:02:59.913106Z","level":"info","event":"{'name': 'Stray Kids', 'id': '2dIgFjalVxs4ThymZ67YCE', 'url': 'https://open.spotify.com/artist/2dIgFjalVxs4ThymZ67YCE'}","chan":"stdout","logger":"task"}
{"timestamp":"2025-12-03T16:02:59.913796Z","level":"info","event":"https://musicbrainz.org/ws/2/url?resource=https://open.spotify.com/artist/2dIgFjalVxs4ThymZ67YCE&inc=artist-rels&fmt=json","chan":"stdout","logger":"task"}
{"timestamp":"2025-12-03T16:03:00.142765Z","level":"info","event":"https://musicbrainz.org/ws/2/artist/142b343d-bf5a-428c-a64f-6d1a7566bbe9?inc=tags&fmt=json","chan":"stdout","logger":"task"}
{"timestamp":"2025-12-03T16:03:01.346930Z","level":"info","event":"{'name': 'Metro Boomin', 'id': '0iEtIxbK0KxaSlF7G42ZOp', 'url': 'https://open.spotify.com/artist/0iEtIxbK0KxaSlF7G42ZOp'}","chan":"stdout","logger":"task"}
{"timestamp":"2025-12-03T16:03:01.349152Z","level":"info","event":"https://musicbrainz.org/ws/2/url?resource=https://open.spotify.com/artist/0iEtIxbK0KxaSlF7G42ZOp&inc=artist-rels&fmt=json","chan":"stdout","logger":"task"}
{"timestamp":"2025-12-03T16:03:01.495423Z","level":"info","event":"https://musicbrainz.org/ws/2/artist/59db3d82-86ea-451f-881f-dffc8ec387c9?inc=tags&fmt=json","chan":"stdout","logger":"task"}
{"timestamp":"2025-12-03T16:03:02.643725Z","level":"info","event":"{'name': 'Quavo', 'id': '0VRj0yCOv2FXJNP47XQnx5', 'url': 'https://open.spotify.com/artist/0VRj0yCOv2FXJNP47XQnx5'}","chan":"stdout","logger":"task"}
{"timestamp":"2025-12-03T16:03:02.644986Z","level":"info","event":"https://musicbrainz.org/ws/2/url?resource=https://open.spotify.com/artist/0VRj0yCOv2FXJNP47XQnx5&inc=artist-rels&fmt=json","chan":"stdout","logger":"task"}
{"timestamp":"2025-12-03T16:03:02.932450Z","level":"info","event":"https://musicbrainz.org/ws/2/artist/6143403a-df6c-429e-8ee6-ef869896b0da?inc=tags&fmt=json","chan":"stdout","logger":"task"}
{"timestamp":"2025-12-03T16:03:04.125895Z","level":"info","event":"{'name': 'Breskii', 'id': '2wVt4s4eHizk62Er2CLunw', 'url': 'https://open.spotify.com/artist/2wVt4s4eHizk62Er2CLunw'}","chan":"stdout","logger":"task"}
{"timestamp":"2025-12-03T16:03:04.130497Z","level":"info","event":"https://musicbrainz.org/ws/2/url?resource=https://open.spotify.com/artist/2wVt4s4eHizk62Er2CLunw&inc=artist-rels&fmt=json","chan":"stdout","logger":"task"}
{"timestamp":"2025-12-03T16:03:04.258656Z","level":"info","event":"HTTP 404: Not Found","chan":"stdout","logger":"task"}
{"timestamp":"2025-12-03T16:03:04.259171Z","level":"info","event":"unable to get mbid for https://open.spotify.com/artist/2wVt4s4eHizk62Er2CLunw","chan":"stdout","logger":"task"}
{"timestamp":"2025-12-03T16:03:05.261783Z","level":"info","event":"{'name': 'YKNIECE', 'id': '0W1zQBUWnDofTkc0APdaog', 'url': 'https://open.spotify.com/artist/0W1zQBUWnDofTkc0APdaog'}","chan":"stdout","logger":"task"}
{"timestamp":"2025-12-03T16:03:05.262927Z","level":"info","event":"https://musicbrainz.org/ws/2/url?resource=https://open.spotify.com/artist/0W1zQBUWnDofTkc0APdaog&inc=artist-rels&fmt=json","chan":"stdout","logger":"task"}
{"timestamp":"2025-12-03T16:03:05.410701Z","level":"info","event":"https://musicbrainz.org/ws/2/artist/53e432c2-4da5-46cd-a89d-7bc7db509469?inc=tags&fmt=json","chan":"stdout","logger":"task"}
{"timestamp":"2025-12-03T16:03:06.534495Z","level":"info","event":"{'name': 'DJ Spinz', 'id': '7m4YY1JUSagIGuM9BL7KR1', 'url': 'https://open.spotify.com/artist/7m4YY1JUSagIGuM9BL7KR1'}","chan":"stdout","logger":"task"}
{"timestamp":"2025-12-03T16:03:06.540080Z","level":"info","event":"https://musicbrainz.org/ws/2/url?resource=https://open.spotify.com/artist/7m4YY1JUSagIGuM9BL7KR1&inc=artist-rels&fmt=json","chan":"stdout","logger":"task"}
{"timestamp":"2025-12-03T16:03:06.670956Z","level":"info","event":"HTTP 404: Not Found","chan":"stdout","logger":"task"}
{"timestamp":"2025-12-03T16:03:06.671284Z","level":"info","event":"unable to get mbid for https://open.spotify.com/artist/7m4YY1JUSagIGuM9BL7KR1","chan":"stdout","logger":"task"}
{"timestamp":"2025-12-03T16:03:07.676848Z","level":"info","event":"{'name': 'Gavin Adcock', 'id': '5jG6uRqinuI83luutMpW6y', 'url': 'https://open.spotify.com/artist/5jG6uRqinuI83luutMpW6y'}","chan":"stdout","logger":"task"}
{"timestamp":"2025-12-03T16:03:07.677371Z","level":"info","event":"https://musicbrainz.org/ws/2/url?resource=https://open.spotify.com/artist/5jG6uRqinuI83luutMpW6y&inc=artist-rels&fmt=json","chan":"stdout","logger":"task"}
{"timestamp":"2025-12-03T16:03:07.819208Z","level":"info","event":"https://musicbrainz.org/ws/2/artist/4a75faf4-995d-42dd-88b6-e5ff2d61e791?inc=tags&fmt=json","chan":"stdout","logger":"task"}
{"timestamp":"2025-12-03T16:03:09.001048Z","level":"info","event":"{'name': 'Luke Combs', 'id': '718COspgdWOnwOFpJHRZHS', 'url': 'https://open.spotify.com/artist/718COspgdWOnwOFpJHRZHS'}","chan":"stdout","logger":"task"}
{"timestamp":"2025-12-03T16:03:09.002715Z","level":"info","event":"https://musicbrainz.org/ws/2/url?resource=https://open.spotify.com/artist/718COspgdWOnwOFpJHRZHS&inc=artist-rels&fmt=json","chan":"stdout","logger":"task"}
{"timestamp":"2025-12-03T16:03:09.144381Z","level":"info","event":"https://musicbrainz.org/ws/2/artist/c20ee61f-071f-4e65-9c81-45ee931a54ce?inc=tags&fmt=json","chan":"stdout","logger":"task"}
{"timestamp":"2025-12-03T16:03:10.373662Z","level":"info","event":"{'name': 'Chase Matthew', 'id': '7HTLVyjNf0VRxfIgNcfRRH', 'url': 'https://open.spotify.com/artist/7HTLVyjNf0VRxfIgNcfRRH'}","chan":"stdout","logger":"task"}
{"timestamp":"2025-12-03T16:03:10.377167Z","level":"info","event":"https://musicbrainz.org/ws/2/url?resource=https://open.spotify.com/artist/7HTLVyjNf0VRxfIgNcfRRH&inc=artist-rels&fmt=json","chan":"stdout","logger":"task"}
{"timestamp":"2025-12-03T16:03:10.754722Z","level":"info","event":"https://musicbrainz.org/ws/2/artist/b9bdc8af-9641-4958-8eb3-1bead9ff632d?inc=tags&fmt=json","chan":"stdout","logger":"task"}
{"timestamp":"2025-12-03T16:03:11.702668Z","level":"info","event":"{'name': 'Tyler, The Creator', 'id': '4V8LLVI7PbaPR0K2TGSxFF', 'url': 'https://open.spotify.com/artist/4V8LLVI7PbaPR0K2TGSxFF'}","chan":"stdout","logger":"task"}
{"timestamp":"2025-12-03T16:03:11.707737Z","level":"info","event":"https://musicbrainz.org/ws/2/url?resource=https://open.spotify.com/artist/4V8LLVI7PbaPR0K2TGSxFF&inc=artist-rels&fmt=json","chan":"stdout","logger":"task"}
{"timestamp":"2025-12-03T16:03:11.861524Z","level":"info","event":"https://musicbrainz.org/ws/2/artist/f6beac20-5dfe-4d1f-ae02-0b0a740aafd6?inc=tags&fmt=json","chan":"stdout","logger":"task"}
{"timestamp":"2025-12-03T16:03:13.001815Z","level":"info","event":"{'name': 'NF', 'id': '6fOMl44jA4Sp5b9PpYCkzz', 'url': 'https://open.spotify.com/artist/6fOMl44jA4Sp5b9PpYCkzz'}","chan":"stdout","logger":"task"}
{"timestamp":"2025-12-03T16:03:13.003939Z","level":"info","event":"https://musicbrainz.org/ws/2/url?resource=https://open.spotify.com/artist/6fOMl44jA4Sp5b9PpYCkzz&inc=artist-rels&fmt=json","chan":"stdout","logger":"task"}
{"timestamp":"2025-12-03T16:03:13.146624Z","level":"info","event":"https://musicbrainz.org/ws/2/artist/5660a8c7-d0d9-4181-89b4-8e125328e31e?inc=tags&fmt=json","chan":"stdout","logger":"task"}
{"timestamp":"2025-12-03T16:03:14.309344Z","level":"info","event":"{'name': 'Cardi B', 'id': '4kYSro6naA4h99UJvo89HB', 'url': 'https://open.spotify.com/artist/4kYSro6naA4h99UJvo89HB'}","chan":"stdout","logger":"task"}
{"timestamp":"2025-12-03T16:03:14.310389Z","level":"info","event":"https://musicbrainz.org/ws/2/url?resource=https://open.spotify.com/artist/4kYSro6naA4h99UJvo89HB&inc=artist-rels&fmt=json","chan":"stdout","logger":"task"}
{"timestamp":"2025-12-03T16:03:14.517471Z","level":"info","event":"https://musicbrainz.org/ws/2/artist/2f3c4d70-0462-40da-bba3-0aec5772c556?inc=tags&fmt=json","chan":"stdout","logger":"task"}
{"timestamp":"2025-12-03T16:03:15.659963Z","level":"info","event":"{'name': 'Post Malone', 'id': '246dkjvS1zLTtiykXe5h60', 'url': 'https://open.spotify.com/artist/246dkjvS1zLTtiykXe5h60'}","chan":"stdout","logger":"task"}
{"timestamp":"2025-12-03T16:03:15.664356Z","level":"info","event":"https://musicbrainz.org/ws/2/url?resource=https://open.spotify.com/artist/246dkjvS1zLTtiykXe5h60&inc=artist-rels&fmt=json","chan":"stdout","logger":"task"}
{"timestamp":"2025-12-03T16:03:15.827103Z","level":"info","event":"https://musicbrainz.org/ws/2/artist/b1e26560-60e5-4236-bbdb-9aa5a8d5ee19?inc=tags&fmt=json","chan":"stdout","logger":"task"}
{"timestamp":"2025-12-03T16:03:17.050306Z","level":"info","event":"{'name': 'Doja Cat', 'id': '5cj0lLjcoR7YOSnhnX0Po5', 'url': 'https://open.spotify.com/artist/5cj0lLjcoR7YOSnhnX0Po5'}","chan":"stdout","logger":"task"}
{"timestamp":"2025-12-03T16:03:17.054382Z","level":"info","event":"https://musicbrainz.org/ws/2/url?resource=https://open.spotify.com/artist/5cj0lLjcoR7YOSnhnX0Po5&inc=artist-rels&fmt=json","chan":"stdout","logger":"task"}
{"timestamp":"2025-12-03T16:03:17.207057Z","level":"info","event":"https://musicbrainz.org/ws/2/artist/5df62a88-cac9-490a-b62c-c7c88f4020f4?inc=tags&fmt=json","chan":"stdout","logger":"task"}
{"timestamp":"2025-12-03T16:03:18.369136Z","level":"info","event":"{'name': 'Shaboozey', 'id': '3y2cIKLjiOlp1Np37WiUdH', 'url': 'https://open.spotify.com/artist/3y2cIKLjiOlp1Np37WiUdH'}","chan":"stdout","logger":"task"}
{"timestamp":"2025-12-03T16:03:18.369417Z","level":"info","event":"https://musicbrainz.org/ws/2/url?resource=https://open.spotify.com/artist/3y2cIKLjiOlp1Np37WiUdH&inc=artist-rels&fmt=json","chan":"stdout","logger":"task"}
{"timestamp":"2025-12-03T16:03:18.540694Z","level":"info","event":"https://musicbrainz.org/ws/2/artist/0b427dad-1ee5-48f1-aa4b-026680a3338e?inc=tags&fmt=json","chan":"stdout","logger":"task"}
{"timestamp":"2025-12-03T16:03:19.736412Z","level":"info","event":"{'name': 'Jelly Roll', 'id': '19k8AgwwTSxeaxkOuCQEJs', 'url': 'https://open.spotify.com/artist/19k8AgwwTSxeaxkOuCQEJs'}","chan":"stdout","logger":"task"}
{"timestamp":"2025-12-03T16:03:19.738397Z","level":"info","event":"https://musicbrainz.org/ws/2/url?resource=https://open.spotify.com/artist/19k8AgwwTSxeaxkOuCQEJs&inc=artist-rels&fmt=json","chan":"stdout","logger":"task"}
{"timestamp":"2025-12-03T16:03:19.889807Z","level":"info","event":"https://musicbrainz.org/ws/2/artist/ab5a7a60-1b71-4e5b-b622-e0ae2ce84c32?inc=tags&fmt=json","chan":"stdout","logger":"task"}
{"timestamp":"2025-12-03T16:03:21.083617Z","level":"info","event":"{'name': 'HARDY', 'id': '5QNm7E7RU2m64l6Gliu8Oy', 'url': 'https://open.spotify.com/artist/5QNm7E7RU2m64l6Gliu8Oy'}","chan":"stdout","logger":"task"}
{"timestamp":"2025-12-03T16:03:21.086102Z","level":"info","event":"https://musicbrainz.org/ws/2/url?resource=https://open.spotify.com/artist/5QNm7E7RU2m64l6Gliu8Oy&inc=artist-rels&fmt=json","chan":"stdout","logger":"task"}
{"timestamp":"2025-12-03T16:03:21.310328Z","level":"info","event":"https://musicbrainz.org/ws/2/artist/f4fe9be1-8e34-47c8-bf16-33d1a94a235b?inc=tags&fmt=json","chan":"stdout","logger":"task"}
{"timestamp":"2025-12-03T16:03:22.476934Z","level":"info","event":"{'name': 'Tucker Wetmore', 'id': '4sCKpwwEsgReZxjtKFm2A0', 'url': 'https://open.spotify.com/artist/4sCKpwwEsgReZxjtKFm2A0'}","chan":"stdout","logger":"task"}
{"timestamp":"2025-12-03T16:03:22.477810Z","level":"info","event":"https://musicbrainz.org/ws/2/url?resource=https://open.spotify.com/artist/4sCKpwwEsgReZxjtKFm2A0&inc=artist-rels&fmt=json","chan":"stdout","logger":"task"}
{"timestamp":"2025-12-03T16:03:22.611449Z","level":"info","event":"https://musicbrainz.org/ws/2/artist/bac63106-16c3-4a31-80a4-d269ec27ab96?inc=tags&fmt=json","chan":"stdout","logger":"task"}
{"timestamp":"2025-12-03T16:03:23.823530Z","level":"info","event":"{'name': 'G Herbo', 'id': '5QdEbQJ3ylBnc3gsIASAT5', 'url': 'https://open.spotify.com/artist/5QdEbQJ3ylBnc3gsIASAT5'}","chan":"stdout","logger":"task"}
{"timestamp":"2025-12-03T16:03:23.824231Z","level":"info","event":"https://musicbrainz.org/ws/2/url?resource=https://open.spotify.com/artist/5QdEbQJ3ylBnc3gsIASAT5&inc=artist-rels&fmt=json","chan":"stdout","logger":"task"}
{"timestamp":"2025-12-03T16:03:24.028080Z","level":"info","event":"https://musicbrainz.org/ws/2/artist/1b1f50d1-4746-468b-a6a2-7db7200d3dfc?inc=tags&fmt=json","chan":"stdout","logger":"task"}
{"timestamp":"2025-12-03T16:03:25.211530Z","level":"info","event":"{'name': 'Southside', 'id': '23DYJsw4uSCguIqiTIDtcN', 'url': 'https://open.spotify.com/artist/23DYJsw4uSCguIqiTIDtcN'}","chan":"stdout","logger":"task"}
{"timestamp":"2025-12-03T16:03:25.212246Z","level":"info","event":"https://musicbrainz.org/ws/2/url?resource=https://open.spotify.com/artist/23DYJsw4uSCguIqiTIDtcN&inc=artist-rels&fmt=json","chan":"stdout","logger":"task"}
{"timestamp":"2025-12-03T16:03:25.411031Z","level":"info","event":"https://musicbrainz.org/ws/2/artist/d642aa48-79ef-4837-b8df-72ae8a4ecf52?inc=tags&fmt=json","chan":"stdout","logger":"task"}
{"timestamp":"2025-12-03T16:03:25.521604Z","level":"info","event":"Rate limit hit. Retrying in 1s...","chan":"stdout","logger":"task"}
{"timestamp":"2025-12-03T16:03:27.769395Z","level":"info","event":"{'name': 'Ed Sheeran', 'id': '6eUKZXaKkcviH0Ku9w2n3V', 'url': 'https://open.spotify.com/artist/6eUKZXaKkcviH0Ku9w2n3V'}","chan":"stdout","logger":"task"}
{"timestamp":"2025-12-03T16:03:27.781527Z","level":"info","event":"https://musicbrainz.org/ws/2/url?resource=https://open.spotify.com/artist/6eUKZXaKkcviH0Ku9w2n3V&inc=artist-rels&fmt=json","chan":"stdout","logger":"task"}
{"timestamp":"2025-12-03T16:03:27.927425Z","level":"info","event":"https://musicbrainz.org/ws/2/artist/b8a7c51f-362c-4dcb-a259-bc6e0095f0a6?inc=tags&fmt=json","chan":"stdout","logger":"task"}
{"timestamp":"2025-12-03T16:03:29.166060Z","level":"info","event":"{'name': 'Jonathan Bailey', 'id': '2Je7IdIHe8UvZbLXdapQ26', 'url': 'https://open.spotify.com/artist/2Je7IdIHe8UvZbLXdapQ26'}","chan":"stdout","logger":"task"}
{"timestamp":"2025-12-03T16:03:29.166906Z","level":"info","event":"https://musicbrainz.org/ws/2/url?resource=https://open.spotify.com/artist/2Je7IdIHe8UvZbLXdapQ26&inc=artist-rels&fmt=json","chan":"stdout","logger":"task"}
{"timestamp":"2025-12-03T16:03:29.308909Z","level":"info","event":"https://musicbrainz.org/ws/2/artist/47bdba22-8562-41f2-b307-b9c79db3b6dc?inc=tags&fmt=json","chan":"stdout","logger":"task"}
{"timestamp":"2025-12-03T16:03:30.461041Z","level":"info","event":"{'name': 'Jason Aldean', 'id': '3FfvYsEGaIb52QPXhg4DcH', 'url': 'https://open.spotify.com/artist/3FfvYsEGaIb52QPXhg4DcH'}","chan":"stdout","logger":"task"}
{"timestamp":"2025-12-03T16:03:30.464549Z","level":"info","event":"https://musicbrainz.org/ws/2/url?resource=https://open.spotify.com/artist/3FfvYsEGaIb52QPXhg4DcH&inc=artist-rels&fmt=json","chan":"stdout","logger":"task"}
{"timestamp":"2025-12-03T16:03:30.694540Z","level":"info","event":"https://musicbrainz.org/ws/2/artist/f24df11a-7e35-4979-a4db-a3b2a170ce27?inc=tags&fmt=json","chan":"stdout","logger":"task"}
{"timestamp":"2025-12-03T16:03:31.862153Z","level":"info","event":"{'name': 'Lady Gaga', 'id': '1HY2Jd0NmPuamShAr6KMms', 'url': 'https://open.spotify.com/artist/1HY2Jd0NmPuamShAr6KMms'}","chan":"stdout","logger":"task"}
{"timestamp":"2025-12-03T16:03:31.862577Z","level":"info","event":"https://musicbrainz.org/ws/2/url?resource=https://open.spotify.com/artist/1HY2Jd0NmPuamShAr6KMms&inc=artist-rels&fmt=json","chan":"stdout","logger":"task"}
{"timestamp":"2025-12-03T16:03:32.064909Z","level":"info","event":"https://musicbrainz.org/ws/2/artist/650e7db6-b795-4eb5-a702-5ea2fc46c848?inc=tags&fmt=json","chan":"stdout","logger":"task"}
{"timestamp":"2025-12-03T16:03:33.208948Z","level":"info","event":"{'name': 'Coldplay', 'id': '4gzpq5DPGxSnKTe4SA8HAU', 'url': 'https://open.spotify.com/artist/4gzpq5DPGxSnKTe4SA8HAU'}","chan":"stdout","logger":"task"}
{"timestamp":"2025-12-03T16:03:33.210801Z","level":"info","event":"https://musicbrainz.org/ws/2/url?resource=https://open.spotify.com/artist/4gzpq5DPGxSnKTe4SA8HAU&inc=artist-rels&fmt=json","chan":"stdout","logger":"task"}
{"timestamp":"2025-12-03T16:03:33.467784Z","level":"info","event":"https://musicbrainz.org/ws/2/artist/cc197bad-dc9c-440d-a5b5-d52ba2e14234?inc=tags&fmt=json","chan":"stdout","logger":"task"}
{"timestamp":"2025-12-03T16:03:34.671035Z","level":"info","event":"{'name': 'Mellow Rackz', 'id': '3celDTSIsfH8ks4YQ68B5w', 'url': 'https://open.spotify.com/artist/3celDTSIsfH8ks4YQ68B5w'}","chan":"stdout","logger":"task"}
{"timestamp":"2025-12-03T16:03:34.672145Z","level":"info","event":"https://musicbrainz.org/ws/2/url?resource=https://open.spotify.com/artist/3celDTSIsfH8ks4YQ68B5w&inc=artist-rels&fmt=json","chan":"stdout","logger":"task"}
{"timestamp":"2025-12-03T16:03:34.916535Z","level":"info","event":"https://musicbrainz.org/ws/2/artist/f7504e7c-75e2-45e5-9c4a-f0c3e04fbd32?inc=tags&fmt=json","chan":"stdout","logger":"task"}
{"timestamp":"2025-12-03T16:03:36.075962Z","level":"info","event":"Fetching audio details for 100 songs...","chan":"stdout","logger":"task"}
{"timestamp":"2025-12-03T16:03:36.082291Z","level":"info","event":"  Fetching batch 1/3 (40 songs)...","chan":"stdout","logger":"task"}
{"timestamp":"2025-12-03T16:03:39.148618Z","level":"info","event":"  Retrieved 37 song details","chan":"stdout","logger":"task"}
{"timestamp":"2025-12-03T16:03:41.151345Z","level":"info","event":"  Fetching batch 2/3 (40 songs)...","chan":"stdout","logger":"task"}
{"timestamp":"2025-12-03T16:03:43.151513Z","level":"info","event":"  Retrieved 32 song details","chan":"stdout","logger":"task"}
{"timestamp":"2025-12-03T16:03:45.151565Z","level":"info","event":"  Fetching batch 3/3 (20 songs)...","chan":"stdout","logger":"task"}
{"timestamp":"2025-12-03T16:03:46.410954Z","level":"info","event":"  Retrieved 15 song details","chan":"stdout","logger":"task"}
{"timestamp":"2025-12-03T16:03:46.413896Z","level":"info","event":"Fetching audio analysis for 84 songs...","chan":"stdout","logger":"task"}
{"timestamp":"2025-12-03T16:04:08.573589Z","level":"info","event":"  Processing audio analysis 10/84...","chan":"stdout","logger":"task"}
{"timestamp":"2025-12-03T16:04:33.492163Z","level":"info","event":"  Processing audio analysis 20/84...","chan":"stdout","logger":"task"}
{"timestamp":"2025-12-03T16:04:52.575871Z","level":"info","event":"  Processing audio analysis 30/84...","chan":"stdout","logger":"task"}
{"timestamp":"2025-12-03T16:05:11.345088Z","level":"info","event":"  Processing audio analysis 40/84...","chan":"stdout","logger":"task"}
{"timestamp":"2025-12-03T16:05:31.822527Z","level":"info","event":"  Processing audio analysis 50/84...","chan":"stdout","logger":"task"}
{"timestamp":"2025-12-03T16:05:53.328285Z","level":"info","event":"  Processing audio analysis 60/84...","chan":"stdout","logger":"task"}
{"timestamp":"2025-12-03T16:06:11.527606Z","level":"info","event":"  Processing audio analysis 70/84...","chan":"stdout","logger":"task"}
{"timestamp":"2025-12-03T16:06:31.295349Z","level":"info","event":"  Processing audio analysis 80/84...","chan":"stdout","logger":"task"}
{"timestamp":"2025-12-03T16:06:39.150136Z","level":"info","event":"Completed fetching audio details for 84 songs","chan":"stdout","logger":"task"}
{"timestamp":"2025-12-03T16:06:39.351544","level":"error","event":"Task failed with exception","logger":"task","error_detail":[{"exc_type":"ValueError","exc_value":"DATABASE_URL environment variable is not set or is using placeholder value.\nPlease set DATABASE_URL to a valid PostgreSQL connection string, e.g.:\n  postgresql+psycopg2://username:password@hostname:5432/database\nor\n  postgresql://username:password@hostname:5432/database\n\nIf using docker-compose, make sure you've:\n  1. Added DATABASE_URL to the environment section in docker-compose.yaml\n  2. Restarted the services: docker-compose restart","exc_notes":[],"syntax_error":null,"is_cause":false,"frames":[{"filename":"/home/airflow/.local/lib/python3.12/site-packages/airflow/sdk/execution_time/task_runner.py","lineno":920,"name":"run"},{"filename":"/home/airflow/.local/lib/python3.12/site-packages/airflow/sdk/execution_time/task_runner.py","lineno":1215,"name":"_execute_task"},{"filename":"/home/airflow/.local/lib/python3.12/site-packages/airflow/sdk/bases/operator.py","lineno":397,"name":"wrapper"},{"filename":"/home/airflow/.local/lib/python3.12/site-packages/airflow/providers/standard/operators/python.py","lineno":213,"name":"execute"},{"filename":"/home/airflow/.local/lib/python3.12/site-packages/airflow/providers/standard/operators/python.py","lineno":236,"name":"execute_callable"},{"filename":"/home/airflow/.local/lib/python3.12/site-packages/airflow/sdk/execution_time/callback_runner.py","lineno":81,"name":"run"},{"filename":"/opt/airflow/src/load.py","lineno":45,"name":"load_to_postgres"}],"is_group":false,"exceptions":[]}]}
{"timestamp":"2025-12-03T16:06:39.485551Z","level":"info","event":"Task instance in failure state","chan":"stdout","logger":"task"}
{"timestamp":"2025-12-03T16:06:39.501851Z","level":"info","event":"Task start","chan":"stdout","logger":"task"}
{"timestamp":"2025-12-03T16:06:39.502938Z","level":"info","event":"Task:<Task(PythonOperator): load_music_data>","chan":"stdout","logger":"task"}
{"timestamp":"2025-12-03T16:06:39.503063Z","level":"info","event":"Failure caused by DATABASE_URL environment variable is not set or is using placeholder value.","chan":"stdout","logger":"task"}
{"timestamp":"2025-12-03T16:06:39.503111Z","level":"info","event":"Please set DATABASE_URL to a valid PostgreSQL connection string, e.g.:","chan":"stdout","logger":"task"}
{"timestamp":"2025-12-03T16:06:39.503147Z","level":"info","event":"  postgresql+psycopg2://username:password@hostname:5432/database","chan":"stdout","logger":"task"}
{"timestamp":"2025-12-03T16:06:39.503181Z","level":"info","event":"or","chan":"stdout","logger":"task"}
{"timestamp":"2025-12-03T16:06:39.503215Z","level":"info","event":"  postgresql://username:password@hostname:5432/database","chan":"stdout","logger":"task"}
{"timestamp":"2025-12-03T16:06:39.503256Z","level":"info","event":"","chan":"stdout","logger":"task"}
{"timestamp":"2025-12-03T16:06:39.503294Z","level":"info","event":"If using docker-compose, make sure you've:","chan":"stdout","logger":"task"}
{"timestamp":"2025-12-03T16:06:39.503342Z","level":"info","event":"  1. Added DATABASE_URL to the environment section in docker-compose.yaml","chan":"stdout","logger":"task"}
{"timestamp":"2025-12-03T16:06:39.503374Z","level":"info","event":"  2. Restarted the services: docker-compose restart","chan":"stdout","logger":"task"}
