{"timestamp":"2025-12-05T02:40:18.429638","level":"info","event":"DAG bundles loaded: dags-folder, example_dags","logger":"airflow.dag_processing.bundles.manager.DagBundlesManager"}
{"timestamp":"2025-12-05T02:40:18.431295","level":"info","event":"Filling up the DagBag from /opt/airflow/dags/music_load_dag.py","logger":"airflow.models.dagbag.DagBag"}
{"timestamp":"2025-12-05T02:40:19.210825Z","level":"info","event":"postgresql+psycopg2://airflow:airflow@postgres/airflow","chan":"stdout","logger":"task"}
{"timestamp":"2025-12-05T02:40:19.398592Z","level":"info","event":"Task instance is in running state","chan":"stdout","logger":"task"}
{"timestamp":"2025-12-05T02:40:19.399106Z","level":"info","event":" Previous state of the Task instance: TaskInstanceState.QUEUED","chan":"stdout","logger":"task"}
{"timestamp":"2025-12-05T02:40:19.400124Z","level":"info","event":"Current task name:load_music_data","chan":"stdout","logger":"task"}
{"timestamp":"2025-12-05T02:40:19.400267Z","level":"info","event":"Dag name:weekly_music_pipeline","chan":"stdout","logger":"task"}
{"timestamp":"2025-12-05T02:40:36.031276Z","level":"info","event":"  Searching Spotify for 100 songs...","chan":"stdout","logger":"task"}
{"timestamp":"2025-12-05T02:40:36.033401Z","level":"info","event":"  Processing song 1/100: Firework by Katy Perry","chan":"stdout","logger":"task"}
{"timestamp":"2025-12-05T02:40:36.707433Z","level":"info","event":"1","chan":"stdout","logger":"task"}
{"timestamp":"2025-12-05T02:40:37.373968Z","level":"info","event":"2","chan":"stdout","logger":"task"}
{"timestamp":"2025-12-05T02:40:38.152971Z","level":"info","event":"3","chan":"stdout","logger":"task"}
{"timestamp":"2025-12-05T02:40:38.891511Z","level":"info","event":"4","chan":"stdout","logger":"task"}
{"timestamp":"2025-12-05T02:40:39.611585Z","level":"info","event":"5","chan":"stdout","logger":"task"}
{"timestamp":"2025-12-05T02:40:40.294890Z","level":"info","event":"6","chan":"stdout","logger":"task"}
{"timestamp":"2025-12-05T02:40:40.918544Z","level":"info","event":"7","chan":"stdout","logger":"task"}
{"timestamp":"2025-12-05T02:40:41.482385Z","level":"info","event":"8","chan":"stdout","logger":"task"}
{"timestamp":"2025-12-05T02:40:42.083404Z","level":"info","event":"9","chan":"stdout","logger":"task"}
{"timestamp":"2025-12-05T02:40:42.083775Z","level":"info","event":"  Processing song 10/100: Bottoms Up by Trey Songz Featuring Nicki Minaj","chan":"stdout","logger":"task"}
{"timestamp":"2025-12-05T02:40:42.639936Z","level":"info","event":"10","chan":"stdout","logger":"task"}
{"timestamp":"2025-12-05T02:40:43.216942Z","level":"info","event":"11","chan":"stdout","logger":"task"}
{"timestamp":"2025-12-05T02:40:43.889045Z","level":"info","event":"12","chan":"stdout","logger":"task"}
{"timestamp":"2025-12-05T02:40:44.585807Z","level":"info","event":"13","chan":"stdout","logger":"task"}
{"timestamp":"2025-12-05T02:40:45.341580Z","level":"info","event":"14","chan":"stdout","logger":"task"}
{"timestamp":"2025-12-05T02:40:46.004034Z","level":"info","event":"15","chan":"stdout","logger":"task"}
{"timestamp":"2025-12-05T02:40:46.711328Z","level":"info","event":"16","chan":"stdout","logger":"task"}
{"timestamp":"2025-12-05T02:40:46.968504Z","level":"info","event":"17","chan":"stdout","logger":"task"}
{"timestamp":"2025-12-05T02:40:47.613558Z","level":"info","event":"18","chan":"stdout","logger":"task"}
{"timestamp":"2025-12-05T02:40:48.241732Z","level":"info","event":"19","chan":"stdout","logger":"task"}
{"timestamp":"2025-12-05T02:40:48.242740Z","level":"info","event":"  Processing song 20/100: Tonight (I'm Lovin' You) by Enrique Iglesias Featuring Ludacris & DJ Frank E","chan":"stdout","logger":"task"}
{"timestamp":"2025-12-05T02:40:48.918589Z","level":"info","event":"20","chan":"stdout","logger":"task"}
{"timestamp":"2025-12-05T02:40:49.568181Z","level":"info","event":"21","chan":"stdout","logger":"task"}
{"timestamp":"2025-12-05T02:40:50.363773Z","level":"info","event":"22","chan":"stdout","logger":"task"}
{"timestamp":"2025-12-05T02:40:51.046631Z","level":"info","event":"23","chan":"stdout","logger":"task"}
{"timestamp":"2025-12-05T02:40:51.650975Z","level":"info","event":"24","chan":"stdout","logger":"task"}
{"timestamp":"2025-12-05T02:40:52.399008Z","level":"info","event":"25","chan":"stdout","logger":"task"}
{"timestamp":"2025-12-05T02:40:53.448143Z","level":"info","event":"26","chan":"stdout","logger":"task"}
{"timestamp":"2025-12-05T02:40:54.086582Z","level":"info","event":"27","chan":"stdout","logger":"task"}
{"timestamp":"2025-12-05T02:40:54.740496Z","level":"info","event":"28","chan":"stdout","logger":"task"}
{"timestamp":"2025-12-05T02:40:55.484287Z","level":"info","event":"29","chan":"stdout","logger":"task"}
{"timestamp":"2025-12-05T02:40:55.484692Z","level":"info","event":"  Processing song 30/100: If I Die Young by The Band Perry","chan":"stdout","logger":"task"}
{"timestamp":"2025-12-05T02:40:56.134795Z","level":"info","event":"30","chan":"stdout","logger":"task"}
{"timestamp":"2025-12-05T02:40:56.743806Z","level":"info","event":"31","chan":"stdout","logger":"task"}
{"timestamp":"2025-12-05T02:40:57.423957Z","level":"info","event":"32","chan":"stdout","logger":"task"}
{"timestamp":"2025-12-05T02:40:58.144393Z","level":"info","event":"33","chan":"stdout","logger":"task"}
{"timestamp":"2025-12-05T02:40:58.737852Z","level":"info","event":"34","chan":"stdout","logger":"task"}
{"timestamp":"2025-12-05T02:40:59.411586Z","level":"info","event":"35","chan":"stdout","logger":"task"}
{"timestamp":"2025-12-05T02:40:59.914821Z","level":"info","event":"36","chan":"stdout","logger":"task"}
{"timestamp":"2025-12-05T02:41:00.683026Z","level":"info","event":"37","chan":"stdout","logger":"task"}
{"timestamp":"2025-12-05T02:41:01.323545Z","level":"info","event":"38","chan":"stdout","logger":"task"}
{"timestamp":"2025-12-05T02:41:02.049756Z","level":"info","event":"39","chan":"stdout","logger":"task"}
{"timestamp":"2025-12-05T02:41:02.050393Z","level":"info","event":"  Processing song 40/100: Somewhere With You by Kenny Chesney","chan":"stdout","logger":"task"}
{"timestamp":"2025-12-05T02:41:02.808661Z","level":"info","event":"40","chan":"stdout","logger":"task"}
{"timestamp":"2025-12-05T02:41:03.490655Z","level":"info","event":"41","chan":"stdout","logger":"task"}
{"timestamp":"2025-12-05T02:41:04.394536Z","level":"info","event":"42","chan":"stdout","logger":"task"}
{"timestamp":"2025-12-05T02:41:05.115869Z","level":"info","event":"43","chan":"stdout","logger":"task"}
{"timestamp":"2025-12-05T02:41:05.782424Z","level":"info","event":"44","chan":"stdout","logger":"task"}
{"timestamp":"2025-12-05T02:41:06.643935Z","level":"info","event":"45","chan":"stdout","logger":"task"}
{"timestamp":"2025-12-05T02:41:07.223771Z","level":"info","event":"46","chan":"stdout","logger":"task"}
{"timestamp":"2025-12-05T02:41:07.888399Z","level":"info","event":"47","chan":"stdout","logger":"task"}
{"timestamp":"2025-12-05T02:41:08.559259Z","level":"info","event":"48","chan":"stdout","logger":"task"}
{"timestamp":"2025-12-05T02:41:09.144088Z","level":"info","event":"49","chan":"stdout","logger":"task"}
{"timestamp":"2025-12-05T02:41:09.145122Z","level":"info","event":"  Processing song 50/100: Memories by David Guetta Featuring Kid Cudi","chan":"stdout","logger":"task"}
{"timestamp":"2025-12-05T02:41:10.023169Z","level":"info","event":"50","chan":"stdout","logger":"task"}
{"timestamp":"2025-12-05T02:41:10.696670Z","level":"info","event":"51","chan":"stdout","logger":"task"}
{"timestamp":"2025-12-05T02:41:11.865686Z","level":"info","event":"52","chan":"stdout","logger":"task"}
{"timestamp":"2025-12-05T02:41:12.896219Z","level":"info","event":"53","chan":"stdout","logger":"task"}
{"timestamp":"2025-12-05T02:41:13.576790Z","level":"info","event":"54","chan":"stdout","logger":"task"}
{"timestamp":"2025-12-05T02:41:14.315076Z","level":"info","event":"55","chan":"stdout","logger":"task"}
{"timestamp":"2025-12-05T02:41:14.949431Z","level":"info","event":"56","chan":"stdout","logger":"task"}
{"timestamp":"2025-12-05T02:41:15.641427Z","level":"info","event":"57","chan":"stdout","logger":"task"}
{"timestamp":"2025-12-05T02:41:16.288383Z","level":"info","event":"58","chan":"stdout","logger":"task"}
{"timestamp":"2025-12-05T02:41:16.970264Z","level":"info","event":"59","chan":"stdout","logger":"task"}
{"timestamp":"2025-12-05T02:41:16.971765Z","level":"info","event":"  Processing song 60/100: Forget You by Glee Cast Featuring Gwyneth Paltrow","chan":"stdout","logger":"task"}
{"timestamp":"2025-12-05T02:41:17.705847Z","level":"info","event":"60","chan":"stdout","logger":"task"}
{"timestamp":"2025-12-05T02:41:18.386110Z","level":"info","event":"61","chan":"stdout","logger":"task"}
{"timestamp":"2025-12-05T02:41:18.967858Z","level":"info","event":"62","chan":"stdout","logger":"task"}
{"timestamp":"2025-12-05T02:41:19.740418Z","level":"info","event":"63","chan":"stdout","logger":"task"}
{"timestamp":"2025-12-05T02:41:20.322241Z","level":"info","event":"64","chan":"stdout","logger":"task"}
{"timestamp":"2025-12-05T02:41:21.065156Z","level":"info","event":"65","chan":"stdout","logger":"task"}
{"timestamp":"2025-12-05T02:41:21.390803Z","level":"info","event":"66","chan":"stdout","logger":"task"}
{"timestamp":"2025-12-05T02:41:22.071115Z","level":"info","event":"67","chan":"stdout","logger":"task"}
{"timestamp":"2025-12-05T02:41:22.704722Z","level":"info","event":"68","chan":"stdout","logger":"task"}
{"timestamp":"2025-12-05T02:41:23.340613Z","level":"info","event":"69","chan":"stdout","logger":"task"}
{"timestamp":"2025-12-05T02:41:23.341861Z","level":"info","event":"  Processing song 70/100: The Breath You Take by George Strait","chan":"stdout","logger":"task"}
{"timestamp":"2025-12-05T02:41:24.004370Z","level":"info","event":"70","chan":"stdout","logger":"task"}
{"timestamp":"2025-12-05T02:41:24.659430Z","level":"info","event":"71","chan":"stdout","logger":"task"}
{"timestamp":"2025-12-05T02:41:25.225402Z","level":"info","event":"72","chan":"stdout","logger":"task"}
{"timestamp":"2025-12-05T02:41:25.950022Z","level":"info","event":"73","chan":"stdout","logger":"task"}
{"timestamp":"2025-12-05T02:41:26.600120Z","level":"info","event":"74","chan":"stdout","logger":"task"}
{"timestamp":"2025-12-05T02:41:27.252139Z","level":"info","event":"75","chan":"stdout","logger":"task"}
{"timestamp":"2025-12-05T02:41:27.949676Z","level":"info","event":"76","chan":"stdout","logger":"task"}
{"timestamp":"2025-12-05T02:41:28.693641Z","level":"info","event":"77","chan":"stdout","logger":"task"}
{"timestamp":"2025-12-05T02:41:29.411788Z","level":"info","event":"78","chan":"stdout","logger":"task"}
{"timestamp":"2025-12-05T02:41:30.195988Z","level":"info","event":"79","chan":"stdout","logger":"task"}
{"timestamp":"2025-12-05T02:41:30.196842Z","level":"info","event":"  Processing song 80/100: Little Lion Man by Mumford & Sons","chan":"stdout","logger":"task"}
{"timestamp":"2025-12-05T02:41:30.786488Z","level":"info","event":"80","chan":"stdout","logger":"task"}
{"timestamp":"2025-12-05T02:41:31.428959Z","level":"info","event":"81","chan":"stdout","logger":"task"}
{"timestamp":"2025-12-05T02:41:32.218198Z","level":"info","event":"82","chan":"stdout","logger":"task"}
{"timestamp":"2025-12-05T02:41:32.937561Z","level":"info","event":"83","chan":"stdout","logger":"task"}
{"timestamp":"2025-12-05T02:41:33.754083Z","level":"info","event":"84","chan":"stdout","logger":"task"}
{"timestamp":"2025-12-05T02:41:34.503477Z","level":"info","event":"85","chan":"stdout","logger":"task"}
{"timestamp":"2025-12-05T02:41:35.256406Z","level":"info","event":"86","chan":"stdout","logger":"task"}
{"timestamp":"2025-12-05T02:41:35.898986Z","level":"info","event":"87","chan":"stdout","logger":"task"}
{"timestamp":"2025-12-05T02:41:36.583738Z","level":"info","event":"88","chan":"stdout","logger":"task"}
{"timestamp":"2025-12-05T02:41:37.417891Z","level":"info","event":"89","chan":"stdout","logger":"task"}
{"timestamp":"2025-12-05T02:41:37.418774Z","level":"info","event":"  Processing song 90/100: Marry You by Bruno Mars","chan":"stdout","logger":"task"}
{"timestamp":"2025-12-05T02:41:38.128942Z","level":"info","event":"90","chan":"stdout","logger":"task"}
{"timestamp":"2025-12-05T02:41:38.774231Z","level":"info","event":"91","chan":"stdout","logger":"task"}
{"timestamp":"2025-12-05T02:41:39.399121Z","level":"info","event":"92","chan":"stdout","logger":"task"}
{"timestamp":"2025-12-05T02:41:40.063514Z","level":"info","event":"93","chan":"stdout","logger":"task"}
{"timestamp":"2025-12-05T02:41:40.730668Z","level":"info","event":"94","chan":"stdout","logger":"task"}
{"timestamp":"2025-12-05T02:41:41.392657Z","level":"info","event":"95","chan":"stdout","logger":"task"}
{"timestamp":"2025-12-05T02:41:42.194392Z","level":"info","event":"96","chan":"stdout","logger":"task"}
{"timestamp":"2025-12-05T02:41:42.846460Z","level":"info","event":"97","chan":"stdout","logger":"task"}
{"timestamp":"2025-12-05T02:41:43.476067Z","level":"info","event":"98","chan":"stdout","logger":"task"}
{"timestamp":"2025-12-05T02:41:44.225520Z","level":"info","event":"99","chan":"stdout","logger":"task"}
{"timestamp":"2025-12-05T02:41:44.225930Z","level":"info","event":"  Processing song 100/100: Loca by Shakira Featuring El Cata or Dizzee Rascal","chan":"stdout","logger":"task"}
{"timestamp":"2025-12-05T02:41:44.943843Z","level":"info","event":"100","chan":"stdout","logger":"task"}
{"timestamp":"2025-12-05T02:41:44.944807Z","level":"info","event":"{'name': 'Katy Perry', 'id': '6jJ0s89eD6GaHleKKya26X', 'url': 'https://open.spotify.com/artist/6jJ0s89eD6GaHleKKya26X'}","chan":"stdout","logger":"task"}
{"timestamp":"2025-12-05T02:41:44.944938Z","level":"info","event":"https://musicbrainz.org/ws/2/url?resource=https://open.spotify.com/artist/6jJ0s89eD6GaHleKKya26X&inc=artist-rels&fmt=json","chan":"stdout","logger":"task"}
{"timestamp":"2025-12-05T02:41:45.340891Z","level":"info","event":"https://musicbrainz.org/ws/2/artist/122d63fc-8671-43e4-9752-34e846d62a9c?inc=tags&fmt=json","chan":"stdout","logger":"task"}
{"timestamp":"2025-12-05T02:41:46.471666Z","level":"info","event":"{'name': 'P!nk', 'id': '1KCSPY1glIKqW2TotWuXOR', 'url': 'https://open.spotify.com/artist/1KCSPY1glIKqW2TotWuXOR'}","chan":"stdout","logger":"task"}
{"timestamp":"2025-12-05T02:41:46.476456Z","level":"info","event":"https://musicbrainz.org/ws/2/url?resource=https://open.spotify.com/artist/1KCSPY1glIKqW2TotWuXOR&inc=artist-rels&fmt=json","chan":"stdout","logger":"task"}
{"timestamp":"2025-12-05T02:41:46.617997Z","level":"info","event":"https://musicbrainz.org/ws/2/artist/f4d5cc07-3bc9-4836-9b15-88a08359bc63?inc=tags&fmt=json","chan":"stdout","logger":"task"}
{"timestamp":"2025-12-05T02:41:47.760898Z","level":"info","event":"{'name': 'Rihanna', 'id': '5pKCCKE2ajJHZ9KAiaK11H', 'url': 'https://open.spotify.com/artist/5pKCCKE2ajJHZ9KAiaK11H'}","chan":"stdout","logger":"task"}
{"timestamp":"2025-12-05T02:41:47.771187Z","level":"info","event":"https://musicbrainz.org/ws/2/url?resource=https://open.spotify.com/artist/5pKCCKE2ajJHZ9KAiaK11H&inc=artist-rels&fmt=json","chan":"stdout","logger":"task"}
{"timestamp":"2025-12-05T02:41:47.905327Z","level":"info","event":"https://musicbrainz.org/ws/2/artist/73e5e69d-3554-40d8-8516-00cb38737a1c?inc=tags&fmt=json","chan":"stdout","logger":"task"}
{"timestamp":"2025-12-05T02:41:49.053914Z","level":"info","event":"{'name': 'Drake', 'id': '3TVXtAsR1Inumwj472S9r4', 'url': 'https://open.spotify.com/artist/3TVXtAsR1Inumwj472S9r4'}","chan":"stdout","logger":"task"}
{"timestamp":"2025-12-05T02:41:49.054400Z","level":"info","event":"https://musicbrainz.org/ws/2/url?resource=https://open.spotify.com/artist/3TVXtAsR1Inumwj472S9r4&inc=artist-rels&fmt=json","chan":"stdout","logger":"task"}
{"timestamp":"2025-12-05T02:41:49.195630Z","level":"info","event":"https://musicbrainz.org/ws/2/artist/9fff2f8a-21e6-47de-a2b8-7f449929d43f?inc=tags&fmt=json","chan":"stdout","logger":"task"}
{"timestamp":"2025-12-05T02:41:50.336195Z","level":"info","event":"{'name': 'Black Eyed Peas', 'id': '1yxSLGMDHlW21z4YXirZDS', 'url': 'https://open.spotify.com/artist/1yxSLGMDHlW21z4YXirZDS'}","chan":"stdout","logger":"task"}
{"timestamp":"2025-12-05T02:41:50.336973Z","level":"info","event":"https://musicbrainz.org/ws/2/url?resource=https://open.spotify.com/artist/1yxSLGMDHlW21z4YXirZDS&inc=artist-rels&fmt=json","chan":"stdout","logger":"task"}
{"timestamp":"2025-12-05T02:41:50.482852Z","level":"info","event":"https://musicbrainz.org/ws/2/artist/d5be5333-4171-427e-8e12-732087c6b78e?inc=tags&fmt=json","chan":"stdout","logger":"task"}
{"timestamp":"2025-12-05T02:41:51.625697Z","level":"info","event":"{'name': 'Bruno Mars', 'id': '0du5cEVh5yTK9QJze8zA0C', 'url': 'https://open.spotify.com/artist/0du5cEVh5yTK9QJze8zA0C'}","chan":"stdout","logger":"task"}
{"timestamp":"2025-12-05T02:41:51.626953Z","level":"info","event":"https://musicbrainz.org/ws/2/url?resource=https://open.spotify.com/artist/0du5cEVh5yTK9QJze8zA0C&inc=artist-rels&fmt=json","chan":"stdout","logger":"task"}
{"timestamp":"2025-12-05T02:41:51.765510Z","level":"info","event":"https://musicbrainz.org/ws/2/artist/afb680f2-b6eb-4cd7-a70b-a63b25c763d5?inc=tags&fmt=json","chan":"stdout","logger":"task"}
{"timestamp":"2025-12-05T02:41:52.913392Z","level":"info","event":"{'name': 'Kesha', 'id': '6LqNN22kT3074XbTVUrhzX', 'url': 'https://open.spotify.com/artist/6LqNN22kT3074XbTVUrhzX'}","chan":"stdout","logger":"task"}
{"timestamp":"2025-12-05T02:41:52.916526Z","level":"info","event":"https://musicbrainz.org/ws/2/url?resource=https://open.spotify.com/artist/6LqNN22kT3074XbTVUrhzX&inc=artist-rels&fmt=json","chan":"stdout","logger":"task"}
{"timestamp":"2025-12-05T02:41:53.054406Z","level":"info","event":"https://musicbrainz.org/ws/2/artist/fab34286-b8e1-4879-bce3-194e1358fbd2?inc=tags&fmt=json","chan":"stdout","logger":"task"}
{"timestamp":"2025-12-05T02:41:54.187213Z","level":"info","event":"{'name': 'Nelly', 'id': '2gBjLmx6zQnFGQJCAQpRgw', 'url': 'https://open.spotify.com/artist/2gBjLmx6zQnFGQJCAQpRgw'}","chan":"stdout","logger":"task"}
{"timestamp":"2025-12-05T02:41:54.190441Z","level":"info","event":"https://musicbrainz.org/ws/2/url?resource=https://open.spotify.com/artist/2gBjLmx6zQnFGQJCAQpRgw&inc=artist-rels&fmt=json","chan":"stdout","logger":"task"}
{"timestamp":"2025-12-05T02:41:54.340192Z","level":"info","event":"https://musicbrainz.org/ws/2/artist/811900b2-68fc-4d41-8bad-69b7a1f4d628?inc=tags&fmt=json","chan":"stdout","logger":"task"}
{"timestamp":"2025-12-05T02:41:54.485468Z","level":"info","event":"Rate limit hit. Retrying in 1s...","chan":"stdout","logger":"task"}
{"timestamp":"2025-12-05T02:41:56.961539Z","level":"info","event":"{'name': 'Trey Songz', 'id': '2iojnBLj0qIMiKPvVhLnsH', 'url': 'https://open.spotify.com/artist/2iojnBLj0qIMiKPvVhLnsH'}","chan":"stdout","logger":"task"}
{"timestamp":"2025-12-05T02:41:56.963032Z","level":"info","event":"https://musicbrainz.org/ws/2/url?resource=https://open.spotify.com/artist/2iojnBLj0qIMiKPvVhLnsH&inc=artist-rels&fmt=json","chan":"stdout","logger":"task"}
{"timestamp":"2025-12-05T02:41:57.092793Z","level":"info","event":"https://musicbrainz.org/ws/2/artist/4d7304f6-7fe3-4959-9d98-01a5af84afe6?inc=tags&fmt=json","chan":"stdout","logger":"task"}
{"timestamp":"2025-12-05T02:41:58.243244Z","level":"info","event":"{'name': 'Nicki Minaj', 'id': '0hCNtLu0JehylgoiP8L4Gh', 'url': 'https://open.spotify.com/artist/0hCNtLu0JehylgoiP8L4Gh'}","chan":"stdout","logger":"task"}
{"timestamp":"2025-12-05T02:41:58.244458Z","level":"info","event":"https://musicbrainz.org/ws/2/url?resource=https://open.spotify.com/artist/0hCNtLu0JehylgoiP8L4Gh&inc=artist-rels&fmt=json","chan":"stdout","logger":"task"}
{"timestamp":"2025-12-05T02:41:58.375857Z","level":"info","event":"https://musicbrainz.org/ws/2/artist/1036b808-f58c-4a3e-b461-a2c4492ecf1b?inc=tags&fmt=json","chan":"stdout","logger":"task"}
{"timestamp":"2025-12-05T02:41:59.851400Z","level":"info","event":"{'name': 'Far East Movement', 'id': '698hF4vcwHwPy8ltmXermq', 'url': 'https://open.spotify.com/artist/698hF4vcwHwPy8ltmXermq'}","chan":"stdout","logger":"task"}
{"timestamp":"2025-12-05T02:41:59.851813Z","level":"info","event":"https://musicbrainz.org/ws/2/url?resource=https://open.spotify.com/artist/698hF4vcwHwPy8ltmXermq&inc=artist-rels&fmt=json","chan":"stdout","logger":"task"}
{"timestamp":"2025-12-05T02:41:59.977323Z","level":"info","event":"https://musicbrainz.org/ws/2/artist/6bd5655c-b7fe-48ee-8925-c2d2d8798618?inc=tags&fmt=json","chan":"stdout","logger":"task"}
{"timestamp":"2025-12-05T02:42:01.116204Z","level":"info","event":"{'name': 'The Cataracs', 'id': '7C64wNX3howEFZjAYRKsfP', 'url': 'https://open.spotify.com/artist/7C64wNX3howEFZjAYRKsfP'}","chan":"stdout","logger":"task"}
{"timestamp":"2025-12-05T02:42:01.117707Z","level":"info","event":"https://musicbrainz.org/ws/2/url?resource=https://open.spotify.com/artist/7C64wNX3howEFZjAYRKsfP&inc=artist-rels&fmt=json","chan":"stdout","logger":"task"}
{"timestamp":"2025-12-05T02:42:01.256168Z","level":"info","event":"https://musicbrainz.org/ws/2/artist/50d9d3ee-8947-4079-9d73-b01dd3e71d8a?inc=tags&fmt=json","chan":"stdout","logger":"task"}
{"timestamp":"2025-12-05T02:42:02.393018Z","level":"info","event":"{'name': 'DEV', 'id': '7Ip2u3e5Nv6fFb5xyIHxEE', 'url': 'https://open.spotify.com/artist/7Ip2u3e5Nv6fFb5xyIHxEE'}","chan":"stdout","logger":"task"}
{"timestamp":"2025-12-05T02:42:02.393619Z","level":"info","event":"https://musicbrainz.org/ws/2/url?resource=https://open.spotify.com/artist/7Ip2u3e5Nv6fFb5xyIHxEE&inc=artist-rels&fmt=json","chan":"stdout","logger":"task"}
{"timestamp":"2025-12-05T02:42:02.535396Z","level":"info","event":"https://musicbrainz.org/ws/2/artist/7cc04f00-4c8f-40ea-894c-5f65777b3575?inc=tags&fmt=json","chan":"stdout","logger":"task"}
{"timestamp":"2025-12-05T02:42:03.659655Z","level":"info","event":"{'name': 'USHER', 'id': '23zg3TcAtWQy7J6upgbUnj', 'url': 'https://open.spotify.com/artist/23zg3TcAtWQy7J6upgbUnj'}","chan":"stdout","logger":"task"}
{"timestamp":"2025-12-05T02:42:03.662827Z","level":"info","event":"https://musicbrainz.org/ws/2/url?resource=https://open.spotify.com/artist/23zg3TcAtWQy7J6upgbUnj&inc=artist-rels&fmt=json","chan":"stdout","logger":"task"}
{"timestamp":"2025-12-05T02:42:03.796267Z","level":"info","event":"https://musicbrainz.org/ws/2/artist/3414d446-735a-443c-931f-10634f57e5b9?inc=tags&fmt=json","chan":"stdout","logger":"task"}
{"timestamp":"2025-12-05T02:42:04.932020Z","level":"info","event":"{'name': 'Pitbull', 'id': '0TnOYISbd1XYRBk9myaseg', 'url': 'https://open.spotify.com/artist/0TnOYISbd1XYRBk9myaseg'}","chan":"stdout","logger":"task"}
{"timestamp":"2025-12-05T02:42:04.932443Z","level":"info","event":"https://musicbrainz.org/ws/2/url?resource=https://open.spotify.com/artist/0TnOYISbd1XYRBk9myaseg&inc=artist-rels&fmt=json","chan":"stdout","logger":"task"}
{"timestamp":"2025-12-05T02:42:05.101106Z","level":"info","event":"https://musicbrainz.org/ws/2/artist/d262ea27-3ffe-40f7-b922-85c42d625e67?inc=tags&fmt=json","chan":"stdout","logger":"task"}
{"timestamp":"2025-12-05T02:42:06.238043Z","level":"info","event":"{'name': 'Taio Cruz', 'id': '6MF9fzBmfXghAz953czmBC', 'url': 'https://open.spotify.com/artist/6MF9fzBmfXghAz953czmBC'}","chan":"stdout","logger":"task"}
{"timestamp":"2025-12-05T02:42:06.238514Z","level":"info","event":"https://musicbrainz.org/ws/2/url?resource=https://open.spotify.com/artist/6MF9fzBmfXghAz953czmBC&inc=artist-rels&fmt=json","chan":"stdout","logger":"task"}
{"timestamp":"2025-12-05T02:42:06.372312Z","level":"info","event":"https://musicbrainz.org/ws/2/artist/ba7d2626-38ce-4859-8495-bdb5732715c4?inc=tags&fmt=json","chan":"stdout","logger":"task"}
{"timestamp":"2025-12-05T02:42:07.521008Z","level":"info","event":"{'name': 'Wiz Khalifa', 'id': '137W8MRPWKqSmrBGDBFSop', 'url': 'https://open.spotify.com/artist/137W8MRPWKqSmrBGDBFSop'}","chan":"stdout","logger":"task"}
{"timestamp":"2025-12-05T02:42:07.523386Z","level":"info","event":"https://musicbrainz.org/ws/2/url?resource=https://open.spotify.com/artist/137W8MRPWKqSmrBGDBFSop&inc=artist-rels&fmt=json","chan":"stdout","logger":"task"}
{"timestamp":"2025-12-05T02:42:07.660272Z","level":"info","event":"https://musicbrainz.org/ws/2/artist/f5dfa020-ad69-41cd-b3d4-fd7af0414e94?inc=tags&fmt=json","chan":"stdout","logger":"task"}
{"timestamp":"2025-12-05T02:42:08.803953Z","level":"info","event":"{'name': 'Neon Trees', 'id': '0RpddSzUHfncUWNJXKOsjy', 'url': 'https://open.spotify.com/artist/0RpddSzUHfncUWNJXKOsjy'}","chan":"stdout","logger":"task"}
{"timestamp":"2025-12-05T02:42:08.804618Z","level":"info","event":"https://musicbrainz.org/ws/2/url?resource=https://open.spotify.com/artist/0RpddSzUHfncUWNJXKOsjy&inc=artist-rels&fmt=json","chan":"stdout","logger":"task"}
{"timestamp":"2025-12-05T02:42:08.949254Z","level":"info","event":"https://musicbrainz.org/ws/2/artist/16243662-8538-4746-a0fb-0d15b5828b8e?inc=tags&fmt=json","chan":"stdout","logger":"task"}
{"timestamp":"2025-12-05T02:42:10.089876Z","level":"info","event":"{'name': 'Waka Flocka Flame', 'id': '6f4XkbvYlXMH0QgVRzW0sM', 'url': 'https://open.spotify.com/artist/6f4XkbvYlXMH0QgVRzW0sM'}","chan":"stdout","logger":"task"}
{"timestamp":"2025-12-05T02:42:10.090853Z","level":"info","event":"https://musicbrainz.org/ws/2/url?resource=https://open.spotify.com/artist/6f4XkbvYlXMH0QgVRzW0sM&inc=artist-rels&fmt=json","chan":"stdout","logger":"task"}
{"timestamp":"2025-12-05T02:42:10.220604Z","level":"info","event":"https://musicbrainz.org/ws/2/artist/59eda569-b380-4958-b98c-051d1667b3e1?inc=tags&fmt=json","chan":"stdout","logger":"task"}
{"timestamp":"2025-12-05T02:42:11.687582Z","level":"info","event":"{'name': 'Roscoe Dash', 'id': '0bfX8pF8kuHNCs57Ms4jZb', 'url': 'https://open.spotify.com/artist/0bfX8pF8kuHNCs57Ms4jZb'}","chan":"stdout","logger":"task"}
{"timestamp":"2025-12-05T02:42:11.688611Z","level":"info","event":"https://musicbrainz.org/ws/2/url?resource=https://open.spotify.com/artist/0bfX8pF8kuHNCs57Ms4jZb&inc=artist-rels&fmt=json","chan":"stdout","logger":"task"}
{"timestamp":"2025-12-05T02:42:11.827147Z","level":"info","event":"https://musicbrainz.org/ws/2/artist/2d79c678-e9e6-4456-a941-8ca436747a43?inc=tags&fmt=json","chan":"stdout","logger":"task"}
{"timestamp":"2025-12-05T02:42:12.964268Z","level":"info","event":"{'name': 'Wale', 'id': '67nwj3Y5sZQLl72VNUHEYE', 'url': 'https://open.spotify.com/artist/67nwj3Y5sZQLl72VNUHEYE'}","chan":"stdout","logger":"task"}
{"timestamp":"2025-12-05T02:42:12.966508Z","level":"info","event":"https://musicbrainz.org/ws/2/url?resource=https://open.spotify.com/artist/67nwj3Y5sZQLl72VNUHEYE&inc=artist-rels&fmt=json","chan":"stdout","logger":"task"}
{"timestamp":"2025-12-05T02:42:13.099562Z","level":"info","event":"https://musicbrainz.org/ws/2/artist/e34e41f2-f480-45d3-8190-a3ce5ab34fab?inc=tags&fmt=json","chan":"stdout","logger":"task"}
{"timestamp":"2025-12-05T02:42:14.240241Z","level":"info","event":"{'name': 'Mike Posner', 'id': '2KsP6tYLJlTBvSUxnwlVWa', 'url': 'https://open.spotify.com/artist/2KsP6tYLJlTBvSUxnwlVWa'}","chan":"stdout","logger":"task"}
{"timestamp":"2025-12-05T02:42:14.240985Z","level":"info","event":"https://musicbrainz.org/ws/2/url?resource=https://open.spotify.com/artist/2KsP6tYLJlTBvSUxnwlVWa&inc=artist-rels&fmt=json","chan":"stdout","logger":"task"}
{"timestamp":"2025-12-05T02:42:14.370490Z","level":"info","event":"https://musicbrainz.org/ws/2/artist/5b64e344-b2fb-47bd-bd7b-4c793b17d472?inc=tags&fmt=json","chan":"stdout","logger":"task"}
{"timestamp":"2025-12-05T02:42:15.516094Z","level":"info","event":"{'name': 'Enrique Iglesias', 'id': '7qG3b048QCHVRO5Pv1T5lw', 'url': 'https://open.spotify.com/artist/7qG3b048QCHVRO5Pv1T5lw'}","chan":"stdout","logger":"task"}
{"timestamp":"2025-12-05T02:42:15.516632Z","level":"info","event":"https://musicbrainz.org/ws/2/url?resource=https://open.spotify.com/artist/7qG3b048QCHVRO5Pv1T5lw&inc=artist-rels&fmt=json","chan":"stdout","logger":"task"}
{"timestamp":"2025-12-05T02:42:15.660291Z","level":"info","event":"https://musicbrainz.org/ws/2/artist/35f866dc-c061-48ba-8157-cf2e0eac4857?inc=tags&fmt=json","chan":"stdout","logger":"task"}
{"timestamp":"2025-12-05T02:42:15.781996Z","level":"info","event":"Rate limit hit. Retrying in 1s...","chan":"stdout","logger":"task"}
{"timestamp":"2025-12-05T02:42:17.911423Z","level":"info","event":"{'name': 'Ludacris', 'id': '3ipn9JLAPI5GUEo4y4jcoi', 'url': 'https://open.spotify.com/artist/3ipn9JLAPI5GUEo4y4jcoi'}","chan":"stdout","logger":"task"}
{"timestamp":"2025-12-05T02:42:17.913810Z","level":"info","event":"https://musicbrainz.org/ws/2/url?resource=https://open.spotify.com/artist/3ipn9JLAPI5GUEo4y4jcoi&inc=artist-rels&fmt=json","chan":"stdout","logger":"task"}
{"timestamp":"2025-12-05T02:42:18.085323Z","level":"info","event":"https://musicbrainz.org/ws/2/artist/0638ba22-040f-438d-83a5-9b670c4adaf5?inc=tags&fmt=json","chan":"stdout","logger":"task"}
{"timestamp":"2025-12-05T02:42:19.245978Z","level":"info","event":"{'name': 'DJ Frank E', 'id': '4yt2wdqvcHygghx9iNUb6i', 'url': 'https://open.spotify.com/artist/4yt2wdqvcHygghx9iNUb6i'}","chan":"stdout","logger":"task"}
{"timestamp":"2025-12-05T02:42:19.247267Z","level":"info","event":"https://musicbrainz.org/ws/2/url?resource=https://open.spotify.com/artist/4yt2wdqvcHygghx9iNUb6i&inc=artist-rels&fmt=json","chan":"stdout","logger":"task"}
{"timestamp":"2025-12-05T02:42:19.413543Z","level":"info","event":"https://musicbrainz.org/ws/2/artist/c56910df-7197-466c-93d3-3864758faac1?inc=tags&fmt=json","chan":"stdout","logger":"task"}
{"timestamp":"2025-12-05T02:42:20.955691Z","level":"info","event":"{'name': 'Florence + The Machine', 'id': '1moxjboGR7GNWYIMWsRjgG', 'url': 'https://open.spotify.com/artist/1moxjboGR7GNWYIMWsRjgG'}","chan":"stdout","logger":"task"}
{"timestamp":"2025-12-05T02:42:20.957937Z","level":"info","event":"https://musicbrainz.org/ws/2/url?resource=https://open.spotify.com/artist/1moxjboGR7GNWYIMWsRjgG&inc=artist-rels&fmt=json","chan":"stdout","logger":"task"}
{"timestamp":"2025-12-05T02:42:21.090727Z","level":"info","event":"https://musicbrainz.org/ws/2/artist/5fee3020-513b-48c2-b1f7-4681b01db0c6?inc=tags&fmt=json","chan":"stdout","logger":"task"}
{"timestamp":"2025-12-05T02:42:22.218284Z","level":"info","event":"{'name': 'Glee Cast', 'id': '0SCbttzoZTnLFebDYmAWCm', 'url': 'https://open.spotify.com/artist/0SCbttzoZTnLFebDYmAWCm'}","chan":"stdout","logger":"task"}
{"timestamp":"2025-12-05T02:42:22.219361Z","level":"info","event":"https://musicbrainz.org/ws/2/url?resource=https://open.spotify.com/artist/0SCbttzoZTnLFebDYmAWCm&inc=artist-rels&fmt=json","chan":"stdout","logger":"task"}
{"timestamp":"2025-12-05T02:42:22.349934Z","level":"info","event":"https://musicbrainz.org/ws/2/artist/29542149-a818-4167-aa91-439adc9d61f5?inc=tags&fmt=json","chan":"stdout","logger":"task"}
{"timestamp":"2025-12-05T02:42:23.449999Z","level":"info","event":"{'name': 'Flo Rida', 'id': '0jnsk9HBra6NMjO2oANoPY', 'url': 'https://open.spotify.com/artist/0jnsk9HBra6NMjO2oANoPY'}","chan":"stdout","logger":"task"}
{"timestamp":"2025-12-05T02:42:23.453531Z","level":"info","event":"https://musicbrainz.org/ws/2/url?resource=https://open.spotify.com/artist/0jnsk9HBra6NMjO2oANoPY&inc=artist-rels&fmt=json","chan":"stdout","logger":"task"}
{"timestamp":"2025-12-05T02:42:23.590451Z","level":"info","event":"https://musicbrainz.org/ws/2/artist/4593d49a-7f67-46ba-9ec0-126bd676286f?inc=tags&fmt=json","chan":"stdout","logger":"task"}
{"timestamp":"2025-12-05T02:42:24.722142Z","level":"info","event":"{'name': 'David Guetta', 'id': '1Cs0zKBU1kc0i8ypK3B9ai', 'url': 'https://open.spotify.com/artist/1Cs0zKBU1kc0i8ypK3B9ai'}","chan":"stdout","logger":"task"}
{"timestamp":"2025-12-05T02:42:24.723212Z","level":"info","event":"https://musicbrainz.org/ws/2/url?resource=https://open.spotify.com/artist/1Cs0zKBU1kc0i8ypK3B9ai&inc=artist-rels&fmt=json","chan":"stdout","logger":"task"}
{"timestamp":"2025-12-05T02:42:24.859982Z","level":"info","event":"https://musicbrainz.org/ws/2/artist/302bd7b9-d012-4360-897a-93b00c855680?inc=tags&fmt=json","chan":"stdout","logger":"task"}
{"timestamp":"2025-12-05T02:42:25.987319Z","level":"info","event":"{'name': 'Edward Maya', 'id': '6XwwFnewNgWp81MYMK8zLq', 'url': 'https://open.spotify.com/artist/6XwwFnewNgWp81MYMK8zLq'}","chan":"stdout","logger":"task"}
{"timestamp":"2025-12-05T02:42:25.990243Z","level":"info","event":"https://musicbrainz.org/ws/2/url?resource=https://open.spotify.com/artist/6XwwFnewNgWp81MYMK8zLq&inc=artist-rels&fmt=json","chan":"stdout","logger":"task"}
{"timestamp":"2025-12-05T02:42:26.128446Z","level":"info","event":"https://musicbrainz.org/ws/2/artist/257891db-1f69-4660-894d-075e355431a8?inc=tags&fmt=json","chan":"stdout","logger":"task"}
{"timestamp":"2025-12-05T02:42:27.268884Z","level":"info","event":"{'name': 'Vika Jigulina', 'id': '34dZRjYum6vVBGslgYaBtB', 'url': 'https://open.spotify.com/artist/34dZRjYum6vVBGslgYaBtB'}","chan":"stdout","logger":"task"}
{"timestamp":"2025-12-05T02:42:27.271033Z","level":"info","event":"https://musicbrainz.org/ws/2/url?resource=https://open.spotify.com/artist/34dZRjYum6vVBGslgYaBtB&inc=artist-rels&fmt=json","chan":"stdout","logger":"task"}
{"timestamp":"2025-12-05T02:42:27.411659Z","level":"info","event":"https://musicbrainz.org/ws/2/artist/2cb3ebf3-09fb-45fe-8267-9a45d15796df?inc=tags&fmt=json","chan":"stdout","logger":"task"}
{"timestamp":"2025-12-05T02:42:28.540984Z","level":"info","event":"{'name': 'Coldplay', 'id': '4gzpq5DPGxSnKTe4SA8HAU', 'url': 'https://open.spotify.com/artist/4gzpq5DPGxSnKTe4SA8HAU'}","chan":"stdout","logger":"task"}
{"timestamp":"2025-12-05T02:42:28.557707Z","level":"info","event":"https://musicbrainz.org/ws/2/url?resource=https://open.spotify.com/artist/4gzpq5DPGxSnKTe4SA8HAU&inc=artist-rels&fmt=json","chan":"stdout","logger":"task"}
{"timestamp":"2025-12-05T02:42:28.733053Z","level":"info","event":"https://musicbrainz.org/ws/2/artist/cc197bad-dc9c-440d-a5b5-d52ba2e14234?inc=tags&fmt=json","chan":"stdout","logger":"task"}
{"timestamp":"2025-12-05T02:42:29.939054Z","level":"info","event":"{'name': 'WILLOW', 'id': '3rWZHrfrsPBxVy692yAIxF', 'url': 'https://open.spotify.com/artist/3rWZHrfrsPBxVy692yAIxF'}","chan":"stdout","logger":"task"}
{"timestamp":"2025-12-05T02:42:29.940283Z","level":"info","event":"https://musicbrainz.org/ws/2/url?resource=https://open.spotify.com/artist/3rWZHrfrsPBxVy692yAIxF&inc=artist-rels&fmt=json","chan":"stdout","logger":"task"}
{"timestamp":"2025-12-05T02:42:30.069332Z","level":"info","event":"https://musicbrainz.org/ws/2/artist/6bbfc71b-5f18-4e61-82fb-bee0c2a6b5f9?inc=tags&fmt=json","chan":"stdout","logger":"task"}
{"timestamp":"2025-12-05T02:42:31.220537Z","level":"info","event":"{'name': 'OneRepublic', 'id': '5Pwc4xIPtQLFEnJriah9YJ', 'url': 'https://open.spotify.com/artist/5Pwc4xIPtQLFEnJriah9YJ'}","chan":"stdout","logger":"task"}
{"timestamp":"2025-12-05T02:42:31.221237Z","level":"info","event":"https://musicbrainz.org/ws/2/url?resource=https://open.spotify.com/artist/5Pwc4xIPtQLFEnJriah9YJ&inc=artist-rels&fmt=json","chan":"stdout","logger":"task"}
{"timestamp":"2025-12-05T02:42:31.356920Z","level":"info","event":"https://musicbrainz.org/ws/2/artist/c33c2065-b1c3-4406-b066-d33a9e2ea71a?inc=tags&fmt=json","chan":"stdout","logger":"task"}
{"timestamp":"2025-12-05T02:42:32.489298Z","level":"info","event":"{'name': 'Darren Criss', 'id': '3nQ59hkeciYoR6RreQL4Rv', 'url': 'https://open.spotify.com/artist/3nQ59hkeciYoR6RreQL4Rv'}","chan":"stdout","logger":"task"}
{"timestamp":"2025-12-05T02:42:32.490576Z","level":"info","event":"https://musicbrainz.org/ws/2/url?resource=https://open.spotify.com/artist/3nQ59hkeciYoR6RreQL4Rv&inc=artist-rels&fmt=json","chan":"stdout","logger":"task"}
{"timestamp":"2025-12-05T02:42:32.626421Z","level":"info","event":"https://musicbrainz.org/ws/2/artist/989a05be-85e2-4586-a5f4-4207a0a28391?inc=tags&fmt=json","chan":"stdout","logger":"task"}
{"timestamp":"2025-12-05T02:42:33.764863Z","level":"info","event":"{'name': 'The Band Perry', 'id': '75FnCoo4FBxH5K1Rrx0k5A', 'url': 'https://open.spotify.com/artist/75FnCoo4FBxH5K1Rrx0k5A'}","chan":"stdout","logger":"task"}
{"timestamp":"2025-12-05T02:42:33.765913Z","level":"info","event":"https://musicbrainz.org/ws/2/url?resource=https://open.spotify.com/artist/75FnCoo4FBxH5K1Rrx0k5A&inc=artist-rels&fmt=json","chan":"stdout","logger":"task"}
{"timestamp":"2025-12-05T02:42:33.911434Z","level":"info","event":"https://musicbrainz.org/ws/2/artist/28955336-2348-488a-9381-e3a7b0107343?inc=tags&fmt=json","chan":"stdout","logger":"task"}
{"timestamp":"2025-12-05T02:42:35.058716Z","level":"info","event":"{'name': 'Lil Wayne', 'id': '55Aa2cqylxrFIXC767Z865', 'url': 'https://open.spotify.com/artist/55Aa2cqylxrFIXC767Z865'}","chan":"stdout","logger":"task"}
{"timestamp":"2025-12-05T02:42:35.059846Z","level":"info","event":"https://musicbrainz.org/ws/2/url?resource=https://open.spotify.com/artist/55Aa2cqylxrFIXC767Z865&inc=artist-rels&fmt=json","chan":"stdout","logger":"task"}
{"timestamp":"2025-12-05T02:42:35.199117Z","level":"info","event":"https://musicbrainz.org/ws/2/artist/ac9a487a-d9d2-4f27-bb23-0f4686488345?inc=tags&fmt=json","chan":"stdout","logger":"task"}
{"timestamp":"2025-12-05T02:42:36.328669Z","level":"info","event":"{'name': 'Chris Brown', 'id': '7bXgB6jMjp9ATFy66eO08Z', 'url': 'https://open.spotify.com/artist/7bXgB6jMjp9ATFy66eO08Z'}","chan":"stdout","logger":"task"}
{"timestamp":"2025-12-05T02:42:36.331713Z","level":"info","event":"https://musicbrainz.org/ws/2/url?resource=https://open.spotify.com/artist/7bXgB6jMjp9ATFy66eO08Z&inc=artist-rels&fmt=json","chan":"stdout","logger":"task"}
{"timestamp":"2025-12-05T02:42:36.481635Z","level":"info","event":"https://musicbrainz.org/ws/2/artist/c234fa42-e6a6-443e-937e-2f4b073538a3?inc=tags&fmt=json","chan":"stdout","logger":"task"}
{"timestamp":"2025-12-05T02:42:36.654805Z","level":"info","event":"Rate limit hit. Retrying in 1s...","chan":"stdout","logger":"task"}
{"timestamp":"2025-12-05T02:42:38.801272Z","level":"info","event":"{'name': 'Tyga', 'id': '5LHRHt1k9lMyONurDHEdrp', 'url': 'https://open.spotify.com/artist/5LHRHt1k9lMyONurDHEdrp'}","chan":"stdout","logger":"task"}
{"timestamp":"2025-12-05T02:42:38.804200Z","level":"info","event":"https://musicbrainz.org/ws/2/url?resource=https://open.spotify.com/artist/5LHRHt1k9lMyONurDHEdrp&inc=artist-rels&fmt=json","chan":"stdout","logger":"task"}
{"timestamp":"2025-12-05T02:42:38.945992Z","level":"info","event":"https://musicbrainz.org/ws/2/artist/ce09ea31-3d4a-4487-a797-e315175457a0?inc=tags&fmt=json","chan":"stdout","logger":"task"}
{"timestamp":"2025-12-05T02:42:40.090364Z","level":"info","event":"{'name': 'Kevin McCall', 'id': '2teIxF2qgr0rYmTTMKiZ7s', 'url': 'https://open.spotify.com/artist/2teIxF2qgr0rYmTTMKiZ7s'}","chan":"stdout","logger":"task"}
{"timestamp":"2025-12-05T02:42:40.091289Z","level":"info","event":"https://musicbrainz.org/ws/2/url?resource=https://open.spotify.com/artist/2teIxF2qgr0rYmTTMKiZ7s&inc=artist-rels&fmt=json","chan":"stdout","logger":"task"}
{"timestamp":"2025-12-05T02:42:40.239761Z","level":"info","event":"https://musicbrainz.org/ws/2/artist/727105fb-1a82-423f-9b3c-e29c7ea0fb4c?inc=tags&fmt=json","chan":"stdout","logger":"task"}
{"timestamp":"2025-12-05T02:42:41.384053Z","level":"info","event":"{'name': 'Rick Ross', 'id': '1sBkRIssrMs1AbVkOJbc7a', 'url': 'https://open.spotify.com/artist/1sBkRIssrMs1AbVkOJbc7a'}","chan":"stdout","logger":"task"}
{"timestamp":"2025-12-05T02:42:41.385289Z","level":"info","event":"https://musicbrainz.org/ws/2/url?resource=https://open.spotify.com/artist/1sBkRIssrMs1AbVkOJbc7a&inc=artist-rels&fmt=json","chan":"stdout","logger":"task"}
{"timestamp":"2025-12-05T02:42:41.533743Z","level":"info","event":"https://musicbrainz.org/ws/2/artist/13bcb2bb-db37-4397-baf5-e0f085be2d64?inc=tags&fmt=json","chan":"stdout","logger":"task"}
{"timestamp":"2025-12-05T02:42:42.661784Z","level":"info","event":"{'name': 'Chrisette Michele', 'id': '3YJMzGjAm245zwJooY7PEj', 'url': 'https://open.spotify.com/artist/3YJMzGjAm245zwJooY7PEj'}","chan":"stdout","logger":"task"}
{"timestamp":"2025-12-05T02:42:42.663655Z","level":"info","event":"https://musicbrainz.org/ws/2/url?resource=https://open.spotify.com/artist/3YJMzGjAm245zwJooY7PEj&inc=artist-rels&fmt=json","chan":"stdout","logger":"task"}
{"timestamp":"2025-12-05T02:42:42.795321Z","level":"info","event":"https://musicbrainz.org/ws/2/artist/197db30d-0886-41ad-908e-c9dd70e62739?inc=tags&fmt=json","chan":"stdout","logger":"task"}
{"timestamp":"2025-12-05T02:42:43.928778Z","level":"info","event":"{'name': 'The Ready Set', 'id': '2eRJjYEaWyGZbOBGYFLBoC', 'url': 'https://open.spotify.com/artist/2eRJjYEaWyGZbOBGYFLBoC'}","chan":"stdout","logger":"task"}
{"timestamp":"2025-12-05T02:42:43.931441Z","level":"info","event":"https://musicbrainz.org/ws/2/url?resource=https://open.spotify.com/artist/2eRJjYEaWyGZbOBGYFLBoC&inc=artist-rels&fmt=json","chan":"stdout","logger":"task"}
{"timestamp":"2025-12-05T02:42:44.072883Z","level":"info","event":"https://musicbrainz.org/ws/2/artist/3979bb32-59b4-442e-aafa-de4ae2439400?inc=tags&fmt=json","chan":"stdout","logger":"task"}
{"timestamp":"2025-12-05T02:42:45.206778Z","level":"info","event":"{'name': 'Eminem', 'id': '7dGJo4pcD2V6oG8kP0tJRR', 'url': 'https://open.spotify.com/artist/7dGJo4pcD2V6oG8kP0tJRR'}","chan":"stdout","logger":"task"}
{"timestamp":"2025-12-05T02:42:45.207510Z","level":"info","event":"https://musicbrainz.org/ws/2/url?resource=https://open.spotify.com/artist/7dGJo4pcD2V6oG8kP0tJRR&inc=artist-rels&fmt=json","chan":"stdout","logger":"task"}
{"timestamp":"2025-12-05T02:42:45.337278Z","level":"info","event":"https://musicbrainz.org/ws/2/artist/b95ce3ff-3d05-4e87-9e01-c97b66af13d4?inc=tags&fmt=json","chan":"stdout","logger":"task"}
{"timestamp":"2025-12-05T02:42:46.474866Z","level":"info","event":"{'name': 'Kenny Chesney', 'id': '3grHWM9bx2E9vwJCdlRv9O', 'url': 'https://open.spotify.com/artist/3grHWM9bx2E9vwJCdlRv9O'}","chan":"stdout","logger":"task"}
{"timestamp":"2025-12-05T02:42:46.475144Z","level":"info","event":"https://musicbrainz.org/ws/2/url?resource=https://open.spotify.com/artist/3grHWM9bx2E9vwJCdlRv9O&inc=artist-rels&fmt=json","chan":"stdout","logger":"task"}
{"timestamp":"2025-12-05T02:42:46.614176Z","level":"info","event":"https://musicbrainz.org/ws/2/artist/5dca4d22-d6c8-4e70-8ca1-4543e43353c7?inc=tags&fmt=json","chan":"stdout","logger":"task"}
{"timestamp":"2025-12-05T02:42:47.743990Z","level":"info","event":"{'name': 'T-Pain', 'id': '3aQeKQSyrW4qWr35idm0cy', 'url': 'https://open.spotify.com/artist/3aQeKQSyrW4qWr35idm0cy'}","chan":"stdout","logger":"task"}
{"timestamp":"2025-12-05T02:42:47.747198Z","level":"info","event":"https://musicbrainz.org/ws/2/url?resource=https://open.spotify.com/artist/3aQeKQSyrW4qWr35idm0cy&inc=artist-rels&fmt=json","chan":"stdout","logger":"task"}
{"timestamp":"2025-12-05T02:42:47.883078Z","level":"info","event":"https://musicbrainz.org/ws/2/artist/ce55e49a-32f4-4757-9849-bf04d06d5fcc?inc=tags&fmt=json","chan":"stdout","logger":"task"}
{"timestamp":"2025-12-05T02:42:49.013229Z","level":"info","event":"{'name': 'Sugarland', 'id': '0hYxQe3AK5jBPCr5MumLHD', 'url': 'https://open.spotify.com/artist/0hYxQe3AK5jBPCr5MumLHD'}","chan":"stdout","logger":"task"}
{"timestamp":"2025-12-05T02:42:49.013900Z","level":"info","event":"https://musicbrainz.org/ws/2/url?resource=https://open.spotify.com/artist/0hYxQe3AK5jBPCr5MumLHD&inc=artist-rels&fmt=json","chan":"stdout","logger":"task"}
{"timestamp":"2025-12-05T02:42:49.148485Z","level":"info","event":"https://musicbrainz.org/ws/2/artist/f87b740a-c22b-4fae-9987-1f3e16f840c4?inc=tags&fmt=json","chan":"stdout","logger":"task"}
{"timestamp":"2025-12-05T02:42:50.282742Z","level":"info","event":"{'name': 'Taylor Swift', 'id': '06HL4z0CvFAxyc27GXpf02', 'url': 'https://open.spotify.com/artist/06HL4z0CvFAxyc27GXpf02'}","chan":"stdout","logger":"task"}
{"timestamp":"2025-12-05T02:42:50.288834Z","level":"info","event":"https://musicbrainz.org/ws/2/url?resource=https://open.spotify.com/artist/06HL4z0CvFAxyc27GXpf02&inc=artist-rels&fmt=json","chan":"stdout","logger":"task"}
{"timestamp":"2025-12-05T02:42:50.448342Z","level":"info","event":"https://musicbrainz.org/ws/2/artist/20244d07-534f-4eff-b4d4-930878889970?inc=tags&fmt=json","chan":"stdout","logger":"task"}
{"timestamp":"2025-12-05T02:42:51.590031Z","level":"info","event":"{'name': 'Zac Brown Band', 'id': '6yJCxee7QumYr820xdIsjo', 'url': 'https://open.spotify.com/artist/6yJCxee7QumYr820xdIsjo'}","chan":"stdout","logger":"task"}
{"timestamp":"2025-12-05T02:42:51.592079Z","level":"info","event":"https://musicbrainz.org/ws/2/url?resource=https://open.spotify.com/artist/6yJCxee7QumYr820xdIsjo&inc=artist-rels&fmt=json","chan":"stdout","logger":"task"}
{"timestamp":"2025-12-05T02:42:51.713160Z","level":"info","event":"https://musicbrainz.org/ws/2/artist/507226f4-0842-4f43-950e-81a7017230ec?inc=tags&fmt=json","chan":"stdout","logger":"task"}
{"timestamp":"2025-12-05T02:42:53.043140Z","level":"info","event":"{'name': 'Alan Jackson', 'id': '4mxWe1mtYIYfP040G38yvS', 'url': 'https://open.spotify.com/artist/4mxWe1mtYIYfP040G38yvS'}","chan":"stdout","logger":"task"}
{"timestamp":"2025-12-05T02:42:53.046665Z","level":"info","event":"https://musicbrainz.org/ws/2/url?resource=https://open.spotify.com/artist/4mxWe1mtYIYfP040G38yvS&inc=artist-rels&fmt=json","chan":"stdout","logger":"task"}
{"timestamp":"2025-12-05T02:42:53.172568Z","level":"info","event":"https://musicbrainz.org/ws/2/artist/7291957b-c463-4275-a41c-a104c9e2337f?inc=tags&fmt=json","chan":"stdout","logger":"task"}
{"timestamp":"2025-12-05T02:42:54.315509Z","level":"info","event":"{'name': 'Jason Aldean', 'id': '3FfvYsEGaIb52QPXhg4DcH', 'url': 'https://open.spotify.com/artist/3FfvYsEGaIb52QPXhg4DcH'}","chan":"stdout","logger":"task"}
{"timestamp":"2025-12-05T02:42:54.323569Z","level":"info","event":"https://musicbrainz.org/ws/2/url?resource=https://open.spotify.com/artist/3FfvYsEGaIb52QPXhg4DcH&inc=artist-rels&fmt=json","chan":"stdout","logger":"task"}
{"timestamp":"2025-12-05T02:42:54.465327Z","level":"info","event":"https://musicbrainz.org/ws/2/artist/f24df11a-7e35-4979-a4db-a3b2a170ce27?inc=tags&fmt=json","chan":"stdout","logger":"task"}
{"timestamp":"2025-12-05T02:42:55.602965Z","level":"info","event":"{'name': 'Tim McGraw', 'id': '6roFdX1y5BYSbp60OTJWMd', 'url': 'https://open.spotify.com/artist/6roFdX1y5BYSbp60OTJWMd'}","chan":"stdout","logger":"task"}
{"timestamp":"2025-12-05T02:42:55.603443Z","level":"info","event":"https://musicbrainz.org/ws/2/url?resource=https://open.spotify.com/artist/6roFdX1y5BYSbp60OTJWMd&inc=artist-rels&fmt=json","chan":"stdout","logger":"task"}
{"timestamp":"2025-12-05T02:42:55.746736Z","level":"info","event":"https://musicbrainz.org/ws/2/artist/7e5cfc9a-e9e1-46f1-b81a-861b12049488?inc=tags&fmt=json","chan":"stdout","logger":"task"}
{"timestamp":"2025-12-05T02:42:56.870279Z","level":"info","event":"{'name': 'Yolanda Be Cool', 'id': '4KkHjCe8ouh8C2P9LPoD4F', 'url': 'https://open.spotify.com/artist/4KkHjCe8ouh8C2P9LPoD4F'}","chan":"stdout","logger":"task"}
{"timestamp":"2025-12-05T02:42:56.871489Z","level":"info","event":"https://musicbrainz.org/ws/2/url?resource=https://open.spotify.com/artist/4KkHjCe8ouh8C2P9LPoD4F&inc=artist-rels&fmt=json","chan":"stdout","logger":"task"}
{"timestamp":"2025-12-05T02:42:57.034029Z","level":"info","event":"https://musicbrainz.org/ws/2/artist/bd90e308-9904-48fb-9318-918d3f595d73?inc=tags&fmt=json","chan":"stdout","logger":"task"}
{"timestamp":"2025-12-05T02:42:57.175611Z","level":"info","event":"Rate limit hit. Retrying in 1s...","chan":"stdout","logger":"task"}
{"timestamp":"2025-12-05T02:42:59.350980Z","level":"info","event":"{'name': 'DCup', 'id': '6OkVmXCnj1BPjTf5aihiwt', 'url': 'https://open.spotify.com/artist/6OkVmXCnj1BPjTf5aihiwt'}","chan":"stdout","logger":"task"}
{"timestamp":"2025-12-05T02:42:59.354423Z","level":"info","event":"https://musicbrainz.org/ws/2/url?resource=https://open.spotify.com/artist/6OkVmXCnj1BPjTf5aihiwt&inc=artist-rels&fmt=json","chan":"stdout","logger":"task"}
{"timestamp":"2025-12-05T02:42:59.487242Z","level":"info","event":"https://musicbrainz.org/ws/2/artist/2e5d5a88-b8b8-44a8-aa7e-14795fe7f643?inc=tags&fmt=json","chan":"stdout","logger":"task"}
{"timestamp":"2025-12-05T02:43:00.644016Z","level":"info","event":"{'name': 'Kid Cudi', 'id': '0fA0VVWsXO9YnASrzqfmYu', 'url': 'https://open.spotify.com/artist/0fA0VVWsXO9YnASrzqfmYu'}","chan":"stdout","logger":"task"}
{"timestamp":"2025-12-05T02:43:00.650373Z","level":"info","event":"https://musicbrainz.org/ws/2/url?resource=https://open.spotify.com/artist/0fA0VVWsXO9YnASrzqfmYu&inc=artist-rels&fmt=json","chan":"stdout","logger":"task"}
{"timestamp":"2025-12-05T02:43:00.770374Z","level":"info","event":"https://musicbrainz.org/ws/2/artist/e0e1db18-f7ba-4dee-95ff-7ae8cf545460?inc=tags&fmt=json","chan":"stdout","logger":"task"}
{"timestamp":"2025-12-05T02:43:01.908932Z","level":"info","event":"{'name': 'Diddy - Dirty Money', 'id': '2QYEvpsWUOjqaYuxDPTCmV', 'url': 'https://open.spotify.com/artist/2QYEvpsWUOjqaYuxDPTCmV'}","chan":"stdout","logger":"task"}
{"timestamp":"2025-12-05T02:43:01.910388Z","level":"info","event":"https://musicbrainz.org/ws/2/url?resource=https://open.spotify.com/artist/2QYEvpsWUOjqaYuxDPTCmV&inc=artist-rels&fmt=json","chan":"stdout","logger":"task"}
{"timestamp":"2025-12-05T02:43:02.056835Z","level":"info","event":"HTTP 404: Not Found","chan":"stdout","logger":"task"}
{"timestamp":"2025-12-05T02:43:02.057327Z","level":"info","event":"unable to get mbid for https://open.spotify.com/artist/2QYEvpsWUOjqaYuxDPTCmV","chan":"stdout","logger":"task"}
{"timestamp":"2025-12-05T02:43:03.058846Z","level":"info","event":"{'name': 'Skylar Grey', 'id': '4utLUGcTvOJFr6aqIJtYWV', 'url': 'https://open.spotify.com/artist/4utLUGcTvOJFr6aqIJtYWV'}","chan":"stdout","logger":"task"}
{"timestamp":"2025-12-05T02:43:03.059445Z","level":"info","event":"https://musicbrainz.org/ws/2/url?resource=https://open.spotify.com/artist/4utLUGcTvOJFr6aqIJtYWV&inc=artist-rels&fmt=json","chan":"stdout","logger":"task"}
{"timestamp":"2025-12-05T02:43:03.234409Z","level":"info","event":"https://musicbrainz.org/ws/2/artist/bd01c9d7-89dd-4cb4-9baa-a43bfa292bed?inc=tags&fmt=json","chan":"stdout","logger":"task"}
{"timestamp":"2025-12-05T02:43:04.485977Z","level":"info","event":"{'name': 'Kanye West', 'id': '5K4W6rqBFWDnAN6FQUkS6x', 'url': 'https://open.spotify.com/artist/5K4W6rqBFWDnAN6FQUkS6x'}","chan":"stdout","logger":"task"}
{"timestamp":"2025-12-05T02:43:04.490171Z","level":"info","event":"https://musicbrainz.org/ws/2/url?resource=https://open.spotify.com/artist/5K4W6rqBFWDnAN6FQUkS6x&inc=artist-rels&fmt=json","chan":"stdout","logger":"task"}
{"timestamp":"2025-12-05T02:43:04.630574Z","level":"info","event":"https://musicbrainz.org/ws/2/artist/164f0d73-1234-4e2c-8743-d77bf2191051?inc=tags&fmt=json","chan":"stdout","logger":"task"}
{"timestamp":"2025-12-05T02:43:06.105169Z","level":"info","event":"{'name': 'Pusha T', 'id': '0ONHkAv9pCAFxb0zJwDNTy', 'url': 'https://open.spotify.com/artist/0ONHkAv9pCAFxb0zJwDNTy'}","chan":"stdout","logger":"task"}
{"timestamp":"2025-12-05T02:43:06.106494Z","level":"info","event":"https://musicbrainz.org/ws/2/url?resource=https://open.spotify.com/artist/0ONHkAv9pCAFxb0zJwDNTy&inc=artist-rels&fmt=json","chan":"stdout","logger":"task"}
{"timestamp":"2025-12-05T02:43:06.243311Z","level":"info","event":"https://musicbrainz.org/ws/2/artist/14ecd19f-7121-4192-8549-e5056241a42f?inc=tags&fmt=json","chan":"stdout","logger":"task"}
{"timestamp":"2025-12-05T02:43:07.388475Z","level":"info","event":"{'name': 'Rascal Flatts', 'id': '0a1gHP0HAqALbEyxaD5Ngn', 'url': 'https://open.spotify.com/artist/0a1gHP0HAqALbEyxaD5Ngn'}","chan":"stdout","logger":"task"}
{"timestamp":"2025-12-05T02:43:07.391233Z","level":"info","event":"https://musicbrainz.org/ws/2/url?resource=https://open.spotify.com/artist/0a1gHP0HAqALbEyxaD5Ngn&inc=artist-rels&fmt=json","chan":"stdout","logger":"task"}
{"timestamp":"2025-12-05T02:43:07.518514Z","level":"info","event":"https://musicbrainz.org/ws/2/artist/6e0ae159-8449-4262-bba5-18ec87fa529f?inc=tags&fmt=json","chan":"stdout","logger":"task"}
{"timestamp":"2025-12-05T02:43:08.659495Z","level":"info","event":"{'name': 'Akon', 'id': '0z4gvV4rjIZ9wHck67ucSV', 'url': 'https://open.spotify.com/artist/0z4gvV4rjIZ9wHck67ucSV'}","chan":"stdout","logger":"task"}
{"timestamp":"2025-12-05T02:43:08.670020Z","level":"info","event":"https://musicbrainz.org/ws/2/url?resource=https://open.spotify.com/artist/0z4gvV4rjIZ9wHck67ucSV&inc=artist-rels&fmt=json","chan":"stdout","logger":"task"}
{"timestamp":"2025-12-05T02:43:08.795106Z","level":"info","event":"https://musicbrainz.org/ws/2/artist/1138a764-2212-4d0a-b02d-0dc14df91e08?inc=tags&fmt=json","chan":"stdout","logger":"task"}
{"timestamp":"2025-12-05T02:43:09.923927Z","level":"info","event":"{'name': 'Dr. Dre', 'id': '6DPYiyq5kWVQS4RGwxzPC7', 'url': 'https://open.spotify.com/artist/6DPYiyq5kWVQS4RGwxzPC7'}","chan":"stdout","logger":"task"}
{"timestamp":"2025-12-05T02:43:09.925205Z","level":"info","event":"https://musicbrainz.org/ws/2/url?resource=https://open.spotify.com/artist/6DPYiyq5kWVQS4RGwxzPC7&inc=artist-rels&fmt=json","chan":"stdout","logger":"task"}
{"timestamp":"2025-12-05T02:43:10.062051Z","level":"info","event":"https://musicbrainz.org/ws/2/artist/5f6ab597-f57a-40da-be9e-adad48708203?inc=tags&fmt=json","chan":"stdout","logger":"task"}
{"timestamp":"2025-12-05T02:43:11.197486Z","level":"info","event":"{'name': 'Snoop Dogg', 'id': '7hJcb9fa4alzcOq3EaNPoG', 'url': 'https://open.spotify.com/artist/7hJcb9fa4alzcOq3EaNPoG'}","chan":"stdout","logger":"task"}
{"timestamp":"2025-12-05T02:43:11.197941Z","level":"info","event":"https://musicbrainz.org/ws/2/url?resource=https://open.spotify.com/artist/7hJcb9fa4alzcOq3EaNPoG&inc=artist-rels&fmt=json","chan":"stdout","logger":"task"}
{"timestamp":"2025-12-05T02:43:11.338635Z","level":"info","event":"https://musicbrainz.org/ws/2/artist/f90e8b26-9e52-4669-a5c9-e28529c47894?inc=tags&fmt=json","chan":"stdout","logger":"task"}
{"timestamp":"2025-12-05T02:43:12.483603Z","level":"info","event":"{'name': 'Carrie Underwood', 'id': '4xFUf1FHVy696Q1JQZMTRj', 'url': 'https://open.spotify.com/artist/4xFUf1FHVy696Q1JQZMTRj'}","chan":"stdout","logger":"task"}
{"timestamp":"2025-12-05T02:43:12.483849Z","level":"info","event":"https://musicbrainz.org/ws/2/url?resource=https://open.spotify.com/artist/4xFUf1FHVy696Q1JQZMTRj&inc=artist-rels&fmt=json","chan":"stdout","logger":"task"}
{"timestamp":"2025-12-05T02:43:12.609112Z","level":"info","event":"https://musicbrainz.org/ws/2/artist/70f0e309-5418-49b6-a130-666e2f76eecd?inc=tags&fmt=json","chan":"stdout","logger":"task"}
{"timestamp":"2025-12-05T02:43:14.069918Z","level":"info","event":"{'name': 'Gwyneth Paltrow', 'id': '4njFVSUWyxD84ur7w8Oy7h', 'url': 'https://open.spotify.com/artist/4njFVSUWyxD84ur7w8Oy7h'}","chan":"stdout","logger":"task"}
{"timestamp":"2025-12-05T02:43:14.071637Z","level":"info","event":"https://musicbrainz.org/ws/2/url?resource=https://open.spotify.com/artist/4njFVSUWyxD84ur7w8Oy7h&inc=artist-rels&fmt=json","chan":"stdout","logger":"task"}
{"timestamp":"2025-12-05T02:43:14.205748Z","level":"info","event":"https://musicbrainz.org/ws/2/artist/dc71c08e-3ee5-409d-ae0d-f4fd9050e170?inc=tags&fmt=json","chan":"stdout","logger":"task"}
{"timestamp":"2025-12-05T02:43:15.343159Z","level":"info","event":"{'name': 'Keith Urban', 'id': '0u2FHSq3ln94y5Q57xazwf', 'url': 'https://open.spotify.com/artist/0u2FHSq3ln94y5Q57xazwf'}","chan":"stdout","logger":"task"}
{"timestamp":"2025-12-05T02:43:15.344451Z","level":"info","event":"https://musicbrainz.org/ws/2/url?resource=https://open.spotify.com/artist/0u2FHSq3ln94y5Q57xazwf&inc=artist-rels&fmt=json","chan":"stdout","logger":"task"}
{"timestamp":"2025-12-05T02:43:15.470716Z","level":"info","event":"https://musicbrainz.org/ws/2/artist/f45da029-7b00-4bf3-962c-0eeb20309cc4?inc=tags&fmt=json","chan":"stdout","logger":"task"}
{"timestamp":"2025-12-05T02:43:16.611717Z","level":"info","event":"{'name': 'Keri Hilson', 'id': '63wjoROpeh5f11Qm93UiJ1', 'url': 'https://open.spotify.com/artist/63wjoROpeh5f11Qm93UiJ1'}","chan":"stdout","logger":"task"}
{"timestamp":"2025-12-05T02:43:16.615430Z","level":"info","event":"https://musicbrainz.org/ws/2/url?resource=https://open.spotify.com/artist/63wjoROpeh5f11Qm93UiJ1&inc=artist-rels&fmt=json","chan":"stdout","logger":"task"}
{"timestamp":"2025-12-05T02:43:16.756343Z","level":"info","event":"https://musicbrainz.org/ws/2/artist/b76c616a-ec0d-4f0c-b986-f249c4a04d77?inc=tags&fmt=json","chan":"stdout","logger":"task"}
{"timestamp":"2025-12-05T02:43:17.885631Z","level":"info","event":"{'name': 'Reba McEntire', 'id': '02rd0anEWfMtF7iMku9uor', 'url': 'https://open.spotify.com/artist/02rd0anEWfMtF7iMku9uor'}","chan":"stdout","logger":"task"}
{"timestamp":"2025-12-05T02:43:17.886223Z","level":"info","event":"https://musicbrainz.org/ws/2/url?resource=https://open.spotify.com/artist/02rd0anEWfMtF7iMku9uor&inc=artist-rels&fmt=json","chan":"stdout","logger":"task"}
{"timestamp":"2025-12-05T02:43:18.019343Z","level":"info","event":"https://musicbrainz.org/ws/2/artist/3ec17e85-9284-4f4c-8831-4e56c2354cdb?inc=tags&fmt=json","chan":"stdout","logger":"task"}
{"timestamp":"2025-12-05T02:43:18.148585Z","level":"info","event":"Rate limit hit. Retrying in 1s...","chan":"stdout","logger":"task"}
{"timestamp":"2025-12-05T02:43:20.294705Z","level":"info","event":"{'name': 'Blake Shelton', 'id': '1UTPBmNbXNTittyMJrNkvw', 'url': 'https://open.spotify.com/artist/1UTPBmNbXNTittyMJrNkvw'}","chan":"stdout","logger":"task"}
{"timestamp":"2025-12-05T02:43:20.297970Z","level":"info","event":"https://musicbrainz.org/ws/2/url?resource=https://open.spotify.com/artist/1UTPBmNbXNTittyMJrNkvw&inc=artist-rels&fmt=json","chan":"stdout","logger":"task"}
{"timestamp":"2025-12-05T02:43:20.449162Z","level":"info","event":"https://musicbrainz.org/ws/2/artist/2ad66473-ccb3-41d2-8756-b56680cdfe62?inc=tags&fmt=json","chan":"stdout","logger":"task"}
{"timestamp":"2025-12-05T02:43:21.598489Z","level":"info","event":"{'name': 'Christina Perri', 'id': '7H55rcKCfwqkyDFH9wpKM6', 'url': 'https://open.spotify.com/artist/7H55rcKCfwqkyDFH9wpKM6'}","chan":"stdout","logger":"task"}
{"timestamp":"2025-12-05T02:43:21.598828Z","level":"info","event":"https://musicbrainz.org/ws/2/url?resource=https://open.spotify.com/artist/7H55rcKCfwqkyDFH9wpKM6&inc=artist-rels&fmt=json","chan":"stdout","logger":"task"}
{"timestamp":"2025-12-05T02:43:21.749956Z","level":"info","event":"https://musicbrainz.org/ws/2/artist/38d363c7-fdcb-4308-9474-a0d14ab8d9b7?inc=tags&fmt=json","chan":"stdout","logger":"task"}
{"timestamp":"2025-12-05T02:43:22.867348Z","level":"info","event":"{'name': 'Miranda Lambert', 'id': '66lH4jAE7pqPlOlzUKbwA0', 'url': 'https://open.spotify.com/artist/66lH4jAE7pqPlOlzUKbwA0'}","chan":"stdout","logger":"task"}
{"timestamp":"2025-12-05T02:43:22.875095Z","level":"info","event":"https://musicbrainz.org/ws/2/url?resource=https://open.spotify.com/artist/66lH4jAE7pqPlOlzUKbwA0&inc=artist-rels&fmt=json","chan":"stdout","logger":"task"}
{"timestamp":"2025-12-05T02:43:23.006678Z","level":"info","event":"https://musicbrainz.org/ws/2/artist/4eca1aa0-c79f-481b-af8a-4a2d6c41aa5c?inc=tags&fmt=json","chan":"stdout","logger":"task"}
{"timestamp":"2025-12-05T02:43:24.153405Z","level":"info","event":"{'name': 'Brad Paisley', 'id': '13YmWQJFwgZrd4bf5IjMY4', 'url': 'https://open.spotify.com/artist/13YmWQJFwgZrd4bf5IjMY4'}","chan":"stdout","logger":"task"}
{"timestamp":"2025-12-05T02:43:24.156187Z","level":"info","event":"https://musicbrainz.org/ws/2/url?resource=https://open.spotify.com/artist/13YmWQJFwgZrd4bf5IjMY4&inc=artist-rels&fmt=json","chan":"stdout","logger":"task"}
{"timestamp":"2025-12-05T02:43:24.289875Z","level":"info","event":"https://musicbrainz.org/ws/2/artist/6cfd7ffc-824f-4219-8e27-4b9417700f44?inc=tags&fmt=json","chan":"stdout","logger":"task"}
{"timestamp":"2025-12-05T02:43:25.429326Z","level":"info","event":"{'name': 'Lloyd', 'id': '1Xfmvd48oOhEWkscWyEbh9', 'url': 'https://open.spotify.com/artist/1Xfmvd48oOhEWkscWyEbh9'}","chan":"stdout","logger":"task"}
{"timestamp":"2025-12-05T02:43:25.430884Z","level":"info","event":"https://musicbrainz.org/ws/2/url?resource=https://open.spotify.com/artist/1Xfmvd48oOhEWkscWyEbh9&inc=artist-rels&fmt=json","chan":"stdout","logger":"task"}
{"timestamp":"2025-12-05T02:43:25.580083Z","level":"info","event":"https://musicbrainz.org/ws/2/artist/e9296a90-9c59-4657-9165-1f1b5319de00?inc=tags&fmt=json","chan":"stdout","logger":"task"}
{"timestamp":"2025-12-05T02:43:26.725116Z","level":"info","event":"{'name': 'George Strait', 'id': '5vngPClqofybhPERIqQMYd', 'url': 'https://open.spotify.com/artist/5vngPClqofybhPERIqQMYd'}","chan":"stdout","logger":"task"}
{"timestamp":"2025-12-05T02:43:26.733972Z","level":"info","event":"https://musicbrainz.org/ws/2/url?resource=https://open.spotify.com/artist/5vngPClqofybhPERIqQMYd&inc=artist-rels&fmt=json","chan":"stdout","logger":"task"}
{"timestamp":"2025-12-05T02:43:26.856911Z","level":"info","event":"https://musicbrainz.org/ws/2/artist/5ab2cf34-517e-48eb-b3a5-34e1cbcd600a?inc=tags&fmt=json","chan":"stdout","logger":"task"}
{"timestamp":"2025-12-05T02:43:27.994021Z","level":"info","event":"{'name': \"Plain White T's\", 'id': '1g1yxsNVPhMUl9GrMjEb2o', 'url': 'https://open.spotify.com/artist/1g1yxsNVPhMUl9GrMjEb2o'}","chan":"stdout","logger":"task"}
{"timestamp":"2025-12-05T02:43:27.994695Z","level":"info","event":"https://musicbrainz.org/ws/2/url?resource=https://open.spotify.com/artist/1g1yxsNVPhMUl9GrMjEb2o&inc=artist-rels&fmt=json","chan":"stdout","logger":"task"}
{"timestamp":"2025-12-05T02:43:28.118335Z","level":"info","event":"https://musicbrainz.org/ws/2/artist/49576e42-fbbd-4d73-968d-93c8dcf7f065?inc=tags&fmt=json","chan":"stdout","logger":"task"}
{"timestamp":"2025-12-05T02:43:29.244467Z","level":"info","event":"{'name': 'Jeremih', 'id': '3KV3p5EY4AvKxOlhGHORLg', 'url': 'https://open.spotify.com/artist/3KV3p5EY4AvKxOlhGHORLg'}","chan":"stdout","logger":"task"}
{"timestamp":"2025-12-05T02:43:29.245225Z","level":"info","event":"https://musicbrainz.org/ws/2/url?resource=https://open.spotify.com/artist/3KV3p5EY4AvKxOlhGHORLg&inc=artist-rels&fmt=json","chan":"stdout","logger":"task"}
{"timestamp":"2025-12-05T02:43:29.381126Z","level":"info","event":"https://musicbrainz.org/ws/2/artist/1c009a08-74d1-4682-bc56-8bfbe9e66b62?inc=tags&fmt=json","chan":"stdout","logger":"task"}
{"timestamp":"2025-12-05T02:43:30.523333Z","level":"info","event":"{'name': '50 Cent', 'id': '3q7HBObVc0L8jNeTe5Gofh', 'url': 'https://open.spotify.com/artist/3q7HBObVc0L8jNeTe5Gofh'}","chan":"stdout","logger":"task"}
{"timestamp":"2025-12-05T02:43:30.525588Z","level":"info","event":"https://musicbrainz.org/ws/2/url?resource=https://open.spotify.com/artist/3q7HBObVc0L8jNeTe5Gofh&inc=artist-rels&fmt=json","chan":"stdout","logger":"task"}
{"timestamp":"2025-12-05T02:43:30.660440Z","level":"info","event":"https://musicbrainz.org/ws/2/artist/8e68819d-71be-4e7d-b41d-f1df81b01d3f?inc=tags&fmt=json","chan":"stdout","logger":"task"}
{"timestamp":"2025-12-05T02:43:31.784413Z","level":"info","event":"{'name': 'Miguel', 'id': '360IAlyVv4PCEVjgyMZrxK', 'url': 'https://open.spotify.com/artist/360IAlyVv4PCEVjgyMZrxK'}","chan":"stdout","logger":"task"}
{"timestamp":"2025-12-05T02:43:31.784918Z","level":"info","event":"https://musicbrainz.org/ws/2/url?resource=https://open.spotify.com/artist/360IAlyVv4PCEVjgyMZrxK&inc=artist-rels&fmt=json","chan":"stdout","logger":"task"}
{"timestamp":"2025-12-05T02:43:31.914134Z","level":"info","event":"https://musicbrainz.org/ws/2/artist/285e1285-aecc-478f-a8da-0c8cf69e1217?inc=tags&fmt=json","chan":"stdout","logger":"task"}
{"timestamp":"2025-12-05T02:43:33.049701Z","level":"info","event":"{'name': 'J. Cole', 'id': '6l3HvQ5sa6mXTsMTB19rO5', 'url': 'https://open.spotify.com/artist/6l3HvQ5sa6mXTsMTB19rO5'}","chan":"stdout","logger":"task"}
{"timestamp":"2025-12-05T02:43:33.049959Z","level":"info","event":"https://musicbrainz.org/ws/2/url?resource=https://open.spotify.com/artist/6l3HvQ5sa6mXTsMTB19rO5&inc=artist-rels&fmt=json","chan":"stdout","logger":"task"}
{"timestamp":"2025-12-05T02:43:33.180948Z","level":"info","event":"https://musicbrainz.org/ws/2/artist/875203e1-8e58-4b86-8dcb-7190faf411c5?inc=tags&fmt=json","chan":"stdout","logger":"task"}
{"timestamp":"2025-12-05T02:43:34.305965Z","level":"info","event":"{'name': 'Sean Kingston', 'id': '6S0dmVVn4udvppDhZIWxCr', 'url': 'https://open.spotify.com/artist/6S0dmVVn4udvppDhZIWxCr'}","chan":"stdout","logger":"task"}
{"timestamp":"2025-12-05T02:43:34.312005Z","level":"info","event":"https://musicbrainz.org/ws/2/url?resource=https://open.spotify.com/artist/6S0dmVVn4udvppDhZIWxCr&inc=artist-rels&fmt=json","chan":"stdout","logger":"task"}
{"timestamp":"2025-12-05T02:43:34.472063Z","level":"info","event":"https://musicbrainz.org/ws/2/artist/f7eb3be3-1065-4a53-94d4-e2d0c15c0b33?inc=tags&fmt=json","chan":"stdout","logger":"task"}
{"timestamp":"2025-12-05T02:43:35.620965Z","level":"info","event":"{'name': 'Luke Bryan', 'id': '0BvkDsjIUla7X0k6CSWh1I', 'url': 'https://open.spotify.com/artist/0BvkDsjIUla7X0k6CSWh1I'}","chan":"stdout","logger":"task"}
{"timestamp":"2025-12-05T02:43:35.621949Z","level":"info","event":"https://musicbrainz.org/ws/2/url?resource=https://open.spotify.com/artist/0BvkDsjIUla7X0k6CSWh1I&inc=artist-rels&fmt=json","chan":"stdout","logger":"task"}
{"timestamp":"2025-12-05T02:43:35.767858Z","level":"info","event":"https://musicbrainz.org/ws/2/artist/aab35942-f176-4f77-bbf9-1d6aa98ccf3f?inc=tags&fmt=json","chan":"stdout","logger":"task"}
{"timestamp":"2025-12-05T02:43:36.919685Z","level":"info","event":"{'name': 'Jesse McCartney', 'id': '2Hjj68yyUPiC0HKEOigcEp', 'url': 'https://open.spotify.com/artist/2Hjj68yyUPiC0HKEOigcEp'}","chan":"stdout","logger":"task"}
{"timestamp":"2025-12-05T02:43:36.922920Z","level":"info","event":"https://musicbrainz.org/ws/2/url?resource=https://open.spotify.com/artist/2Hjj68yyUPiC0HKEOigcEp&inc=artist-rels&fmt=json","chan":"stdout","logger":"task"}
{"timestamp":"2025-12-05T02:43:37.061555Z","level":"info","event":"https://musicbrainz.org/ws/2/artist/9d075d6e-9492-4343-ac95-93a808f61477?inc=tags&fmt=json","chan":"stdout","logger":"task"}
{"timestamp":"2025-12-05T02:43:38.211160Z","level":"info","event":"{'name': 'Chris Young', 'id': '4BYxqVkZyFjtik7crYLg5Q', 'url': 'https://open.spotify.com/artist/4BYxqVkZyFjtik7crYLg5Q'}","chan":"stdout","logger":"task"}
{"timestamp":"2025-12-05T02:43:38.212579Z","level":"info","event":"https://musicbrainz.org/ws/2/url?resource=https://open.spotify.com/artist/4BYxqVkZyFjtik7crYLg5Q&inc=artist-rels&fmt=json","chan":"stdout","logger":"task"}
{"timestamp":"2025-12-05T02:43:38.359889Z","level":"info","event":"https://musicbrainz.org/ws/2/artist/86de027e-097d-41b1-9b97-c0a69379ff4b?inc=tags&fmt=json","chan":"stdout","logger":"task"}
{"timestamp":"2025-12-05T02:43:38.481565Z","level":"info","event":"Rate limit hit. Retrying in 1s...","chan":"stdout","logger":"task"}
{"timestamp":"2025-12-05T02:43:40.617701Z","level":"info","event":"{'name': 'Victorious Cast', 'id': '1KYszkVzlhV3rAqmAcYIgd', 'url': 'https://open.spotify.com/artist/1KYszkVzlhV3rAqmAcYIgd'}","chan":"stdout","logger":"task"}
{"timestamp":"2025-12-05T02:43:40.618734Z","level":"info","event":"https://musicbrainz.org/ws/2/url?resource=https://open.spotify.com/artist/1KYszkVzlhV3rAqmAcYIgd&inc=artist-rels&fmt=json","chan":"stdout","logger":"task"}
{"timestamp":"2025-12-05T02:43:40.770640Z","level":"info","event":"https://musicbrainz.org/ws/2/artist/19c682b6-31cc-41fa-bf6e-1796f2a1e778?inc=tags&fmt=json","chan":"stdout","logger":"task"}
{"timestamp":"2025-12-05T02:43:41.949166Z","level":"info","event":"{'name': 'Victoria Justice', 'id': '2OTfr6S2kuHRYStjt1IkY6', 'url': 'https://open.spotify.com/artist/2OTfr6S2kuHRYStjt1IkY6'}","chan":"stdout","logger":"task"}
{"timestamp":"2025-12-05T02:43:41.950397Z","level":"info","event":"https://musicbrainz.org/ws/2/url?resource=https://open.spotify.com/artist/2OTfr6S2kuHRYStjt1IkY6&inc=artist-rels&fmt=json","chan":"stdout","logger":"task"}
{"timestamp":"2025-12-05T02:43:42.562802Z","level":"info","event":"https://musicbrainz.org/ws/2/artist/4ce94c22-acbc-4535-a0e4-b8a8d002887e?inc=tags&fmt=json","chan":"stdout","logger":"task"}
{"timestamp":"2025-12-05T02:43:43.841964Z","level":"info","event":"{'name': 'The Killers', 'id': '0C0XlULifJtAgn6ZNCW2eu', 'url': 'https://open.spotify.com/artist/0C0XlULifJtAgn6ZNCW2eu'}","chan":"stdout","logger":"task"}
{"timestamp":"2025-12-05T02:43:43.845309Z","level":"info","event":"https://musicbrainz.org/ws/2/url?resource=https://open.spotify.com/artist/0C0XlULifJtAgn6ZNCW2eu&inc=artist-rels&fmt=json","chan":"stdout","logger":"task"}
{"timestamp":"2025-12-05T02:43:44.123355Z","level":"info","event":"https://musicbrainz.org/ws/2/artist/95e1ead9-4d31-4808-a7ac-32c3614c116b?inc=tags&fmt=json","chan":"stdout","logger":"task"}
{"timestamp":"2025-12-05T02:43:45.282931Z","level":"info","event":"{'name': 'Mumford & Sons', 'id': '3gd8FJtBJtkRxdfbTu19U2', 'url': 'https://open.spotify.com/artist/3gd8FJtBJtkRxdfbTu19U2'}","chan":"stdout","logger":"task"}
{"timestamp":"2025-12-05T02:43:45.283357Z","level":"info","event":"https://musicbrainz.org/ws/2/url?resource=https://open.spotify.com/artist/3gd8FJtBJtkRxdfbTu19U2&inc=artist-rels&fmt=json","chan":"stdout","logger":"task"}
{"timestamp":"2025-12-05T02:43:45.420188Z","level":"info","event":"https://musicbrainz.org/ws/2/artist/c44e9c22-ef82-4a77-9bcd-af6c958446d6?inc=tags&fmt=json","chan":"stdout","logger":"task"}
{"timestamp":"2025-12-05T02:43:46.562926Z","level":"info","event":"{'name': 'T.I.', 'id': '4OBJLual30L7gRl5UkeRcT', 'url': 'https://open.spotify.com/artist/4OBJLual30L7gRl5UkeRcT'}","chan":"stdout","logger":"task"}
{"timestamp":"2025-12-05T02:43:46.572707Z","level":"info","event":"https://musicbrainz.org/ws/2/url?resource=https://open.spotify.com/artist/4OBJLual30L7gRl5UkeRcT&inc=artist-rels&fmt=json","chan":"stdout","logger":"task"}
{"timestamp":"2025-12-05T02:43:46.702446Z","level":"info","event":"https://musicbrainz.org/ws/2/artist/f7ba7fbe-c6bd-4ac0-bee9-c25c558d7d62?inc=tags&fmt=json","chan":"stdout","logger":"task"}
{"timestamp":"2025-12-05T02:43:47.830997Z","level":"info","event":"{'name': 'Swizz Beatz', 'id': '2cADQgiLMjNhbsfeN52Bf3', 'url': 'https://open.spotify.com/artist/2cADQgiLMjNhbsfeN52Bf3'}","chan":"stdout","logger":"task"}
{"timestamp":"2025-12-05T02:43:47.833827Z","level":"info","event":"https://musicbrainz.org/ws/2/url?resource=https://open.spotify.com/artist/2cADQgiLMjNhbsfeN52Bf3&inc=artist-rels&fmt=json","chan":"stdout","logger":"task"}
{"timestamp":"2025-12-05T02:43:47.977929Z","level":"info","event":"https://musicbrainz.org/ws/2/artist/698ff525-ff51-4206-8f08-60a7458aab24?inc=tags&fmt=json","chan":"stdout","logger":"task"}
{"timestamp":"2025-12-05T02:43:49.118645Z","level":"info","event":"{'name': 'Eric Church', 'id': '2IvkS5MXK0vPGnwyJsrEyV', 'url': 'https://open.spotify.com/artist/2IvkS5MXK0vPGnwyJsrEyV'}","chan":"stdout","logger":"task"}
{"timestamp":"2025-12-05T02:43:49.121026Z","level":"info","event":"https://musicbrainz.org/ws/2/url?resource=https://open.spotify.com/artist/2IvkS5MXK0vPGnwyJsrEyV&inc=artist-rels&fmt=json","chan":"stdout","logger":"task"}
{"timestamp":"2025-12-05T02:43:49.253857Z","level":"info","event":"https://musicbrainz.org/ws/2/artist/15856215-cc51-4423-879c-9ac955ccb11a?inc=tags&fmt=json","chan":"stdout","logger":"task"}
{"timestamp":"2025-12-05T02:43:50.390356Z","level":"info","event":"{'name': 'Linkin Park', 'id': '6XyY86QOPPrYVGvF9ch6wz', 'url': 'https://open.spotify.com/artist/6XyY86QOPPrYVGvF9ch6wz'}","chan":"stdout","logger":"task"}
{"timestamp":"2025-12-05T02:43:50.393660Z","level":"info","event":"https://musicbrainz.org/ws/2/url?resource=https://open.spotify.com/artist/6XyY86QOPPrYVGvF9ch6wz&inc=artist-rels&fmt=json","chan":"stdout","logger":"task"}
{"timestamp":"2025-12-05T02:43:50.535720Z","level":"info","event":"https://musicbrainz.org/ws/2/artist/f59c5520-5f46-4d2c-b2c4-822eabf53419?inc=tags&fmt=json","chan":"stdout","logger":"task"}
{"timestamp":"2025-12-05T02:43:51.722429Z","level":"info","event":"{'name': 'Birdman', 'id': '35sCXuy5gN6Or69rZ9vqBs', 'url': 'https://open.spotify.com/artist/35sCXuy5gN6Or69rZ9vqBs'}","chan":"stdout","logger":"task"}
{"timestamp":"2025-12-05T02:43:51.725121Z","level":"info","event":"https://musicbrainz.org/ws/2/url?resource=https://open.spotify.com/artist/35sCXuy5gN6Or69rZ9vqBs&inc=artist-rels&fmt=json","chan":"stdout","logger":"task"}
{"timestamp":"2025-12-05T02:43:51.930928Z","level":"info","event":"https://musicbrainz.org/ws/2/artist/dcf5807c-ef1f-4291-b452-6824080ecac4?inc=tags&fmt=json","chan":"stdout","logger":"task"}
{"timestamp":"2025-12-05T02:43:53.133604Z","level":"info","event":"{'name': 'Daughtry', 'id': '5P5FTygHyx2G57oszR3Wot', 'url': 'https://open.spotify.com/artist/5P5FTygHyx2G57oszR3Wot'}","chan":"stdout","logger":"task"}
{"timestamp":"2025-12-05T02:43:53.134436Z","level":"info","event":"https://musicbrainz.org/ws/2/url?resource=https://open.spotify.com/artist/5P5FTygHyx2G57oszR3Wot&inc=artist-rels&fmt=json","chan":"stdout","logger":"task"}
{"timestamp":"2025-12-05T02:43:53.272138Z","level":"info","event":"https://musicbrainz.org/ws/2/artist/21e3292e-dac8-4609-b57d-402f926aa41f?inc=tags&fmt=json","chan":"stdout","logger":"task"}
{"timestamp":"2025-12-05T02:43:54.484998Z","level":"info","event":"{'name': 'SICK PUPPIES', 'id': '7qAcXJgt1PWnxwUgxMdyuk', 'url': 'https://open.spotify.com/artist/7qAcXJgt1PWnxwUgxMdyuk'}","chan":"stdout","logger":"task"}
{"timestamp":"2025-12-05T02:43:54.486713Z","level":"info","event":"https://musicbrainz.org/ws/2/url?resource=https://open.spotify.com/artist/7qAcXJgt1PWnxwUgxMdyuk&inc=artist-rels&fmt=json","chan":"stdout","logger":"task"}
{"timestamp":"2025-12-05T02:43:54.712547Z","level":"info","event":"https://musicbrainz.org/ws/2/artist/86f78011-5087-48d2-8922-c381d2eb0c40?inc=tags&fmt=json","chan":"stdout","logger":"task"}
{"timestamp":"2025-12-05T02:43:55.869161Z","level":"info","event":"{'name': 'Kelly Clarkson', 'id': '3BmGtnKgCSGYIUhmivXKWX', 'url': 'https://open.spotify.com/artist/3BmGtnKgCSGYIUhmivXKWX'}","chan":"stdout","logger":"task"}
{"timestamp":"2025-12-05T02:43:55.872348Z","level":"info","event":"https://musicbrainz.org/ws/2/url?resource=https://open.spotify.com/artist/3BmGtnKgCSGYIUhmivXKWX&inc=artist-rels&fmt=json","chan":"stdout","logger":"task"}
{"timestamp":"2025-12-05T02:43:56.016995Z","level":"info","event":"https://musicbrainz.org/ws/2/artist/d339efbb-77b9-4147-ba9e-59f2f24550b2?inc=tags&fmt=json","chan":"stdout","logger":"task"}
{"timestamp":"2025-12-05T02:43:57.146881Z","level":"info","event":"{'name': 'Billy Currington', 'id': '1By9QBFnjZAoI83BZppHlt', 'url': 'https://open.spotify.com/artist/1By9QBFnjZAoI83BZppHlt'}","chan":"stdout","logger":"task"}
{"timestamp":"2025-12-05T02:43:57.148761Z","level":"info","event":"https://musicbrainz.org/ws/2/url?resource=https://open.spotify.com/artist/1By9QBFnjZAoI83BZppHlt&inc=artist-rels&fmt=json","chan":"stdout","logger":"task"}
{"timestamp":"2025-12-05T02:43:57.422433Z","level":"info","event":"https://musicbrainz.org/ws/2/artist/dbf94c49-0dd9-4f72-85d5-f548beb453f6?inc=tags&fmt=json","chan":"stdout","logger":"task"}
{"timestamp":"2025-12-05T02:43:58.585628Z","level":"info","event":"{'name': 'Lady A', 'id': '32WkQRZEVKSzVAAYqukAEA', 'url': 'https://open.spotify.com/artist/32WkQRZEVKSzVAAYqukAEA'}","chan":"stdout","logger":"task"}
{"timestamp":"2025-12-05T02:43:58.587962Z","level":"info","event":"https://musicbrainz.org/ws/2/url?resource=https://open.spotify.com/artist/32WkQRZEVKSzVAAYqukAEA&inc=artist-rels&fmt=json","chan":"stdout","logger":"task"}
{"timestamp":"2025-12-05T02:43:58.720896Z","level":"info","event":"https://musicbrainz.org/ws/2/artist/0eedfc95-e79a-4fd9-832a-cd816a0b3fda?inc=tags&fmt=json","chan":"stdout","logger":"task"}
{"timestamp":"2025-12-05T02:43:59.854645Z","level":"info","event":"{'name': 'Twista', 'id': '6vbY3hOaCAhC7VjucswgdS', 'url': 'https://open.spotify.com/artist/6vbY3hOaCAhC7VjucswgdS'}","chan":"stdout","logger":"task"}
{"timestamp":"2025-12-05T02:43:59.855697Z","level":"info","event":"https://musicbrainz.org/ws/2/url?resource=https://open.spotify.com/artist/6vbY3hOaCAhC7VjucswgdS&inc=artist-rels&fmt=json","chan":"stdout","logger":"task"}
{"timestamp":"2025-12-05T02:43:59.989320Z","level":"info","event":"https://musicbrainz.org/ws/2/artist/0bc858a1-3573-4216-9423-c96dd8c72919?inc=tags&fmt=json","chan":"stdout","logger":"task"}
{"timestamp":"2025-12-05T02:44:00.125684Z","level":"info","event":"Rate limit hit. Retrying in 1s...","chan":"stdout","logger":"task"}
{"timestamp":"2025-12-05T02:44:02.272407Z","level":"info","event":"{'name': 'Ne-Yo', 'id': '21E3waRsmPlU7jZsS13rcj', 'url': 'https://open.spotify.com/artist/21E3waRsmPlU7jZsS13rcj'}","chan":"stdout","logger":"task"}
{"timestamp":"2025-12-05T02:44:02.276706Z","level":"info","event":"https://musicbrainz.org/ws/2/url?resource=https://open.spotify.com/artist/21E3waRsmPlU7jZsS13rcj&inc=artist-rels&fmt=json","chan":"stdout","logger":"task"}
{"timestamp":"2025-12-05T02:44:02.405083Z","level":"info","event":"https://musicbrainz.org/ws/2/artist/a4a01f5d-18e7-4571-8c3a-76ec0e24e2d7?inc=tags&fmt=json","chan":"stdout","logger":"task"}
{"timestamp":"2025-12-05T02:44:03.527628Z","level":"info","event":"{'name': 'Ryan Tedder', 'id': '4we5S2VLjgY9KzIzApL1KI', 'url': 'https://open.spotify.com/artist/4we5S2VLjgY9KzIzApL1KI'}","chan":"stdout","logger":"task"}
{"timestamp":"2025-12-05T02:44:03.530350Z","level":"info","event":"https://musicbrainz.org/ws/2/url?resource=https://open.spotify.com/artist/4we5S2VLjgY9KzIzApL1KI&inc=artist-rels&fmt=json","chan":"stdout","logger":"task"}
{"timestamp":"2025-12-05T02:44:03.757948Z","level":"info","event":"https://musicbrainz.org/ws/2/artist/0bc6d6e7-0858-4b73-a079-7aa681095f98?inc=tags&fmt=json","chan":"stdout","logger":"task"}
{"timestamp":"2025-12-05T02:44:05.070020Z","level":"info","event":"{'name': 'Ruff Loaderz', 'id': '5JOIrGvup0vD5VjodB62Ui', 'url': 'https://open.spotify.com/artist/5JOIrGvup0vD5VjodB62Ui'}","chan":"stdout","logger":"task"}
{"timestamp":"2025-12-05T02:44:05.071594Z","level":"info","event":"https://musicbrainz.org/ws/2/url?resource=https://open.spotify.com/artist/5JOIrGvup0vD5VjodB62Ui&inc=artist-rels&fmt=json","chan":"stdout","logger":"task"}
{"timestamp":"2025-12-05T02:44:05.241194Z","level":"info","event":"https://musicbrainz.org/ws/2/artist/763e1ccd-7269-47fd-a7ed-5ea67aff8872?inc=tags&fmt=json","chan":"stdout","logger":"task"}
{"timestamp":"2025-12-05T02:44:06.412858Z","level":"info","event":"{'name': 'Train', 'id': '3FUY2gzHeIiaesXtOAdB7A', 'url': 'https://open.spotify.com/artist/3FUY2gzHeIiaesXtOAdB7A'}","chan":"stdout","logger":"task"}
{"timestamp":"2025-12-05T02:44:06.413380Z","level":"info","event":"https://musicbrainz.org/ws/2/url?resource=https://open.spotify.com/artist/3FUY2gzHeIiaesXtOAdB7A&inc=artist-rels&fmt=json","chan":"stdout","logger":"task"}
{"timestamp":"2025-12-05T02:44:06.535957Z","level":"info","event":"https://musicbrainz.org/ws/2/artist/bfd5aec5-62a2-4560-a316-7c46c17babda?inc=tags&fmt=json","chan":"stdout","logger":"task"}
{"timestamp":"2025-12-05T02:44:07.682323Z","level":"info","event":"{'name': 'Toby Keith', 'id': '2bA6fzP0lMAQ4kz6CF61w8', 'url': 'https://open.spotify.com/artist/2bA6fzP0lMAQ4kz6CF61w8'}","chan":"stdout","logger":"task"}
{"timestamp":"2025-12-05T02:44:07.685069Z","level":"info","event":"https://musicbrainz.org/ws/2/url?resource=https://open.spotify.com/artist/2bA6fzP0lMAQ4kz6CF61w8&inc=artist-rels&fmt=json","chan":"stdout","logger":"task"}
{"timestamp":"2025-12-05T02:44:07.837270Z","level":"info","event":"https://musicbrainz.org/ws/2/artist/2f951906-5629-4fef-a260-5033151c162a?inc=tags&fmt=json","chan":"stdout","logger":"task"}
{"timestamp":"2025-12-05T02:44:09.011316Z","level":"info","event":"{'name': 'will.i.am', 'id': '085pc2PYOi8bGKj0PNjekA', 'url': 'https://open.spotify.com/artist/085pc2PYOi8bGKj0PNjekA'}","chan":"stdout","logger":"task"}
{"timestamp":"2025-12-05T02:44:09.013762Z","level":"info","event":"https://musicbrainz.org/ws/2/url?resource=https://open.spotify.com/artist/085pc2PYOi8bGKj0PNjekA&inc=artist-rels&fmt=json","chan":"stdout","logger":"task"}
{"timestamp":"2025-12-05T02:44:09.144093Z","level":"info","event":"https://musicbrainz.org/ws/2/artist/d574c9bd-46f6-440a-8d6a-8412a283eeb1?inc=tags&fmt=json","chan":"stdout","logger":"task"}
{"timestamp":"2025-12-05T02:44:10.264974Z","level":"info","event":"{'name': 'JAY-Z', 'id': '3nFkdlSjzX9mRTtwJOzDYB', 'url': 'https://open.spotify.com/artist/3nFkdlSjzX9mRTtwJOzDYB'}","chan":"stdout","logger":"task"}
{"timestamp":"2025-12-05T02:44:10.265184Z","level":"info","event":"https://musicbrainz.org/ws/2/url?resource=https://open.spotify.com/artist/3nFkdlSjzX9mRTtwJOzDYB&inc=artist-rels&fmt=json","chan":"stdout","logger":"task"}
{"timestamp":"2025-12-05T02:44:10.407861Z","level":"info","event":"https://musicbrainz.org/ws/2/artist/f82bcf78-5b69-4622-a5ef-73800768d9ac?inc=tags&fmt=json","chan":"stdout","logger":"task"}
{"timestamp":"2025-12-05T02:44:11.524950Z","level":"info","event":"{'name': 'Bon Iver', 'id': '4LEiUm1SRbFMgfqnQTwUbQ', 'url': 'https://open.spotify.com/artist/4LEiUm1SRbFMgfqnQTwUbQ'}","chan":"stdout","logger":"task"}
{"timestamp":"2025-12-05T02:44:11.526585Z","level":"info","event":"https://musicbrainz.org/ws/2/url?resource=https://open.spotify.com/artist/4LEiUm1SRbFMgfqnQTwUbQ&inc=artist-rels&fmt=json","chan":"stdout","logger":"task"}
{"timestamp":"2025-12-05T02:44:11.658631Z","level":"info","event":"https://musicbrainz.org/ws/2/artist/437a0e49-c6ae-42f6-a6c1-84f25ed366bc?inc=tags&fmt=json","chan":"stdout","logger":"task"}
{"timestamp":"2025-12-05T02:44:13.123383Z","level":"info","event":"{'name': 'Shakira', 'id': '0EmeFodog0BfCgMzAIvKQp', 'url': 'https://open.spotify.com/artist/0EmeFodog0BfCgMzAIvKQp'}","chan":"stdout","logger":"task"}
{"timestamp":"2025-12-05T02:44:13.125563Z","level":"info","event":"https://musicbrainz.org/ws/2/url?resource=https://open.spotify.com/artist/0EmeFodog0BfCgMzAIvKQp&inc=artist-rels&fmt=json","chan":"stdout","logger":"task"}
{"timestamp":"2025-12-05T02:44:13.255627Z","level":"info","event":"https://musicbrainz.org/ws/2/artist/bf24ca37-25f4-4e34-9aec-460b94364cfc?inc=tags&fmt=json","chan":"stdout","logger":"task"}
{"timestamp":"2025-12-05T02:44:14.386650Z","level":"info","event":"{'name': 'El Cata', 'id': '52aHqEQZ802daFzuMHfcES', 'url': 'https://open.spotify.com/artist/52aHqEQZ802daFzuMHfcES'}","chan":"stdout","logger":"task"}
{"timestamp":"2025-12-05T02:44:14.393948Z","level":"info","event":"https://musicbrainz.org/ws/2/url?resource=https://open.spotify.com/artist/52aHqEQZ802daFzuMHfcES&inc=artist-rels&fmt=json","chan":"stdout","logger":"task"}
{"timestamp":"2025-12-05T02:44:14.531783Z","level":"info","event":"https://musicbrainz.org/ws/2/artist/73ac884e-76d4-49b9-aa39-983801c2afb1?inc=tags&fmt=json","chan":"stdout","logger":"task"}
{"timestamp":"2025-12-05T02:44:15.666994Z","level":"info","event":"Fetching audio details for 98 songs...","chan":"stdout","logger":"task"}
{"timestamp":"2025-12-05T02:44:15.673588Z","level":"info","event":"  Fetching batch 1/3 (40 songs)...","chan":"stdout","logger":"task"}
{"timestamp":"2025-12-05T02:44:17.213196Z","level":"info","event":"  Retrieved 31 song details","chan":"stdout","logger":"task"}
{"timestamp":"2025-12-05T02:44:19.226994Z","level":"info","event":"  Fetching batch 2/3 (40 songs)...","chan":"stdout","logger":"task"}
{"timestamp":"2025-12-05T02:44:21.278878Z","level":"info","event":"  Retrieved 28 song details","chan":"stdout","logger":"task"}
{"timestamp":"2025-12-05T02:44:23.283124Z","level":"info","event":"  Fetching batch 3/3 (18 songs)...","chan":"stdout","logger":"task"}
{"timestamp":"2025-12-05T02:44:24.354603Z","level":"info","event":"  Retrieved 14 song details","chan":"stdout","logger":"task"}
{"timestamp":"2025-12-05T02:44:24.356124Z","level":"info","event":"Fetching audio analysis for 73 songs...","chan":"stdout","logger":"task"}
{"timestamp":"2025-12-05T02:44:38.580229Z","level":"info","event":"  Processing audio analysis 10/73...","chan":"stdout","logger":"task"}
{"timestamp":"2025-12-05T02:44:51.880010Z","level":"info","event":"  Processing audio analysis 20/73...","chan":"stdout","logger":"task"}
{"timestamp":"2025-12-05T02:45:04.888706Z","level":"info","event":"  Processing audio analysis 30/73...","chan":"stdout","logger":"task"}
{"timestamp":"2025-12-05T02:45:19.732857Z","level":"info","event":"  Processing audio analysis 40/73...","chan":"stdout","logger":"task"}
{"timestamp":"2025-12-05T02:45:29.700766Z","level":"info","event":"  Processing audio analysis 50/73...","chan":"stdout","logger":"task"}
{"timestamp":"2025-12-05T02:45:39.910623Z","level":"info","event":"  Processing audio analysis 60/73...","chan":"stdout","logger":"task"}
{"timestamp":"2025-12-05T02:45:52.302052Z","level":"info","event":"  Processing audio analysis 70/73...","chan":"stdout","logger":"task"}
{"timestamp":"2025-12-05T02:45:56.616554Z","level":"info","event":"Completed fetching audio details for 73 songs","chan":"stdout","logger":"task"}
{"timestamp":"2025-12-05T02:45:56.695070Z","level":"info","event":"DEBUG: DATABASE_URL value: postgresql+psycopg2:****@postgres/music_warehouse","chan":"stdout","logger":"task"}
{"timestamp":"2025-12-05T02:45:56.727969Z","level":"info","event":"TYPE OF ENGINE: <class 'sqlalchemy.engine.base.Engine'>","chan":"stdout","logger":"task"}
{"timestamp":"2025-12-05T02:45:56.728371Z","level":"info","event":"ENGINE DIR: ['__class__', '__delattr__', '__dict__', '__dir__', '__doc__', '__eq__', '__format__', '__ge__', '__getattribute__', '__getstate__', '__gt__', '__hash__', '__init__', '__init_subclass__', '__le__', '__lt__', '__module__', '__ne__', '__new__', '__reduce__', '__reduce_ex__', '__repr__', '__setattr__', '__sizeof__', '__str__', '__subclasshook__', '__weakref__', '_compiled_cache', '_connection_cls', '_echo', '_execute_clauseelement', '_execute_compiled', '_execute_default', '_execution_options', '_has_events', '_is_future', '_lru_size_alert', '_option_cls', '_optional_conn_ctx_manager', '_run_ddl_visitor', '_run_visitor', '_schema_translate_map', '_should_log_debug', '_should_log_info', '_sqla_logger_namespace', '_trans_ctx', '_wrap_pool_connect', 'begin', 'clear_compiled_cache', 'connect', 'dialect', 'dispatch', 'dispose', 'driver', 'echo', 'engine', 'execute', 'execution_options', 'get_execution_options', 'has_table', 'hide_parameters', 'logger', 'logging_name', 'name', 'pool', 'raw_connection', 'run_callable', 'scalar', 'table_names', 'transaction', 'update_execution_options', 'url']","chan":"stdout","logger":"task"}
{"timestamp":"2025-12-05T02:45:56.728578Z","level":"info","event":"IS SQLALCHEMY ENGINE: True","chan":"stdout","logger":"task"}
{"timestamp":"2025-12-05T02:45:56.728735Z","level":"info","event":"Database connection successful","chan":"stdout","logger":"task"}
{"timestamp":"2025-12-05T02:45:56.728879Z","level":"info","event":"Loading chart_weeks (1 rows)...","chan":"stdout","logger":"task"}
{"timestamp":"2025-12-05T02:45:56.756572Z","level":"info","event":"  Exported CSV to data_exports/chart_weeks.csv","chan":"stdout","logger":"task"}
{"timestamp":"2025-12-05T02:45:56.757669Z","level":"info","event":"Loading songs (98 rows)...","chan":"stdout","logger":"task"}
{"timestamp":"2025-12-05T02:45:56.779264Z","level":"info","event":"  Exported CSV to data_exports/songs.csv","chan":"stdout","logger":"task"}
{"timestamp":"2025-12-05T02:45:56.779439Z","level":"info","event":"Loading artists (108 rows)...","chan":"stdout","logger":"task"}
{"timestamp":"2025-12-05T02:45:56.787806Z","level":"info","event":"  Exported CSV to data_exports/artists.csv","chan":"stdout","logger":"task"}
{"timestamp":"2025-12-05T02:45:56.787918Z","level":"info","event":"Loading song_artists (146 rows)...","chan":"stdout","logger":"task"}
{"timestamp":"2025-12-05T02:45:56.826332Z","level":"info","event":"  Exported CSV to data_exports/song_artists.csv","chan":"stdout","logger":"task"}
{"timestamp":"2025-12-05T02:45:56.826561Z","level":"info","event":"Loading chart_entries (100 rows)...","chan":"stdout","logger":"task"}
{"timestamp":"2025-12-05T02:45:56.846895Z","level":"info","event":"  Exported CSV to data_exports/chart_entries.csv","chan":"stdout","logger":"task"}
{"timestamp":"2025-12-05T02:45:56.847430","level":"info","event":"Done. Returned value was: None","logger":"airflow.task.operators.airflow.providers.standard.operators.python.PythonOperator"}
{"timestamp":"2025-12-05T02:45:56.869215Z","level":"info","event":"Task instance in success state","chan":"stdout","logger":"task"}
{"timestamp":"2025-12-05T02:45:56.869852Z","level":"info","event":" Previous state of the Task instance: TaskInstanceState.RUNNING","chan":"stdout","logger":"task"}
{"timestamp":"2025-12-05T02:45:56.869946Z","level":"info","event":"Task operator:<Task(PythonOperator): load_music_data>","chan":"stdout","logger":"task"}
