{"timestamp":"2025-12-05T04:07:44.244119","level":"info","event":"DAG bundles loaded: dags-folder, example_dags","logger":"airflow.dag_processing.bundles.manager.DagBundlesManager"}
{"timestamp":"2025-12-05T04:07:44.244960","level":"info","event":"Filling up the DagBag from /opt/airflow/dags/music_load_dag.py","logger":"airflow.models.dagbag.DagBag"}
{"timestamp":"2025-12-05T04:07:44.719599Z","level":"info","event":"postgresql+psycopg2://airflow:airflow@postgres/airflow","chan":"stdout","logger":"task"}
{"timestamp":"2025-12-05T04:07:44.759235Z","level":"info","event":"Task instance is in running state","chan":"stdout","logger":"task"}
{"timestamp":"2025-12-05T04:07:44.760583Z","level":"info","event":" Previous state of the Task instance: TaskInstanceState.QUEUED","chan":"stdout","logger":"task"}
{"timestamp":"2025-12-05T04:07:44.761557Z","level":"info","event":"Current task name:load_music_data","chan":"stdout","logger":"task"}
{"timestamp":"2025-12-05T04:07:44.761632Z","level":"info","event":"Dag name:weekly_music_pipeline","chan":"stdout","logger":"task"}
{"timestamp":"2025-12-05T04:08:09.680710Z","level":"info","event":"  Searching Spotify for 100 songs...","chan":"stdout","logger":"task"}
{"timestamp":"2025-12-05T04:08:09.682567Z","level":"info","event":"  Processing song 1/100: Born This Way by Lady Gaga","chan":"stdout","logger":"task"}
{"timestamp":"2025-12-05T04:08:10.420367Z","level":"info","event":"1","chan":"stdout","logger":"task"}
{"timestamp":"2025-12-05T04:08:11.111990Z","level":"info","event":"2","chan":"stdout","logger":"task"}
{"timestamp":"2025-12-05T04:08:11.424619Z","level":"info","event":"3","chan":"stdout","logger":"task"}
{"timestamp":"2025-12-05T04:08:11.702433Z","level":"info","event":"4","chan":"stdout","logger":"task"}
{"timestamp":"2025-12-05T04:08:12.355946Z","level":"info","event":"5","chan":"stdout","logger":"task"}
{"timestamp":"2025-12-05T04:08:13.048864Z","level":"info","event":"6","chan":"stdout","logger":"task"}
{"timestamp":"2025-12-05T04:08:13.652847Z","level":"info","event":"7","chan":"stdout","logger":"task"}
{"timestamp":"2025-12-05T04:08:14.637909Z","level":"info","event":"8","chan":"stdout","logger":"task"}
{"timestamp":"2025-12-05T04:08:15.366298Z","level":"info","event":"9","chan":"stdout","logger":"task"}
{"timestamp":"2025-12-05T04:08:15.366991Z","level":"info","event":"  Processing song 10/100: Down On Me by Jeremih Featuring 50 Cent","chan":"stdout","logger":"task"}
{"timestamp":"2025-12-05T04:08:15.999466Z","level":"info","event":"10","chan":"stdout","logger":"task"}
{"timestamp":"2025-12-05T04:08:16.744871Z","level":"info","event":"11","chan":"stdout","logger":"task"}
{"timestamp":"2025-12-05T04:08:17.451756Z","level":"info","event":"12","chan":"stdout","logger":"task"}
{"timestamp":"2025-12-05T04:08:18.134225Z","level":"info","event":"13","chan":"stdout","logger":"task"}
{"timestamp":"2025-12-05T04:08:18.757796Z","level":"info","event":"14","chan":"stdout","logger":"task"}
{"timestamp":"2025-12-05T04:08:19.464093Z","level":"info","event":"15","chan":"stdout","logger":"task"}
{"timestamp":"2025-12-05T04:08:20.299410Z","level":"info","event":"16","chan":"stdout","logger":"task"}
{"timestamp":"2025-12-05T04:08:21.060928Z","level":"info","event":"17","chan":"stdout","logger":"task"}
{"timestamp":"2025-12-05T04:08:21.692122Z","level":"info","event":"18","chan":"stdout","logger":"task"}
{"timestamp":"2025-12-05T04:08:22.485802Z","level":"info","event":"19","chan":"stdout","logger":"task"}
{"timestamp":"2025-12-05T04:08:22.487748Z","level":"info","event":"  Processing song 20/100: More by Usher","chan":"stdout","logger":"task"}
{"timestamp":"2025-12-05T04:08:23.112381Z","level":"info","event":"20","chan":"stdout","logger":"task"}
{"timestamp":"2025-12-05T04:08:23.677126Z","level":"info","event":"21","chan":"stdout","logger":"task"}
{"timestamp":"2025-12-05T04:08:24.294690Z","level":"info","event":"22","chan":"stdout","logger":"task"}
{"timestamp":"2025-12-05T04:08:24.897556Z","level":"info","event":"23","chan":"stdout","logger":"task"}
{"timestamp":"2025-12-05T04:08:25.623443Z","level":"info","event":"24","chan":"stdout","logger":"task"}
{"timestamp":"2025-12-05T04:08:26.359245Z","level":"info","event":"25","chan":"stdout","logger":"task"}
{"timestamp":"2025-12-05T04:08:26.895841Z","level":"info","event":"26","chan":"stdout","logger":"task"}
{"timestamp":"2025-12-05T04:08:27.728400Z","level":"info","event":"27","chan":"stdout","logger":"task"}
{"timestamp":"2025-12-05T04:08:28.369293Z","level":"info","event":"28","chan":"stdout","logger":"task"}
{"timestamp":"2025-12-05T04:08:29.318313Z","level":"info","event":"29","chan":"stdout","logger":"task"}
{"timestamp":"2025-12-05T04:08:29.319903Z","level":"info","event":"  Processing song 30/100: Just The Way You Are by Bruno Mars","chan":"stdout","logger":"task"}
{"timestamp":"2025-12-05T04:08:29.986660Z","level":"info","event":"30","chan":"stdout","logger":"task"}
{"timestamp":"2025-12-05T04:08:30.574760Z","level":"info","event":"31","chan":"stdout","logger":"task"}
{"timestamp":"2025-12-05T04:08:31.336269Z","level":"info","event":"32","chan":"stdout","logger":"task"}
{"timestamp":"2025-12-05T04:08:31.950556Z","level":"info","event":"33","chan":"stdout","logger":"task"}
{"timestamp":"2025-12-05T04:08:32.576213Z","level":"info","event":"34","chan":"stdout","logger":"task"}
{"timestamp":"2025-12-05T04:08:33.208982Z","level":"info","event":"35","chan":"stdout","logger":"task"}
{"timestamp":"2025-12-05T04:08:34.080490Z","level":"info","event":"36","chan":"stdout","logger":"task"}
{"timestamp":"2025-12-05T04:08:34.763306Z","level":"info","event":"37","chan":"stdout","logger":"task"}
{"timestamp":"2025-12-05T04:08:35.643818Z","level":"info","event":"38","chan":"stdout","logger":"task"}
{"timestamp":"2025-12-05T04:08:36.479880Z","level":"info","event":"39","chan":"stdout","logger":"task"}
{"timestamp":"2025-12-05T04:08:36.480786Z","level":"info","event":"  Processing song 40/100: Don't You Wanna Stay by Jason Aldean With Kelly Clarkson","chan":"stdout","logger":"task"}
{"timestamp":"2025-12-05T04:08:37.185151Z","level":"info","event":"40","chan":"stdout","logger":"task"}
{"timestamp":"2025-12-05T04:08:37.776334Z","level":"info","event":"41","chan":"stdout","logger":"task"}
{"timestamp":"2025-12-05T04:08:38.398310Z","level":"info","event":"42","chan":"stdout","logger":"task"}
{"timestamp":"2025-12-05T04:08:39.242706Z","level":"info","event":"43","chan":"stdout","logger":"task"}
{"timestamp":"2025-12-05T04:08:39.947615Z","level":"info","event":"44","chan":"stdout","logger":"task"}
{"timestamp":"2025-12-05T04:08:40.559987Z","level":"info","event":"45","chan":"stdout","logger":"task"}
{"timestamp":"2025-12-05T04:08:41.280892Z","level":"info","event":"46","chan":"stdout","logger":"task"}
{"timestamp":"2025-12-05T04:08:41.989428Z","level":"info","event":"47","chan":"stdout","logger":"task"}
{"timestamp":"2025-12-05T04:08:42.694125Z","level":"info","event":"48","chan":"stdout","logger":"task"}
{"timestamp":"2025-12-05T04:08:43.500303Z","level":"info","event":"49","chan":"stdout","logger":"task"}
{"timestamp":"2025-12-05T04:08:43.502141Z","level":"info","event":"  Processing song 50/100: For The First Time by The Script","chan":"stdout","logger":"task"}
{"timestamp":"2025-12-05T04:08:44.241411Z","level":"info","event":"50","chan":"stdout","logger":"task"}
{"timestamp":"2025-12-05T04:08:44.910378Z","level":"info","event":"51","chan":"stdout","logger":"task"}
{"timestamp":"2025-12-05T04:08:45.645384Z","level":"info","event":"52","chan":"stdout","logger":"task"}
{"timestamp":"2025-12-05T04:08:46.374909Z","level":"info","event":"53","chan":"stdout","logger":"task"}
{"timestamp":"2025-12-05T04:08:47.290848Z","level":"info","event":"54","chan":"stdout","logger":"task"}
{"timestamp":"2025-12-05T04:08:48.207336Z","level":"info","event":"55","chan":"stdout","logger":"task"}
{"timestamp":"2025-12-05T04:08:48.816193Z","level":"info","event":"56","chan":"stdout","logger":"task"}
{"timestamp":"2025-12-05T04:08:49.642713Z","level":"info","event":"57","chan":"stdout","logger":"task"}
{"timestamp":"2025-12-05T04:08:50.262108Z","level":"info","event":"58","chan":"stdout","logger":"task"}
{"timestamp":"2025-12-05T04:08:50.936689Z","level":"info","event":"59","chan":"stdout","logger":"task"}
{"timestamp":"2025-12-05T04:08:50.937760Z","level":"info","event":"  Processing song 60/100: This by Darius Rucker","chan":"stdout","logger":"task"}
{"timestamp":"2025-12-05T04:08:51.560297Z","level":"info","event":"60","chan":"stdout","logger":"task"}
{"timestamp":"2025-12-05T04:08:52.199589Z","level":"info","event":"61","chan":"stdout","logger":"task"}
{"timestamp":"2025-12-05T04:08:52.838648Z","level":"info","event":"62","chan":"stdout","logger":"task"}
{"timestamp":"2025-12-05T04:08:53.444742Z","level":"info","event":"63","chan":"stdout","logger":"task"}
{"timestamp":"2025-12-05T04:08:54.091701Z","level":"info","event":"64","chan":"stdout","logger":"task"}
{"timestamp":"2025-12-05T04:08:54.814899Z","level":"info","event":"65","chan":"stdout","logger":"task"}
{"timestamp":"2025-12-05T04:08:55.404481Z","level":"info","event":"66","chan":"stdout","logger":"task"}
{"timestamp":"2025-12-05T04:08:56.031861Z","level":"info","event":"67","chan":"stdout","logger":"task"}
{"timestamp":"2025-12-05T04:08:56.723780Z","level":"info","event":"68","chan":"stdout","logger":"task"}
{"timestamp":"2025-12-05T04:08:57.328952Z","level":"info","event":"69","chan":"stdout","logger":"task"}
{"timestamp":"2025-12-05T04:08:57.329710Z","level":"info","event":"  Processing song 70/100: Landslide by Glee Cast Featuring Gwyneth Paltrow","chan":"stdout","logger":"task"}
{"timestamp":"2025-12-05T04:08:57.991346Z","level":"info","event":"70","chan":"stdout","logger":"task"}
{"timestamp":"2025-12-05T04:08:58.716042Z","level":"info","event":"71","chan":"stdout","logger":"task"}
{"timestamp":"2025-12-05T04:08:59.445970Z","level":"info","event":"72","chan":"stdout","logger":"task"}
{"timestamp":"2025-12-05T04:09:00.266458Z","level":"info","event":"73","chan":"stdout","logger":"task"}
{"timestamp":"2025-12-05T04:09:01.339030Z","level":"info","event":"74","chan":"stdout","logger":"task"}
{"timestamp":"2025-12-05T04:09:02.133430Z","level":"info","event":"75","chan":"stdout","logger":"task"}
{"timestamp":"2025-12-05T04:09:02.791316Z","level":"info","event":"76","chan":"stdout","logger":"task"}
{"timestamp":"2025-12-05T04:09:03.486047Z","level":"info","event":"77","chan":"stdout","logger":"task"}
{"timestamp":"2025-12-05T04:09:04.285139Z","level":"info","event":"78","chan":"stdout","logger":"task"}
{"timestamp":"2025-12-05T04:09:04.877283Z","level":"info","event":"79","chan":"stdout","logger":"task"}
{"timestamp":"2025-12-05T04:09:04.878367Z","level":"info","event":"  Processing song 80/100: Bleed Red by Ronnie Dunn","chan":"stdout","logger":"task"}
{"timestamp":"2025-12-05T04:09:05.545681Z","level":"info","event":"80","chan":"stdout","logger":"task"}
{"timestamp":"2025-12-05T04:09:06.164391Z","level":"info","event":"81","chan":"stdout","logger":"task"}
{"timestamp":"2025-12-05T04:09:06.893145Z","level":"info","event":"82","chan":"stdout","logger":"task"}
{"timestamp":"2025-12-05T04:09:07.560469Z","level":"info","event":"83","chan":"stdout","logger":"task"}
{"timestamp":"2025-12-05T04:09:08.229338Z","level":"info","event":"84","chan":"stdout","logger":"task"}
{"timestamp":"2025-12-05T04:09:09.044645Z","level":"info","event":"85","chan":"stdout","logger":"task"}
{"timestamp":"2025-12-05T04:09:09.692467Z","level":"info","event":"86","chan":"stdout","logger":"task"}
{"timestamp":"2025-12-05T04:09:10.360245Z","level":"info","event":"87","chan":"stdout","logger":"task"}
{"timestamp":"2025-12-05T04:09:11.367117Z","level":"info","event":"88","chan":"stdout","logger":"task"}
{"timestamp":"2025-12-05T04:09:12.051879Z","level":"info","event":"89","chan":"stdout","logger":"task"}
{"timestamp":"2025-12-05T04:09:12.052918Z","level":"info","event":"  Processing song 90/100: Boom by Snoop Dogg Featuring T-Pain","chan":"stdout","logger":"task"}
{"timestamp":"2025-12-05T04:09:12.993649Z","level":"info","event":"90","chan":"stdout","logger":"task"}
{"timestamp":"2025-12-05T04:09:13.733193Z","level":"info","event":"91","chan":"stdout","logger":"task"}
{"timestamp":"2025-12-05T04:09:14.572406Z","level":"info","event":"92","chan":"stdout","logger":"task"}
{"timestamp":"2025-12-05T04:09:15.652783Z","level":"info","event":"93","chan":"stdout","logger":"task"}
{"timestamp":"2025-12-05T04:09:16.265806Z","level":"info","event":"94","chan":"stdout","logger":"task"}
{"timestamp":"2025-12-05T04:09:16.944563Z","level":"info","event":"95","chan":"stdout","logger":"task"}
{"timestamp":"2025-12-05T04:09:17.587109Z","level":"info","event":"96","chan":"stdout","logger":"task"}
{"timestamp":"2025-12-05T04:09:18.214094Z","level":"info","event":"97","chan":"stdout","logger":"task"}
{"timestamp":"2025-12-05T04:09:19.132332Z","level":"info","event":"98","chan":"stdout","logger":"task"}
{"timestamp":"2025-12-05T04:09:19.824958Z","level":"info","event":"99","chan":"stdout","logger":"task"}
{"timestamp":"2025-12-05T04:09:19.825659Z","level":"info","event":"  Processing song 100/100: Dancing Crazy by Miranda Cosgrove","chan":"stdout","logger":"task"}
{"timestamp":"2025-12-05T04:09:20.519767Z","level":"info","event":"100","chan":"stdout","logger":"task"}
{"timestamp":"2025-12-05T04:09:20.520618Z","level":"info","event":"{'name': 'Lady Gaga', 'id': '1HY2Jd0NmPuamShAr6KMms', 'url': 'https://open.spotify.com/artist/1HY2Jd0NmPuamShAr6KMms'}","chan":"stdout","logger":"task"}
{"timestamp":"2025-12-05T04:09:20.520965Z","level":"info","event":"https://musicbrainz.org/ws/2/url?resource=https://open.spotify.com/artist/1HY2Jd0NmPuamShAr6KMms&inc=artist-rels&fmt=json","chan":"stdout","logger":"task"}
{"timestamp":"2025-12-05T04:09:20.879837Z","level":"info","event":"https://musicbrainz.org/ws/2/artist/650e7db6-b795-4eb5-a702-5ea2fc46c848?inc=tags&fmt=json","chan":"stdout","logger":"task"}
{"timestamp":"2025-12-05T04:09:22.000055Z","level":"info","event":"{'name': 'Katy Perry', 'id': '6jJ0s89eD6GaHleKKya26X', 'url': 'https://open.spotify.com/artist/6jJ0s89eD6GaHleKKya26X'}","chan":"stdout","logger":"task"}
{"timestamp":"2025-12-05T04:09:22.001034Z","level":"info","event":"https://musicbrainz.org/ws/2/url?resource=https://open.spotify.com/artist/6jJ0s89eD6GaHleKKya26X&inc=artist-rels&fmt=json","chan":"stdout","logger":"task"}
{"timestamp":"2025-12-05T04:09:22.129004Z","level":"info","event":"https://musicbrainz.org/ws/2/artist/122d63fc-8671-43e4-9752-34e846d62a9c?inc=tags&fmt=json","chan":"stdout","logger":"task"}
{"timestamp":"2025-12-05T04:09:23.248707Z","level":"info","event":"{'name': 'Black Eyed Peas', 'id': '1yxSLGMDHlW21z4YXirZDS', 'url': 'https://open.spotify.com/artist/1yxSLGMDHlW21z4YXirZDS'}","chan":"stdout","logger":"task"}
{"timestamp":"2025-12-05T04:09:23.253623Z","level":"info","event":"https://musicbrainz.org/ws/2/url?resource=https://open.spotify.com/artist/1yxSLGMDHlW21z4YXirZDS&inc=artist-rels&fmt=json","chan":"stdout","logger":"task"}
{"timestamp":"2025-12-05T04:09:23.366202Z","level":"info","event":"https://musicbrainz.org/ws/2/artist/d5be5333-4171-427e-8e12-732087c6b78e?inc=tags&fmt=json","chan":"stdout","logger":"task"}
{"timestamp":"2025-12-05T04:09:24.489052Z","level":"info","event":"{'name': 'Glee Cast', 'id': '0SCbttzoZTnLFebDYmAWCm', 'url': 'https://open.spotify.com/artist/0SCbttzoZTnLFebDYmAWCm'}","chan":"stdout","logger":"task"}
{"timestamp":"2025-12-05T04:09:24.494412Z","level":"info","event":"https://musicbrainz.org/ws/2/url?resource=https://open.spotify.com/artist/0SCbttzoZTnLFebDYmAWCm&inc=artist-rels&fmt=json","chan":"stdout","logger":"task"}
{"timestamp":"2025-12-05T04:09:24.601187Z","level":"info","event":"https://musicbrainz.org/ws/2/artist/29542149-a818-4167-aa91-439adc9d61f5?inc=tags&fmt=json","chan":"stdout","logger":"task"}
{"timestamp":"2025-12-05T04:09:25.723176Z","level":"info","event":"{'name': 'P!nk', 'id': '1KCSPY1glIKqW2TotWuXOR', 'url': 'https://open.spotify.com/artist/1KCSPY1glIKqW2TotWuXOR'}","chan":"stdout","logger":"task"}
{"timestamp":"2025-12-05T04:09:25.726821Z","level":"info","event":"https://musicbrainz.org/ws/2/url?resource=https://open.spotify.com/artist/1KCSPY1glIKqW2TotWuXOR&inc=artist-rels&fmt=json","chan":"stdout","logger":"task"}
{"timestamp":"2025-12-05T04:09:25.841056Z","level":"info","event":"https://musicbrainz.org/ws/2/artist/f4d5cc07-3bc9-4836-9b15-88a08359bc63?inc=tags&fmt=json","chan":"stdout","logger":"task"}
{"timestamp":"2025-12-05T04:09:26.958013Z","level":"info","event":"{'name': 'Chris Brown', 'id': '7bXgB6jMjp9ATFy66eO08Z', 'url': 'https://open.spotify.com/artist/7bXgB6jMjp9ATFy66eO08Z'}","chan":"stdout","logger":"task"}
{"timestamp":"2025-12-05T04:09:26.958498Z","level":"info","event":"https://musicbrainz.org/ws/2/url?resource=https://open.spotify.com/artist/7bXgB6jMjp9ATFy66eO08Z&inc=artist-rels&fmt=json","chan":"stdout","logger":"task"}
{"timestamp":"2025-12-05T04:09:27.068279Z","level":"info","event":"https://musicbrainz.org/ws/2/artist/c234fa42-e6a6-443e-937e-2f4b073538a3?inc=tags&fmt=json","chan":"stdout","logger":"task"}
{"timestamp":"2025-12-05T04:09:28.275061Z","level":"info","event":"{'name': 'Lil Wayne', 'id': '55Aa2cqylxrFIXC767Z865', 'url': 'https://open.spotify.com/artist/55Aa2cqylxrFIXC767Z865'}","chan":"stdout","logger":"task"}
{"timestamp":"2025-12-05T04:09:28.276497Z","level":"info","event":"https://musicbrainz.org/ws/2/url?resource=https://open.spotify.com/artist/55Aa2cqylxrFIXC767Z865&inc=artist-rels&fmt=json","chan":"stdout","logger":"task"}
{"timestamp":"2025-12-05T04:09:28.401738Z","level":"info","event":"https://musicbrainz.org/ws/2/artist/ac9a487a-d9d2-4f27-bb23-0f4686488345?inc=tags&fmt=json","chan":"stdout","logger":"task"}
{"timestamp":"2025-12-05T04:09:29.526420Z","level":"info","event":"{'name': 'Busta Rhymes', 'id': '1YfEcTuGvBQ8xSD1f53UnK', 'url': 'https://open.spotify.com/artist/1YfEcTuGvBQ8xSD1f53UnK'}","chan":"stdout","logger":"task"}
{"timestamp":"2025-12-05T04:09:29.526773Z","level":"info","event":"https://musicbrainz.org/ws/2/url?resource=https://open.spotify.com/artist/1YfEcTuGvBQ8xSD1f53UnK&inc=artist-rels&fmt=json","chan":"stdout","logger":"task"}
{"timestamp":"2025-12-05T04:09:29.644849Z","level":"info","event":"https://musicbrainz.org/ws/2/artist/10a9ff92-9637-4498-afea-7044b2ab0dc0?inc=tags&fmt=json","chan":"stdout","logger":"task"}
{"timestamp":"2025-12-05T04:09:29.762503Z","level":"info","event":"Rate limit hit. Retrying in 1s...","chan":"stdout","logger":"task"}
{"timestamp":"2025-12-05T04:09:30.902472Z","level":"info","event":"Rate limit hit. Retrying in 2s...","chan":"stdout","logger":"task"}
{"timestamp":"2025-12-05T04:09:34.041796Z","level":"info","event":"{'name': 'Bruno Mars', 'id': '0du5cEVh5yTK9QJze8zA0C', 'url': 'https://open.spotify.com/artist/0du5cEVh5yTK9QJze8zA0C'}","chan":"stdout","logger":"task"}
{"timestamp":"2025-12-05T04:09:34.044129Z","level":"info","event":"https://musicbrainz.org/ws/2/url?resource=https://open.spotify.com/artist/0du5cEVh5yTK9QJze8zA0C&inc=artist-rels&fmt=json","chan":"stdout","logger":"task"}
{"timestamp":"2025-12-05T04:09:34.161442Z","level":"info","event":"https://musicbrainz.org/ws/2/artist/afb680f2-b6eb-4cd7-a70b-a63b25c763d5?inc=tags&fmt=json","chan":"stdout","logger":"task"}
{"timestamp":"2025-12-05T04:09:35.289446Z","level":"info","event":"{'name': 'Jeremih', 'id': '3KV3p5EY4AvKxOlhGHORLg', 'url': 'https://open.spotify.com/artist/3KV3p5EY4AvKxOlhGHORLg'}","chan":"stdout","logger":"task"}
{"timestamp":"2025-12-05T04:09:35.291079Z","level":"info","event":"https://musicbrainz.org/ws/2/url?resource=https://open.spotify.com/artist/3KV3p5EY4AvKxOlhGHORLg&inc=artist-rels&fmt=json","chan":"stdout","logger":"task"}
{"timestamp":"2025-12-05T04:09:35.415938Z","level":"info","event":"https://musicbrainz.org/ws/2/artist/1c009a08-74d1-4682-bc56-8bfbe9e66b62?inc=tags&fmt=json","chan":"stdout","logger":"task"}
{"timestamp":"2025-12-05T04:09:36.538657Z","level":"info","event":"{'name': '50 Cent', 'id': '3q7HBObVc0L8jNeTe5Gofh', 'url': 'https://open.spotify.com/artist/3q7HBObVc0L8jNeTe5Gofh'}","chan":"stdout","logger":"task"}
{"timestamp":"2025-12-05T04:09:36.540609Z","level":"info","event":"https://musicbrainz.org/ws/2/url?resource=https://open.spotify.com/artist/3q7HBObVc0L8jNeTe5Gofh&inc=artist-rels&fmt=json","chan":"stdout","logger":"task"}
{"timestamp":"2025-12-05T04:09:36.653048Z","level":"info","event":"https://musicbrainz.org/ws/2/artist/8e68819d-71be-4e7d-b41d-f1df81b01d3f?inc=tags&fmt=json","chan":"stdout","logger":"task"}
{"timestamp":"2025-12-05T04:09:37.768856Z","level":"info","event":"{'name': 'Kesha', 'id': '6LqNN22kT3074XbTVUrhzX', 'url': 'https://open.spotify.com/artist/6LqNN22kT3074XbTVUrhzX'}","chan":"stdout","logger":"task"}
{"timestamp":"2025-12-05T04:09:37.769403Z","level":"info","event":"https://musicbrainz.org/ws/2/url?resource=https://open.spotify.com/artist/6LqNN22kT3074XbTVUrhzX&inc=artist-rels&fmt=json","chan":"stdout","logger":"task"}
{"timestamp":"2025-12-05T04:09:37.884468Z","level":"info","event":"https://musicbrainz.org/ws/2/artist/fab34286-b8e1-4879-bce3-194e1358fbd2?inc=tags&fmt=json","chan":"stdout","logger":"task"}
{"timestamp":"2025-12-05T04:09:39.021356Z","level":"info","event":"{'name': 'Enrique Iglesias', 'id': '7qG3b048QCHVRO5Pv1T5lw', 'url': 'https://open.spotify.com/artist/7qG3b048QCHVRO5Pv1T5lw'}","chan":"stdout","logger":"task"}
{"timestamp":"2025-12-05T04:09:39.022783Z","level":"info","event":"https://musicbrainz.org/ws/2/url?resource=https://open.spotify.com/artist/7qG3b048QCHVRO5Pv1T5lw&inc=artist-rels&fmt=json","chan":"stdout","logger":"task"}
{"timestamp":"2025-12-05T04:09:39.141894Z","level":"info","event":"https://musicbrainz.org/ws/2/artist/35f866dc-c061-48ba-8157-cf2e0eac4857?inc=tags&fmt=json","chan":"stdout","logger":"task"}
{"timestamp":"2025-12-05T04:09:40.256834Z","level":"info","event":"{'name': 'Ludacris', 'id': '3ipn9JLAPI5GUEo4y4jcoi', 'url': 'https://open.spotify.com/artist/3ipn9JLAPI5GUEo4y4jcoi'}","chan":"stdout","logger":"task"}
{"timestamp":"2025-12-05T04:09:40.258180Z","level":"info","event":"https://musicbrainz.org/ws/2/url?resource=https://open.spotify.com/artist/3ipn9JLAPI5GUEo4y4jcoi&inc=artist-rels&fmt=json","chan":"stdout","logger":"task"}
{"timestamp":"2025-12-05T04:09:40.375044Z","level":"info","event":"https://musicbrainz.org/ws/2/artist/0638ba22-040f-438d-83a5-9b670c4adaf5?inc=tags&fmt=json","chan":"stdout","logger":"task"}
{"timestamp":"2025-12-05T04:09:41.504414Z","level":"info","event":"{'name': 'DJ Frank E', 'id': '4yt2wdqvcHygghx9iNUb6i', 'url': 'https://open.spotify.com/artist/4yt2wdqvcHygghx9iNUb6i'}","chan":"stdout","logger":"task"}
{"timestamp":"2025-12-05T04:09:41.504770Z","level":"info","event":"https://musicbrainz.org/ws/2/url?resource=https://open.spotify.com/artist/4yt2wdqvcHygghx9iNUb6i&inc=artist-rels&fmt=json","chan":"stdout","logger":"task"}
{"timestamp":"2025-12-05T04:09:41.623196Z","level":"info","event":"https://musicbrainz.org/ws/2/artist/c56910df-7197-466c-93d3-3864758faac1?inc=tags&fmt=json","chan":"stdout","logger":"task"}
{"timestamp":"2025-12-05T04:09:42.740202Z","level":"info","event":"{'name': 'Jennifer Lopez', 'id': '2DlGxzQSjYe5N6G9nkYghR', 'url': 'https://open.spotify.com/artist/2DlGxzQSjYe5N6G9nkYghR'}","chan":"stdout","logger":"task"}
{"timestamp":"2025-12-05T04:09:42.741924Z","level":"info","event":"https://musicbrainz.org/ws/2/url?resource=https://open.spotify.com/artist/2DlGxzQSjYe5N6G9nkYghR&inc=artist-rels&fmt=json","chan":"stdout","logger":"task"}
{"timestamp":"2025-12-05T04:09:42.860744Z","level":"info","event":"Rate limit hit. Retrying in 1s...","chan":"stdout","logger":"task"}
{"timestamp":"2025-12-05T04:09:44.003694Z","level":"info","event":"https://musicbrainz.org/ws/2/artist/f0602f55-1770-483d-89bd-4bae0d0ac086?inc=tags&fmt=json","chan":"stdout","logger":"task"}
{"timestamp":"2025-12-05T04:09:45.126374Z","level":"info","event":"{'name': 'Pitbull', 'id': '0TnOYISbd1XYRBk9myaseg', 'url': 'https://open.spotify.com/artist/0TnOYISbd1XYRBk9myaseg'}","chan":"stdout","logger":"task"}
{"timestamp":"2025-12-05T04:09:45.126846Z","level":"info","event":"https://musicbrainz.org/ws/2/url?resource=https://open.spotify.com/artist/0TnOYISbd1XYRBk9myaseg&inc=artist-rels&fmt=json","chan":"stdout","logger":"task"}
{"timestamp":"2025-12-05T04:09:45.247854Z","level":"info","event":"https://musicbrainz.org/ws/2/artist/d262ea27-3ffe-40f7-b922-85c42d625e67?inc=tags&fmt=json","chan":"stdout","logger":"task"}
{"timestamp":"2025-12-05T04:09:46.362513Z","level":"info","event":"{'name': 'Diddy - Dirty Money', 'id': '2QYEvpsWUOjqaYuxDPTCmV', 'url': 'https://open.spotify.com/artist/2QYEvpsWUOjqaYuxDPTCmV'}","chan":"stdout","logger":"task"}
{"timestamp":"2025-12-05T04:09:46.364360Z","level":"info","event":"https://musicbrainz.org/ws/2/url?resource=https://open.spotify.com/artist/2QYEvpsWUOjqaYuxDPTCmV&inc=artist-rels&fmt=json","chan":"stdout","logger":"task"}
{"timestamp":"2025-12-05T04:09:46.507662Z","level":"info","event":"HTTP 404: Not Found","chan":"stdout","logger":"task"}
{"timestamp":"2025-12-05T04:09:46.508240Z","level":"info","event":"unable to get mbid for https://open.spotify.com/artist/2QYEvpsWUOjqaYuxDPTCmV","chan":"stdout","logger":"task"}
{"timestamp":"2025-12-05T04:09:47.519140Z","level":"info","event":"{'name': 'Skylar Grey', 'id': '4utLUGcTvOJFr6aqIJtYWV', 'url': 'https://open.spotify.com/artist/4utLUGcTvOJFr6aqIJtYWV'}","chan":"stdout","logger":"task"}
{"timestamp":"2025-12-05T04:09:47.521413Z","level":"info","event":"https://musicbrainz.org/ws/2/url?resource=https://open.spotify.com/artist/4utLUGcTvOJFr6aqIJtYWV&inc=artist-rels&fmt=json","chan":"stdout","logger":"task"}
{"timestamp":"2025-12-05T04:09:47.648877Z","level":"info","event":"https://musicbrainz.org/ws/2/artist/bd01c9d7-89dd-4cb4-9baa-a43bfa292bed?inc=tags&fmt=json","chan":"stdout","logger":"task"}
{"timestamp":"2025-12-05T04:09:48.766697Z","level":"info","event":"{'name': 'T-Pain', 'id': '3aQeKQSyrW4qWr35idm0cy', 'url': 'https://open.spotify.com/artist/3aQeKQSyrW4qWr35idm0cy'}","chan":"stdout","logger":"task"}
{"timestamp":"2025-12-05T04:09:48.768703Z","level":"info","event":"https://musicbrainz.org/ws/2/url?resource=https://open.spotify.com/artist/3aQeKQSyrW4qWr35idm0cy&inc=artist-rels&fmt=json","chan":"stdout","logger":"task"}
{"timestamp":"2025-12-05T04:09:48.878966Z","level":"info","event":"https://musicbrainz.org/ws/2/artist/ce55e49a-32f4-4757-9849-bf04d06d5fcc?inc=tags&fmt=json","chan":"stdout","logger":"task"}
{"timestamp":"2025-12-05T04:09:49.995736Z","level":"info","event":"{'name': 'Nicki Minaj', 'id': '0hCNtLu0JehylgoiP8L4Gh', 'url': 'https://open.spotify.com/artist/0hCNtLu0JehylgoiP8L4Gh'}","chan":"stdout","logger":"task"}
{"timestamp":"2025-12-05T04:09:49.998172Z","level":"info","event":"https://musicbrainz.org/ws/2/url?resource=https://open.spotify.com/artist/0hCNtLu0JehylgoiP8L4Gh&inc=artist-rels&fmt=json","chan":"stdout","logger":"task"}
{"timestamp":"2025-12-05T04:09:50.123964Z","level":"info","event":"https://musicbrainz.org/ws/2/artist/1036b808-f58c-4a3e-b461-a2c4492ecf1b?inc=tags&fmt=json","chan":"stdout","logger":"task"}
{"timestamp":"2025-12-05T04:09:51.239906Z","level":"info","event":"{'name': 'Drake', 'id': '3TVXtAsR1Inumwj472S9r4', 'url': 'https://open.spotify.com/artist/3TVXtAsR1Inumwj472S9r4'}","chan":"stdout","logger":"task"}
{"timestamp":"2025-12-05T04:09:51.247690Z","level":"info","event":"https://musicbrainz.org/ws/2/url?resource=https://open.spotify.com/artist/3TVXtAsR1Inumwj472S9r4&inc=artist-rels&fmt=json","chan":"stdout","logger":"task"}
{"timestamp":"2025-12-05T04:09:51.380750Z","level":"info","event":"https://musicbrainz.org/ws/2/artist/9fff2f8a-21e6-47de-a2b8-7f449929d43f?inc=tags&fmt=json","chan":"stdout","logger":"task"}
{"timestamp":"2025-12-05T04:09:52.505445Z","level":"info","event":"{'name': 'Christina Perri', 'id': '7H55rcKCfwqkyDFH9wpKM6', 'url': 'https://open.spotify.com/artist/7H55rcKCfwqkyDFH9wpKM6'}","chan":"stdout","logger":"task"}
{"timestamp":"2025-12-05T04:09:52.512488Z","level":"info","event":"https://musicbrainz.org/ws/2/url?resource=https://open.spotify.com/artist/7H55rcKCfwqkyDFH9wpKM6&inc=artist-rels&fmt=json","chan":"stdout","logger":"task"}
{"timestamp":"2025-12-05T04:09:52.648684Z","level":"info","event":"https://musicbrainz.org/ws/2/artist/38d363c7-fdcb-4308-9474-a0d14ab8d9b7?inc=tags&fmt=json","chan":"stdout","logger":"task"}
{"timestamp":"2025-12-05T04:09:53.765298Z","level":"info","event":"{'name': 'USHER', 'id': '23zg3TcAtWQy7J6upgbUnj', 'url': 'https://open.spotify.com/artist/23zg3TcAtWQy7J6upgbUnj'}","chan":"stdout","logger":"task"}
{"timestamp":"2025-12-05T04:09:53.767250Z","level":"info","event":"https://musicbrainz.org/ws/2/url?resource=https://open.spotify.com/artist/23zg3TcAtWQy7J6upgbUnj&inc=artist-rels&fmt=json","chan":"stdout","logger":"task"}
{"timestamp":"2025-12-05T04:09:53.882371Z","level":"info","event":"Rate limit hit. Retrying in 1s...","chan":"stdout","logger":"task"}
{"timestamp":"2025-12-05T04:09:55.018753Z","level":"info","event":"https://musicbrainz.org/ws/2/artist/3414d446-735a-443c-931f-10634f57e5b9?inc=tags&fmt=json","chan":"stdout","logger":"task"}
{"timestamp":"2025-12-05T04:09:56.133081Z","level":"info","event":"{'name': 'Avril Lavigne', 'id': '0p4nmQO2msCgU4IF37Wi3j', 'url': 'https://open.spotify.com/artist/0p4nmQO2msCgU4IF37Wi3j'}","chan":"stdout","logger":"task"}
{"timestamp":"2025-12-05T04:09:56.134307Z","level":"info","event":"https://musicbrainz.org/ws/2/url?resource=https://open.spotify.com/artist/0p4nmQO2msCgU4IF37Wi3j&inc=artist-rels&fmt=json","chan":"stdout","logger":"task"}
{"timestamp":"2025-12-05T04:09:56.257652Z","level":"info","event":"https://musicbrainz.org/ws/2/artist/0103c1cc-4a09-4a5d-a344-56ad99a77193?inc=tags&fmt=json","chan":"stdout","logger":"task"}
{"timestamp":"2025-12-05T04:09:57.371053Z","level":"info","event":"{'name': 'Dr. Dre', 'id': '6DPYiyq5kWVQS4RGwxzPC7', 'url': 'https://open.spotify.com/artist/6DPYiyq5kWVQS4RGwxzPC7'}","chan":"stdout","logger":"task"}
{"timestamp":"2025-12-05T04:09:57.375705Z","level":"info","event":"https://musicbrainz.org/ws/2/url?resource=https://open.spotify.com/artist/6DPYiyq5kWVQS4RGwxzPC7&inc=artist-rels&fmt=json","chan":"stdout","logger":"task"}
{"timestamp":"2025-12-05T04:09:57.497085Z","level":"info","event":"https://musicbrainz.org/ws/2/artist/5f6ab597-f57a-40da-be9e-adad48708203?inc=tags&fmt=json","chan":"stdout","logger":"task"}
{"timestamp":"2025-12-05T04:09:58.616848Z","level":"info","event":"{'name': 'Eminem', 'id': '7dGJo4pcD2V6oG8kP0tJRR', 'url': 'https://open.spotify.com/artist/7dGJo4pcD2V6oG8kP0tJRR'}","chan":"stdout","logger":"task"}
{"timestamp":"2025-12-05T04:09:58.618075Z","level":"info","event":"https://musicbrainz.org/ws/2/url?resource=https://open.spotify.com/artist/7dGJo4pcD2V6oG8kP0tJRR&inc=artist-rels&fmt=json","chan":"stdout","logger":"task"}
{"timestamp":"2025-12-05T04:09:58.726404Z","level":"info","event":"https://musicbrainz.org/ws/2/artist/b95ce3ff-3d05-4e87-9e01-c97b66af13d4?inc=tags&fmt=json","chan":"stdout","logger":"task"}
{"timestamp":"2025-12-05T04:09:59.832431Z","level":"info","event":"{'name': 'Britney Spears', 'id': '26dSoYclwsYLMAKD3tpOr4', 'url': 'https://open.spotify.com/artist/26dSoYclwsYLMAKD3tpOr4'}","chan":"stdout","logger":"task"}
{"timestamp":"2025-12-05T04:09:59.834106Z","level":"info","event":"https://musicbrainz.org/ws/2/url?resource=https://open.spotify.com/artist/26dSoYclwsYLMAKD3tpOr4&inc=artist-rels&fmt=json","chan":"stdout","logger":"task"}
{"timestamp":"2025-12-05T04:09:59.953054Z","level":"info","event":"https://musicbrainz.org/ws/2/artist/45a663b5-b1cb-4a91-bff6-2bef7bbfdd76?inc=tags&fmt=json","chan":"stdout","logger":"task"}
{"timestamp":"2025-12-05T04:10:01.073504Z","level":"info","event":"{'name': 'Selena Gomez & The Scene', 'id': '6dJeKm76NjfXBNTpHmOhfO', 'url': 'https://open.spotify.com/artist/6dJeKm76NjfXBNTpHmOhfO'}","chan":"stdout","logger":"task"}
{"timestamp":"2025-12-05T04:10:01.077771Z","level":"info","event":"https://musicbrainz.org/ws/2/url?resource=https://open.spotify.com/artist/6dJeKm76NjfXBNTpHmOhfO&inc=artist-rels&fmt=json","chan":"stdout","logger":"task"}
{"timestamp":"2025-12-05T04:10:01.238549Z","level":"info","event":"https://musicbrainz.org/ws/2/artist/37d0a847-32d3-480f-bd1e-101f50a3d332?inc=tags&fmt=json","chan":"stdout","logger":"task"}
{"timestamp":"2025-12-05T04:10:02.392646Z","level":"info","event":"{'name': 'Kanye West', 'id': '5K4W6rqBFWDnAN6FQUkS6x', 'url': 'https://open.spotify.com/artist/5K4W6rqBFWDnAN6FQUkS6x'}","chan":"stdout","logger":"task"}
{"timestamp":"2025-12-05T04:10:02.392934Z","level":"info","event":"https://musicbrainz.org/ws/2/url?resource=https://open.spotify.com/artist/5K4W6rqBFWDnAN6FQUkS6x&inc=artist-rels&fmt=json","chan":"stdout","logger":"task"}
{"timestamp":"2025-12-05T04:10:02.506492Z","level":"info","event":"https://musicbrainz.org/ws/2/artist/164f0d73-1234-4e2c-8743-d77bf2191051?inc=tags&fmt=json","chan":"stdout","logger":"task"}
{"timestamp":"2025-12-05T04:10:03.644128Z","level":"info","event":"{'name': 'Adele', 'id': '4dpARuHxo51G3z768sgnrY', 'url': 'https://open.spotify.com/artist/4dpARuHxo51G3z768sgnrY'}","chan":"stdout","logger":"task"}
{"timestamp":"2025-12-05T04:10:03.645261Z","level":"info","event":"https://musicbrainz.org/ws/2/url?resource=https://open.spotify.com/artist/4dpARuHxo51G3z768sgnrY&inc=artist-rels&fmt=json","chan":"stdout","logger":"task"}
{"timestamp":"2025-12-05T04:10:03.770094Z","level":"info","event":"https://musicbrainz.org/ws/2/artist/cc2c9c3c-b7bc-4b8b-84d8-4fbd8779e493?inc=tags&fmt=json","chan":"stdout","logger":"task"}
{"timestamp":"2025-12-05T04:10:03.876472Z","level":"info","event":"Rate limit hit. Retrying in 1s...","chan":"stdout","logger":"task"}
{"timestamp":"2025-12-05T04:10:04.991667Z","level":"info","event":"Rate limit hit. Retrying in 2s...","chan":"stdout","logger":"task"}
{"timestamp":"2025-12-05T04:10:08.130658Z","level":"info","event":"{'name': 'Keri Hilson', 'id': '63wjoROpeh5f11Qm93UiJ1', 'url': 'https://open.spotify.com/artist/63wjoROpeh5f11Qm93UiJ1'}","chan":"stdout","logger":"task"}
{"timestamp":"2025-12-05T04:10:08.131893Z","level":"info","event":"https://musicbrainz.org/ws/2/url?resource=https://open.spotify.com/artist/63wjoROpeh5f11Qm93UiJ1&inc=artist-rels&fmt=json","chan":"stdout","logger":"task"}
{"timestamp":"2025-12-05T04:10:08.248102Z","level":"info","event":"https://musicbrainz.org/ws/2/artist/b76c616a-ec0d-4f0c-b986-f249c4a04d77?inc=tags&fmt=json","chan":"stdout","logger":"task"}
{"timestamp":"2025-12-05T04:10:09.355591Z","level":"info","event":"{'name': 'Cory Gunz', 'id': '7BAaznGSsqcksud4R5ou5z', 'url': 'https://open.spotify.com/artist/7BAaznGSsqcksud4R5ou5z'}","chan":"stdout","logger":"task"}
{"timestamp":"2025-12-05T04:10:09.359934Z","level":"info","event":"https://musicbrainz.org/ws/2/url?resource=https://open.spotify.com/artist/7BAaznGSsqcksud4R5ou5z&inc=artist-rels&fmt=json","chan":"stdout","logger":"task"}
{"timestamp":"2025-12-05T04:10:09.477020Z","level":"info","event":"https://musicbrainz.org/ws/2/artist/10ae95fd-6e01-48ec-8108-d49fedcc259f?inc=tags&fmt=json","chan":"stdout","logger":"task"}
{"timestamp":"2025-12-05T04:10:10.589106Z","level":"info","event":"{'name': 'Lupe Fiasco', 'id': '01QTIT5P1pFP3QnnFSdsJf', 'url': 'https://open.spotify.com/artist/01QTIT5P1pFP3QnnFSdsJf'}","chan":"stdout","logger":"task"}
{"timestamp":"2025-12-05T04:10:10.590257Z","level":"info","event":"https://musicbrainz.org/ws/2/url?resource=https://open.spotify.com/artist/01QTIT5P1pFP3QnnFSdsJf&inc=artist-rels&fmt=json","chan":"stdout","logger":"task"}
{"timestamp":"2025-12-05T04:10:10.716039Z","level":"info","event":"https://musicbrainz.org/ws/2/artist/cf15719f-51f9-4db8-a15d-5eed9664ce69?inc=tags&fmt=json","chan":"stdout","logger":"task"}
{"timestamp":"2025-12-05T04:10:11.838068Z","level":"info","event":"{'name': 'Thompson Square', 'id': '0Bvs8yPjrQSbmVIRqSg1Sp', 'url': 'https://open.spotify.com/artist/0Bvs8yPjrQSbmVIRqSg1Sp'}","chan":"stdout","logger":"task"}
{"timestamp":"2025-12-05T04:10:11.838727Z","level":"info","event":"https://musicbrainz.org/ws/2/url?resource=https://open.spotify.com/artist/0Bvs8yPjrQSbmVIRqSg1Sp&inc=artist-rels&fmt=json","chan":"stdout","logger":"task"}
{"timestamp":"2025-12-05T04:10:11.963328Z","level":"info","event":"HTTP 404: Not Found","chan":"stdout","logger":"task"}
{"timestamp":"2025-12-05T04:10:11.964219Z","level":"info","event":"unable to get mbid for https://open.spotify.com/artist/0Bvs8yPjrQSbmVIRqSg1Sp","chan":"stdout","logger":"task"}
{"timestamp":"2025-12-05T04:10:12.974574Z","level":"info","event":"{'name': 'Far East Movement', 'id': '698hF4vcwHwPy8ltmXermq', 'url': 'https://open.spotify.com/artist/698hF4vcwHwPy8ltmXermq'}","chan":"stdout","logger":"task"}
{"timestamp":"2025-12-05T04:10:12.976215Z","level":"info","event":"https://musicbrainz.org/ws/2/url?resource=https://open.spotify.com/artist/698hF4vcwHwPy8ltmXermq&inc=artist-rels&fmt=json","chan":"stdout","logger":"task"}
{"timestamp":"2025-12-05T04:10:13.081171Z","level":"info","event":"https://musicbrainz.org/ws/2/artist/6bd5655c-b7fe-48ee-8925-c2d2d8798618?inc=tags&fmt=json","chan":"stdout","logger":"task"}
{"timestamp":"2025-12-05T04:10:14.196672Z","level":"info","event":"{'name': 'Ryan Tedder', 'id': '4we5S2VLjgY9KzIzApL1KI', 'url': 'https://open.spotify.com/artist/4we5S2VLjgY9KzIzApL1KI'}","chan":"stdout","logger":"task"}
{"timestamp":"2025-12-05T04:10:14.198959Z","level":"info","event":"https://musicbrainz.org/ws/2/url?resource=https://open.spotify.com/artist/4we5S2VLjgY9KzIzApL1KI&inc=artist-rels&fmt=json","chan":"stdout","logger":"task"}
{"timestamp":"2025-12-05T04:10:14.322394Z","level":"info","event":"https://musicbrainz.org/ws/2/artist/0bc6d6e7-0858-4b73-a079-7aa681095f98?inc=tags&fmt=json","chan":"stdout","logger":"task"}
{"timestamp":"2025-12-05T04:10:15.437187Z","level":"info","event":"{'name': 'Ruff Loaderz', 'id': '5JOIrGvup0vD5VjodB62Ui', 'url': 'https://open.spotify.com/artist/5JOIrGvup0vD5VjodB62Ui'}","chan":"stdout","logger":"task"}
{"timestamp":"2025-12-05T04:10:15.437466Z","level":"info","event":"https://musicbrainz.org/ws/2/url?resource=https://open.spotify.com/artist/5JOIrGvup0vD5VjodB62Ui&inc=artist-rels&fmt=json","chan":"stdout","logger":"task"}
{"timestamp":"2025-12-05T04:10:15.548866Z","level":"info","event":"https://musicbrainz.org/ws/2/artist/763e1ccd-7269-47fd-a7ed-5ea67aff8872?inc=tags&fmt=json","chan":"stdout","logger":"task"}
{"timestamp":"2025-12-05T04:10:16.660874Z","level":"info","event":"{'name': 'Wiz Khalifa', 'id': '137W8MRPWKqSmrBGDBFSop', 'url': 'https://open.spotify.com/artist/137W8MRPWKqSmrBGDBFSop'}","chan":"stdout","logger":"task"}
{"timestamp":"2025-12-05T04:10:16.661536Z","level":"info","event":"https://musicbrainz.org/ws/2/url?resource=https://open.spotify.com/artist/137W8MRPWKqSmrBGDBFSop&inc=artist-rels&fmt=json","chan":"stdout","logger":"task"}
{"timestamp":"2025-12-05T04:10:16.779464Z","level":"info","event":"https://musicbrainz.org/ws/2/artist/f5dfa020-ad69-41cd-b3d4-fd7af0414e94?inc=tags&fmt=json","chan":"stdout","logger":"task"}
{"timestamp":"2025-12-05T04:10:16.887579Z","level":"info","event":"Rate limit hit. Retrying in 1s...","chan":"stdout","logger":"task"}
{"timestamp":"2025-12-05T04:10:19.014735Z","level":"info","event":"{'name': 'Train', 'id': '3FUY2gzHeIiaesXtOAdB7A', 'url': 'https://open.spotify.com/artist/3FUY2gzHeIiaesXtOAdB7A'}","chan":"stdout","logger":"task"}
{"timestamp":"2025-12-05T04:10:19.015496Z","level":"info","event":"https://musicbrainz.org/ws/2/url?resource=https://open.spotify.com/artist/3FUY2gzHeIiaesXtOAdB7A&inc=artist-rels&fmt=json","chan":"stdout","logger":"task"}
{"timestamp":"2025-12-05T04:10:19.133118Z","level":"info","event":"https://musicbrainz.org/ws/2/artist/bfd5aec5-62a2-4560-a316-7c46c17babda?inc=tags&fmt=json","chan":"stdout","logger":"task"}
{"timestamp":"2025-12-05T04:10:20.252166Z","level":"info","event":"{'name': 'Darren Criss', 'id': '3nQ59hkeciYoR6RreQL4Rv', 'url': 'https://open.spotify.com/artist/3nQ59hkeciYoR6RreQL4Rv'}","chan":"stdout","logger":"task"}
{"timestamp":"2025-12-05T04:10:20.253268Z","level":"info","event":"https://musicbrainz.org/ws/2/url?resource=https://open.spotify.com/artist/3nQ59hkeciYoR6RreQL4Rv&inc=artist-rels&fmt=json","chan":"stdout","logger":"task"}
{"timestamp":"2025-12-05T04:10:20.369631Z","level":"info","event":"https://musicbrainz.org/ws/2/artist/989a05be-85e2-4586-a5f4-4207a0a28391?inc=tags&fmt=json","chan":"stdout","logger":"task"}
{"timestamp":"2025-12-05T04:10:21.489455Z","level":"info","event":"{'name': 'Zac Brown Band', 'id': '6yJCxee7QumYr820xdIsjo', 'url': 'https://open.spotify.com/artist/6yJCxee7QumYr820xdIsjo'}","chan":"stdout","logger":"task"}
{"timestamp":"2025-12-05T04:10:21.490880Z","level":"info","event":"https://musicbrainz.org/ws/2/url?resource=https://open.spotify.com/artist/6yJCxee7QumYr820xdIsjo&inc=artist-rels&fmt=json","chan":"stdout","logger":"task"}
{"timestamp":"2025-12-05T04:10:21.650090Z","level":"info","event":"https://musicbrainz.org/ws/2/artist/507226f4-0842-4f43-950e-81a7017230ec?inc=tags&fmt=json","chan":"stdout","logger":"task"}
{"timestamp":"2025-12-05T04:10:22.779666Z","level":"info","event":"{'name': 'Tinie Tempah', 'id': '0Tob4H0FLtEONHU1MjpUEp', 'url': 'https://open.spotify.com/artist/0Tob4H0FLtEONHU1MjpUEp'}","chan":"stdout","logger":"task"}
{"timestamp":"2025-12-05T04:10:22.785419Z","level":"info","event":"https://musicbrainz.org/ws/2/url?resource=https://open.spotify.com/artist/0Tob4H0FLtEONHU1MjpUEp&inc=artist-rels&fmt=json","chan":"stdout","logger":"task"}
{"timestamp":"2025-12-05T04:10:22.907201Z","level":"info","event":"https://musicbrainz.org/ws/2/artist/3cce3d37-d44f-46a2-b1e3-cd7247d5015c?inc=tags&fmt=json","chan":"stdout","logger":"task"}
{"timestamp":"2025-12-05T04:10:24.023785Z","level":"info","event":"{'name': 'Eric Turner', 'id': '79DOwuMzV2h4es3em0t002', 'url': 'https://open.spotify.com/artist/79DOwuMzV2h4es3em0t002'}","chan":"stdout","logger":"task"}
{"timestamp":"2025-12-05T04:10:24.027060Z","level":"info","event":"https://musicbrainz.org/ws/2/url?resource=https://open.spotify.com/artist/79DOwuMzV2h4es3em0t002&inc=artist-rels&fmt=json","chan":"stdout","logger":"task"}
{"timestamp":"2025-12-05T04:10:24.159516Z","level":"info","event":"https://musicbrainz.org/ws/2/artist/df2f7876-e731-4bde-965c-bd4a67b3fadd?inc=tags&fmt=json","chan":"stdout","logger":"task"}
{"timestamp":"2025-12-05T04:10:25.566425Z","level":"info","event":"{'name': 'Jason Aldean', 'id': '3FfvYsEGaIb52QPXhg4DcH', 'url': 'https://open.spotify.com/artist/3FfvYsEGaIb52QPXhg4DcH'}","chan":"stdout","logger":"task"}
{"timestamp":"2025-12-05T04:10:25.571776Z","level":"info","event":"https://musicbrainz.org/ws/2/url?resource=https://open.spotify.com/artist/3FfvYsEGaIb52QPXhg4DcH&inc=artist-rels&fmt=json","chan":"stdout","logger":"task"}
{"timestamp":"2025-12-05T04:10:25.688150Z","level":"info","event":"https://musicbrainz.org/ws/2/artist/f24df11a-7e35-4979-a4db-a3b2a170ce27?inc=tags&fmt=json","chan":"stdout","logger":"task"}
{"timestamp":"2025-12-05T04:10:26.808290Z","level":"info","event":"{'name': 'Kelly Clarkson', 'id': '3BmGtnKgCSGYIUhmivXKWX', 'url': 'https://open.spotify.com/artist/3BmGtnKgCSGYIUhmivXKWX'}","chan":"stdout","logger":"task"}
{"timestamp":"2025-12-05T04:10:26.809270Z","level":"info","event":"https://musicbrainz.org/ws/2/url?resource=https://open.spotify.com/artist/3BmGtnKgCSGYIUhmivXKWX&inc=artist-rels&fmt=json","chan":"stdout","logger":"task"}
{"timestamp":"2025-12-05T04:10:27.019483Z","level":"info","event":"https://musicbrainz.org/ws/2/artist/d339efbb-77b9-4147-ba9e-59f2f24550b2?inc=tags&fmt=json","chan":"stdout","logger":"task"}
{"timestamp":"2025-12-05T04:10:28.135475Z","level":"info","event":"{'name': 'Edward Maya', 'id': '6XwwFnewNgWp81MYMK8zLq', 'url': 'https://open.spotify.com/artist/6XwwFnewNgWp81MYMK8zLq'}","chan":"stdout","logger":"task"}
{"timestamp":"2025-12-05T04:10:28.137000Z","level":"info","event":"https://musicbrainz.org/ws/2/url?resource=https://open.spotify.com/artist/6XwwFnewNgWp81MYMK8zLq&inc=artist-rels&fmt=json","chan":"stdout","logger":"task"}
{"timestamp":"2025-12-05T04:10:28.249180Z","level":"info","event":"https://musicbrainz.org/ws/2/artist/257891db-1f69-4660-894d-075e355431a8?inc=tags&fmt=json","chan":"stdout","logger":"task"}
{"timestamp":"2025-12-05T04:10:29.367084Z","level":"info","event":"{'name': 'Vika Jigulina', 'id': '34dZRjYum6vVBGslgYaBtB', 'url': 'https://open.spotify.com/artist/34dZRjYum6vVBGslgYaBtB'}","chan":"stdout","logger":"task"}
{"timestamp":"2025-12-05T04:10:29.369332Z","level":"info","event":"https://musicbrainz.org/ws/2/url?resource=https://open.spotify.com/artist/34dZRjYum6vVBGslgYaBtB&inc=artist-rels&fmt=json","chan":"stdout","logger":"task"}
{"timestamp":"2025-12-05T04:10:29.486048Z","level":"info","event":"https://musicbrainz.org/ws/2/artist/2cb3ebf3-09fb-45fe-8267-9a45d15796df?inc=tags&fmt=json","chan":"stdout","logger":"task"}
{"timestamp":"2025-12-05T04:10:30.599490Z","level":"info","event":"{'name': 'Waka Flocka Flame', 'id': '6f4XkbvYlXMH0QgVRzW0sM', 'url': 'https://open.spotify.com/artist/6f4XkbvYlXMH0QgVRzW0sM'}","chan":"stdout","logger":"task"}
{"timestamp":"2025-12-05T04:10:30.602057Z","level":"info","event":"https://musicbrainz.org/ws/2/url?resource=https://open.spotify.com/artist/6f4XkbvYlXMH0QgVRzW0sM&inc=artist-rels&fmt=json","chan":"stdout","logger":"task"}
{"timestamp":"2025-12-05T04:10:30.724339Z","level":"info","event":"https://musicbrainz.org/ws/2/artist/59eda569-b380-4958-b98c-051d1667b3e1?inc=tags&fmt=json","chan":"stdout","logger":"task"}
{"timestamp":"2025-12-05T04:10:31.980231Z","level":"info","event":"{'name': 'Roscoe Dash', 'id': '0bfX8pF8kuHNCs57Ms4jZb', 'url': 'https://open.spotify.com/artist/0bfX8pF8kuHNCs57Ms4jZb'}","chan":"stdout","logger":"task"}
{"timestamp":"2025-12-05T04:10:31.981310Z","level":"info","event":"https://musicbrainz.org/ws/2/url?resource=https://open.spotify.com/artist/0bfX8pF8kuHNCs57Ms4jZb&inc=artist-rels&fmt=json","chan":"stdout","logger":"task"}
{"timestamp":"2025-12-05T04:10:32.099697Z","level":"info","event":"https://musicbrainz.org/ws/2/artist/2d79c678-e9e6-4456-a941-8ca436747a43?inc=tags&fmt=json","chan":"stdout","logger":"task"}
{"timestamp":"2025-12-05T04:10:33.224589Z","level":"info","event":"{'name': 'Wale', 'id': '67nwj3Y5sZQLl72VNUHEYE', 'url': 'https://open.spotify.com/artist/67nwj3Y5sZQLl72VNUHEYE'}","chan":"stdout","logger":"task"}
{"timestamp":"2025-12-05T04:10:33.225835Z","level":"info","event":"https://musicbrainz.org/ws/2/url?resource=https://open.spotify.com/artist/67nwj3Y5sZQLl72VNUHEYE&inc=artist-rels&fmt=json","chan":"stdout","logger":"task"}
{"timestamp":"2025-12-05T04:10:33.344514Z","level":"info","event":"https://musicbrainz.org/ws/2/artist/e34e41f2-f480-45d3-8190-a3ce5ab34fab?inc=tags&fmt=json","chan":"stdout","logger":"task"}
{"timestamp":"2025-12-05T04:10:34.463324Z","level":"info","event":"{'name': 'Rihanna', 'id': '5pKCCKE2ajJHZ9KAiaK11H', 'url': 'https://open.spotify.com/artist/5pKCCKE2ajJHZ9KAiaK11H'}","chan":"stdout","logger":"task"}
{"timestamp":"2025-12-05T04:10:34.463835Z","level":"info","event":"https://musicbrainz.org/ws/2/url?resource=https://open.spotify.com/artist/5pKCCKE2ajJHZ9KAiaK11H&inc=artist-rels&fmt=json","chan":"stdout","logger":"task"}
{"timestamp":"2025-12-05T04:10:34.572115Z","level":"info","event":"https://musicbrainz.org/ws/2/artist/73e5e69d-3554-40d8-8516-00cb38737a1c?inc=tags&fmt=json","chan":"stdout","logger":"task"}
{"timestamp":"2025-12-05T04:10:35.798255Z","level":"info","event":"{'name': 'Taio Cruz', 'id': '6MF9fzBmfXghAz953czmBC', 'url': 'https://open.spotify.com/artist/6MF9fzBmfXghAz953czmBC'}","chan":"stdout","logger":"task"}
{"timestamp":"2025-12-05T04:10:35.798504Z","level":"info","event":"https://musicbrainz.org/ws/2/url?resource=https://open.spotify.com/artist/6MF9fzBmfXghAz953czmBC&inc=artist-rels&fmt=json","chan":"stdout","logger":"task"}
{"timestamp":"2025-12-05T04:10:35.909006Z","level":"info","event":"https://musicbrainz.org/ws/2/artist/ba7d2626-38ce-4859-8495-bdb5732715c4?inc=tags&fmt=json","chan":"stdout","logger":"task"}
{"timestamp":"2025-12-05T04:10:37.026529Z","level":"info","event":"{'name': 'New Boyz', 'id': '1ZKqrja0WvbSssYNFO3lzs', 'url': 'https://open.spotify.com/artist/1ZKqrja0WvbSssYNFO3lzs'}","chan":"stdout","logger":"task"}
{"timestamp":"2025-12-05T04:10:37.028376Z","level":"info","event":"https://musicbrainz.org/ws/2/url?resource=https://open.spotify.com/artist/1ZKqrja0WvbSssYNFO3lzs&inc=artist-rels&fmt=json","chan":"stdout","logger":"task"}
{"timestamp":"2025-12-05T04:10:37.141450Z","level":"info","event":"https://musicbrainz.org/ws/2/artist/8e1d63a3-2980-4d69-ba61-1024e8a6df4b?inc=tags&fmt=json","chan":"stdout","logger":"task"}
{"timestamp":"2025-12-05T04:10:37.243460Z","level":"info","event":"Rate limit hit. Retrying in 1s...","chan":"stdout","logger":"task"}
{"timestamp":"2025-12-05T04:10:39.375910Z","level":"info","event":"{'name': 'The Cataracs', 'id': '7C64wNX3howEFZjAYRKsfP', 'url': 'https://open.spotify.com/artist/7C64wNX3howEFZjAYRKsfP'}","chan":"stdout","logger":"task"}
{"timestamp":"2025-12-05T04:10:39.377396Z","level":"info","event":"https://musicbrainz.org/ws/2/url?resource=https://open.spotify.com/artist/7C64wNX3howEFZjAYRKsfP&inc=artist-rels&fmt=json","chan":"stdout","logger":"task"}
{"timestamp":"2025-12-05T04:10:39.499162Z","level":"info","event":"https://musicbrainz.org/ws/2/artist/50d9d3ee-8947-4079-9d73-b01dd3e71d8a?inc=tags&fmt=json","chan":"stdout","logger":"task"}
{"timestamp":"2025-12-05T04:10:40.621564Z","level":"info","event":"{'name': 'DEV', 'id': '7Ip2u3e5Nv6fFb5xyIHxEE', 'url': 'https://open.spotify.com/artist/7Ip2u3e5Nv6fFb5xyIHxEE'}","chan":"stdout","logger":"task"}
{"timestamp":"2025-12-05T04:10:40.622710Z","level":"info","event":"https://musicbrainz.org/ws/2/url?resource=https://open.spotify.com/artist/7Ip2u3e5Nv6fFb5xyIHxEE&inc=artist-rels&fmt=json","chan":"stdout","logger":"task"}
{"timestamp":"2025-12-05T04:10:40.738261Z","level":"info","event":"https://musicbrainz.org/ws/2/artist/7cc04f00-4c8f-40ea-894c-5f65777b3575?inc=tags&fmt=json","chan":"stdout","logger":"task"}
{"timestamp":"2025-12-05T04:10:41.852391Z","level":"info","event":"{'name': 'Billy Currington', 'id': '1By9QBFnjZAoI83BZppHlt', 'url': 'https://open.spotify.com/artist/1By9QBFnjZAoI83BZppHlt'}","chan":"stdout","logger":"task"}
{"timestamp":"2025-12-05T04:10:41.852859Z","level":"info","event":"https://musicbrainz.org/ws/2/url?resource=https://open.spotify.com/artist/1By9QBFnjZAoI83BZppHlt&inc=artist-rels&fmt=json","chan":"stdout","logger":"task"}
{"timestamp":"2025-12-05T04:10:41.986334Z","level":"info","event":"https://musicbrainz.org/ws/2/artist/dbf94c49-0dd9-4f72-85d5-f548beb453f6?inc=tags&fmt=json","chan":"stdout","logger":"task"}
{"timestamp":"2025-12-05T04:10:43.106155Z","level":"info","event":"{'name': 'The Script', 'id': '3AQRLZ9PuTAozP28Skbq8V', 'url': 'https://open.spotify.com/artist/3AQRLZ9PuTAozP28Skbq8V'}","chan":"stdout","logger":"task"}
{"timestamp":"2025-12-05T04:10:43.108847Z","level":"info","event":"https://musicbrainz.org/ws/2/url?resource=https://open.spotify.com/artist/3AQRLZ9PuTAozP28Skbq8V&inc=artist-rels&fmt=json","chan":"stdout","logger":"task"}
{"timestamp":"2025-12-05T04:10:43.220067Z","level":"info","event":"https://musicbrainz.org/ws/2/artist/4c98aa1b-34eb-4336-987f-5e50aa059c00?inc=tags&fmt=json","chan":"stdout","logger":"task"}
{"timestamp":"2025-12-05T04:10:44.341824Z","level":"info","event":"{'name': 'Mike Posner', 'id': '2KsP6tYLJlTBvSUxnwlVWa', 'url': 'https://open.spotify.com/artist/2KsP6tYLJlTBvSUxnwlVWa'}","chan":"stdout","logger":"task"}
{"timestamp":"2025-12-05T04:10:44.343459Z","level":"info","event":"https://musicbrainz.org/ws/2/url?resource=https://open.spotify.com/artist/2KsP6tYLJlTBvSUxnwlVWa&inc=artist-rels&fmt=json","chan":"stdout","logger":"task"}
{"timestamp":"2025-12-05T04:10:44.459655Z","level":"info","event":"https://musicbrainz.org/ws/2/artist/5b64e344-b2fb-47bd-bd7b-4c793b17d472?inc=tags&fmt=json","chan":"stdout","logger":"task"}
{"timestamp":"2025-12-05T04:10:45.574431Z","level":"info","event":"{'name': 'Jessie J', 'id': '2gsggkzM5R49q6jpPvazou', 'url': 'https://open.spotify.com/artist/2gsggkzM5R49q6jpPvazou'}","chan":"stdout","logger":"task"}
{"timestamp":"2025-12-05T04:10:45.576944Z","level":"info","event":"https://musicbrainz.org/ws/2/url?resource=https://open.spotify.com/artist/2gsggkzM5R49q6jpPvazou&inc=artist-rels&fmt=json","chan":"stdout","logger":"task"}
{"timestamp":"2025-12-05T04:10:45.693148Z","level":"info","event":"https://musicbrainz.org/ws/2/artist/d24fb461-dee8-41fc-bb15-2f13bb2644a6?inc=tags&fmt=json","chan":"stdout","logger":"task"}
{"timestamp":"2025-12-05T04:10:46.809498Z","level":"info","event":"{'name': 'B.o.B', 'id': '5ndkK3dpZLKtBklKjxNQwT', 'url': 'https://open.spotify.com/artist/5ndkK3dpZLKtBklKjxNQwT'}","chan":"stdout","logger":"task"}
{"timestamp":"2025-12-05T04:10:46.811211Z","level":"info","event":"https://musicbrainz.org/ws/2/url?resource=https://open.spotify.com/artist/5ndkK3dpZLKtBklKjxNQwT&inc=artist-rels&fmt=json","chan":"stdout","logger":"task"}
{"timestamp":"2025-12-05T04:10:46.925227Z","level":"info","event":"https://musicbrainz.org/ws/2/artist/94c338ff-1985-4429-9dc8-997b61bb5932?inc=tags&fmt=json","chan":"stdout","logger":"task"}
{"timestamp":"2025-12-05T04:10:48.189254Z","level":"info","event":"{'name': 'Sara Evans', 'id': '7qvsLYsYP0MHD7jkdv6DAG', 'url': 'https://open.spotify.com/artist/7qvsLYsYP0MHD7jkdv6DAG'}","chan":"stdout","logger":"task"}
{"timestamp":"2025-12-05T04:10:48.189507Z","level":"info","event":"https://musicbrainz.org/ws/2/url?resource=https://open.spotify.com/artist/7qvsLYsYP0MHD7jkdv6DAG&inc=artist-rels&fmt=json","chan":"stdout","logger":"task"}
{"timestamp":"2025-12-05T04:10:48.303674Z","level":"info","event":"Rate limit hit. Retrying in 1s...","chan":"stdout","logger":"task"}
{"timestamp":"2025-12-05T04:10:49.445133Z","level":"info","event":"https://musicbrainz.org/ws/2/artist/773af101-792f-48b8-a588-09a07cff5e53?inc=tags&fmt=json","chan":"stdout","logger":"task"}
{"timestamp":"2025-12-05T04:10:50.569869Z","level":"info","event":"{'name': 'Justin Bieber', 'id': '1uNFoZAHBGtllmzznpCI3s', 'url': 'https://open.spotify.com/artist/1uNFoZAHBGtllmzznpCI3s'}","chan":"stdout","logger":"task"}
{"timestamp":"2025-12-05T04:10:50.575121Z","level":"info","event":"https://musicbrainz.org/ws/2/url?resource=https://open.spotify.com/artist/1uNFoZAHBGtllmzznpCI3s&inc=artist-rels&fmt=json","chan":"stdout","logger":"task"}
{"timestamp":"2025-12-05T04:10:50.692131Z","level":"info","event":"https://musicbrainz.org/ws/2/artist/e0140a67-e4d1-4f13-8a01-364355bee46e?inc=tags&fmt=json","chan":"stdout","logger":"task"}
{"timestamp":"2025-12-05T04:10:51.804180Z","level":"info","event":"{'name': 'Jaden', 'id': '0xOeVMOz2fVg5BJY3N6akT', 'url': 'https://open.spotify.com/artist/0xOeVMOz2fVg5BJY3N6akT'}","chan":"stdout","logger":"task"}
{"timestamp":"2025-12-05T04:10:51.804806Z","level":"info","event":"https://musicbrainz.org/ws/2/url?resource=https://open.spotify.com/artist/0xOeVMOz2fVg5BJY3N6akT&inc=artist-rels&fmt=json","chan":"stdout","logger":"task"}
{"timestamp":"2025-12-05T04:10:51.920651Z","level":"info","event":"https://musicbrainz.org/ws/2/artist/166cb987-3156-4166-b0d3-f1ad5a6c514c?inc=tags&fmt=json","chan":"stdout","logger":"task"}
{"timestamp":"2025-12-05T04:10:53.073476Z","level":"info","event":"{'name': 'Rascal Flatts', 'id': '0a1gHP0HAqALbEyxaD5Ngn', 'url': 'https://open.spotify.com/artist/0a1gHP0HAqALbEyxaD5Ngn'}","chan":"stdout","logger":"task"}
{"timestamp":"2025-12-05T04:10:53.078789Z","level":"info","event":"https://musicbrainz.org/ws/2/url?resource=https://open.spotify.com/artist/0a1gHP0HAqALbEyxaD5Ngn&inc=artist-rels&fmt=json","chan":"stdout","logger":"task"}
{"timestamp":"2025-12-05T04:10:53.204037Z","level":"info","event":"https://musicbrainz.org/ws/2/artist/6e0ae159-8449-4262-bba5-18ec87fa529f?inc=tags&fmt=json","chan":"stdout","logger":"task"}
{"timestamp":"2025-12-05T04:10:54.322390Z","level":"info","event":"{'name': 'Jerrod Niemann', 'id': '0RKP52f5PNDCRZ9Luq2Sr7', 'url': 'https://open.spotify.com/artist/0RKP52f5PNDCRZ9Luq2Sr7'}","chan":"stdout","logger":"task"}
{"timestamp":"2025-12-05T04:10:54.329187Z","level":"info","event":"https://musicbrainz.org/ws/2/url?resource=https://open.spotify.com/artist/0RKP52f5PNDCRZ9Luq2Sr7&inc=artist-rels&fmt=json","chan":"stdout","logger":"task"}
{"timestamp":"2025-12-05T04:10:54.452775Z","level":"info","event":"https://musicbrainz.org/ws/2/artist/0b88f9de-7c37-4800-9d6a-04ce6c20b76c?inc=tags&fmt=json","chan":"stdout","logger":"task"}
{"timestamp":"2025-12-05T04:10:55.574946Z","level":"info","event":"{'name': 'Darius Rucker', 'id': '7FY5V3XMwlNBPitEjXowHQ', 'url': 'https://open.spotify.com/artist/7FY5V3XMwlNBPitEjXowHQ'}","chan":"stdout","logger":"task"}
{"timestamp":"2025-12-05T04:10:55.575247Z","level":"info","event":"https://musicbrainz.org/ws/2/url?resource=https://open.spotify.com/artist/7FY5V3XMwlNBPitEjXowHQ&inc=artist-rels&fmt=json","chan":"stdout","logger":"task"}
{"timestamp":"2025-12-05T04:10:55.692715Z","level":"info","event":"https://musicbrainz.org/ws/2/artist/3ae70f76-ea53-4cc5-906e-d47a384202a1?inc=tags&fmt=json","chan":"stdout","logger":"task"}
{"timestamp":"2025-12-05T04:10:56.813580Z","level":"info","event":"{'name': 'Mumford & Sons', 'id': '3gd8FJtBJtkRxdfbTu19U2', 'url': 'https://open.spotify.com/artist/3gd8FJtBJtkRxdfbTu19U2'}","chan":"stdout","logger":"task"}
{"timestamp":"2025-12-05T04:10:56.820832Z","level":"info","event":"https://musicbrainz.org/ws/2/url?resource=https://open.spotify.com/artist/3gd8FJtBJtkRxdfbTu19U2&inc=artist-rels&fmt=json","chan":"stdout","logger":"task"}
{"timestamp":"2025-12-05T04:10:56.926327Z","level":"info","event":"https://musicbrainz.org/ws/2/artist/c44e9c22-ef82-4a77-9bcd-af6c958446d6?inc=tags&fmt=json","chan":"stdout","logger":"task"}
{"timestamp":"2025-12-05T04:10:58.277571Z","level":"info","event":"{'name': 'Lady A', 'id': '32WkQRZEVKSzVAAYqukAEA', 'url': 'https://open.spotify.com/artist/32WkQRZEVKSzVAAYqukAEA'}","chan":"stdout","logger":"task"}
{"timestamp":"2025-12-05T04:10:58.279585Z","level":"info","event":"https://musicbrainz.org/ws/2/url?resource=https://open.spotify.com/artist/32WkQRZEVKSzVAAYqukAEA&inc=artist-rels&fmt=json","chan":"stdout","logger":"task"}
{"timestamp":"2025-12-05T04:10:58.390031Z","level":"info","event":"https://musicbrainz.org/ws/2/artist/0eedfc95-e79a-4fd9-832a-cd816a0b3fda?inc=tags&fmt=json","chan":"stdout","logger":"task"}
{"timestamp":"2025-12-05T04:10:58.496356Z","level":"info","event":"Rate limit hit. Retrying in 1s...","chan":"stdout","logger":"task"}
{"timestamp":"2025-12-05T04:11:00.631313Z","level":"info","event":"{'name': 'Trey Songz', 'id': '2iojnBLj0qIMiKPvVhLnsH', 'url': 'https://open.spotify.com/artist/2iojnBLj0qIMiKPvVhLnsH'}","chan":"stdout","logger":"task"}
{"timestamp":"2025-12-05T04:11:00.635692Z","level":"info","event":"https://musicbrainz.org/ws/2/url?resource=https://open.spotify.com/artist/2iojnBLj0qIMiKPvVhLnsH&inc=artist-rels&fmt=json","chan":"stdout","logger":"task"}
{"timestamp":"2025-12-05T04:11:00.751958Z","level":"info","event":"https://musicbrainz.org/ws/2/artist/4d7304f6-7fe3-4959-9d98-01a5af84afe6?inc=tags&fmt=json","chan":"stdout","logger":"task"}
{"timestamp":"2025-12-05T04:11:01.869409Z","level":"info","event":"{'name': 'Miranda Lambert', 'id': '66lH4jAE7pqPlOlzUKbwA0', 'url': 'https://open.spotify.com/artist/66lH4jAE7pqPlOlzUKbwA0'}","chan":"stdout","logger":"task"}
{"timestamp":"2025-12-05T04:11:01.870785Z","level":"info","event":"https://musicbrainz.org/ws/2/url?resource=https://open.spotify.com/artist/66lH4jAE7pqPlOlzUKbwA0&inc=artist-rels&fmt=json","chan":"stdout","logger":"task"}
{"timestamp":"2025-12-05T04:11:01.994963Z","level":"info","event":"https://musicbrainz.org/ws/2/artist/4eca1aa0-c79f-481b-af8a-4a2d6c41aa5c?inc=tags&fmt=json","chan":"stdout","logger":"task"}
{"timestamp":"2025-12-05T04:11:03.209512Z","level":"info","event":"{'name': 'The Band Perry', 'id': '75FnCoo4FBxH5K1Rrx0k5A', 'url': 'https://open.spotify.com/artist/75FnCoo4FBxH5K1Rrx0k5A'}","chan":"stdout","logger":"task"}
{"timestamp":"2025-12-05T04:11:03.213354Z","level":"info","event":"https://musicbrainz.org/ws/2/url?resource=https://open.spotify.com/artist/75FnCoo4FBxH5K1Rrx0k5A&inc=artist-rels&fmt=json","chan":"stdout","logger":"task"}
{"timestamp":"2025-12-05T04:11:03.344876Z","level":"info","event":"https://musicbrainz.org/ws/2/artist/28955336-2348-488a-9381-e3a7b0107343?inc=tags&fmt=json","chan":"stdout","logger":"task"}
{"timestamp":"2025-12-05T04:11:04.452128Z","level":"info","event":"{'name': 'Fabolous', 'id': '0YWxKQj2Go9CGHCp77UOyy', 'url': 'https://open.spotify.com/artist/0YWxKQj2Go9CGHCp77UOyy'}","chan":"stdout","logger":"task"}
{"timestamp":"2025-12-05T04:11:04.453046Z","level":"info","event":"https://musicbrainz.org/ws/2/url?resource=https://open.spotify.com/artist/0YWxKQj2Go9CGHCp77UOyy&inc=artist-rels&fmt=json","chan":"stdout","logger":"task"}
{"timestamp":"2025-12-05T04:11:04.575416Z","level":"info","event":"https://musicbrainz.org/ws/2/artist/d2299099-e617-46dd-b013-ba0b4c72bc63?inc=tags&fmt=json","chan":"stdout","logger":"task"}
{"timestamp":"2025-12-05T04:11:05.710340Z","level":"info","event":"{'name': 'Blake Shelton', 'id': '1UTPBmNbXNTittyMJrNkvw', 'url': 'https://open.spotify.com/artist/1UTPBmNbXNTittyMJrNkvw'}","chan":"stdout","logger":"task"}
{"timestamp":"2025-12-05T04:11:05.710585Z","level":"info","event":"https://musicbrainz.org/ws/2/url?resource=https://open.spotify.com/artist/1UTPBmNbXNTittyMJrNkvw&inc=artist-rels&fmt=json","chan":"stdout","logger":"task"}
{"timestamp":"2025-12-05T04:11:05.835487Z","level":"info","event":"https://musicbrainz.org/ws/2/artist/2ad66473-ccb3-41d2-8756-b56680cdfe62?inc=tags&fmt=json","chan":"stdout","logger":"task"}
{"timestamp":"2025-12-05T04:11:06.950963Z","level":"info","event":"{'name': 'Gwyneth Paltrow', 'id': '4njFVSUWyxD84ur7w8Oy7h', 'url': 'https://open.spotify.com/artist/4njFVSUWyxD84ur7w8Oy7h'}","chan":"stdout","logger":"task"}
{"timestamp":"2025-12-05T04:11:06.958126Z","level":"info","event":"https://musicbrainz.org/ws/2/url?resource=https://open.spotify.com/artist/4njFVSUWyxD84ur7w8Oy7h&inc=artist-rels&fmt=json","chan":"stdout","logger":"task"}
{"timestamp":"2025-12-05T04:11:07.075178Z","level":"info","event":"https://musicbrainz.org/ws/2/artist/dc71c08e-3ee5-409d-ae0d-f4fd9050e170?inc=tags&fmt=json","chan":"stdout","logger":"task"}
{"timestamp":"2025-12-05T04:11:08.191228Z","level":"info","event":"{'name': 'Rebecca Black', 'id': '3Vl9fyKMIdLMswk8ai3mm9', 'url': 'https://open.spotify.com/artist/3Vl9fyKMIdLMswk8ai3mm9'}","chan":"stdout","logger":"task"}
{"timestamp":"2025-12-05T04:11:08.192980Z","level":"info","event":"https://musicbrainz.org/ws/2/url?resource=https://open.spotify.com/artist/3Vl9fyKMIdLMswk8ai3mm9&inc=artist-rels&fmt=json","chan":"stdout","logger":"task"}
{"timestamp":"2025-12-05T04:11:08.349411Z","level":"info","event":"https://musicbrainz.org/ws/2/artist/312c7cc1-9b5c-4406-963b-9f73f50674c0?inc=tags&fmt=json","chan":"stdout","logger":"task"}
{"timestamp":"2025-12-05T04:11:09.500841Z","level":"info","event":"{'name': 'Kenny Chesney', 'id': '3grHWM9bx2E9vwJCdlRv9O', 'url': 'https://open.spotify.com/artist/3grHWM9bx2E9vwJCdlRv9O'}","chan":"stdout","logger":"task"}
{"timestamp":"2025-12-05T04:11:09.502384Z","level":"info","event":"https://musicbrainz.org/ws/2/url?resource=https://open.spotify.com/artist/3grHWM9bx2E9vwJCdlRv9O&inc=artist-rels&fmt=json","chan":"stdout","logger":"task"}
{"timestamp":"2025-12-05T04:11:09.627087Z","level":"info","event":"Rate limit hit. Retrying in 1s...","chan":"stdout","logger":"task"}
{"timestamp":"2025-12-05T04:11:10.752271Z","level":"info","event":"https://musicbrainz.org/ws/2/artist/5dca4d22-d6c8-4e70-8ca1-4543e43353c7?inc=tags&fmt=json","chan":"stdout","logger":"task"}
{"timestamp":"2025-12-05T04:11:11.861560Z","level":"info","event":"{'name': 'My Chemical Romance', 'id': '7FBcuc1gsnv6Y1nwFtNRCb', 'url': 'https://open.spotify.com/artist/7FBcuc1gsnv6Y1nwFtNRCb'}","chan":"stdout","logger":"task"}
{"timestamp":"2025-12-05T04:11:11.863310Z","level":"info","event":"https://musicbrainz.org/ws/2/url?resource=https://open.spotify.com/artist/7FBcuc1gsnv6Y1nwFtNRCb&inc=artist-rels&fmt=json","chan":"stdout","logger":"task"}
{"timestamp":"2025-12-05T04:11:11.976899Z","level":"info","event":"https://musicbrainz.org/ws/2/artist/c07f0676-9143-4217-8a9f-4c26bd636f13?inc=tags&fmt=json","chan":"stdout","logger":"task"}
{"timestamp":"2025-12-05T04:11:13.097258Z","level":"info","event":"{'name': 'Jamie Foxx', 'id': '7LnaAXbDVIL75IVPnndf7w', 'url': 'https://open.spotify.com/artist/7LnaAXbDVIL75IVPnndf7w'}","chan":"stdout","logger":"task"}
{"timestamp":"2025-12-05T04:11:13.097866Z","level":"info","event":"https://musicbrainz.org/ws/2/url?resource=https://open.spotify.com/artist/7LnaAXbDVIL75IVPnndf7w&inc=artist-rels&fmt=json","chan":"stdout","logger":"task"}
{"timestamp":"2025-12-05T04:11:13.213596Z","level":"info","event":"https://musicbrainz.org/ws/2/artist/15a5da16-8b89-4047-aefe-81473c97b5b2?inc=tags&fmt=json","chan":"stdout","logger":"task"}
{"timestamp":"2025-12-05T04:11:14.336481Z","level":"info","event":"{'name': 'Sugarland', 'id': '0hYxQe3AK5jBPCr5MumLHD', 'url': 'https://open.spotify.com/artist/0hYxQe3AK5jBPCr5MumLHD'}","chan":"stdout","logger":"task"}
{"timestamp":"2025-12-05T04:11:14.340414Z","level":"info","event":"https://musicbrainz.org/ws/2/url?resource=https://open.spotify.com/artist/0hYxQe3AK5jBPCr5MumLHD&inc=artist-rels&fmt=json","chan":"stdout","logger":"task"}
{"timestamp":"2025-12-05T04:11:14.473253Z","level":"info","event":"https://musicbrainz.org/ws/2/artist/f87b740a-c22b-4fae-9987-1f3e16f840c4?inc=tags&fmt=json","chan":"stdout","logger":"task"}
{"timestamp":"2025-12-05T04:11:15.637736Z","level":"info","event":"{'name': 'Brad Paisley', 'id': '13YmWQJFwgZrd4bf5IjMY4', 'url': 'https://open.spotify.com/artist/13YmWQJFwgZrd4bf5IjMY4'}","chan":"stdout","logger":"task"}
{"timestamp":"2025-12-05T04:11:15.639132Z","level":"info","event":"https://musicbrainz.org/ws/2/url?resource=https://open.spotify.com/artist/13YmWQJFwgZrd4bf5IjMY4&inc=artist-rels&fmt=json","chan":"stdout","logger":"task"}
{"timestamp":"2025-12-05T04:11:15.759289Z","level":"info","event":"https://musicbrainz.org/ws/2/artist/6cfd7ffc-824f-4219-8e27-4b9417700f44?inc=tags&fmt=json","chan":"stdout","logger":"task"}
{"timestamp":"2025-12-05T04:11:16.885221Z","level":"info","event":"{'name': 'Eli Young Band', 'id': '6eKWqnckwdIlSnjaYgIyxv', 'url': 'https://open.spotify.com/artist/6eKWqnckwdIlSnjaYgIyxv'}","chan":"stdout","logger":"task"}
{"timestamp":"2025-12-05T04:11:16.886528Z","level":"info","event":"https://musicbrainz.org/ws/2/url?resource=https://open.spotify.com/artist/6eKWqnckwdIlSnjaYgIyxv&inc=artist-rels&fmt=json","chan":"stdout","logger":"task"}
{"timestamp":"2025-12-05T04:11:17.037852Z","level":"info","event":"https://musicbrainz.org/ws/2/artist/80737f69-60c5-4c0d-9562-88faf8d8f2f4?inc=tags&fmt=json","chan":"stdout","logger":"task"}
{"timestamp":"2025-12-05T04:11:18.202613Z","level":"info","event":"{'name': 'Ronnie Dunn', 'id': '1iLuTmIgxCEiEllDSWkeIy', 'url': 'https://open.spotify.com/artist/1iLuTmIgxCEiEllDSWkeIy'}","chan":"stdout","logger":"task"}
{"timestamp":"2025-12-05T04:11:18.204538Z","level":"info","event":"https://musicbrainz.org/ws/2/url?resource=https://open.spotify.com/artist/1iLuTmIgxCEiEllDSWkeIy&inc=artist-rels&fmt=json","chan":"stdout","logger":"task"}
{"timestamp":"2025-12-05T04:11:18.329320Z","level":"info","event":"https://musicbrainz.org/ws/2/artist/9b0636eb-1275-4370-94cc-6ac85d9fb5e8?inc=tags&fmt=json","chan":"stdout","logger":"task"}
{"timestamp":"2025-12-05T04:11:19.461331Z","level":"info","event":"{'name': 'DJ Khaled', 'id': '0QHgL1lAIqAw0HtD7YldmP', 'url': 'https://open.spotify.com/artist/0QHgL1lAIqAw0HtD7YldmP'}","chan":"stdout","logger":"task"}
{"timestamp":"2025-12-05T04:11:19.462892Z","level":"info","event":"https://musicbrainz.org/ws/2/url?resource=https://open.spotify.com/artist/0QHgL1lAIqAw0HtD7YldmP&inc=artist-rels&fmt=json","chan":"stdout","logger":"task"}
{"timestamp":"2025-12-05T04:11:19.580314Z","level":"info","event":"https://musicbrainz.org/ws/2/artist/081a2d60-9791-4e05-a075-f1890355eeee?inc=tags&fmt=json","chan":"stdout","logger":"task"}
{"timestamp":"2025-12-05T04:11:19.687856Z","level":"info","event":"Rate limit hit. Retrying in 1s...","chan":"stdout","logger":"task"}
{"timestamp":"2025-12-05T04:11:21.812950Z","level":"info","event":"{'name': 'Rick Ross', 'id': '1sBkRIssrMs1AbVkOJbc7a', 'url': 'https://open.spotify.com/artist/1sBkRIssrMs1AbVkOJbc7a'}","chan":"stdout","logger":"task"}
{"timestamp":"2025-12-05T04:11:21.813512Z","level":"info","event":"https://musicbrainz.org/ws/2/url?resource=https://open.spotify.com/artist/1sBkRIssrMs1AbVkOJbc7a&inc=artist-rels&fmt=json","chan":"stdout","logger":"task"}
{"timestamp":"2025-12-05T04:11:21.925577Z","level":"info","event":"https://musicbrainz.org/ws/2/artist/13bcb2bb-db37-4397-baf5-e0f085be2d64?inc=tags&fmt=json","chan":"stdout","logger":"task"}
{"timestamp":"2025-12-05T04:11:23.037271Z","level":"info","event":"{'name': 'Plies', 'id': '3jksrX4oBklxR78ft8gv3j', 'url': 'https://open.spotify.com/artist/3jksrX4oBklxR78ft8gv3j'}","chan":"stdout","logger":"task"}
{"timestamp":"2025-12-05T04:11:23.038358Z","level":"info","event":"https://musicbrainz.org/ws/2/url?resource=https://open.spotify.com/artist/3jksrX4oBklxR78ft8gv3j&inc=artist-rels&fmt=json","chan":"stdout","logger":"task"}
{"timestamp":"2025-12-05T04:11:23.162410Z","level":"info","event":"https://musicbrainz.org/ws/2/artist/72f62a4c-0042-49f6-b4dc-2f5b27dd289f?inc=tags&fmt=json","chan":"stdout","logger":"task"}
{"timestamp":"2025-12-05T04:11:24.308661Z","level":"info","event":"{'name': 'Sunny Sweeney', 'id': '3uBMhKEXqr2UtRlx7Jn9LL', 'url': 'https://open.spotify.com/artist/3uBMhKEXqr2UtRlx7Jn9LL'}","chan":"stdout","logger":"task"}
{"timestamp":"2025-12-05T04:11:24.311434Z","level":"info","event":"https://musicbrainz.org/ws/2/url?resource=https://open.spotify.com/artist/3uBMhKEXqr2UtRlx7Jn9LL&inc=artist-rels&fmt=json","chan":"stdout","logger":"task"}
{"timestamp":"2025-12-05T04:11:24.447202Z","level":"info","event":"HTTP 404: Not Found","chan":"stdout","logger":"task"}
{"timestamp":"2025-12-05T04:11:24.447632Z","level":"info","event":"unable to get mbid for https://open.spotify.com/artist/3uBMhKEXqr2UtRlx7Jn9LL","chan":"stdout","logger":"task"}
{"timestamp":"2025-12-05T04:11:25.448930Z","level":"info","event":"{'name': 'Keith Urban', 'id': '0u2FHSq3ln94y5Q57xazwf', 'url': 'https://open.spotify.com/artist/0u2FHSq3ln94y5Q57xazwf'}","chan":"stdout","logger":"task"}
{"timestamp":"2025-12-05T04:11:25.449328Z","level":"info","event":"https://musicbrainz.org/ws/2/url?resource=https://open.spotify.com/artist/0u2FHSq3ln94y5Q57xazwf&inc=artist-rels&fmt=json","chan":"stdout","logger":"task"}
{"timestamp":"2025-12-05T04:11:25.569754Z","level":"info","event":"https://musicbrainz.org/ws/2/artist/f45da029-7b00-4bf3-962c-0eeb20309cc4?inc=tags&fmt=json","chan":"stdout","logger":"task"}
{"timestamp":"2025-12-05T04:11:26.686145Z","level":"info","event":"{'name': 'Tim McGraw', 'id': '6roFdX1y5BYSbp60OTJWMd', 'url': 'https://open.spotify.com/artist/6roFdX1y5BYSbp60OTJWMd'}","chan":"stdout","logger":"task"}
{"timestamp":"2025-12-05T04:11:26.686538Z","level":"info","event":"https://musicbrainz.org/ws/2/url?resource=https://open.spotify.com/artist/6roFdX1y5BYSbp60OTJWMd&inc=artist-rels&fmt=json","chan":"stdout","logger":"task"}
{"timestamp":"2025-12-05T04:11:26.797588Z","level":"info","event":"https://musicbrainz.org/ws/2/artist/7e5cfc9a-e9e1-46f1-b81a-861b12049488?inc=tags&fmt=json","chan":"stdout","logger":"task"}
{"timestamp":"2025-12-05T04:11:28.543099Z","level":"info","event":"{'name': 'Mann', 'id': '3sAHunotiQdUXKSsFj5KUg', 'url': 'https://open.spotify.com/artist/3sAHunotiQdUXKSsFj5KUg'}","chan":"stdout","logger":"task"}
{"timestamp":"2025-12-05T04:11:28.546468Z","level":"info","event":"https://musicbrainz.org/ws/2/url?resource=https://open.spotify.com/artist/3sAHunotiQdUXKSsFj5KUg&inc=artist-rels&fmt=json","chan":"stdout","logger":"task"}
{"timestamp":"2025-12-05T04:11:28.656026Z","level":"info","event":"https://musicbrainz.org/ws/2/artist/8b757fc8-31f5-4df1-9a46-5193a4b3445c?inc=tags&fmt=json","chan":"stdout","logger":"task"}
{"timestamp":"2025-12-05T04:11:29.784024Z","level":"info","event":"{'name': 'Miguel', 'id': '360IAlyVv4PCEVjgyMZrxK', 'url': 'https://open.spotify.com/artist/360IAlyVv4PCEVjgyMZrxK'}","chan":"stdout","logger":"task"}
{"timestamp":"2025-12-05T04:11:29.787377Z","level":"info","event":"https://musicbrainz.org/ws/2/url?resource=https://open.spotify.com/artist/360IAlyVv4PCEVjgyMZrxK&inc=artist-rels&fmt=json","chan":"stdout","logger":"task"}
{"timestamp":"2025-12-05T04:11:29.954321Z","level":"info","event":"https://musicbrainz.org/ws/2/artist/285e1285-aecc-478f-a8da-0c8cf69e1217?inc=tags&fmt=json","chan":"stdout","logger":"task"}
{"timestamp":"2025-12-05T04:11:31.123507Z","level":"info","event":"{'name': 'Travis Porter', 'id': '6z1cicLMt9XArxN10q7m8a', 'url': 'https://open.spotify.com/artist/6z1cicLMt9XArxN10q7m8a'}","chan":"stdout","logger":"task"}
{"timestamp":"2025-12-05T04:11:31.124682Z","level":"info","event":"https://musicbrainz.org/ws/2/url?resource=https://open.spotify.com/artist/6z1cicLMt9XArxN10q7m8a&inc=artist-rels&fmt=json","chan":"stdout","logger":"task"}
{"timestamp":"2025-12-05T04:11:31.256141Z","level":"info","event":"https://musicbrainz.org/ws/2/artist/53423220-42b5-4082-a374-417ce6f8a919?inc=tags&fmt=json","chan":"stdout","logger":"task"}
{"timestamp":"2025-12-05T04:11:32.398089Z","level":"info","event":"{'name': 'Jennifer Hudson', 'id': '35GL8Cu2GKTcHzKGi75xl5', 'url': 'https://open.spotify.com/artist/35GL8Cu2GKTcHzKGi75xl5'}","chan":"stdout","logger":"task"}
{"timestamp":"2025-12-05T04:11:32.400420Z","level":"info","event":"https://musicbrainz.org/ws/2/url?resource=https://open.spotify.com/artist/35GL8Cu2GKTcHzKGi75xl5&inc=artist-rels&fmt=json","chan":"stdout","logger":"task"}
{"timestamp":"2025-12-05T04:11:32.639144Z","level":"info","event":"https://musicbrainz.org/ws/2/artist/95b5d5b5-46c4-4c3e-89d5-ffe9236427ac?inc=tags&fmt=json","chan":"stdout","logger":"task"}
{"timestamp":"2025-12-05T04:11:33.822263Z","level":"info","event":"{'name': 'Snoop Dogg', 'id': '7hJcb9fa4alzcOq3EaNPoG', 'url': 'https://open.spotify.com/artist/7hJcb9fa4alzcOq3EaNPoG'}","chan":"stdout","logger":"task"}
{"timestamp":"2025-12-05T04:11:33.822678Z","level":"info","event":"https://musicbrainz.org/ws/2/url?resource=https://open.spotify.com/artist/7hJcb9fa4alzcOq3EaNPoG&inc=artist-rels&fmt=json","chan":"stdout","logger":"task"}
{"timestamp":"2025-12-05T04:11:33.952014Z","level":"info","event":"https://musicbrainz.org/ws/2/artist/f90e8b26-9e52-4669-a5c9-e28529c47894?inc=tags&fmt=json","chan":"stdout","logger":"task"}
{"timestamp":"2025-12-05T04:11:35.286970Z","level":"info","event":"{'name': 'Kevin McCall', 'id': '2teIxF2qgr0rYmTTMKiZ7s', 'url': 'https://open.spotify.com/artist/2teIxF2qgr0rYmTTMKiZ7s'}","chan":"stdout","logger":"task"}
{"timestamp":"2025-12-05T04:11:35.287344Z","level":"info","event":"https://musicbrainz.org/ws/2/url?resource=https://open.spotify.com/artist/2teIxF2qgr0rYmTTMKiZ7s&inc=artist-rels&fmt=json","chan":"stdout","logger":"task"}
{"timestamp":"2025-12-05T04:11:35.399919Z","level":"info","event":"https://musicbrainz.org/ws/2/artist/727105fb-1a82-423f-9b3c-e29c7ea0fb4c?inc=tags&fmt=json","chan":"stdout","logger":"task"}
{"timestamp":"2025-12-05T04:11:36.520677Z","level":"info","event":"{'name': 'Marsha Ambrosius', 'id': '46VWDbmWmzvPBTmkSr25gM', 'url': 'https://open.spotify.com/artist/46VWDbmWmzvPBTmkSr25gM'}","chan":"stdout","logger":"task"}
{"timestamp":"2025-12-05T04:11:36.522482Z","level":"info","event":"https://musicbrainz.org/ws/2/url?resource=https://open.spotify.com/artist/46VWDbmWmzvPBTmkSr25gM&inc=artist-rels&fmt=json","chan":"stdout","logger":"task"}
{"timestamp":"2025-12-05T04:11:36.693490Z","level":"info","event":"https://musicbrainz.org/ws/2/artist/24285231-f192-42f1-baea-0f467dd1d8aa?inc=tags&fmt=json","chan":"stdout","logger":"task"}
{"timestamp":"2025-12-05T04:11:37.858802Z","level":"info","event":"{'name': 'Kebo Gotti', 'id': '00UOluVoYY4F2blO5DmgRj', 'url': 'https://open.spotify.com/artist/00UOluVoYY4F2blO5DmgRj'}","chan":"stdout","logger":"task"}
{"timestamp":"2025-12-05T04:11:37.859701Z","level":"info","event":"https://musicbrainz.org/ws/2/url?resource=https://open.spotify.com/artist/00UOluVoYY4F2blO5DmgRj&inc=artist-rels&fmt=json","chan":"stdout","logger":"task"}
{"timestamp":"2025-12-05T04:11:38.112754Z","level":"info","event":"https://musicbrainz.org/ws/2/artist/fbb2f0ce-3c55-4112-ba34-f32e9cffe913?inc=tags&fmt=json","chan":"stdout","logger":"task"}
{"timestamp":"2025-12-05T04:11:39.255331Z","level":"info","event":"{'name': 'Easton Corbin', 'id': '070kGpqtESdDsLb3gdMIyx', 'url': 'https://open.spotify.com/artist/070kGpqtESdDsLb3gdMIyx'}","chan":"stdout","logger":"task"}
{"timestamp":"2025-12-05T04:11:39.256189Z","level":"info","event":"https://musicbrainz.org/ws/2/url?resource=https://open.spotify.com/artist/070kGpqtESdDsLb3gdMIyx&inc=artist-rels&fmt=json","chan":"stdout","logger":"task"}
{"timestamp":"2025-12-05T04:11:39.727098Z","level":"info","event":"https://musicbrainz.org/ws/2/artist/c6ada25c-8590-4b75-8013-883a8df55882?inc=tags&fmt=json","chan":"stdout","logger":"task"}
{"timestamp":"2025-12-05T04:11:40.899757Z","level":"info","event":"{'name': 'Chris Young', 'id': '4BYxqVkZyFjtik7crYLg5Q', 'url': 'https://open.spotify.com/artist/4BYxqVkZyFjtik7crYLg5Q'}","chan":"stdout","logger":"task"}
{"timestamp":"2025-12-05T04:11:40.901724Z","level":"info","event":"https://musicbrainz.org/ws/2/url?resource=https://open.spotify.com/artist/4BYxqVkZyFjtik7crYLg5Q&inc=artist-rels&fmt=json","chan":"stdout","logger":"task"}
{"timestamp":"2025-12-05T04:11:41.050679Z","level":"info","event":"https://musicbrainz.org/ws/2/artist/86de027e-097d-41b1-9b97-c0a69379ff4b?inc=tags&fmt=json","chan":"stdout","logger":"task"}
{"timestamp":"2025-12-05T04:11:41.172015Z","level":"info","event":"Rate limit hit. Retrying in 1s...","chan":"stdout","logger":"task"}
{"timestamp":"2025-12-05T04:11:43.301821Z","level":"info","event":"{'name': 'Kirk Franklin', 'id': '4akybxRTGHJZ1DXjLhJ1qu', 'url': 'https://open.spotify.com/artist/4akybxRTGHJZ1DXjLhJ1qu'}","chan":"stdout","logger":"task"}
{"timestamp":"2025-12-05T04:11:43.304195Z","level":"info","event":"https://musicbrainz.org/ws/2/url?resource=https://open.spotify.com/artist/4akybxRTGHJZ1DXjLhJ1qu&inc=artist-rels&fmt=json","chan":"stdout","logger":"task"}
{"timestamp":"2025-12-05T04:11:43.537572Z","level":"info","event":"https://musicbrainz.org/ws/2/artist/685332a4-12ed-4c3b-8d0e-04e6a37e28f0?inc=tags&fmt=json","chan":"stdout","logger":"task"}
{"timestamp":"2025-12-05T04:11:44.769498Z","level":"info","event":"{'name': 'Foo Fighters', 'id': '7jy3rLJdDQY21OgRLCZ9sD', 'url': 'https://open.spotify.com/artist/7jy3rLJdDQY21OgRLCZ9sD'}","chan":"stdout","logger":"task"}
{"timestamp":"2025-12-05T04:11:44.771951Z","level":"info","event":"https://musicbrainz.org/ws/2/url?resource=https://open.spotify.com/artist/7jy3rLJdDQY21OgRLCZ9sD&inc=artist-rels&fmt=json","chan":"stdout","logger":"task"}
{"timestamp":"2025-12-05T04:11:44.889504Z","level":"info","event":"https://musicbrainz.org/ws/2/artist/67f66c07-6e61-4026-ade5-7e782fad3a5d?inc=tags&fmt=json","chan":"stdout","logger":"task"}
{"timestamp":"2025-12-05T04:11:45.997325Z","level":"info","event":"{'name': 'Miranda Cosgrove', 'id': '3SYGWAHCe31oykdeUPpoJp', 'url': 'https://open.spotify.com/artist/3SYGWAHCe31oykdeUPpoJp'}","chan":"stdout","logger":"task"}
{"timestamp":"2025-12-05T04:11:45.998325Z","level":"info","event":"https://musicbrainz.org/ws/2/url?resource=https://open.spotify.com/artist/3SYGWAHCe31oykdeUPpoJp&inc=artist-rels&fmt=json","chan":"stdout","logger":"task"}
{"timestamp":"2025-12-05T04:11:46.306064Z","level":"info","event":"https://musicbrainz.org/ws/2/artist/75285014-bdd1-4ca2-81c9-c6c642bfdec7?inc=tags&fmt=json","chan":"stdout","logger":"task"}
{"timestamp":"2025-12-05T04:11:47.579668Z","level":"info","event":"Fetching audio details for 98 songs...","chan":"stdout","logger":"task"}
{"timestamp":"2025-12-05T04:11:47.581401Z","level":"info","event":"  Fetching batch 1/3 (40 songs)...","chan":"stdout","logger":"task"}
{"timestamp":"2025-12-05T04:11:48.140212Z","level":"info","event":"  Retrieved 30 song details","chan":"stdout","logger":"task"}
{"timestamp":"2025-12-05T04:11:50.142049Z","level":"info","event":"  Fetching batch 2/3 (40 songs)...","chan":"stdout","logger":"task"}
{"timestamp":"2025-12-05T04:11:51.205446Z","level":"info","event":"  Retrieved 33 song details","chan":"stdout","logger":"task"}
{"timestamp":"2025-12-05T04:11:53.213575Z","level":"info","event":"  Fetching batch 3/3 (18 songs)...","chan":"stdout","logger":"task"}
{"timestamp":"2025-12-05T04:11:53.658116Z","level":"info","event":"  Retrieved 14 song details","chan":"stdout","logger":"task"}
{"timestamp":"2025-12-05T04:11:53.659357Z","level":"info","event":"Fetching audio analysis for 77 songs...","chan":"stdout","logger":"task"}
{"timestamp":"2025-12-05T04:12:05.521261Z","level":"info","event":"  Processing audio analysis 10/77...","chan":"stdout","logger":"task"}
{"timestamp":"2025-12-05T04:12:17.294936Z","level":"info","event":"  Processing audio analysis 20/77...","chan":"stdout","logger":"task"}
{"timestamp":"2025-12-05T04:12:27.851151Z","level":"info","event":"  Processing audio analysis 30/77...","chan":"stdout","logger":"task"}
{"timestamp":"2025-12-05T04:12:40.548432Z","level":"info","event":"  Processing audio analysis 40/77...","chan":"stdout","logger":"task"}
{"timestamp":"2025-12-05T04:12:53.661020Z","level":"info","event":"  Processing audio analysis 50/77...","chan":"stdout","logger":"task"}
{"timestamp":"2025-12-05T04:13:04.102704Z","level":"info","event":"  Processing audio analysis 60/77...","chan":"stdout","logger":"task"}
{"timestamp":"2025-12-05T04:13:14.268046Z","level":"info","event":"  Processing audio analysis 70/77...","chan":"stdout","logger":"task"}
{"timestamp":"2025-12-05T04:13:23.568432Z","level":"info","event":"Completed fetching audio details for 77 songs","chan":"stdout","logger":"task"}
{"timestamp":"2025-12-05T04:13:23.627395Z","level":"info","event":"DEBUG: DATABASE_URL value: postgresql+psycopg2:****@postgres/music_warehouse","chan":"stdout","logger":"task"}
{"timestamp":"2025-12-05T04:13:23.691788Z","level":"info","event":"TYPE OF ENGINE: <class 'sqlalchemy.engine.base.Engine'>","chan":"stdout","logger":"task"}
{"timestamp":"2025-12-05T04:13:23.692174Z","level":"info","event":"ENGINE DIR: ['__class__', '__delattr__', '__dict__', '__dir__', '__doc__', '__eq__', '__format__', '__ge__', '__getattribute__', '__getstate__', '__gt__', '__hash__', '__init__', '__init_subclass__', '__le__', '__lt__', '__module__', '__ne__', '__new__', '__reduce__', '__reduce_ex__', '__repr__', '__setattr__', '__sizeof__', '__str__', '__subclasshook__', '__weakref__', '_compiled_cache', '_connection_cls', '_echo', '_execute_clauseelement', '_execute_compiled', '_execute_default', '_execution_options', '_has_events', '_is_future', '_lru_size_alert', '_option_cls', '_optional_conn_ctx_manager', '_run_ddl_visitor', '_run_visitor', '_schema_translate_map', '_should_log_debug', '_should_log_info', '_sqla_logger_namespace', '_trans_ctx', '_wrap_pool_connect', 'begin', 'clear_compiled_cache', 'connect', 'dialect', 'dispatch', 'dispose', 'driver', 'echo', 'engine', 'execute', 'execution_options', 'get_execution_options', 'has_table', 'hide_parameters', 'logger', 'logging_name', 'name', 'pool', 'raw_connection', 'run_callable', 'scalar', 'table_names', 'transaction', 'update_execution_options', 'url']","chan":"stdout","logger":"task"}
{"timestamp":"2025-12-05T04:13:23.692323Z","level":"info","event":"IS SQLALCHEMY ENGINE: True","chan":"stdout","logger":"task"}
{"timestamp":"2025-12-05T04:13:23.692441Z","level":"info","event":"Database connection successful","chan":"stdout","logger":"task"}
{"timestamp":"2025-12-05T04:13:23.692524Z","level":"info","event":"Loading chart_weeks (1 rows)...","chan":"stdout","logger":"task"}
{"timestamp":"2025-12-05T04:13:23.720906Z","level":"info","event":"  Exported CSV to data_exports/chart_weeks.csv","chan":"stdout","logger":"task"}
{"timestamp":"2025-12-05T04:13:23.721025Z","level":"info","event":"Loading songs (98 rows)...","chan":"stdout","logger":"task"}
{"timestamp":"2025-12-05T04:13:23.736398Z","level":"info","event":"  Exported CSV to data_exports/songs.csv","chan":"stdout","logger":"task"}
{"timestamp":"2025-12-05T04:13:23.736524Z","level":"info","event":"Loading artists (102 rows)...","chan":"stdout","logger":"task"}
{"timestamp":"2025-12-05T04:13:23.742726Z","level":"info","event":"  Exported CSV to data_exports/artists.csv","chan":"stdout","logger":"task"}
{"timestamp":"2025-12-05T04:13:23.742850Z","level":"info","event":"Loading song_artists (134 rows)...","chan":"stdout","logger":"task"}
{"timestamp":"2025-12-05T04:13:23.749863Z","level":"info","event":"  Exported CSV to data_exports/song_artists.csv","chan":"stdout","logger":"task"}
{"timestamp":"2025-12-05T04:13:23.750025Z","level":"info","event":"Loading chart_entries (100 rows)...","chan":"stdout","logger":"task"}
{"timestamp":"2025-12-05T04:13:23.761313Z","level":"info","event":"  Exported CSV to data_exports/chart_entries.csv","chan":"stdout","logger":"task"}
{"timestamp":"2025-12-05T04:13:23.764276","level":"info","event":"Done. Returned value was: None","logger":"airflow.task.operators.airflow.providers.standard.operators.python.PythonOperator"}
{"timestamp":"2025-12-05T04:13:23.819567Z","level":"info","event":"Task instance in success state","chan":"stdout","logger":"task"}
{"timestamp":"2025-12-05T04:13:23.819964Z","level":"info","event":" Previous state of the Task instance: TaskInstanceState.RUNNING","chan":"stdout","logger":"task"}
{"timestamp":"2025-12-05T04:13:23.822731Z","level":"info","event":"Task operator:<Task(PythonOperator): load_music_data>","chan":"stdout","logger":"task"}
