{"timestamp":"2025-12-05T02:12:16.730974","level":"info","event":"DAG bundles loaded: dags-folder, example_dags","logger":"airflow.dag_processing.bundles.manager.DagBundlesManager"}
{"timestamp":"2025-12-05T02:12:16.732457","level":"info","event":"Filling up the DagBag from /opt/airflow/dags/music_load_dag.py","logger":"airflow.models.dagbag.DagBag"}
{"timestamp":"2025-12-05T02:12:17.148828Z","level":"info","event":"postgresql+psycopg2://airflow:airflow@postgres/airflow","chan":"stdout","logger":"task"}
{"timestamp":"2025-12-05T02:12:17.236267Z","level":"info","event":"Task instance is in running state","chan":"stdout","logger":"task"}
{"timestamp":"2025-12-05T02:12:17.236874Z","level":"info","event":" Previous state of the Task instance: TaskInstanceState.QUEUED","chan":"stdout","logger":"task"}
{"timestamp":"2025-12-05T02:12:17.237336Z","level":"info","event":"Current task name:load_music_data","chan":"stdout","logger":"task"}
{"timestamp":"2025-12-05T02:12:17.237638Z","level":"info","event":"Dag name:weekly_music_pipeline","chan":"stdout","logger":"task"}
{"timestamp":"2025-12-05T02:12:33.859266Z","level":"info","event":"  Searching Spotify for 100 songs...","chan":"stdout","logger":"task"}
{"timestamp":"2025-12-05T02:12:33.861686Z","level":"info","event":"  Processing song 1/100: We R Who We R by Ke$ha","chan":"stdout","logger":"task"}
{"timestamp":"2025-12-05T02:12:34.828146Z","level":"info","event":"1","chan":"stdout","logger":"task"}
{"timestamp":"2025-12-05T02:12:35.448901Z","level":"info","event":"2","chan":"stdout","logger":"task"}
{"timestamp":"2025-12-05T02:12:36.103092Z","level":"info","event":"3","chan":"stdout","logger":"task"}
{"timestamp":"2025-12-05T02:12:36.854673Z","level":"info","event":"4","chan":"stdout","logger":"task"}
{"timestamp":"2025-12-05T02:12:37.544747Z","level":"info","event":"5","chan":"stdout","logger":"task"}
{"timestamp":"2025-12-05T02:12:38.461750Z","level":"info","event":"6","chan":"stdout","logger":"task"}
{"timestamp":"2025-12-05T02:12:39.069060Z","level":"info","event":"7","chan":"stdout","logger":"task"}
{"timestamp":"2025-12-05T02:12:39.746051Z","level":"info","event":"8","chan":"stdout","logger":"task"}
{"timestamp":"2025-12-05T02:12:40.370493Z","level":"info","event":"9","chan":"stdout","logger":"task"}
{"timestamp":"2025-12-05T02:12:40.372889Z","level":"info","event":"  Processing song 10/100: Raise Your Glass by P!nk","chan":"stdout","logger":"task"}
{"timestamp":"2025-12-05T02:12:41.455524Z","level":"info","event":"10","chan":"stdout","logger":"task"}
{"timestamp":"2025-12-05T02:12:42.102013Z","level":"info","event":"11","chan":"stdout","logger":"task"}
{"timestamp":"2025-12-05T02:12:42.704108Z","level":"info","event":"12","chan":"stdout","logger":"task"}
{"timestamp":"2025-12-05T02:12:43.466839Z","level":"info","event":"13","chan":"stdout","logger":"task"}
{"timestamp":"2025-12-05T02:12:44.244868Z","level":"info","event":"14","chan":"stdout","logger":"task"}
{"timestamp":"2025-12-05T02:12:44.903274Z","level":"info","event":"15","chan":"stdout","logger":"task"}
{"timestamp":"2025-12-05T02:12:45.494922Z","level":"info","event":"16","chan":"stdout","logger":"task"}
{"timestamp":"2025-12-05T02:12:46.197840Z","level":"info","event":"17","chan":"stdout","logger":"task"}
{"timestamp":"2025-12-05T02:12:47.192748Z","level":"info","event":"18","chan":"stdout","logger":"task"}
{"timestamp":"2025-12-05T02:12:47.863788Z","level":"info","event":"19","chan":"stdout","logger":"task"}
{"timestamp":"2025-12-05T02:12:47.864034Z","level":"info","event":"  Processing song 20/100: No Hands by Waka Flocka Flame Featuring Roscoe Dash & Wale","chan":"stdout","logger":"task"}
{"timestamp":"2025-12-05T02:12:48.733375Z","level":"info","event":"20","chan":"stdout","logger":"task"}
{"timestamp":"2025-12-05T02:12:49.423138Z","level":"info","event":"21","chan":"stdout","logger":"task"}
{"timestamp":"2025-12-05T02:12:50.235104Z","level":"info","event":"22","chan":"stdout","logger":"task"}
{"timestamp":"2025-12-05T02:12:50.521595Z","level":"info","event":"23","chan":"stdout","logger":"task"}
{"timestamp":"2025-12-05T02:12:51.136239Z","level":"info","event":"24","chan":"stdout","logger":"task"}
{"timestamp":"2025-12-05T02:12:52.310565Z","level":"info","event":"25","chan":"stdout","logger":"task"}
{"timestamp":"2025-12-05T02:12:52.983133Z","level":"info","event":"26","chan":"stdout","logger":"task"}
{"timestamp":"2025-12-05T02:12:53.858388Z","level":"info","event":"27","chan":"stdout","logger":"task"}
{"timestamp":"2025-12-05T02:12:54.539059Z","level":"info","event":"28","chan":"stdout","logger":"task"}
{"timestamp":"2025-12-05T02:12:55.190805Z","level":"info","event":"29","chan":"stdout","logger":"task"}
{"timestamp":"2025-12-05T02:12:55.190992Z","level":"info","event":"  Processing song 30/100: Hot Tottie by Usher Featuring Jay-Z","chan":"stdout","logger":"task"}
{"timestamp":"2025-12-05T02:12:55.806886Z","level":"info","event":"30","chan":"stdout","logger":"task"}
{"timestamp":"2025-12-05T02:12:56.533438Z","level":"info","event":"31","chan":"stdout","logger":"task"}
{"timestamp":"2025-12-05T02:12:57.120687Z","level":"info","event":"32","chan":"stdout","logger":"task"}
{"timestamp":"2025-12-05T02:12:58.078466Z","level":"info","event":"33","chan":"stdout","logger":"task"}
{"timestamp":"2025-12-05T02:12:58.696405Z","level":"info","event":"34","chan":"stdout","logger":"task"}
{"timestamp":"2025-12-05T02:12:59.268623Z","level":"info","event":"35","chan":"stdout","logger":"task"}
{"timestamp":"2025-12-05T02:12:59.923698Z","level":"info","event":"36","chan":"stdout","logger":"task"}
{"timestamp":"2025-12-05T02:13:00.630585Z","level":"info","event":"37","chan":"stdout","logger":"task"}
{"timestamp":"2025-12-05T02:13:01.314393Z","level":"info","event":"38","chan":"stdout","logger":"task"}
{"timestamp":"2025-12-05T02:13:02.023315Z","level":"info","event":"39","chan":"stdout","logger":"task"}
{"timestamp":"2025-12-05T02:13:02.023661Z","level":"info","event":"  Processing song 40/100: Letting Go (Dutty Love) by Sean Kingston Featuring Nicki Minaj","chan":"stdout","logger":"task"}
{"timestamp":"2025-12-05T02:13:02.683331Z","level":"info","event":"40","chan":"stdout","logger":"task"}
{"timestamp":"2025-12-05T02:13:03.321360Z","level":"info","event":"41","chan":"stdout","logger":"task"}
{"timestamp":"2025-12-05T02:13:04.016195Z","level":"info","event":"42","chan":"stdout","logger":"task"}
{"timestamp":"2025-12-05T02:13:04.717566Z","level":"info","event":"43","chan":"stdout","logger":"task"}
{"timestamp":"2025-12-05T02:13:05.409037Z","level":"info","event":"44","chan":"stdout","logger":"task"}
{"timestamp":"2025-12-05T02:13:05.947848Z","level":"info","event":"45","chan":"stdout","logger":"task"}
{"timestamp":"2025-12-05T02:13:06.555020Z","level":"info","event":"46","chan":"stdout","logger":"task"}
{"timestamp":"2025-12-05T02:13:07.202658Z","level":"info","event":"47","chan":"stdout","logger":"task"}
{"timestamp":"2025-12-05T02:13:07.880053Z","level":"info","event":"48","chan":"stdout","logger":"task"}
{"timestamp":"2025-12-05T02:13:08.444521Z","level":"info","event":"49","chan":"stdout","logger":"task"}
{"timestamp":"2025-12-05T02:13:08.444763Z","level":"info","event":"  Processing song 50/100: Misery by Maroon 5","chan":"stdout","logger":"task"}
{"timestamp":"2025-12-05T02:13:09.123221Z","level":"info","event":"50","chan":"stdout","logger":"task"}
{"timestamp":"2025-12-05T02:13:09.777517Z","level":"info","event":"51","chan":"stdout","logger":"task"}
{"timestamp":"2025-12-05T02:13:10.565226Z","level":"info","event":"52","chan":"stdout","logger":"task"}
{"timestamp":"2025-12-05T02:13:11.289400Z","level":"info","event":"53","chan":"stdout","logger":"task"}
{"timestamp":"2025-12-05T02:13:11.961109Z","level":"info","event":"54","chan":"stdout","logger":"task"}
{"timestamp":"2025-12-05T02:13:12.656694Z","level":"info","event":"55","chan":"stdout","logger":"task"}
{"timestamp":"2025-12-05T02:13:13.232646Z","level":"info","event":"56","chan":"stdout","logger":"task"}
{"timestamp":"2025-12-05T02:13:13.881749Z","level":"info","event":"57","chan":"stdout","logger":"task"}
{"timestamp":"2025-12-05T02:13:14.570862Z","level":"info","event":"58","chan":"stdout","logger":"task"}
{"timestamp":"2025-12-05T02:13:15.236084Z","level":"info","event":"59","chan":"stdout","logger":"task"}
{"timestamp":"2025-12-05T02:13:15.242480Z","level":"info","event":"  Processing song 60/100: What's My Name? by Rihanna Featuring Drake","chan":"stdout","logger":"task"}
{"timestamp":"2025-12-05T02:13:16.041257Z","level":"info","event":"60","chan":"stdout","logger":"task"}
{"timestamp":"2025-12-05T02:13:16.938191Z","level":"info","event":"61","chan":"stdout","logger":"task"}
{"timestamp":"2025-12-05T02:13:17.630879Z","level":"info","event":"62","chan":"stdout","logger":"task"}
{"timestamp":"2025-12-05T02:13:18.339471Z","level":"info","event":"63","chan":"stdout","logger":"task"}
{"timestamp":"2025-12-05T02:13:18.934050Z","level":"info","event":"64","chan":"stdout","logger":"task"}
{"timestamp":"2025-12-05T02:13:19.639946Z","level":"info","event":"65","chan":"stdout","logger":"task"}
{"timestamp":"2025-12-05T02:13:20.258082Z","level":"info","event":"66","chan":"stdout","logger":"task"}
{"timestamp":"2025-12-05T02:13:20.893668Z","level":"info","event":"67","chan":"stdout","logger":"task"}
{"timestamp":"2025-12-05T02:13:21.564493Z","level":"info","event":"68","chan":"stdout","logger":"task"}
{"timestamp":"2025-12-05T02:13:22.259751Z","level":"info","event":"69","chan":"stdout","logger":"task"}
{"timestamp":"2025-12-05T02:13:22.260476Z","level":"info","event":"  Processing song 70/100: If I Had You by Adam Lambert","chan":"stdout","logger":"task"}
{"timestamp":"2025-12-05T02:13:22.951750Z","level":"info","event":"70","chan":"stdout","logger":"task"}
{"timestamp":"2025-12-05T02:13:23.845204Z","level":"info","event":"71","chan":"stdout","logger":"task"}
{"timestamp":"2025-12-05T02:13:24.617165Z","level":"info","event":"72","chan":"stdout","logger":"task"}
{"timestamp":"2025-12-05T02:13:25.284065Z","level":"info","event":"73","chan":"stdout","logger":"task"}
{"timestamp":"2025-12-05T02:13:25.994076Z","level":"info","event":"74","chan":"stdout","logger":"task"}
{"timestamp":"2025-12-05T02:13:26.697636Z","level":"info","event":"75","chan":"stdout","logger":"task"}
{"timestamp":"2025-12-05T02:13:27.555958Z","level":"info","event":"76","chan":"stdout","logger":"task"}
{"timestamp":"2025-12-05T02:13:28.384447Z","level":"info","event":"77","chan":"stdout","logger":"task"}
{"timestamp":"2025-12-05T02:13:29.031395Z","level":"info","event":"78","chan":"stdout","logger":"task"}
{"timestamp":"2025-12-05T02:13:29.969858Z","level":"info","event":"79","chan":"stdout","logger":"task"}
{"timestamp":"2025-12-05T02:13:29.970558Z","level":"info","event":"  Processing song 80/100: Rhythm of Love by Plain White T's","chan":"stdout","logger":"task"}
{"timestamp":"2025-12-05T02:13:30.653836Z","level":"info","event":"80","chan":"stdout","logger":"task"}
{"timestamp":"2025-12-05T02:13:31.340456Z","level":"info","event":"81","chan":"stdout","logger":"task"}
{"timestamp":"2025-12-05T02:13:31.946230Z","level":"info","event":"82","chan":"stdout","logger":"task"}
{"timestamp":"2025-12-05T02:13:32.571502Z","level":"info","event":"83","chan":"stdout","logger":"task"}
{"timestamp":"2025-12-05T02:13:33.173826Z","level":"info","event":"84","chan":"stdout","logger":"task"}
{"timestamp":"2025-12-05T02:13:33.858455Z","level":"info","event":"85","chan":"stdout","logger":"task"}
{"timestamp":"2025-12-05T02:13:34.456106Z","level":"info","event":"86","chan":"stdout","logger":"task"}
{"timestamp":"2025-12-05T02:13:35.424139Z","level":"info","event":"87","chan":"stdout","logger":"task"}
{"timestamp":"2025-12-05T02:13:36.359170Z","level":"info","event":"88","chan":"stdout","logger":"task"}
{"timestamp":"2025-12-05T02:13:37.161653Z","level":"info","event":"89","chan":"stdout","logger":"task"}
{"timestamp":"2025-12-05T02:13:37.162140Z","level":"info","event":"  Processing song 90/100: Hollywood by Michael Buble","chan":"stdout","logger":"task"}
{"timestamp":"2025-12-05T02:13:37.979620Z","level":"info","event":"90","chan":"stdout","logger":"task"}
{"timestamp":"2025-12-05T02:13:38.801800Z","level":"info","event":"91","chan":"stdout","logger":"task"}
{"timestamp":"2025-12-05T02:13:39.419103Z","level":"info","event":"92","chan":"stdout","logger":"task"}
{"timestamp":"2025-12-05T02:13:39.941079Z","level":"info","event":"93","chan":"stdout","logger":"task"}
{"timestamp":"2025-12-05T02:13:40.691211Z","level":"info","event":"94","chan":"stdout","logger":"task"}
{"timestamp":"2025-12-05T02:13:41.333449Z","level":"info","event":"95","chan":"stdout","logger":"task"}
{"timestamp":"2025-12-05T02:13:42.041010Z","level":"info","event":"96","chan":"stdout","logger":"task"}
{"timestamp":"2025-12-05T02:13:42.776195Z","level":"info","event":"97","chan":"stdout","logger":"task"}
{"timestamp":"2025-12-05T02:13:43.409159Z","level":"info","event":"98","chan":"stdout","logger":"task"}
{"timestamp":"2025-12-05T02:13:44.378233Z","level":"info","event":"99","chan":"stdout","logger":"task"}
{"timestamp":"2025-12-05T02:13:44.391126Z","level":"info","event":"  Processing song 100/100: Someone Else Calling You Baby by Luke Bryan","chan":"stdout","logger":"task"}
{"timestamp":"2025-12-05T02:13:45.246114Z","level":"info","event":"100","chan":"stdout","logger":"task"}
{"timestamp":"2025-12-05T02:13:45.246307Z","level":"info","event":"{'name': 'Kesha', 'id': '6LqNN22kT3074XbTVUrhzX', 'url': 'https://open.spotify.com/artist/6LqNN22kT3074XbTVUrhzX'}","chan":"stdout","logger":"task"}
{"timestamp":"2025-12-05T02:13:45.246488Z","level":"info","event":"https://musicbrainz.org/ws/2/url?resource=https://open.spotify.com/artist/6LqNN22kT3074XbTVUrhzX&inc=artist-rels&fmt=json","chan":"stdout","logger":"task"}
{"timestamp":"2025-12-05T02:13:45.638343Z","level":"info","event":"https://musicbrainz.org/ws/2/artist/fab34286-b8e1-4879-bce3-194e1358fbd2?inc=tags&fmt=json","chan":"stdout","logger":"task"}
{"timestamp":"2025-12-05T02:13:46.766675Z","level":"info","event":"{'name': 'Far East Movement', 'id': '698hF4vcwHwPy8ltmXermq', 'url': 'https://open.spotify.com/artist/698hF4vcwHwPy8ltmXermq'}","chan":"stdout","logger":"task"}
{"timestamp":"2025-12-05T02:13:46.768311Z","level":"info","event":"https://musicbrainz.org/ws/2/url?resource=https://open.spotify.com/artist/698hF4vcwHwPy8ltmXermq&inc=artist-rels&fmt=json","chan":"stdout","logger":"task"}
{"timestamp":"2025-12-05T02:13:46.912676Z","level":"info","event":"https://musicbrainz.org/ws/2/artist/6bd5655c-b7fe-48ee-8925-c2d2d8798618?inc=tags&fmt=json","chan":"stdout","logger":"task"}
{"timestamp":"2025-12-05T02:13:48.051785Z","level":"info","event":"{'name': 'The Cataracs', 'id': '7C64wNX3howEFZjAYRKsfP', 'url': 'https://open.spotify.com/artist/7C64wNX3howEFZjAYRKsfP'}","chan":"stdout","logger":"task"}
{"timestamp":"2025-12-05T02:13:48.053465Z","level":"info","event":"https://musicbrainz.org/ws/2/url?resource=https://open.spotify.com/artist/7C64wNX3howEFZjAYRKsfP&inc=artist-rels&fmt=json","chan":"stdout","logger":"task"}
{"timestamp":"2025-12-05T02:13:48.529762Z","level":"info","event":"https://musicbrainz.org/ws/2/artist/50d9d3ee-8947-4079-9d73-b01dd3e71d8a?inc=tags&fmt=json","chan":"stdout","logger":"task"}
{"timestamp":"2025-12-05T02:13:49.661571Z","level":"info","event":"{'name': 'DEV', 'id': '7Ip2u3e5Nv6fFb5xyIHxEE', 'url': 'https://open.spotify.com/artist/7Ip2u3e5Nv6fFb5xyIHxEE'}","chan":"stdout","logger":"task"}
{"timestamp":"2025-12-05T02:13:49.663323Z","level":"info","event":"https://musicbrainz.org/ws/2/url?resource=https://open.spotify.com/artist/7Ip2u3e5Nv6fFb5xyIHxEE&inc=artist-rels&fmt=json","chan":"stdout","logger":"task"}
{"timestamp":"2025-12-05T02:13:49.780836Z","level":"info","event":"https://musicbrainz.org/ws/2/artist/7cc04f00-4c8f-40ea-894c-5f65777b3575?inc=tags&fmt=json","chan":"stdout","logger":"task"}
{"timestamp":"2025-12-05T02:13:50.907529Z","level":"info","event":"{'name': 'Bruno Mars', 'id': '0du5cEVh5yTK9QJze8zA0C', 'url': 'https://open.spotify.com/artist/0du5cEVh5yTK9QJze8zA0C'}","chan":"stdout","logger":"task"}
{"timestamp":"2025-12-05T02:13:50.908270Z","level":"info","event":"https://musicbrainz.org/ws/2/url?resource=https://open.spotify.com/artist/0du5cEVh5yTK9QJze8zA0C&inc=artist-rels&fmt=json","chan":"stdout","logger":"task"}
{"timestamp":"2025-12-05T02:13:51.038091Z","level":"info","event":"https://musicbrainz.org/ws/2/artist/afb680f2-b6eb-4cd7-a70b-a63b25c763d5?inc=tags&fmt=json","chan":"stdout","logger":"task"}
{"timestamp":"2025-12-05T02:13:52.184875Z","level":"info","event":"{'name': 'Rihanna', 'id': '5pKCCKE2ajJHZ9KAiaK11H', 'url': 'https://open.spotify.com/artist/5pKCCKE2ajJHZ9KAiaK11H'}","chan":"stdout","logger":"task"}
{"timestamp":"2025-12-05T02:13:52.185868Z","level":"info","event":"https://musicbrainz.org/ws/2/url?resource=https://open.spotify.com/artist/5pKCCKE2ajJHZ9KAiaK11H&inc=artist-rels&fmt=json","chan":"stdout","logger":"task"}
{"timestamp":"2025-12-05T02:13:52.320064Z","level":"info","event":"https://musicbrainz.org/ws/2/artist/73e5e69d-3554-40d8-8516-00cb38737a1c?inc=tags&fmt=json","chan":"stdout","logger":"task"}
{"timestamp":"2025-12-05T02:13:53.448128Z","level":"info","event":"{'name': 'Nelly', 'id': '2gBjLmx6zQnFGQJCAQpRgw', 'url': 'https://open.spotify.com/artist/2gBjLmx6zQnFGQJCAQpRgw'}","chan":"stdout","logger":"task"}
{"timestamp":"2025-12-05T02:13:53.449777Z","level":"info","event":"https://musicbrainz.org/ws/2/url?resource=https://open.spotify.com/artist/2gBjLmx6zQnFGQJCAQpRgw&inc=artist-rels&fmt=json","chan":"stdout","logger":"task"}
{"timestamp":"2025-12-05T02:13:53.582613Z","level":"info","event":"https://musicbrainz.org/ws/2/artist/811900b2-68fc-4d41-8bad-69b7a1f4d628?inc=tags&fmt=json","chan":"stdout","logger":"task"}
{"timestamp":"2025-12-05T02:13:54.705438Z","level":"info","event":"{'name': 'USHER', 'id': '23zg3TcAtWQy7J6upgbUnj', 'url': 'https://open.spotify.com/artist/23zg3TcAtWQy7J6upgbUnj'}","chan":"stdout","logger":"task"}
{"timestamp":"2025-12-05T02:13:54.706007Z","level":"info","event":"https://musicbrainz.org/ws/2/url?resource=https://open.spotify.com/artist/23zg3TcAtWQy7J6upgbUnj&inc=artist-rels&fmt=json","chan":"stdout","logger":"task"}
{"timestamp":"2025-12-05T02:13:54.843892Z","level":"info","event":"https://musicbrainz.org/ws/2/artist/3414d446-735a-443c-931f-10634f57e5b9?inc=tags&fmt=json","chan":"stdout","logger":"task"}
{"timestamp":"2025-12-05T02:13:54.962187Z","level":"info","event":"Rate limit hit. Retrying in 1s...","chan":"stdout","logger":"task"}
{"timestamp":"2025-12-05T02:13:57.120898Z","level":"info","event":"{'name': 'Pitbull', 'id': '0TnOYISbd1XYRBk9myaseg', 'url': 'https://open.spotify.com/artist/0TnOYISbd1XYRBk9myaseg'}","chan":"stdout","logger":"task"}
{"timestamp":"2025-12-05T02:13:57.123562Z","level":"info","event":"https://musicbrainz.org/ws/2/url?resource=https://open.spotify.com/artist/0TnOYISbd1XYRBk9myaseg&inc=artist-rels&fmt=json","chan":"stdout","logger":"task"}
{"timestamp":"2025-12-05T02:13:57.268702Z","level":"info","event":"https://musicbrainz.org/ws/2/artist/d262ea27-3ffe-40f7-b922-85c42d625e67?inc=tags&fmt=json","chan":"stdout","logger":"task"}
{"timestamp":"2025-12-05T02:13:58.411625Z","level":"info","event":"{'name': 'Trey Songz', 'id': '2iojnBLj0qIMiKPvVhLnsH', 'url': 'https://open.spotify.com/artist/2iojnBLj0qIMiKPvVhLnsH'}","chan":"stdout","logger":"task"}
{"timestamp":"2025-12-05T02:13:58.412638Z","level":"info","event":"https://musicbrainz.org/ws/2/url?resource=https://open.spotify.com/artist/2iojnBLj0qIMiKPvVhLnsH&inc=artist-rels&fmt=json","chan":"stdout","logger":"task"}
{"timestamp":"2025-12-05T02:13:58.544591Z","level":"info","event":"https://musicbrainz.org/ws/2/artist/4d7304f6-7fe3-4959-9d98-01a5af84afe6?inc=tags&fmt=json","chan":"stdout","logger":"task"}
{"timestamp":"2025-12-05T02:13:59.671175Z","level":"info","event":"{'name': 'Nicki Minaj', 'id': '0hCNtLu0JehylgoiP8L4Gh', 'url': 'https://open.spotify.com/artist/0hCNtLu0JehylgoiP8L4Gh'}","chan":"stdout","logger":"task"}
{"timestamp":"2025-12-05T02:13:59.672450Z","level":"info","event":"https://musicbrainz.org/ws/2/url?resource=https://open.spotify.com/artist/0hCNtLu0JehylgoiP8L4Gh&inc=artist-rels&fmt=json","chan":"stdout","logger":"task"}
{"timestamp":"2025-12-05T02:13:59.799096Z","level":"info","event":"https://musicbrainz.org/ws/2/artist/1036b808-f58c-4a3e-b461-a2c4492ecf1b?inc=tags&fmt=json","chan":"stdout","logger":"task"}
{"timestamp":"2025-12-05T02:14:00.926102Z","level":"info","event":"{'name': 'Katy Perry', 'id': '6jJ0s89eD6GaHleKKya26X', 'url': 'https://open.spotify.com/artist/6jJ0s89eD6GaHleKKya26X'}","chan":"stdout","logger":"task"}
{"timestamp":"2025-12-05T02:14:00.930027Z","level":"info","event":"https://musicbrainz.org/ws/2/url?resource=https://open.spotify.com/artist/6jJ0s89eD6GaHleKKya26X&inc=artist-rels&fmt=json","chan":"stdout","logger":"task"}
{"timestamp":"2025-12-05T02:14:01.066220Z","level":"info","event":"https://musicbrainz.org/ws/2/artist/122d63fc-8671-43e4-9752-34e846d62a9c?inc=tags&fmt=json","chan":"stdout","logger":"task"}
{"timestamp":"2025-12-05T02:14:02.184074Z","level":"info","event":"{'name': 'Taio Cruz', 'id': '6MF9fzBmfXghAz953czmBC', 'url': 'https://open.spotify.com/artist/6MF9fzBmfXghAz953czmBC'}","chan":"stdout","logger":"task"}
{"timestamp":"2025-12-05T02:14:02.184627Z","level":"info","event":"https://musicbrainz.org/ws/2/url?resource=https://open.spotify.com/artist/6MF9fzBmfXghAz953czmBC&inc=artist-rels&fmt=json","chan":"stdout","logger":"task"}
{"timestamp":"2025-12-05T02:14:02.323316Z","level":"info","event":"https://musicbrainz.org/ws/2/artist/ba7d2626-38ce-4859-8495-bdb5732715c4?inc=tags&fmt=json","chan":"stdout","logger":"task"}
{"timestamp":"2025-12-05T02:14:03.448590Z","level":"info","event":"{'name': 'P!nk', 'id': '1KCSPY1glIKqW2TotWuXOR', 'url': 'https://open.spotify.com/artist/1KCSPY1glIKqW2TotWuXOR'}","chan":"stdout","logger":"task"}
{"timestamp":"2025-12-05T02:14:03.449365Z","level":"info","event":"https://musicbrainz.org/ws/2/url?resource=https://open.spotify.com/artist/1KCSPY1glIKqW2TotWuXOR&inc=artist-rels&fmt=json","chan":"stdout","logger":"task"}
{"timestamp":"2025-12-05T02:14:03.591588Z","level":"info","event":"https://musicbrainz.org/ws/2/artist/f4d5cc07-3bc9-4836-9b15-88a08359bc63?inc=tags&fmt=json","chan":"stdout","logger":"task"}
{"timestamp":"2025-12-05T02:14:04.721500Z","level":"info","event":"{'name': 'WILLOW', 'id': '3rWZHrfrsPBxVy692yAIxF', 'url': 'https://open.spotify.com/artist/3rWZHrfrsPBxVy692yAIxF'}","chan":"stdout","logger":"task"}
{"timestamp":"2025-12-05T02:14:04.721971Z","level":"info","event":"https://musicbrainz.org/ws/2/url?resource=https://open.spotify.com/artist/3rWZHrfrsPBxVy692yAIxF&inc=artist-rels&fmt=json","chan":"stdout","logger":"task"}
{"timestamp":"2025-12-05T02:14:04.882708Z","level":"info","event":"https://musicbrainz.org/ws/2/artist/6bbfc71b-5f18-4e61-82fb-bee0c2a6b5f9?inc=tags&fmt=json","chan":"stdout","logger":"task"}
{"timestamp":"2025-12-05T02:14:06.070672Z","level":"info","event":"{'name': 'Flo Rida', 'id': '0jnsk9HBra6NMjO2oANoPY', 'url': 'https://open.spotify.com/artist/0jnsk9HBra6NMjO2oANoPY'}","chan":"stdout","logger":"task"}
{"timestamp":"2025-12-05T02:14:06.072370Z","level":"info","event":"https://musicbrainz.org/ws/2/url?resource=https://open.spotify.com/artist/0jnsk9HBra6NMjO2oANoPY&inc=artist-rels&fmt=json","chan":"stdout","logger":"task"}
{"timestamp":"2025-12-05T02:14:06.211546Z","level":"info","event":"https://musicbrainz.org/ws/2/artist/4593d49a-7f67-46ba-9ec0-126bd676286f?inc=tags&fmt=json","chan":"stdout","logger":"task"}
{"timestamp":"2025-12-05T02:14:07.348713Z","level":"info","event":"{'name': 'David Guetta', 'id': '1Cs0zKBU1kc0i8ypK3B9ai', 'url': 'https://open.spotify.com/artist/1Cs0zKBU1kc0i8ypK3B9ai'}","chan":"stdout","logger":"task"}
{"timestamp":"2025-12-05T02:14:07.349358Z","level":"info","event":"https://musicbrainz.org/ws/2/url?resource=https://open.spotify.com/artist/1Cs0zKBU1kc0i8ypK3B9ai&inc=artist-rels&fmt=json","chan":"stdout","logger":"task"}
{"timestamp":"2025-12-05T02:14:07.482219Z","level":"info","event":"https://musicbrainz.org/ws/2/artist/302bd7b9-d012-4360-897a-93b00c855680?inc=tags&fmt=json","chan":"stdout","logger":"task"}
{"timestamp":"2025-12-05T02:14:08.621431Z","level":"info","event":"{'name': 'Neon Trees', 'id': '0RpddSzUHfncUWNJXKOsjy', 'url': 'https://open.spotify.com/artist/0RpddSzUHfncUWNJXKOsjy'}","chan":"stdout","logger":"task"}
{"timestamp":"2025-12-05T02:14:08.630463Z","level":"info","event":"https://musicbrainz.org/ws/2/url?resource=https://open.spotify.com/artist/0RpddSzUHfncUWNJXKOsjy&inc=artist-rels&fmt=json","chan":"stdout","logger":"task"}
{"timestamp":"2025-12-05T02:14:08.763781Z","level":"info","event":"https://musicbrainz.org/ws/2/artist/16243662-8538-4746-a0fb-0d15b5828b8e?inc=tags&fmt=json","chan":"stdout","logger":"task"}
{"timestamp":"2025-12-05T02:14:09.898218Z","level":"info","event":"{'name': 'Enrique Iglesias', 'id': '7qG3b048QCHVRO5Pv1T5lw', 'url': 'https://open.spotify.com/artist/7qG3b048QCHVRO5Pv1T5lw'}","chan":"stdout","logger":"task"}
{"timestamp":"2025-12-05T02:14:09.899636Z","level":"info","event":"https://musicbrainz.org/ws/2/url?resource=https://open.spotify.com/artist/7qG3b048QCHVRO5Pv1T5lw&inc=artist-rels&fmt=json","chan":"stdout","logger":"task"}
{"timestamp":"2025-12-05T02:14:10.033597Z","level":"info","event":"https://musicbrainz.org/ws/2/artist/35f866dc-c061-48ba-8157-cf2e0eac4857?inc=tags&fmt=json","chan":"stdout","logger":"task"}
{"timestamp":"2025-12-05T02:14:11.159406Z","level":"info","event":"{'name': 'Eminem', 'id': '7dGJo4pcD2V6oG8kP0tJRR', 'url': 'https://open.spotify.com/artist/7dGJo4pcD2V6oG8kP0tJRR'}","chan":"stdout","logger":"task"}
{"timestamp":"2025-12-05T02:14:11.161212Z","level":"info","event":"https://musicbrainz.org/ws/2/url?resource=https://open.spotify.com/artist/7dGJo4pcD2V6oG8kP0tJRR&inc=artist-rels&fmt=json","chan":"stdout","logger":"task"}
{"timestamp":"2025-12-05T02:14:11.287577Z","level":"info","event":"https://musicbrainz.org/ws/2/artist/b95ce3ff-3d05-4e87-9e01-c97b66af13d4?inc=tags&fmt=json","chan":"stdout","logger":"task"}
{"timestamp":"2025-12-05T02:14:12.420862Z","level":"info","event":"{'name': 'Chris Brown', 'id': '7bXgB6jMjp9ATFy66eO08Z', 'url': 'https://open.spotify.com/artist/7bXgB6jMjp9ATFy66eO08Z'}","chan":"stdout","logger":"task"}
{"timestamp":"2025-12-05T02:14:12.424029Z","level":"info","event":"https://musicbrainz.org/ws/2/url?resource=https://open.spotify.com/artist/7bXgB6jMjp9ATFy66eO08Z&inc=artist-rels&fmt=json","chan":"stdout","logger":"task"}
{"timestamp":"2025-12-05T02:14:12.564790Z","level":"info","event":"https://musicbrainz.org/ws/2/artist/c234fa42-e6a6-443e-937e-2f4b073538a3?inc=tags&fmt=json","chan":"stdout","logger":"task"}
{"timestamp":"2025-12-05T02:14:13.701280Z","level":"info","event":"{'name': 'Tyga', 'id': '5LHRHt1k9lMyONurDHEdrp', 'url': 'https://open.spotify.com/artist/5LHRHt1k9lMyONurDHEdrp'}","chan":"stdout","logger":"task"}
{"timestamp":"2025-12-05T02:14:13.703303Z","level":"info","event":"https://musicbrainz.org/ws/2/url?resource=https://open.spotify.com/artist/5LHRHt1k9lMyONurDHEdrp&inc=artist-rels&fmt=json","chan":"stdout","logger":"task"}
{"timestamp":"2025-12-05T02:14:13.844382Z","level":"info","event":"https://musicbrainz.org/ws/2/artist/ce09ea31-3d4a-4487-a797-e315175457a0?inc=tags&fmt=json","chan":"stdout","logger":"task"}
{"timestamp":"2025-12-05T02:14:14.967954Z","level":"info","event":"{'name': 'Kevin McCall', 'id': '2teIxF2qgr0rYmTTMKiZ7s', 'url': 'https://open.spotify.com/artist/2teIxF2qgr0rYmTTMKiZ7s'}","chan":"stdout","logger":"task"}
{"timestamp":"2025-12-05T02:14:14.969117Z","level":"info","event":"https://musicbrainz.org/ws/2/url?resource=https://open.spotify.com/artist/2teIxF2qgr0rYmTTMKiZ7s&inc=artist-rels&fmt=json","chan":"stdout","logger":"task"}
{"timestamp":"2025-12-05T02:14:15.103650Z","level":"info","event":"https://musicbrainz.org/ws/2/artist/727105fb-1a82-423f-9b3c-e29c7ea0fb4c?inc=tags&fmt=json","chan":"stdout","logger":"task"}
{"timestamp":"2025-12-05T02:14:15.227495Z","level":"info","event":"Rate limit hit. Retrying in 1s...","chan":"stdout","logger":"task"}
{"timestamp":"2025-12-05T02:14:17.364350Z","level":"info","event":"{'name': 'Taylor Swift', 'id': '06HL4z0CvFAxyc27GXpf02', 'url': 'https://open.spotify.com/artist/06HL4z0CvFAxyc27GXpf02'}","chan":"stdout","logger":"task"}
{"timestamp":"2025-12-05T02:14:17.365684Z","level":"info","event":"https://musicbrainz.org/ws/2/url?resource=https://open.spotify.com/artist/06HL4z0CvFAxyc27GXpf02&inc=artist-rels&fmt=json","chan":"stdout","logger":"task"}
{"timestamp":"2025-12-05T02:14:17.506122Z","level":"info","event":"https://musicbrainz.org/ws/2/artist/20244d07-534f-4eff-b4d4-930878889970?inc=tags&fmt=json","chan":"stdout","logger":"task"}
{"timestamp":"2025-12-05T02:14:18.643904Z","level":"info","event":"{'name': 'Kanye West', 'id': '5K4W6rqBFWDnAN6FQUkS6x', 'url': 'https://open.spotify.com/artist/5K4W6rqBFWDnAN6FQUkS6x'}","chan":"stdout","logger":"task"}
{"timestamp":"2025-12-05T02:14:18.654324Z","level":"info","event":"https://musicbrainz.org/ws/2/url?resource=https://open.spotify.com/artist/5K4W6rqBFWDnAN6FQUkS6x&inc=artist-rels&fmt=json","chan":"stdout","logger":"task"}
{"timestamp":"2025-12-05T02:14:19.124882Z","level":"info","event":"https://musicbrainz.org/ws/2/artist/164f0d73-1234-4e2c-8743-d77bf2191051?inc=tags&fmt=json","chan":"stdout","logger":"task"}
{"timestamp":"2025-12-05T02:14:20.248385Z","level":"info","event":"{'name': 'JAY-Z', 'id': '3nFkdlSjzX9mRTtwJOzDYB', 'url': 'https://open.spotify.com/artist/3nFkdlSjzX9mRTtwJOzDYB'}","chan":"stdout","logger":"task"}
{"timestamp":"2025-12-05T02:14:20.250773Z","level":"info","event":"https://musicbrainz.org/ws/2/url?resource=https://open.spotify.com/artist/3nFkdlSjzX9mRTtwJOzDYB&inc=artist-rels&fmt=json","chan":"stdout","logger":"task"}
{"timestamp":"2025-12-05T02:14:20.383915Z","level":"info","event":"https://musicbrainz.org/ws/2/artist/f82bcf78-5b69-4622-a5ef-73800768d9ac?inc=tags&fmt=json","chan":"stdout","logger":"task"}
{"timestamp":"2025-12-05T02:14:21.521603Z","level":"info","event":"{'name': 'Rick Ross', 'id': '1sBkRIssrMs1AbVkOJbc7a', 'url': 'https://open.spotify.com/artist/1sBkRIssrMs1AbVkOJbc7a'}","chan":"stdout","logger":"task"}
{"timestamp":"2025-12-05T02:14:21.521936Z","level":"info","event":"https://musicbrainz.org/ws/2/url?resource=https://open.spotify.com/artist/1sBkRIssrMs1AbVkOJbc7a&inc=artist-rels&fmt=json","chan":"stdout","logger":"task"}
{"timestamp":"2025-12-05T02:14:21.636424Z","level":"info","event":"https://musicbrainz.org/ws/2/artist/13bcb2bb-db37-4397-baf5-e0f085be2d64?inc=tags&fmt=json","chan":"stdout","logger":"task"}
{"timestamp":"2025-12-05T02:14:22.759256Z","level":"info","event":"{'name': 'Bon Iver', 'id': '4LEiUm1SRbFMgfqnQTwUbQ', 'url': 'https://open.spotify.com/artist/4LEiUm1SRbFMgfqnQTwUbQ'}","chan":"stdout","logger":"task"}
{"timestamp":"2025-12-05T02:14:22.759802Z","level":"info","event":"https://musicbrainz.org/ws/2/url?resource=https://open.spotify.com/artist/4LEiUm1SRbFMgfqnQTwUbQ&inc=artist-rels&fmt=json","chan":"stdout","logger":"task"}
{"timestamp":"2025-12-05T02:14:22.988607Z","level":"info","event":"https://musicbrainz.org/ws/2/artist/437a0e49-c6ae-42f6-a6c1-84f25ed366bc?inc=tags&fmt=json","chan":"stdout","logger":"task"}
{"timestamp":"2025-12-05T02:14:24.172059Z","level":"info","event":"{'name': 'Mike Posner', 'id': '2KsP6tYLJlTBvSUxnwlVWa', 'url': 'https://open.spotify.com/artist/2KsP6tYLJlTBvSUxnwlVWa'}","chan":"stdout","logger":"task"}
{"timestamp":"2025-12-05T02:14:24.172722Z","level":"info","event":"https://musicbrainz.org/ws/2/url?resource=https://open.spotify.com/artist/2KsP6tYLJlTBvSUxnwlVWa&inc=artist-rels&fmt=json","chan":"stdout","logger":"task"}
{"timestamp":"2025-12-05T02:14:24.290823Z","level":"info","event":"https://musicbrainz.org/ws/2/artist/5b64e344-b2fb-47bd-bd7b-4c793b17d472?inc=tags&fmt=json","chan":"stdout","logger":"task"}
{"timestamp":"2025-12-05T02:14:25.431867Z","level":"info","event":"{'name': 'Waka Flocka Flame', 'id': '6f4XkbvYlXMH0QgVRzW0sM', 'url': 'https://open.spotify.com/artist/6f4XkbvYlXMH0QgVRzW0sM'}","chan":"stdout","logger":"task"}
{"timestamp":"2025-12-05T02:14:25.433189Z","level":"info","event":"https://musicbrainz.org/ws/2/url?resource=https://open.spotify.com/artist/6f4XkbvYlXMH0QgVRzW0sM&inc=artist-rels&fmt=json","chan":"stdout","logger":"task"}
{"timestamp":"2025-12-05T02:14:25.577201Z","level":"info","event":"https://musicbrainz.org/ws/2/artist/59eda569-b380-4958-b98c-051d1667b3e1?inc=tags&fmt=json","chan":"stdout","logger":"task"}
{"timestamp":"2025-12-05T02:14:26.716998Z","level":"info","event":"{'name': 'Roscoe Dash', 'id': '0bfX8pF8kuHNCs57Ms4jZb', 'url': 'https://open.spotify.com/artist/0bfX8pF8kuHNCs57Ms4jZb'}","chan":"stdout","logger":"task"}
{"timestamp":"2025-12-05T02:14:26.723382Z","level":"info","event":"https://musicbrainz.org/ws/2/url?resource=https://open.spotify.com/artist/0bfX8pF8kuHNCs57Ms4jZb&inc=artist-rels&fmt=json","chan":"stdout","logger":"task"}
{"timestamp":"2025-12-05T02:14:26.866093Z","level":"info","event":"https://musicbrainz.org/ws/2/artist/2d79c678-e9e6-4456-a941-8ca436747a43?inc=tags&fmt=json","chan":"stdout","logger":"task"}
{"timestamp":"2025-12-05T02:14:28.013086Z","level":"info","event":"{'name': 'Wale', 'id': '67nwj3Y5sZQLl72VNUHEYE', 'url': 'https://open.spotify.com/artist/67nwj3Y5sZQLl72VNUHEYE'}","chan":"stdout","logger":"task"}
{"timestamp":"2025-12-05T02:14:28.014082Z","level":"info","event":"https://musicbrainz.org/ws/2/url?resource=https://open.spotify.com/artist/67nwj3Y5sZQLl72VNUHEYE&inc=artist-rels&fmt=json","chan":"stdout","logger":"task"}
{"timestamp":"2025-12-05T02:14:28.143549Z","level":"info","event":"https://musicbrainz.org/ws/2/artist/e34e41f2-f480-45d3-8190-a3ce5ab34fab?inc=tags&fmt=json","chan":"stdout","logger":"task"}
{"timestamp":"2025-12-05T02:14:29.275023Z","level":"info","event":"{'name': 'Lil Wayne', 'id': '55Aa2cqylxrFIXC767Z865', 'url': 'https://open.spotify.com/artist/55Aa2cqylxrFIXC767Z865'}","chan":"stdout","logger":"task"}
{"timestamp":"2025-12-05T02:14:29.281504Z","level":"info","event":"https://musicbrainz.org/ws/2/url?resource=https://open.spotify.com/artist/55Aa2cqylxrFIXC767Z865&inc=artist-rels&fmt=json","chan":"stdout","logger":"task"}
{"timestamp":"2025-12-05T02:14:29.412517Z","level":"info","event":"https://musicbrainz.org/ws/2/artist/ac9a487a-d9d2-4f27-bb23-0f4686488345?inc=tags&fmt=json","chan":"stdout","logger":"task"}
{"timestamp":"2025-12-05T02:14:30.534342Z","level":"info","event":"{'name': 'Drake', 'id': '3TVXtAsR1Inumwj472S9r4', 'url': 'https://open.spotify.com/artist/3TVXtAsR1Inumwj472S9r4'}","chan":"stdout","logger":"task"}
{"timestamp":"2025-12-05T02:14:30.534999Z","level":"info","event":"https://musicbrainz.org/ws/2/url?resource=https://open.spotify.com/artist/3TVXtAsR1Inumwj472S9r4&inc=artist-rels&fmt=json","chan":"stdout","logger":"task"}
{"timestamp":"2025-12-05T02:14:30.706543Z","level":"info","event":"https://musicbrainz.org/ws/2/artist/9fff2f8a-21e6-47de-a2b8-7f449929d43f?inc=tags&fmt=json","chan":"stdout","logger":"task"}
{"timestamp":"2025-12-05T02:14:31.833472Z","level":"info","event":"{'name': 'will.i.am', 'id': '085pc2PYOi8bGKj0PNjekA', 'url': 'https://open.spotify.com/artist/085pc2PYOi8bGKj0PNjekA'}","chan":"stdout","logger":"task"}
{"timestamp":"2025-12-05T02:14:31.835462Z","level":"info","event":"https://musicbrainz.org/ws/2/url?resource=https://open.spotify.com/artist/085pc2PYOi8bGKj0PNjekA&inc=artist-rels&fmt=json","chan":"stdout","logger":"task"}
{"timestamp":"2025-12-05T02:14:31.967991Z","level":"info","event":"https://musicbrainz.org/ws/2/artist/d574c9bd-46f6-440a-8d6a-8412a283eeb1?inc=tags&fmt=json","chan":"stdout","logger":"task"}
{"timestamp":"2025-12-05T02:14:33.102354Z","level":"info","event":"{'name': 'The Band Perry', 'id': '75FnCoo4FBxH5K1Rrx0k5A', 'url': 'https://open.spotify.com/artist/75FnCoo4FBxH5K1Rrx0k5A'}","chan":"stdout","logger":"task"}
{"timestamp":"2025-12-05T02:14:33.102527Z","level":"info","event":"https://musicbrainz.org/ws/2/url?resource=https://open.spotify.com/artist/75FnCoo4FBxH5K1Rrx0k5A&inc=artist-rels&fmt=json","chan":"stdout","logger":"task"}
{"timestamp":"2025-12-05T02:14:33.228751Z","level":"info","event":"https://musicbrainz.org/ws/2/artist/28955336-2348-488a-9381-e3a7b0107343?inc=tags&fmt=json","chan":"stdout","logger":"task"}
{"timestamp":"2025-12-05T02:14:34.357273Z","level":"info","event":"{'name': 'Sugarland', 'id': '0hYxQe3AK5jBPCr5MumLHD', 'url': 'https://open.spotify.com/artist/0hYxQe3AK5jBPCr5MumLHD'}","chan":"stdout","logger":"task"}
{"timestamp":"2025-12-05T02:14:34.359614Z","level":"info","event":"https://musicbrainz.org/ws/2/url?resource=https://open.spotify.com/artist/0hYxQe3AK5jBPCr5MumLHD&inc=artist-rels&fmt=json","chan":"stdout","logger":"task"}
{"timestamp":"2025-12-05T02:14:34.497922Z","level":"info","event":"https://musicbrainz.org/ws/2/artist/f87b740a-c22b-4fae-9987-1f3e16f840c4?inc=tags&fmt=json","chan":"stdout","logger":"task"}
{"timestamp":"2025-12-05T02:14:35.623742Z","level":"info","event":"{'name': 'The Ready Set', 'id': '2eRJjYEaWyGZbOBGYFLBoC', 'url': 'https://open.spotify.com/artist/2eRJjYEaWyGZbOBGYFLBoC'}","chan":"stdout","logger":"task"}
{"timestamp":"2025-12-05T02:14:35.624308Z","level":"info","event":"https://musicbrainz.org/ws/2/url?resource=https://open.spotify.com/artist/2eRJjYEaWyGZbOBGYFLBoC&inc=artist-rels&fmt=json","chan":"stdout","logger":"task"}
{"timestamp":"2025-12-05T02:14:35.755184Z","level":"info","event":"https://musicbrainz.org/ws/2/artist/3979bb32-59b4-442e-aafa-de4ae2439400?inc=tags&fmt=json","chan":"stdout","logger":"task"}
{"timestamp":"2025-12-05T02:14:35.883097Z","level":"info","event":"Rate limit hit. Retrying in 1s...","chan":"stdout","logger":"task"}
{"timestamp":"2025-12-05T02:14:38.030060Z","level":"info","event":"{'name': 'OneRepublic', 'id': '5Pwc4xIPtQLFEnJriah9YJ', 'url': 'https://open.spotify.com/artist/5Pwc4xIPtQLFEnJriah9YJ'}","chan":"stdout","logger":"task"}
{"timestamp":"2025-12-05T02:14:38.033252Z","level":"info","event":"https://musicbrainz.org/ws/2/url?resource=https://open.spotify.com/artist/5Pwc4xIPtQLFEnJriah9YJ&inc=artist-rels&fmt=json","chan":"stdout","logger":"task"}
{"timestamp":"2025-12-05T02:14:38.157818Z","level":"info","event":"https://musicbrainz.org/ws/2/artist/c33c2065-b1c3-4406-b066-d33a9e2ea71a?inc=tags&fmt=json","chan":"stdout","logger":"task"}
{"timestamp":"2025-12-05T02:14:39.299164Z","level":"info","event":"{'name': 'Yolanda Be Cool', 'id': '4KkHjCe8ouh8C2P9LPoD4F', 'url': 'https://open.spotify.com/artist/4KkHjCe8ouh8C2P9LPoD4F'}","chan":"stdout","logger":"task"}
{"timestamp":"2025-12-05T02:14:39.302411Z","level":"info","event":"https://musicbrainz.org/ws/2/url?resource=https://open.spotify.com/artist/4KkHjCe8ouh8C2P9LPoD4F&inc=artist-rels&fmt=json","chan":"stdout","logger":"task"}
{"timestamp":"2025-12-05T02:14:39.446573Z","level":"info","event":"https://musicbrainz.org/ws/2/artist/bd90e308-9904-48fb-9318-918d3f595d73?inc=tags&fmt=json","chan":"stdout","logger":"task"}
{"timestamp":"2025-12-05T02:14:40.583215Z","level":"info","event":"{'name': 'DCup', 'id': '6OkVmXCnj1BPjTf5aihiwt', 'url': 'https://open.spotify.com/artist/6OkVmXCnj1BPjTf5aihiwt'}","chan":"stdout","logger":"task"}
{"timestamp":"2025-12-05T02:14:40.584183Z","level":"info","event":"https://musicbrainz.org/ws/2/url?resource=https://open.spotify.com/artist/6OkVmXCnj1BPjTf5aihiwt&inc=artist-rels&fmt=json","chan":"stdout","logger":"task"}
{"timestamp":"2025-12-05T02:14:40.724063Z","level":"info","event":"https://musicbrainz.org/ws/2/artist/2e5d5a88-b8b8-44a8-aa7e-14795fe7f643?inc=tags&fmt=json","chan":"stdout","logger":"task"}
{"timestamp":"2025-12-05T02:14:41.872655Z","level":"info","event":"{'name': 'Gigamesh', 'id': '1Bo8Afb2Qbjs4x6kJHyjle', 'url': 'https://open.spotify.com/artist/1Bo8Afb2Qbjs4x6kJHyjle'}","chan":"stdout","logger":"task"}
{"timestamp":"2025-12-05T02:14:41.875264Z","level":"info","event":"https://musicbrainz.org/ws/2/url?resource=https://open.spotify.com/artist/1Bo8Afb2Qbjs4x6kJHyjle&inc=artist-rels&fmt=json","chan":"stdout","logger":"task"}
{"timestamp":"2025-12-05T02:14:42.001542Z","level":"info","event":"https://musicbrainz.org/ws/2/artist/3f7c8b63-471b-4fd8-962c-6a9de83649b6?inc=tags&fmt=json","chan":"stdout","logger":"task"}
{"timestamp":"2025-12-05T02:14:43.140997Z","level":"info","event":"{'name': 'Sara Bareilles', 'id': '2Sqr0DXoaYABbjBo9HaMkM', 'url': 'https://open.spotify.com/artist/2Sqr0DXoaYABbjBo9HaMkM'}","chan":"stdout","logger":"task"}
{"timestamp":"2025-12-05T02:14:43.141821Z","level":"info","event":"https://musicbrainz.org/ws/2/url?resource=https://open.spotify.com/artist/2Sqr0DXoaYABbjBo9HaMkM&inc=artist-rels&fmt=json","chan":"stdout","logger":"task"}
{"timestamp":"2025-12-05T02:14:43.270862Z","level":"info","event":"https://musicbrainz.org/ws/2/artist/e54be6b7-5c26-4b47-bb3f-c137429b9b55?inc=tags&fmt=json","chan":"stdout","logger":"task"}
{"timestamp":"2025-12-05T02:14:44.400966Z","level":"info","event":"{'name': 'Snoop Dogg', 'id': '7hJcb9fa4alzcOq3EaNPoG', 'url': 'https://open.spotify.com/artist/7hJcb9fa4alzcOq3EaNPoG'}","chan":"stdout","logger":"task"}
{"timestamp":"2025-12-05T02:14:44.403221Z","level":"info","event":"https://musicbrainz.org/ws/2/url?resource=https://open.spotify.com/artist/7hJcb9fa4alzcOq3EaNPoG&inc=artist-rels&fmt=json","chan":"stdout","logger":"task"}
{"timestamp":"2025-12-05T02:14:44.536001Z","level":"info","event":"https://musicbrainz.org/ws/2/artist/f90e8b26-9e52-4669-a5c9-e28529c47894?inc=tags&fmt=json","chan":"stdout","logger":"task"}
{"timestamp":"2025-12-05T02:14:45.669151Z","level":"info","event":"{'name': 'Zac Brown Band', 'id': '6yJCxee7QumYr820xdIsjo', 'url': 'https://open.spotify.com/artist/6yJCxee7QumYr820xdIsjo'}","chan":"stdout","logger":"task"}
{"timestamp":"2025-12-05T02:14:45.673716Z","level":"info","event":"https://musicbrainz.org/ws/2/url?resource=https://open.spotify.com/artist/6yJCxee7QumYr820xdIsjo&inc=artist-rels&fmt=json","chan":"stdout","logger":"task"}
{"timestamp":"2025-12-05T02:14:45.818157Z","level":"info","event":"https://musicbrainz.org/ws/2/artist/507226f4-0842-4f43-950e-81a7017230ec?inc=tags&fmt=json","chan":"stdout","logger":"task"}
{"timestamp":"2025-12-05T02:14:46.938920Z","level":"info","event":"{'name': 'Alan Jackson', 'id': '4mxWe1mtYIYfP040G38yvS', 'url': 'https://open.spotify.com/artist/4mxWe1mtYIYfP040G38yvS'}","chan":"stdout","logger":"task"}
{"timestamp":"2025-12-05T02:14:46.942440Z","level":"info","event":"https://musicbrainz.org/ws/2/url?resource=https://open.spotify.com/artist/4mxWe1mtYIYfP040G38yvS&inc=artist-rels&fmt=json","chan":"stdout","logger":"task"}
{"timestamp":"2025-12-05T02:14:47.082843Z","level":"info","event":"https://musicbrainz.org/ws/2/artist/7291957b-c463-4275-a41c-a104c9e2337f?inc=tags&fmt=json","chan":"stdout","logger":"task"}
{"timestamp":"2025-12-05T02:14:48.225628Z","level":"info","event":"{'name': 'B.o.B', 'id': '5ndkK3dpZLKtBklKjxNQwT', 'url': 'https://open.spotify.com/artist/5ndkK3dpZLKtBklKjxNQwT'}","chan":"stdout","logger":"task"}
{"timestamp":"2025-12-05T02:14:48.229004Z","level":"info","event":"https://musicbrainz.org/ws/2/url?resource=https://open.spotify.com/artist/5ndkK3dpZLKtBklKjxNQwT&inc=artist-rels&fmt=json","chan":"stdout","logger":"task"}
{"timestamp":"2025-12-05T02:14:48.368384Z","level":"info","event":"https://musicbrainz.org/ws/2/artist/94c338ff-1985-4429-9dc8-997b61bb5932?inc=tags&fmt=json","chan":"stdout","logger":"task"}
{"timestamp":"2025-12-05T02:14:49.525437Z","level":"info","event":"{'name': 'Hayley Williams', 'id': '6Rx1JKzBrSzoKQtmbVmBnM', 'url': 'https://open.spotify.com/artist/6Rx1JKzBrSzoKQtmbVmBnM'}","chan":"stdout","logger":"task"}
{"timestamp":"2025-12-05T02:14:49.526615Z","level":"info","event":"https://musicbrainz.org/ws/2/url?resource=https://open.spotify.com/artist/6Rx1JKzBrSzoKQtmbVmBnM&inc=artist-rels&fmt=json","chan":"stdout","logger":"task"}
{"timestamp":"2025-12-05T02:14:49.673661Z","level":"info","event":"https://musicbrainz.org/ws/2/artist/b4b5b5a7-feff-47d0-9458-83d0d135a692?inc=tags&fmt=json","chan":"stdout","logger":"task"}
{"timestamp":"2025-12-05T02:14:50.811931Z","level":"info","event":"{'name': 'Sean Kingston', 'id': '6S0dmVVn4udvppDhZIWxCr', 'url': 'https://open.spotify.com/artist/6S0dmVVn4udvppDhZIWxCr'}","chan":"stdout","logger":"task"}
{"timestamp":"2025-12-05T02:14:50.814858Z","level":"info","event":"https://musicbrainz.org/ws/2/url?resource=https://open.spotify.com/artist/6S0dmVVn4udvppDhZIWxCr&inc=artist-rels&fmt=json","chan":"stdout","logger":"task"}
{"timestamp":"2025-12-05T02:14:50.946988Z","level":"info","event":"https://musicbrainz.org/ws/2/artist/f7eb3be3-1065-4a53-94d4-e2d0c15c0b33?inc=tags&fmt=json","chan":"stdout","logger":"task"}
{"timestamp":"2025-12-05T02:14:52.078473Z","level":"info","event":"{'name': 'Daughtry', 'id': '5P5FTygHyx2G57oszR3Wot', 'url': 'https://open.spotify.com/artist/5P5FTygHyx2G57oszR3Wot'}","chan":"stdout","logger":"task"}
{"timestamp":"2025-12-05T02:14:52.093951Z","level":"info","event":"https://musicbrainz.org/ws/2/url?resource=https://open.spotify.com/artist/5P5FTygHyx2G57oszR3Wot&inc=artist-rels&fmt=json","chan":"stdout","logger":"task"}
{"timestamp":"2025-12-05T02:14:52.231812Z","level":"info","event":"https://musicbrainz.org/ws/2/artist/21e3292e-dac8-4609-b57d-402f926aa41f?inc=tags&fmt=json","chan":"stdout","logger":"task"}
{"timestamp":"2025-12-05T02:14:53.357586Z","level":"info","event":"{'name': 'Wiz Khalifa', 'id': '137W8MRPWKqSmrBGDBFSop', 'url': 'https://open.spotify.com/artist/137W8MRPWKqSmrBGDBFSop'}","chan":"stdout","logger":"task"}
{"timestamp":"2025-12-05T02:14:53.362977Z","level":"info","event":"https://musicbrainz.org/ws/2/url?resource=https://open.spotify.com/artist/137W8MRPWKqSmrBGDBFSop&inc=artist-rels&fmt=json","chan":"stdout","logger":"task"}
{"timestamp":"2025-12-05T02:14:53.502265Z","level":"info","event":"https://musicbrainz.org/ws/2/artist/f5dfa020-ad69-41cd-b3d4-fd7af0414e94?inc=tags&fmt=json","chan":"stdout","logger":"task"}
{"timestamp":"2025-12-05T02:14:54.638237Z","level":"info","event":"{'name': 'T.I.', 'id': '4OBJLual30L7gRl5UkeRcT', 'url': 'https://open.spotify.com/artist/4OBJLual30L7gRl5UkeRcT'}","chan":"stdout","logger":"task"}
{"timestamp":"2025-12-05T02:14:54.651678Z","level":"info","event":"https://musicbrainz.org/ws/2/url?resource=https://open.spotify.com/artist/4OBJLual30L7gRl5UkeRcT&inc=artist-rels&fmt=json","chan":"stdout","logger":"task"}
{"timestamp":"2025-12-05T02:14:54.783188Z","level":"info","event":"https://musicbrainz.org/ws/2/artist/f7ba7fbe-c6bd-4ac0-bee9-c25c558d7d62?inc=tags&fmt=json","chan":"stdout","logger":"task"}
{"timestamp":"2025-12-05T02:14:55.912738Z","level":"info","event":"{'name': 'Swizz Beatz', 'id': '2cADQgiLMjNhbsfeN52Bf3', 'url': 'https://open.spotify.com/artist/2cADQgiLMjNhbsfeN52Bf3'}","chan":"stdout","logger":"task"}
{"timestamp":"2025-12-05T02:14:55.915822Z","level":"info","event":"https://musicbrainz.org/ws/2/url?resource=https://open.spotify.com/artist/2cADQgiLMjNhbsfeN52Bf3&inc=artist-rels&fmt=json","chan":"stdout","logger":"task"}
{"timestamp":"2025-12-05T02:14:56.054756Z","level":"info","event":"https://musicbrainz.org/ws/2/artist/698ff525-ff51-4206-8f08-60a7458aab24?inc=tags&fmt=json","chan":"stdout","logger":"task"}
{"timestamp":"2025-12-05T02:14:56.187852Z","level":"info","event":"Rate limit hit. Retrying in 1s...","chan":"stdout","logger":"task"}
{"timestamp":"2025-12-05T02:14:58.348819Z","level":"info","event":"{'name': 'Chrisette Michele', 'id': '3YJMzGjAm245zwJooY7PEj', 'url': 'https://open.spotify.com/artist/3YJMzGjAm245zwJooY7PEj'}","chan":"stdout","logger":"task"}
{"timestamp":"2025-12-05T02:14:58.361954Z","level":"info","event":"https://musicbrainz.org/ws/2/url?resource=https://open.spotify.com/artist/3YJMzGjAm245zwJooY7PEj&inc=artist-rels&fmt=json","chan":"stdout","logger":"task"}
{"timestamp":"2025-12-05T02:14:58.472264Z","level":"info","event":"https://musicbrainz.org/ws/2/artist/197db30d-0886-41ad-908e-c9dd70e62739?inc=tags&fmt=json","chan":"stdout","logger":"task"}
{"timestamp":"2025-12-05T02:14:59.604261Z","level":"info","event":"{'name': 'Darius Rucker', 'id': '7FY5V3XMwlNBPitEjXowHQ', 'url': 'https://open.spotify.com/artist/7FY5V3XMwlNBPitEjXowHQ'}","chan":"stdout","logger":"task"}
{"timestamp":"2025-12-05T02:14:59.605783Z","level":"info","event":"https://musicbrainz.org/ws/2/url?resource=https://open.spotify.com/artist/7FY5V3XMwlNBPitEjXowHQ&inc=artist-rels&fmt=json","chan":"stdout","logger":"task"}
{"timestamp":"2025-12-05T02:14:59.719827Z","level":"info","event":"https://musicbrainz.org/ws/2/artist/3ae70f76-ea53-4cc5-906e-d47a384202a1?inc=tags&fmt=json","chan":"stdout","logger":"task"}
{"timestamp":"2025-12-05T02:15:00.839156Z","level":"info","event":"{'name': 'Maroon 5', 'id': '04gDigrS5kc9YWfZHwBETP', 'url': 'https://open.spotify.com/artist/04gDigrS5kc9YWfZHwBETP'}","chan":"stdout","logger":"task"}
{"timestamp":"2025-12-05T02:15:00.839915Z","level":"info","event":"https://musicbrainz.org/ws/2/url?resource=https://open.spotify.com/artist/04gDigrS5kc9YWfZHwBETP&inc=artist-rels&fmt=json","chan":"stdout","logger":"task"}
{"timestamp":"2025-12-05T02:15:01.007544Z","level":"info","event":"https://musicbrainz.org/ws/2/artist/0ab49580-c84f-44d4-875f-d83760ea2cfe?inc=tags&fmt=json","chan":"stdout","logger":"task"}
{"timestamp":"2025-12-05T02:15:02.129717Z","level":"info","event":"{'name': 'Pusha T', 'id': '0ONHkAv9pCAFxb0zJwDNTy', 'url': 'https://open.spotify.com/artist/0ONHkAv9pCAFxb0zJwDNTy'}","chan":"stdout","logger":"task"}
{"timestamp":"2025-12-05T02:15:02.130242Z","level":"info","event":"https://musicbrainz.org/ws/2/url?resource=https://open.spotify.com/artist/0ONHkAv9pCAFxb0zJwDNTy&inc=artist-rels&fmt=json","chan":"stdout","logger":"task"}
{"timestamp":"2025-12-05T02:15:02.270527Z","level":"info","event":"https://musicbrainz.org/ws/2/artist/14ecd19f-7121-4192-8549-e5056241a42f?inc=tags&fmt=json","chan":"stdout","logger":"task"}
{"timestamp":"2025-12-05T02:15:03.603837Z","level":"info","event":"{'name': 'T-Pain', 'id': '3aQeKQSyrW4qWr35idm0cy', 'url': 'https://open.spotify.com/artist/3aQeKQSyrW4qWr35idm0cy'}","chan":"stdout","logger":"task"}
{"timestamp":"2025-12-05T02:15:03.605742Z","level":"info","event":"https://musicbrainz.org/ws/2/url?resource=https://open.spotify.com/artist/3aQeKQSyrW4qWr35idm0cy&inc=artist-rels&fmt=json","chan":"stdout","logger":"task"}
{"timestamp":"2025-12-05T02:15:03.738731Z","level":"info","event":"https://musicbrainz.org/ws/2/artist/ce55e49a-32f4-4757-9849-bf04d06d5fcc?inc=tags&fmt=json","chan":"stdout","logger":"task"}
{"timestamp":"2025-12-05T02:15:04.876384Z","level":"info","event":"{'name': 'Rodney Atkins', 'id': '2qgvmDsc4jrqbAbjq1HGM2', 'url': 'https://open.spotify.com/artist/2qgvmDsc4jrqbAbjq1HGM2'}","chan":"stdout","logger":"task"}
{"timestamp":"2025-12-05T02:15:04.877471Z","level":"info","event":"https://musicbrainz.org/ws/2/url?resource=https://open.spotify.com/artist/2qgvmDsc4jrqbAbjq1HGM2&inc=artist-rels&fmt=json","chan":"stdout","logger":"task"}
{"timestamp":"2025-12-05T02:15:05.078213Z","level":"info","event":"HTTP 404: Not Found","chan":"stdout","logger":"task"}
{"timestamp":"2025-12-05T02:15:05.078478Z","level":"info","event":"unable to get mbid for https://open.spotify.com/artist/2qgvmDsc4jrqbAbjq1HGM2","chan":"stdout","logger":"task"}
{"timestamp":"2025-12-05T02:15:06.079388Z","level":"info","event":"{'name': 'Jason Aldean', 'id': '3FfvYsEGaIb52QPXhg4DcH', 'url': 'https://open.spotify.com/artist/3FfvYsEGaIb52QPXhg4DcH'}","chan":"stdout","logger":"task"}
{"timestamp":"2025-12-05T02:15:06.081352Z","level":"info","event":"https://musicbrainz.org/ws/2/url?resource=https://open.spotify.com/artist/3FfvYsEGaIb52QPXhg4DcH&inc=artist-rels&fmt=json","chan":"stdout","logger":"task"}
{"timestamp":"2025-12-05T02:15:06.224697Z","level":"info","event":"https://musicbrainz.org/ws/2/artist/f24df11a-7e35-4979-a4db-a3b2a170ce27?inc=tags&fmt=json","chan":"stdout","logger":"task"}
{"timestamp":"2025-12-05T02:15:07.361441Z","level":"info","event":"{'name': 'Edward Maya', 'id': '6XwwFnewNgWp81MYMK8zLq', 'url': 'https://open.spotify.com/artist/6XwwFnewNgWp81MYMK8zLq'}","chan":"stdout","logger":"task"}
{"timestamp":"2025-12-05T02:15:07.364643Z","level":"info","event":"https://musicbrainz.org/ws/2/url?resource=https://open.spotify.com/artist/6XwwFnewNgWp81MYMK8zLq&inc=artist-rels&fmt=json","chan":"stdout","logger":"task"}
{"timestamp":"2025-12-05T02:15:07.508911Z","level":"info","event":"https://musicbrainz.org/ws/2/artist/257891db-1f69-4660-894d-075e355431a8?inc=tags&fmt=json","chan":"stdout","logger":"task"}
{"timestamp":"2025-12-05T02:15:08.666275Z","level":"info","event":"{'name': 'Vika Jigulina', 'id': '34dZRjYum6vVBGslgYaBtB', 'url': 'https://open.spotify.com/artist/34dZRjYum6vVBGslgYaBtB'}","chan":"stdout","logger":"task"}
{"timestamp":"2025-12-05T02:15:08.668907Z","level":"info","event":"https://musicbrainz.org/ws/2/url?resource=https://open.spotify.com/artist/34dZRjYum6vVBGslgYaBtB&inc=artist-rels&fmt=json","chan":"stdout","logger":"task"}
{"timestamp":"2025-12-05T02:15:08.811321Z","level":"info","event":"https://musicbrainz.org/ws/2/artist/2cb3ebf3-09fb-45fe-8267-9a45d15796df?inc=tags&fmt=json","chan":"stdout","logger":"task"}
{"timestamp":"2025-12-05T02:15:09.951927Z","level":"info","event":"{'name': 'Shakira', 'id': '0EmeFodog0BfCgMzAIvKQp', 'url': 'https://open.spotify.com/artist/0EmeFodog0BfCgMzAIvKQp'}","chan":"stdout","logger":"task"}
{"timestamp":"2025-12-05T02:15:09.953881Z","level":"info","event":"https://musicbrainz.org/ws/2/url?resource=https://open.spotify.com/artist/0EmeFodog0BfCgMzAIvKQp&inc=artist-rels&fmt=json","chan":"stdout","logger":"task"}
{"timestamp":"2025-12-05T02:15:10.092313Z","level":"info","event":"https://musicbrainz.org/ws/2/artist/bf24ca37-25f4-4e34-9aec-460b94364cfc?inc=tags&fmt=json","chan":"stdout","logger":"task"}
{"timestamp":"2025-12-05T02:15:11.217746Z","level":"info","event":"{'name': 'El Cata', 'id': '52aHqEQZ802daFzuMHfcES', 'url': 'https://open.spotify.com/artist/52aHqEQZ802daFzuMHfcES'}","chan":"stdout","logger":"task"}
{"timestamp":"2025-12-05T02:15:11.219438Z","level":"info","event":"https://musicbrainz.org/ws/2/url?resource=https://open.spotify.com/artist/52aHqEQZ802daFzuMHfcES&inc=artist-rels&fmt=json","chan":"stdout","logger":"task"}
{"timestamp":"2025-12-05T02:15:11.353056Z","level":"info","event":"https://musicbrainz.org/ws/2/artist/73ac884e-76d4-49b9-aa39-983801c2afb1?inc=tags&fmt=json","chan":"stdout","logger":"task"}
{"timestamp":"2025-12-05T02:15:12.489805Z","level":"info","event":"{'name': 'Brad Paisley', 'id': '13YmWQJFwgZrd4bf5IjMY4', 'url': 'https://open.spotify.com/artist/13YmWQJFwgZrd4bf5IjMY4'}","chan":"stdout","logger":"task"}
{"timestamp":"2025-12-05T02:15:12.491318Z","level":"info","event":"https://musicbrainz.org/ws/2/url?resource=https://open.spotify.com/artist/13YmWQJFwgZrd4bf5IjMY4&inc=artist-rels&fmt=json","chan":"stdout","logger":"task"}
{"timestamp":"2025-12-05T02:15:12.627308Z","level":"info","event":"https://musicbrainz.org/ws/2/artist/6cfd7ffc-824f-4219-8e27-4b9417700f44?inc=tags&fmt=json","chan":"stdout","logger":"task"}
{"timestamp":"2025-12-05T02:15:13.766424Z","level":"info","event":"{'name': 'Miguel', 'id': '360IAlyVv4PCEVjgyMZrxK', 'url': 'https://open.spotify.com/artist/360IAlyVv4PCEVjgyMZrxK'}","chan":"stdout","logger":"task"}
{"timestamp":"2025-12-05T02:15:13.770637Z","level":"info","event":"https://musicbrainz.org/ws/2/url?resource=https://open.spotify.com/artist/360IAlyVv4PCEVjgyMZrxK&inc=artist-rels&fmt=json","chan":"stdout","logger":"task"}
{"timestamp":"2025-12-05T02:15:13.901655Z","level":"info","event":"https://musicbrainz.org/ws/2/artist/285e1285-aecc-478f-a8da-0c8cf69e1217?inc=tags&fmt=json","chan":"stdout","logger":"task"}
{"timestamp":"2025-12-05T02:15:15.027073Z","level":"info","event":"{'name': 'J. Cole', 'id': '6l3HvQ5sa6mXTsMTB19rO5', 'url': 'https://open.spotify.com/artist/6l3HvQ5sa6mXTsMTB19rO5'}","chan":"stdout","logger":"task"}
{"timestamp":"2025-12-05T02:15:15.030482Z","level":"info","event":"https://musicbrainz.org/ws/2/url?resource=https://open.spotify.com/artist/6l3HvQ5sa6mXTsMTB19rO5&inc=artist-rels&fmt=json","chan":"stdout","logger":"task"}
{"timestamp":"2025-12-05T02:15:15.159533Z","level":"info","event":"https://musicbrainz.org/ws/2/artist/875203e1-8e58-4b86-8dcb-7190faf411c5?inc=tags&fmt=json","chan":"stdout","logger":"task"}
{"timestamp":"2025-12-05T02:15:16.291983Z","level":"info","event":"{'name': 'Kid Cudi', 'id': '0fA0VVWsXO9YnASrzqfmYu', 'url': 'https://open.spotify.com/artist/0fA0VVWsXO9YnASrzqfmYu'}","chan":"stdout","logger":"task"}
{"timestamp":"2025-12-05T02:15:16.293383Z","level":"info","event":"https://musicbrainz.org/ws/2/url?resource=https://open.spotify.com/artist/0fA0VVWsXO9YnASrzqfmYu&inc=artist-rels&fmt=json","chan":"stdout","logger":"task"}
{"timestamp":"2025-12-05T02:15:16.427701Z","level":"info","event":"https://musicbrainz.org/ws/2/artist/e0e1db18-f7ba-4dee-95ff-7ae8cf545460?inc=tags&fmt=json","chan":"stdout","logger":"task"}
{"timestamp":"2025-12-05T02:15:16.551749Z","level":"info","event":"Rate limit hit. Retrying in 1s...","chan":"stdout","logger":"task"}
{"timestamp":"2025-12-05T02:15:18.705328Z","level":"info","event":"{'name': 'Kenny Chesney', 'id': '3grHWM9bx2E9vwJCdlRv9O', 'url': 'https://open.spotify.com/artist/3grHWM9bx2E9vwJCdlRv9O'}","chan":"stdout","logger":"task"}
{"timestamp":"2025-12-05T02:15:18.707750Z","level":"info","event":"https://musicbrainz.org/ws/2/url?resource=https://open.spotify.com/artist/3grHWM9bx2E9vwJCdlRv9O&inc=artist-rels&fmt=json","chan":"stdout","logger":"task"}
{"timestamp":"2025-12-05T02:15:18.841858Z","level":"info","event":"https://musicbrainz.org/ws/2/artist/5dca4d22-d6c8-4e70-8ca1-4543e43353c7?inc=tags&fmt=json","chan":"stdout","logger":"task"}
{"timestamp":"2025-12-05T02:15:19.965724Z","level":"info","event":"{'name': 'Rascal Flatts', 'id': '0a1gHP0HAqALbEyxaD5Ngn', 'url': 'https://open.spotify.com/artist/0a1gHP0HAqALbEyxaD5Ngn'}","chan":"stdout","logger":"task"}
{"timestamp":"2025-12-05T02:15:19.972673Z","level":"info","event":"https://musicbrainz.org/ws/2/url?resource=https://open.spotify.com/artist/0a1gHP0HAqALbEyxaD5Ngn&inc=artist-rels&fmt=json","chan":"stdout","logger":"task"}
{"timestamp":"2025-12-05T02:15:20.118622Z","level":"info","event":"https://musicbrainz.org/ws/2/artist/6e0ae159-8449-4262-bba5-18ec87fa529f?inc=tags&fmt=json","chan":"stdout","logger":"task"}
{"timestamp":"2025-12-05T02:15:21.249883Z","level":"info","event":"{'name': 'Mumford & Sons', 'id': '3gd8FJtBJtkRxdfbTu19U2', 'url': 'https://open.spotify.com/artist/3gd8FJtBJtkRxdfbTu19U2'}","chan":"stdout","logger":"task"}
{"timestamp":"2025-12-05T02:15:21.250217Z","level":"info","event":"https://musicbrainz.org/ws/2/url?resource=https://open.spotify.com/artist/3gd8FJtBJtkRxdfbTu19U2&inc=artist-rels&fmt=json","chan":"stdout","logger":"task"}
{"timestamp":"2025-12-05T02:15:21.377910Z","level":"info","event":"https://musicbrainz.org/ws/2/artist/c44e9c22-ef82-4a77-9bcd-af6c958446d6?inc=tags&fmt=json","chan":"stdout","logger":"task"}
{"timestamp":"2025-12-05T02:15:22.512665Z","level":"info","event":"{'name': 'Easton Corbin', 'id': '070kGpqtESdDsLb3gdMIyx', 'url': 'https://open.spotify.com/artist/070kGpqtESdDsLb3gdMIyx'}","chan":"stdout","logger":"task"}
{"timestamp":"2025-12-05T02:15:22.513022Z","level":"info","event":"https://musicbrainz.org/ws/2/url?resource=https://open.spotify.com/artist/070kGpqtESdDsLb3gdMIyx&inc=artist-rels&fmt=json","chan":"stdout","logger":"task"}
{"timestamp":"2025-12-05T02:15:22.638078Z","level":"info","event":"https://musicbrainz.org/ws/2/artist/c6ada25c-8590-4b75-8013-883a8df55882?inc=tags&fmt=json","chan":"stdout","logger":"task"}
{"timestamp":"2025-12-05T02:15:23.788574Z","level":"info","event":"{'name': 'Jay Sean', 'id': '4pADjHPWyrlAF0FA7joK2H', 'url': 'https://open.spotify.com/artist/4pADjHPWyrlAF0FA7joK2H'}","chan":"stdout","logger":"task"}
{"timestamp":"2025-12-05T02:15:23.789853Z","level":"info","event":"https://musicbrainz.org/ws/2/url?resource=https://open.spotify.com/artist/4pADjHPWyrlAF0FA7joK2H&inc=artist-rels&fmt=json","chan":"stdout","logger":"task"}
{"timestamp":"2025-12-05T02:15:23.933616Z","level":"info","event":"https://musicbrainz.org/ws/2/artist/e03cf5b6-d2ec-4465-adee-226b518bcfcd?inc=tags&fmt=json","chan":"stdout","logger":"task"}
{"timestamp":"2025-12-05T02:15:25.069194Z","level":"info","event":"{'name': 'Adam Lambert', 'id': '6prmLEyn4LfHlD9NnXWlf7', 'url': 'https://open.spotify.com/artist/6prmLEyn4LfHlD9NnXWlf7'}","chan":"stdout","logger":"task"}
{"timestamp":"2025-12-05T02:15:25.069978Z","level":"info","event":"https://musicbrainz.org/ws/2/url?resource=https://open.spotify.com/artist/6prmLEyn4LfHlD9NnXWlf7&inc=artist-rels&fmt=json","chan":"stdout","logger":"task"}
{"timestamp":"2025-12-05T02:15:25.211738Z","level":"info","event":"https://musicbrainz.org/ws/2/artist/e942594a-91cc-427a-8beb-6815c28e9254?inc=tags&fmt=json","chan":"stdout","logger":"task"}
{"timestamp":"2025-12-05T02:15:26.352532Z","level":"info","event":"{'name': 'Carrie Underwood', 'id': '4xFUf1FHVy696Q1JQZMTRj', 'url': 'https://open.spotify.com/artist/4xFUf1FHVy696Q1JQZMTRj'}","chan":"stdout","logger":"task"}
{"timestamp":"2025-12-05T02:15:26.354876Z","level":"info","event":"https://musicbrainz.org/ws/2/url?resource=https://open.spotify.com/artist/4xFUf1FHVy696Q1JQZMTRj&inc=artist-rels&fmt=json","chan":"stdout","logger":"task"}
{"timestamp":"2025-12-05T02:15:26.506902Z","level":"info","event":"https://musicbrainz.org/ws/2/artist/70f0e309-5418-49b6-a130-666e2f76eecd?inc=tags&fmt=json","chan":"stdout","logger":"task"}
{"timestamp":"2025-12-05T02:15:27.647697Z","level":"info","event":"{'name': 'Jesse McCartney', 'id': '2Hjj68yyUPiC0HKEOigcEp', 'url': 'https://open.spotify.com/artist/2Hjj68yyUPiC0HKEOigcEp'}","chan":"stdout","logger":"task"}
{"timestamp":"2025-12-05T02:15:27.648558Z","level":"info","event":"https://musicbrainz.org/ws/2/url?resource=https://open.spotify.com/artist/2Hjj68yyUPiC0HKEOigcEp&inc=artist-rels&fmt=json","chan":"stdout","logger":"task"}
{"timestamp":"2025-12-05T02:15:27.793453Z","level":"info","event":"https://musicbrainz.org/ws/2/artist/9d075d6e-9492-4343-ac95-93a808f61477?inc=tags&fmt=json","chan":"stdout","logger":"task"}
{"timestamp":"2025-12-05T02:15:28.926059Z","level":"info","event":"{'name': 'Jazmine Sullivan', 'id': '7gSjFKpVmDgC2MMsnN8CYq', 'url': 'https://open.spotify.com/artist/7gSjFKpVmDgC2MMsnN8CYq'}","chan":"stdout","logger":"task"}
{"timestamp":"2025-12-05T02:15:28.926319Z","level":"info","event":"https://musicbrainz.org/ws/2/url?resource=https://open.spotify.com/artist/7gSjFKpVmDgC2MMsnN8CYq&inc=artist-rels&fmt=json","chan":"stdout","logger":"task"}
{"timestamp":"2025-12-05T02:15:29.047997Z","level":"info","event":"https://musicbrainz.org/ws/2/artist/6f92929a-6381-48ac-b348-83b43b9cf646?inc=tags&fmt=json","chan":"stdout","logger":"task"}
{"timestamp":"2025-12-05T02:15:30.183172Z","level":"info","event":"{'name': 'George Strait', 'id': '5vngPClqofybhPERIqQMYd', 'url': 'https://open.spotify.com/artist/5vngPClqofybhPERIqQMYd'}","chan":"stdout","logger":"task"}
{"timestamp":"2025-12-05T02:15:30.184060Z","level":"info","event":"https://musicbrainz.org/ws/2/url?resource=https://open.spotify.com/artist/5vngPClqofybhPERIqQMYd&inc=artist-rels&fmt=json","chan":"stdout","logger":"task"}
{"timestamp":"2025-12-05T02:15:30.312608Z","level":"info","event":"https://musicbrainz.org/ws/2/artist/5ab2cf34-517e-48eb-b3a5-34e1cbcd600a?inc=tags&fmt=json","chan":"stdout","logger":"task"}
{"timestamp":"2025-12-05T02:15:31.434543Z","level":"info","event":"{'name': 'Reba McEntire', 'id': '02rd0anEWfMtF7iMku9uor', 'url': 'https://open.spotify.com/artist/02rd0anEWfMtF7iMku9uor'}","chan":"stdout","logger":"task"}
{"timestamp":"2025-12-05T02:15:31.436671Z","level":"info","event":"https://musicbrainz.org/ws/2/url?resource=https://open.spotify.com/artist/02rd0anEWfMtF7iMku9uor&inc=artist-rels&fmt=json","chan":"stdout","logger":"task"}
{"timestamp":"2025-12-05T02:15:31.583567Z","level":"info","event":"https://musicbrainz.org/ws/2/artist/3ec17e85-9284-4f4c-8831-4e56c2354cdb?inc=tags&fmt=json","chan":"stdout","logger":"task"}
{"timestamp":"2025-12-05T02:15:32.719881Z","level":"info","event":"{'name': \"Plain White T's\", 'id': '1g1yxsNVPhMUl9GrMjEb2o', 'url': 'https://open.spotify.com/artist/1g1yxsNVPhMUl9GrMjEb2o'}","chan":"stdout","logger":"task"}
{"timestamp":"2025-12-05T02:15:32.722026Z","level":"info","event":"https://musicbrainz.org/ws/2/url?resource=https://open.spotify.com/artist/1g1yxsNVPhMUl9GrMjEb2o&inc=artist-rels&fmt=json","chan":"stdout","logger":"task"}
{"timestamp":"2025-12-05T02:15:32.862461Z","level":"info","event":"https://musicbrainz.org/ws/2/artist/49576e42-fbbd-4d73-968d-93c8dcf7f065?inc=tags&fmt=json","chan":"stdout","logger":"task"}
{"timestamp":"2025-12-05T02:15:34.007366Z","level":"info","event":"{'name': 'YG', 'id': '0A0FS04o6zMoto8OKPsDwY', 'url': 'https://open.spotify.com/artist/0A0FS04o6zMoto8OKPsDwY'}","chan":"stdout","logger":"task"}
{"timestamp":"2025-12-05T02:15:34.008813Z","level":"info","event":"https://musicbrainz.org/ws/2/url?resource=https://open.spotify.com/artist/0A0FS04o6zMoto8OKPsDwY&inc=artist-rels&fmt=json","chan":"stdout","logger":"task"}
{"timestamp":"2025-12-05T02:15:34.133865Z","level":"info","event":"https://musicbrainz.org/ws/2/artist/6b1cf581-17a9-42c3-927b-d1e2797b1695?inc=tags&fmt=json","chan":"stdout","logger":"task"}
{"timestamp":"2025-12-05T02:15:35.265756Z","level":"info","event":"{'name': 'Miranda Lambert', 'id': '66lH4jAE7pqPlOlzUKbwA0', 'url': 'https://open.spotify.com/artist/66lH4jAE7pqPlOlzUKbwA0'}","chan":"stdout","logger":"task"}
{"timestamp":"2025-12-05T02:15:35.266375Z","level":"info","event":"https://musicbrainz.org/ws/2/url?resource=https://open.spotify.com/artist/66lH4jAE7pqPlOlzUKbwA0&inc=artist-rels&fmt=json","chan":"stdout","logger":"task"}
{"timestamp":"2025-12-05T02:15:35.392508Z","level":"info","event":"https://musicbrainz.org/ws/2/artist/4eca1aa0-c79f-481b-af8a-4a2d6c41aa5c?inc=tags&fmt=json","chan":"stdout","logger":"task"}
{"timestamp":"2025-12-05T02:15:36.523414Z","level":"info","event":"{'name': 'Keith Urban', 'id': '0u2FHSq3ln94y5Q57xazwf', 'url': 'https://open.spotify.com/artist/0u2FHSq3ln94y5Q57xazwf'}","chan":"stdout","logger":"task"}
{"timestamp":"2025-12-05T02:15:36.524221Z","level":"info","event":"https://musicbrainz.org/ws/2/url?resource=https://open.spotify.com/artist/0u2FHSq3ln94y5Q57xazwf&inc=artist-rels&fmt=json","chan":"stdout","logger":"task"}
{"timestamp":"2025-12-05T02:15:36.652530Z","level":"info","event":"https://musicbrainz.org/ws/2/artist/f45da029-7b00-4bf3-962c-0eeb20309cc4?inc=tags&fmt=json","chan":"stdout","logger":"task"}
{"timestamp":"2025-12-05T02:15:36.827283Z","level":"info","event":"Rate limit hit. Retrying in 1s...","chan":"stdout","logger":"task"}
{"timestamp":"2025-12-05T02:15:38.984678Z","level":"info","event":"{'name': 'Lloyd', 'id': '1Xfmvd48oOhEWkscWyEbh9', 'url': 'https://open.spotify.com/artist/1Xfmvd48oOhEWkscWyEbh9'}","chan":"stdout","logger":"task"}
{"timestamp":"2025-12-05T02:15:38.986827Z","level":"info","event":"https://musicbrainz.org/ws/2/url?resource=https://open.spotify.com/artist/1Xfmvd48oOhEWkscWyEbh9&inc=artist-rels&fmt=json","chan":"stdout","logger":"task"}
{"timestamp":"2025-12-05T02:15:39.169566Z","level":"info","event":"https://musicbrainz.org/ws/2/artist/e9296a90-9c59-4657-9165-1f1b5319de00?inc=tags&fmt=json","chan":"stdout","logger":"task"}
{"timestamp":"2025-12-05T02:15:40.349059Z","level":"info","event":"{'name': 'Kings of Leon', 'id': '2qk9voo8llSGYcZ6xrBzKx', 'url': 'https://open.spotify.com/artist/2qk9voo8llSGYcZ6xrBzKx'}","chan":"stdout","logger":"task"}
{"timestamp":"2025-12-05T02:15:40.349338Z","level":"info","event":"https://musicbrainz.org/ws/2/url?resource=https://open.spotify.com/artist/2qk9voo8llSGYcZ6xrBzKx&inc=artist-rels&fmt=json","chan":"stdout","logger":"task"}
{"timestamp":"2025-12-05T02:15:40.497473Z","level":"info","event":"https://musicbrainz.org/ws/2/artist/6ffb8ea9-2370-44d8-b678-e9237bbd347b?inc=tags&fmt=json","chan":"stdout","logger":"task"}
{"timestamp":"2025-12-05T02:15:41.623547Z","level":"info","event":"{'name': 'Monica', 'id': '6nzxy2wXs6tLgzEtqOkEi2', 'url': 'https://open.spotify.com/artist/6nzxy2wXs6tLgzEtqOkEi2'}","chan":"stdout","logger":"task"}
{"timestamp":"2025-12-05T02:15:41.624457Z","level":"info","event":"https://musicbrainz.org/ws/2/url?resource=https://open.spotify.com/artist/6nzxy2wXs6tLgzEtqOkEi2&inc=artist-rels&fmt=json","chan":"stdout","logger":"task"}
{"timestamp":"2025-12-05T02:15:41.752871Z","level":"info","event":"https://musicbrainz.org/ws/2/artist/af84073d-3b6d-4390-9d3f-bf65a91c824f?inc=tags&fmt=json","chan":"stdout","logger":"task"}
{"timestamp":"2025-12-05T02:15:42.878784Z","level":"info","event":"{'name': 'Glee Cast', 'id': '0SCbttzoZTnLFebDYmAWCm', 'url': 'https://open.spotify.com/artist/0SCbttzoZTnLFebDYmAWCm'}","chan":"stdout","logger":"task"}
{"timestamp":"2025-12-05T02:15:42.880098Z","level":"info","event":"https://musicbrainz.org/ws/2/url?resource=https://open.spotify.com/artist/0SCbttzoZTnLFebDYmAWCm&inc=artist-rels&fmt=json","chan":"stdout","logger":"task"}
{"timestamp":"2025-12-05T02:15:43.005368Z","level":"info","event":"https://musicbrainz.org/ws/2/artist/29542149-a818-4167-aa91-439adc9d61f5?inc=tags&fmt=json","chan":"stdout","logger":"task"}
{"timestamp":"2025-12-05T02:15:44.177392Z","level":"info","event":"{'name': 'Michael Bublé', 'id': '1GxkXlMwML1oSg5eLPiAz3', 'url': 'https://open.spotify.com/artist/1GxkXlMwML1oSg5eLPiAz3'}","chan":"stdout","logger":"task"}
{"timestamp":"2025-12-05T02:15:44.181922Z","level":"info","event":"https://musicbrainz.org/ws/2/url?resource=https://open.spotify.com/artist/1GxkXlMwML1oSg5eLPiAz3&inc=artist-rels&fmt=json","chan":"stdout","logger":"task"}
{"timestamp":"2025-12-05T02:15:44.400487Z","level":"info","event":"https://musicbrainz.org/ws/2/artist/611700cf-27f0-4dc9-ae80-c513a767853e?inc=tags&fmt=json","chan":"stdout","logger":"task"}
{"timestamp":"2025-12-05T02:15:45.582868Z","level":"info","event":"{'name': 'Josh Turner', 'id': '7vCtweS8UVAXTyau2j0rDT', 'url': 'https://open.spotify.com/artist/7vCtweS8UVAXTyau2j0rDT'}","chan":"stdout","logger":"task"}
{"timestamp":"2025-12-05T02:15:45.585130Z","level":"info","event":"https://musicbrainz.org/ws/2/url?resource=https://open.spotify.com/artist/7vCtweS8UVAXTyau2j0rDT&inc=artist-rels&fmt=json","chan":"stdout","logger":"task"}
{"timestamp":"2025-12-05T02:15:45.717813Z","level":"info","event":"HTTP 404: Not Found","chan":"stdout","logger":"task"}
{"timestamp":"2025-12-05T02:15:45.718080Z","level":"info","event":"unable to get mbid for https://open.spotify.com/artist/7vCtweS8UVAXTyau2j0rDT","chan":"stdout","logger":"task"}
{"timestamp":"2025-12-05T02:15:46.722159Z","level":"info","event":"{'name': '3OH!3', 'id': '0FWzNDaEu9jdgcYTbcOa4F', 'url': 'https://open.spotify.com/artist/0FWzNDaEu9jdgcYTbcOa4F'}","chan":"stdout","logger":"task"}
{"timestamp":"2025-12-05T02:15:46.727744Z","level":"info","event":"https://musicbrainz.org/ws/2/url?resource=https://open.spotify.com/artist/0FWzNDaEu9jdgcYTbcOa4F&inc=artist-rels&fmt=json","chan":"stdout","logger":"task"}
{"timestamp":"2025-12-05T02:15:47.096345Z","level":"info","event":"https://musicbrainz.org/ws/2/artist/125948ec-7f91-4d1a-8b83-accbf50fae3d?inc=tags&fmt=json","chan":"stdout","logger":"task"}
{"timestamp":"2025-12-05T02:15:48.334327Z","level":"info","event":"{'name': 'Trace Adkins', 'id': '79FMDwzZQxHgSkIYBl3ODU', 'url': 'https://open.spotify.com/artist/79FMDwzZQxHgSkIYBl3ODU'}","chan":"stdout","logger":"task"}
{"timestamp":"2025-12-05T02:15:48.337406Z","level":"info","event":"https://musicbrainz.org/ws/2/url?resource=https://open.spotify.com/artist/79FMDwzZQxHgSkIYBl3ODU&inc=artist-rels&fmt=json","chan":"stdout","logger":"task"}
{"timestamp":"2025-12-05T02:15:48.468281Z","level":"info","event":"https://musicbrainz.org/ws/2/artist/3dc9c919-508f-4255-b05e-0eed6a28137d?inc=tags&fmt=json","chan":"stdout","logger":"task"}
{"timestamp":"2025-12-05T02:15:49.589032Z","level":"info","event":"{'name': 'Florence + The Machine', 'id': '1moxjboGR7GNWYIMWsRjgG', 'url': 'https://open.spotify.com/artist/1moxjboGR7GNWYIMWsRjgG'}","chan":"stdout","logger":"task"}
{"timestamp":"2025-12-05T02:15:49.592510Z","level":"info","event":"https://musicbrainz.org/ws/2/url?resource=https://open.spotify.com/artist/1moxjboGR7GNWYIMWsRjgG&inc=artist-rels&fmt=json","chan":"stdout","logger":"task"}
{"timestamp":"2025-12-05T02:15:49.721426Z","level":"info","event":"https://musicbrainz.org/ws/2/artist/5fee3020-513b-48c2-b1f7-4681b01db0c6?inc=tags&fmt=json","chan":"stdout","logger":"task"}
{"timestamp":"2025-12-05T02:15:50.853370Z","level":"info","event":"{'name': 'Linkin Park', 'id': '6XyY86QOPPrYVGvF9ch6wz', 'url': 'https://open.spotify.com/artist/6XyY86QOPPrYVGvF9ch6wz'}","chan":"stdout","logger":"task"}
{"timestamp":"2025-12-05T02:15:50.855445Z","level":"info","event":"https://musicbrainz.org/ws/2/url?resource=https://open.spotify.com/artist/6XyY86QOPPrYVGvF9ch6wz&inc=artist-rels&fmt=json","chan":"stdout","logger":"task"}
{"timestamp":"2025-12-05T02:15:50.989341Z","level":"info","event":"https://musicbrainz.org/ws/2/artist/f59c5520-5f46-4d2c-b2c4-822eabf53419?inc=tags&fmt=json","chan":"stdout","logger":"task"}
{"timestamp":"2025-12-05T02:15:52.133695Z","level":"info","event":"{'name': 'Christina Perri', 'id': '7H55rcKCfwqkyDFH9wpKM6', 'url': 'https://open.spotify.com/artist/7H55rcKCfwqkyDFH9wpKM6'}","chan":"stdout","logger":"task"}
{"timestamp":"2025-12-05T02:15:52.139048Z","level":"info","event":"https://musicbrainz.org/ws/2/url?resource=https://open.spotify.com/artist/7H55rcKCfwqkyDFH9wpKM6&inc=artist-rels&fmt=json","chan":"stdout","logger":"task"}
{"timestamp":"2025-12-05T02:15:52.344222Z","level":"info","event":"https://musicbrainz.org/ws/2/artist/38d363c7-fdcb-4308-9474-a0d14ab8d9b7?inc=tags&fmt=json","chan":"stdout","logger":"task"}
{"timestamp":"2025-12-05T02:15:53.537572Z","level":"info","event":"{'name': 'Ne-Yo', 'id': '21E3waRsmPlU7jZsS13rcj', 'url': 'https://open.spotify.com/artist/21E3waRsmPlU7jZsS13rcj'}","chan":"stdout","logger":"task"}
{"timestamp":"2025-12-05T02:15:53.538468Z","level":"info","event":"https://musicbrainz.org/ws/2/url?resource=https://open.spotify.com/artist/21E3waRsmPlU7jZsS13rcj&inc=artist-rels&fmt=json","chan":"stdout","logger":"task"}
{"timestamp":"2025-12-05T02:15:53.710878Z","level":"info","event":"https://musicbrainz.org/ws/2/artist/a4a01f5d-18e7-4571-8c3a-76ec0e24e2d7?inc=tags&fmt=json","chan":"stdout","logger":"task"}
{"timestamp":"2025-12-05T02:15:54.912698Z","level":"info","event":"{'name': 'My Darkest Days', 'id': '64g59lHsc4g2jMFokrKDGW', 'url': 'https://open.spotify.com/artist/64g59lHsc4g2jMFokrKDGW'}","chan":"stdout","logger":"task"}
{"timestamp":"2025-12-05T02:15:54.913861Z","level":"info","event":"https://musicbrainz.org/ws/2/url?resource=https://open.spotify.com/artist/64g59lHsc4g2jMFokrKDGW&inc=artist-rels&fmt=json","chan":"stdout","logger":"task"}
{"timestamp":"2025-12-05T02:15:55.148893Z","level":"info","event":"https://musicbrainz.org/ws/2/artist/056bb0bc-6af7-4c25-bbfe-f96c6e6d9feb?inc=tags&fmt=json","chan":"stdout","logger":"task"}
{"timestamp":"2025-12-05T02:15:56.381985Z","level":"info","event":"{'name': 'Chad Kroeger', 'id': '7fJYw1vK9yWb8o51I8qHin', 'url': 'https://open.spotify.com/artist/7fJYw1vK9yWb8o51I8qHin'}","chan":"stdout","logger":"task"}
{"timestamp":"2025-12-05T02:15:56.390701Z","level":"info","event":"https://musicbrainz.org/ws/2/url?resource=https://open.spotify.com/artist/7fJYw1vK9yWb8o51I8qHin&inc=artist-rels&fmt=json","chan":"stdout","logger":"task"}
{"timestamp":"2025-12-05T02:15:56.569282Z","level":"info","event":"https://musicbrainz.org/ws/2/artist/a59edb65-fae2-4344-b77a-5232516d4d7a?inc=tags&fmt=json","chan":"stdout","logger":"task"}
{"timestamp":"2025-12-05T02:15:57.729406Z","level":"info","event":"{'name': 'Zakk Wylde', 'id': '1AeC9AuzqGc3IXMC2T5xny', 'url': 'https://open.spotify.com/artist/1AeC9AuzqGc3IXMC2T5xny'}","chan":"stdout","logger":"task"}
{"timestamp":"2025-12-05T02:15:57.730111Z","level":"info","event":"https://musicbrainz.org/ws/2/url?resource=https://open.spotify.com/artist/1AeC9AuzqGc3IXMC2T5xny&inc=artist-rels&fmt=json","chan":"stdout","logger":"task"}
{"timestamp":"2025-12-05T02:15:57.917007Z","level":"info","event":"https://musicbrainz.org/ws/2/artist/b109e75a-89d9-4fb2-843c-c0418b755d4c?inc=tags&fmt=json","chan":"stdout","logger":"task"}
{"timestamp":"2025-12-05T02:15:58.048396Z","level":"info","event":"Rate limit hit. Retrying in 1s...","chan":"stdout","logger":"task"}
{"timestamp":"2025-12-05T02:16:00.245813Z","level":"info","event":"{'name': 'Eric Church', 'id': '2IvkS5MXK0vPGnwyJsrEyV', 'url': 'https://open.spotify.com/artist/2IvkS5MXK0vPGnwyJsrEyV'}","chan":"stdout","logger":"task"}
{"timestamp":"2025-12-05T02:16:00.248368Z","level":"info","event":"https://musicbrainz.org/ws/2/url?resource=https://open.spotify.com/artist/2IvkS5MXK0vPGnwyJsrEyV&inc=artist-rels&fmt=json","chan":"stdout","logger":"task"}
{"timestamp":"2025-12-05T02:16:00.413363Z","level":"info","event":"https://musicbrainz.org/ws/2/artist/15856215-cc51-4423-879c-9ac955ccb11a?inc=tags&fmt=json","chan":"stdout","logger":"task"}
{"timestamp":"2025-12-05T02:16:01.549936Z","level":"info","event":"{'name': 'Luke Bryan', 'id': '0BvkDsjIUla7X0k6CSWh1I', 'url': 'https://open.spotify.com/artist/0BvkDsjIUla7X0k6CSWh1I'}","chan":"stdout","logger":"task"}
{"timestamp":"2025-12-05T02:16:01.551048Z","level":"info","event":"https://musicbrainz.org/ws/2/url?resource=https://open.spotify.com/artist/0BvkDsjIUla7X0k6CSWh1I&inc=artist-rels&fmt=json","chan":"stdout","logger":"task"}
{"timestamp":"2025-12-05T02:16:01.730205Z","level":"info","event":"https://musicbrainz.org/ws/2/artist/aab35942-f176-4f77-bbf9-1d6aa98ccf3f?inc=tags&fmt=json","chan":"stdout","logger":"task"}
{"timestamp":"2025-12-05T02:16:02.940132Z","level":"info","event":"Fetching audio details for 99 songs...","chan":"stdout","logger":"task"}
{"timestamp":"2025-12-05T02:16:02.945910Z","level":"info","event":"  Fetching batch 1/3 (40 songs)...","chan":"stdout","logger":"task"}
{"timestamp":"2025-12-05T02:16:03.913225Z","level":"info","event":"  Retrieved 32 song details","chan":"stdout","logger":"task"}
{"timestamp":"2025-12-05T02:16:05.920072Z","level":"info","event":"  Fetching batch 2/3 (40 songs)...","chan":"stdout","logger":"task"}
{"timestamp":"2025-12-05T02:16:07.617265Z","level":"info","event":"  Retrieved 28 song details","chan":"stdout","logger":"task"}
{"timestamp":"2025-12-05T02:16:09.627203Z","level":"info","event":"  Fetching batch 3/3 (19 songs)...","chan":"stdout","logger":"task"}
{"timestamp":"2025-12-05T02:16:11.177655Z","level":"info","event":"  Retrieved 13 song details","chan":"stdout","logger":"task"}
{"timestamp":"2025-12-05T02:16:11.178456Z","level":"info","event":"Fetching audio analysis for 73 songs...","chan":"stdout","logger":"task"}
{"timestamp":"2025-12-05T02:16:23.252042Z","level":"info","event":"  Processing audio analysis 10/73...","chan":"stdout","logger":"task"}
{"timestamp":"2025-12-05T02:16:42.194631Z","level":"info","event":"  Processing audio analysis 20/73...","chan":"stdout","logger":"task"}
{"timestamp":"2025-12-05T02:16:55.882775Z","level":"info","event":"  Processing audio analysis 30/73...","chan":"stdout","logger":"task"}
{"timestamp":"2025-12-05T02:17:08.214946Z","level":"info","event":"  Processing audio analysis 40/73...","chan":"stdout","logger":"task"}
{"timestamp":"2025-12-05T02:17:18.555515Z","level":"info","event":"  Processing audio analysis 50/73...","chan":"stdout","logger":"task"}
{"timestamp":"2025-12-05T02:17:32.059480Z","level":"info","event":"  Processing audio analysis 60/73...","chan":"stdout","logger":"task"}
{"timestamp":"2025-12-05T02:17:42.504466Z","level":"info","event":"  Processing audio analysis 70/73...","chan":"stdout","logger":"task"}
{"timestamp":"2025-12-05T02:17:45.688569Z","level":"info","event":"Completed fetching audio details for 73 songs","chan":"stdout","logger":"task"}
{"timestamp":"2025-12-05T02:17:45.744305Z","level":"info","event":"DEBUG: DATABASE_URL value: postgresql+psycopg2:****@postgres/music_warehouse","chan":"stdout","logger":"task"}
{"timestamp":"2025-12-05T02:17:45.789020Z","level":"info","event":"TYPE OF ENGINE: <class 'sqlalchemy.engine.base.Engine'>","chan":"stdout","logger":"task"}
{"timestamp":"2025-12-05T02:17:45.789680Z","level":"info","event":"ENGINE DIR: ['__class__', '__delattr__', '__dict__', '__dir__', '__doc__', '__eq__', '__format__', '__ge__', '__getattribute__', '__getstate__', '__gt__', '__hash__', '__init__', '__init_subclass__', '__le__', '__lt__', '__module__', '__ne__', '__new__', '__reduce__', '__reduce_ex__', '__repr__', '__setattr__', '__sizeof__', '__str__', '__subclasshook__', '__weakref__', '_compiled_cache', '_connection_cls', '_echo', '_execute_clauseelement', '_execute_compiled', '_execute_default', '_execution_options', '_has_events', '_is_future', '_lru_size_alert', '_option_cls', '_optional_conn_ctx_manager', '_run_ddl_visitor', '_run_visitor', '_schema_translate_map', '_should_log_debug', '_should_log_info', '_sqla_logger_namespace', '_trans_ctx', '_wrap_pool_connect', 'begin', 'clear_compiled_cache', 'connect', 'dialect', 'dispatch', 'dispose', 'driver', 'echo', 'engine', 'execute', 'execution_options', 'get_execution_options', 'has_table', 'hide_parameters', 'logger', 'logging_name', 'name', 'pool', 'raw_connection', 'run_callable', 'scalar', 'table_names', 'transaction', 'update_execution_options', 'url']","chan":"stdout","logger":"task"}
{"timestamp":"2025-12-05T02:17:45.790026Z","level":"info","event":"IS SQLALCHEMY ENGINE: True","chan":"stdout","logger":"task"}
{"timestamp":"2025-12-05T02:17:45.790158Z","level":"info","event":"Database connection successful","chan":"stdout","logger":"task"}
{"timestamp":"2025-12-05T02:17:45.790244Z","level":"info","event":"Loading chart_weeks (1 rows)...","chan":"stdout","logger":"task"}
{"timestamp":"2025-12-05T02:17:45.814695Z","level":"info","event":"  Exported CSV to data_exports/chart_weeks.csv","chan":"stdout","logger":"task"}
{"timestamp":"2025-12-05T02:17:45.814854Z","level":"info","event":"Loading songs (99 rows)...","chan":"stdout","logger":"task"}
{"timestamp":"2025-12-05T02:17:45.833928Z","level":"info","event":"  Exported CSV to data_exports/songs.csv","chan":"stdout","logger":"task"}
{"timestamp":"2025-12-05T02:17:45.834052Z","level":"info","event":"Loading artists (100 rows)...","chan":"stdout","logger":"task"}
{"timestamp":"2025-12-05T02:17:45.840496Z","level":"info","event":"  Exported CSV to data_exports/artists.csv","chan":"stdout","logger":"task"}
{"timestamp":"2025-12-05T02:17:45.840593Z","level":"info","event":"Loading song_artists (138 rows)...","chan":"stdout","logger":"task"}
{"timestamp":"2025-12-05T02:17:45.846393Z","level":"info","event":"  Exported CSV to data_exports/song_artists.csv","chan":"stdout","logger":"task"}
{"timestamp":"2025-12-05T02:17:45.846484Z","level":"info","event":"Loading chart_entries (100 rows)...","chan":"stdout","logger":"task"}
{"timestamp":"2025-12-05T02:17:45.856926Z","level":"info","event":"  Exported CSV to data_exports/chart_entries.csv","chan":"stdout","logger":"task"}
{"timestamp":"2025-12-05T02:17:45.857788","level":"info","event":"Done. Returned value was: None","logger":"airflow.task.operators.airflow.providers.standard.operators.python.PythonOperator"}
{"timestamp":"2025-12-05T02:17:45.905537Z","level":"info","event":"Task instance in success state","chan":"stdout","logger":"task"}
{"timestamp":"2025-12-05T02:17:45.905741Z","level":"info","event":" Previous state of the Task instance: TaskInstanceState.RUNNING","chan":"stdout","logger":"task"}
{"timestamp":"2025-12-05T02:17:45.906472Z","level":"info","event":"Task operator:<Task(PythonOperator): load_music_data>","chan":"stdout","logger":"task"}
