{"timestamp":"2025-12-05T07:57:45.576486","level":"info","event":"DAG bundles loaded: dags-folder, example_dags","logger":"airflow.dag_processing.bundles.manager.DagBundlesManager"}
{"timestamp":"2025-12-05T07:57:45.577602","level":"info","event":"Filling up the DagBag from /opt/airflow/dags/music_load_dag.py","logger":"airflow.models.dagbag.DagBag"}
{"timestamp":"2025-12-05T07:57:46.754251Z","level":"info","event":"postgresql+psycopg2://airflow:airflow@postgres/airflow","chan":"stdout","logger":"task"}
{"timestamp":"2025-12-05T07:57:46.836498Z","level":"info","event":"Task instance is in running state","chan":"stdout","logger":"task"}
{"timestamp":"2025-12-05T07:57:46.836882Z","level":"info","event":" Previous state of the Task instance: TaskInstanceState.QUEUED","chan":"stdout","logger":"task"}
{"timestamp":"2025-12-05T07:57:46.837068Z","level":"info","event":"Current task name:load_music_data","chan":"stdout","logger":"task"}
{"timestamp":"2025-12-05T07:57:46.837215Z","level":"info","event":"Dag name:weekly_music_pipeline","chan":"stdout","logger":"task"}
{"timestamp":"2025-12-05T07:58:04.902723Z","level":"info","event":"  Searching Spotify for 100 songs...","chan":"stdout","logger":"task"}
{"timestamp":"2025-12-05T07:58:04.906077Z","level":"info","event":"  Processing song 1/100: We Found Love by Rihanna Featuring Calvin Harris","chan":"stdout","logger":"task"}
{"timestamp":"2025-12-05T07:58:05.899893Z","level":"info","event":"1","chan":"stdout","logger":"task"}
{"timestamp":"2025-12-05T07:58:06.507147Z","level":"info","event":"2","chan":"stdout","logger":"task"}
{"timestamp":"2025-12-05T07:58:07.119838Z","level":"info","event":"3","chan":"stdout","logger":"task"}
{"timestamp":"2025-12-05T07:58:07.761865Z","level":"info","event":"4","chan":"stdout","logger":"task"}
{"timestamp":"2025-12-05T07:58:08.413953Z","level":"info","event":"5","chan":"stdout","logger":"task"}
{"timestamp":"2025-12-05T07:58:09.045402Z","level":"info","event":"6","chan":"stdout","logger":"task"}
{"timestamp":"2025-12-05T07:58:09.698053Z","level":"info","event":"7","chan":"stdout","logger":"task"}
{"timestamp":"2025-12-05T07:58:10.356271Z","level":"info","event":"8","chan":"stdout","logger":"task"}
{"timestamp":"2025-12-05T07:58:11.010136Z","level":"info","event":"9","chan":"stdout","logger":"task"}
{"timestamp":"2025-12-05T07:58:11.010407Z","level":"info","event":"  Processing song 10/100: Someone Like You by Adele","chan":"stdout","logger":"task"}
{"timestamp":"2025-12-05T07:58:11.731664Z","level":"info","event":"10","chan":"stdout","logger":"task"}
{"timestamp":"2025-12-05T07:58:12.362012Z","level":"info","event":"11","chan":"stdout","logger":"task"}
{"timestamp":"2025-12-05T07:58:13.042526Z","level":"info","event":"12","chan":"stdout","logger":"task"}
{"timestamp":"2025-12-05T07:58:13.812015Z","level":"info","event":"13","chan":"stdout","logger":"task"}
{"timestamp":"2025-12-05T07:58:14.581343Z","level":"info","event":"14","chan":"stdout","logger":"task"}
{"timestamp":"2025-12-05T07:58:15.141238Z","level":"info","event":"15","chan":"stdout","logger":"task"}
{"timestamp":"2025-12-05T07:58:15.780667Z","level":"info","event":"16","chan":"stdout","logger":"task"}
{"timestamp":"2025-12-05T07:58:16.454793Z","level":"info","event":"17","chan":"stdout","logger":"task"}
{"timestamp":"2025-12-05T07:58:17.055375Z","level":"info","event":"18","chan":"stdout","logger":"task"}
{"timestamp":"2025-12-05T07:58:17.790107Z","level":"info","event":"19","chan":"stdout","logger":"task"}
{"timestamp":"2025-12-05T07:58:17.790491Z","level":"info","event":"  Processing song 20/100: Red Solo Cup by Toby Keith","chan":"stdout","logger":"task"}
{"timestamp":"2025-12-05T07:58:18.579048Z","level":"info","event":"20","chan":"stdout","logger":"task"}
{"timestamp":"2025-12-05T07:58:19.601305Z","level":"info","event":"21","chan":"stdout","logger":"task"}
{"timestamp":"2025-12-05T07:58:20.230259Z","level":"info","event":"22","chan":"stdout","logger":"task"}
{"timestamp":"2025-12-05T07:58:20.858985Z","level":"info","event":"23","chan":"stdout","logger":"task"}
{"timestamp":"2025-12-05T07:58:21.544913Z","level":"info","event":"24","chan":"stdout","logger":"task"}
{"timestamp":"2025-12-05T07:58:22.247722Z","level":"info","event":"25","chan":"stdout","logger":"task"}
{"timestamp":"2025-12-05T07:58:23.184796Z","level":"info","event":"26","chan":"stdout","logger":"task"}
{"timestamp":"2025-12-05T07:58:23.909340Z","level":"info","event":"27","chan":"stdout","logger":"task"}
{"timestamp":"2025-12-05T07:58:24.536420Z","level":"info","event":"28","chan":"stdout","logger":"task"}
{"timestamp":"2025-12-05T07:58:25.097062Z","level":"info","event":"29","chan":"stdout","logger":"task"}
{"timestamp":"2025-12-05T07:58:25.097340Z","level":"info","event":"  Processing song 30/100: Pumped Up Kicks by Foster the People","chan":"stdout","logger":"task"}
{"timestamp":"2025-12-05T07:58:25.960224Z","level":"info","event":"30","chan":"stdout","logger":"task"}
{"timestamp":"2025-12-05T07:58:26.599067Z","level":"info","event":"31","chan":"stdout","logger":"task"}
{"timestamp":"2025-12-05T07:58:27.698524Z","level":"info","event":"32","chan":"stdout","logger":"task"}
{"timestamp":"2025-12-05T07:58:28.313211Z","level":"info","event":"33","chan":"stdout","logger":"task"}
{"timestamp":"2025-12-05T07:58:28.992589Z","level":"info","event":"34","chan":"stdout","logger":"task"}
{"timestamp":"2025-12-05T07:58:29.754485Z","level":"info","event":"35","chan":"stdout","logger":"task"}
{"timestamp":"2025-12-05T07:58:30.374520Z","level":"info","event":"36","chan":"stdout","logger":"task"}
{"timestamp":"2025-12-05T07:58:30.941853Z","level":"info","event":"37","chan":"stdout","logger":"task"}
{"timestamp":"2025-12-05T07:58:31.789228Z","level":"info","event":"38","chan":"stdout","logger":"task"}
{"timestamp":"2025-12-05T07:58:32.605720Z","level":"info","event":"39","chan":"stdout","logger":"task"}
{"timestamp":"2025-12-05T07:58:32.606203Z","level":"info","event":"  Processing song 40/100: Safe & Sound by Taylor Swift Featuring The Civil Wars","chan":"stdout","logger":"task"}
{"timestamp":"2025-12-05T07:58:33.333554Z","level":"info","event":"40","chan":"stdout","logger":"task"}
{"timestamp":"2025-12-05T07:58:34.068037Z","level":"info","event":"41","chan":"stdout","logger":"task"}
{"timestamp":"2025-12-05T07:58:34.724779Z","level":"info","event":"42","chan":"stdout","logger":"task"}
{"timestamp":"2025-12-05T07:58:35.567766Z","level":"info","event":"43","chan":"stdout","logger":"task"}
{"timestamp":"2025-12-05T07:58:36.229100Z","level":"info","event":"44","chan":"stdout","logger":"task"}
{"timestamp":"2025-12-05T07:58:36.924488Z","level":"info","event":"45","chan":"stdout","logger":"task"}
{"timestamp":"2025-12-05T07:58:37.584387Z","level":"info","event":"46","chan":"stdout","logger":"task"}
{"timestamp":"2025-12-05T07:58:38.340329Z","level":"info","event":"47","chan":"stdout","logger":"task"}
{"timestamp":"2025-12-05T07:58:39.034461Z","level":"info","event":"48","chan":"stdout","logger":"task"}
{"timestamp":"2025-12-05T07:58:39.655281Z","level":"info","event":"49","chan":"stdout","logger":"task"}
{"timestamp":"2025-12-05T07:58:39.657250Z","level":"info","event":"  Processing song 50/100: She Will by Lil Wayne Featuring Drake","chan":"stdout","logger":"task"}
{"timestamp":"2025-12-05T07:58:40.326582Z","level":"info","event":"50","chan":"stdout","logger":"task"}
{"timestamp":"2025-12-05T07:58:40.995639Z","level":"info","event":"51","chan":"stdout","logger":"task"}
{"timestamp":"2025-12-05T07:58:41.630104Z","level":"info","event":"52","chan":"stdout","logger":"task"}
{"timestamp":"2025-12-05T07:58:42.259974Z","level":"info","event":"53","chan":"stdout","logger":"task"}
{"timestamp":"2025-12-05T07:58:42.919336Z","level":"info","event":"54","chan":"stdout","logger":"task"}
{"timestamp":"2025-12-05T07:58:43.533963Z","level":"info","event":"55","chan":"stdout","logger":"task"}
{"timestamp":"2025-12-05T07:58:44.398317Z","level":"info","event":"56","chan":"stdout","logger":"task"}
{"timestamp":"2025-12-05T07:58:45.054492Z","level":"info","event":"57","chan":"stdout","logger":"task"}
{"timestamp":"2025-12-05T07:58:45.651769Z","level":"info","event":"58","chan":"stdout","logger":"task"}
{"timestamp":"2025-12-05T07:58:46.228971Z","level":"info","event":"59","chan":"stdout","logger":"task"}
{"timestamp":"2025-12-05T07:58:46.231949Z","level":"info","event":"  Processing song 60/100: Alone With You by Jake Owen","chan":"stdout","logger":"task"}
{"timestamp":"2025-12-05T07:58:46.851855Z","level":"info","event":"60","chan":"stdout","logger":"task"}
{"timestamp":"2025-12-05T07:58:47.402086Z","level":"info","event":"61","chan":"stdout","logger":"task"}
{"timestamp":"2025-12-05T07:58:48.028753Z","level":"info","event":"62","chan":"stdout","logger":"task"}
{"timestamp":"2025-12-05T07:58:48.655461Z","level":"info","event":"63","chan":"stdout","logger":"task"}
{"timestamp":"2025-12-05T07:58:49.634325Z","level":"info","event":"64","chan":"stdout","logger":"task"}
{"timestamp":"2025-12-05T07:58:50.249297Z","level":"info","event":"65","chan":"stdout","logger":"task"}
{"timestamp":"2025-12-05T07:58:50.921462Z","level":"info","event":"66","chan":"stdout","logger":"task"}
{"timestamp":"2025-12-05T07:58:51.591392Z","level":"info","event":"67","chan":"stdout","logger":"task"}
{"timestamp":"2025-12-05T07:58:52.251342Z","level":"info","event":"68","chan":"stdout","logger":"task"}
{"timestamp":"2025-12-05T07:58:52.856503Z","level":"info","event":"69","chan":"stdout","logger":"task"}
{"timestamp":"2025-12-05T07:58:52.859297Z","level":"info","event":"  Processing song 70/100: Levels by Avicii","chan":"stdout","logger":"task"}
{"timestamp":"2025-12-05T07:58:53.719263Z","level":"info","event":"70","chan":"stdout","logger":"task"}
{"timestamp":"2025-12-05T07:58:54.403639Z","level":"info","event":"71","chan":"stdout","logger":"task"}
{"timestamp":"2025-12-05T07:58:55.012835Z","level":"info","event":"72","chan":"stdout","logger":"task"}
{"timestamp":"2025-12-05T07:58:55.710808Z","level":"info","event":"73","chan":"stdout","logger":"task"}
{"timestamp":"2025-12-05T07:58:56.412634Z","level":"info","event":"74","chan":"stdout","logger":"task"}
{"timestamp":"2025-12-05T07:58:57.070553Z","level":"info","event":"75","chan":"stdout","logger":"task"}
{"timestamp":"2025-12-05T07:58:57.694969Z","level":"info","event":"76","chan":"stdout","logger":"task"}
{"timestamp":"2025-12-05T07:58:58.299599Z","level":"info","event":"77","chan":"stdout","logger":"task"}
{"timestamp":"2025-12-05T07:58:58.884422Z","level":"info","event":"78","chan":"stdout","logger":"task"}
{"timestamp":"2025-12-05T07:58:59.531614Z","level":"info","event":"79","chan":"stdout","logger":"task"}
{"timestamp":"2025-12-05T07:58:59.534819Z","level":"info","event":"  Processing song 80/100: Wish You Were Here by Avril Lavigne","chan":"stdout","logger":"task"}
{"timestamp":"2025-12-05T07:59:00.181098Z","level":"info","event":"80","chan":"stdout","logger":"task"}
{"timestamp":"2025-12-05T07:59:01.107861Z","level":"info","event":"81","chan":"stdout","logger":"task"}
{"timestamp":"2025-12-05T07:59:01.748371Z","level":"info","event":"82","chan":"stdout","logger":"task"}
{"timestamp":"2025-12-05T07:59:02.424797Z","level":"info","event":"83","chan":"stdout","logger":"task"}
{"timestamp":"2025-12-05T07:59:03.257350Z","level":"info","event":"84","chan":"stdout","logger":"task"}
{"timestamp":"2025-12-05T07:59:03.979642Z","level":"info","event":"85","chan":"stdout","logger":"task"}
{"timestamp":"2025-12-05T07:59:04.617242Z","level":"info","event":"86","chan":"stdout","logger":"task"}
{"timestamp":"2025-12-05T07:59:05.222391Z","level":"info","event":"87","chan":"stdout","logger":"task"}
{"timestamp":"2025-12-05T07:59:05.903570Z","level":"info","event":"88","chan":"stdout","logger":"task"}
{"timestamp":"2025-12-05T07:59:06.474837Z","level":"info","event":"89","chan":"stdout","logger":"task"}
{"timestamp":"2025-12-05T07:59:06.475101Z","level":"info","event":"  Processing song 90/100: Wild Ones by Flo Rida Featuring Sia","chan":"stdout","logger":"task"}
{"timestamp":"2025-12-05T07:59:07.102754Z","level":"info","event":"90","chan":"stdout","logger":"task"}
{"timestamp":"2025-12-05T07:59:07.686894Z","level":"info","event":"91","chan":"stdout","logger":"task"}
{"timestamp":"2025-12-05T07:59:08.320422Z","level":"info","event":"92","chan":"stdout","logger":"task"}
{"timestamp":"2025-12-05T07:59:08.931564Z","level":"info","event":"93","chan":"stdout","logger":"task"}
{"timestamp":"2025-12-05T07:59:09.785837Z","level":"info","event":"94","chan":"stdout","logger":"task"}
{"timestamp":"2025-12-05T07:59:10.487989Z","level":"info","event":"95","chan":"stdout","logger":"task"}
{"timestamp":"2025-12-05T07:59:11.121669Z","level":"info","event":"96","chan":"stdout","logger":"task"}
{"timestamp":"2025-12-05T07:59:11.845504Z","level":"info","event":"97","chan":"stdout","logger":"task"}
{"timestamp":"2025-12-05T07:59:12.526553Z","level":"info","event":"98","chan":"stdout","logger":"task"}
{"timestamp":"2025-12-05T07:59:13.508893Z","level":"info","event":"99","chan":"stdout","logger":"task"}
{"timestamp":"2025-12-05T07:59:13.517181Z","level":"info","event":"  Processing song 100/100: Play The Guitar by B.o.B Featuring Andre 3000","chan":"stdout","logger":"task"}
{"timestamp":"2025-12-05T07:59:14.495303Z","level":"info","event":"100","chan":"stdout","logger":"task"}
{"timestamp":"2025-12-05T07:59:14.496769Z","level":"info","event":"{'name': 'Rihanna', 'id': '5pKCCKE2ajJHZ9KAiaK11H', 'url': 'https://open.spotify.com/artist/5pKCCKE2ajJHZ9KAiaK11H'}","chan":"stdout","logger":"task"}
{"timestamp":"2025-12-05T07:59:14.497095Z","level":"info","event":"https://musicbrainz.org/ws/2/url?resource=https://open.spotify.com/artist/5pKCCKE2ajJHZ9KAiaK11H&inc=artist-rels&fmt=json","chan":"stdout","logger":"task"}
{"timestamp":"2025-12-05T07:59:14.830374Z","level":"info","event":"https://musicbrainz.org/ws/2/artist/73e5e69d-3554-40d8-8516-00cb38737a1c?inc=tags&fmt=json","chan":"stdout","logger":"task"}
{"timestamp":"2025-12-05T07:59:15.943916Z","level":"info","event":"{'name': 'Calvin Harris', 'id': '7CajNmpbOovFoOoasH2HaY', 'url': 'https://open.spotify.com/artist/7CajNmpbOovFoOoasH2HaY'}","chan":"stdout","logger":"task"}
{"timestamp":"2025-12-05T07:59:15.945219Z","level":"info","event":"https://musicbrainz.org/ws/2/url?resource=https://open.spotify.com/artist/7CajNmpbOovFoOoasH2HaY&inc=artist-rels&fmt=json","chan":"stdout","logger":"task"}
{"timestamp":"2025-12-05T07:59:16.069192Z","level":"info","event":"https://musicbrainz.org/ws/2/artist/8dd98bdc-80ec-4e93-8509-2f46bafc09a7?inc=tags&fmt=json","chan":"stdout","logger":"task"}
{"timestamp":"2025-12-05T07:59:17.191372Z","level":"info","event":"{'name': 'LMFAO', 'id': '3sgFRtyBnxXD5ESfmbK4dl', 'url': 'https://open.spotify.com/artist/3sgFRtyBnxXD5ESfmbK4dl'}","chan":"stdout","logger":"task"}
{"timestamp":"2025-12-05T07:59:17.192560Z","level":"info","event":"https://musicbrainz.org/ws/2/url?resource=https://open.spotify.com/artist/3sgFRtyBnxXD5ESfmbK4dl&inc=artist-rels&fmt=json","chan":"stdout","logger":"task"}
{"timestamp":"2025-12-05T07:59:17.315444Z","level":"info","event":"https://musicbrainz.org/ws/2/artist/ed5d9086-e8cd-473a-b96c-d81ad6c98f0d?inc=tags&fmt=json","chan":"stdout","logger":"task"}
{"timestamp":"2025-12-05T07:59:18.434618Z","level":"info","event":"{'name': 'Bruno Mars', 'id': '0du5cEVh5yTK9QJze8zA0C', 'url': 'https://open.spotify.com/artist/0du5cEVh5yTK9QJze8zA0C'}","chan":"stdout","logger":"task"}
{"timestamp":"2025-12-05T07:59:18.435581Z","level":"info","event":"https://musicbrainz.org/ws/2/url?resource=https://open.spotify.com/artist/0du5cEVh5yTK9QJze8zA0C&inc=artist-rels&fmt=json","chan":"stdout","logger":"task"}
{"timestamp":"2025-12-05T07:59:18.545707Z","level":"info","event":"https://musicbrainz.org/ws/2/artist/afb680f2-b6eb-4cd7-a70b-a63b25c763d5?inc=tags&fmt=json","chan":"stdout","logger":"task"}
{"timestamp":"2025-12-05T07:59:19.657488Z","level":"info","event":"{'name': 'Adele', 'id': '4dpARuHxo51G3z768sgnrY', 'url': 'https://open.spotify.com/artist/4dpARuHxo51G3z768sgnrY'}","chan":"stdout","logger":"task"}
{"timestamp":"2025-12-05T07:59:19.657768Z","level":"info","event":"https://musicbrainz.org/ws/2/url?resource=https://open.spotify.com/artist/4dpARuHxo51G3z768sgnrY&inc=artist-rels&fmt=json","chan":"stdout","logger":"task"}
{"timestamp":"2025-12-05T07:59:19.770883Z","level":"info","event":"https://musicbrainz.org/ws/2/artist/cc2c9c3c-b7bc-4b8b-84d8-4fbd8779e493?inc=tags&fmt=json","chan":"stdout","logger":"task"}
{"timestamp":"2025-12-05T07:59:20.896532Z","level":"info","event":"{'name': 'Flo Rida', 'id': '0jnsk9HBra6NMjO2oANoPY', 'url': 'https://open.spotify.com/artist/0jnsk9HBra6NMjO2oANoPY'}","chan":"stdout","logger":"task"}
{"timestamp":"2025-12-05T07:59:20.897422Z","level":"info","event":"https://musicbrainz.org/ws/2/url?resource=https://open.spotify.com/artist/0jnsk9HBra6NMjO2oANoPY&inc=artist-rels&fmt=json","chan":"stdout","logger":"task"}
{"timestamp":"2025-12-05T07:59:21.018771Z","level":"info","event":"https://musicbrainz.org/ws/2/artist/4593d49a-7f67-46ba-9ec0-126bd676286f?inc=tags&fmt=json","chan":"stdout","logger":"task"}
{"timestamp":"2025-12-05T07:59:22.133053Z","level":"info","event":"{'name': 'Katy Perry', 'id': '6jJ0s89eD6GaHleKKya26X', 'url': 'https://open.spotify.com/artist/6jJ0s89eD6GaHleKKya26X'}","chan":"stdout","logger":"task"}
{"timestamp":"2025-12-05T07:59:22.133649Z","level":"info","event":"https://musicbrainz.org/ws/2/url?resource=https://open.spotify.com/artist/6jJ0s89eD6GaHleKKya26X&inc=artist-rels&fmt=json","chan":"stdout","logger":"task"}
{"timestamp":"2025-12-05T07:59:22.262667Z","level":"info","event":"https://musicbrainz.org/ws/2/artist/122d63fc-8671-43e4-9752-34e846d62a9c?inc=tags&fmt=json","chan":"stdout","logger":"task"}
{"timestamp":"2025-12-05T07:59:23.380969Z","level":"info","event":"{'name': 'JAY-Z', 'id': '3nFkdlSjzX9mRTtwJOzDYB', 'url': 'https://open.spotify.com/artist/3nFkdlSjzX9mRTtwJOzDYB'}","chan":"stdout","logger":"task"}
{"timestamp":"2025-12-05T07:59:23.384379Z","level":"info","event":"https://musicbrainz.org/ws/2/url?resource=https://open.spotify.com/artist/3nFkdlSjzX9mRTtwJOzDYB&inc=artist-rels&fmt=json","chan":"stdout","logger":"task"}
{"timestamp":"2025-12-05T07:59:23.500078Z","level":"info","event":"https://musicbrainz.org/ws/2/artist/f82bcf78-5b69-4622-a5ef-73800768d9ac?inc=tags&fmt=json","chan":"stdout","logger":"task"}
{"timestamp":"2025-12-05T07:59:23.602100Z","level":"info","event":"Rate limit hit. Retrying in 1s...","chan":"stdout","logger":"task"}
{"timestamp":"2025-12-05T07:59:24.721696Z","level":"info","event":"Rate limit hit. Retrying in 2s...","chan":"stdout","logger":"task"}
{"timestamp":"2025-12-05T07:59:27.852227Z","level":"info","event":"{'name': 'Kanye West', 'id': '5K4W6rqBFWDnAN6FQUkS6x', 'url': 'https://open.spotify.com/artist/5K4W6rqBFWDnAN6FQUkS6x'}","chan":"stdout","logger":"task"}
{"timestamp":"2025-12-05T07:59:27.854829Z","level":"info","event":"https://musicbrainz.org/ws/2/url?resource=https://open.spotify.com/artist/5K4W6rqBFWDnAN6FQUkS6x&inc=artist-rels&fmt=json","chan":"stdout","logger":"task"}
{"timestamp":"2025-12-05T07:59:27.958347Z","level":"info","event":"https://musicbrainz.org/ws/2/artist/164f0d73-1234-4e2c-8743-d77bf2191051?inc=tags&fmt=json","chan":"stdout","logger":"task"}
{"timestamp":"2025-12-05T07:59:29.079835Z","level":"info","event":"{'name': 'Jason Mraz', 'id': '4phGZZrJZRo4ElhRtViYdl', 'url': 'https://open.spotify.com/artist/4phGZZrJZRo4ElhRtViYdl'}","chan":"stdout","logger":"task"}
{"timestamp":"2025-12-05T07:59:29.080172Z","level":"info","event":"https://musicbrainz.org/ws/2/url?resource=https://open.spotify.com/artist/4phGZZrJZRo4ElhRtViYdl&inc=artist-rels&fmt=json","chan":"stdout","logger":"task"}
{"timestamp":"2025-12-05T07:59:29.234527Z","level":"info","event":"https://musicbrainz.org/ws/2/artist/82eb8936-7bf6-4577-8320-a2639465206d?inc=tags&fmt=json","chan":"stdout","logger":"task"}
{"timestamp":"2025-12-05T07:59:30.480913Z","level":"info","event":"{'name': 'Lauren Bennett', 'id': '2jLE4BoXHriQ96JagEtiDP', 'url': 'https://open.spotify.com/artist/2jLE4BoXHriQ96JagEtiDP'}","chan":"stdout","logger":"task"}
{"timestamp":"2025-12-05T07:59:30.481257Z","level":"info","event":"https://musicbrainz.org/ws/2/url?resource=https://open.spotify.com/artist/2jLE4BoXHriQ96JagEtiDP&inc=artist-rels&fmt=json","chan":"stdout","logger":"task"}
{"timestamp":"2025-12-05T07:59:30.584435Z","level":"info","event":"https://musicbrainz.org/ws/2/artist/131a8268-b0aa-4c5c-89fc-d0e618af3f45?inc=tags&fmt=json","chan":"stdout","logger":"task"}
{"timestamp":"2025-12-05T07:59:31.693687Z","level":"info","event":"{'name': 'GoonRock', 'id': '53sIBaVjXQhfH89Vu6nEGh', 'url': 'https://open.spotify.com/artist/53sIBaVjXQhfH89Vu6nEGh'}","chan":"stdout","logger":"task"}
{"timestamp":"2025-12-05T07:59:31.694036Z","level":"info","event":"https://musicbrainz.org/ws/2/url?resource=https://open.spotify.com/artist/53sIBaVjXQhfH89Vu6nEGh&inc=artist-rels&fmt=json","chan":"stdout","logger":"task"}
{"timestamp":"2025-12-05T07:59:31.804627Z","level":"info","event":"https://musicbrainz.org/ws/2/artist/727b0e62-ad3e-4e14-ae3c-f068b0a84195?inc=tags&fmt=json","chan":"stdout","logger":"task"}
{"timestamp":"2025-12-05T07:59:32.915155Z","level":"info","event":"{'name': 'Snoop Dogg', 'id': '7hJcb9fa4alzcOq3EaNPoG', 'url': 'https://open.spotify.com/artist/7hJcb9fa4alzcOq3EaNPoG'}","chan":"stdout","logger":"task"}
{"timestamp":"2025-12-05T07:59:32.918893Z","level":"info","event":"https://musicbrainz.org/ws/2/url?resource=https://open.spotify.com/artist/7hJcb9fa4alzcOq3EaNPoG&inc=artist-rels&fmt=json","chan":"stdout","logger":"task"}
{"timestamp":"2025-12-05T07:59:33.048727Z","level":"info","event":"https://musicbrainz.org/ws/2/artist/f90e8b26-9e52-4669-a5c9-e28529c47894?inc=tags&fmt=json","chan":"stdout","logger":"task"}
{"timestamp":"2025-12-05T07:59:34.172373Z","level":"info","event":"{'name': 'Wiz Khalifa', 'id': '137W8MRPWKqSmrBGDBFSop', 'url': 'https://open.spotify.com/artist/137W8MRPWKqSmrBGDBFSop'}","chan":"stdout","logger":"task"}
{"timestamp":"2025-12-05T07:59:34.178962Z","level":"info","event":"https://musicbrainz.org/ws/2/url?resource=https://open.spotify.com/artist/137W8MRPWKqSmrBGDBFSop&inc=artist-rels&fmt=json","chan":"stdout","logger":"task"}
{"timestamp":"2025-12-05T07:59:34.298497Z","level":"info","event":"https://musicbrainz.org/ws/2/artist/f5dfa020-ad69-41cd-b3d4-fd7af0414e94?inc=tags&fmt=json","chan":"stdout","logger":"task"}
{"timestamp":"2025-12-05T07:59:35.417906Z","level":"info","event":"{'name': 'Maroon 5', 'id': '04gDigrS5kc9YWfZHwBETP', 'url': 'https://open.spotify.com/artist/04gDigrS5kc9YWfZHwBETP'}","chan":"stdout","logger":"task"}
{"timestamp":"2025-12-05T07:59:35.419050Z","level":"info","event":"https://musicbrainz.org/ws/2/url?resource=https://open.spotify.com/artist/04gDigrS5kc9YWfZHwBETP&inc=artist-rels&fmt=json","chan":"stdout","logger":"task"}
{"timestamp":"2025-12-05T07:59:35.533858Z","level":"info","event":"https://musicbrainz.org/ws/2/artist/0ab49580-c84f-44d4-875f-d83760ea2cfe?inc=tags&fmt=json","chan":"stdout","logger":"task"}
{"timestamp":"2025-12-05T07:59:36.665951Z","level":"info","event":"{'name': 'Christina Aguilera', 'id': '1l7ZsJRRS8wlW3WfJfPfNS', 'url': 'https://open.spotify.com/artist/1l7ZsJRRS8wlW3WfJfPfNS'}","chan":"stdout","logger":"task"}
{"timestamp":"2025-12-05T07:59:36.669134Z","level":"info","event":"https://musicbrainz.org/ws/2/url?resource=https://open.spotify.com/artist/1l7ZsJRRS8wlW3WfJfPfNS&inc=artist-rels&fmt=json","chan":"stdout","logger":"task"}
{"timestamp":"2025-12-05T07:59:36.779608Z","level":"info","event":"Rate limit hit. Retrying in 1s...","chan":"stdout","logger":"task"}
{"timestamp":"2025-12-05T07:59:37.899782Z","level":"info","event":"https://musicbrainz.org/ws/2/artist/b202beb7-99bd-47e7-8b72-195c8d72ebdd?inc=tags&fmt=json","chan":"stdout","logger":"task"}
{"timestamp":"2025-12-05T07:59:39.018358Z","level":"info","event":"{'name': 'Big Sean', 'id': '0c173mlxpT3dSFRgMO8XPh', 'url': 'https://open.spotify.com/artist/0c173mlxpT3dSFRgMO8XPh'}","chan":"stdout","logger":"task"}
{"timestamp":"2025-12-05T07:59:39.021651Z","level":"info","event":"https://musicbrainz.org/ws/2/url?resource=https://open.spotify.com/artist/0c173mlxpT3dSFRgMO8XPh&inc=artist-rels&fmt=json","chan":"stdout","logger":"task"}
{"timestamp":"2025-12-05T07:59:39.136540Z","level":"info","event":"https://musicbrainz.org/ws/2/artist/942a9807-9c1a-4a0e-a285-1fde2c5be9d1?inc=tags&fmt=json","chan":"stdout","logger":"task"}
{"timestamp":"2025-12-05T07:59:40.250497Z","level":"info","event":"{'name': 'Nicki Minaj', 'id': '0hCNtLu0JehylgoiP8L4Gh', 'url': 'https://open.spotify.com/artist/0hCNtLu0JehylgoiP8L4Gh'}","chan":"stdout","logger":"task"}
{"timestamp":"2025-12-05T07:59:40.250686Z","level":"info","event":"https://musicbrainz.org/ws/2/url?resource=https://open.spotify.com/artist/0hCNtLu0JehylgoiP8L4Gh&inc=artist-rels&fmt=json","chan":"stdout","logger":"task"}
{"timestamp":"2025-12-05T07:59:40.359544Z","level":"info","event":"https://musicbrainz.org/ws/2/artist/1036b808-f58c-4a3e-b461-a2c4492ecf1b?inc=tags&fmt=json","chan":"stdout","logger":"task"}
{"timestamp":"2025-12-05T07:59:41.475042Z","level":"info","event":"{'name': 'Gym Class Heroes', 'id': '4IJczjB0fJ04gs4uvP0Fli', 'url': 'https://open.spotify.com/artist/4IJczjB0fJ04gs4uvP0Fli'}","chan":"stdout","logger":"task"}
{"timestamp":"2025-12-05T07:59:41.477969Z","level":"info","event":"https://musicbrainz.org/ws/2/url?resource=https://open.spotify.com/artist/4IJczjB0fJ04gs4uvP0Fli&inc=artist-rels&fmt=json","chan":"stdout","logger":"task"}
{"timestamp":"2025-12-05T07:59:41.598558Z","level":"info","event":"https://musicbrainz.org/ws/2/artist/f4d4b515-0b74-423f-a161-db184330c37c?inc=tags&fmt=json","chan":"stdout","logger":"task"}
{"timestamp":"2025-12-05T07:59:42.709803Z","level":"info","event":"{'name': 'Adam Levine', 'id': '4bYPcJP5jwMhSivRcqie2n', 'url': 'https://open.spotify.com/artist/4bYPcJP5jwMhSivRcqie2n'}","chan":"stdout","logger":"task"}
{"timestamp":"2025-12-05T07:59:42.712252Z","level":"info","event":"https://musicbrainz.org/ws/2/url?resource=https://open.spotify.com/artist/4bYPcJP5jwMhSivRcqie2n&inc=artist-rels&fmt=json","chan":"stdout","logger":"task"}
{"timestamp":"2025-12-05T07:59:42.820738Z","level":"info","event":"https://musicbrainz.org/ws/2/artist/a1421d73-1a21-484b-97ad-77c9a5676daf?inc=tags&fmt=json","chan":"stdout","logger":"task"}
{"timestamp":"2025-12-05T07:59:43.936290Z","level":"info","event":"{'name': 'J. Cole', 'id': '6l3HvQ5sa6mXTsMTB19rO5', 'url': 'https://open.spotify.com/artist/6l3HvQ5sa6mXTsMTB19rO5'}","chan":"stdout","logger":"task"}
{"timestamp":"2025-12-05T07:59:43.940020Z","level":"info","event":"https://musicbrainz.org/ws/2/url?resource=https://open.spotify.com/artist/6l3HvQ5sa6mXTsMTB19rO5&inc=artist-rels&fmt=json","chan":"stdout","logger":"task"}
{"timestamp":"2025-12-05T07:59:44.059609Z","level":"info","event":"https://musicbrainz.org/ws/2/artist/875203e1-8e58-4b86-8dcb-7190faf411c5?inc=tags&fmt=json","chan":"stdout","logger":"task"}
{"timestamp":"2025-12-05T07:59:45.178267Z","level":"info","event":"{'name': 'David Guetta', 'id': '1Cs0zKBU1kc0i8ypK3B9ai', 'url': 'https://open.spotify.com/artist/1Cs0zKBU1kc0i8ypK3B9ai'}","chan":"stdout","logger":"task"}
{"timestamp":"2025-12-05T07:59:45.179759Z","level":"info","event":"https://musicbrainz.org/ws/2/url?resource=https://open.spotify.com/artist/1Cs0zKBU1kc0i8ypK3B9ai&inc=artist-rels&fmt=json","chan":"stdout","logger":"task"}
{"timestamp":"2025-12-05T07:59:45.295390Z","level":"info","event":"https://musicbrainz.org/ws/2/artist/302bd7b9-d012-4360-897a-93b00c855680?inc=tags&fmt=json","chan":"stdout","logger":"task"}
{"timestamp":"2025-12-05T07:59:46.489898Z","level":"info","event":"{'name': 'USHER', 'id': '23zg3TcAtWQy7J6upgbUnj', 'url': 'https://open.spotify.com/artist/23zg3TcAtWQy7J6upgbUnj'}","chan":"stdout","logger":"task"}
{"timestamp":"2025-12-05T07:59:46.491318Z","level":"info","event":"https://musicbrainz.org/ws/2/url?resource=https://open.spotify.com/artist/23zg3TcAtWQy7J6upgbUnj&inc=artist-rels&fmt=json","chan":"stdout","logger":"task"}
{"timestamp":"2025-12-05T07:59:46.595643Z","level":"info","event":"https://musicbrainz.org/ws/2/artist/3414d446-735a-443c-931f-10634f57e5b9?inc=tags&fmt=json","chan":"stdout","logger":"task"}
{"timestamp":"2025-12-05T07:59:46.701500Z","level":"info","event":"Rate limit hit. Retrying in 1s...","chan":"stdout","logger":"task"}
{"timestamp":"2025-12-05T07:59:47.831302Z","level":"info","event":"Rate limit hit. Retrying in 2s...","chan":"stdout","logger":"task"}
{"timestamp":"2025-12-05T07:59:50.972659Z","level":"info","event":"{'name': 'Jessie J', 'id': '2gsggkzM5R49q6jpPvazou', 'url': 'https://open.spotify.com/artist/2gsggkzM5R49q6jpPvazou'}","chan":"stdout","logger":"task"}
{"timestamp":"2025-12-05T07:59:50.982690Z","level":"info","event":"https://musicbrainz.org/ws/2/url?resource=https://open.spotify.com/artist/2gsggkzM5R49q6jpPvazou&inc=artist-rels&fmt=json","chan":"stdout","logger":"task"}
{"timestamp":"2025-12-05T07:59:51.165540Z","level":"info","event":"https://musicbrainz.org/ws/2/artist/d24fb461-dee8-41fc-bb15-2f13bb2644a6?inc=tags&fmt=json","chan":"stdout","logger":"task"}
{"timestamp":"2025-12-05T07:59:52.212978Z","level":"info","event":"{'name': 'Drake', 'id': '3TVXtAsR1Inumwj472S9r4', 'url': 'https://open.spotify.com/artist/3TVXtAsR1Inumwj472S9r4'}","chan":"stdout","logger":"task"}
{"timestamp":"2025-12-05T07:59:52.214284Z","level":"info","event":"https://musicbrainz.org/ws/2/url?resource=https://open.spotify.com/artist/3TVXtAsR1Inumwj472S9r4&inc=artist-rels&fmt=json","chan":"stdout","logger":"task"}
{"timestamp":"2025-12-05T07:59:52.320840Z","level":"info","event":"https://musicbrainz.org/ws/2/artist/9fff2f8a-21e6-47de-a2b8-7f449929d43f?inc=tags&fmt=json","chan":"stdout","logger":"task"}
{"timestamp":"2025-12-05T07:59:53.436337Z","level":"info","event":"{'name': 'Lil Wayne', 'id': '55Aa2cqylxrFIXC767Z865', 'url': 'https://open.spotify.com/artist/55Aa2cqylxrFIXC767Z865'}","chan":"stdout","logger":"task"}
{"timestamp":"2025-12-05T07:59:53.440733Z","level":"info","event":"https://musicbrainz.org/ws/2/url?resource=https://open.spotify.com/artist/55Aa2cqylxrFIXC767Z865&inc=artist-rels&fmt=json","chan":"stdout","logger":"task"}
{"timestamp":"2025-12-05T07:59:53.556417Z","level":"info","event":"https://musicbrainz.org/ws/2/artist/ac9a487a-d9d2-4f27-bb23-0f4686488345?inc=tags&fmt=json","chan":"stdout","logger":"task"}
{"timestamp":"2025-12-05T07:59:54.673106Z","level":"info","event":"{'name': 'Toby Keith', 'id': '2bA6fzP0lMAQ4kz6CF61w8', 'url': 'https://open.spotify.com/artist/2bA6fzP0lMAQ4kz6CF61w8'}","chan":"stdout","logger":"task"}
{"timestamp":"2025-12-05T07:59:54.674212Z","level":"info","event":"https://musicbrainz.org/ws/2/url?resource=https://open.spotify.com/artist/2bA6fzP0lMAQ4kz6CF61w8&inc=artist-rels&fmt=json","chan":"stdout","logger":"task"}
{"timestamp":"2025-12-05T07:59:54.792962Z","level":"info","event":"https://musicbrainz.org/ws/2/artist/2f951906-5629-4fef-a260-5033151c162a?inc=tags&fmt=json","chan":"stdout","logger":"task"}
{"timestamp":"2025-12-05T07:59:55.899966Z","level":"info","event":"{'name': 'Gavin DeGraw', 'id': '5DYAABs8rkY9VhwtENoQCz', 'url': 'https://open.spotify.com/artist/5DYAABs8rkY9VhwtENoQCz'}","chan":"stdout","logger":"task"}
{"timestamp":"2025-12-05T07:59:55.903025Z","level":"info","event":"https://musicbrainz.org/ws/2/url?resource=https://open.spotify.com/artist/5DYAABs8rkY9VhwtENoQCz&inc=artist-rels&fmt=json","chan":"stdout","logger":"task"}
{"timestamp":"2025-12-05T07:59:56.021760Z","level":"info","event":"https://musicbrainz.org/ws/2/artist/3f2a12e9-6398-42fd-b257-2f6abd4aa5fc?inc=tags&fmt=json","chan":"stdout","logger":"task"}
{"timestamp":"2025-12-05T07:59:57.133262Z","level":"info","event":"{'name': 'T-Pain', 'id': '3aQeKQSyrW4qWr35idm0cy', 'url': 'https://open.spotify.com/artist/3aQeKQSyrW4qWr35idm0cy'}","chan":"stdout","logger":"task"}
{"timestamp":"2025-12-05T07:59:57.133543Z","level":"info","event":"https://musicbrainz.org/ws/2/url?resource=https://open.spotify.com/artist/3aQeKQSyrW4qWr35idm0cy&inc=artist-rels&fmt=json","chan":"stdout","logger":"task"}
{"timestamp":"2025-12-05T07:59:57.241605Z","level":"info","event":"https://musicbrainz.org/ws/2/artist/ce55e49a-32f4-4757-9849-bf04d06d5fcc?inc=tags&fmt=json","chan":"stdout","logger":"task"}
{"timestamp":"2025-12-05T07:59:58.353929Z","level":"info","event":"{'name': 'Lily Allen', 'id': '13saZpZnCDWOI9D4IJhp1f', 'url': 'https://open.spotify.com/artist/13saZpZnCDWOI9D4IJhp1f'}","chan":"stdout","logger":"task"}
{"timestamp":"2025-12-05T07:59:58.357101Z","level":"info","event":"https://musicbrainz.org/ws/2/url?resource=https://open.spotify.com/artist/13saZpZnCDWOI9D4IJhp1f&inc=artist-rels&fmt=json","chan":"stdout","logger":"task"}
{"timestamp":"2025-12-05T07:59:58.490713Z","level":"info","event":"https://musicbrainz.org/ws/2/artist/6e0c7c0e-cba5-4c2c-a652-38f71ef5785d?inc=tags&fmt=json","chan":"stdout","logger":"task"}
{"timestamp":"2025-12-05T07:59:59.609475Z","level":"info","event":"{'name': 'Tyga', 'id': '5LHRHt1k9lMyONurDHEdrp', 'url': 'https://open.spotify.com/artist/5LHRHt1k9lMyONurDHEdrp'}","chan":"stdout","logger":"task"}
{"timestamp":"2025-12-05T07:59:59.609966Z","level":"info","event":"https://musicbrainz.org/ws/2/url?resource=https://open.spotify.com/artist/5LHRHt1k9lMyONurDHEdrp&inc=artist-rels&fmt=json","chan":"stdout","logger":"task"}
{"timestamp":"2025-12-05T07:59:59.721647Z","level":"info","event":"Rate limit hit. Retrying in 1s...","chan":"stdout","logger":"task"}
{"timestamp":"2025-12-05T08:00:00.833191Z","level":"info","event":"https://musicbrainz.org/ws/2/artist/ce09ea31-3d4a-4487-a797-e315175457a0?inc=tags&fmt=json","chan":"stdout","logger":"task"}
{"timestamp":"2025-12-05T08:00:01.940405Z","level":"info","event":"{'name': 'Pitbull', 'id': '0TnOYISbd1XYRBk9myaseg', 'url': 'https://open.spotify.com/artist/0TnOYISbd1XYRBk9myaseg'}","chan":"stdout","logger":"task"}
{"timestamp":"2025-12-05T08:00:01.940643Z","level":"info","event":"https://musicbrainz.org/ws/2/url?resource=https://open.spotify.com/artist/0TnOYISbd1XYRBk9myaseg&inc=artist-rels&fmt=json","chan":"stdout","logger":"task"}
{"timestamp":"2025-12-05T08:00:02.049960Z","level":"info","event":"https://musicbrainz.org/ws/2/artist/d262ea27-3ffe-40f7-b922-85c42d625e67?inc=tags&fmt=json","chan":"stdout","logger":"task"}
{"timestamp":"2025-12-05T08:00:03.157369Z","level":"info","event":"{'name': 'Chris Brown', 'id': '7bXgB6jMjp9ATFy66eO08Z', 'url': 'https://open.spotify.com/artist/7bXgB6jMjp9ATFy66eO08Z'}","chan":"stdout","logger":"task"}
{"timestamp":"2025-12-05T08:00:03.159513Z","level":"info","event":"https://musicbrainz.org/ws/2/url?resource=https://open.spotify.com/artist/7bXgB6jMjp9ATFy66eO08Z&inc=artist-rels&fmt=json","chan":"stdout","logger":"task"}
{"timestamp":"2025-12-05T08:00:03.271496Z","level":"info","event":"https://musicbrainz.org/ws/2/artist/c234fa42-e6a6-443e-937e-2f4b073538a3?inc=tags&fmt=json","chan":"stdout","logger":"task"}
{"timestamp":"2025-12-05T08:00:04.382299Z","level":"info","event":"{'name': 'Kelly Clarkson', 'id': '3BmGtnKgCSGYIUhmivXKWX', 'url': 'https://open.spotify.com/artist/3BmGtnKgCSGYIUhmivXKWX'}","chan":"stdout","logger":"task"}
{"timestamp":"2025-12-05T08:00:04.383380Z","level":"info","event":"https://musicbrainz.org/ws/2/url?resource=https://open.spotify.com/artist/3BmGtnKgCSGYIUhmivXKWX&inc=artist-rels&fmt=json","chan":"stdout","logger":"task"}
{"timestamp":"2025-12-05T08:00:04.498154Z","level":"info","event":"https://musicbrainz.org/ws/2/artist/d339efbb-77b9-4147-ba9e-59f2f24550b2?inc=tags&fmt=json","chan":"stdout","logger":"task"}
{"timestamp":"2025-12-05T08:00:05.602456Z","level":"info","event":"{'name': 'Selena Gomez & The Scene', 'id': '6dJeKm76NjfXBNTpHmOhfO', 'url': 'https://open.spotify.com/artist/6dJeKm76NjfXBNTpHmOhfO'}","chan":"stdout","logger":"task"}
{"timestamp":"2025-12-05T08:00:05.602875Z","level":"info","event":"https://musicbrainz.org/ws/2/url?resource=https://open.spotify.com/artist/6dJeKm76NjfXBNTpHmOhfO&inc=artist-rels&fmt=json","chan":"stdout","logger":"task"}
{"timestamp":"2025-12-05T08:00:05.718304Z","level":"info","event":"https://musicbrainz.org/ws/2/artist/37d0a847-32d3-480f-bd1e-101f50a3d332?inc=tags&fmt=json","chan":"stdout","logger":"task"}
{"timestamp":"2025-12-05T08:00:06.832406Z","level":"info","event":"{'name': 'Luke Bryan', 'id': '0BvkDsjIUla7X0k6CSWh1I', 'url': 'https://open.spotify.com/artist/0BvkDsjIUla7X0k6CSWh1I'}","chan":"stdout","logger":"task"}
{"timestamp":"2025-12-05T08:00:06.837026Z","level":"info","event":"https://musicbrainz.org/ws/2/url?resource=https://open.spotify.com/artist/0BvkDsjIUla7X0k6CSWh1I&inc=artist-rels&fmt=json","chan":"stdout","logger":"task"}
{"timestamp":"2025-12-05T08:00:06.953532Z","level":"info","event":"https://musicbrainz.org/ws/2/artist/aab35942-f176-4f77-bbf9-1d6aa98ccf3f?inc=tags&fmt=json","chan":"stdout","logger":"task"}
{"timestamp":"2025-12-05T08:00:08.073207Z","level":"info","event":"{'name': 'Foster The People', 'id': '7gP3bB2nilZXLfPHJhMdvc', 'url': 'https://open.spotify.com/artist/7gP3bB2nilZXLfPHJhMdvc'}","chan":"stdout","logger":"task"}
{"timestamp":"2025-12-05T08:00:08.076059Z","level":"info","event":"https://musicbrainz.org/ws/2/url?resource=https://open.spotify.com/artist/7gP3bB2nilZXLfPHJhMdvc&inc=artist-rels&fmt=json","chan":"stdout","logger":"task"}
{"timestamp":"2025-12-05T08:00:08.193310Z","level":"info","event":"https://musicbrainz.org/ws/2/artist/e0e1a584-dd0a-4bd1-88d1-c4c62895039d?inc=tags&fmt=json","chan":"stdout","logger":"task"}
{"timestamp":"2025-12-05T08:00:09.322964Z","level":"info","event":"{'name': 'Cobra Starship', 'id': '2aYJ5LAta2ScCdfLhKgZOY', 'url': 'https://open.spotify.com/artist/2aYJ5LAta2ScCdfLhKgZOY'}","chan":"stdout","logger":"task"}
{"timestamp":"2025-12-05T08:00:09.330337Z","level":"info","event":"https://musicbrainz.org/ws/2/url?resource=https://open.spotify.com/artist/2aYJ5LAta2ScCdfLhKgZOY&inc=artist-rels&fmt=json","chan":"stdout","logger":"task"}
{"timestamp":"2025-12-05T08:00:09.450864Z","level":"info","event":"https://musicbrainz.org/ws/2/artist/ffb390b8-8df4-4b72-97d1-7b2fc008a452?inc=tags&fmt=json","chan":"stdout","logger":"task"}
{"timestamp":"2025-12-05T08:00:09.559024Z","level":"info","event":"Rate limit hit. Retrying in 1s...","chan":"stdout","logger":"task"}
{"timestamp":"2025-12-05T08:00:10.669542Z","level":"info","event":"Rate limit hit. Retrying in 2s...","chan":"stdout","logger":"task"}
{"timestamp":"2025-12-05T08:00:13.796941Z","level":"info","event":"{'name': 'Sabi', 'id': '3tB8VKd0rtEnc9x8l78ymo', 'url': 'https://open.spotify.com/artist/3tB8VKd0rtEnc9x8l78ymo'}","chan":"stdout","logger":"task"}
{"timestamp":"2025-12-05T08:00:13.803165Z","level":"info","event":"https://musicbrainz.org/ws/2/url?resource=https://open.spotify.com/artist/3tB8VKd0rtEnc9x8l78ymo&inc=artist-rels&fmt=json","chan":"stdout","logger":"task"}
{"timestamp":"2025-12-05T08:00:13.915753Z","level":"info","event":"https://musicbrainz.org/ws/2/artist/d6b9bc68-dcf7-4ec1-8416-a7f046e9354c?inc=tags&fmt=json","chan":"stdout","logger":"task"}
{"timestamp":"2025-12-05T08:00:15.029354Z","level":"info","event":"{'name': 'Hot Chelle Rae', 'id': '6jTnHxhb6cDCaCu4rdvsQ0', 'url': 'https://open.spotify.com/artist/6jTnHxhb6cDCaCu4rdvsQ0'}","chan":"stdout","logger":"task"}
{"timestamp":"2025-12-05T08:00:15.030248Z","level":"info","event":"https://musicbrainz.org/ws/2/url?resource=https://open.spotify.com/artist/6jTnHxhb6cDCaCu4rdvsQ0&inc=artist-rels&fmt=json","chan":"stdout","logger":"task"}
{"timestamp":"2025-12-05T08:00:15.136169Z","level":"info","event":"https://musicbrainz.org/ws/2/artist/20aee940-3b65-4d04-8768-9a5918db2973?inc=tags&fmt=json","chan":"stdout","logger":"task"}
{"timestamp":"2025-12-05T08:00:16.247254Z","level":"info","event":"{'name': 'New Boyz', 'id': '1ZKqrja0WvbSssYNFO3lzs', 'url': 'https://open.spotify.com/artist/1ZKqrja0WvbSssYNFO3lzs'}","chan":"stdout","logger":"task"}
{"timestamp":"2025-12-05T08:00:16.253629Z","level":"info","event":"https://musicbrainz.org/ws/2/url?resource=https://open.spotify.com/artist/1ZKqrja0WvbSssYNFO3lzs&inc=artist-rels&fmt=json","chan":"stdout","logger":"task"}
{"timestamp":"2025-12-05T08:00:16.374391Z","level":"info","event":"https://musicbrainz.org/ws/2/artist/8e1d63a3-2980-4d69-ba61-1024e8a6df4b?inc=tags&fmt=json","chan":"stdout","logger":"task"}
{"timestamp":"2025-12-05T08:00:17.480982Z","level":"info","event":"{'name': 'AFROJACK', 'id': '4D75GcNG95ebPtNvoNVXhz', 'url': 'https://open.spotify.com/artist/4D75GcNG95ebPtNvoNVXhz'}","chan":"stdout","logger":"task"}
{"timestamp":"2025-12-05T08:00:17.483004Z","level":"info","event":"https://musicbrainz.org/ws/2/url?resource=https://open.spotify.com/artist/4D75GcNG95ebPtNvoNVXhz&inc=artist-rels&fmt=json","chan":"stdout","logger":"task"}
{"timestamp":"2025-12-05T08:00:17.597276Z","level":"info","event":"https://musicbrainz.org/ws/2/artist/a3ee920f-4e7f-4993-8aca-4b8538cfaa4a?inc=tags&fmt=json","chan":"stdout","logger":"task"}
{"timestamp":"2025-12-05T08:00:18.715439Z","level":"info","event":"{'name': 'Ne-Yo', 'id': '21E3waRsmPlU7jZsS13rcj', 'url': 'https://open.spotify.com/artist/21E3waRsmPlU7jZsS13rcj'}","chan":"stdout","logger":"task"}
{"timestamp":"2025-12-05T08:00:18.728169Z","level":"info","event":"https://musicbrainz.org/ws/2/url?resource=https://open.spotify.com/artist/21E3waRsmPlU7jZsS13rcj&inc=artist-rels&fmt=json","chan":"stdout","logger":"task"}
{"timestamp":"2025-12-05T08:00:18.839736Z","level":"info","event":"https://musicbrainz.org/ws/2/artist/a4a01f5d-18e7-4571-8c3a-76ec0e24e2d7?inc=tags&fmt=json","chan":"stdout","logger":"task"}
{"timestamp":"2025-12-05T08:00:19.959614Z","level":"info","event":"{'name': 'Nayer', 'id': '1ruutHJcECI7cos2n5TqpO', 'url': 'https://open.spotify.com/artist/1ruutHJcECI7cos2n5TqpO'}","chan":"stdout","logger":"task"}
{"timestamp":"2025-12-05T08:00:19.965296Z","level":"info","event":"https://musicbrainz.org/ws/2/url?resource=https://open.spotify.com/artist/1ruutHJcECI7cos2n5TqpO&inc=artist-rels&fmt=json","chan":"stdout","logger":"task"}
{"timestamp":"2025-12-05T08:00:20.075176Z","level":"info","event":"https://musicbrainz.org/ws/2/artist/276d7d13-c0c4-4e67-a165-8e3764e4a2f3?inc=tags&fmt=json","chan":"stdout","logger":"task"}
{"timestamp":"2025-12-05T08:00:21.179196Z","level":"info","event":"{'name': 'Lady A', 'id': '32WkQRZEVKSzVAAYqukAEA', 'url': 'https://open.spotify.com/artist/32WkQRZEVKSzVAAYqukAEA'}","chan":"stdout","logger":"task"}
{"timestamp":"2025-12-05T08:00:21.179552Z","level":"info","event":"https://musicbrainz.org/ws/2/url?resource=https://open.spotify.com/artist/32WkQRZEVKSzVAAYqukAEA&inc=artist-rels&fmt=json","chan":"stdout","logger":"task"}
{"timestamp":"2025-12-05T08:00:21.283210Z","level":"info","event":"https://musicbrainz.org/ws/2/artist/0eedfc95-e79a-4fd9-832a-cd816a0b3fda?inc=tags&fmt=json","chan":"stdout","logger":"task"}
{"timestamp":"2025-12-05T08:00:22.398720Z","level":"info","event":"{'name': 'Coldplay', 'id': '4gzpq5DPGxSnKTe4SA8HAU', 'url': 'https://open.spotify.com/artist/4gzpq5DPGxSnKTe4SA8HAU'}","chan":"stdout","logger":"task"}
{"timestamp":"2025-12-05T08:00:22.402940Z","level":"info","event":"https://musicbrainz.org/ws/2/url?resource=https://open.spotify.com/artist/4gzpq5DPGxSnKTe4SA8HAU&inc=artist-rels&fmt=json","chan":"stdout","logger":"task"}
{"timestamp":"2025-12-05T08:00:22.514346Z","level":"info","event":"Rate limit hit. Retrying in 1s...","chan":"stdout","logger":"task"}
{"timestamp":"2025-12-05T08:00:23.636871Z","level":"info","event":"https://musicbrainz.org/ws/2/artist/cc197bad-dc9c-440d-a5b5-d52ba2e14234?inc=tags&fmt=json","chan":"stdout","logger":"task"}
{"timestamp":"2025-12-05T08:00:24.760268Z","level":"info","event":"{'name': 'Lady Gaga', 'id': '1HY2Jd0NmPuamShAr6KMms', 'url': 'https://open.spotify.com/artist/1HY2Jd0NmPuamShAr6KMms'}","chan":"stdout","logger":"task"}
{"timestamp":"2025-12-05T08:00:24.760560Z","level":"info","event":"https://musicbrainz.org/ws/2/url?resource=https://open.spotify.com/artist/1HY2Jd0NmPuamShAr6KMms&inc=artist-rels&fmt=json","chan":"stdout","logger":"task"}
{"timestamp":"2025-12-05T08:00:24.870744Z","level":"info","event":"https://musicbrainz.org/ws/2/artist/650e7db6-b795-4eb5-a702-5ea2fc46c848?inc=tags&fmt=json","chan":"stdout","logger":"task"}
{"timestamp":"2025-12-05T08:00:25.974798Z","level":"info","event":"{'name': 'Taylor Swift', 'id': '06HL4z0CvFAxyc27GXpf02', 'url': 'https://open.spotify.com/artist/06HL4z0CvFAxyc27GXpf02'}","chan":"stdout","logger":"task"}
{"timestamp":"2025-12-05T08:00:25.976473Z","level":"info","event":"https://musicbrainz.org/ws/2/url?resource=https://open.spotify.com/artist/06HL4z0CvFAxyc27GXpf02&inc=artist-rels&fmt=json","chan":"stdout","logger":"task"}
{"timestamp":"2025-12-05T08:00:26.083900Z","level":"info","event":"https://musicbrainz.org/ws/2/artist/20244d07-534f-4eff-b4d4-930878889970?inc=tags&fmt=json","chan":"stdout","logger":"task"}
{"timestamp":"2025-12-05T08:00:27.189135Z","level":"info","event":"{'name': 'The Civil Wars', 'id': '6J7rw7NELJUCThPbAfyLIE', 'url': 'https://open.spotify.com/artist/6J7rw7NELJUCThPbAfyLIE'}","chan":"stdout","logger":"task"}
{"timestamp":"2025-12-05T08:00:27.191191Z","level":"info","event":"https://musicbrainz.org/ws/2/url?resource=https://open.spotify.com/artist/6J7rw7NELJUCThPbAfyLIE&inc=artist-rels&fmt=json","chan":"stdout","logger":"task"}
{"timestamp":"2025-12-05T08:00:27.300144Z","level":"info","event":"https://musicbrainz.org/ws/2/artist/91dad7e7-0bf6-47e8-bd42-ef1fac32c729?inc=tags&fmt=json","chan":"stdout","logger":"task"}
{"timestamp":"2025-12-05T08:00:28.410282Z","level":"info","event":"{'name': 'Breathe Carolina', 'id': '53M4Iv2RkzzxFFvW2B1jhC', 'url': 'https://open.spotify.com/artist/53M4Iv2RkzzxFFvW2B1jhC'}","chan":"stdout","logger":"task"}
{"timestamp":"2025-12-05T08:00:28.411343Z","level":"info","event":"https://musicbrainz.org/ws/2/url?resource=https://open.spotify.com/artist/53M4Iv2RkzzxFFvW2B1jhC&inc=artist-rels&fmt=json","chan":"stdout","logger":"task"}
{"timestamp":"2025-12-05T08:00:28.528220Z","level":"info","event":"https://musicbrainz.org/ws/2/artist/0509d076-7e31-4f53-bad3-80ee246e23b7?inc=tags&fmt=json","chan":"stdout","logger":"task"}
{"timestamp":"2025-12-05T08:00:29.639832Z","level":"info","event":"{'name': 'Eric Church', 'id': '2IvkS5MXK0vPGnwyJsrEyV', 'url': 'https://open.spotify.com/artist/2IvkS5MXK0vPGnwyJsrEyV'}","chan":"stdout","logger":"task"}
{"timestamp":"2025-12-05T08:00:29.646136Z","level":"info","event":"https://musicbrainz.org/ws/2/url?resource=https://open.spotify.com/artist/2IvkS5MXK0vPGnwyJsrEyV&inc=artist-rels&fmt=json","chan":"stdout","logger":"task"}
{"timestamp":"2025-12-05T08:00:29.761190Z","level":"info","event":"https://musicbrainz.org/ws/2/artist/15856215-cc51-4423-879c-9ac955ccb11a?inc=tags&fmt=json","chan":"stdout","logger":"task"}
{"timestamp":"2025-12-05T08:00:30.871530Z","level":"info","event":"{'name': 'B.o.B', 'id': '5ndkK3dpZLKtBklKjxNQwT', 'url': 'https://open.spotify.com/artist/5ndkK3dpZLKtBklKjxNQwT'}","chan":"stdout","logger":"task"}
{"timestamp":"2025-12-05T08:00:30.875150Z","level":"info","event":"https://musicbrainz.org/ws/2/url?resource=https://open.spotify.com/artist/5ndkK3dpZLKtBklKjxNQwT&inc=artist-rels&fmt=json","chan":"stdout","logger":"task"}
{"timestamp":"2025-12-05T08:00:30.977719Z","level":"info","event":"https://musicbrainz.org/ws/2/artist/94c338ff-1985-4429-9dc8-997b61bb5932?inc=tags&fmt=json","chan":"stdout","logger":"task"}
{"timestamp":"2025-12-05T08:00:32.258958Z","level":"info","event":"{'name': 'Wale', 'id': '67nwj3Y5sZQLl72VNUHEYE', 'url': 'https://open.spotify.com/artist/67nwj3Y5sZQLl72VNUHEYE'}","chan":"stdout","logger":"task"}
{"timestamp":"2025-12-05T08:00:32.261742Z","level":"info","event":"https://musicbrainz.org/ws/2/url?resource=https://open.spotify.com/artist/67nwj3Y5sZQLl72VNUHEYE&inc=artist-rels&fmt=json","chan":"stdout","logger":"task"}
{"timestamp":"2025-12-05T08:00:32.375730Z","level":"info","event":"https://musicbrainz.org/ws/2/artist/e34e41f2-f480-45d3-8190-a3ce5ab34fab?inc=tags&fmt=json","chan":"stdout","logger":"task"}
{"timestamp":"2025-12-05T08:00:32.482612Z","level":"info","event":"Rate limit hit. Retrying in 1s...","chan":"stdout","logger":"task"}
{"timestamp":"2025-12-05T08:00:33.627019Z","level":"info","event":"Rate limit hit. Retrying in 2s...","chan":"stdout","logger":"task"}
{"timestamp":"2025-12-05T08:00:36.789227Z","level":"info","event":"{'name': 'Miguel', 'id': '360IAlyVv4PCEVjgyMZrxK', 'url': 'https://open.spotify.com/artist/360IAlyVv4PCEVjgyMZrxK'}","chan":"stdout","logger":"task"}
{"timestamp":"2025-12-05T08:00:36.793951Z","level":"info","event":"https://musicbrainz.org/ws/2/url?resource=https://open.spotify.com/artist/360IAlyVv4PCEVjgyMZrxK&inc=artist-rels&fmt=json","chan":"stdout","logger":"task"}
{"timestamp":"2025-12-05T08:00:36.896985Z","level":"info","event":"https://musicbrainz.org/ws/2/artist/285e1285-aecc-478f-a8da-0c8cf69e1217?inc=tags&fmt=json","chan":"stdout","logger":"task"}
{"timestamp":"2025-12-05T08:00:38.052155Z","level":"info","event":"{'name': 'Jason Derulo', 'id': '07YZf4WDAMNwqr4jfgOZ8y', 'url': 'https://open.spotify.com/artist/07YZf4WDAMNwqr4jfgOZ8y'}","chan":"stdout","logger":"task"}
{"timestamp":"2025-12-05T08:00:38.058322Z","level":"info","event":"https://musicbrainz.org/ws/2/url?resource=https://open.spotify.com/artist/07YZf4WDAMNwqr4jfgOZ8y&inc=artist-rels&fmt=json","chan":"stdout","logger":"task"}
{"timestamp":"2025-12-05T08:00:38.170476Z","level":"info","event":"https://musicbrainz.org/ws/2/artist/6de0f914-3e60-4418-be3b-42e0feb6eb4d?inc=tags&fmt=json","chan":"stdout","logger":"task"}
{"timestamp":"2025-12-05T08:00:39.279006Z","level":"info","event":"{'name': 'Jason Aldean', 'id': '3FfvYsEGaIb52QPXhg4DcH', 'url': 'https://open.spotify.com/artist/3FfvYsEGaIb52QPXhg4DcH'}","chan":"stdout","logger":"task"}
{"timestamp":"2025-12-05T08:00:39.279760Z","level":"info","event":"https://musicbrainz.org/ws/2/url?resource=https://open.spotify.com/artist/3FfvYsEGaIb52QPXhg4DcH&inc=artist-rels&fmt=json","chan":"stdout","logger":"task"}
{"timestamp":"2025-12-05T08:00:39.389032Z","level":"info","event":"https://musicbrainz.org/ws/2/artist/f24df11a-7e35-4979-a4db-a3b2a170ce27?inc=tags&fmt=json","chan":"stdout","logger":"task"}
{"timestamp":"2025-12-05T08:00:40.504024Z","level":"info","event":"{'name': 'Zac Brown Band', 'id': '6yJCxee7QumYr820xdIsjo', 'url': 'https://open.spotify.com/artist/6yJCxee7QumYr820xdIsjo'}","chan":"stdout","logger":"task"}
{"timestamp":"2025-12-05T08:00:40.504552Z","level":"info","event":"https://musicbrainz.org/ws/2/url?resource=https://open.spotify.com/artist/6yJCxee7QumYr820xdIsjo&inc=artist-rels&fmt=json","chan":"stdout","logger":"task"}
{"timestamp":"2025-12-05T08:00:40.622224Z","level":"info","event":"https://musicbrainz.org/ws/2/artist/507226f4-0842-4f43-950e-81a7017230ec?inc=tags&fmt=json","chan":"stdout","logger":"task"}
{"timestamp":"2025-12-05T08:00:41.739889Z","level":"info","event":"{'name': 'David Nail', 'id': '4DZGvSv2oMkBUnPz67E6z6', 'url': 'https://open.spotify.com/artist/4DZGvSv2oMkBUnPz67E6z6'}","chan":"stdout","logger":"task"}
{"timestamp":"2025-12-05T08:00:41.741562Z","level":"info","event":"https://musicbrainz.org/ws/2/url?resource=https://open.spotify.com/artist/4DZGvSv2oMkBUnPz67E6z6&inc=artist-rels&fmt=json","chan":"stdout","logger":"task"}
{"timestamp":"2025-12-05T08:00:41.857367Z","level":"info","event":"https://musicbrainz.org/ws/2/artist/a73662ac-647d-4ca4-b26d-162a0d5c5a8e?inc=tags&fmt=json","chan":"stdout","logger":"task"}
{"timestamp":"2025-12-05T08:00:42.980328Z","level":"info","event":"{'name': 'Sarah Buxton', 'id': '2xTlb6eueddQmWsxImpDbP', 'url': 'https://open.spotify.com/artist/2xTlb6eueddQmWsxImpDbP'}","chan":"stdout","logger":"task"}
{"timestamp":"2025-12-05T08:00:42.981344Z","level":"info","event":"https://musicbrainz.org/ws/2/url?resource=https://open.spotify.com/artist/2xTlb6eueddQmWsxImpDbP&inc=artist-rels&fmt=json","chan":"stdout","logger":"task"}
{"timestamp":"2025-12-05T08:00:43.103802Z","level":"info","event":"https://musicbrainz.org/ws/2/artist/70462fb1-10ea-4f1f-8b35-84cf96d1740d?inc=tags&fmt=json","chan":"stdout","logger":"task"}
{"timestamp":"2025-12-05T08:00:44.218661Z","level":"info","event":"{'name': 'Christina Perri', 'id': '7H55rcKCfwqkyDFH9wpKM6', 'url': 'https://open.spotify.com/artist/7H55rcKCfwqkyDFH9wpKM6'}","chan":"stdout","logger":"task"}
{"timestamp":"2025-12-05T08:00:44.220630Z","level":"info","event":"https://musicbrainz.org/ws/2/url?resource=https://open.spotify.com/artist/7H55rcKCfwqkyDFH9wpKM6&inc=artist-rels&fmt=json","chan":"stdout","logger":"task"}
{"timestamp":"2025-12-05T08:00:44.333492Z","level":"info","event":"https://musicbrainz.org/ws/2/artist/38d363c7-fdcb-4308-9474-a0d14ab8d9b7?inc=tags&fmt=json","chan":"stdout","logger":"task"}
{"timestamp":"2025-12-05T08:00:45.442540Z","level":"info","event":"{'name': 'Chris Young', 'id': '4BYxqVkZyFjtik7crYLg5Q', 'url': 'https://open.spotify.com/artist/4BYxqVkZyFjtik7crYLg5Q'}","chan":"stdout","logger":"task"}
{"timestamp":"2025-12-05T08:00:45.443017Z","level":"info","event":"https://musicbrainz.org/ws/2/url?resource=https://open.spotify.com/artist/4BYxqVkZyFjtik7crYLg5Q&inc=artist-rels&fmt=json","chan":"stdout","logger":"task"}
{"timestamp":"2025-12-05T08:00:45.547278Z","level":"info","event":"Rate limit hit. Retrying in 1s...","chan":"stdout","logger":"task"}
{"timestamp":"2025-12-05T08:00:46.658831Z","level":"info","event":"https://musicbrainz.org/ws/2/artist/86de027e-097d-41b1-9b97-c0a69379ff4b?inc=tags&fmt=json","chan":"stdout","logger":"task"}
{"timestamp":"2025-12-05T08:00:47.775709Z","level":"info","event":"{'name': 'Outasight', 'id': '1zuG3w1Zgeou53fb3Vu3bO', 'url': 'https://open.spotify.com/artist/1zuG3w1Zgeou53fb3Vu3bO'}","chan":"stdout","logger":"task"}
{"timestamp":"2025-12-05T08:00:47.776420Z","level":"info","event":"https://musicbrainz.org/ws/2/url?resource=https://open.spotify.com/artist/1zuG3w1Zgeou53fb3Vu3bO&inc=artist-rels&fmt=json","chan":"stdout","logger":"task"}
{"timestamp":"2025-12-05T08:00:47.908816Z","level":"info","event":"HTTP 404: Not Found","chan":"stdout","logger":"task"}
{"timestamp":"2025-12-05T08:00:47.909041Z","level":"info","event":"unable to get mbid for https://open.spotify.com/artist/1zuG3w1Zgeou53fb3Vu3bO","chan":"stdout","logger":"task"}
{"timestamp":"2025-12-05T08:00:48.913471Z","level":"info","event":"{'name': 'The Band Perry', 'id': '75FnCoo4FBxH5K1Rrx0k5A', 'url': 'https://open.spotify.com/artist/75FnCoo4FBxH5K1Rrx0k5A'}","chan":"stdout","logger":"task"}
{"timestamp":"2025-12-05T08:00:48.918948Z","level":"info","event":"https://musicbrainz.org/ws/2/url?resource=https://open.spotify.com/artist/75FnCoo4FBxH5K1Rrx0k5A&inc=artist-rels&fmt=json","chan":"stdout","logger":"task"}
{"timestamp":"2025-12-05T08:00:49.045848Z","level":"info","event":"https://musicbrainz.org/ws/2/artist/28955336-2348-488a-9381-e3a7b0107343?inc=tags&fmt=json","chan":"stdout","logger":"task"}
{"timestamp":"2025-12-05T08:00:50.159300Z","level":"info","event":"{'name': 'Colbie Caillat', 'id': '6aZyMrc4doVtZyKNilOmwu', 'url': 'https://open.spotify.com/artist/6aZyMrc4doVtZyKNilOmwu'}","chan":"stdout","logger":"task"}
{"timestamp":"2025-12-05T08:00:50.160276Z","level":"info","event":"https://musicbrainz.org/ws/2/url?resource=https://open.spotify.com/artist/6aZyMrc4doVtZyKNilOmwu&inc=artist-rels&fmt=json","chan":"stdout","logger":"task"}
{"timestamp":"2025-12-05T08:00:50.283150Z","level":"info","event":"https://musicbrainz.org/ws/2/artist/efc8a006-d0c6-4a9b-8cb1-91ca770fa2b9?inc=tags&fmt=json","chan":"stdout","logger":"task"}
{"timestamp":"2025-12-05T08:00:51.415868Z","level":"info","event":"{'name': 'Neon Hitch', 'id': '2TnJ7VOpGzjtKUn0ObpEYe', 'url': 'https://open.spotify.com/artist/2TnJ7VOpGzjtKUn0ObpEYe'}","chan":"stdout","logger":"task"}
{"timestamp":"2025-12-05T08:00:51.418878Z","level":"info","event":"https://musicbrainz.org/ws/2/url?resource=https://open.spotify.com/artist/2TnJ7VOpGzjtKUn0ObpEYe&inc=artist-rels&fmt=json","chan":"stdout","logger":"task"}
{"timestamp":"2025-12-05T08:00:51.536867Z","level":"info","event":"https://musicbrainz.org/ws/2/artist/8386d976-933e-454c-8364-63f75dd7b7e2?inc=tags&fmt=json","chan":"stdout","logger":"task"}
{"timestamp":"2025-12-05T08:00:52.649708Z","level":"info","event":"{'name': 'Jake Owen', 'id': '1n2pb9Tsfe4SwAjmUac6YT', 'url': 'https://open.spotify.com/artist/1n2pb9Tsfe4SwAjmUac6YT'}","chan":"stdout","logger":"task"}
{"timestamp":"2025-12-05T08:00:52.651128Z","level":"info","event":"https://musicbrainz.org/ws/2/url?resource=https://open.spotify.com/artist/1n2pb9Tsfe4SwAjmUac6YT&inc=artist-rels&fmt=json","chan":"stdout","logger":"task"}
{"timestamp":"2025-12-05T08:00:52.770333Z","level":"info","event":"https://musicbrainz.org/ws/2/artist/508f4f83-26dc-4d21-98d9-1a8c04d5ad4a?inc=tags&fmt=json","chan":"stdout","logger":"task"}
{"timestamp":"2025-12-05T08:00:53.883944Z","level":"info","event":"{'name': 'Nelly', 'id': '2gBjLmx6zQnFGQJCAQpRgw', 'url': 'https://open.spotify.com/artist/2gBjLmx6zQnFGQJCAQpRgw'}","chan":"stdout","logger":"task"}
{"timestamp":"2025-12-05T08:00:53.892825Z","level":"info","event":"https://musicbrainz.org/ws/2/url?resource=https://open.spotify.com/artist/2gBjLmx6zQnFGQJCAQpRgw&inc=artist-rels&fmt=json","chan":"stdout","logger":"task"}
{"timestamp":"2025-12-05T08:00:54.076657Z","level":"info","event":"https://musicbrainz.org/ws/2/artist/811900b2-68fc-4d41-8bad-69b7a1f4d628?inc=tags&fmt=json","chan":"stdout","logger":"task"}
{"timestamp":"2025-12-05T08:00:55.214843Z","level":"info","event":"{'name': 'will.i.am', 'id': '085pc2PYOi8bGKj0PNjekA', 'url': 'https://open.spotify.com/artist/085pc2PYOi8bGKj0PNjekA'}","chan":"stdout","logger":"task"}
{"timestamp":"2025-12-05T08:00:55.216593Z","level":"info","event":"https://musicbrainz.org/ws/2/url?resource=https://open.spotify.com/artist/085pc2PYOi8bGKj0PNjekA&inc=artist-rels&fmt=json","chan":"stdout","logger":"task"}
{"timestamp":"2025-12-05T08:00:55.336276Z","level":"info","event":"https://musicbrainz.org/ws/2/artist/d574c9bd-46f6-440a-8d6a-8412a283eeb1?inc=tags&fmt=json","chan":"stdout","logger":"task"}
{"timestamp":"2025-12-05T08:00:56.451811Z","level":"info","event":"{'name': 'Mick Jagger', 'id': '3d2pb1dHTm8b61zAGVUVvO', 'url': 'https://open.spotify.com/artist/3d2pb1dHTm8b61zAGVUVvO'}","chan":"stdout","logger":"task"}
{"timestamp":"2025-12-05T08:00:56.453778Z","level":"info","event":"https://musicbrainz.org/ws/2/url?resource=https://open.spotify.com/artist/3d2pb1dHTm8b61zAGVUVvO&inc=artist-rels&fmt=json","chan":"stdout","logger":"task"}
{"timestamp":"2025-12-05T08:00:56.577925Z","level":"info","event":"Rate limit hit. Retrying in 1s...","chan":"stdout","logger":"task"}
{"timestamp":"2025-12-05T08:00:57.691624Z","level":"info","event":"https://musicbrainz.org/ws/2/artist/b5ffc3aa-b868-4b88-905f-d73d51dbe51c?inc=tags&fmt=json","chan":"stdout","logger":"task"}
{"timestamp":"2025-12-05T08:00:58.796849Z","level":"info","event":"{'name': 'Jennifer Lopez', 'id': '2DlGxzQSjYe5N6G9nkYghR', 'url': 'https://open.spotify.com/artist/2DlGxzQSjYe5N6G9nkYghR'}","chan":"stdout","logger":"task"}
{"timestamp":"2025-12-05T08:00:58.798237Z","level":"info","event":"https://musicbrainz.org/ws/2/url?resource=https://open.spotify.com/artist/2DlGxzQSjYe5N6G9nkYghR&inc=artist-rels&fmt=json","chan":"stdout","logger":"task"}
{"timestamp":"2025-12-05T08:00:58.914830Z","level":"info","event":"https://musicbrainz.org/ws/2/artist/f0602f55-1770-483d-89bd-4bae0d0ac086?inc=tags&fmt=json","chan":"stdout","logger":"task"}
{"timestamp":"2025-12-05T08:01:00.055917Z","level":"info","event":"{'name': 'Trey Songz', 'id': '2iojnBLj0qIMiKPvVhLnsH', 'url': 'https://open.spotify.com/artist/2iojnBLj0qIMiKPvVhLnsH'}","chan":"stdout","logger":"task"}
{"timestamp":"2025-12-05T08:01:00.056672Z","level":"info","event":"https://musicbrainz.org/ws/2/url?resource=https://open.spotify.com/artist/2iojnBLj0qIMiKPvVhLnsH&inc=artist-rels&fmt=json","chan":"stdout","logger":"task"}
{"timestamp":"2025-12-05T08:01:00.176108Z","level":"info","event":"https://musicbrainz.org/ws/2/artist/4d7304f6-7fe3-4959-9d98-01a5af84afe6?inc=tags&fmt=json","chan":"stdout","logger":"task"}
{"timestamp":"2025-12-05T08:01:01.295730Z","level":"info","event":"{'name': 'Kevin McCall', 'id': '2teIxF2qgr0rYmTTMKiZ7s', 'url': 'https://open.spotify.com/artist/2teIxF2qgr0rYmTTMKiZ7s'}","chan":"stdout","logger":"task"}
{"timestamp":"2025-12-05T08:01:01.296101Z","level":"info","event":"https://musicbrainz.org/ws/2/url?resource=https://open.spotify.com/artist/2teIxF2qgr0rYmTTMKiZ7s&inc=artist-rels&fmt=json","chan":"stdout","logger":"task"}
{"timestamp":"2025-12-05T08:01:01.406804Z","level":"info","event":"https://musicbrainz.org/ws/2/artist/727105fb-1a82-423f-9b3c-e29c7ea0fb4c?inc=tags&fmt=json","chan":"stdout","logger":"task"}
{"timestamp":"2025-12-05T08:01:02.518092Z","level":"info","event":"{'name': 'The Fray', 'id': '0zOcE3mg9nS6l3yxt1Y0bK', 'url': 'https://open.spotify.com/artist/0zOcE3mg9nS6l3yxt1Y0bK'}","chan":"stdout","logger":"task"}
{"timestamp":"2025-12-05T08:01:02.519477Z","level":"info","event":"https://musicbrainz.org/ws/2/url?resource=https://open.spotify.com/artist/0zOcE3mg9nS6l3yxt1Y0bK&inc=artist-rels&fmt=json","chan":"stdout","logger":"task"}
{"timestamp":"2025-12-05T08:01:02.629072Z","level":"info","event":"https://musicbrainz.org/ws/2/artist/2ddd167f-5b8a-4372-b350-6ad50493bac0?inc=tags&fmt=json","chan":"stdout","logger":"task"}
{"timestamp":"2025-12-05T08:01:03.820267Z","level":"info","event":"{'name': 'Scotty McCreery', 'id': '6ZV6lGY0prbqpTD0Md8i29', 'url': 'https://open.spotify.com/artist/6ZV6lGY0prbqpTD0Md8i29'}","chan":"stdout","logger":"task"}
{"timestamp":"2025-12-05T08:01:03.824281Z","level":"info","event":"https://musicbrainz.org/ws/2/url?resource=https://open.spotify.com/artist/6ZV6lGY0prbqpTD0Md8i29&inc=artist-rels&fmt=json","chan":"stdout","logger":"task"}
{"timestamp":"2025-12-05T08:01:03.946091Z","level":"info","event":"https://musicbrainz.org/ws/2/artist/2294c553-58e4-425b-8bab-bee01f2d477a?inc=tags&fmt=json","chan":"stdout","logger":"task"}
{"timestamp":"2025-12-05T08:01:05.078479Z","level":"info","event":"{'name': 'Rick Ross', 'id': '1sBkRIssrMs1AbVkOJbc7a', 'url': 'https://open.spotify.com/artist/1sBkRIssrMs1AbVkOJbc7a'}","chan":"stdout","logger":"task"}
{"timestamp":"2025-12-05T08:01:05.080037Z","level":"info","event":"https://musicbrainz.org/ws/2/url?resource=https://open.spotify.com/artist/1sBkRIssrMs1AbVkOJbc7a&inc=artist-rels&fmt=json","chan":"stdout","logger":"task"}
{"timestamp":"2025-12-05T08:01:05.193692Z","level":"info","event":"https://musicbrainz.org/ws/2/artist/13bcb2bb-db37-4397-baf5-e0f085be2d64?inc=tags&fmt=json","chan":"stdout","logger":"task"}
{"timestamp":"2025-12-05T08:01:06.303374Z","level":"info","event":"{'name': 'Beyoncé', 'id': '6vWDO969PvNqNYHIOW5v0m', 'url': 'https://open.spotify.com/artist/6vWDO969PvNqNYHIOW5v0m'}","chan":"stdout","logger":"task"}
{"timestamp":"2025-12-05T08:01:06.307594Z","level":"info","event":"https://musicbrainz.org/ws/2/url?resource=https://open.spotify.com/artist/6vWDO969PvNqNYHIOW5v0m&inc=artist-rels&fmt=json","chan":"stdout","logger":"task"}
{"timestamp":"2025-12-05T08:01:06.422869Z","level":"info","event":"https://musicbrainz.org/ws/2/artist/859d0860-d480-4efd-970c-c05d5f1776b8?inc=tags&fmt=json","chan":"stdout","logger":"task"}
{"timestamp":"2025-12-05T08:01:06.524798Z","level":"info","event":"Rate limit hit. Retrying in 1s...","chan":"stdout","logger":"task"}
{"timestamp":"2025-12-05T08:01:07.644615Z","level":"info","event":"Rate limit hit. Retrying in 2s...","chan":"stdout","logger":"task"}
{"timestamp":"2025-12-05T08:01:10.798743Z","level":"info","event":"{'name': 'André 3000', 'id': '74V3dE1a51skRkdII8y2C6', 'url': 'https://open.spotify.com/artist/74V3dE1a51skRkdII8y2C6'}","chan":"stdout","logger":"task"}
{"timestamp":"2025-12-05T08:01:10.803909Z","level":"info","event":"https://musicbrainz.org/ws/2/url?resource=https://open.spotify.com/artist/74V3dE1a51skRkdII8y2C6&inc=artist-rels&fmt=json","chan":"stdout","logger":"task"}
{"timestamp":"2025-12-05T08:01:10.909009Z","level":"info","event":"https://musicbrainz.org/ws/2/artist/f563a1a9-069b-41ed-8b3b-e1b1a6f5b34b?inc=tags&fmt=json","chan":"stdout","logger":"task"}
{"timestamp":"2025-12-05T08:01:12.026941Z","level":"info","event":"{'name': 'The Black Keys', 'id': '7mnBLXK823vNxN3UWB7Gfz', 'url': 'https://open.spotify.com/artist/7mnBLXK823vNxN3UWB7Gfz'}","chan":"stdout","logger":"task"}
{"timestamp":"2025-12-05T08:01:12.028479Z","level":"info","event":"https://musicbrainz.org/ws/2/url?resource=https://open.spotify.com/artist/7mnBLXK823vNxN3UWB7Gfz&inc=artist-rels&fmt=json","chan":"stdout","logger":"task"}
{"timestamp":"2025-12-05T08:01:12.149992Z","level":"info","event":"https://musicbrainz.org/ws/2/artist/d15721d8-56b4-453d-b506-fc915b14cba2?inc=tags&fmt=json","chan":"stdout","logger":"task"}
{"timestamp":"2025-12-05T08:01:13.256693Z","level":"info","event":"{'name': 'Avicii', 'id': '1vCWHaC5f2uS3yhpwWbIA6', 'url': 'https://open.spotify.com/artist/1vCWHaC5f2uS3yhpwWbIA6'}","chan":"stdout","logger":"task"}
{"timestamp":"2025-12-05T08:01:13.259693Z","level":"info","event":"https://musicbrainz.org/ws/2/url?resource=https://open.spotify.com/artist/1vCWHaC5f2uS3yhpwWbIA6&inc=artist-rels&fmt=json","chan":"stdout","logger":"task"}
{"timestamp":"2025-12-05T08:01:13.375372Z","level":"info","event":"https://musicbrainz.org/ws/2/artist/c85cfd6b-b1e9-4a50-bd55-eb725f04f7d5?inc=tags&fmt=json","chan":"stdout","logger":"task"}
{"timestamp":"2025-12-05T08:01:14.508015Z","level":"info","event":"{'name': 'Martina McBride', 'id': '3P33qFNGBVXl86yQYWspFj', 'url': 'https://open.spotify.com/artist/3P33qFNGBVXl86yQYWspFj'}","chan":"stdout","logger":"task"}
{"timestamp":"2025-12-05T08:01:14.509776Z","level":"info","event":"https://musicbrainz.org/ws/2/url?resource=https://open.spotify.com/artist/3P33qFNGBVXl86yQYWspFj&inc=artist-rels&fmt=json","chan":"stdout","logger":"task"}
{"timestamp":"2025-12-05T08:01:14.620548Z","level":"info","event":"https://musicbrainz.org/ws/2/artist/b0a55bd8-60c7-45c1-b78e-f20e4c8adba1?inc=tags&fmt=json","chan":"stdout","logger":"task"}
{"timestamp":"2025-12-05T08:01:15.730573Z","level":"info","event":"{'name': 'Justin Moore', 'id': '30e8DmahrEamvLbFRPdWmk', 'url': 'https://open.spotify.com/artist/30e8DmahrEamvLbFRPdWmk'}","chan":"stdout","logger":"task"}
{"timestamp":"2025-12-05T08:01:15.732328Z","level":"info","event":"https://musicbrainz.org/ws/2/url?resource=https://open.spotify.com/artist/30e8DmahrEamvLbFRPdWmk&inc=artist-rels&fmt=json","chan":"stdout","logger":"task"}
{"timestamp":"2025-12-05T08:01:15.851824Z","level":"info","event":"https://musicbrainz.org/ws/2/artist/ab5d785b-ff87-48b5-b9e1-027e3c21ec0d?inc=tags&fmt=json","chan":"stdout","logger":"task"}
{"timestamp":"2025-12-05T08:01:16.965901Z","level":"info","event":"{'name': 'Florence + The Machine', 'id': '1moxjboGR7GNWYIMWsRjgG', 'url': 'https://open.spotify.com/artist/1moxjboGR7GNWYIMWsRjgG'}","chan":"stdout","logger":"task"}
{"timestamp":"2025-12-05T08:01:16.968153Z","level":"info","event":"https://musicbrainz.org/ws/2/url?resource=https://open.spotify.com/artist/1moxjboGR7GNWYIMWsRjgG&inc=artist-rels&fmt=json","chan":"stdout","logger":"task"}
{"timestamp":"2025-12-05T08:01:17.091926Z","level":"info","event":"https://musicbrainz.org/ws/2/artist/5fee3020-513b-48c2-b1f7-4681b01db0c6?inc=tags&fmt=json","chan":"stdout","logger":"task"}
{"timestamp":"2025-12-05T08:01:18.212815Z","level":"info","event":"{'name': 'Skrillex', 'id': '5he5w2lnU9x7JFhnwcekXX', 'url': 'https://open.spotify.com/artist/5he5w2lnU9x7JFhnwcekXX'}","chan":"stdout","logger":"task"}
{"timestamp":"2025-12-05T08:01:18.215980Z","level":"info","event":"https://musicbrainz.org/ws/2/url?resource=https://open.spotify.com/artist/5he5w2lnU9x7JFhnwcekXX&inc=artist-rels&fmt=json","chan":"stdout","logger":"task"}
{"timestamp":"2025-12-05T08:01:18.339918Z","level":"info","event":"https://musicbrainz.org/ws/2/artist/ae002c5d-aac6-490b-a39a-30aa9e2edf2b?inc=tags&fmt=json","chan":"stdout","logger":"task"}
{"timestamp":"2025-12-05T08:01:19.470482Z","level":"info","event":"{'name': 'Sirah', 'id': '3oAazIwC0nAYkOKVQPUC38', 'url': 'https://open.spotify.com/artist/3oAazIwC0nAYkOKVQPUC38'}","chan":"stdout","logger":"task"}
{"timestamp":"2025-12-05T08:01:19.472836Z","level":"info","event":"https://musicbrainz.org/ws/2/url?resource=https://open.spotify.com/artist/3oAazIwC0nAYkOKVQPUC38&inc=artist-rels&fmt=json","chan":"stdout","logger":"task"}
{"timestamp":"2025-12-05T08:01:19.590173Z","level":"info","event":"Rate limit hit. Retrying in 1s...","chan":"stdout","logger":"task"}
{"timestamp":"2025-12-05T08:01:20.762766Z","level":"info","event":"https://musicbrainz.org/ws/2/artist/e451c0ae-5dbe-42d2-9830-9bc96efa3ea9?inc=tags&fmt=json","chan":"stdout","logger":"task"}
{"timestamp":"2025-12-05T08:01:22.032463Z","level":"info","event":"{'name': 'Jeezy', 'id': '4yBK75WVCQXej1p04GWqxH', 'url': 'https://open.spotify.com/artist/4yBK75WVCQXej1p04GWqxH'}","chan":"stdout","logger":"task"}
{"timestamp":"2025-12-05T08:01:22.034543Z","level":"info","event":"https://musicbrainz.org/ws/2/url?resource=https://open.spotify.com/artist/4yBK75WVCQXej1p04GWqxH&inc=artist-rels&fmt=json","chan":"stdout","logger":"task"}
{"timestamp":"2025-12-05T08:01:22.152827Z","level":"info","event":"https://musicbrainz.org/ws/2/artist/dcad99e7-3c3e-4c78-bf8a-68203e17da48?inc=tags&fmt=json","chan":"stdout","logger":"task"}
{"timestamp":"2025-12-05T08:01:23.268651Z","level":"info","event":"{'name': 'Keith Urban', 'id': '0u2FHSq3ln94y5Q57xazwf', 'url': 'https://open.spotify.com/artist/0u2FHSq3ln94y5Q57xazwf'}","chan":"stdout","logger":"task"}
{"timestamp":"2025-12-05T08:01:23.270018Z","level":"info","event":"https://musicbrainz.org/ws/2/url?resource=https://open.spotify.com/artist/0u2FHSq3ln94y5Q57xazwf&inc=artist-rels&fmt=json","chan":"stdout","logger":"task"}
{"timestamp":"2025-12-05T08:01:23.386444Z","level":"info","event":"https://musicbrainz.org/ws/2/artist/f45da029-7b00-4bf3-962c-0eeb20309cc4?inc=tags&fmt=json","chan":"stdout","logger":"task"}
{"timestamp":"2025-12-05T08:01:24.500631Z","level":"info","event":"{'name': 'Nickelback', 'id': '6deZN1bslXzeGvOLaLMOIF', 'url': 'https://open.spotify.com/artist/6deZN1bslXzeGvOLaLMOIF'}","chan":"stdout","logger":"task"}
{"timestamp":"2025-12-05T08:01:24.503029Z","level":"info","event":"https://musicbrainz.org/ws/2/url?resource=https://open.spotify.com/artist/6deZN1bslXzeGvOLaLMOIF&inc=artist-rels&fmt=json","chan":"stdout","logger":"task"}
{"timestamp":"2025-12-05T08:01:24.619500Z","level":"info","event":"https://musicbrainz.org/ws/2/artist/bc710bcf-8815-42cf-bad2-3f1d12246aeb?inc=tags&fmt=json","chan":"stdout","logger":"task"}
{"timestamp":"2025-12-05T08:01:25.742829Z","level":"info","event":"{'name': 'Dierks Bentley', 'id': '7x8nK0m0cP2ksQf0mjWdPS', 'url': 'https://open.spotify.com/artist/7x8nK0m0cP2ksQf0mjWdPS'}","chan":"stdout","logger":"task"}
{"timestamp":"2025-12-05T08:01:25.743988Z","level":"info","event":"https://musicbrainz.org/ws/2/url?resource=https://open.spotify.com/artist/7x8nK0m0cP2ksQf0mjWdPS&inc=artist-rels&fmt=json","chan":"stdout","logger":"task"}
{"timestamp":"2025-12-05T08:01:25.851539Z","level":"info","event":"https://musicbrainz.org/ws/2/artist/6bd7faa9-601f-44db-a2a6-239209f83156?inc=tags&fmt=json","chan":"stdout","logger":"task"}
{"timestamp":"2025-12-05T08:01:27.190528Z","level":"info","event":"{'name': 'Kenny Chesney', 'id': '3grHWM9bx2E9vwJCdlRv9O', 'url': 'https://open.spotify.com/artist/3grHWM9bx2E9vwJCdlRv9O'}","chan":"stdout","logger":"task"}
{"timestamp":"2025-12-05T08:01:27.193397Z","level":"info","event":"https://musicbrainz.org/ws/2/url?resource=https://open.spotify.com/artist/3grHWM9bx2E9vwJCdlRv9O&inc=artist-rels&fmt=json","chan":"stdout","logger":"task"}
{"timestamp":"2025-12-05T08:01:27.307789Z","level":"info","event":"https://musicbrainz.org/ws/2/artist/5dca4d22-d6c8-4e70-8ca1-4543e43353c7?inc=tags&fmt=json","chan":"stdout","logger":"task"}
{"timestamp":"2025-12-05T08:01:28.422350Z","level":"info","event":"{'name': 'Avril Lavigne', 'id': '0p4nmQO2msCgU4IF37Wi3j', 'url': 'https://open.spotify.com/artist/0p4nmQO2msCgU4IF37Wi3j'}","chan":"stdout","logger":"task"}
{"timestamp":"2025-12-05T08:01:28.424598Z","level":"info","event":"https://musicbrainz.org/ws/2/url?resource=https://open.spotify.com/artist/0p4nmQO2msCgU4IF37Wi3j&inc=artist-rels&fmt=json","chan":"stdout","logger":"task"}
{"timestamp":"2025-12-05T08:01:28.538273Z","level":"info","event":"https://musicbrainz.org/ws/2/artist/0103c1cc-4a09-4a5d-a344-56ad99a77193?inc=tags&fmt=json","chan":"stdout","logger":"task"}
{"timestamp":"2025-12-05T08:01:29.648015Z","level":"info","event":"{'name': 'Lee Brice', 'id': '5Zq7R5qmi58ByYyBQTlNuk', 'url': 'https://open.spotify.com/artist/5Zq7R5qmi58ByYyBQTlNuk'}","chan":"stdout","logger":"task"}
{"timestamp":"2025-12-05T08:01:29.649457Z","level":"info","event":"https://musicbrainz.org/ws/2/url?resource=https://open.spotify.com/artist/5Zq7R5qmi58ByYyBQTlNuk&inc=artist-rels&fmt=json","chan":"stdout","logger":"task"}
{"timestamp":"2025-12-05T08:01:29.763931Z","level":"info","event":"https://musicbrainz.org/ws/2/artist/48a6d065-1fda-4280-ae39-df1394d419cd?inc=tags&fmt=json","chan":"stdout","logger":"task"}
{"timestamp":"2025-12-05T08:01:29.876721Z","level":"info","event":"Rate limit hit. Retrying in 1s...","chan":"stdout","logger":"task"}
{"timestamp":"2025-12-05T08:01:32.001349Z","level":"info","event":"{'name': 'Hunter Hayes', 'id': '7H6dkUChT5EoOQtUVMg4cN', 'url': 'https://open.spotify.com/artist/7H6dkUChT5EoOQtUVMg4cN'}","chan":"stdout","logger":"task"}
{"timestamp":"2025-12-05T08:01:32.004311Z","level":"info","event":"https://musicbrainz.org/ws/2/url?resource=https://open.spotify.com/artist/7H6dkUChT5EoOQtUVMg4cN&inc=artist-rels&fmt=json","chan":"stdout","logger":"task"}
{"timestamp":"2025-12-05T08:01:32.117125Z","level":"info","event":"https://musicbrainz.org/ws/2/artist/0c75ddc6-2b5d-4b01-8c99-3d9479a14683?inc=tags&fmt=json","chan":"stdout","logger":"task"}
{"timestamp":"2025-12-05T08:01:33.226895Z","level":"info","event":"{'name': '3OH!3', 'id': '0FWzNDaEu9jdgcYTbcOa4F', 'url': 'https://open.spotify.com/artist/0FWzNDaEu9jdgcYTbcOa4F'}","chan":"stdout","logger":"task"}
{"timestamp":"2025-12-05T08:01:33.227295Z","level":"info","event":"https://musicbrainz.org/ws/2/url?resource=https://open.spotify.com/artist/0FWzNDaEu9jdgcYTbcOa4F&inc=artist-rels&fmt=json","chan":"stdout","logger":"task"}
{"timestamp":"2025-12-05T08:01:33.440195Z","level":"info","event":"https://musicbrainz.org/ws/2/artist/125948ec-7f91-4d1a-8b83-accbf50fae3d?inc=tags&fmt=json","chan":"stdout","logger":"task"}
{"timestamp":"2025-12-05T08:01:34.649729Z","level":"info","event":"{'name': 'Mac Miller', 'id': '4LLpKhyESsyAXpc4laK94U', 'url': 'https://open.spotify.com/artist/4LLpKhyESsyAXpc4laK94U'}","chan":"stdout","logger":"task"}
{"timestamp":"2025-12-05T08:01:34.651649Z","level":"info","event":"https://musicbrainz.org/ws/2/url?resource=https://open.spotify.com/artist/4LLpKhyESsyAXpc4laK94U&inc=artist-rels&fmt=json","chan":"stdout","logger":"task"}
{"timestamp":"2025-12-05T08:01:34.759536Z","level":"info","event":"https://musicbrainz.org/ws/2/artist/a0e8a1b1-5f8f-475a-a253-17415c17d0ff?inc=tags&fmt=json","chan":"stdout","logger":"task"}
{"timestamp":"2025-12-05T08:01:35.877005Z","level":"info","event":"{'name': 'Edens Edge', 'id': '6KAwb5D0KanI575XxOucMt', 'url': 'https://open.spotify.com/artist/6KAwb5D0KanI575XxOucMt'}","chan":"stdout","logger":"task"}
{"timestamp":"2025-12-05T08:01:35.881254Z","level":"info","event":"https://musicbrainz.org/ws/2/url?resource=https://open.spotify.com/artist/6KAwb5D0KanI575XxOucMt&inc=artist-rels&fmt=json","chan":"stdout","logger":"task"}
{"timestamp":"2025-12-05T08:01:36.067145Z","level":"info","event":"HTTP 404: Not Found","chan":"stdout","logger":"task"}
{"timestamp":"2025-12-05T08:01:36.067878Z","level":"info","event":"unable to get mbid for https://open.spotify.com/artist/6KAwb5D0KanI575XxOucMt","chan":"stdout","logger":"task"}
{"timestamp":"2025-12-05T08:01:37.077535Z","level":"info","event":"{'name': 'fun.', 'id': '5nCi3BB41mBaMH9gfr6Su0', 'url': 'https://open.spotify.com/artist/5nCi3BB41mBaMH9gfr6Su0'}","chan":"stdout","logger":"task"}
{"timestamp":"2025-12-05T08:01:37.078128Z","level":"info","event":"https://musicbrainz.org/ws/2/url?resource=https://open.spotify.com/artist/5nCi3BB41mBaMH9gfr6Su0&inc=artist-rels&fmt=json","chan":"stdout","logger":"task"}
{"timestamp":"2025-12-05T08:01:37.191083Z","level":"info","event":"https://musicbrainz.org/ws/2/artist/136c4166-85b3-4994-aa04-59857c434199?inc=tags&fmt=json","chan":"stdout","logger":"task"}
{"timestamp":"2025-12-05T08:01:38.308008Z","level":"info","event":"{'name': 'Janelle Monáe', 'id': '6ueGR6SWhUJfvEhqkvMsVs', 'url': 'https://open.spotify.com/artist/6ueGR6SWhUJfvEhqkvMsVs'}","chan":"stdout","logger":"task"}
{"timestamp":"2025-12-05T08:01:38.308940Z","level":"info","event":"https://musicbrainz.org/ws/2/url?resource=https://open.spotify.com/artist/6ueGR6SWhUJfvEhqkvMsVs&inc=artist-rels&fmt=json","chan":"stdout","logger":"task"}
{"timestamp":"2025-12-05T08:01:38.424285Z","level":"info","event":"https://musicbrainz.org/ws/2/artist/ee190f6b-7d98-43ec-b924-da5f8018eca0?inc=tags&fmt=json","chan":"stdout","logger":"task"}
{"timestamp":"2025-12-05T08:01:39.537951Z","level":"info","event":"{'name': 'Sia', 'id': '5WUlDfRSoLAfcVSX1WnrxN', 'url': 'https://open.spotify.com/artist/5WUlDfRSoLAfcVSX1WnrxN'}","chan":"stdout","logger":"task"}
{"timestamp":"2025-12-05T08:01:39.540362Z","level":"info","event":"https://musicbrainz.org/ws/2/url?resource=https://open.spotify.com/artist/5WUlDfRSoLAfcVSX1WnrxN&inc=artist-rels&fmt=json","chan":"stdout","logger":"task"}
{"timestamp":"2025-12-05T08:01:39.651996Z","level":"info","event":"https://musicbrainz.org/ws/2/artist/2f548675-008d-4332-876c-108b0c7ab9c5?inc=tags&fmt=json","chan":"stdout","logger":"task"}
{"timestamp":"2025-12-05T08:01:40.762014Z","level":"info","event":"{'name': 'Gotye', 'id': '2AsusXITU8P25dlRNhcAbG', 'url': 'https://open.spotify.com/artist/2AsusXITU8P25dlRNhcAbG'}","chan":"stdout","logger":"task"}
{"timestamp":"2025-12-05T08:01:40.766047Z","level":"info","event":"https://musicbrainz.org/ws/2/url?resource=https://open.spotify.com/artist/2AsusXITU8P25dlRNhcAbG&inc=artist-rels&fmt=json","chan":"stdout","logger":"task"}
{"timestamp":"2025-12-05T08:01:40.907426Z","level":"info","event":"https://musicbrainz.org/ws/2/artist/6f6fd596-76e0-4b82-aa37-f558ac2d337b?inc=tags&fmt=json","chan":"stdout","logger":"task"}
{"timestamp":"2025-12-05T08:01:42.036949Z","level":"info","event":"{'name': 'Kimbra', 'id': '6hk7Yq1DU9QcCCrz9uc0Ti', 'url': 'https://open.spotify.com/artist/6hk7Yq1DU9QcCCrz9uc0Ti'}","chan":"stdout","logger":"task"}
{"timestamp":"2025-12-05T08:01:42.040832Z","level":"info","event":"https://musicbrainz.org/ws/2/url?resource=https://open.spotify.com/artist/6hk7Yq1DU9QcCCrz9uc0Ti&inc=artist-rels&fmt=json","chan":"stdout","logger":"task"}
{"timestamp":"2025-12-05T08:01:42.185126Z","level":"info","event":"https://musicbrainz.org/ws/2/artist/fad2875e-ba81-4637-b859-4684622dcb1c?inc=tags&fmt=json","chan":"stdout","logger":"task"}
{"timestamp":"2025-12-05T08:01:43.370674Z","level":"info","event":"{'name': 'Ellie Goulding', 'id': '0X2BH1fck6amBIoJhDVmmJ', 'url': 'https://open.spotify.com/artist/0X2BH1fck6amBIoJhDVmmJ'}","chan":"stdout","logger":"task"}
{"timestamp":"2025-12-05T08:01:43.380397Z","level":"info","event":"https://musicbrainz.org/ws/2/url?resource=https://open.spotify.com/artist/0X2BH1fck6amBIoJhDVmmJ&inc=artist-rels&fmt=json","chan":"stdout","logger":"task"}
{"timestamp":"2025-12-05T08:01:43.532311Z","level":"info","event":"https://musicbrainz.org/ws/2/artist/33ca19f4-18c8-4411-98df-ac23890ce9f5?inc=tags&fmt=json","chan":"stdout","logger":"task"}
{"timestamp":"2025-12-05T08:01:44.707471Z","level":"info","event":"{'name': 'Brad Paisley', 'id': '13YmWQJFwgZrd4bf5IjMY4', 'url': 'https://open.spotify.com/artist/13YmWQJFwgZrd4bf5IjMY4'}","chan":"stdout","logger":"task"}
{"timestamp":"2025-12-05T08:01:44.708203Z","level":"info","event":"https://musicbrainz.org/ws/2/url?resource=https://open.spotify.com/artist/13YmWQJFwgZrd4bf5IjMY4&inc=artist-rels&fmt=json","chan":"stdout","logger":"task"}
{"timestamp":"2025-12-05T08:01:44.818469Z","level":"info","event":"https://musicbrainz.org/ws/2/artist/6cfd7ffc-824f-4219-8e27-4b9417700f44?inc=tags&fmt=json","chan":"stdout","logger":"task"}
{"timestamp":"2025-12-05T08:01:45.925169Z","level":"info","event":"{'name': 'Montgomery Gentry', 'id': '3bGXaFVQLASmDMdjjeJr8a', 'url': 'https://open.spotify.com/artist/3bGXaFVQLASmDMdjjeJr8a'}","chan":"stdout","logger":"task"}
{"timestamp":"2025-12-05T08:01:45.926094Z","level":"info","event":"https://musicbrainz.org/ws/2/url?resource=https://open.spotify.com/artist/3bGXaFVQLASmDMdjjeJr8a&inc=artist-rels&fmt=json","chan":"stdout","logger":"task"}
{"timestamp":"2025-12-05T08:01:46.072171Z","level":"info","event":"https://musicbrainz.org/ws/2/artist/d39f9276-32c1-4b84-9389-d77dbc3801ae?inc=tags&fmt=json","chan":"stdout","logger":"task"}
{"timestamp":"2025-12-05T08:01:47.218356Z","level":"info","event":"{'name': 'Waka Flocka Flame', 'id': '6f4XkbvYlXMH0QgVRzW0sM', 'url': 'https://open.spotify.com/artist/6f4XkbvYlXMH0QgVRzW0sM'}","chan":"stdout","logger":"task"}
{"timestamp":"2025-12-05T08:01:47.218605Z","level":"info","event":"https://musicbrainz.org/ws/2/url?resource=https://open.spotify.com/artist/6f4XkbvYlXMH0QgVRzW0sM&inc=artist-rels&fmt=json","chan":"stdout","logger":"task"}
{"timestamp":"2025-12-05T08:01:47.322137Z","level":"info","event":"https://musicbrainz.org/ws/2/artist/59eda569-b380-4958-b98c-051d1667b3e1?inc=tags&fmt=json","chan":"stdout","logger":"task"}
{"timestamp":"2025-12-05T08:01:48.450933Z","level":"info","event":"{'name': 'Jeremih', 'id': '3KV3p5EY4AvKxOlhGHORLg', 'url': 'https://open.spotify.com/artist/3KV3p5EY4AvKxOlhGHORLg'}","chan":"stdout","logger":"task"}
{"timestamp":"2025-12-05T08:01:48.461065Z","level":"info","event":"https://musicbrainz.org/ws/2/url?resource=https://open.spotify.com/artist/3KV3p5EY4AvKxOlhGHORLg&inc=artist-rels&fmt=json","chan":"stdout","logger":"task"}
{"timestamp":"2025-12-05T08:01:48.570122Z","level":"info","event":"https://musicbrainz.org/ws/2/artist/1c009a08-74d1-4682-bc56-8bfbe9e66b62?inc=tags&fmt=json","chan":"stdout","logger":"task"}
{"timestamp":"2025-12-05T08:01:49.679809Z","level":"info","event":"Fetching audio details for 100 songs...","chan":"stdout","logger":"task"}
{"timestamp":"2025-12-05T08:01:49.680700Z","level":"info","event":"  Fetching batch 1/3 (40 songs)...","chan":"stdout","logger":"task"}
{"timestamp":"2025-12-05T08:01:50.664195Z","level":"info","event":"  Retrieved 24 song details","chan":"stdout","logger":"task"}
{"timestamp":"2025-12-05T08:01:52.678258Z","level":"info","event":"  Fetching batch 2/3 (40 songs)...","chan":"stdout","logger":"task"}
{"timestamp":"2025-12-05T08:01:53.744601Z","level":"info","event":"  Retrieved 30 song details","chan":"stdout","logger":"task"}
{"timestamp":"2025-12-05T08:01:55.750955Z","level":"info","event":"  Fetching batch 3/3 (20 songs)...","chan":"stdout","logger":"task"}
{"timestamp":"2025-12-05T08:01:56.291856Z","level":"info","event":"  Retrieved 12 song details","chan":"stdout","logger":"task"}
{"timestamp":"2025-12-05T08:01:56.292571Z","level":"info","event":"Fetching audio analysis for 66 songs...","chan":"stdout","logger":"task"}
{"timestamp":"2025-12-05T08:02:06.324046Z","level":"info","event":"  Processing audio analysis 10/66...","chan":"stdout","logger":"task"}
{"timestamp":"2025-12-05T08:02:19.275728Z","level":"info","event":"  Processing audio analysis 20/66...","chan":"stdout","logger":"task"}
{"timestamp":"2025-12-05T08:02:30.889201Z","level":"info","event":"  Processing audio analysis 30/66...","chan":"stdout","logger":"task"}
{"timestamp":"2025-12-05T08:02:42.444662Z","level":"info","event":"  Processing audio analysis 40/66...","chan":"stdout","logger":"task"}
{"timestamp":"2025-12-05T08:02:53.521570Z","level":"info","event":"  Processing audio analysis 50/66...","chan":"stdout","logger":"task"}
{"timestamp":"2025-12-05T08:03:04.706406Z","level":"info","event":"  Processing audio analysis 60/66...","chan":"stdout","logger":"task"}
{"timestamp":"2025-12-05T08:03:11.863759Z","level":"info","event":"Completed fetching audio details for 66 songs","chan":"stdout","logger":"task"}
{"timestamp":"2025-12-05T08:03:11.911022Z","level":"info","event":"DEBUG: DATABASE_URL value: postgresql+psycopg2:****@postgres/music_warehouse","chan":"stdout","logger":"task"}
{"timestamp":"2025-12-05T08:03:11.968240Z","level":"info","event":"TYPE OF ENGINE: <class 'sqlalchemy.engine.base.Engine'>","chan":"stdout","logger":"task"}
{"timestamp":"2025-12-05T08:03:11.968534Z","level":"info","event":"ENGINE DIR: ['__class__', '__delattr__', '__dict__', '__dir__', '__doc__', '__eq__', '__format__', '__ge__', '__getattribute__', '__getstate__', '__gt__', '__hash__', '__init__', '__init_subclass__', '__le__', '__lt__', '__module__', '__ne__', '__new__', '__reduce__', '__reduce_ex__', '__repr__', '__setattr__', '__sizeof__', '__str__', '__subclasshook__', '__weakref__', '_compiled_cache', '_connection_cls', '_echo', '_execute_clauseelement', '_execute_compiled', '_execute_default', '_execution_options', '_has_events', '_is_future', '_lru_size_alert', '_option_cls', '_optional_conn_ctx_manager', '_run_ddl_visitor', '_run_visitor', '_schema_translate_map', '_should_log_debug', '_should_log_info', '_sqla_logger_namespace', '_trans_ctx', '_wrap_pool_connect', 'begin', 'clear_compiled_cache', 'connect', 'dialect', 'dispatch', 'dispose', 'driver', 'echo', 'engine', 'execute', 'execution_options', 'get_execution_options', 'has_table', 'hide_parameters', 'logger', 'logging_name', 'name', 'pool', 'raw_connection', 'run_callable', 'scalar', 'table_names', 'transaction', 'update_execution_options', 'url']","chan":"stdout","logger":"task"}
{"timestamp":"2025-12-05T08:03:11.968687Z","level":"info","event":"IS SQLALCHEMY ENGINE: True","chan":"stdout","logger":"task"}
{"timestamp":"2025-12-05T08:03:11.968791Z","level":"info","event":"Database connection successful","chan":"stdout","logger":"task"}
{"timestamp":"2025-12-05T08:03:11.968879Z","level":"info","event":"Loading chart_weeks (1 rows)...","chan":"stdout","logger":"task"}
{"timestamp":"2025-12-05T08:03:12.015359Z","level":"info","event":"  Exported CSV to data_exports/chart_weeks.csv","chan":"stdout","logger":"task"}
{"timestamp":"2025-12-05T08:03:12.017986Z","level":"info","event":"Loading songs (100 rows)...","chan":"stdout","logger":"task"}
{"timestamp":"2025-12-05T08:03:12.042151Z","level":"info","event":"  Exported CSV to data_exports/songs.csv","chan":"stdout","logger":"task"}
{"timestamp":"2025-12-05T08:03:12.043013Z","level":"info","event":"Loading artists (105 rows)...","chan":"stdout","logger":"task"}
{"timestamp":"2025-12-05T08:03:12.053526Z","level":"info","event":"  Exported CSV to data_exports/artists.csv","chan":"stdout","logger":"task"}
{"timestamp":"2025-12-05T08:03:12.053633Z","level":"info","event":"Loading song_artists (147 rows)...","chan":"stdout","logger":"task"}
{"timestamp":"2025-12-05T08:03:12.060119Z","level":"info","event":"  Exported CSV to data_exports/song_artists.csv","chan":"stdout","logger":"task"}
{"timestamp":"2025-12-05T08:03:12.060353Z","level":"info","event":"Loading chart_entries (100 rows)...","chan":"stdout","logger":"task"}
{"timestamp":"2025-12-05T08:03:12.075073Z","level":"info","event":"  Exported CSV to data_exports/chart_entries.csv","chan":"stdout","logger":"task"}
{"timestamp":"2025-12-05T08:03:12.078359","level":"info","event":"Done. Returned value was: None","logger":"airflow.task.operators.airflow.providers.standard.operators.python.PythonOperator"}
{"timestamp":"2025-12-05T08:03:12.147150Z","level":"info","event":"Task instance in success state","chan":"stdout","logger":"task"}
{"timestamp":"2025-12-05T08:03:12.148230Z","level":"info","event":" Previous state of the Task instance: TaskInstanceState.RUNNING","chan":"stdout","logger":"task"}
{"timestamp":"2025-12-05T08:03:12.148486Z","level":"info","event":"Task operator:<Task(PythonOperator): load_music_data>","chan":"stdout","logger":"task"}
